
==============================================================================================================
ALPHA HUNTER V7.5 24H EPISODE FINALIZER
==============================================================================================================
SKIP   ADAUSDT        quality=LEGACY_PARTIAL    age= 220.64H
SKIP   DOGEUSDT       quality=LEGACY_PARTIAL    age= 220.64H
SKIP   SKYAIUSDT      quality=LEGACY_PARTIAL    age= 220.64H
SKIP   SOLUSDT        quality=LEGACY_PARTIAL    age= 220.64H
SKIP   SUIUSDT        quality=LEGACY_PARTIAL    age= 220.64H
SKIP   COOKIEUSDT     quality=LEGACY_PARTIAL    age= 220.64H
SKIP   BTWUSDT        quality=LEGACY_PARTIAL    age= 220.64H
SKIP   CYSUSDT        quality=LEGACY_PARTIAL    age= 220.64H
SKIP   GWEIUSDT       quality=LEGACY_PARTIAL    age= 214.48H
SKIP   BICOUSDT       quality=LEGACY_PARTIAL    age= 214.48H
SKIP   SUIUSDT        quality=LEGACY_PARTIAL    age= 214.48H
SKIP   MMTUSDT        quality=LEGACY_PARTIAL    age= 214.48H
SKIP   IOTXUSDT       quality=LEGACY_PARTIAL    age= 214.48H
SKIP   FORMUSDT       quality=LEGACY_PARTIAL    age=  97.23H
SKIP   JTOUSDT        quality=LEGACY_PARTIAL    age=  97.23H
SKIP   4USDT          quality=LEGACY_PARTIAL    age=  97.23H
SKIP   MUBARAKUSDT    quality=LEGACY_PARTIAL    age=  97.23H
SKIP   PUMPUSDT       quality=LEGACY_PARTIAL    age=  96.17H
SKIP   HYPEUSDT       quality=LEGACY_PARTIAL    age=  87.37H
SKIP   ACUUSDT        quality=LEGACY_PARTIAL    age=  87.37H
SKIP   BTWUSDT        quality=LEGACY_PARTIAL    age=  86.35H
SKIP   AEONUSDT       quality=LEGACY_PARTIAL    age=  86.35H
FINAL  HYPEUSDT       direction=NONE  UP=    2.82% DOWN=   -0.94% class=NO_EXPANSION
FINAL  LINKUSDT       direction=NONE  UP=    0.55% DOWN=   -1.85% class=NO_EXPANSION
WAIT   HYPEUSDT       age=  23.01H UP=    2.40% DOWN=   -1.35%
WAIT   CHIPUSDT       age=  23.01H UP=    6.73% DOWN=   -5.32%
WAIT   ETHUSDT        age=  23.01H UP=    1.00% DOWN=   -0.96%
WAIT   BTWUSDT        age=  23.01H UP=   18.01% DOWN=   -3.49%
WAIT   ZECUSDT        age=  18.51H UP=    0.76% DOWN=   -1.92%
WAIT   HYPEUSDT       age=  18.51H UP=    2.16% DOWN=   -1.57%
WAIT   PUMPUSDT       age=  18.51H UP=    6.34% DOWN=   -0.22%
WAIT   LINKUSDT       age=  18.51H UP=    2.07% DOWN=   -0.03%
WAIT   BTWUSDT        age=  18.51H UP=   20.03% DOWN=   -1.05%
WAIT   GPSUSDT        age=  17.62H UP=   11.21% DOWN=   -4.20%
WAIT   CHIPUSDT       age=  17.62H UP=    3.58% DOWN=   -8.12%
WAIT   DIAUSDT        age=  16.84H UP=    6.10% DOWN=   -2.57%
WAIT   ETHUSDT        age=  16.84H UP=    1.40% DOWN=   -0.21%
WAIT   AEONUSDT       age=  16.84H UP=    2.91% DOWN=   -7.90%
WAIT   BTWUSDT        age=  14.66H UP=   20.19% DOWN=   -0.30%
WAIT   DIAUSDT        age=  13.81H UP=    7.04% DOWN=   -0.49%
WAIT   SOLUSDT        age=  13.81H UP=    1.71% DOWN=   -0.38%
WAIT   BTCUSDT        age=  10.01H UP=    1.07% DOWN=   -0.52%
WAIT   AEONUSDT       age=  10.01H UP=    2.13% DOWN=   -7.69%
WAIT   ZECUSDT        age=  10.01H UP=    1.52% DOWN=   -1.19%
WAIT   PUMPUSDT       age=  10.01H UP=    4.52% DOWN=   -1.46%
WAIT   DIAUSDT        age=  10.01H UP=    2.40% DOWN=   -2.71%
WAIT   GPSUSDT        age=   6.86H UP=    8.42% DOWN=   -1.12%
WAIT   BTWUSDT        age=   6.86H UP=    9.60% DOWN=   -2.97%
WAIT   PUMPUSDT       age=   6.86H UP=    3.53% DOWN=   -1.91%
WAIT   HYPEUSDT       age=   6.86H UP=    0.14% DOWN=   -2.09%
WAIT   LINKUSDT       age=   6.86H UP=    0.87% DOWN=   -0.31%
WAIT   CHIPUSDT       age=   6.86H UP=    2.86% DOWN=   -2.93%
WAIT   ZECUSDT        age=   6.86H UP=    1.38% DOWN=   -1.11%
WAIT   BTCUSDT        age=   2.78H UP=    0.08% DOWN=   -0.29%
WAIT   ZECUSDT        age=   2.78H UP=    1.02% DOWN=   -0.10%
WAIT   GPSUSDT        age=   2.78H UP=    1.02% DOWN=   -3.51%
WAIT   BTWUSDT        age=   2.78H UP=    4.35% DOWN=    0.00%
WAIT   HYPEUSDT       age=   1.98H UP=    0.43% DOWN=   -0.58%
WAIT   HYPEUSDT       age=   1.92H UP=    0.22% DOWN=   -0.78%
WAIT   LUMIAUSDT      age=   1.92H UP=    1.18% DOWN=   -0.25%
WAIT   SOLUSDT        age=   1.92H UP=    1.30% DOWN=    0.00%
WAIT   ONGUSDT        age=   1.92H UP=    0.57% DOWN=   -4.75%
WAIT   LINKUSDT       age=   1.92H UP=    1.31% DOWN=    0.00%
WAIT   PUMPUSDT       age=   0.02H UP=    0.00% DOWN=   -0.07%

==============================================================================================================
FINALIZER SUMMARY
==============================================================================================================
Episodes: 147
Finalized this run: 2
Waiting for 24H: 40
Legacy partial skipped: 22
Already finalized: 83
Supabase rows upserted: 147

V7.5 EPISODE FINALIZER: PASS
