V7.5 state restored from Supabase: 146

ALPHA HUNTER V7.5 OPPORTUNITY LIFECYCLE
Run ID: 1a8db6b31c37b9fedbf2a027322638e7
Timestamp: 2026-08-18T21:28:39.182374+00:00
Lifecycle candidates: 3

NEW    PUMPUSDT       CONTINUATION  state=DIRECTION_EMERGING   det=1   v74=11.22 rank=1 shadow= 0.00 provisional=ACTIVE final=PENDING
UPDATE ZECUSDT        REVERSAL      state=PRE_MOVE_DETECTED    det=3   v74=11.08 rank=2 shadow= 7.36 provisional=ACTIVE final=PENDING
UPDATE BTCUSDT        CONTINUATION  state=DIRECTION_EMERGING   det=3   v74= 8.73 rank=4 shadow= 0.00 provisional=ACTIVE final=PENDING

Supabase lifecycle rows upserted: 147
Supabase lifecycle row count: 147

====================================================================================================
V7.5 LIFECYCLE SUMMARY
====================================================================================================
Episodes stored: 147
Created this run: 1
Updated this run: 2
Active episodes: 147

STATE COUNTS
DIRECTION_EMERGING       17
EXPANSION                3
FINALIZED                83
PRE_MOVE_DETECTED        44

State file: /home/runner/work/Alpha-Hunter/Alpha-Hunter/data/v75-lifecycle-episodes.json
History file: /home/runner/work/Alpha-Hunter/Alpha-Hunter/data/v75-lifecycle-history.jsonl

V7.5 LIFECYCLE JOB: PASS
