
==============================================================================================================
ALPHA HUNTER V7.5 INDEPENDENT EPISODE MARKET TRACKER
==============================================================================================================
Episodes stored: 147
Active episodes: 64

ADAUSDT        REVERSAL      now=  -12.54% UP=    0.00% DOWN=  -12.70% 3=Y 5=Y 10=Y checks=42
DOGEUSDT       CONTINUATION  now=   -0.69% UP=    0.00% DOWN=   -2.32% 3=- 5=- 10=- checks=42
SKYAIUSDT      REVERSAL      now=  -48.07% UP=    0.00% DOWN=  -48.62% 3=Y 5=Y 10=Y checks=42
SOLUSDT        CONTINUATION  now=   -0.43% UP=    0.19% DOWN=   -4.13% 3=Y 5=- 10=- checks=42
SUIUSDT        CONTINUATION  now=   -7.01% UP=    0.00% DOWN=   -7.26% 3=Y 5=Y 10=- checks=42
COOKIEUSDT     CONTINUATION  now=  -17.56% UP=    0.00% DOWN=  -17.79% 3=Y 5=Y 10=Y checks=42
BTWUSDT        CONTINUATION  now=  101.69% UP=  107.11% DOWN=    0.00% 3=Y 5=Y 10=Y checks=42
CYSUSDT        CONTINUATION  now=  -50.08% UP=   78.38% DOWN=  -50.85% 3=Y 5=Y 10=Y checks=42
GWEIUSDT       REVERSAL      now=   -2.52% UP=   17.67% DOWN=   -2.98% 3=Y 5=Y 10=Y checks=42
BICOUSDT       REVERSAL      now=  -59.92% UP=    0.00% DOWN=  -60.61% 3=Y 5=Y 10=Y checks=42
SUIUSDT        CONTINUATION  now=   -5.91% UP=    0.00% DOWN=   -6.16% 3=Y 5=Y 10=- checks=42
MMTUSDT        REVERSAL      now=  -17.84% UP=    0.00% DOWN=  -17.89% 3=Y 5=Y 10=Y checks=42
IOTXUSDT       REVERSAL      now=  -10.99% UP=    0.00% DOWN=  -11.34% 3=Y 5=Y 10=Y checks=42
FORMUSDT       REVERSAL      now=   -7.14% UP=    0.00% DOWN=   -7.88% 3=Y 5=Y 10=- checks=42
JTOUSDT        REVERSAL      now=   -0.16% UP=    8.18% DOWN=   -0.43% 3=Y 5=Y 10=- checks=42
4USDT          REVERSAL      now=  -18.17% UP=    0.00% DOWN=  -22.21% 3=Y 5=Y 10=Y checks=42
MUBARAKUSDT    REVERSAL      now=  -14.93% UP=    0.00% DOWN=  -24.10% 3=Y 5=Y 10=Y checks=42
PUMPUSDT       REVERSAL      now=    2.29% UP=    3.53% DOWN=   -5.65% 3=Y 5=Y 10=- checks=42
HYPEUSDT       REVERSAL      now=    4.28% UP=    5.13% DOWN=   -0.62% 3=Y 5=Y 10=- checks=42
ACUUSDT        REVERSAL      now=    6.73% UP=   16.62% DOWN=   -4.40% 3=Y 5=Y 10=Y checks=42
BTWUSDT        CONTINUATION  now=   35.25% UP=   38.89% DOWN=  -10.16% 3=Y 5=Y 10=Y checks=42
AEONUSDT       CONTINUATION  now=   22.13% UP=   28.99% DOWN=   -6.91% 3=Y 5=Y 10=Y checks=42
HYPEUSDT       REVERSAL      now=   -0.25% UP=    2.82% DOWN=   -0.94% 3=- 5=- 10=- checks=15
LINKUSDT       CONTINUATION  now=    0.04% UP=    0.55% DOWN=   -1.85% 3=- 5=- 10=- checks=15
HYPEUSDT       CONTINUATION  now=   -0.67% UP=    2.40% DOWN=   -1.35% 3=- 5=- 10=- checks=14
CHIPUSDT       REVERSAL      now=   -5.14% UP=    6.73% DOWN=   -5.32% 3=Y 5=Y 10=- checks=14
ETHUSDT        CONTINUATION  now=    0.47% UP=    1.00% DOWN=   -0.96% 3=- 5=- 10=- checks=14
BTWUSDT        CONTINUATION  now=   14.92% UP=   18.01% DOWN=   -3.49% 3=Y 5=Y 10=Y checks=14
ZECUSDT        CONTINUATION  now=   -0.21% UP=    0.76% DOWN=   -1.92% 3=- 5=- 10=- checks=12
HYPEUSDT       CONTINUATION  now=   -0.89% UP=    2.16% DOWN=   -1.57% 3=- 5=- 10=- checks=12
PUMPUSDT       REVERSAL      now=    5.07% UP=    6.34% DOWN=   -0.22% 3=Y 5=Y 10=- checks=12
LINKUSDT       REVERSAL      now=    1.56% UP=    2.07% DOWN=   -0.03% 3=- 5=- 10=- checks=12
BTWUSDT        REVERSAL      now=   16.88% UP=   20.03% DOWN=   -1.05% 3=Y 5=Y 10=Y checks=12
GPSUSDT        CONTINUATION  now=    4.95% UP=   11.21% DOWN=   -4.20% 3=Y 5=Y 10=Y checks=11
CHIPUSDT       REVERSAL      now=   -7.94% UP=    3.58% DOWN=   -8.12% 3=Y 5=Y 10=- checks=11
DIAUSDT        REVERSAL      now=    2.57% UP=    6.10% DOWN=   -2.57% 3=Y 5=Y 10=- checks=10
ETHUSDT        REVERSAL      now=    0.87% UP=    1.40% DOWN=   -0.21% 3=- 5=- 10=- checks=10
AEONUSDT       CONTINUATION  now=   -5.13% UP=    2.91% DOWN=   -7.90% 3=Y 5=Y 10=- checks=10
BTWUSDT        CONTINUATION  now=   17.01% UP=   20.19% DOWN=   -0.30% 3=Y 5=Y 10=Y checks=9
DIAUSDT        REVERSAL      now=    3.48% UP=    7.04% DOWN=   -0.49% 3=Y 5=Y 10=- checks=8
SOLUSDT        CONTINUATION  now=    1.08% UP=    1.71% DOWN=   -0.38% 3=- 5=- 10=- checks=8
BTCUSDT        CONTINUATION  now=    0.39% UP=    1.07% DOWN=   -0.52% 3=- 5=- 10=- checks=6
AEONUSDT       CONTINUATION  now=   -4.92% UP=    2.13% DOWN=   -7.69% 3=Y 5=Y 10=- checks=6
ZECUSDT        REVERSAL      now=    0.56% UP=    1.52% DOWN=   -1.19% 3=- 5=- 10=- checks=6
PUMPUSDT       REVERSAL      now=    3.24% UP=    4.52% DOWN=   -1.46% 3=Y 5=- 10=- checks=6
DIAUSDT        REVERSAL      now=   -1.01% UP=    2.40% DOWN=   -2.71% 3=- 5=- 10=- checks=6
GPSUSDT        CONTINUATION  now=    2.37% UP=    8.42% DOWN=   -1.12% 3=Y 5=Y 10=- checks=5
BTWUSDT        CONTINUATION  now=    6.70% UP=    9.60% DOWN=   -2.97% 3=Y 5=Y 10=- checks=5
PUMPUSDT       REVERSAL      now=    2.26% UP=    3.53% DOWN=   -1.91% 3=Y 5=- 10=- checks=5
HYPEUSDT       REVERSAL      now=   -1.42% UP=    0.14% DOWN=   -2.09% 3=- 5=- 10=- checks=5
LINKUSDT       REVERSAL      now=    0.36% UP=    0.87% DOWN=   -0.31% 3=- 5=- 10=- checks=5
CHIPUSDT       REVERSAL      now=   -2.75% UP=    2.86% DOWN=   -2.93% 3=- 5=- 10=- checks=5
ZECUSDT        REVERSAL      now=    0.42% UP=    1.38% DOWN=   -1.11% 3=- 5=- 10=- checks=5
BTCUSDT        CONTINUATION  now=   -0.19% UP=    0.08% DOWN=   -0.29% 3=- 5=- 10=- checks=3
ZECUSDT        REVERSAL      now=    0.52% UP=    1.02% DOWN=   -0.10% 3=- 5=- 10=- checks=3
GPSUSDT        CONTINUATION  now=   -1.98% UP=    1.02% DOWN=   -3.51% 3=Y 5=- 10=- checks=3
BTWUSDT        CONTINUATION  now=    1.59% UP=    4.35% DOWN=    0.00% 3=Y 5=- 10=- checks=3
HYPEUSDT       REVERSAL      now=   -0.38% UP=    0.43% DOWN=   -0.58% 3=- 5=- 10=- checks=2
HYPEUSDT       REVERSAL      now=   -0.58% UP=    0.22% DOWN=   -0.78% 3=- 5=- 10=- checks=2
LUMIAUSDT      REVERSAL      now=    0.23% UP=    1.18% DOWN=   -0.25% 3=- 5=- 10=- checks=2
SOLUSDT        CONTINUATION  now=    0.83% UP=    1.30% DOWN=    0.00% 3=- 5=- 10=- checks=2
ONGUSDT        CONTINUATION  now=    0.54% UP=    0.57% DOWN=   -4.75% 3=Y 5=- 10=- checks=2
LINKUSDT       REVERSAL      now=    0.82% UP=    1.31% DOWN=    0.00% 3=- 5=- 10=- checks=2
PUMPUSDT       CONTINUATION  now=   -0.07% UP=    0.00% DOWN=   -0.07% 3=- 5=- 10=- checks=1

==============================================================================================================
TRACKER SUMMARY
==============================================================================================================
Checked: 64
Failed: 0
Supabase rows upserted: 147
3% episodes: 108
5% episodes: 97
10% episodes: 62

V7.5 EPISODE MARKET TRACKER: PASS
