
======================================================================================================================
ALPHA HUNTER V7.6 DIRECTION-PROOF ENGINE — SHADOW
======================================================================================================================
Eligible forward episodes: 40

SYMBOL         PATH          DIR         CONF   LONG   SHORT       15M        1H
----------------------------------------------------------------------------------------------------------------------
HYPEUSDT       CONTINUATION  SHORT      68.8%   0.00    5.50   BEARISH   BEARISH
CHIPUSDT       REVERSAL      SHORT      87.5%   0.00    7.00   BEARISH   BEARISH
ETHUSDT        CONTINUATION  UNKNOWN     0.0%   2.00    1.00     MIXED   BULLISH
BTWUSDT        CONTINUATION  UNKNOWN     0.0%   3.50    3.50     MIXED   BULLISH
ZECUSDT        CONTINUATION  UNKNOWN     0.0%   3.00    1.00   BULLISH   BULLISH
HYPEUSDT       CONTINUATION  SHORT      68.8%   0.00    5.50   BEARISH   BEARISH
PUMPUSDT       REVERSAL      LONG      100.0%   8.00    0.00   BULLISH   BULLISH
LINKUSDT       REVERSAL      UNKNOWN     0.0%   3.00    0.00   BULLISH   BULLISH
BTWUSDT        REVERSAL      UNKNOWN     0.0%   3.50    3.50     MIXED   BULLISH
GPSUSDT        CONTINUATION  UNKNOWN     0.0%   3.50    3.50   BEARISH   BULLISH
CHIPUSDT       REVERSAL      SHORT      87.5%   0.00    7.00   BEARISH   BEARISH
DIAUSDT        REVERSAL      UNKNOWN     0.0%   2.00    1.50     MIXED   BULLISH
ETHUSDT        REVERSAL      UNKNOWN     0.0%   2.00    1.00     MIXED   BULLISH
AEONUSDT       CONTINUATION  SHORT      75.0%   0.00    6.00   BEARISH     MIXED
BTWUSDT        CONTINUATION  UNKNOWN     0.0%   3.50    3.50     MIXED   BULLISH
DIAUSDT        REVERSAL      UNKNOWN     0.0%   2.00    1.50     MIXED   BULLISH
SOLUSDT        CONTINUATION  UNKNOWN     0.0%   3.50    1.00     MIXED   BULLISH
BTCUSDT        CONTINUATION  UNKNOWN     0.0%   2.00    3.50   BEARISH   BULLISH
AEONUSDT       CONTINUATION  SHORT      75.0%   0.00    6.00   BEARISH     MIXED
ZECUSDT        REVERSAL      UNKNOWN     0.0%   3.00    1.00   BULLISH   BULLISH
PUMPUSDT       REVERSAL      LONG      100.0%   8.00    0.00   BULLISH   BULLISH
DIAUSDT        REVERSAL      UNKNOWN     0.0%   2.00    1.50     MIXED   BULLISH
GPSUSDT        CONTINUATION  UNKNOWN     0.0%   3.50    3.50   BEARISH   BULLISH
BTWUSDT        CONTINUATION  UNKNOWN     0.0%   3.50    3.50     MIXED   BULLISH
PUMPUSDT       REVERSAL      LONG      100.0%   8.00    0.00   BULLISH   BULLISH
HYPEUSDT       REVERSAL      SHORT      68.8%   0.00    5.50   BEARISH   BEARISH
LINKUSDT       REVERSAL      UNKNOWN     0.0%   3.00    0.00   BULLISH   BULLISH
CHIPUSDT       REVERSAL      SHORT     100.0%   0.00    8.00   BEARISH   BEARISH
ZECUSDT        REVERSAL      UNKNOWN     0.0%   1.00    1.00   BULLISH     MIXED
BTCUSDT        CONTINUATION  UNKNOWN     0.0%   2.00    3.50   BEARISH   BULLISH
ZECUSDT        REVERSAL      UNKNOWN     0.0%   1.00    1.00   BULLISH     MIXED
GPSUSDT        CONTINUATION  LONG       46.9%   4.50    2.50     MIXED   BULLISH
BTWUSDT        CONTINUATION  UNKNOWN     0.0%   3.50    3.50     MIXED   BULLISH
HYPEUSDT       REVERSAL      SHORT      68.8%   0.00    5.50   BEARISH   BEARISH
HYPEUSDT       REVERSAL      SHORT      68.8%   0.00    5.50   BEARISH   BEARISH
LUMIAUSDT      REVERSAL      SHORT      68.8%   0.00    5.50   BEARISH   BEARISH
SOLUSDT        CONTINUATION  UNKNOWN     0.0%   3.50    1.00     MIXED   BULLISH
ONGUSDT        CONTINUATION  LONG       81.2%   6.50    0.00   BULLISH   BULLISH
LINKUSDT       REVERSAL      UNKNOWN     0.0%   3.00    0.00   BULLISH   BULLISH
PUMPUSDT       CONTINUATION  LONG      100.0%   8.00    0.00   BULLISH   BULLISH

======================================================================================================================
V7.6 SHADOW SUMMARY
======================================================================================================================
Evaluated: 40
LONG: 6
SHORT: 11
UNKNOWN: 23
Failures: 0
Supabase shadow rows saved: 40
Direction state rows saved: 40
Immutable transition rows saved: 40
Transition run ID: cloud5d-20260818T212744Z
Direction emerging: 10
Direction confirmed: 7
Lost confirmation: 12

IMPORTANT: V7.6 IS SHADOW ONLY.
No trade permission was generated.

V7.6 DIRECTION SHADOW: PASS
