
======================================================================================================================
ALPHA HUNTER V7.7 HUGE-RR EXECUTION FEASIBILITY — SHADOW
======================================================================================================================
Confirmed direction states: 107

SKIP   ACEUSDT        insufficient closed history at confirmation
SKIP   ALICEUSDT      insufficient closed history at confirmation
SKIP   ALICEUSDT      insufficient closed history at confirmation
SKIP   HYPEUSDT       insufficient closed history at confirmation
SKIP   VELVETUSDT     insufficient closed history at confirmation
SKIP   VELVETUSDT     insufficient closed history at confirmation
SKIP   WLDUSDT        insufficient closed history at confirmation
SKIP   WLDUSDT        insufficient closed history at confirmation
SKIP   BRUSDT         insufficient closed history at confirmation
SKIP   CYSUSDT        insufficient closed history at confirmation
SKIP   ACUUSDT        insufficient closed history at confirmation
SKIP   AVNTUSDT       insufficient closed history at confirmation
SKIP   AVAXUSDT       insufficient closed history at confirmation
SKIP   ROBOUSDT       insufficient closed history at confirmation
SKIP   CAPUSDT        insufficient closed history at confirmation
SKIP   CAPUSDT        insufficient closed history at confirmation
SKIP   CAPUSDT        insufficient closed history at confirmation
SKIP   CAPUSDT        insufficient closed history at confirmation
SKIP   PUMPUSDT       insufficient closed history at confirmation
SKIP   WLFIUSDT       insufficient closed history at confirmation
SKIP   ALICEUSDT      insufficient closed history at confirmation
SKIP   CAPUSDT        insufficient closed history at confirmation
SKIP   BRUSDT         insufficient closed history at confirmation
SKIP   HYPEUSDT       insufficient closed history at confirmation
SKIP   NILUSDT        insufficient closed history at confirmation
SKIP   VELVETUSDT     insufficient closed history at confirmation
SKIP   COWUSDT        insufficient closed history at confirmation
SKIP   PUMPUSDT       insufficient closed history at confirmation
SKIP   AEONUSDT       insufficient closed history at confirmation
SKIP   FOLKSUSDT      insufficient closed history at confirmation
SKIP   PRLUSDT        insufficient closed history at confirmation
SKIP   AEONUSDT       insufficient closed history at confirmation
SKIP   DOLOUSDT       insufficient closed history at confirmation
SKIP   BTWUSDT        insufficient closed history at confirmation
SKIP   HUSDT          insufficient closed history at confirmation
SKIP   HYPEUSDT       insufficient closed history at confirmation
SKIP   WLDUSDT        insufficient closed history at confirmation
SKIP   WLDUSDT        insufficient closed history at confirmation
SKIP   WLDUSDT        insufficient closed history at confirmation
SKIP   WLDUSDT        insufficient closed history at confirmation
SKIP   AEONUSDT       insufficient closed history at confirmation
SKIP   BOMEUSDT       insufficient closed history at confirmation
SKIP   ROBOUSDT       insufficient closed history at confirmation
SKIP   VELVETUSDT     insufficient closed history at confirmation
SKIP   ONGUSDT        insufficient closed history at confirmation
SKIP   REDUSDT        insufficient closed history at confirmation
SKIP   REDUSDT        insufficient closed history at confirmation
SKIP   AIOUSDT        insufficient closed history at confirmation
SKIP   NILUSDT        insufficient closed history at confirmation
SKIP   PRLUSDT        insufficient closed history at confirmation
SKIP   PRLUSDT        insufficient closed history at confirmation
SKIP   VELVETUSDT     insufficient closed history at confirmation
SKIP   HUSDT          insufficient closed history at confirmation
SKIP   AEONUSDT       insufficient closed history at confirmation
SKIP   CHIPUSDT       insufficient closed history at confirmation
SKIP   PIXELUSDT      insufficient closed history at confirmation
SKIP   ACUUSDT        insufficient closed history at confirmation
SKIP   AIOUSDT        insufficient closed history at confirmation
SKIP   AIOUSDT        insufficient closed history at confirmation
SKIP   COWUSDT        insufficient closed history at confirmation
SKIP   PRLUSDT        insufficient closed history at confirmation
SKIP   BASEDUSDT      insufficient closed history at confirmation
SKIP   AEONUSDT       insufficient closed history at confirmation
SKIP   AIOUSDT        insufficient closed history at confirmation
SKIP   CHIPUSDT       insufficient closed history at confirmation
SKIP   NILUSDT        insufficient closed history at confirmation
SKIP   NILUSDT        insufficient closed history at confirmation
CHIPUSDT       SHORT   entry=0.02836      stop=0.029267252  risk=  3.20% structRR=0.33   status=STRUCTURE_RR_LT_3
WLDUSDT        SHORT   entry=0.3513       stop=0.35607029   risk=  1.36% structRR=0.88   status=STRUCTURE_RR_LT_3
WLDUSDT        SHORT   entry=0.3513       stop=0.35607029   risk=  1.36% structRR=0.88   status=STRUCTURE_RR_LT_3
DOLOUSDT       LONG    entry=0.02374      stop=0.023117737  risk=  2.62% structRR=0.02   status=STRUCTURE_RR_LT_3
BTWUSDT        LONG    entry=0.359743     stop=0.34692943   risk=  3.56% structRR=0.40   status=STRUCTURE_RR_LT_3
BTWUSDT        LONG    entry=0.359743     stop=0.34692943   risk=  3.56% structRR=0.40   status=STRUCTURE_RR_LT_3
CHIPUSDT       SHORT   entry=0.02745      stop=0.028762914  risk=  4.78% structRR=0.27   status=STRUCTURE_RR_LT_3
PRLUSDT        LONG    entry=0.4356       stop=0.39805894   risk=  8.62% structRR=0.10   status=STRUCTURE_RR_LT_3
GPSUSDT        LONG    entry=0.017414     stop=0.015289821  risk= 12.20% structRR=0.54   status=STRUCTURE_RR_LT_3
BTWUSDT        LONG    entry=0.364325     stop=0.35187425   risk=  3.42% structRR=0.71   status=STRUCTURE_RR_LT_3
BTWUSDT        LONG    entry=0.364325     stop=0.35187425   risk=  3.42% structRR=0.71   status=STRUCTURE_RR_LT_3
HUSDT          SHORT   entry=0.11404      stop=0.12254869   risk=  7.46% structRR=0.07   status=STRUCTURE_RR_LT_3
SOLUSDT        LONG    entry=76.214       stop=75.735136    risk=  0.63% structRR=0.08   status=STRUCTURE_RR_LT_3
BTCUSDT        LONG    entry=64752.5      stop=63973.912    risk=  1.20% structRR=0.31   status=STRUCTURE_RR_LT_3
DIAUSDT        LONG    entry=0.1305       stop=0.12532991   risk=  3.96% structRR=—      status=NO_STRUCTURAL_TARGET
DIAUSDT        LONG    entry=0.1305       stop=0.12532991   risk=  3.96% structRR=—      status=NO_STRUCTURAL_TARGET
AEONUSDT       SHORT   entry=0.08888      stop=0.093056729  risk=  4.70% structRR=0.91   status=STRUCTURE_RR_LT_3
BTWUSDT        LONG    entry=0.386887     stop=0.37450301   risk=  3.20% structRR=0.79   status=STRUCTURE_RR_LT_3
CHIPUSDT       SHORT   entry=0.02635      stop=0.028392663  risk=  7.75% structRR=0.01   status=STRUCTURE_RR_LT_3
CHIPUSDT       SHORT   entry=0.02635      stop=0.028392663  risk=  7.75% structRR=0.01   status=STRUCTURE_RR_LT_3
ETHUSDT        LONG    entry=1916.61      stop=1891.6198    risk=  1.30% structRR=0.23   status=STRUCTURE_RR_LT_3
ETHUSDT        LONG    entry=1916.75      stop=1891.6198    risk=  1.31% structRR=0.22   status=STRUCTURE_RR_LT_3
GPSUSDT        LONG    entry=0.018275     stop=0.016724472  risk=  8.48% structRR=0.20   status=STRUCTURE_RR_LT_3
LINKUSDT       LONG    entry=9.492        stop=9.4337715    risk=  0.61% structRR=1.05   status=STRUCTURE_RR_LT_3
LINKUSDT       LONG    entry=9.492        stop=9.4337715    risk=  0.61% structRR=1.05   status=STRUCTURE_RR_LT_3
LINKUSDT       LONG    entry=9.492        stop=9.4337715    risk=  0.61% structRR=1.05   status=STRUCTURE_RR_LT_3
LINKUSDT       LONG    entry=9.492        stop=9.4337715    risk=  0.61% structRR=1.05   status=STRUCTURE_RR_LT_3
PUMPUSDT       LONG    entry=0.002833     stop=0.0027745403 risk=  2.06% structRR=0.24   status=STRUCTURE_RR_LT_3
PUMPUSDT       LONG    entry=0.002832     stop=0.0027745403 risk=  2.03% structRR=0.26   status=STRUCTURE_RR_LT_3
PUMPUSDT       LONG    entry=0.002833     stop=0.0027745403 risk=  2.06% structRR=0.24   status=STRUCTURE_RR_LT_3
BTWUSDT        LONG    entry=0.421486     stop=0.38610375   risk=  8.39% structRR=0.14   status=STRUCTURE_RR_LT_3
GPSUSDT        LONG    entry=0.018127     stop=0.017447897  risk=  3.75% structRR=1.21   status=STRUCTURE_RR_LT_3
LUMIAUSDT      SHORT   entry=0.08149      stop=0.082359071  risk=  1.07% structRR=0.41   status=STRUCTURE_RR_LT_3

======================================================================================================================
V7.7 EXECUTION SHADOW SUMMARY
======================================================================================================================
Confirmed direction states: 107
Execution snapshots: 33
Skipped: 74
Failures: 0
Supabase rows upserted: 33
Structure >=1:3: 0
Structure >=1:5: 0
Structure >=1:10: 0

IMPORTANT: V7.7 IS EXECUTION FEASIBILITY SHADOW ONLY.
3% / 5% / 10% are scenarios, not predicted targets.
No trade permission was generated.

V7.7 EXECUTION FEASIBILITY: PASS
