
======================================================================================================================
ALPHA HUNTER V7.9 FULL-UNIVERSE HOURLY LEDGER — SHADOW
======================================================================================================================
Observed: 2026-08-18T21:28:41.894545+00:00
Hour bucket: 2026-08-18T21:00:00+00:00
Contract tickers: 759
Rows attempted: 759
Deep-scan selected: 27
Selection snapshot: 2026-08-18T21:28:39.182374+00:00
Selection run ID: 1a8db6b31c37b9fedbf2a027322638e7
Prefilter eligible: 322
Eligible not selected: 295
Non-crypto: 290
Low liquidity: 145
Over-extended: 2
Invalid price skipped: 0
Rows purged >7d: 0

TOP ABSOLUTE 24H MOVERS
SYMBOL                  24H    ELIG    SCAN  STATUS
------------------------------------------------------------------------
ACEUSDT             +39.82%       N       N  OVER_EXTENDED
JCTUSDT             -26.23%       N       N  OVER_EXTENDED
SKYAIUSDT           -24.57%       Y       N  ELIGIBLE_NOT_SELECTED
KORUUSDT            -24.11%       N       N  NON_CRYPTO
BEATUSDT            -21.98%       Y       N  ELIGIBLE_NOT_SELECTED
UNITASUSDT          -19.79%       Y       N  ELIGIBLE_NOT_SELECTED
SKDDUSDT            +19.28%       N       N  NON_CRYPTO
SKUUUSDT            -19.04%       N       N  NON_CRYPTO
SNXXUSDT            -18.34%       N       N  NON_CRYPTO
XPINUSDT            -17.99%       Y       Y  DEEP_SCAN_SELECTED
TRIAUSDT            +17.82%       Y       Y  DEEP_SCAN_SELECTED
RAMUSDT             -17.75%       N       N  NON_CRYPTO
PRLUSDT             +17.15%       Y       N  ELIGIBLE_NOT_SELECTED
SOXSUSDT            +16.28%       N       N  NON_CRYPTO
BTWUSDT             +16.21%       Y       N  ELIGIBLE_NOT_SELECTED

IMPORTANT: V7.9 IS MEASUREMENT/AUDIT ONLY.
Same-hour reruns do not overwrite the first stored universe snapshot.
Raw universe evidence is retained for 7 days.
No trade permission was generated.

V7.9 FULL-UNIVERSE LEDGER: PASS
