
ALPHA HUNTER V7.1 — 2026-08-21T11:30:56.894816+00:00

Universe: 30 deep-scanned of 759 contracts
Eligible after prefilter: 383
Non-crypto rejected: 294

SYMBOL                  PHASE    TIME   BEHAV                     STATE      RR   DISC  TRADE
---------------------------------------------------------------------------------------------
AAVEUSDT       DISTRIBUTION_RISK    FAIR    5.90   DIRECTION_EMERGING_LONG    0.05     NO     NO
MOODENGUSDT      ACCUMULATION    LATE    5.81                WATCH_LONG       —    YES     NO
XRPUSDT             EXPANSION    LATE    5.75   DIRECTION_EMERGING_LONG    0.13     NO     NO
BIOUSDT           COMPRESSION    FAIR    4.91   DIRECTION_EMERGING_LONG    0.20     NO     NO
WLFIUSDT          COMPRESSION   EARLY    4.75   DIRECTION_EMERGING_LONG    0.45     NO     NO
HYPEUSDT          COMPRESSION   EARLY    4.72   DIRECTION_EMERGING_LONG    0.16     NO     NO
ETHFIUSDT         COMPRESSION   EARLY    4.70                WATCH_LONG       —     NO     NO
NEOUSDT          ACCUMULATION    FAIR    4.66                WATCH_LONG       —     NO     NO
MAGMAUSDT           EXPANSION    FAIR    4.65   DIRECTION_EMERGING_LONG    0.67     NO     NO
IOTAUSDT         ACCUMULATION    FAIR    4.64   DIRECTION_EMERGING_LONG    0.04     NO     NO
ROBOUSDT         ACCUMULATION    FAIR    4.62                WATCH_LONG       —     NO     NO
XMRUSDT           COMPRESSION   EARLY    4.60                   NEUTRAL       —     NO     NO
ETHUSDT           COMPRESSION   EARLY    4.42                WATCH_LONG       —     NO     NO
KAIAUSDT       DISTRIBUTION_RISK    FAIR    4.38   DIRECTION_EMERGING_LONG    0.01     NO     NO
RSRUSDT          ACCUMULATION    FAIR    4.34   DIRECTION_EMERGING_LONG    0.03     NO     NO
SPXUSDT             EXPANSION    LATE    4.29   DIRECTION_EMERGING_LONG    0.07     NO     NO
SYRUPUSDT      DISTRIBUTION_RISK    FAIR    4.28   DIRECTION_EMERGING_LONG    0.03     NO     NO
ZENUSDT              IGNITION    FAIR    4.25   DIRECTION_EMERGING_LONG    0.18     NO     NO
ZECUSDT          ACCUMULATION    FAIR    4.25                WATCH_LONG       —     NO     NO
BOMEUSDT            EXPANSION    LATE    4.24                   NEUTRAL       —     NO     NO
INJUSDT           COMPRESSION   EARLY    4.07                WATCH_LONG       —     NO     NO
BEATUSDT            EXPANSION    FAIR    3.94                   NEUTRAL       —     NO     NO
BRETTUSDT      DISTRIBUTION_RISK    LATE    3.93                WATCH_LONG       —     NO     NO
FLOKIUSDT        ACCUMULATION    FAIR    3.92                WATCH_LONG       —     NO     NO
TRXUSDT           COMPRESSION   EARLY    3.71                WATCH_LONG       —     NO     NO
ORDIUSDT          COMPRESSION    FAIR    3.58                   NEUTRAL       —     NO     NO
REUSDT           ACCUMULATION   EARLY    3.50                   NEUTRAL       —     NO     NO
ARXUSDT        DISTRIBUTION_RISK    FAIR    3.03                WATCH_LONG       —     NO     NO
BTCUSDT          ACCUMULATION   EARLY    2.93                WATCH_LONG       —     NO     NO
KAITOUSDT        ACCUMULATION   EARLY    2.79                   NEUTRAL       —     NO     NO

V7.4 PRE-MOVE SURVEILLANCE
Eligible: 7 | Primary: 5 | Reserve: 2

PRIMARY
 1 XMRUSDT        REVERSAL       12.33 state=NEUTRAL
 2 REUSDT         REVERSAL       11.91 state=NEUTRAL
 3 ETHFIUSDT      CONTINUATION   10.00 state=WATCH_LONG
 4 MAGMAUSDT      CONTINUATION   10.00 state=DIRECTION_EMERGING_LONG
 5 WLFIUSDT       CONTINUATION    9.96 state=DIRECTION_EMERGING_LONG

RESERVE
 6 ORDIUSDT       CONTINUATION    9.83 state=NEUTRAL
 7 TRXUSDT        CONTINUATION    8.82 state=WATCH_LONG

Run ID: ff375835621b5a41bfa8481e369c9f4b
Snapshot saved: /home/runner/work/Alpha-Hunter/Alpha-Hunter/data/snapshots/snapshot-20260821T113056Z.json
State history: /home/runner/work/Alpha-Hunter/Alpha-Hunter/data/state-history.jsonl
Supabase: SAVED
Qualified discovery candidates: 1
EARLY candidates: 0
V7 Trade Ready: 0
Bitget private API: NOT_CONFIGURED
