
ALPHA HUNTER V7.1 — 2026-08-21T18:41:38.801821+00:00

Universe: 30 deep-scanned of 759 contracts
Eligible after prefilter: 396
Non-crypto rejected: 294

SYMBOL                  PHASE    TIME   BEHAV                     STATE      RR   DISC  TRADE
---------------------------------------------------------------------------------------------
XRPUSDT          ACCUMULATION    LATE    5.58                WATCH_LONG       —    YES     NO
WIFUSDT          ACCUMULATION    LATE    5.48   DIRECTION_EMERGING_LONG    0.06    YES     NO
MEWUSDT        DISTRIBUTION_RISK    FAIR    5.31   DIRECTION_EMERGING_LONG    0.06     NO     NO
XLMUSDT          ACCUMULATION    FAIR    5.20   DIRECTION_EMERGING_LONG    0.10    YES     NO
FORMUSDT            EXPANSION    LATE    5.19   DIRECTION_EMERGING_LONG    0.07     NO     NO
FFUSDT           ACCUMULATION    FAIR    5.19                WATCH_LONG       —    YES     NO
LITUSDT          ACCUMULATION    FAIR    5.17   DIRECTION_EMERGING_LONG    0.08    YES     NO
PENGUUSDT           EXPANSION    LATE    5.10                WATCH_LONG       —     NO     NO
GRVTUSDT          COMPRESSION   EARLY    5.05               WATCH_SHORT       —    YES     NO
WLFIUSDT          COMPRESSION   EARLY    4.88                WATCH_LONG       —     NO     NO
ZRXUSDT          ACCUMULATION    FAIR    4.76   DIRECTION_EMERGING_LONG    0.05     NO     NO
AEONUSDT          COMPRESSION   EARLY    4.74  DIRECTION_EMERGING_SHORT    0.18     NO     NO
DRIFTUSDT      DISTRIBUTION_RISK    FAIR    4.72   DIRECTION_EMERGING_LONG    0.00     NO     NO
MUBARAKUSDT      ACCUMULATION    FAIR    4.63   DIRECTION_EMERGING_LONG    0.50     NO     NO
MELANIAUSDT      ACCUMULATION    FAIR    4.60   DIRECTION_EMERGING_LONG    0.10     NO     NO
DOGEUSDT         ACCUMULATION   EARLY    4.31   DIRECTION_EMERGING_LONG    0.10     NO     NO
XMRUSDT           COMPRESSION   EARLY    4.20  DIRECTION_EMERGING_SHORT    0.10     NO     NO
REUSDT               RECOVERY   EARLY    4.07                WATCH_LONG       —     NO     NO
BIOUSDT           COMPRESSION   EARLY    4.04                   NEUTRAL       —     NO     NO
ETHUSDT          ACCUMULATION   EARLY    4.00   DIRECTION_EMERGING_LONG    0.15     NO     NO
TRXUSDT           COMPRESSION   EARLY    3.95   DIRECTION_EMERGING_LONG    0.21     NO     NO
SKYAIUSDT        ACCUMULATION   EARLY    3.83                WATCH_LONG       —     NO     NO
VIRTUALUSDT      ACCUMULATION    FAIR    3.76                WATCH_LONG       —     NO     NO
CYSUSDT           COMPRESSION   EARLY    3.74                   NEUTRAL       —     NO     NO
ATHUSDT          ACCUMULATION    FAIR    3.47   DIRECTION_EMERGING_LONG    0.05     NO     NO
MOVEUSDT         ACCUMULATION    FAIR    3.45                   NEUTRAL       —     NO     NO
CAPUSDT          ACCUMULATION   EARLY    3.37                   NEUTRAL       —     NO     NO
SANTOSUSDT        COMPRESSION   EARLY    3.18                   NEUTRAL       —     NO     NO
ARXUSDT          ACCUMULATION    FAIR    2.85                   NEUTRAL       —     NO     NO
MORPHOUSDT       ACCUMULATION   EARLY    2.77                   NEUTRAL       —     NO     NO

V7.4 PRE-MOVE SURVEILLANCE
Eligible: 3 | Primary: 3 | Reserve: 0

PRIMARY
 1 SANTOSUSDT     REVERSAL       12.17 state=NEUTRAL
 2 BIOUSDT        CONTINUATION   10.00 state=NEUTRAL
 3 TRXUSDT        CONTINUATION    8.91 state=DIRECTION_EMERGING_LONG

Run ID: 211f5cb6b1533608fa783e82d028d5e9
Snapshot saved: /home/runner/work/Alpha-Hunter/Alpha-Hunter/data/snapshots/snapshot-20260821T184138Z.json
State history: /home/runner/work/Alpha-Hunter/Alpha-Hunter/data/state-history.jsonl
Supabase: SAVED
Qualified discovery candidates: 6
EARLY candidates: 1
V7 Trade Ready: 0
Bitget private API: NOT_CONFIGURED
