
==============================================================================================================
ALPHA HUNTER V7.5 INDEPENDENT EPISODE MARKET TRACKER
==============================================================================================================
Episodes stored: 268
Active episodes: 89

ADAUSDT        REVERSAL      now=   10.32% UP=   12.24% DOWN=  -12.70% 3=Y 5=Y 10=Y checks=48
DOGEUSDT       CONTINUATION  now=   19.75% UP=   20.74% DOWN=   -2.32% 3=Y 5=Y 10=Y checks=48
SKYAIUSDT      REVERSAL      now=  -27.89% UP=    0.00% DOWN=  -48.62% 3=Y 5=Y 10=Y checks=48
SOLUSDT        CONTINUATION  now=   18.81% UP=   19.35% DOWN=   -4.13% 3=Y 5=Y 10=Y checks=48
SUIUSDT        CONTINUATION  now=   15.70% UP=   17.38% DOWN=   -7.26% 3=Y 5=Y 10=Y checks=48
COOKIEUSDT     CONTINUATION  now=   -7.23% UP=    0.00% DOWN=  -18.26% 3=Y 5=Y 10=Y checks=48
BTWUSDT        CONTINUATION  now=  131.67% UP=  138.14% DOWN=    0.00% 3=Y 5=Y 10=Y checks=48
CYSUSDT        CONTINUATION  now=  -47.66% UP=   78.38% DOWN=  -50.85% 3=Y 5=Y 10=Y checks=48
GWEIUSDT       REVERSAL      now=    9.96% UP=   18.04% DOWN=   -2.98% 3=Y 5=Y 10=Y checks=48
BICOUSDT       REVERSAL      now=  -53.86% UP=    0.00% DOWN=  -61.82% 3=Y 5=Y 10=Y checks=48
SUIUSDT        CONTINUATION  now=   17.08% UP=   18.78% DOWN=   -6.16% 3=Y 5=Y 10=Y checks=48
MMTUSDT        REVERSAL      now=   -8.16% UP=    0.00% DOWN=  -17.89% 3=Y 5=Y 10=Y checks=48
IOTXUSDT       REVERSAL      now=    5.64% UP=    6.09% DOWN=  -11.34% 3=Y 5=Y 10=Y checks=48
FORMUSDT       REVERSAL      now=   28.01% UP=   30.08% DOWN=   -7.88% 3=Y 5=Y 10=Y checks=48
JTOUSDT        REVERSAL      now=   12.04% UP=   13.50% DOWN=   -0.43% 3=Y 5=Y 10=Y checks=48
4USDT          REVERSAL      now=   -3.51% UP=    0.00% DOWN=  -22.21% 3=Y 5=Y 10=Y checks=48
MUBARAKUSDT    REVERSAL      now=    7.21% UP=    9.22% DOWN=  -24.10% 3=Y 5=Y 10=Y checks=48
PUMPUSDT       REVERSAL      now=   39.38% UP=   50.49% DOWN=   -5.65% 3=Y 5=Y 10=Y checks=48
HYPEUSDT       REVERSAL      now=   33.21% UP=   38.64% DOWN=   -0.62% 3=Y 5=Y 10=Y checks=48
ACUUSDT        REVERSAL      now=   12.20% UP=   16.62% DOWN=   -4.40% 3=Y 5=Y 10=Y checks=48
BTWUSDT        CONTINUATION  now=   55.36% UP=   59.69% DOWN=  -10.16% 3=Y 5=Y 10=Y checks=48
AEONUSDT       CONTINUATION  now=   -0.25% UP=   28.99% DOWN=   -6.91% 3=Y 5=Y 10=Y checks=48
ZECUSDT        REVERSAL      now=   32.84% UP=   35.46% DOWN=   -0.72% 3=Y 5=Y 10=Y checks=33
HYPEUSDT       REVERSAL      now=   27.66% UP=   32.86% DOWN=   -1.10% 3=Y 5=Y 10=Y checks=33
OUSDT          CONTINUATION  now=    2.59% UP=    3.92% DOWN=   -6.18% 3=Y 5=Y 10=- checks=33
LINKUSDT       CONTINUATION  now=   22.01% UP=   25.07% DOWN=    0.00% 3=Y 5=Y 10=Y checks=33
1000RATSUSDT   REVERSAL      now=   -6.25% UP=    9.83% DOWN=   -8.83% 3=Y 5=Y 10=- checks=28
SOLUSDT        CONTINUATION  now=   18.18% UP=   20.51% DOWN=   -0.19% 3=Y 5=Y 10=Y checks=28
REDUSDT        REVERSAL      now=   43.36% UP=   60.05% DOWN=   -1.25% 3=Y 5=Y 10=Y checks=28
AEONUSDT       REVERSAL      now=  -11.12% UP=    5.43% DOWN=  -13.04% 3=Y 5=Y 10=Y checks=28
BTCUSDT        CONTINUATION  now=   19.54% UP=   23.41% DOWN=   -0.08% 3=Y 5=Y 10=Y checks=28
ETHUSDT        CONTINUATION  now=   25.65% UP=   27.50% DOWN=   -0.01% 3=Y 5=Y 10=Y checks=28
WLFIUSDT       REVERSAL      now=    0.55% UP=    3.31% DOWN=   -3.33% 3=Y 5=- 10=- checks=13
LDOUSDT        CONTINUATION  now=    9.13% UP=   10.60% DOWN=   -0.18% 3=Y 5=Y 10=Y checks=13
XMRUSDT        REVERSAL      now=   -1.11% UP=    2.88% DOWN=   -1.62% 3=- 5=- 10=- checks=13
LITUSDT        REVERSAL      now=   14.10% UP=   14.92% DOWN=   -1.95% 3=Y 5=Y 10=Y checks=13
NEARUSDT       REVERSAL      now=    9.26% UP=   12.48% DOWN=   -0.02% 3=Y 5=Y 10=Y checks=13
TREEUSDT       REVERSAL      now=    9.06% UP=    9.70% DOWN=   -1.80% 3=Y 5=Y 10=- checks=13
WLDUSDT        CONTINUATION  now=    6.82% UP=   10.44% DOWN=   -0.44% 3=Y 5=Y 10=Y checks=13
ZECUSDT        CONTINUATION  now=   17.09% UP=   19.52% DOWN=   -0.15% 3=Y 5=Y 10=Y checks=5
WLDUSDT        CONTINUATION  now=    6.70% UP=   10.32% DOWN=   -0.08% 3=Y 5=Y 10=Y checks=5
LINKUSDT       CONTINUATION  now=    9.53% UP=   10.24% DOWN=   -0.11% 3=Y 5=Y 10=Y checks=5
TREEUSDT       REVERSAL      now=   10.60% UP=   11.24% DOWN=    0.00% 3=Y 5=Y 10=Y checks=5
VVVUSDT        REVERSAL      now=    6.30% UP=    8.95% DOWN=    0.00% 3=Y 5=Y 10=- checks=5
UNIUSDT        CONTINUATION  now=    6.56% UP=    8.07% DOWN=    0.00% 3=Y 5=Y 10=- checks=5
TRUMPUSDT      CONTINUATION  now=    9.99% UP=   18.72% DOWN=   -0.24% 3=Y 5=Y 10=Y checks=5
NEARUSDT       CONTINUATION  now=    8.41% UP=   10.56% DOWN=   -0.11% 3=Y 5=Y 10=Y checks=5
LUMIAUSDT      CONTINUATION  now=    5.64% UP=    7.95% DOWN=    0.00% 3=Y 5=Y 10=- checks=5
ONDOUSDT       REVERSAL      now=    9.67% UP=   15.65% DOWN=   -0.09% 3=Y 5=Y 10=Y checks=5
AAVEUSDT       CONTINUATION  now=   11.92% UP=   14.39% DOWN=   -0.48% 3=Y 5=Y 10=Y checks=12
RENDERUSDT     CONTINUATION  now=    5.72% UP=    8.24% DOWN=   -0.16% 3=Y 5=Y 10=- checks=11
BTWUSDT        REVERSAL      now=   15.02% UP=   27.47% DOWN=   -2.82% 3=Y 5=Y 10=Y checks=11
MAGMAUSDT      CONTINUATION  now=   16.81% UP=   22.44% DOWN=   -0.21% 3=Y 5=Y 10=Y checks=11
INJUSDT        CONTINUATION  now=    4.41% UP=    6.67% DOWN=   -0.27% 3=Y 5=Y 10=- checks=11
LDOUSDT        CONTINUATION  now=    7.69% UP=    9.26% DOWN=   -0.06% 3=Y 5=Y 10=- checks=10
TRUMPUSDT      REVERSAL      now=   11.33% UP=   20.17% DOWN=   -0.18% 3=Y 5=Y 10=Y checks=10
HYPEUSDT       CONTINUATION  now=    3.04% UP=    7.28% DOWN=   -1.93% 3=Y 5=Y 10=- checks=10
MONUSDT        CONTINUATION  now=    7.20% UP=    9.06% DOWN=   -0.99% 3=Y 5=Y 10=- checks=10
USELESSUSDT    CONTINUATION  now=   24.61% UP=   28.48% DOWN=   -0.47% 3=Y 5=Y 10=Y checks=10
INJUSDT        CONTINUATION  now=    4.08% UP=    6.33% DOWN=   -0.11% 3=Y 5=Y 10=- checks=9
TRUMPUSDT      CONTINUATION  now=    9.40% UP=   18.08% DOWN=   -0.24% 3=Y 5=Y 10=Y checks=9
ONDOUSDT       CONTINUATION  now=    5.50% UP=   11.25% DOWN=   -0.74% 3=Y 5=Y 10=Y checks=9
XMRUSDT        REVERSAL      now=   -2.98% UP=    0.47% DOWN=   -3.40% 3=Y 5=- 10=- checks=9
REUSDT         CONTINUATION  now=   -0.18% UP=    5.20% DOWN=   -9.86% 3=Y 5=Y 10=- checks=9
MAGMAUSDT      CONTINUATION  now=   13.93% UP=   19.42% DOWN=   -2.40% 3=Y 5=Y 10=Y checks=8
AAVEUSDT       CONTINUATION  now=   10.21% UP=   12.63% DOWN=   -0.33% 3=Y 5=Y 10=Y checks=8
BRETTUSDT      CONTINUATION  now=    9.92% UP=   13.36% DOWN=   -0.02% 3=Y 5=Y 10=Y checks=8
ETHFIUSDT      CONTINUATION  now=    1.61% UP=    6.06% DOWN=   -4.21% 3=Y 5=Y 10=- checks=7
1000SATSUSDT   CONTINUATION  now=    0.39% UP=    2.80% DOWN=   -4.67% 3=Y 5=- 10=- checks=7
INJUSDT        CONTINUATION  now=   -0.76% UP=    1.38% DOWN=   -3.13% 3=Y 5=- 10=- checks=7
LDOUSDT        CONTINUATION  now=    2.48% UP=    3.97% DOWN=   -1.52% 3=Y 5=- 10=- checks=7
TRXUSDT        CONTINUATION  now=    0.11% UP=    0.65% DOWN=   -0.06% 3=- 5=- 10=- checks=7
TRUMPUSDT      CONTINUATION  now=    3.81% UP=   12.24% DOWN=   -3.13% 3=Y 5=Y 10=Y checks=7
BIOUSDT        CONTINUATION  now=   -1.56% UP=    1.84% DOWN=   -1.56% 3=- 5=- 10=- checks=6
WLFIUSDT       CONTINUATION  now=    0.68% UP=    3.45% DOWN=   -1.63% 3=Y 5=- 10=- checks=6
XMRUSDT        REVERSAL      now=   -1.80% UP=    0.95% DOWN=   -2.22% 3=- 5=- 10=- checks=5
TRXUSDT        CONTINUATION  now=   -0.07% UP=    0.11% DOWN=   -0.25% 3=- 5=- 10=- checks=4
WLFIUSDT       CONTINUATION  now=    0.31% UP=    3.06% DOWN=   -1.83% 3=Y 5=- 10=- checks=4
MAGMAUSDT      CONTINUATION  now=   11.06% UP=   16.04% DOWN=    0.00% 3=Y 5=Y 10=Y checks=4
XMRUSDT        REVERSAL      now=   -2.54% UP=    0.00% DOWN=   -2.96% 3=- 5=- 10=- checks=4
ALLOUSDT       REVERSAL      now=   -0.28% UP=    0.35% DOWN=   -2.04% 3=- 5=- 10=- checks=4
TRXUSDT        CONTINUATION  now=   -0.03% UP=    0.18% DOWN=   -0.11% 3=- 5=- 10=- checks=4
WLFIUSDT       CONTINUATION  now=    0.36% UP=    3.11% DOWN=   -1.20% 3=Y 5=- 10=- checks=4
SANTOSUSDT     REVERSAL      now=    0.57% UP=    2.20% DOWN=   -0.31% 3=- 5=- 10=- checks=4
REUSDT         REVERSAL      now=    1.10% UP=    2.67% DOWN=   -1.20% 3=- 5=- 10=- checks=3
ONGUSDT        REVERSAL      now=    1.76% UP=    2.17% DOWN=   -0.74% 3=- 5=- 10=- checks=2
BOMEUSDT       REVERSAL      now=    0.22% UP=    1.62% DOWN=   -1.14% 3=- 5=- 10=- checks=2
BIOUSDT        CONTINUATION  now=   -0.03% UP=    0.09% DOWN=   -0.03% 3=- 5=- 10=- checks=1
SANTOSUSDT     REVERSAL      now=   -0.25% UP=    0.00% DOWN=   -0.31% 3=- 5=- 10=- checks=1

==============================================================================================================
TRACKER SUMMARY
==============================================================================================================
Checked: 89
Failed: 0
Supabase rows upserted: 268
3% episodes: 223
5% episodes: 204
10% episodes: 149

V7.5 EPISODE MARKET TRACKER: PASS
