V7.5 state restored from Supabase: 266

ALPHA HUNTER V7.5 OPPORTUNITY LIFECYCLE
Run ID: 211f5cb6b1533608fa783e82d028d5e9
Timestamp: 2026-08-21T18:41:38.801821+00:00
Lifecycle candidates: 3

NEW    BIOUSDT        CONTINUATION  state=PRE_MOVE_DETECTED    det=1   v74=10.00 rank=2 shadow= 0.00 provisional=ACTIVE final=PENDING
UPDATE TRXUSDT        CONTINUATION  state=DIRECTION_EMERGING   det=4   v74= 8.91 rank=4 shadow= 0.00 provisional=ACTIVE final=PENDING
NEW    SANTOSUSDT     REVERSAL      state=PRE_MOVE_DETECTED    det=1   v74=12.17 rank=1 shadow= 7.72 provisional=ACTIVE final=PENDING

Supabase lifecycle rows upserted: 268
Supabase lifecycle row count: 268

====================================================================================================
V7.5 LIFECYCLE SUMMARY
====================================================================================================
Episodes stored: 268
Created this run: 2
Updated this run: 1
Active episodes: 268

STATE COUNTS
DIRECTION_EMERGING       23
EXPANSION                3
FINALIZED                179
PRE_MOVE_DETECTED        63

State file: /home/runner/work/Alpha-Hunter/Alpha-Hunter/data/v75-lifecycle-episodes.json
History file: /home/runner/work/Alpha-Hunter/Alpha-Hunter/data/v75-lifecycle-history.jsonl

V7.5 LIFECYCLE JOB: PASS
