
======================================================================================================================
ALPHA HUNTER V7.6 POST-CONFIRMATION OUTCOME TRACKER — SHADOW
======================================================================================================================
Confirmed outcome rows: 223
Created this run: 1

ZROUSDT        LONG   quality=FORWARD_COMPLETE now=   9.98% MFE=  15.93% MAE=  -0.10% lost=- done=-
LITUSDT        SHORT  quality=FORWARD_COMPLETE now= -16.77% MFE=   0.15% MAE= -17.04% lost=Y done=-
REUSDT         LONG   quality=FORWARD_COMPLETE now=  -3.89% MFE=   0.14% MAE= -13.23% lost=Y done=-
WLFIUSDT       LONG   quality=FORWARD_COMPLETE now=   0.60% MFE=   3.43% MAE=  -1.64% lost=Y done=-
BIOUSDT        LONG   quality=FORWARD_COMPLETE now=  -2.69% MFE=   0.96% MAE=  -2.72% lost=Y done=-
TRXUSDT        LONG   quality=FORWARD_COMPLETE now=  -0.47% MFE=   0.10% MAE=  -0.61% lost=Y done=-
XMRUSDT        SHORT  quality=FORWARD_COMPLETE now=   1.33% MFE=   1.71% MAE=  -1.47% lost=Y done=-
LDOUSDT        LONG   quality=FORWARD_COMPLETE now=   0.69% MFE=   2.50% MAE=  -1.42% lost=Y done=-
AAVEUSDT       LONG   quality=FORWARD_COMPLETE now=  -1.23% MFE=   1.22% MAE=  -3.30% lost=- done=-
LITUSDT        SHORT  quality=FORWARD_COMPLETE now= -16.63% MFE=   0.27% MAE= -16.90% lost=Y done=-
NEARUSDT       LONG   quality=FORWARD_COMPLETE now=   6.42% MFE=   9.72% MAE=  -1.15% lost=Y done=-
TRUMPUSDT      LONG   quality=FORWARD_COMPLETE now=   6.52% MFE=  15.80% MAE=  -0.29% lost=Y done=-
USELESSUSDT    LONG   quality=FORWARD_COMPLETE now=  18.74% MFE=  22.56% MAE=  -0.76% lost=Y done=-
ZROUSDT        LONG   quality=FORWARD_COMPLETE now=  12.86% MFE=  18.96% MAE=  -3.10% lost=Y done=-
UNIUSDT        LONG   quality=FORWARD_COMPLETE now=   3.38% MFE=   6.37% MAE=  -0.79% lost=Y done=-
MAGMAUSDT      LONG   quality=FORWARD_COMPLETE now=  14.18% MFE=  17.86% MAE=  -3.68% lost=Y done=-
TRUMPUSDT      LONG   quality=FORWARD_COMPLETE now=   6.52% MFE=  15.80% MAE=  -0.29% lost=Y done=-
TRUMPUSDT      LONG   quality=FORWARD_COMPLETE now=   6.83% MFE=  16.14% MAE=   0.00% lost=Y done=-
ZECUSDT        LONG   quality=FORWARD_COMPLETE now=   9.79% MFE=  12.39% MAE=  -1.39% lost=- done=-
RENDERUSDT     LONG   quality=FORWARD_COMPLETE now=   5.03% MFE=   7.59% MAE=  -0.31% lost=Y done=-
LDOUSDT        LONG   quality=FORWARD_COMPLETE now=   6.49% MFE=   8.52% MAE=  -0.76% lost=Y done=-
MAGMAUSDT      LONG   quality=FORWARD_COMPLETE now=   4.76% MFE=   8.14% MAE=  -2.91% lost=Y done=-
ETHFIUSDT      LONG   quality=FORWARD_COMPLETE now=  -4.17% MFE=   0.98% MAE=  -4.48% lost=Y done=-
MAGMAUSDT      LONG   quality=FORWARD_COMPLETE now=   4.42% MFE=   7.78% MAE=  -3.24% lost=Y done=-
OPUSDT         LONG   quality=FORWARD_COMPLETE now=   4.20% MFE=   7.88% MAE=  -1.43% lost=Y done=-
LAUSDT         LONG   quality=FORWARD_COMPLETE now=   7.10% MFE=  11.23% MAE=  -3.34% lost=Y done=-
LDOUSDT        LONG   quality=FORWARD_COMPLETE now=   6.00% MFE=   8.01% MAE=  -0.12% lost=Y done=-
INJUSDT        LONG   quality=FORWARD_COMPLETE now=   0.90% MFE=   3.16% MAE=  -1.00% lost=Y done=-
NEARUSDT       LONG   quality=FORWARD_COMPLETE now=   6.65% MFE=  10.00% MAE=  -0.89% lost=Y done=-
TREEUSDT       LONG   quality=FORWARD_COMPLETE now=   6.07% MFE=   7.20% MAE=  -3.41% lost=Y done=-
WLDUSDT        LONG   quality=FORWARD_COMPLETE now=   4.30% MFE=   8.93% MAE=  -0.81% lost=Y done=-
LUMIAUSDT      LONG   quality=FORWARD_COMPLETE now=   4.44% MFE=   6.72% MAE=  -1.22% lost=Y done=-
TRUMPUSDT      LONG   quality=FORWARD_COMPLETE now=   3.24% MFE=  12.17% MAE=  -1.19% lost=Y done=-
TREEUSDT       LONG   quality=FORWARD_COMPLETE now=   6.07% MFE=   7.20% MAE=  -3.41% lost=Y done=-
LINKUSDT       LONG   quality=FORWARD_COMPLETE now=   7.71% MFE=  10.60% MAE=  -0.05% lost=Y done=-
WLDUSDT        LONG   quality=FORWARD_COMPLETE now=   4.05% MFE=   8.67% MAE=  -1.05% lost=Y done=-
UNIUSDT        LONG   quality=FORWARD_COMPLETE now=   3.41% MFE=   6.37% MAE=  -0.79% lost=Y done=-
ONDOUSDT       LONG   quality=FORWARD_COMPLETE now=   6.76% MFE=  13.04% MAE=  -0.33% lost=Y done=-
AAVEUSDT       LONG   quality=FORWARD_COMPLETE now=  11.74% MFE=  14.60% MAE=  -0.21% lost=Y done=-
BRETTUSDT      LONG   quality=FORWARD_COMPLETE now=   2.35% MFE=   6.88% MAE=  -3.00% lost=- done=-
VVVUSDT        LONG   quality=FORWARD_COMPLETE now=  -5.39% MFE=   0.18% MAE=  -6.78% lost=Y done=-
BTWUSDT        LONG   quality=FORWARD_COMPLETE now=   7.29% MFE=  18.69% MAE=  -7.76% lost=Y done=-
BTWUSDT        LONG   quality=FORWARD_COMPLETE now=   7.34% MFE=  18.74% MAE=  -7.72% lost=Y done=-
HYPEUSDT       LONG   quality=FORWARD_COMPLETE now=  -1.41% MFE=   2.89% MAE=  -3.57% lost=Y done=-
MONUSDT        LONG   quality=FORWARD_COMPLETE now=  -1.16% MFE=   0.95% MAE=  -5.50% lost=Y done=-
ONDOUSDT       LONG   quality=FORWARD_COMPLETE now=   1.59% MFE=   7.51% MAE=  -2.86% lost=Y done=-
INJUSDT        LONG   quality=FORWARD_COMPLETE now=  -0.84% MFE=   1.40% MAE=  -3.11% lost=Y done=-
INJUSDT        LONG   quality=FORWARD_COMPLETE now=  -0.86% MFE=   1.38% MAE=  -3.13% lost=Y done=-
XMRUSDT        SHORT  quality=FORWARD_COMPLETE now=   1.29% MFE=   1.79% MAE=  -1.39% lost=Y done=-
1000SATSUSDT   LONG   quality=FORWARD_COMPLETE now=   1.42% MFE=   4.51% MAE=  -0.71% lost=- done=-
WLFIUSDT       LONG   quality=FORWARD_COMPLETE now=  -1.56% MFE=   1.37% MAE=  -2.87% lost=- done=-
XMRUSDT        SHORT  quality=FORWARD_COMPLETE now=   0.66% MFE=   1.16% MAE=  -0.11% lost=- done=-
XMRUSDT        SHORT  quality=FORWARD_COMPLETE now=   0.66% MFE=   1.16% MAE=  -0.11% lost=- done=-
ALLOUSDT       SHORT  quality=FORWARD_COMPLETE now=  -0.18% MFE=   0.45% MAE=  -0.70% lost=- done=-
REUSDT         LONG   quality=FORWARD_COMPLETE now=   1.46% MFE=   1.79% MAE=  -1.08% lost=Y done=-
BOMEUSDT       SHORT  quality=FORWARD_COMPLETE now=  -0.11% MFE=   0.00% MAE=  -0.34% lost=- done=-

======================================================================================================================
POST-CONFIRMATION TRACKER SUMMARY
======================================================================================================================
Outcome rows: 223
Created this run: 1
Tracked this run: 56
Failed: 0
Supabase rows upserted: 223
Forward complete: 223
Completed 24H: 167

IMPORTANT: OUTCOME TRACKER IS MEASUREMENT ONLY.
No trade permission was generated.

V7.6 POST-CONFIRMATION OUTCOME TRACKER: PASS
