
======================================================================================================================
ALPHA HUNTER V7.6 DIRECTION-PROOF ENGINE — SHADOW
======================================================================================================================
Eligible forward episodes: 67

SYMBOL         PATH          DIR         CONF   LONG   SHORT       15M        1H
----------------------------------------------------------------------------------------------------------------------
ZECUSDT        REVERSAL      LONG       71.2%   6.00    1.00   BULLISH   BULLISH
HYPEUSDT       REVERSAL      UNKNOWN     0.0%   0.00    3.50   BEARISH     MIXED
OUSDT          CONTINUATION  LONG       68.8%   5.50    0.00   BULLISH   BULLISH
LINKUSDT       CONTINUATION  LONG       56.2%   4.50    0.00     MIXED   BULLISH
1000RATSUSDT   REVERSAL      SHORT     100.0%   0.00    8.00   BEARISH   BEARISH
SOLUSDT        CONTINUATION  UNKNOWN     0.0%   3.00    0.00     MIXED   BULLISH
REDUSDT        REVERSAL      UNKNOWN     0.0%   3.50    1.00     MIXED   BULLISH
AEONUSDT       REVERSAL      SHORT      81.2%   0.00    6.50   BEARISH   BEARISH
BTCUSDT        CONTINUATION  UNKNOWN     0.0%   1.50    1.00     MIXED     MIXED
ETHUSDT        CONTINUATION  LONG       56.2%   4.50    0.00     MIXED   BULLISH
WLFIUSDT       REVERSAL      UNKNOWN     0.0%   1.50    2.00     MIXED     MIXED
LDOUSDT        CONTINUATION  UNKNOWN     0.0%   3.00    0.00     MIXED   BULLISH
XMRUSDT        REVERSAL      SHORT     100.0%   0.00    8.00   BEARISH   BEARISH
LITUSDT        REVERSAL      LONG      100.0%   8.00    0.00   BULLISH   BULLISH
NEARUSDT       REVERSAL      UNKNOWN     0.0%   2.00    0.00     MIXED   BULLISH
TREEUSDT       REVERSAL      LONG       87.5%   7.00    0.00   BULLISH   BULLISH
WLDUSDT        CONTINUATION  SHORT      56.2%   0.00    4.50   BEARISH     MIXED
ZECUSDT        CONTINUATION  LONG       71.2%   6.00    1.00   BULLISH   BULLISH
WLDUSDT        CONTINUATION  SHORT      56.2%   0.00    4.50   BEARISH     MIXED
LINKUSDT       CONTINUATION  LONG       68.8%   5.50    0.00   BULLISH   BULLISH
TREEUSDT       REVERSAL      LONG       87.5%   7.00    0.00   BULLISH   BULLISH
VVVUSDT        REVERSAL      UNKNOWN     0.0%   1.00    3.00     MIXED     MIXED
UNIUSDT        CONTINUATION  UNKNOWN     0.0%   3.50    1.00     MIXED   BULLISH
TRUMPUSDT      CONTINUATION  SHORT      56.2%   0.00    4.50   BEARISH     MIXED
NEARUSDT       CONTINUATION  UNKNOWN     0.0%   2.00    0.00     MIXED   BULLISH
LUMIAUSDT      CONTINUATION  UNKNOWN     0.0%   3.50    2.50     MIXED   BULLISH
ONDOUSDT       REVERSAL      UNKNOWN     0.0%   1.50    3.50     MIXED     MIXED
AAVEUSDT       CONTINUATION  UNKNOWN     0.0%   3.50    1.00     MIXED   BULLISH
RENDERUSDT     CONTINUATION  UNKNOWN     0.0%   0.00    0.00     MIXED     MIXED
BTWUSDT        REVERSAL      LONG       50.6%   4.50    1.50   BULLISH   BULLISH
MAGMAUSDT      CONTINUATION  LONG       63.1%   5.50    1.50   BULLISH   BULLISH
INJUSDT        CONTINUATION  UNKNOWN     0.0%   1.50    2.00   BEARISH     MIXED
LDOUSDT        CONTINUATION  UNKNOWN     0.0%   3.00    0.00     MIXED   BULLISH
TRUMPUSDT      REVERSAL      SHORT      56.2%   0.00    4.50   BEARISH     MIXED
HYPEUSDT       CONTINUATION  UNKNOWN     0.0%   0.00    3.50   BEARISH     MIXED
MONUSDT        CONTINUATION  LONG       44.4%   4.00    1.50   BULLISH   BULLISH
USELESSUSDT    CONTINUATION  UNKNOWN     0.0%   3.50    1.00     MIXED   BULLISH
INJUSDT        CONTINUATION  UNKNOWN     0.0%   1.50    2.00   BEARISH     MIXED
TRUMPUSDT      CONTINUATION  SHORT      56.2%   0.00    4.50   BEARISH     MIXED
ONDOUSDT       CONTINUATION  UNKNOWN     0.0%   1.50    3.50     MIXED     MIXED
XMRUSDT        REVERSAL      SHORT      87.5%   0.00    7.00   BEARISH   BEARISH
REUSDT         CONTINUATION  LONG       65.0%   5.50    1.00   BULLISH   BULLISH
MAGMAUSDT      CONTINUATION  LONG       63.1%   5.50    1.50   BULLISH   BULLISH
AAVEUSDT       CONTINUATION  UNKNOWN     0.0%   3.50    1.00     MIXED   BULLISH
BRETTUSDT      CONTINUATION  UNKNOWN     0.0%   0.00    3.50     MIXED     MIXED
ETHFIUSDT      CONTINUATION  UNKNOWN     0.0%   1.50    3.50     MIXED     MIXED
1000SATSUSDT   CONTINUATION  UNKNOWN     0.0%   2.00    0.00     MIXED   BULLISH
INJUSDT        CONTINUATION  UNKNOWN     0.0%   1.50    2.00   BEARISH     MIXED
LDOUSDT        CONTINUATION  UNKNOWN     0.0%   3.00    0.00     MIXED   BULLISH
TRXUSDT        CONTINUATION  UNKNOWN     0.0%   0.00    2.50     MIXED     MIXED
TRUMPUSDT      CONTINUATION  SHORT      56.2%   0.00    4.50   BEARISH     MIXED
BIOUSDT        CONTINUATION  SHORT      75.0%   0.00    6.00   BEARISH     MIXED
WLFIUSDT       CONTINUATION  UNKNOWN     0.0%   1.50    2.00     MIXED     MIXED
XMRUSDT        REVERSAL      SHORT      87.5%   0.00    7.00   BEARISH   BEARISH
TRXUSDT        CONTINUATION  UNKNOWN     0.0%   0.00    2.50     MIXED     MIXED
WLFIUSDT       CONTINUATION  UNKNOWN     0.0%   1.50    2.00     MIXED     MIXED
MAGMAUSDT      CONTINUATION  LONG       63.1%   5.50    1.50   BULLISH   BULLISH
XMRUSDT        REVERSAL      SHORT     100.0%   0.00    8.00   BEARISH   BEARISH
ALLOUSDT       REVERSAL      SHORT      56.2%   0.00    4.50   BEARISH   BEARISH
TRXUSDT        CONTINUATION  UNKNOWN     0.0%   0.00    2.50     MIXED     MIXED
WLFIUSDT       CONTINUATION  UNKNOWN     0.0%   1.50    2.00     MIXED     MIXED
SANTOSUSDT     REVERSAL      UNKNOWN     0.0%   1.50    3.00     MIXED   BEARISH
REUSDT         REVERSAL      LONG       68.8%   5.50    0.00   BULLISH   BULLISH
ONGUSDT        REVERSAL      UNKNOWN     0.0%   2.50    2.00     MIXED   BEARISH
BOMEUSDT       REVERSAL      SHORT      62.5%   0.00    5.00   BEARISH     MIXED
BIOUSDT        CONTINUATION  SHORT      75.0%   0.00    6.00   BEARISH     MIXED
SANTOSUSDT     REVERSAL      UNKNOWN     0.0%   1.50    3.00     MIXED   BEARISH

======================================================================================================================
V7.6 SHADOW SUMMARY
======================================================================================================================
Evaluated: 67
LONG: 16
SHORT: 16
UNKNOWN: 35
Failures: 0
Supabase shadow rows saved: 67
Direction state rows saved: 67
Immutable transition rows saved: 67
Transition run ID: cloud5d-20260821T184044Z
Direction emerging: 15
Direction confirmed: 17
Lost confirmation: 6

IMPORTANT: V7.6 IS SHADOW ONLY.
No trade permission was generated.

V7.6 DIRECTION SHADOW: PASS
