
======================================================================================================================
ALPHA HUNTER V7.7 HUGE-RR EXECUTION FEASIBILITY — SHADOW
======================================================================================================================
Confirmed direction states: 232

SKIP   ACEUSDT        insufficient closed history at confirmation
SKIP   ALICEUSDT      insufficient closed history at confirmation
SKIP   ALICEUSDT      insufficient closed history at confirmation
SKIP   HYPEUSDT       insufficient closed history at confirmation
SKIP   VELVETUSDT     insufficient closed history at confirmation
SKIP   VELVETUSDT     insufficient closed history at confirmation
SKIP   WLDUSDT        insufficient closed history at confirmation
SKIP   WLDUSDT        insufficient closed history at confirmation
SKIP   BRUSDT         insufficient closed history at confirmation
SKIP   CYSUSDT        insufficient closed history at confirmation
SKIP   ACUUSDT        insufficient closed history at confirmation
SKIP   AVNTUSDT       insufficient closed history at confirmation
SKIP   AVAXUSDT       insufficient closed history at confirmation
SKIP   ROBOUSDT       insufficient closed history at confirmation
SKIP   CAPUSDT        insufficient closed history at confirmation
SKIP   CAPUSDT        insufficient closed history at confirmation
SKIP   CAPUSDT        insufficient closed history at confirmation
SKIP   CAPUSDT        insufficient closed history at confirmation
SKIP   PUMPUSDT       insufficient closed history at confirmation
SKIP   WLFIUSDT       insufficient closed history at confirmation
SKIP   ALICEUSDT      insufficient closed history at confirmation
SKIP   CAPUSDT        insufficient closed history at confirmation
SKIP   BRUSDT         insufficient closed history at confirmation
SKIP   HYPEUSDT       insufficient closed history at confirmation
SKIP   NILUSDT        insufficient closed history at confirmation
SKIP   VELVETUSDT     insufficient closed history at confirmation
SKIP   COWUSDT        insufficient closed history at confirmation
SKIP   PUMPUSDT       insufficient closed history at confirmation
SKIP   AEONUSDT       insufficient closed history at confirmation
SKIP   FOLKSUSDT      insufficient closed history at confirmation
SKIP   PRLUSDT        insufficient closed history at confirmation
SKIP   AEONUSDT       insufficient closed history at confirmation
SKIP   DOLOUSDT       insufficient closed history at confirmation
SKIP   BTWUSDT        insufficient closed history at confirmation
SKIP   HUSDT          insufficient closed history at confirmation
SKIP   HYPEUSDT       insufficient closed history at confirmation
SKIP   WLDUSDT        insufficient closed history at confirmation
SKIP   WLDUSDT        insufficient closed history at confirmation
SKIP   WLDUSDT        insufficient closed history at confirmation
SKIP   WLDUSDT        insufficient closed history at confirmation
SKIP   AEONUSDT       insufficient closed history at confirmation
SKIP   BOMEUSDT       insufficient closed history at confirmation
SKIP   ROBOUSDT       insufficient closed history at confirmation
SKIP   VELVETUSDT     insufficient closed history at confirmation
SKIP   ONGUSDT        insufficient closed history at confirmation
SKIP   REDUSDT        insufficient closed history at confirmation
SKIP   REDUSDT        insufficient closed history at confirmation
SKIP   AIOUSDT        insufficient closed history at confirmation
SKIP   NILUSDT        insufficient closed history at confirmation
SKIP   PRLUSDT        insufficient closed history at confirmation
SKIP   PRLUSDT        insufficient closed history at confirmation
SKIP   VELVETUSDT     insufficient closed history at confirmation
SKIP   HUSDT          insufficient closed history at confirmation
SKIP   AEONUSDT       insufficient closed history at confirmation
SKIP   CHIPUSDT       insufficient closed history at confirmation
SKIP   PIXELUSDT      insufficient closed history at confirmation
SKIP   ACUUSDT        insufficient closed history at confirmation
SKIP   AIOUSDT        insufficient closed history at confirmation
SKIP   AIOUSDT        insufficient closed history at confirmation
SKIP   COWUSDT        insufficient closed history at confirmation
SKIP   PRLUSDT        insufficient closed history at confirmation
SKIP   BASEDUSDT      insufficient closed history at confirmation
SKIP   AEONUSDT       insufficient closed history at confirmation
SKIP   AIOUSDT        insufficient closed history at confirmation
SKIP   CHIPUSDT       insufficient closed history at confirmation
SKIP   NILUSDT        insufficient closed history at confirmation
SKIP   NILUSDT        insufficient closed history at confirmation
SKIP   CHIPUSDT       insufficient closed history at confirmation
SKIP   WLDUSDT        insufficient closed history at confirmation
SKIP   WLDUSDT        insufficient closed history at confirmation
SKIP   DOLOUSDT       insufficient closed history at confirmation
SKIP   BTWUSDT        insufficient closed history at confirmation
SKIP   BTWUSDT        insufficient closed history at confirmation
SKIP   CHIPUSDT       insufficient closed history at confirmation
SKIP   PRLUSDT        insufficient closed history at confirmation
SKIP   GPSUSDT        insufficient closed history at confirmation
SKIP   BTWUSDT        insufficient closed history at confirmation
SKIP   BTWUSDT        insufficient closed history at confirmation
SKIP   HUSDT          insufficient closed history at confirmation
SKIP   SOLUSDT        insufficient closed history at confirmation
SKIP   BTCUSDT        insufficient closed history at confirmation
SKIP   DIAUSDT        insufficient closed history at confirmation
SKIP   DIAUSDT        insufficient closed history at confirmation
SKIP   AEONUSDT       insufficient closed history at confirmation
SKIP   BTWUSDT        insufficient closed history at confirmation
SKIP   CHIPUSDT       insufficient closed history at confirmation
SKIP   CHIPUSDT       insufficient closed history at confirmation
SKIP   ETHUSDT        insufficient closed history at confirmation
SKIP   ETHUSDT        insufficient closed history at confirmation
SKIP   GPSUSDT        insufficient closed history at confirmation
SKIP   LINKUSDT       insufficient closed history at confirmation
SKIP   LINKUSDT       insufficient closed history at confirmation
SKIP   LINKUSDT       insufficient closed history at confirmation
SKIP   LINKUSDT       insufficient closed history at confirmation
SKIP   PUMPUSDT       insufficient closed history at confirmation
SKIP   PUMPUSDT       insufficient closed history at confirmation
SKIP   PUMPUSDT       insufficient closed history at confirmation
SKIP   BTWUSDT        insufficient closed history at confirmation
SKIP   GPSUSDT        insufficient closed history at confirmation
SKIP   LUMIAUSDT      insufficient closed history at confirmation
SKIP   HYPEUSDT       insufficient closed history at confirmation
SKIP   HYPEUSDT       insufficient closed history at confirmation
SKIP   HYPEUSDT       insufficient closed history at confirmation
SKIP   HYPEUSDT       insufficient closed history at confirmation
SKIP   HYPEUSDT       insufficient closed history at confirmation
SKIP   ONGUSDT        insufficient closed history at confirmation
SKIP   PUMPUSDT       insufficient closed history at confirmation
SKIP   GPSUSDT        insufficient closed history at confirmation
SKIP   ZECUSDT        insufficient closed history at confirmation
SKIP   ZECUSDT        insufficient closed history at confirmation
SKIP   ZECUSDT        insufficient closed history at confirmation
SKIP   ZECUSDT        insufficient closed history at confirmation
SKIP   ZECUSDT        insufficient closed history at confirmation
SKIP   BTCUSDT        insufficient closed history at confirmation
SKIP   BTCUSDT        insufficient closed history at confirmation
SKIP   BTCUSDT        insufficient closed history at confirmation
SKIP   LINKUSDT       insufficient closed history at confirmation
SKIP   LINKUSDT       insufficient closed history at confirmation
SKIP   ZECUSDT        insufficient closed history at confirmation
SKIP   PIEVERSEUSDT   insufficient closed history at confirmation
SKIP   SOLUSDT        insufficient closed history at confirmation
SKIP   AEONUSDT       insufficient closed history at confirmation
SKIP   OUSDT          insufficient closed history at confirmation
SKIP   1000RATSUSDT   insufficient closed history at confirmation
SKIP   BTCUSDT        insufficient closed history at confirmation
SKIP   ETHUSDT        insufficient closed history at confirmation
SKIP   SOLUSDT        insufficient closed history at confirmation
SKIP   ACEUSDT        insufficient closed history at confirmation
SKIP   ACEUSDT        insufficient closed history at confirmation
SKIP   ACEUSDT        insufficient closed history at confirmation
SKIP   ZECUSDT        insufficient closed history at confirmation
SKIP   HYPEUSDT       insufficient closed history at confirmation
SKIP   HYPEUSDT       insufficient closed history at confirmation
SKIP   ACUUSDT        insufficient closed history at confirmation
SKIP   REDUSDT        insufficient closed history at confirmation
SKIP   REDUSDT        insufficient closed history at confirmation
SKIP   ACEUSDT        insufficient closed history at confirmation
SKIP   VVVUSDT        insufficient closed history at confirmation
SKIP   CAPUSDT        insufficient closed history at confirmation
SKIP   CAPUSDT        insufficient closed history at confirmation
SKIP   PUMPUSDT       insufficient closed history at confirmation
SKIP   TRXUSDT        insufficient closed history at confirmation
SKIP   1000RATSUSDT   insufficient closed history at confirmation
SKIP   AEONUSDT       insufficient closed history at confirmation
SKIP   AEONUSDT       insufficient closed history at confirmation
SKIP   ONGUSDT        insufficient closed history at confirmation
SKIP   ONGUSDT        insufficient closed history at confirmation
SKIP   MUBARAKUSDT    insufficient closed history at confirmation
SKIP   TREEUSDT       insufficient closed history at confirmation
SKIP   WLDUSDT        insufficient closed history at confirmation
SKIP   LAUSDT         insufficient closed history at confirmation
SKIP   LAUSDT         insufficient closed history at confirmation
SKIP   LAUSDT         insufficient closed history at confirmation
SKIP   LAUSDT         insufficient closed history at confirmation
SKIP   LAUSDT         insufficient closed history at confirmation
SKIP   LAUSDT         insufficient closed history at confirmation
SKIP   VVVUSDT        insufficient closed history at confirmation
SKIP   VVVUSDT        insufficient closed history at confirmation
SKIP   VVVUSDT        insufficient closed history at confirmation
SKIP   WLFIUSDT       insufficient closed history at confirmation
SKIP   XMRUSDT        insufficient closed history at confirmation
SKIP   XMRUSDT        insufficient closed history at confirmation
1000RATSUSDT   SHORT   entry=0.04321      stop=0.045318678  risk=  4.88% structRR=0.19   status=STRUCTURE_RR_LT_3
ACUUSDT        SHORT   entry=0.12193      stop=0.13040667   risk=  6.95% structRR=0.41   status=STRUCTURE_RR_LT_3
NEARUSDT       LONG    entry=1.7614       stop=1.6992552    risk=  3.53% structRR=0.11   status=STRUCTURE_RR_LT_3
ONDOUSDT       LONG    entry=0.3586       stop=0.34853537   risk=  2.81% structRR=0.02   status=STRUCTURE_RR_LT_3
POLUSDT        LONG    entry=0.08239      stop=0.081235246  risk=  1.40% structRR=0.37   status=STRUCTURE_RR_LT_3
LAUSDT         LONG    entry=0.05835      stop=0.05753044   risk=  1.40% structRR=0.52   status=STRUCTURE_RR_LT_3
NEARUSDT       LONG    entry=1.7764       stop=1.7257772    risk=  2.85% structRR=0.06   status=STRUCTURE_RR_LT_3
OPUSDT         LONG    entry=0.0977       stop=0.0942429    risk=  3.54% structRR=0.06   status=STRUCTURE_RR_LT_3
WLDUSDT        LONG    entry=0.3718       stop=0.36287395   risk=  2.40% structRR=0.04   status=STRUCTURE_RR_LT_3
ZROUSDT        LONG    entry=0.8833       stop=0.86140068   risk=  2.48% structRR=0.33   status=STRUCTURE_RR_LT_3
AAVEUSDT       LONG    entry=98.8         stop=97.284455    risk=  1.53% structRR=0.39   status=STRUCTURE_RR_LT_3
LDOUSDT        LONG    entry=0.3403       stop=0.3329132    risk=  2.17% structRR=0.30   status=STRUCTURE_RR_LT_3
LINKUSDT       LONG    entry=10.746       stop=10.494817    risk=  2.34% structRR=0.18   status=STRUCTURE_RR_LT_3
NEARUSDT       LONG    entry=1.7718       stop=1.7497085    risk=  1.25% structRR=0.51   status=STRUCTURE_RR_LT_3
ONDOUSDT       LONG    entry=0.3596       stop=0.3520171    risk=  2.11% structRR=0.38   status=STRUCTURE_RR_LT_3
TREEUSDT       LONG    entry=0.03692      stop=0.035393611  risk=  4.13% structRR=0.16   status=STRUCTURE_RR_LT_3
TREEUSDT       LONG    entry=0.03692      stop=0.035393611  risk=  4.13% structRR=0.16   status=STRUCTURE_RR_LT_3
UNIUSDT        LONG    entry=3.815        stop=3.6915977    risk=  3.23% structRR=0.07   status=STRUCTURE_RR_LT_3
UNIUSDT        LONG    entry=3.815        stop=3.6915977    risk=  3.23% structRR=0.07   status=STRUCTURE_RR_LT_3
WLDUSDT        LONG    entry=0.3727       stop=0.36418582   risk=  2.28% structRR=0.66   status=STRUCTURE_RR_LT_3
LITUSDT        SHORT   entry=2.612        stop=2.7235914    risk=  4.27% structRR=—      status=NO_STRUCTURAL_TARGET
LITUSDT        SHORT   entry=2.615        stop=2.7235914    risk=  4.15% structRR=—      status=NO_STRUCTURAL_TARGET
BTWUSDT        LONG    entry=0.445816     stop=0.39825595   risk= 10.67% structRR=1.34   status=STRUCTURE_RR_LT_3
BTWUSDT        LONG    entry=0.445626     stop=0.39825595   risk= 10.63% structRR=1.35   status=STRUCTURE_RR_LT_3
MAGMAUSDT      LONG    entry=0.24205      stop=0.23120503   risk=  4.48% structRR=0.59   status=STRUCTURE_RR_LT_3
RENDERUSDT     LONG    entry=1.4117       stop=1.3992502    risk=  0.88% structRR=0.67   status=STRUCTURE_RR_LT_3
LDOUSDT        LONG    entry=0.3419       stop=0.3372582    risk=  1.36% structRR=0.45   status=STRUCTURE_RR_LT_3
REUSDT         LONG    entry=0.53881      stop=0.50556689   risk=  6.17% structRR=0.02   status=STRUCTURE_RR_LT_3
TRUMPUSDT      LONG    entry=1.698        stop=1.6341661    risk=  3.76% structRR=0.25   status=STRUCTURE_RR_LT_3
TRUMPUSDT      LONG    entry=1.703        stop=1.6341661    risk=  4.04% structRR=0.16   status=STRUCTURE_RR_LT_3
TRUMPUSDT      LONG    entry=1.703        stop=1.6341661    risk=  4.04% structRR=0.16   status=STRUCTURE_RR_LT_3
USELESSUSDT    LONG    entry=0.05124      stop=0.048467259  risk=  5.41% structRR=0.20   status=STRUCTURE_RR_LT_3
ZECUSDT        LONG    entry=608.31       stop=565.55409    risk=  7.03% structRR=0.09   status=STRUCTURE_RR_LT_3
BRETTUSDT      LONG    entry=0.00497      stop=0.0046873952 risk=  5.69% structRR=—      status=NO_STRUCTURAL_TARGET
HYPEUSDT       LONG    entry=75.766       stop=72.302135    risk=  4.57% structRR=0.11   status=STRUCTURE_RR_LT_3
INJUSDT        LONG    entry=4.985        stop=4.7748425    risk=  4.22% structRR=0.06   status=STRUCTURE_RR_LT_3
INJUSDT        LONG    entry=4.986        stop=4.7748425    risk=  4.24% structRR=0.05   status=STRUCTURE_RR_LT_3
LUMIAUSDT      LONG    entry=0.08691      stop=0.085404433  risk=  1.73% structRR=0.11   status=STRUCTURE_RR_LT_3
MONUSDT        LONG    entry=0.02837      stop=0.026925855  risk=  5.09% structRR=—      status=NO_STRUCTURAL_TARGET
ONDOUSDT       LONG    entry=0.3781       stop=0.36274902   risk=  4.06% structRR=—      status=NO_STRUCTURAL_TARGET
VVVUSDT        LONG    entry=16.258       stop=15.088422    risk=  7.19% structRR=0.12   status=STRUCTURE_RR_LT_3
1000SATSUSDT   LONG    entry=1.264e-05    stop=1.2047042e-05 risk=  4.69% structRR=0.49   status=STRUCTURE_RR_LT_3
INJUSDT        LONG    entry=4.9          stop=4.7851611    risk=  2.34% structRR=1.10   status=STRUCTURE_RR_LT_3
LDOUSDT        LONG    entry=0.3603       stop=0.34048745   risk=  5.50% structRR=0.13   status=STRUCTURE_RR_LT_3
TRUMPUSDT      LONG    entry=1.758        stop=1.6820603    risk=  4.32% structRR=0.49   status=STRUCTURE_RR_LT_3
TRXUSDT        LONG    entry=0.34159      stop=0.33790016   risk=  1.08% structRR=—      status=NO_STRUCTURAL_TARGET
WLFIUSDT       LONG    entry=0.06152      stop=0.059728272  risk=  2.91% structRR=0.33   status=STRUCTURE_RR_LT_3
XMRUSDT        SHORT   entry=411.45       stop=420.0824     risk=  2.10% structRR=0.40   status=STRUCTURE_RR_LT_3
XMRUSDT        SHORT   entry=411.79       stop=420.0824     risk=  2.01% structRR=0.46   status=STRUCTURE_RR_LT_3
ZROUSDT        LONG    entry=0.9064       stop=0.85386884   risk=  5.80% structRR=0.22   status=STRUCTURE_RR_LT_3
AAVEUSDT       LONG    entry=111.86       stop=101.12357    risk=  9.60% structRR=—      status=NO_STRUCTURAL_TARGET
BIOUSDT        LONG    entry=0.03237      stop=0.031172956  risk=  3.70% structRR=0.55   status=STRUCTURE_RR_LT_3
ETHFIUSDT      LONG    entry=0.5942       stop=0.56075122   risk=  5.63% structRR=0.12   status=STRUCTURE_RR_LT_3
MAGMAUSDT      LONG    entry=0.26381      stop=0.24074348   risk=  8.74% structRR=0.21   status=STRUCTURE_RR_LT_3
MAGMAUSDT      LONG    entry=0.26469      stop=0.24074348   risk=  9.05% structRR=0.17   status=STRUCTURE_RR_LT_3
WLFIUSDT       LONG    entry=0.06277      stop=0.060468781  risk=  3.67% structRR=0.00   status=STRUCTURE_RR_LT_3
ALLOUSDT       SHORT   entry=0.30027      stop=0.30561784   risk=  1.78% structRR=0.70   status=STRUCTURE_RR_LT_3
REUSDT         LONG    entry=0.51147      stop=0.49537723   risk=  3.15% structRR=0.88   status=STRUCTURE_RR_LT_3
XMRUSDT        SHORT   entry=409.17       stop=415.95843    risk=  1.66% structRR=0.09   status=STRUCTURE_RR_LT_3
XMRUSDT        SHORT   entry=409.17       stop=415.95843    risk=  1.66% structRR=0.09   status=STRUCTURE_RR_LT_3
BOMEUSDT       SHORT   entry=0.0011817    stop=0.0013124093 risk= 11.06% structRR=0.19   status=STRUCTURE_RR_LT_3

======================================================================================================================
V7.7 EXECUTION SHADOW SUMMARY
======================================================================================================================
Confirmed direction states: 232
Execution snapshots: 61
Skipped: 171
Failures: 0
Supabase rows upserted: 61
Structure >=1:3: 0
Structure >=1:5: 0
Structure >=1:10: 0

IMPORTANT: V7.7 IS EXECUTION FEASIBILITY SHADOW ONLY.
3% / 5% / 10% are scenarios, not predicted targets.
No trade permission was generated.

V7.7 EXECUTION FEASIBILITY: PASS
