
ALPHA HUNTER V7.1 — 2026-08-19T21:29:28.841846+00:00

Universe: 30 deep-scanned of 756 contracts
Eligible after prefilter: 337
Non-crypto rejected: 291

SYMBOL                  PHASE    TIME   BEHAV                     STATE      RR   DISC  TRADE
---------------------------------------------------------------------------------------------
ETHUSDT        DISTRIBUTION_RISK    LATE    6.21   DIRECTION_EMERGING_LONG    0.17     NO     NO
SOLUSDT        DISTRIBUTION_RISK    FAIR    6.05   DIRECTION_EMERGING_LONG    0.04     NO     NO
UNITASUSDT       ACCUMULATION    FAIR    5.82                WATCH_LONG       —    YES     NO
LINKUSDT       DISTRIBUTION_RISK    FAIR    5.20   DIRECTION_EMERGING_LONG    0.03     NO     NO
ARBUSDT        DISTRIBUTION_RISK    FAIR    5.18   DIRECTION_EMERGING_LONG    0.01     NO     NO
WLDUSDT        DISTRIBUTION_RISK    FAIR    5.05   DIRECTION_EMERGING_LONG    0.13     NO     NO
BOMEUSDT         ACCUMULATION    LATE    4.93   DIRECTION_EMERGING_LONG    0.06     NO     NO
BANKUSDT          COMPRESSION   EARLY    4.90                WATCH_LONG       —     NO     NO
FARTCOINUSDT   DISTRIBUTION_RISK    FAIR    4.89   DIRECTION_EMERGING_LONG    0.01     NO     NO
ENAUSDT        DISTRIBUTION_RISK    FAIR    4.76   DIRECTION_EMERGING_LONG    0.07     NO     NO
SHIBUSDT       DISTRIBUTION_RISK   EARLY    4.72   DIRECTION_EMERGING_LONG    0.02     NO     NO
POLUSDT           COMPRESSION   EARLY    4.55                WATCH_LONG       —     NO     NO
VIRTUALUSDT    DISTRIBUTION_RISK   EARLY    4.52   DIRECTION_EMERGING_LONG    0.05     NO     NO
APRUSDT           COMPRESSION   EARLY    4.49               WATCH_SHORT       —     NO     NO
BCHUSDT              IGNITION   EARLY    4.45   DIRECTION_EMERGING_LONG    0.00     NO     NO
SPXUSDT        DISTRIBUTION_RISK    FAIR    4.42   DIRECTION_EMERGING_LONG    0.09     NO     NO
LTCUSDT        DISTRIBUTION_RISK   EARLY    4.39   DIRECTION_EMERGING_LONG    0.14     NO     NO
USELESSUSDT    DISTRIBUTION_RISK    FAIR    4.13   DIRECTION_EMERGING_LONG    0.07     NO     NO
ACEUSDT             EXPANSION    LATE    3.96                   NEUTRAL       —     NO     NO
XMRUSDT          ACCUMULATION   EARLY    3.88   DIRECTION_EMERGING_LONG    0.26     NO     NO
INJUSDT        DISTRIBUTION_RISK    FAIR    3.86   DIRECTION_EMERGING_LONG    0.11     NO     NO
COTIUSDT          COMPRESSION   EARLY    3.65                WATCH_LONG       —     NO     NO
LAUSDT            COMPRESSION   EARLY    3.50                   NEUTRAL       —     NO     NO
REDUSDT          ACCUMULATION   EARLY    3.45   DIRECTION_EMERGING_LONG    0.92     NO     NO
TUTUSDT          ACCUMULATION    FAIR    3.30               WATCH_SHORT       —     NO     NO
NILUSDT           COMPRESSION   EARLY    3.20                   NEUTRAL       —     NO     NO
BLESSUSDT        ACCUMULATION   EARLY    3.17                   NEUTRAL       —     NO     NO
CAPUSDT          ACCUMULATION   EARLY    3.13                   NEUTRAL       —     NO     NO
HOMEUSDT         ACCUMULATION   EARLY    2.69                   NEUTRAL       —     NO     NO
GALAUSDT             RECOVERY   EARLY    1.97                WATCH_LONG       —     NO     NO

V7.4 PRE-MOVE SURVEILLANCE
Eligible: 3 | Primary: 3 | Reserve: 0

PRIMARY
 1 ACEUSDT        REVERSAL       13.88 state=NEUTRAL
 2 CAPUSDT        REVERSAL       10.48 state=NEUTRAL
 3 LAUSDT         CONTINUATION    9.93 state=NEUTRAL

Run ID: 7313c70051421b4fbcde7dc60e3482f4
Snapshot saved: /home/runner/work/Alpha-Hunter/Alpha-Hunter/data/snapshots/snapshot-20260819T212928Z.json
State history: /home/runner/work/Alpha-Hunter/Alpha-Hunter/data/state-history.jsonl
Supabase: SAVED
Qualified discovery candidates: 1
EARLY candidates: 0
V7 Trade Ready: 0
Bitget private API: NOT_CONFIGURED
