
==============================================================================================================
ALPHA HUNTER V7.5 INDEPENDENT EPISODE MARKET TRACKER
==============================================================================================================
Episodes stored: 176
Active episodes: 62

CYSUSDT        CONTINUATION  now=  -44.64% UP=   78.38% DOWN=  -50.85% 3=Y 5=Y 10=Y checks=54
BTWUSDT        CONTINUATION  now=   84.00% UP=  268.12% DOWN=    0.00% 3=Y 5=Y 10=Y checks=54
COOKIEUSDT     CONTINUATION  now=  -10.33% UP=    0.00% DOWN=  -19.43% 3=Y 5=Y 10=Y checks=54
SUIUSDT        CONTINUATION  now=    2.82% UP=    3.13% DOWN=   -7.92% 3=Y 5=Y 10=- checks=54
SOLUSDT        CONTINUATION  now=   12.62% UP=   13.03% DOWN=   -4.13% 3=Y 5=Y 10=Y checks=54
SKYAIUSDT      REVERSAL      now=  -35.41% UP=    0.00% DOWN=  -53.06% 3=Y 5=Y 10=Y checks=54
DOGEUSDT       CONTINUATION  now=    7.54% UP=    7.85% DOWN=   -2.32% 3=Y 5=Y 10=- checks=54
ADAUSDT        REVERSAL      now=   -3.29% UP=    0.00% DOWN=  -12.70% 3=Y 5=Y 10=Y checks=54
GWEIUSDT       REVERSAL      now=   -3.40% UP=   17.67% DOWN=   -7.43% 3=Y 5=Y 10=Y checks=54
BICOUSDT       REVERSAL      now=  -63.40% UP=    0.00% DOWN=  -66.13% 3=Y 5=Y 10=Y checks=54
IOTXUSDT       REVERSAL      now=   -6.23% UP=    0.00% DOWN=  -11.34% 3=Y 5=Y 10=Y checks=54
MMTUSDT        REVERSAL      now=   -9.04% UP=    0.00% DOWN=  -20.84% 3=Y 5=Y 10=Y checks=54
SUIUSDT        CONTINUATION  now=    4.09% UP=    4.37% DOWN=   -6.82% 3=Y 5=Y 10=- checks=54
MUBARAKUSDT    REVERSAL      now=    5.16% UP=   25.90% DOWN=  -24.10% 3=Y 5=Y 10=Y checks=54
4USDT          REVERSAL      now=  -12.56% UP=    0.00% DOWN=  -22.21% 3=Y 5=Y 10=Y checks=54
JTOUSDT        REVERSAL      now=    4.35% UP=    8.18% DOWN=   -2.16% 3=Y 5=Y 10=- checks=54
FORMUSDT       REVERSAL      now=   -1.29% UP=    0.00% DOWN=   -7.88% 3=Y 5=Y 10=- checks=54
PUMPUSDT       REVERSAL      now=   13.13% UP=   14.29% DOWN=   -5.65% 3=Y 5=Y 10=Y checks=54
ACUUSDT        REVERSAL      now=   26.93% UP=   28.12% DOWN=   -4.40% 3=Y 5=Y 10=Y checks=54
HYPEUSDT       REVERSAL      now=   27.75% UP=   27.78% DOWN=   -0.62% 3=Y 5=Y 10=Y checks=54
AEONUSDT       CONTINUATION  now=   10.57% UP=   28.99% DOWN=   -6.91% 3=Y 5=Y 10=Y checks=54
BTWUSDT        CONTINUATION  now=   24.19% UP=  146.86% DOWN=  -10.16% 3=Y 5=Y 10=Y checks=54
BTCUSDT        CONTINUATION  now=    7.51% UP=    8.04% DOWN=   -0.89% 3=Y 5=Y 10=- checks=15
ZECUSDT        REVERSAL      now=   12.39% UP=   14.61% DOWN=   -1.09% 3=Y 5=Y 10=Y checks=15
GPSUSDT        CONTINUATION  now=  -32.59% UP=    3.28% DOWN=  -38.37% 3=Y 5=Y 10=Y checks=15
BTWUSDT        CONTINUATION  now=   -6.75% UP=   85.48% DOWN=  -12.87% 3=Y 5=Y 10=Y checks=15
HYPEUSDT       REVERSAL      now=   22.02% UP=   22.06% DOWN=   -1.42% 3=Y 5=Y 10=Y checks=14
ONGUSDT        CONTINUATION  now=    5.94% UP=   11.47% DOWN=   -4.75% 3=Y 5=Y 10=Y checks=14
SOLUSDT        CONTINUATION  now=   13.99% UP=   14.47% DOWN=    0.00% 3=Y 5=Y 10=Y checks=14
LUMIAUSDT      REVERSAL      now=    4.46% UP=    5.18% DOWN=   -0.25% 3=Y 5=Y 10=- checks=14
LINKUSDT       REVERSAL      now=   15.09% UP=   15.13% DOWN=    0.00% 3=Y 5=Y 10=Y checks=14
HYPEUSDT       REVERSAL      now=   21.76% UP=   21.82% DOWN=   -1.62% 3=Y 5=Y 10=Y checks=14
PUMPUSDT       CONTINUATION  now=   10.49% UP=   11.73% DOWN=   -0.14% 3=Y 5=Y 10=Y checks=13
ZECUSDT        CONTINUATION  now=   11.69% UP=   13.95% DOWN=   -1.66% 3=Y 5=Y 10=Y checks=13
BTCUSDT        CONTINUATION  now=    7.71% UP=    8.28% DOWN=   -0.67% 3=Y 5=Y 10=- checks=13
GPSUSDT        CONTINUATION  now=  -31.79% UP=    4.50% DOWN=  -37.64% 3=Y 5=Y 10=Y checks=12
ZECUSDT        REVERSAL      now=   12.76% UP=   15.05% DOWN=   -0.72% 3=Y 5=Y 10=Y checks=11
HYPEUSDT       REVERSAL      now=   22.43% UP=   22.46% DOWN=   -1.10% 3=Y 5=Y 10=Y checks=11
OUSDT          CONTINUATION  now=   -0.27% UP=    1.24% DOWN=   -6.18% 3=Y 5=Y 10=- checks=11
LINKUSDT       CONTINUATION  now=   14.14% UP=   14.25% DOWN=    0.00% 3=Y 5=Y 10=Y checks=11
HYPEUSDT       REVERSAL      now=   22.56% UP=   22.63% DOWN=   -0.97% 3=Y 5=Y 10=Y checks=10
ZECUSDT        REVERSAL      now=   13.04% UP=   15.34% DOWN=   -0.46% 3=Y 5=Y 10=Y checks=10
PIEVERSEUSDT   REVERSAL      now=    5.91% UP=    9.10% DOWN=   -1.00% 3=Y 5=Y 10=- checks=10
BTCUSDT        REVERSAL      now=    8.12% UP=    8.71% DOWN=   -0.27% 3=Y 5=Y 10=- checks=10
REDUSDT        REVERSAL      now=    9.30% UP=   16.67% DOWN=   -1.93% 3=Y 5=Y 10=Y checks=8
ACEUSDT        REVERSAL      now=  -14.16% UP=    6.05% DOWN=  -17.97% 3=Y 5=Y 10=Y checks=8
AEONUSDT       REVERSAL      now=   -4.48% UP=    1.33% DOWN=  -10.30% 3=Y 5=Y 10=Y checks=8
ACEUSDT        CONTINUATION  now=  -14.43% UP=    5.72% DOWN=  -18.23% 3=Y 5=Y 10=Y checks=7
REDUSDT        REVERSAL      now=    9.42% UP=   16.80% DOWN=   -1.25% 3=Y 5=Y 10=Y checks=6
AEONUSDT       REVERSAL      now=   -1.48% UP=    4.51% DOWN=   -7.49% 3=Y 5=Y 10=- checks=6
BTCUSDT        CONTINUATION  now=    7.86% UP=    8.44% DOWN=   -0.08% 3=Y 5=Y 10=- checks=6
ETHUSDT        CONTINUATION  now=   18.82% UP=   21.67% DOWN=   -0.01% 3=Y 5=Y 10=Y checks=6
1000RATSUSDT   REVERSAL      now=    1.71% UP=    2.71% DOWN=   -4.96% 3=Y 5=- 10=- checks=6
SOLUSDT        CONTINUATION  now=   12.02% UP=   12.58% DOWN=   -0.19% 3=Y 5=Y 10=Y checks=6
ACEUSDT        REVERSAL      now=   -7.70% UP=    0.72% DOWN=  -11.98% 3=Y 5=Y 10=Y checks=5
ZECUSDT        CONTINUATION  now=   10.89% UP=   13.17% DOWN=   -0.73% 3=Y 5=Y 10=Y checks=5
ACUUSDT        CONTINUATION  now=   10.99% UP=   12.02% DOWN=    0.00% 3=Y 5=Y 10=Y checks=3
VVVUSDT        REVERSAL      now=    4.83% UP=    6.66% DOWN=    0.00% 3=Y 5=Y 10=- checks=2
LAUSDT         CONTINUATION  now=   -3.29% UP=    0.00% DOWN=   -5.57% 3=Y 5=Y 10=- checks=2
ACEUSDT        REVERSAL      now=   -0.21% UP=    0.00% DOWN=   -0.47% 3=- 5=- 10=- checks=1
LAUSDT         CONTINUATION  now=    0.02% UP=    0.68% DOWN=   -0.04% 3=- 5=- 10=- checks=1
CAPUSDT        REVERSAL      now=   -0.24% UP=    0.00% DOWN=   -0.24% 3=- 5=- 10=- checks=1

==============================================================================================================
TRACKER SUMMARY
==============================================================================================================
Checked: 62
Failed: 0
Supabase rows upserted: 176
3% episodes: 146
5% episodes: 138
10% episodes: 99

V7.5 EPISODE MARKET TRACKER: PASS
