V7.5 state restored from Supabase: 173

ALPHA HUNTER V7.5 OPPORTUNITY LIFECYCLE
Run ID: 7313c70051421b4fbcde7dc60e3482f4
Timestamp: 2026-08-19T21:29:28.841846+00:00
Lifecycle candidates: 3

NEW    ACEUSDT        REVERSAL      state=PRE_MOVE_DETECTED    det=1   v74=13.88 rank=1 shadow=11.14 provisional=ACTIVE final=PENDING
NEW    LAUSDT         CONTINUATION  state=PRE_MOVE_DETECTED    det=1   v74= 9.93 rank=3 shadow= 0.00 provisional=ACTIVE final=PENDING
NEW    CAPUSDT        REVERSAL      state=PRE_MOVE_DETECTED    det=1   v74=10.48 rank=2 shadow= 6.30 provisional=ACTIVE final=PENDING

Supabase lifecycle rows upserted: 176
Supabase lifecycle row count: 176

====================================================================================================
V7.5 LIFECYCLE SUMMARY
====================================================================================================
Episodes stored: 176
Created this run: 3
Updated this run: 0
Active episodes: 176

STATE COUNTS
DIRECTION_EMERGING       19
EXPANSION                1
FINALIZED                114
PRE_MOVE_DETECTED        42

State file: /home/runner/work/Alpha-Hunter/Alpha-Hunter/data/v75-lifecycle-episodes.json
History file: /home/runner/work/Alpha-Hunter/Alpha-Hunter/data/v75-lifecycle-history.jsonl

V7.5 LIFECYCLE JOB: PASS
