
======================================================================================================================
ALPHA HUNTER V7.6 DIRECTION-PROOF ENGINE — SHADOW
======================================================================================================================
Eligible forward episodes: 29

SYMBOL         PATH          DIR         CONF   LONG   SHORT       15M        1H
----------------------------------------------------------------------------------------------------------------------
ZECUSDT        CONTINUATION  LONG      100.0%   8.00    0.00   BULLISH   BULLISH
BTCUSDT        CONTINUATION  LONG      100.0%   8.00    0.00   BULLISH   BULLISH
GPSUSDT        CONTINUATION  UNKNOWN     0.0%   3.00    1.50   BULLISH     MIXED
ZECUSDT        REVERSAL      LONG      100.0%   8.00    0.00   BULLISH   BULLISH
HYPEUSDT       REVERSAL      LONG      100.0%   8.00    0.00   BULLISH   BULLISH
OUSDT          CONTINUATION  LONG       68.8%   5.50    0.00   BULLISH   BULLISH
LINKUSDT       CONTINUATION  LONG      100.0%   8.00    0.00   BULLISH   BULLISH
HYPEUSDT       REVERSAL      LONG      100.0%   8.00    0.00   BULLISH   BULLISH
ZECUSDT        REVERSAL      LONG      100.0%   8.00    0.00   BULLISH   BULLISH
PIEVERSEUSDT   REVERSAL      UNKNOWN     0.0%   3.00    0.00     MIXED   BULLISH
BTCUSDT        REVERSAL      LONG      100.0%   8.00    0.00   BULLISH   BULLISH
REDUSDT        REVERSAL      LONG      100.0%   8.00    0.00   BULLISH   BULLISH
ACEUSDT        REVERSAL      UNKNOWN     0.0%   0.00    3.00   BEARISH   BEARISH
AEONUSDT       REVERSAL      UNKNOWN     0.0%   3.50    1.50     MIXED     MIXED
ACEUSDT        CONTINUATION  UNKNOWN     0.0%   0.00    3.00   BEARISH   BEARISH
REDUSDT        REVERSAL      LONG      100.0%   8.00    0.00   BULLISH   BULLISH
AEONUSDT       REVERSAL      UNKNOWN     0.0%   3.50    1.50     MIXED     MIXED
BTCUSDT        CONTINUATION  LONG      100.0%   8.00    0.00   BULLISH   BULLISH
ETHUSDT        CONTINUATION  LONG      100.0%   8.00    0.00   BULLISH   BULLISH
1000RATSUSDT   REVERSAL      LONG       62.5%   5.00    0.00   BULLISH     MIXED
SOLUSDT        CONTINUATION  LONG      100.0%   8.00    0.00   BULLISH   BULLISH
ACEUSDT        REVERSAL      UNKNOWN     0.0%   0.00    3.00   BEARISH   BEARISH
ZECUSDT        CONTINUATION  LONG      100.0%   8.00    0.00   BULLISH   BULLISH
ACUUSDT        CONTINUATION  LONG      100.0%   8.00    0.00   BULLISH   BULLISH
VVVUSDT        REVERSAL      LONG      100.0%   8.00    0.00   BULLISH   BULLISH
LAUSDT         CONTINUATION  LONG       44.4%   4.00    1.50     MIXED   BULLISH
ACEUSDT        REVERSAL      UNKNOWN     0.0%   0.00    3.00   BEARISH   BEARISH
LAUSDT         CONTINUATION  LONG       44.4%   4.00    1.50     MIXED   BULLISH
CAPUSDT        REVERSAL      UNKNOWN     0.0%   3.50    1.50     MIXED     MIXED

======================================================================================================================
V7.6 SHADOW SUMMARY
======================================================================================================================
Evaluated: 29
LONG: 20
SHORT: 0
UNKNOWN: 9
Failures: 0
Supabase shadow rows saved: 29
Direction state rows saved: 29
Immutable transition rows saved: 29
Transition run ID: cloud5d-20260819T212827Z
Direction emerging: 9
Direction confirmed: 10
Lost confirmation: 4

IMPORTANT: V7.6 IS SHADOW ONLY.
No trade permission was generated.

V7.6 DIRECTION SHADOW: PASS
