
======================================================================================================================
ALPHA HUNTER V7.6 POST-CONFIRMATION OUTCOME TRACKER — SHADOW
======================================================================================================================
Confirmed outcome rows: 136
Created this run: 3

ACEUSDT        SHORT  quality=FORWARD_COMPLETE now=   6.44% MFE=  10.73% MAE=  -0.93% lost=Y done=-
ZECUSDT        SHORT  quality=FORWARD_COMPLETE now= -13.08% MFE=   0.24% MAE= -15.36% lost=Y done=-
BTWUSDT        LONG   quality=FORWARD_COMPLETE now=  -9.61% MFE=  79.76% MAE= -13.35% lost=Y done=Y
ZECUSDT        LONG   quality=FORWARD_COMPLETE now=  11.12% MFE=  13.38% MAE=  -0.20% lost=Y done=-
ZECUSDT        SHORT  quality=FORWARD_COMPLETE now= -13.05% MFE=   0.49% MAE= -15.31% lost=Y done=-
GPSUSDT        LONG   quality=FORWARD_COMPLETE now= -32.04% MFE=   3.99% MAE= -37.94% lost=Y done=Y
LUMIAUSDT      SHORT  quality=FORWARD_COMPLETE now=  -4.22% MFE=   0.05% MAE=  -4.93% lost=Y done=Y
LINKUSDT       LONG   quality=FORWARD_COMPLETE now=  14.22% MFE=   5.58% MAE=  -0.36% lost=- done=Y
LINKUSDT       LONG   quality=FORWARD_COMPLETE now=  14.22% MFE=   5.58% MAE=  -0.36% lost=Y done=Y
PUMPUSDT       LONG   quality=FORWARD_COMPLETE now=  13.24% MFE=  13.24% MAE=  -0.78% lost=Y done=Y
GPSUSDT        LONG   quality=FORWARD_COMPLETE now= -32.59% MFE=   3.15% MAE= -38.45% lost=Y done=Y
PUMPUSDT       LONG   quality=FORWARD_COMPLETE now=  13.24% MFE=  13.24% MAE=  -0.78% lost=Y done=Y
LINKUSDT       LONG   quality=FORWARD_COMPLETE now=  14.25% MFE=   5.58% MAE=  -0.36% lost=Y done=Y
PUMPUSDT       LONG   quality=FORWARD_COMPLETE now=  13.28% MFE=  13.28% MAE=  -0.74% lost=- done=Y
HYPEUSDT       SHORT  quality=FORWARD_COMPLETE now= -22.59% MFE=   1.06% MAE= -22.78% lost=Y done=-
HYPEUSDT       SHORT  quality=FORWARD_COMPLETE now= -22.64% MFE=   1.02% MAE= -22.82% lost=- done=-
LINKUSDT       LONG   quality=FORWARD_COMPLETE now=  14.40% MFE=   5.58% MAE=  -0.36% lost=- done=Y
BTCUSDT        LONG   quality=FORWARD_COMPLETE now=   7.60% MFE=   7.89% MAE=  -0.10% lost=- done=-
ZECUSDT        SHORT  quality=FORWARD_COMPLETE now= -13.25% MFE=   0.49% MAE= -15.31% lost=- done=-
BTCUSDT        SHORT  quality=FORWARD_COMPLETE now=  -8.52% MFE=   0.06% MAE=  -8.81% lost=Y done=-
LINKUSDT       LONG   quality=FORWARD_COMPLETE now=  12.39% MFE=  12.40% MAE=  -0.33% lost=Y done=-
BTCUSDT        SHORT  quality=FORWARD_COMPLETE now=  -8.53% MFE=   0.06% MAE=  -8.82% lost=Y done=-
BTCUSDT        SHORT  quality=FORWARD_COMPLETE now=  -8.56% MFE=   0.06% MAE=  -8.82% lost=Y done=-
HYPEUSDT       SHORT  quality=FORWARD_COMPLETE now= -22.68% MFE=   1.02% MAE= -22.82% lost=Y done=-
ONGUSDT        LONG   quality=FORWARD_COMPLETE now=   6.37% MFE=  12.00% MAE=  -2.14% lost=Y done=-
PUMPUSDT       LONG   quality=FORWARD_COMPLETE now=   6.35% MFE=   7.18% MAE=  -3.04% lost=Y done=-
ETHUSDT        LONG   quality=FORWARD_COMPLETE now=  18.57% MFE=  20.78% MAE=  -0.43% lost=- done=-
ACEUSDT        SHORT  quality=FORWARD_COMPLETE now=   6.34% MFE=  10.69% MAE=  -0.98% lost=Y done=-
ACEUSDT        SHORT  quality=FORWARD_COMPLETE now=   6.25% MFE=  10.60% MAE=  -1.07% lost=Y done=-
HYPEUSDT       SHORT  quality=FORWARD_COMPLETE now= -22.54% MFE=   1.06% MAE= -22.78% lost=Y done=-
HYPEUSDT       SHORT  quality=FORWARD_COMPLETE now= -22.49% MFE=   1.09% MAE= -22.73% lost=Y done=-
GPSUSDT        LONG   quality=FORWARD_COMPLETE now= -33.56% MFE=   0.00% MAE= -39.33% lost=Y done=-
ZECUSDT        SHORT  quality=FORWARD_COMPLETE now= -13.30% MFE=   0.48% MAE= -15.32% lost=Y done=-
ZECUSDT        SHORT  quality=FORWARD_COMPLETE now= -13.30% MFE=   0.48% MAE= -15.32% lost=Y done=-
ZECUSDT        SHORT  quality=FORWARD_COMPLETE now= -13.19% MFE=   0.50% MAE= -15.30% lost=- done=-
LINKUSDT       LONG   quality=FORWARD_COMPLETE now=  12.63% MFE=  12.75% MAE=  -0.33% lost=Y done=-
SOLUSDT        LONG   quality=FORWARD_COMPLETE now=  12.43% MFE=  12.68% MAE=  -0.37% lost=Y done=-
PIEVERSEUSDT   SHORT  quality=FORWARD_COMPLETE now=  -4.81% MFE=   2.00% MAE=  -7.97% lost=Y done=-
OUSDT          SHORT  quality=FORWARD_COMPLETE now=  -3.47% MFE=   0.00% MAE=  -5.04% lost=Y done=-
AEONUSDT       SHORT  quality=FORWARD_COMPLETE now=   0.75% MFE=   7.51% MAE=  -4.48% lost=Y done=-
1000RATSUSDT   SHORT  quality=FORWARD_COMPLETE now=  -3.20% MFE=   3.57% MAE=  -4.22% lost=Y done=-
SOLUSDT        LONG   quality=FORWARD_COMPLETE now=  11.10% MFE=  11.35% MAE=  -0.33% lost=Y done=-
HYPEUSDT       LONG   quality=FORWARD_COMPLETE now=  16.67% MFE=  16.72% MAE=  -0.19% lost=- done=-
HYPEUSDT       LONG   quality=FORWARD_COMPLETE now=  16.74% MFE=  16.79% MAE=  -0.12% lost=- done=-
REDUSDT        LONG   quality=FORWARD_COMPLETE now=   0.10% MFE=   0.10% MAE=   0.00% lost=- done=-
REDUSDT        LONG   quality=FORWARD_COMPLETE now=   0.10% MFE=   0.10% MAE=   0.00% lost=- done=-
ACUUSDT        LONG   quality=FORWARD_COMPLETE now=   0.12% MFE=   0.12% MAE=   0.00% lost=- done=-

======================================================================================================================
POST-CONFIRMATION TRACKER SUMMARY
======================================================================================================================
Outcome rows: 136
Created this run: 3
Tracked this run: 47
Failed: 0
Supabase rows upserted: 136
Forward complete: 136
Completed 24H: 100

IMPORTANT: OUTCOME TRACKER IS MEASUREMENT ONLY.
No trade permission was generated.

V7.6 POST-CONFIRMATION OUTCOME TRACKER: PASS
