
======================================================================================================================
ALPHA HUNTER V7.9 FULL-UNIVERSE HOURLY LEDGER — SHADOW
======================================================================================================================
Observed: 2026-08-19T21:29:31.282903+00:00
Hour bucket: 2026-08-19T21:00:00+00:00
Contract tickers: 756
Rows attempted: 756
Deep-scan selected: 30
Selection snapshot: 2026-08-19T21:29:28.841846+00:00
Selection run ID: 7313c70051421b4fbcde7dc60e3482f4
Prefilter eligible: 337
Eligible not selected: 307
Non-crypto: 291
Low liquidity: 121
Over-extended: 7
Invalid price skipped: 0
Rows purged >7d: 0

TOP ABSOLUTE 24H MOVERS
SYMBOL                  24H    ELIG    SCAN  STATUS
------------------------------------------------------------------------
MSTUUSDT            +35.54%       N       N  NON_CRYPTO
REUSDT              +33.99%       N       N  OVER_EXTENDED
MAGMAUSDT           +33.71%       N       N  OVER_EXTENDED
GPSUSDT             -31.11%       N       N  OVER_EXTENDED
PRLUSDT             -28.95%       N       N  OVER_EXTENDED
BEATUSDT            -28.24%       N       N  OVER_EXTENDED
TREEUSDT            +26.58%       N       N  OVER_EXTENDED
TRIAUSDT            -25.47%       N       N  OVER_EXTENDED
CONLUSDT            +25.13%       N       N  NON_CRYPTO
SKYAIUSDT           +24.92%       Y       N  ELIGIBLE_NOT_SELECTED
MUBARAKUSDT         +23.73%       Y       N  ELIGIBLE_NOT_SELECTED
HYPEUSDT            +22.29%       Y       N  ELIGIBLE_NOT_SELECTED
TRUMPUSDT           +22.00%       Y       N  ELIGIBLE_NOT_SELECTED
MVLLUSDT            +21.06%       N       N  NON_CRYPTO
BOMEUSDT            +19.78%       Y       Y  DEEP_SCAN_SELECTED

IMPORTANT: V7.9 IS MEASUREMENT/AUDIT ONLY.
Same-hour reruns do not overwrite the first stored universe snapshot.
Raw universe evidence is retained for 7 days.
No trade permission was generated.

V7.9 FULL-UNIVERSE LEDGER: PASS
