
ALPHA HUNTER V7.1 — 2026-08-20T19:35:16.775643+00:00

Universe: 30 deep-scanned of 759 contracts
Eligible after prefilter: 376
Non-crypto rejected: 294

SYMBOL                  PHASE    TIME   BEHAV                     STATE      RR   DISC  TRADE
---------------------------------------------------------------------------------------------
ETHUSDT          ACCUMULATION    FAIR    5.03                WATCH_LONG       —    YES     NO
WLDUSDT           COMPRESSION    FAIR    5.01                WATCH_LONG       —    YES     NO
TRIAUSDT          COMPRESSION   EARLY    4.98  DIRECTION_EMERGING_SHORT    0.06     NO     NO
BRETTUSDT        ACCUMULATION    LATE    4.83   DIRECTION_EMERGING_LONG    0.23     NO     NO
MAGMAUSDT           EXPANSION    LATE    4.81                   NEUTRAL       —     NO     NO
TREEUSDT            BREAKDOWN    FAIR    4.70               WATCH_SHORT       —     NO     NO
XRPUSDT          ACCUMULATION    FAIR    4.56                   NEUTRAL       —     NO     NO
ZECUSDT           COMPRESSION   EARLY    4.52                WATCH_LONG       —     NO     NO
LISTAUSDT      DISTRIBUTION_RISK    FAIR    4.44   DIRECTION_EMERGING_LONG    0.02     NO     NO
BTCUSDT          ACCUMULATION   EARLY    4.41   DIRECTION_EMERGING_LONG    0.05     NO     NO
TUTUSDT           COMPRESSION    FAIR    4.26                   NEUTRAL       —     NO     NO
WIFUSDT          ACCUMULATION    FAIR    4.20   DIRECTION_EMERGING_LONG    0.19     NO     NO
SPXUSDT          ACCUMULATION    FAIR    4.00                   NEUTRAL       —     NO     NO
ICXUSDT          ACCUMULATION    FAIR    3.99               WATCH_SHORT       —     NO     NO
ONDOUSDT          COMPRESSION   EARLY    3.81                   NEUTRAL       —     NO     NO
STXUSDT          ACCUMULATION    FAIR    3.78   DIRECTION_EMERGING_LONG    0.07     NO     NO
NEARUSDT          COMPRESSION   EARLY    3.78                   NEUTRAL       —     NO     NO
CAPUSDT          ACCUMULATION   EARLY    3.75               WATCH_SHORT       —     NO     NO
JTOUSDT          ACCUMULATION   EARLY    3.50                   NEUTRAL       —     NO     NO
SIRENUSDT        ACCUMULATION    FAIR    3.40                WATCH_LONG       —     NO     NO
LITUSDT           COMPRESSION    FAIR    3.40                   NEUTRAL       —     NO     NO
XMRUSDT          ACCUMULATION   EARLY    3.32               WATCH_SHORT       —     NO     NO
WLFIUSDT         ACCUMULATION   EARLY    2.97                   NEUTRAL       —     NO     NO
FORMUSDT         ACCUMULATION    FAIR    2.91                WATCH_LONG       —     NO     NO
KAITOUSDT        ACCUMULATION   EARLY    2.79               WATCH_SHORT       —     NO     NO
LAUSDT            COMPRESSION   EARLY    2.65                   NEUTRAL       —     NO     NO
GRAMUSDT         ACCUMULATION   EARLY    2.62                   NEUTRAL       —     NO     NO
TRXUSDT          ACCUMULATION   EARLY    2.55   DIRECTION_EMERGING_LONG    0.19     NO     NO
OPUSDT           ACCUMULATION    FAIR    2.49                   NEUTRAL       —     NO     NO
GALAUSDT         ACCUMULATION    FAIR    2.21                   NEUTRAL       —     NO     NO

V7.4 PRE-MOVE SURVEILLANCE
Eligible: 12 | Primary: 5 | Reserve: 5

PRIMARY
 1 TREEUSDT       REVERSAL       14.00 state=WATCH_SHORT
 2 CAPUSDT        REVERSAL       12.08 state=WATCH_SHORT
 3 OPUSDT         CONTINUATION   10.98 state=NEUTRAL
 4 XMRUSDT        REVERSAL       10.70 state=WATCH_SHORT
 5 NEARUSDT       REVERSAL       10.36 state=NEUTRAL

RESERVE
 6 LITUSDT        REVERSAL       10.21 state=NEUTRAL
 7 WLDUSDT        CONTINUATION   10.00 state=WATCH_LONG
 8 ZECUSDT        CONTINUATION    9.95 state=WATCH_LONG
 9 JTOUSDT        REVERSAL        9.91 state=NEUTRAL
10 ONDOUSDT       CONTINUATION    9.88 state=NEUTRAL

Run ID: c1d14886b53d06a49ac121f186dffb70
Snapshot saved: /home/runner/work/Alpha-Hunter/Alpha-Hunter/data/snapshots/snapshot-20260820T193516Z.json
State history: /home/runner/work/Alpha-Hunter/Alpha-Hunter/data/state-history.jsonl
Supabase: SAVED
Qualified discovery candidates: 2
EARLY candidates: 0
V7 Trade Ready: 0
Bitget private API: NOT_CONFIGURED
