
ALPHA HUNTER V7.1 — 2026-08-18T14:37:49.929549+00:00

Universe: 28 deep-scanned of 759 contracts
Eligible after prefilter: 311
Non-crypto rejected: 290

SYMBOL                  PHASE    TIME   BEHAV                     STATE      RR   DISC  TRADE
---------------------------------------------------------------------------------------------
GPSUSDT             EXPANSION    LATE    6.86                WATCH_LONG       —     NO     NO
BTWUSDT          ACCUMULATION    FAIR    6.48   DIRECTION_EMERGING_LONG    0.73    YES     NO
TUTUSDT          ACCUMULATION    LATE    6.38                   NEUTRAL       —    YES     NO
OUSDT             COMPRESSION   EARLY    6.20                WATCH_LONG       —    YES     NO
HUSDT               BREAKDOWN    FAIR    6.13  DIRECTION_EMERGING_SHORT    0.19     NO     NO
SKYAIUSDT           BREAKDOWN    FAIR    5.87  DIRECTION_EMERGING_SHORT    0.08     NO     NO
PUMPUSDT          COMPRESSION   EARLY    5.79                WATCH_LONG       —    YES     NO
BTCUSDT           COMPRESSION   EARLY    5.60   DIRECTION_EMERGING_LONG    0.14     NO     NO
LAUSDT         DISTRIBUTION_RISK    FAIR    5.50   DIRECTION_EMERGING_LONG    0.02     NO     NO
OPNUSDT          ACCUMULATION    FAIR    5.38                   NEUTRAL       —    YES     NO
BEATUSDT            EXPANSION    FAIR    5.34  DIRECTION_EMERGING_SHORT    0.05     NO     NO
REDUSDT          ACCUMULATION    FAIR    4.86                   NEUTRAL       —     NO     NO
ETHUSDT           COMPRESSION   EARLY    4.84                WATCH_LONG       —     NO     NO
ADAUSDT              RECOVERY   EARLY    4.82                WATCH_LONG       —     NO     NO
XRPUSDT           COMPRESSION   EARLY    4.80                   NEUTRAL       —     NO     NO
SOLUSDT              IGNITION   EARLY    4.62   DIRECTION_EMERGING_LONG    0.19     NO     NO
VELVETUSDT          EXPANSION    LATE    4.53                   NEUTRAL       —     NO     NO
BNBUSDT          ACCUMULATION   EARLY    4.48                   NEUTRAL       —     NO     NO
HYPEUSDT          COMPRESSION   EARLY    4.44                   NEUTRAL       —     NO     NO
LINKUSDT         ACCUMULATION   EARLY    4.43                   NEUTRAL       —     NO     NO
PEPEUSDT         ACCUMULATION   EARLY    4.24                   NEUTRAL       —     NO     NO
CHIPUSDT            BREAKDOWN    FAIR    4.20               WATCH_SHORT       —     NO     NO
ZECUSDT           COMPRESSION   EARLY    3.85                   NEUTRAL       —     NO     NO
DOGEUSDT          COMPRESSION   EARLY    3.57                   NEUTRAL       —     NO     NO
NEARUSDT         ACCUMULATION   EARLY    3.45                   NEUTRAL       —     NO     NO
SUIUSDT          ACCUMULATION   EARLY    2.56                   NEUTRAL       —     NO     NO
GALAUSDT         ACCUMULATION    FAIR    2.53                   NEUTRAL       —     NO     NO
FIGHTUSDT        ACCUMULATION    FAIR    1.81                   NEUTRAL       —     NO     NO

V7.4 PRE-MOVE SURVEILLANCE
Eligible: 7 | Primary: 5 | Reserve: 2

PRIMARY
 1 GPSUSDT        CONTINUATION   12.00 state=WATCH_LONG
 2 CHIPUSDT       REVERSAL       11.75 state=WATCH_SHORT
 3 PUMPUSDT       REVERSAL       11.27 state=WATCH_LONG
 4 ZECUSDT        REVERSAL       11.06 state=NEUTRAL
 5 BTWUSDT        CONTINUATION   10.97 state=DIRECTION_EMERGING_LONG

RESERVE
 6 LINKUSDT       REVERSAL       10.59 state=NEUTRAL
 7 HYPEUSDT       REVERSAL        9.85 state=NEUTRAL

Run ID: 37564f136a8948c5570e97b37aea4f6b
Snapshot saved: /home/runner/work/Alpha-Hunter/Alpha-Hunter/data/snapshots/snapshot-20260818T143749Z.json
State history: /home/runner/work/Alpha-Hunter/Alpha-Hunter/data/state-history.jsonl
Supabase: SAVED
Qualified discovery candidates: 5
EARLY candidates: 2
V7 Trade Ready: 0
Bitget private API: NOT_CONFIGURED
