V7.4 HOURLY PERFORMANCE TRACKER
Run ID: 37564f136a8948c5570e97b37aea4f6b

V7.4.1 SHADOW REVERSAL
 SH SYMBOL           V74     OLD   SHADOW
--------------------------------------------------
  1 CHIPUSDT           2   11.75    11.93
  2 LINKUSDT           6   10.59     8.31
  3 ZECUSDT            4   11.06     5.86
  4 HYPEUSDT           7    9.85     5.49
  5 PUMPUSDT           3   11.27     5.13
PERFORMANCE SIGNALS SAVED: 28
FEATURE ROWS SAVED: 28
V7.4 OUTCOMES 1H: saved=42 failed=0
V7.4 OUTCOMES 4H: saved=37 failed=0
V7.4 OUTCOMES 12H: saved=18 failed=0
V7.4 OUTCOMES 24H: saved=22 failed=0
OUTCOME EVALUATION COMPLETE: saved=119 failed=0

==========================================================================================
V7.4 CURRENT SURVEILLANCE COHORT
==========================================================================================
RANK SYMBOL         TIER      PATH            SCORE STATE
------------------------------------------------------------------------------------------
   1 GPSUSDT        PRIMARY   CONTINUATION    12.00 WATCH_LONG
   2 CHIPUSDT       PRIMARY   REVERSAL        11.75 WATCH_SHORT
   3 PUMPUSDT       PRIMARY   REVERSAL        11.27 WATCH_LONG
   4 ZECUSDT        PRIMARY   REVERSAL        11.06 NEUTRAL
   5 BTWUSDT        PRIMARY   CONTINUATION    10.97 DIRECTION_EMERGING_LONG
   6 LINKUSDT       RESERVE   REVERSAL        10.59 NEUTRAL
   7 HYPEUSDT       RESERVE   REVERSAL         9.85 NEUTRAL

================================================================================================================================
V7.4 FORWARD PERFORMANCE — RAW PRICE EXPANSION
================================================================================================================================

PRIMARY / RESERVE + PATH
  H TIER      PATH              N    POS%   AVG RAW   AVG ABS    EXP3%    EXP5%   EXP10%    UP5%    DN5%
--------------------------------------------------------------------------------------------------------------------------------
  1 PRIMARY   CONTINUATION     65   44.6%    0.134%    1.190%     9.2%     4.6%     0.0%    4.6%    0.0%
  1 PRIMARY   REVERSAL        103   55.3%    0.012%    1.251%    11.7%     1.9%     0.0%    0.0%    1.9%
  1 RESERVE   CONTINUATION     28   57.1%    0.980%    1.526%     3.6%     3.6%     3.6%    3.6%    0.0%
  1 RESERVE   REVERSAL         17   64.7%    0.071%    0.375%     0.0%     0.0%     0.0%    0.0%    0.0%
  4 PRIMARY   CONTINUATION     59   40.7%    0.499%    1.343%    15.3%     3.4%     0.0%    3.4%    0.0%
  4 PRIMARY   REVERSAL         89   57.3%   -0.292%    1.775%    19.1%     7.9%     1.1%    1.1%    6.7%
  4 RESERVE   CONTINUATION     17   64.7%    1.276%    1.874%    17.6%    11.8%     0.0%   11.8%    0.0%
  4 RESERVE   REVERSAL         12   83.3%    0.222%    0.854%     8.3%     0.0%     0.0%    0.0%    0.0%
 12 PRIMARY   CONTINUATION     22   54.5%   -0.065%    1.148%     9.1%     4.5%     0.0%    0.0%    4.5%
 12 PRIMARY   REVERSAL         48   52.1%   -0.526%    5.833%    56.2%    33.3%    12.5%    8.3%   25.0%
 12 RESERVE   CONTINUATION      6   50.0%    1.973%    2.146%    16.7%    16.7%     0.0%   16.7%    0.0%
 12 RESERVE   REVERSAL          1    0.0%   -0.452%    0.452%     0.0%     0.0%     0.0%    0.0%    0.0%

RANK QUALITY
  H RANK BUCKET         N    POS%   AVG RAW   AVG ABS    EXP3%    EXP5%   EXP10%    UP5%    DN5%
----------------------------------------------------------------------------------------------------------------
  1 TOP_1_3           110   50.9%    0.111%    1.504%    15.5%     4.5%     0.0%    2.7%    1.8%
  1 TOP_4_5            58   51.7%   -0.039%    0.703%     1.7%     0.0%     0.0%    0.0%    0.0%
  1 RESERVE_6_10       45   60.0%    0.636%    1.091%     2.2%     2.2%     2.2%    2.2%    0.0%
  4 TOP_1_3            98   51.0%    0.002%    1.843%    21.4%     8.2%     1.0%    2.0%    6.1%
  4 TOP_4_5            50   50.0%    0.065%    1.131%    10.0%     2.0%     0.0%    2.0%    0.0%
  4 RESERVE_6_10       29   72.4%    0.840%    1.452%    13.8%     6.9%     0.0%    6.9%    0.0%
 12 TOP_1_3            50   48.0%   -0.282%    5.072%    48.0%    28.0%    12.0%    8.0%   20.0%
 12 TOP_4_5            20   65.0%   -0.629%    2.581%    25.0%    15.0%     0.0%    0.0%   15.0%
 12 RESERVE_6_10        7   42.9%    1.627%    1.904%    14.3%    14.3%     0.0%   14.3%    0.0%

Metric definitions:
AVG RAW = average raw market return from detection price.
AVG ABS = average absolute price movement regardless of direction.
EXP3/5/10 = percentage of candidates moving at least 3% / 5% / 10% in either direction.
UP5 = raw upside move >= +5%; DN5 = raw downside move <= -5%.
No V7.4 trade-direction assumption is used in these metrics.

V7.4 TRACKING JOB: PASS
