
==============================================================================================================
ALPHA HUNTER V7.5 INDEPENDENT EPISODE MARKET TRACKER
==============================================================================================================
Episodes stored: 136
Active episodes: 65

ADAUSDT        REVERSAL      now=  -10.72% UP=    0.00% DOWN=  -13.51% 3=Y 5=Y 10=Y checks=65
DOGEUSDT       CONTINUATION  now=   -0.71% UP=    0.00% DOWN=   -2.32% 3=- 5=- 10=- checks=65
SKYAIUSDT      REVERSAL      now=  -37.86% UP=    0.00% DOWN=  -42.50% 3=Y 5=Y 10=Y checks=65
SOLUSDT        CONTINUATION  now=   -0.43% UP=    0.10% DOWN=   -4.13% 3=Y 5=- 10=- checks=65
SUIUSDT        CONTINUATION  now=   -6.40% UP=    0.00% DOWN=   -9.59% 3=Y 5=Y 10=- checks=65
COOKIEUSDT     CONTINUATION  now=  -17.79% UP=    0.00% DOWN=  -18.88% 3=Y 5=Y 10=Y checks=65
BTWUSDT        CONTINUATION  now=   90.39% UP=  113.81% DOWN=    0.00% 3=Y 5=Y 10=Y checks=65
CYSUSDT        CONTINUATION  now=  -49.81% UP=   78.38% DOWN=  -57.84% 3=Y 5=Y 10=Y checks=65
GWEIUSDT       REVERSAL      now=    2.57% UP=   17.67% DOWN=    0.00% 3=Y 5=Y 10=Y checks=65
BICOUSDT       REVERSAL      now=  -58.50% UP=    0.00% DOWN=  -59.94% 3=Y 5=Y 10=Y checks=65
SUIUSDT        CONTINUATION  now=   -5.29% UP=    0.00% DOWN=   -8.51% 3=Y 5=Y 10=- checks=65
MMTUSDT        REVERSAL      now=  -16.56% UP=    0.00% DOWN=  -21.43% 3=Y 5=Y 10=Y checks=65
IOTXUSDT       REVERSAL      now=  -10.57% UP=    0.00% DOWN=  -11.73% 3=Y 5=Y 10=Y checks=65
FORMUSDT       REVERSAL      now=   -5.99% UP=    0.00% DOWN=   -7.88% 3=Y 5=Y 10=- checks=65
JTOUSDT        REVERSAL      now=    0.84% UP=   11.45% DOWN=    0.00% 3=Y 5=Y 10=Y checks=65
4USDT          REVERSAL      now=  -16.53% UP=    0.00% DOWN=  -22.21% 3=Y 5=Y 10=Y checks=65
MUBARAKUSDT    REVERSAL      now=  -17.48% UP=    0.00% DOWN=  -24.10% 3=Y 5=Y 10=Y checks=65
PUMPUSDT       REVERSAL      now=   -0.07% UP=    5.86% DOWN=   -6.03% 3=Y 5=Y 10=- checks=65
HYPEUSDT       REVERSAL      now=    5.78% UP=    7.50% DOWN=   -0.62% 3=Y 5=Y 10=- checks=65
ACUUSDT        REVERSAL      now=    3.80% UP=   16.62% DOWN=  -12.33% 3=Y 5=Y 10=Y checks=65
BTWUSDT        CONTINUATION  now=   27.62% UP=   43.38% DOWN=  -10.16% 3=Y 5=Y 10=Y checks=65
AEONUSDT       CONTINUATION  now=   23.54% UP=   32.48% DOWN=   -6.91% 3=Y 5=Y 10=Y checks=65
LINKUSDT       CONTINUATION  now=   -0.28% UP=    0.77% DOWN=   -1.79% 3=- 5=- 10=- checks=18
BTWUSDT        REVERSAL      now=   16.65% UP=   16.91% DOWN=   -3.90% 3=Y 5=Y 10=Y checks=18
COWUSDT        REVERSAL      now=   -3.40% UP=    2.42% DOWN=   -6.80% 3=Y 5=Y 10=- checks=17
WLDUSDT        REVERSAL      now=   -7.78% UP=    2.07% DOWN=  -10.21% 3=Y 5=Y 10=Y checks=16
AEONUSDT       CONTINUATION  now=    7.48% UP=   15.25% DOWN=   -2.99% 3=Y 5=Y 10=Y checks=16
CHIPUSDT       REVERSAL      now=  -10.07% UP=    0.20% DOWN=  -11.74% 3=Y 5=Y 10=Y checks=15
AIOUSDT        REVERSAL      now=  -25.53% UP=    1.88% DOWN=  -34.36% 3=Y 5=Y 10=Y checks=15
WLDUSDT        CONTINUATION  now=   -8.71% UP=    1.04% DOWN=  -11.12% 3=Y 5=Y 10=Y checks=15
PRLUSDT        REVERSAL      now=   21.50% UP=   25.93% DOWN=   -0.05% 3=Y 5=Y 10=Y checks=14
LINKUSDT       REVERSAL      now=   -0.45% UP=    0.15% DOWN=   -1.96% 3=- 5=- 10=- checks=13
HUSDT          REVERSAL      now=   -8.34% UP=    6.35% DOWN=   -9.98% 3=Y 5=Y 10=- checks=13
CHIPUSDT       REVERSAL      now=   -5.20% UP=    3.66% DOWN=   -6.96% 3=Y 5=Y 10=- checks=13
HYPEUSDT       REVERSAL      now=    1.19% UP=    2.82% DOWN=    0.00% 3=- 5=- 10=- checks=11
LINKUSDT       CONTINUATION  now=   -0.35% UP=    0.23% DOWN=   -1.85% 3=- 5=- 10=- checks=11
HYPEUSDT       CONTINUATION  now=    0.77% UP=    2.40% DOWN=   -0.31% 3=- 5=- 10=- checks=10
CHIPUSDT       REVERSAL      now=   -2.39% UP=    6.73% DOWN=   -4.20% 3=Y 5=Y 10=- checks=10
ETHUSDT        CONTINUATION  now=    0.54% UP=    1.00% DOWN=   -0.96% 3=- 5=- 10=- checks=10
BTWUSDT        CONTINUATION  now=    8.51% UP=    8.75% DOWN=   -3.49% 3=Y 5=Y 10=- checks=10
ZECUSDT        CONTINUATION  now=   -0.49% UP=    0.50% DOWN=   -1.92% 3=- 5=- 10=- checks=8
HYPEUSDT       CONTINUATION  now=    0.57% UP=    2.16% DOWN=   -0.53% 3=- 5=- 10=- checks=8
PUMPUSDT       REVERSAL      now=    2.72% UP=    4.35% DOWN=   -0.22% 3=Y 5=- 10=- checks=8
LINKUSDT       REVERSAL      now=    1.20% UP=    1.75% DOWN=   -0.03% 3=- 5=- 10=- checks=8
BTWUSDT        REVERSAL      now=   10.36% UP=   10.61% DOWN=   -1.05% 3=Y 5=Y 10=Y checks=8
GPSUSDT        CONTINUATION  now=    2.79% UP=    9.06% DOWN=   -4.20% 3=Y 5=Y 10=- checks=7
CHIPUSDT       REVERSAL      now=   -5.27% UP=    3.58% DOWN=   -7.03% 3=Y 5=Y 10=- checks=7
DIAUSDT        REVERSAL      now=    4.74% UP=    4.74% DOWN=   -2.57% 3=Y 5=- 10=- checks=6
ETHUSDT        REVERSAL      now=    0.95% UP=    1.40% DOWN=   -0.21% 3=- 5=- 10=- checks=6
AEONUSDT       CONTINUATION  now=   -4.03% UP=    2.91% DOWN=   -4.92% 3=Y 5=- 10=- checks=6
BTWUSDT        CONTINUATION  now=   10.51% UP=   10.76% DOWN=   -0.30% 3=Y 5=Y 10=Y checks=5
DIAUSDT        REVERSAL      now=    5.67% UP=    5.67% DOWN=   -0.49% 3=Y 5=Y 10=- checks=4
SOLUSDT        CONTINUATION  now=    1.13% UP=    1.62% DOWN=   -0.38% 3=- 5=- 10=- checks=4
DIAUSDT        REVERSAL      now=    1.08% UP=    1.08% DOWN=   -2.71% 3=- 5=- 10=- checks=2
BTCUSDT        CONTINUATION  now=    0.67% UP=    1.07% DOWN=   -0.52% 3=- 5=- 10=- checks=2
AEONUSDT       CONTINUATION  now=   -3.82% UP=    0.76% DOWN=   -4.10% 3=Y 5=- 10=- checks=2
ZECUSDT        REVERSAL      now=    0.27% UP=    0.90% DOWN=   -1.19% 3=- 5=- 10=- checks=2
PUMPUSDT       REVERSAL      now=    0.96% UP=    2.57% DOWN=   -1.46% 3=- 5=- 10=- checks=2
GPSUSDT        CONTINUATION  now=    0.15% UP=    0.82% DOWN=    0.00% 3=- 5=- 10=- checks=1
BTWUSDT        CONTINUATION  now=    0.77% UP=    0.77% DOWN=    0.00% 3=- 5=- 10=- checks=1
PUMPUSDT       REVERSAL      now=    0.00% UP=    0.04% DOWN=   -0.14% 3=- 5=- 10=- checks=1
HYPEUSDT       REVERSAL      now=    0.04% UP=    0.06% DOWN=   -0.00% 3=- 5=- 10=- checks=1
LINKUSDT       REVERSAL      now=    0.01% UP=    0.02% DOWN=   -0.05% 3=- 5=- 10=- checks=1
CHIPUSDT       REVERSAL      now=    0.15% UP=    0.15% DOWN=    0.00% 3=- 5=- 10=- checks=1
ZECUSDT        REVERSAL      now=    0.13% UP=    0.14% DOWN=    0.00% 3=- 5=- 10=- checks=1

==============================================================================================================
TRACKER SUMMARY
==============================================================================================================
Checked: 65
Failed: 0
Supabase rows upserted: 136
3% episodes: 103
5% episodes: 92
10% episodes: 59

V7.5 EPISODE MARKET TRACKER: PASS
