
======================================================================================================================
ALPHA HUNTER V7.6 DIRECTION-PROOF ENGINE — SHADOW
======================================================================================================================
Eligible forward episodes: 38

SYMBOL         PATH          DIR         CONF   LONG   SHORT       15M        1H
----------------------------------------------------------------------------------------------------------------------
CHIPUSDT       REVERSAL      SHORT      87.5%   0.00    7.00   BEARISH   BEARISH
AIOUSDT        REVERSAL      SHORT     100.0%   0.00    8.00   BEARISH   BEARISH
WLDUSDT        CONTINUATION  UNKNOWN     0.0%   3.50    0.00   BULLISH     MIXED
PRLUSDT        REVERSAL      LONG       56.2%   4.50    0.00   BULLISH   BULLISH
LINKUSDT       REVERSAL      UNKNOWN     0.0%   1.00    0.00   BULLISH     MIXED
HUSDT          REVERSAL      SHORT      87.5%   0.00    7.00   BEARISH   BEARISH
CHIPUSDT       REVERSAL      SHORT      87.5%   0.00    7.00   BEARISH   BEARISH
HYPEUSDT       REVERSAL      UNKNOWN     0.0%   2.00    0.00     MIXED   BULLISH
LINKUSDT       CONTINUATION  UNKNOWN     0.0%   1.00    0.00   BULLISH     MIXED
HYPEUSDT       CONTINUATION  UNKNOWN     0.0%   2.00    0.00     MIXED   BULLISH
CHIPUSDT       REVERSAL      SHORT      87.5%   0.00    7.00   BEARISH   BEARISH
ETHUSDT        CONTINUATION  LONG       81.2%   6.50    0.00   BULLISH   BULLISH
BTWUSDT        CONTINUATION  LONG      100.0%   8.00    0.00   BULLISH   BULLISH
ZECUSDT        CONTINUATION  UNKNOWN     0.0%   1.00    0.00     MIXED     MIXED
HYPEUSDT       CONTINUATION  UNKNOWN     0.0%   2.00    0.00     MIXED   BULLISH
PUMPUSDT       REVERSAL      UNKNOWN     0.0%   2.00    0.00   BULLISH     MIXED
LINKUSDT       REVERSAL      UNKNOWN     0.0%   1.00    0.00   BULLISH     MIXED
BTWUSDT        REVERSAL      LONG      100.0%   8.00    0.00   BULLISH   BULLISH
GPSUSDT        CONTINUATION  UNKNOWN     0.0%   1.50    3.50     MIXED     MIXED
CHIPUSDT       REVERSAL      SHORT      87.5%   0.00    7.00   BEARISH   BEARISH
DIAUSDT        REVERSAL      LONG       75.0%   6.00    0.00   BULLISH     MIXED
ETHUSDT        REVERSAL      LONG       81.2%   6.50    0.00   BULLISH   BULLISH
AEONUSDT       CONTINUATION  SHORT      75.0%   0.00    6.00   BEARISH     MIXED
BTWUSDT        CONTINUATION  LONG      100.0%   8.00    0.00   BULLISH   BULLISH
DIAUSDT        REVERSAL      LONG       75.0%   6.00    0.00   BULLISH     MIXED
SOLUSDT        CONTINUATION  LONG       81.2%   6.50    0.00   BULLISH   BULLISH
DIAUSDT        REVERSAL      LONG       75.0%   6.00    0.00   BULLISH     MIXED
BTCUSDT        CONTINUATION  LONG       81.2%   6.50    0.00   BULLISH   BULLISH
AEONUSDT       CONTINUATION  SHORT      75.0%   0.00    6.00   BEARISH     MIXED
ZECUSDT        REVERSAL      UNKNOWN     0.0%   1.00    0.00     MIXED     MIXED
PUMPUSDT       REVERSAL      UNKNOWN     0.0%   2.00    0.00   BULLISH     MIXED
GPSUSDT        CONTINUATION  UNKNOWN     0.0%   3.50    3.50     MIXED   BULLISH
BTWUSDT        CONTINUATION  LONG      100.0%   8.00    0.00   BULLISH   BULLISH
PUMPUSDT       REVERSAL      UNKNOWN     0.0%   2.00    0.00   BULLISH     MIXED
HYPEUSDT       REVERSAL      UNKNOWN     0.0%   0.00    0.00     MIXED     MIXED
LINKUSDT       REVERSAL      UNKNOWN     0.0%   1.00    0.00   BULLISH     MIXED
CHIPUSDT       REVERSAL      SHORT      87.5%   0.00    7.00   BEARISH   BEARISH
ZECUSDT        REVERSAL      UNKNOWN     0.0%   1.00    0.00     MIXED     MIXED

======================================================================================================================
V7.6 SHADOW SUMMARY
======================================================================================================================
Evaluated: 38
LONG: 12
SHORT: 9
UNKNOWN: 17
Failures: 0
Supabase shadow rows saved: 38
Direction state rows saved: 38
Immutable transition rows saved: 38
Transition run ID: cloud5d-20260818T143711Z
Direction emerging: 12
Direction confirmed: 9
Lost confirmation: 1

IMPORTANT: V7.6 IS SHADOW ONLY.
No trade permission was generated.

V7.6 DIRECTION SHADOW: PASS
