
==============================================================================================================================
ALPHA HUNTER V7.9 MISSED-MOVER RECALL AUDITOR — SHADOW
==============================================================================================================================
Universe ledger rows loaded: 18975
Symbols with ledger history: 759
Audit rows: 197
Supabase rows upserted: 197

SYMBOL               MOVE    THR              QUAL         STAGE  REASON
------------------------------------------------------------------------------------------------------------------------------
AIOUSDT           -33.68%     5%FORWARD_24H_COMPLETE     DIRECTION  CONFIRMED_DIRECTION_UNAVAILABLE
AIOUSDT           -33.68%    10%FORWARD_24H_COMPLETE     DIRECTION  CONFIRMED_DIRECTION_UNAVAILABLE
AIOUSDT           -33.68%    20%FORWARD_24H_COMPLETE     DIRECTION  CONFIRMED_DIRECTION_UNAVAILABLE
1000RATSUSDT      +29.73%     5%FORWARD_24H_COMPLETE     SELECTION  ELIGIBLE_NOT_DEEP_SCANNED
1000RATSUSDT      +29.73%    10%FORWARD_24H_COMPLETE     SELECTION  ELIGIBLE_NOT_DEEP_SCANNED
1000RATSUSDT      +29.73%    20%FORWARD_24H_COMPLETE     SELECTION  ELIGIBLE_NOT_DEEP_SCANNED
ACEUSDT           +21.78%     5%FORWARD_24H_COMPLETE     DIRECTION  WRONG_DIRECTION
ACEUSDT           +21.78%    10%FORWARD_24H_COMPLETE     DIRECTION  WRONG_DIRECTION
ACEUSDT           +21.78%    20%FORWARD_24H_COMPLETE     DIRECTION  WRONG_DIRECTION
UNITASUSDT        -21.10%     5%FORWARD_24H_COMPLETE     SELECTION  ELIGIBLE_NOT_DEEP_SCANNED
UNITASUSDT        -21.10%    10%FORWARD_24H_COMPLETE     SELECTION  ELIGIBLE_NOT_DEEP_SCANNED
UNITASUSDT        -21.10%    20%FORWARD_24H_COMPLETE     DISCOVERY  SELECTED_WITHOUT_LIFECYCLE_EPISODE
KORUUSDT          -20.53%     5%FORWARD_24H_COMPLETE     DISCOVERY  SELECTED_WITHOUT_LIFECYCLE_EPISODE
KORUUSDT          -20.53%    10%FORWARD_24H_COMPLETE     PREFILTER  NOT_ELIGIBLE_BEFORE_EXPANSION
KORUUSDT          -20.53%    20%FORWARD_24H_COMPLETE     PREFILTER  NOT_ELIGIBLE_BEFORE_EXPANSION
PRLUSDT           +18.34%     5%FORWARD_24H_COMPLETE     DIRECTION  CONFIRMED_DIRECTION_UNAVAILABLE
PRLUSDT           +18.34%    10%FORWARD_24H_COMPLETE     SELECTION  ELIGIBLE_NOT_DEEP_SCANNED
JCTUSDT           +18.08%     5%FORWARD_24H_COMPLETE     SELECTION  ELIGIBLE_NOT_DEEP_SCANNED
JCTUSDT           +18.08%    10%FORWARD_24H_COMPLETE     SELECTION  ELIGIBLE_NOT_DEEP_SCANNED
SKDDUSDT          +17.98%     5%FORWARD_24H_COMPLETE     DISCOVERY  SELECTED_WITHOUT_LIFECYCLE_EPISODE
SKDDUSDT          +17.98%    10%FORWARD_24H_COMPLETE     PREFILTER  NOT_ELIGIBLE_BEFORE_EXPANSION
TUTUSDT           +17.80%     5%FORWARD_24H_COMPLETE     DISCOVERY  SELECTED_WITHOUT_LIFECYCLE_EPISODE
TUTUSDT           +17.80%    10%FORWARD_24H_COMPLETE     DISCOVERY  SELECTED_WITHOUT_LIFECYCLE_EPISODE
VVVUSDT           +16.38%     5%FORWARD_24H_COMPLETE     SELECTION  ELIGIBLE_NOT_DEEP_SCANNED
VVVUSDT           +16.38%    10%FORWARD_24H_COMPLETE     SELECTION  ELIGIBLE_NOT_DEEP_SCANNED
SKUUUSDT          -16.25%     5%FORWARD_24H_COMPLETE     DISCOVERY  SELECTED_WITHOUT_LIFECYCLE_EPISODE
SKUUUSDT          -16.25%    10%FORWARD_24H_COMPLETE     PREFILTER  NOT_ELIGIBLE_BEFORE_EXPANSION
SOXSUSDT          +15.69%     5%FORWARD_24H_COMPLETE     PREFILTER  NOT_ELIGIBLE_BEFORE_EXPANSION
SOXSUSDT          +15.69%    10%FORWARD_24H_COMPLETE     PREFILTER  NOT_ELIGIBLE_BEFORE_EXPANSION
SOXLUSDT          -15.21%     5%FORWARD_24H_COMPLETE     PREFILTER  NOT_ELIGIBLE_BEFORE_EXPANSION
SOXLUSDT          -15.21%    10%FORWARD_24H_COMPLETE     PREFILTER  NOT_ELIGIBLE_BEFORE_EXPANSION
RAMUSDT           -14.54%     5%FORWARD_24H_COMPLETE     DISCOVERY  SELECTED_WITHOUT_LIFECYCLE_EPISODE
RAMUSDT           -14.54%    10%FORWARD_24H_COMPLETE     DISCOVERY  SELECTED_WITHOUT_LIFECYCLE_EPISODE
MVLLUSDT          -14.35%     5%FORWARD_24H_COMPLETE     DISCOVERY  SELECTED_WITHOUT_LIFECYCLE_EPISODE
MVLLUSDT          -14.35%    10%FORWARD_24H_COMPLETE     DISCOVERY  SELECTED_WITHOUT_LIFECYCLE_EPISODE
REDUSDT           +14.25%     5%FORWARD_24H_COMPLETE     DIRECTION  CONFIRMED_DIRECTION_UNAVAILABLE
REDUSDT           +14.25%    10%FORWARD_24H_COMPLETE     SELECTION  ELIGIBLE_NOT_DEEP_SCANNED
SNXXUSDT          -13.84%     5%FORWARD_24H_COMPLETE     DISCOVERY  SELECTED_WITHOUT_LIFECYCLE_EPISODE
SNXXUSDT          -13.84%    10%FORWARD_24H_COMPLETE     DISCOVERY  SELECTED_WITHOUT_LIFECYCLE_EPISODE
CSOPSS2LHKDUSDT   -13.83%     5%FORWARD_24H_COMPLETE     DISCOVERY  SELECTED_WITHOUT_LIFECYCLE_EPISODE

Forward 24H complete audits: 197
Partial-history audits: 0

IMPORTANT: PARTIAL_HISTORY rows are evidence collection only.
Do not tune Alpha Hunter from partial-history failure labels.
No trade permission was generated.

V7.9 MISSED-MOVER RECALL AUDITOR: PASS
