
ALPHA HUNTER V7.1 — 2026-08-20T13:51:19.032436+00:00

Universe: 30 deep-scanned of 759 contracts
Eligible after prefilter: 378
Non-crypto rejected: 294

SYMBOL                  PHASE    TIME   BEHAV                     STATE      RR   DISC  TRADE
---------------------------------------------------------------------------------------------
SKYAIUSDT           EXPANSION    LATE    5.90   DIRECTION_EMERGING_LONG    0.13     NO     NO
HUSDT               BREAKDOWN    FAIR    5.66  DIRECTION_EMERGING_SHORT    0.01     NO     NO
XRPUSDT        DISTRIBUTION_RISK    LATE    5.56   DIRECTION_EMERGING_LONG    0.04     NO     NO
GPSUSDT           COMPRESSION   EARLY    5.41                   NEUTRAL       —    YES     NO
BRUSDT           ACCUMULATION    FAIR    5.33                   NEUTRAL       —    YES     NO
CAPUSDT           COMPRESSION   EARLY    4.87                   NEUTRAL       —     NO     NO
ETHUSDT          ACCUMULATION    FAIR    4.80                   NEUTRAL       —     NO     NO
1000RATSUSDT     ACCUMULATION    FAIR    4.63   DIRECTION_EMERGING_LONG    0.24     NO     NO
1000000MOGUSDT   ACCUMULATION    FAIR    4.57                WATCH_LONG       —     NO     NO
XLMUSDT          ACCUMULATION    FAIR    4.49                WATCH_LONG       —     NO     NO
CROUSDT        EXPANSION_MANAGEMENT    FAIR    4.37                WATCH_LONG       —     NO     NO
TRIAUSDT          COMPRESSION   EARLY    4.31                   NEUTRAL       —     NO     NO
MOODENGUSDT      ACCUMULATION    FAIR    4.27                WATCH_LONG       —     NO     NO
MUBARAKUSDT       COMPRESSION    FAIR    4.21               WATCH_SHORT       —     NO     NO
THETAUSDT        ACCUMULATION    FAIR    3.99                WATCH_LONG       —     NO     NO
VELVETUSDT       ACCUMULATION   EARLY    3.98               WATCH_SHORT       —     NO     NO
BANKUSDT          COMPRESSION   EARLY    3.93                WATCH_LONG       —     NO     NO
TREEUSDT          COMPRESSION   EARLY    3.87               WATCH_SHORT       —     NO     NO
SOLUSDT          ACCUMULATION    FAIR    3.86                   NEUTRAL       —     NO     NO
BTCUSDT          ACCUMULATION    FAIR    3.74                   NEUTRAL       —     NO     NO
ZROUSDT           COMPRESSION   EARLY    3.53                   NEUTRAL       —     NO     NO
MEWUSDT          ACCUMULATION    FAIR    3.51                WATCH_LONG       —     NO     NO
TRXUSDT          ACCUMULATION   EARLY    3.44   DIRECTION_EMERGING_LONG    0.24     NO     NO
1000BONKUSDT     ACCUMULATION    FAIR    3.17                WATCH_LONG       —     NO     NO
TURBOUSDT        ACCUMULATION    FAIR    2.97                WATCH_LONG       —     NO     NO
VVVUSDT           COMPRESSION   EARLY    2.90                   NEUTRAL       —     NO     NO
WLFIUSDT         ACCUMULATION   EARLY    2.55                   NEUTRAL       —     NO     NO
MELANIAUSDT      ACCUMULATION    FAIR    2.54                WATCH_LONG       —     NO     NO
ARBUSDT          ACCUMULATION    FAIR    2.51                   NEUTRAL       —     NO     NO
XMRUSDT          ACCUMULATION   EARLY    2.36               WATCH_SHORT       —     NO     NO

V7.4 PRE-MOVE SURVEILLANCE
Eligible: 8 | Primary: 5 | Reserve: 3

PRIMARY
 1 CAPUSDT        REVERSAL       12.77 state=NEUTRAL
 2 MUBARAKUSDT    REVERSAL       12.63 state=WATCH_SHORT
 3 TREEUSDT       REVERSAL       12.29 state=WATCH_SHORT
 4 VVVUSDT        REVERSAL       12.27 state=NEUTRAL
 5 BRUSDT         CONTINUATION   11.23 state=NEUTRAL

RESERVE
 6 WLFIUSDT       REVERSAL       10.55 state=NEUTRAL
 7 ZROUSDT        CONTINUATION    9.85 state=NEUTRAL
 8 XMRUSDT        REVERSAL        9.65 state=WATCH_SHORT

Run ID: 96d453317d46c05589fd2d1cb552c7cf
Snapshot saved: /home/runner/work/Alpha-Hunter/Alpha-Hunter/data/snapshots/snapshot-20260820T135119Z.json
State history: /home/runner/work/Alpha-Hunter/Alpha-Hunter/data/state-history.jsonl
Supabase: SAVED
Qualified discovery candidates: 2
EARLY candidates: 1
V7 Trade Ready: 0
Bitget private API: NOT_CONFIGURED
