
==============================================================================================================
ALPHA HUNTER V7.5 INDEPENDENT EPISODE MARKET TRACKER
==============================================================================================================
Episodes stored: 199
Active episodes: 61

CYSUSDT        CONTINUATION  now=  -44.24% UP=   78.38% DOWN=  -50.85% 3=Y 5=Y 10=Y checks=60
BTWUSDT        CONTINUATION  now=   86.04% UP=  268.12% DOWN=    0.00% 3=Y 5=Y 10=Y checks=60
COOKIEUSDT     CONTINUATION  now=  -10.88% UP=    0.00% DOWN=  -19.43% 3=Y 5=Y 10=Y checks=60
SUIUSDT        CONTINUATION  now=    3.29% UP=    4.72% DOWN=   -7.92% 3=Y 5=Y 10=- checks=60
SOLUSDT        CONTINUATION  now=   12.24% UP=   14.08% DOWN=   -4.13% 3=Y 5=Y 10=Y checks=60
SKYAIUSDT      REVERSAL      now=  -30.16% UP=    0.00% DOWN=  -53.06% 3=Y 5=Y 10=Y checks=60
DOGEUSDT       CONTINUATION  now=    9.64% UP=   10.50% DOWN=   -2.32% 3=Y 5=Y 10=Y checks=60
ADAUSDT        REVERSAL      now=   -1.82% UP=    0.00% DOWN=  -12.70% 3=Y 5=Y 10=Y checks=60
GWEIUSDT       REVERSAL      now=    1.65% UP=   17.67% DOWN=   -7.43% 3=Y 5=Y 10=Y checks=60
BICOUSDT       REVERSAL      now=  -60.30% UP=    0.00% DOWN=  -66.13% 3=Y 5=Y 10=Y checks=60
IOTXUSDT       REVERSAL      now=   -4.26% UP=    0.00% DOWN=  -11.34% 3=Y 5=Y 10=Y checks=60
MMTUSDT        REVERSAL      now=  -12.97% UP=    0.00% DOWN=  -20.84% 3=Y 5=Y 10=Y checks=60
SUIUSDT        CONTINUATION  now=    4.41% UP=    5.97% DOWN=   -6.82% 3=Y 5=Y 10=- checks=60
MUBARAKUSDT    REVERSAL      now=   -3.01% UP=   25.90% DOWN=  -24.10% 3=Y 5=Y 10=Y checks=60
4USDT          REVERSAL      now=  -13.20% UP=    0.00% DOWN=  -22.21% 3=Y 5=Y 10=Y checks=60
JTOUSDT        REVERSAL      now=    3.88% UP=    8.18% DOWN=   -2.16% 3=Y 5=Y 10=- checks=60
FORMUSDT       REVERSAL      now=   11.01% UP=   15.20% DOWN=   -7.88% 3=Y 5=Y 10=Y checks=60
PUMPUSDT       REVERSAL      now=   22.58% UP=   22.87% DOWN=   -5.65% 3=Y 5=Y 10=Y checks=60
ACUUSDT        REVERSAL      now=    5.47% UP=   29.06% DOWN=   -4.40% 3=Y 5=Y 10=Y checks=60
HYPEUSDT       REVERSAL      now=   27.62% UP=   31.44% DOWN=   -0.62% 3=Y 5=Y 10=Y checks=60
AEONUSDT       CONTINUATION  now=    0.56% UP=   28.99% DOWN=   -6.91% 3=Y 5=Y 10=Y checks=60
BTWUSDT        CONTINUATION  now=   24.50% UP=  146.86% DOWN=  -15.23% 3=Y 5=Y 10=Y checks=60
ZECUSDT        REVERSAL      now=   12.42% UP=   15.05% DOWN=   -0.72% 3=Y 5=Y 10=Y checks=17
HYPEUSDT       REVERSAL      now=   22.30% UP=   25.96% DOWN=   -1.10% 3=Y 5=Y 10=Y checks=17
OUSDT          CONTINUATION  now=   -3.71% UP=    1.24% DOWN=   -6.18% 3=Y 5=Y 10=- checks=17
LINKUSDT       CONTINUATION  now=   11.44% UP=   14.63% DOWN=    0.00% 3=Y 5=Y 10=Y checks=17
1000RATSUSDT   REVERSAL      now=    8.72% UP=    9.83% DOWN=   -4.96% 3=Y 5=Y 10=- checks=12
SOLUSDT        CONTINUATION  now=   11.72% UP=   13.63% DOWN=   -0.19% 3=Y 5=Y 10=Y checks=12
REDUSDT        REVERSAL      now=   21.23% UP=   35.87% DOWN=   -1.25% 3=Y 5=Y 10=Y checks=12
AEONUSDT       REVERSAL      now=  -10.40% UP=    5.43% DOWN=  -10.95% 3=Y 5=Y 10=Y checks=12
BTCUSDT        CONTINUATION  now=   11.21% UP=   12.41% DOWN=   -0.08% 3=Y 5=Y 10=Y checks=12
ETHUSDT        CONTINUATION  now=   18.51% UP=   21.67% DOWN=   -0.01% 3=Y 5=Y 10=Y checks=12
ACUUSDT        CONTINUATION  now=   -7.78% UP=   12.85% DOWN=   -8.37% 3=Y 5=Y 10=Y checks=9
VVVUSDT        REVERSAL      now=    1.81% UP=    6.66% DOWN=   -0.21% 3=Y 5=Y 10=- checks=8
LAUSDT         CONTINUATION  now=   -3.96% UP=    0.00% DOWN=   -5.57% 3=Y 5=Y 10=- checks=8
ACEUSDT        REVERSAL      now=   26.72% UP=   26.98% DOWN=   -6.91% 3=Y 5=Y 10=Y checks=7
LAUSDT         CONTINUATION  now=   -0.67% UP=    1.97% DOWN=   -2.33% 3=- 5=- 10=- checks=7
CAPUSDT        REVERSAL      now=   -1.58% UP=    2.43% DOWN=   -4.18% 3=Y 5=- 10=- checks=7
POLUSDT        CONTINUATION  now=    0.01% UP=    1.10% DOWN=   -0.88% 3=- 5=- 10=- checks=6
OPNUSDT        REVERSAL      now=    0.02% UP=    1.95% DOWN=   -2.15% 3=- 5=- 10=- checks=6
LAUSDT         REVERSAL      now=   -0.65% UP=    1.98% DOWN=   -2.32% 3=- 5=- 10=- checks=6
PUMPUSDT       CONTINUATION  now=   12.70% UP=   13.13% DOWN=   -0.32% 3=Y 5=Y 10=Y checks=6
ONGUSDT        CONTINUATION  now=   19.97% UP=   24.17% DOWN=   -4.60% 3=Y 5=Y 10=Y checks=5
TRXUSDT        REVERSAL      now=    1.58% UP=    1.97% DOWN=    0.00% 3=- 5=- 10=- checks=5
XMRUSDT        REVERSAL      now=    0.69% UP=    1.81% DOWN=   -0.04% 3=- 5=- 10=- checks=4
VVVUSDT        REVERSAL      now=    1.26% UP=    1.98% DOWN=   -0.75% 3=- 5=- 10=- checks=4
AEONUSDT       REVERSAL      now=  -11.31% UP=    0.20% DOWN=  -11.74% 3=Y 5=Y 10=Y checks=4
LAUSDT         REVERSAL      now=    1.47% UP=    2.94% DOWN=    0.00% 3=- 5=- 10=- checks=4
CAPUSDT        REVERSAL      now=    0.74% UP=    4.34% DOWN=   -1.92% 3=Y 5=- 10=- checks=4
WLFIUSDT       REVERSAL      now=   -0.08% UP=    1.20% DOWN=   -0.31% 3=- 5=- 10=- checks=3
1000RATSUSDT   CONTINUATION  now=    1.00% UP=    2.60% DOWN=   -1.75% 3=- 5=- 10=- checks=3
ONGUSDT        REVERSAL      now=   23.82% UP=   28.08% DOWN=   -1.60% 3=Y 5=Y 10=Y checks=3
XMRUSDT        REVERSAL      now=   -0.57% UP=    0.53% DOWN=   -0.57% 3=- 5=- 10=- checks=3
LAUSDT         CONTINUATION  now=    0.59% UP=    1.71% DOWN=   -0.60% 3=- 5=- 10=- checks=3
VVVUSDT        REVERSAL      now=    0.60% UP=    1.31% DOWN=   -0.08% 3=- 5=- 10=- checks=2
WLDUSDT        CONTINUATION  now=   -0.11% UP=    1.00% DOWN=   -0.39% 3=- 5=- 10=- checks=2
CAPUSDT        REVERSAL      now=    0.22% UP=    1.66% DOWN=   -1.53% 3=- 5=- 10=- checks=2
BRUSDT         CONTINUATION  now=    0.99% UP=    1.90% DOWN=   -0.93% 3=- 5=- 10=- checks=2
MUBARAKUSDT    REVERSAL      now=   -0.26% UP=    0.00% DOWN=   -0.26% 3=- 5=- 10=- checks=1
TREEUSDT       REVERSAL      now=    0.03% UP=    0.03% DOWN=   -0.03% 3=- 5=- 10=- checks=1
ZROUSDT        CONTINUATION  now=    0.07% UP=    0.07% DOWN=    0.00% 3=- 5=- 10=- checks=1

==============================================================================================================
TRACKER SUMMARY
==============================================================================================================
Checked: 61
Failed: 0
Supabase rows upserted: 199
3% episodes: 153
5% episodes: 144
10% episodes: 108

V7.5 EPISODE MARKET TRACKER: PASS
