
======================================================================================================================
ALPHA HUNTER V7.6 DIRECTION-PROOF ENGINE — SHADOW
======================================================================================================================
Eligible forward episodes: 39

SYMBOL         PATH          DIR         CONF   LONG   SHORT       15M        1H
----------------------------------------------------------------------------------------------------------------------
ZECUSDT        REVERSAL      LONG       56.2%   4.50    0.00   BULLISH   BULLISH
HYPEUSDT       REVERSAL      UNKNOWN     0.0%   3.00    2.50   BEARISH   BULLISH
OUSDT          CONTINUATION  SHORT      55.0%   2.00    5.00     MIXED   BEARISH
LINKUSDT       CONTINUATION  LONG       52.5%   4.50    1.00   BEARISH   BULLISH
1000RATSUSDT   REVERSAL      LONG       87.5%   7.00    0.00   BULLISH   BULLISH
SOLUSDT        CONTINUATION  UNKNOWN     0.0%   2.00    1.00     MIXED   BULLISH
REDUSDT        REVERSAL      SHORT      62.5%   0.00    5.00   BEARISH     MIXED
AEONUSDT       REVERSAL      SHORT     100.0%   0.00    8.00   BEARISH   BEARISH
BTCUSDT        CONTINUATION  LONG       56.2%   4.50    0.00     MIXED   BULLISH
ETHUSDT        CONTINUATION  LONG       52.5%   4.50    1.00     MIXED   BULLISH
ACUUSDT        CONTINUATION  SHORT     100.0%   0.00    8.00   BEARISH   BEARISH
VVVUSDT        REVERSAL      UNKNOWN     0.0%   1.00    0.00     MIXED     MIXED
LAUSDT         CONTINUATION  UNKNOWN     0.0%   1.50    1.00     MIXED     MIXED
ACEUSDT        REVERSAL      LONG      100.0%   8.00    0.00   BULLISH   BULLISH
LAUSDT         CONTINUATION  UNKNOWN     0.0%   1.50    1.00     MIXED     MIXED
CAPUSDT        REVERSAL      SHORT      58.8%   1.00    5.00     MIXED   BEARISH
POLUSDT        CONTINUATION  UNKNOWN     0.0%   1.50    1.00   BEARISH     MIXED
OPNUSDT        REVERSAL      LONG       75.0%   6.00    0.00   BULLISH     MIXED
LAUSDT         REVERSAL      UNKNOWN     0.0%   1.50    1.00     MIXED     MIXED
PUMPUSDT       CONTINUATION  LONG      100.0%   8.00    0.00   BULLISH   BULLISH
ONGUSDT        CONTINUATION  LONG       81.2%   6.50    0.00   BULLISH   BULLISH
TRXUSDT        REVERSAL      LONG       68.8%   5.50    0.00   BULLISH   BULLISH
XMRUSDT        REVERSAL      SHORT      44.4%   1.50    4.00   BEARISH   BEARISH
VVVUSDT        REVERSAL      UNKNOWN     0.0%   1.00    0.00     MIXED     MIXED
AEONUSDT       REVERSAL      SHORT     100.0%   0.00    8.00   BEARISH   BEARISH
LAUSDT         REVERSAL      UNKNOWN     0.0%   1.50    1.00     MIXED     MIXED
CAPUSDT        REVERSAL      SHORT      58.8%   1.00    5.00     MIXED   BEARISH
WLFIUSDT       REVERSAL      UNKNOWN     0.0%   0.00    3.00     MIXED   BEARISH
1000RATSUSDT   CONTINUATION  LONG       87.5%   7.00    0.00   BULLISH   BULLISH
ONGUSDT        REVERSAL      LONG       81.2%   6.50    0.00   BULLISH   BULLISH
XMRUSDT        REVERSAL      SHORT      44.4%   1.50    4.00   BEARISH   BEARISH
LAUSDT         CONTINUATION  UNKNOWN     0.0%   1.50    1.00     MIXED     MIXED
VVVUSDT        REVERSAL      UNKNOWN     0.0%   1.00    0.00     MIXED     MIXED
WLDUSDT        CONTINUATION  SHORT      50.0%   0.00    4.00   BEARISH     MIXED
CAPUSDT        REVERSAL      SHORT      58.8%   1.00    5.00     MIXED   BEARISH
BRUSDT         CONTINUATION  UNKNOWN     0.0%   3.50    2.50   BEARISH   BULLISH
MUBARAKUSDT    REVERSAL      SHORT      75.6%   1.50    6.50   BEARISH   BEARISH
TREEUSDT       REVERSAL      SHORT     100.0%   0.00    8.00   BEARISH   BEARISH
ZROUSDT        CONTINUATION  UNKNOWN     0.0%   2.00    3.00     MIXED     MIXED

======================================================================================================================
V7.6 SHADOW SUMMARY
======================================================================================================================
Evaluated: 39
LONG: 12
SHORT: 13
UNKNOWN: 14
Failures: 0
Supabase shadow rows saved: 39
Direction state rows saved: 39
Immutable transition rows saved: 39
Transition run ID: cloud5d-20260820T135020Z
Direction emerging: 7
Direction confirmed: 16
Lost confirmation: 2

IMPORTANT: V7.6 IS SHADOW ONLY.
No trade permission was generated.

V7.6 DIRECTION SHADOW: PASS
