
======================================================================================================================
ALPHA HUNTER V7.9 FULL-UNIVERSE HOURLY LEDGER — SHADOW
======================================================================================================================
Observed: 2026-08-20T13:51:21.845105+00:00
Hour bucket: 2026-08-20T13:00:00+00:00
Contract tickers: 759
Rows attempted: 759
Deep-scan selected: 30
Selection snapshot: 2026-08-20T13:51:19.032436+00:00
Selection run ID: 96d453317d46c05589fd2d1cb552c7cf
Prefilter eligible: 378
Eligible not selected: 348
Non-crypto: 294
Low liquidity: 80
Over-extended: 7
Invalid price skipped: 0
Rows purged >7d: 0

TOP ABSOLUTE 24H MOVERS
SYMBOL                  24H    ELIG    SCAN  STATUS
------------------------------------------------------------------------
BOMEUSDT            +62.89%       N       N  OVER_EXTENDED
BTWUSDT             -43.49%       N       N  OVER_EXTENDED
BEATUSDT            -32.23%       N       N  OVER_EXTENDED
MSTUUSDT            +31.84%       N       N  NON_CRYPTO
USELESSUSDT         +31.72%       N       N  OVER_EXTENDED
MAGMAUSDT           +30.29%       N       N  OVER_EXTENDED
NEIROCTOUSDT        +29.99%       N       N  OVER_EXTENDED
CONLUSDT            +26.36%       N       N  NON_CRYPTO
PNUTUSDT            +26.02%       N       N  OVER_EXTENDED
PRLUSDT             -23.57%       Y       N  ELIGIBLE_NOT_SELECTED
ONGUSDT             +22.69%       Y       N  ELIGIBLE_NOT_SELECTED
REDUSDT             +22.54%       Y       N  ELIGIBLE_NOT_SELECTED
ORDIUSDT            +22.13%       Y       N  ELIGIBLE_NOT_SELECTED
HYPEUSDT            +21.86%       Y       N  ELIGIBLE_NOT_SELECTED
REUSDT              +21.82%       Y       N  ELIGIBLE_NOT_SELECTED

IMPORTANT: V7.9 IS MEASUREMENT/AUDIT ONLY.
Same-hour reruns do not overwrite the first stored universe snapshot.
Raw universe evidence is retained for 7 days.
No trade permission was generated.

V7.9 FULL-UNIVERSE LEDGER: PASS
