
ALPHA HUNTER V7.1 — 2026-08-21T20:30:43.565270+00:00

Universe: 30 deep-scanned of 759 contracts
Eligible after prefilter: 404
Non-crypto rejected: 294

SYMBOL                  PHASE    TIME   BEHAV                     STATE      RR   DISC  TRADE
---------------------------------------------------------------------------------------------
WLFIUSDT          COMPRESSION   EARLY    4.91                   NEUTRAL       —     NO     NO
AAVEUSDT         ACCUMULATION    FAIR    4.67   DIRECTION_EMERGING_LONG    0.12     NO     NO
VELVETUSDT       ACCUMULATION    FAIR    4.61   DIRECTION_EMERGING_LONG    0.41     NO     NO
DOGEUSDT         ACCUMULATION   EARLY    4.40   DIRECTION_EMERGING_LONG    0.03     NO     NO
ETHUSDT          ACCUMULATION   EARLY    4.35   DIRECTION_EMERGING_LONG    0.02     NO     NO
XRPUSDT          ACCUMULATION    FAIR    4.32                   NEUTRAL       —     NO     NO
MOVEUSDT         ACCUMULATION    FAIR    4.14   DIRECTION_EMERGING_LONG    0.08     NO     NO
FORMUSDT            EXPANSION    LATE    4.12                WATCH_LONG       —     NO     NO
REUSDT           ACCUMULATION   EARLY    4.10                WATCH_LONG       —     NO     NO
GRTUSDT          ACCUMULATION    FAIR    4.09   DIRECTION_EMERGING_LONG    0.04     NO     NO
FLOKIUSDT        ACCUMULATION    FAIR    4.02   DIRECTION_EMERGING_LONG    0.21     NO     NO
CAPUSDT          ACCUMULATION   EARLY    4.01  DIRECTION_EMERGING_SHORT    0.42     NO     NO
BICOUSDT         ACCUMULATION    FAIR    4.00                   NEUTRAL       —     NO     NO
XPINUSDT         ACCUMULATION   EARLY    3.96  DIRECTION_EMERGING_SHORT    0.19     NO     NO
SANTOSUSDT        COMPRESSION   EARLY    3.92                WATCH_LONG       —     NO     NO
XLMUSDT          ACCUMULATION    FAIR    3.89                WATCH_LONG       —     NO     NO
IOTAUSDT         ACCUMULATION    FAIR    3.85                WATCH_LONG       —     NO     NO
ATHUSDT          ACCUMULATION    FAIR    3.78   DIRECTION_EMERGING_LONG    0.00     NO     NO
AEONUSDT          COMPRESSION   EARLY    3.75               WATCH_SHORT       —     NO     NO
TRXUSDT           COMPRESSION   EARLY    3.67                WATCH_LONG       —     NO     NO
SOLUSDT          ACCUMULATION   EARLY    3.61   DIRECTION_EMERGING_LONG    0.23     NO     NO
ZROUSDT          ACCUMULATION    FAIR    3.52                   NEUTRAL       —     NO     NO
YGGUSDT          ACCUMULATION    FAIR    3.50                WATCH_LONG       —     NO     NO
SKYAIUSDT        ACCUMULATION   EARLY    3.48                   NEUTRAL       —     NO     NO
BIOUSDT           COMPRESSION   EARLY    3.19                   NEUTRAL       —     NO     NO
BTCUSDT          ACCUMULATION   EARLY    3.01                WATCH_LONG       —     NO     NO
XMRUSDT           COMPRESSION   EARLY    3.01                   NEUTRAL       —     NO     NO
MANTRAUSDT        COMPRESSION    FAIR    2.90                   NEUTRAL       —     NO     NO
KASUSDT           COMPRESSION   EARLY    2.67                   NEUTRAL       —     NO     NO
MORPHOUSDT       ACCUMULATION   EARLY    2.44                   NEUTRAL       —     NO     NO

V7.4 PRE-MOVE SURVEILLANCE
Eligible: 7 | Primary: 5 | Reserve: 2

PRIMARY
 1 SANTOSUSDT     REVERSAL       13.35 state=WATCH_LONG
 2 WLFIUSDT       REVERSAL       11.17 state=NEUTRAL
 3 MORPHOUSDT     REVERSAL       10.91 state=NEUTRAL
 4 BIOUSDT        REVERSAL       10.26 state=NEUTRAL
 5 KASUSDT        REVERSAL        9.88 state=NEUTRAL

RESERVE
 6 SKYAIUSDT      REVERSAL        9.86 state=NEUTRAL
 7 TRXUSDT        CONTINUATION    8.98 state=WATCH_LONG

Run ID: 4998b04161cae34aead8e446c114b884
Snapshot saved: /home/runner/work/Alpha-Hunter/Alpha-Hunter/data/snapshots/snapshot-20260821T203043Z.json
State history: /home/runner/work/Alpha-Hunter/Alpha-Hunter/data/state-history.jsonl
Supabase: SAVED
Qualified discovery candidates: 0
EARLY candidates: 0
V7 Trade Ready: 0
Bitget private API: NOT_CONFIGURED
