V7.4 HOURLY PERFORMANCE TRACKER
Run ID: 4998b04161cae34aead8e446c114b884

V7.4.1 SHADOW REVERSAL
 SH SYMBOL           V74     OLD   SHADOW
--------------------------------------------------
  1 SANTOSUSDT         1   13.35     9.09
  2 SKYAIUSDT          6    9.86     8.74
  3 MORPHOUSDT         3   10.91     7.84
  4 WLFIUSDT           2   11.17     7.37
  5 KASUSDT            5    9.88     6.49
  6 BIOUSDT            4   10.26     3.28
PERFORMANCE SIGNALS SAVED: 30
FEATURE ROWS SAVED: 30
V7.4 OUTCOMES 1H: saved=0 failed=0
V7.4 OUTCOMES 4H: saved=4 failed=0
V7.4 OUTCOMES 12H: saved=0 failed=0
V7.4 OUTCOMES 24H: saved=0 failed=0
OUTCOME EVALUATION COMPLETE: saved=4 failed=0

==========================================================================================
V7.4 CURRENT SURVEILLANCE COHORT
==========================================================================================
RANK SYMBOL         TIER      PATH            SCORE STATE
------------------------------------------------------------------------------------------
   1 SANTOSUSDT     PRIMARY   REVERSAL        13.35 WATCH_LONG
   2 WLFIUSDT       PRIMARY   REVERSAL        11.17 NEUTRAL
   3 MORPHOUSDT     PRIMARY   REVERSAL        10.91 NEUTRAL
   4 BIOUSDT        PRIMARY   REVERSAL        10.26 NEUTRAL
   5 KASUSDT        PRIMARY   REVERSAL         9.88 NEUTRAL
   6 SKYAIUSDT      RESERVE   REVERSAL         9.86 NEUTRAL
   7 TRXUSDT        RESERVE   CONTINUATION     8.98 WATCH_LONG

================================================================================================================================
V7.4 FORWARD PERFORMANCE — RAW PRICE EXPANSION
================================================================================================================================

PRIMARY / RESERVE + PATH
  H TIER      PATH              N    POS%   AVG RAW   AVG ABS    EXP3%    EXP5%   EXP10%    UP5%    DN5%
--------------------------------------------------------------------------------------------------------------------------------
  1 PRIMARY   CONTINUATION     72   70.8%    0.889%    1.598%    13.9%     6.9%     0.0%    4.2%    2.8%
  1 PRIMARY   REVERSAL         66   51.5%    0.363%    0.957%     4.5%     0.0%     0.0%    0.0%    0.0%
  1 RESERVE   CONTINUATION     28   85.7%    1.092%    1.609%    17.9%     7.1%     0.0%    3.6%    3.6%
  1 RESERVE   REVERSAL          4   50.0%    0.709%    2.623%    50.0%     0.0%     0.0%    0.0%    0.0%
  4 PRIMARY   CONTINUATION     64   81.2%    2.464%    3.196%    40.6%    29.7%     3.1%   25.0%    4.7%
  4 PRIMARY   REVERSAL         47   68.1%    1.921%    2.585%    21.3%    12.8%     8.5%   12.8%    0.0%
  4 RESERVE   CONTINUATION     24   87.5%    3.418%    3.852%    58.3%    29.2%     8.3%   25.0%    4.2%
  4 RESERVE   REVERSAL          2  100.0%    3.904%    3.904%    50.0%     0.0%     0.0%    0.0%    0.0%
 12 PRIMARY   CONTINUATION     28   89.3%    5.159%    5.429%    67.9%    39.3%    17.9%   39.3%    0.0%
 12 PRIMARY   REVERSAL         16   81.2%    6.996%    7.516%    43.8%    37.5%    31.2%   37.5%    0.0%
 12 RESERVE   CONTINUATION     16   93.8%    6.637%    6.832%    75.0%    68.8%    18.8%   68.8%    0.0%

RANK QUALITY
  H RANK BUCKET         N    POS%   AVG RAW   AVG ABS    EXP3%    EXP5%   EXP10%    UP5%    DN5%
----------------------------------------------------------------------------------------------------------------
  1 TOP_1_3            92   57.6%    0.500%    1.337%     7.6%     5.4%     0.0%    3.3%    2.2%
  1 TOP_4_5            46   69.6%    0.911%    1.200%    13.0%     0.0%     0.0%    0.0%    0.0%
  1 RESERVE_6_10       32   81.2%    1.044%    1.735%    21.9%     6.2%     0.0%    3.1%    3.1%
  4 TOP_1_3            72   72.2%    2.175%    3.045%    31.9%    20.8%     6.9%   18.1%    2.8%
  4 TOP_4_5            39   82.1%    2.342%    2.738%    33.3%    25.6%     2.6%   23.1%    2.6%
  4 RESERVE_6_10       26   88.5%    3.456%    3.856%    57.7%    26.9%     7.7%   23.1%    3.8%
 12 TOP_1_3            27   81.5%    6.459%    6.935%    51.9%    37.0%    25.9%   37.0%    0.0%
 12 TOP_4_5            17   94.1%    4.824%    5.001%    70.6%    41.2%    17.6%   41.2%    0.0%
 12 RESERVE_6_10       16   93.8%    6.637%    6.832%    75.0%    68.8%    18.8%   68.8%    0.0%

Metric definitions:
AVG RAW = average raw market return from detection price.
AVG ABS = average absolute price movement regardless of direction.
EXP3/5/10 = percentage of candidates moving at least 3% / 5% / 10% in either direction.
UP5 = raw upside move >= +5%; DN5 = raw downside move <= -5%.
No V7.4 trade-direction assumption is used in these metrics.

V7.4 TRACKING JOB: PASS
