
==============================================================================================================
ALPHA HUNTER V7.5 INDEPENDENT EPISODE MARKET TRACKER
==============================================================================================================
Episodes stored: 276
Active episodes: 97

ADAUSDT        REVERSAL      now=   10.77% UP=   12.24% DOWN=  -12.70% 3=Y 5=Y 10=Y checks=50
DOGEUSDT       CONTINUATION  now=   21.03% UP=   21.15% DOWN=   -2.32% 3=Y 5=Y 10=Y checks=50
SKYAIUSDT      REVERSAL      now=  -28.76% UP=    0.00% DOWN=  -48.62% 3=Y 5=Y 10=Y checks=50
SOLUSDT        CONTINUATION  now=   18.88% UP=   19.35% DOWN=   -4.13% 3=Y 5=Y 10=Y checks=50
SUIUSDT        CONTINUATION  now=   15.71% UP=   17.38% DOWN=   -7.26% 3=Y 5=Y 10=Y checks=50
COOKIEUSDT     CONTINUATION  now=   -7.23% UP=    0.00% DOWN=  -18.26% 3=Y 5=Y 10=Y checks=50
BTWUSDT        CONTINUATION  now=  136.20% UP=  138.79% DOWN=    0.00% 3=Y 5=Y 10=Y checks=50
CYSUSDT        CONTINUATION  now=  -46.80% UP=   78.38% DOWN=  -50.85% 3=Y 5=Y 10=Y checks=50
GWEIUSDT       REVERSAL      now=    7.02% UP=   18.04% DOWN=   -2.98% 3=Y 5=Y 10=Y checks=50
BICOUSDT       REVERSAL      now=  -56.11% UP=    0.00% DOWN=  -61.82% 3=Y 5=Y 10=Y checks=50
SUIUSDT        CONTINUATION  now=   17.14% UP=   18.78% DOWN=   -6.16% 3=Y 5=Y 10=Y checks=50
MMTUSDT        REVERSAL      now=   -6.54% UP=    0.00% DOWN=  -17.89% 3=Y 5=Y 10=Y checks=50
IOTXUSDT       REVERSAL      now=    5.32% UP=    6.09% DOWN=  -11.34% 3=Y 5=Y 10=Y checks=50
FORMUSDT       REVERSAL      now=   26.72% UP=   30.08% DOWN=   -7.88% 3=Y 5=Y 10=Y checks=50
JTOUSDT        REVERSAL      now=   12.55% UP=   13.82% DOWN=   -0.43% 3=Y 5=Y 10=Y checks=50
4USDT          REVERSAL      now=   -7.02% UP=    0.00% DOWN=  -22.21% 3=Y 5=Y 10=Y checks=50
MUBARAKUSDT    REVERSAL      now=    5.61% UP=    9.22% DOWN=  -24.10% 3=Y 5=Y 10=Y checks=50
PUMPUSDT       REVERSAL      now=   38.85% UP=   50.49% DOWN=   -5.65% 3=Y 5=Y 10=Y checks=50
HYPEUSDT       REVERSAL      now=   34.14% UP=   38.64% DOWN=   -0.62% 3=Y 5=Y 10=Y checks=50
ACUUSDT        REVERSAL      now=    8.59% UP=   16.62% DOWN=   -4.40% 3=Y 5=Y 10=Y checks=50
BTWUSDT        CONTINUATION  now=   58.40% UP=   60.13% DOWN=  -10.16% 3=Y 5=Y 10=Y checks=50
AEONUSDT       CONTINUATION  now=   -0.18% UP=   28.99% DOWN=   -6.91% 3=Y 5=Y 10=Y checks=50
LINKUSDT       CONTINUATION  now=   24.41% UP=   25.07% DOWN=    0.00% 3=Y 5=Y 10=Y checks=34
OUSDT          CONTINUATION  now=    5.41% UP=    6.12% DOWN=   -6.18% 3=Y 5=Y 10=- checks=34
HYPEUSDT       REVERSAL      now=   28.58% UP=   32.86% DOWN=   -1.10% 3=Y 5=Y 10=Y checks=34
ZECUSDT        REVERSAL      now=   39.23% UP=   42.88% DOWN=   -0.72% 3=Y 5=Y 10=Y checks=34
1000RATSUSDT   REVERSAL      now=   -8.07% UP=    9.83% DOWN=   -8.91% 3=Y 5=Y 10=- checks=29
ETHUSDT        CONTINUATION  now=   27.09% UP=   27.50% DOWN=   -0.01% 3=Y 5=Y 10=Y checks=29
BTCUSDT        CONTINUATION  now=   20.15% UP=   23.41% DOWN=   -0.08% 3=Y 5=Y 10=Y checks=29
AEONUSDT       REVERSAL      now=  -11.06% UP=    5.43% DOWN=  -13.04% 3=Y 5=Y 10=Y checks=29
REDUSDT        REVERSAL      now=   41.32% UP=   60.05% DOWN=   -1.25% 3=Y 5=Y 10=Y checks=29
SOLUSDT        CONTINUATION  now=   18.43% UP=   20.51% DOWN=   -0.19% 3=Y 5=Y 10=Y checks=29
WLFIUSDT       REVERSAL      now=    0.10% UP=    3.31% DOWN=   -3.33% 3=Y 5=- 10=- checks=14
WLDUSDT        CONTINUATION  now=    5.37% UP=   10.44% DOWN=   -0.44% 3=Y 5=Y 10=Y checks=14
LDOUSDT        CONTINUATION  now=    9.88% UP=   10.60% DOWN=   -0.18% 3=Y 5=Y 10=Y checks=14
TREEUSDT       REVERSAL      now=    8.76% UP=    9.70% DOWN=   -1.80% 3=Y 5=Y 10=- checks=14
NEARUSDT       REVERSAL      now=    9.91% UP=   12.48% DOWN=   -0.02% 3=Y 5=Y 10=Y checks=14
LITUSDT        REVERSAL      now=   16.13% UP=   19.55% DOWN=   -1.95% 3=Y 5=Y 10=Y checks=14
XMRUSDT        REVERSAL      now=    0.57% UP=    2.88% DOWN=   -1.65% 3=- 5=- 10=- checks=14
ONDOUSDT       REVERSAL      now=    9.64% UP=   15.65% DOWN=   -0.09% 3=Y 5=Y 10=Y checks=7
VVVUSDT        REVERSAL      now=    5.29% UP=    8.95% DOWN=    0.00% 3=Y 5=Y 10=- checks=7
UNIUSDT        CONTINUATION  now=    7.99% UP=    8.15% DOWN=    0.00% 3=Y 5=Y 10=- checks=7
TRUMPUSDT      CONTINUATION  now=    8.19% UP=   18.72% DOWN=   -0.24% 3=Y 5=Y 10=Y checks=7
NEARUSDT       CONTINUATION  now=    9.09% UP=   10.56% DOWN=   -0.11% 3=Y 5=Y 10=Y checks=7
ZECUSDT        CONTINUATION  now=   22.95% UP=   26.06% DOWN=   -0.15% 3=Y 5=Y 10=Y checks=7
LINKUSDT       CONTINUATION  now=   11.77% UP=   11.77% DOWN=   -0.11% 3=Y 5=Y 10=Y checks=7
TREEUSDT       REVERSAL      now=   10.29% UP=   11.24% DOWN=    0.00% 3=Y 5=Y 10=Y checks=7
WLDUSDT        CONTINUATION  now=    5.28% UP=   10.32% DOWN=   -0.08% 3=Y 5=Y 10=Y checks=7
LUMIAUSDT      CONTINUATION  now=    4.10% UP=    7.95% DOWN=    0.00% 3=Y 5=Y 10=- checks=7
AAVEUSDT       CONTINUATION  now=   12.97% UP=   14.39% DOWN=   -0.48% 3=Y 5=Y 10=Y checks=13
RENDERUSDT     CONTINUATION  now=    6.04% UP=    8.24% DOWN=   -0.16% 3=Y 5=Y 10=- checks=12
BTWUSDT        REVERSAL      now=   17.11% UP=   27.47% DOWN=   -2.82% 3=Y 5=Y 10=Y checks=12
MAGMAUSDT      CONTINUATION  now=   36.88% UP=   39.52% DOWN=   -0.21% 3=Y 5=Y 10=Y checks=12
INJUSDT        CONTINUATION  now=    3.69% UP=    6.67% DOWN=   -0.27% 3=Y 5=Y 10=- checks=12
TRUMPUSDT      REVERSAL      now=    9.51% UP=   20.17% DOWN=   -0.18% 3=Y 5=Y 10=Y checks=11
LDOUSDT        CONTINUATION  now=    8.55% UP=    9.26% DOWN=   -0.06% 3=Y 5=Y 10=- checks=11
MONUSDT        CONTINUATION  now=    8.83% UP=    9.71% DOWN=   -0.99% 3=Y 5=Y 10=- checks=11
HYPEUSDT       CONTINUATION  now=    3.77% UP=    7.28% DOWN=   -1.93% 3=Y 5=Y 10=- checks=11
USELESSUSDT    CONTINUATION  now=   23.45% UP=   28.48% DOWN=   -0.47% 3=Y 5=Y 10=Y checks=11
REUSDT         CONTINUATION  now=    1.70% UP=    5.20% DOWN=   -9.86% 3=Y 5=Y 10=- checks=10
XMRUSDT        REVERSAL      now=   -1.20% UP=    0.47% DOWN=   -3.43% 3=Y 5=- 10=- checks=10
ONDOUSDT       CONTINUATION  now=    5.45% UP=   11.25% DOWN=   -0.74% 3=Y 5=Y 10=Y checks=10
TRUMPUSDT      CONTINUATION  now=    7.60% UP=   18.08% DOWN=   -0.24% 3=Y 5=Y 10=Y checks=10
INJUSDT        CONTINUATION  now=    3.37% UP=    6.33% DOWN=   -0.11% 3=Y 5=Y 10=- checks=10
MAGMAUSDT      CONTINUATION  now=   33.79% UP=   36.08% DOWN=   -2.40% 3=Y 5=Y 10=Y checks=9
AAVEUSDT       CONTINUATION  now=   11.22% UP=   12.63% DOWN=   -0.33% 3=Y 5=Y 10=Y checks=9
BRETTUSDT      CONTINUATION  now=    8.79% UP=   13.36% DOWN=   -0.02% 3=Y 5=Y 10=Y checks=9
INJUSDT        CONTINUATION  now=   -1.44% UP=    1.38% DOWN=   -3.13% 3=Y 5=- 10=- checks=8
1000SATSUSDT   CONTINUATION  now=    0.31% UP=    2.80% DOWN=   -4.67% 3=Y 5=- 10=- checks=8
ETHFIUSDT      CONTINUATION  now=    9.35% UP=   12.21% DOWN=   -4.21% 3=Y 5=Y 10=Y checks=8
TRUMPUSDT      CONTINUATION  now=    2.28% UP=   12.24% DOWN=   -3.13% 3=Y 5=Y 10=Y checks=8
TRXUSDT        CONTINUATION  now=    0.25% UP=    0.65% DOWN=   -0.06% 3=- 5=- 10=- checks=8
LDOUSDT        CONTINUATION  now=    3.35% UP=    3.97% DOWN=   -1.52% 3=Y 5=- 10=- checks=8
WLFIUSDT       CONTINUATION  now=    0.20% UP=    3.45% DOWN=   -1.63% 3=Y 5=- 10=- checks=7
BIOUSDT        CONTINUATION  now=   -0.90% UP=    1.84% DOWN=   -3.77% 3=Y 5=- 10=- checks=7
XMRUSDT        REVERSAL      now=    0.04% UP=    0.95% DOWN=   -2.25% 3=- 5=- 10=- checks=6
XMRUSDT        REVERSAL      now=   -0.72% UP=    0.00% DOWN=   -2.99% 3=- 5=- 10=- checks=5
MAGMAUSDT      CONTINUATION  now=   30.06% UP=   32.23% DOWN=    0.00% 3=Y 5=Y 10=Y checks=5
WLFIUSDT       CONTINUATION  now=   -0.19% UP=    3.06% DOWN=   -1.83% 3=Y 5=- 10=- checks=5
TRXUSDT        CONTINUATION  now=    0.06% UP=    0.11% DOWN=   -0.25% 3=- 5=- 10=- checks=5
ALLOUSDT       REVERSAL      now=   -0.58% UP=    0.35% DOWN=   -2.04% 3=- 5=- 10=- checks=6
TRXUSDT        CONTINUATION  now=    0.13% UP=    0.18% DOWN=   -0.11% 3=- 5=- 10=- checks=6
WLFIUSDT       CONTINUATION  now=   -0.11% UP=    3.11% DOWN=   -1.20% 3=Y 5=- 10=- checks=6
SANTOSUSDT     REVERSAL      now=    1.31% UP=    3.65% DOWN=   -0.31% 3=Y 5=- 10=- checks=6
REUSDT         REVERSAL      now=    3.00% UP=    3.86% DOWN=   -1.20% 3=Y 5=- 10=- checks=5
ONGUSDT        REVERSAL      now=    3.10% UP=    3.75% DOWN=   -0.74% 3=Y 5=- 10=- checks=4
BOMEUSDT       REVERSAL      now=    0.86% UP=    1.62% DOWN=   -2.51% 3=- 5=- 10=- checks=4
SANTOSUSDT     REVERSAL      now=    0.49% UP=    2.80% DOWN=   -0.80% 3=- 5=- 10=- checks=2
BIOUSDT        CONTINUATION  now=    0.63% UP=    0.70% DOWN=   -2.28% 3=- 5=- 10=- checks=2
SANTOSUSDT     REVERSAL      now=    0.68% UP=    1.21% DOWN=   -0.45% 3=- 5=- 10=- checks=3
FILUSDT        CONTINUATION  now=    2.50% UP=    2.57% DOWN=   -0.83% 3=- 5=- 10=- checks=3
BIOUSDT        REVERSAL      now=    1.18% UP=    1.24% DOWN=   -1.59% 3=- 5=- 10=- checks=3
XLMUSDT        CONTINUATION  now=    1.24% UP=    1.52% DOWN=   -0.72% 3=- 5=- 10=- checks=3
WLFIUSDT       REVERSAL      now=   -0.19% UP=    1.68% DOWN=   -1.25% 3=- 5=- 10=- checks=3
MORPHOUSDT     REVERSAL      now=   -1.24% UP=    0.27% DOWN=   -3.06% 3=Y 5=- 10=- checks=3
SKYAIUSDT      REVERSAL      now=   -1.06% UP=    0.36% DOWN=   -1.47% 3=- 5=- 10=- checks=2
KASUSDT        REVERSAL      now=    0.21% UP=    0.21% DOWN=    0.00% 3=- 5=- 10=- checks=1

==============================================================================================================
TRACKER SUMMARY
==============================================================================================================
Checked: 97
Failed: 0
Supabase rows upserted: 276
3% episodes: 228
5% episodes: 204
10% episodes: 150

V7.5 EPISODE MARKET TRACKER: PASS
