V7.5 state restored from Supabase: 275

ALPHA HUNTER V7.5 OPPORTUNITY LIFECYCLE
Run ID: 4998b04161cae34aead8e446c114b884
Timestamp: 2026-08-21T20:30:43.565270+00:00
Lifecycle candidates: 7

UPDATE WLFIUSDT       REVERSAL      state=PRE_MOVE_DETECTED    det=3   v74=10.00 rank=5 shadow= 6.50 provisional=ACTIVE final=PENDING
UPDATE SANTOSUSDT     REVERSAL      state=PRE_MOVE_DETECTED    det=3   v74=12.32 rank=2 shadow= 7.73 provisional=ACTIVE final=PENDING
UPDATE TRXUSDT        CONTINUATION  state=DIRECTION_EMERGING   det=6   v74= 8.91 rank=4 shadow= 0.00 provisional=ACTIVE final=PENDING
UPDATE SKYAIUSDT      REVERSAL      state=PRE_MOVE_DETECTED    det=2   v74= 9.76 rank=7 shadow= 7.73 provisional=ACTIVE final=PENDING
UPDATE BIOUSDT        REVERSAL      state=PRE_MOVE_DETECTED    det=3   v74=10.37 rank=4 shadow= 6.29 provisional=ACTIVE final=PENDING
NEW    KASUSDT        REVERSAL      state=PRE_MOVE_DETECTED    det=1   v74= 9.88 rank=5 shadow= 6.49 provisional=ACTIVE final=PENDING
UPDATE MORPHOUSDT     REVERSAL      state=EXPANSION            det=3   v74= 9.85 rank=8 shadow= 7.49 provisional=GOOD_DETECTION final=PENDING

Supabase lifecycle rows upserted: 276
Supabase lifecycle row count: 276

====================================================================================================
V7.5 LIFECYCLE SUMMARY
====================================================================================================
Episodes stored: 276
Created this run: 1
Updated this run: 6
Active episodes: 276

STATE COUNTS
DIRECTION_EMERGING       23
EXPANSION                4
FINALIZED                179
PRE_MOVE_DETECTED        70

State file: /home/runner/work/Alpha-Hunter/Alpha-Hunter/data/v75-lifecycle-episodes.json
History file: /home/runner/work/Alpha-Hunter/Alpha-Hunter/data/v75-lifecycle-history.jsonl

V7.5 LIFECYCLE JOB: PASS
