
======================================================================================================================
ALPHA HUNTER V7.6 POST-CONFIRMATION OUTCOME TRACKER — SHADOW
======================================================================================================================
Confirmed outcome rows: 226
Created this run: 0

ZROUSDT        LONG   quality=FORWARD_COMPLETE now=   8.94% MFE=  15.93% MAE=  -0.10% lost=- done=-
LITUSDT        SHORT  quality=FORWARD_COMPLETE now= -17.42% MFE=   0.15% MAE= -21.75% lost=Y done=-
REUSDT         LONG   quality=FORWARD_COMPLETE now=  -1.74% MFE=   0.14% MAE= -13.23% lost=Y done=-
WLFIUSDT       LONG   quality=FORWARD_COMPLETE now=   0.15% MFE=   3.43% MAE=  -1.64% lost=Y done=-
BIOUSDT        LONG   quality=FORWARD_COMPLETE now=  -1.82% MFE=   0.96% MAE=  -4.60% lost=Y done=-
TRXUSDT        LONG   quality=FORWARD_COMPLETE now=  -0.30% MFE=   0.10% MAE=  -0.61% lost=Y done=-
XMRUSDT        SHORT  quality=FORWARD_COMPLETE now=  -0.34% MFE=   1.74% MAE=  -1.47% lost=Y done=-
LDOUSDT        LONG   quality=FORWARD_COMPLETE now=   1.42% MFE=   2.50% MAE=  -1.42% lost=Y done=-
AAVEUSDT       LONG   quality=FORWARD_COMPLETE now=  -0.09% MFE=   1.22% MAE=  -3.30% lost=- done=-
LITUSDT        SHORT  quality=FORWARD_COMPLETE now= -17.28% MFE=   0.27% MAE= -21.61% lost=Y done=-
NEARUSDT       LONG   quality=FORWARD_COMPLETE now=   7.47% MFE=  10.00% MAE=  -0.89% lost=Y done=-
NEARUSDT       LONG   quality=FORWARD_COMPLETE now=   7.19% MFE=   9.72% MAE=  -1.15% lost=Y done=-
TRUMPUSDT      LONG   quality=FORWARD_COMPLETE now=   5.40% MFE=  15.80% MAE=  -0.29% lost=Y done=-
USELESSUSDT    LONG   quality=FORWARD_COMPLETE now=  17.08% MFE=  22.56% MAE=  -0.76% lost=Y done=-
ZROUSDT        LONG   quality=FORWARD_COMPLETE now=  11.60% MFE=  18.96% MAE=  -3.10% lost=Y done=-
UNIUSDT        LONG   quality=FORWARD_COMPLETE now=   4.98% MFE=   6.37% MAE=  -0.79% lost=Y done=-
MAGMAUSDT      LONG   quality=FORWARD_COMPLETE now=  32.07% MFE=  34.30% MAE=  -3.68% lost=Y done=-
TRUMPUSDT      LONG   quality=FORWARD_COMPLETE now=   5.52% MFE=  15.80% MAE=  -0.29% lost=Y done=-
TRUMPUSDT      LONG   quality=FORWARD_COMPLETE now=   5.83% MFE=  16.14% MAE=   0.00% lost=Y done=-
ZECUSDT        LONG   quality=FORWARD_COMPLETE now=  15.49% MFE=  18.54% MAE=  -1.39% lost=- done=-
UNIUSDT        LONG   quality=FORWARD_COMPLETE now=   4.98% MFE=   6.37% MAE=  -0.79% lost=Y done=-
RENDERUSDT     LONG   quality=FORWARD_COMPLETE now=   5.57% MFE=   7.59% MAE=  -0.31% lost=Y done=-
LDOUSDT        LONG   quality=FORWARD_COMPLETE now=   7.38% MFE=   8.52% MAE=  -0.76% lost=Y done=-
MAGMAUSDT      LONG   quality=FORWARD_COMPLETE now=  20.78% MFE=  23.23% MAE=  -2.91% lost=Y done=-
ETHFIUSDT      LONG   quality=FORWARD_COMPLETE now=   3.15% MFE=   6.83% MAE=  -6.24% lost=Y done=-
MAGMAUSDT      LONG   quality=FORWARD_COMPLETE now=  20.38% MFE=  22.82% MAE=  -3.24% lost=Y done=-
OPUSDT         LONG   quality=FORWARD_COMPLETE now=   6.04% MFE=   7.88% MAE=  -1.43% lost=Y done=-
LAUSDT         LONG   quality=FORWARD_COMPLETE now=   9.53% MFE=  11.23% MAE=  -3.34% lost=Y done=-
LDOUSDT        LONG   quality=FORWARD_COMPLETE now=   6.87% MFE=   8.01% MAE=  -0.12% lost=Y done=-
INJUSDT        LONG   quality=FORWARD_COMPLETE now=   0.24% MFE=   3.16% MAE=  -1.00% lost=Y done=-
TREEUSDT       LONG   quality=FORWARD_COMPLETE now=   6.28% MFE=   7.20% MAE=  -3.41% lost=Y done=-
WLDUSDT        LONG   quality=FORWARD_COMPLETE now=   3.90% MFE=   8.93% MAE=  -0.81% lost=Y done=-
LUMIAUSDT      LONG   quality=FORWARD_COMPLETE now=   2.91% MFE=   6.72% MAE=  -1.22% lost=Y done=-
TRUMPUSDT      LONG   quality=FORWARD_COMPLETE now=   2.22% MFE=  12.17% MAE=  -1.19% lost=Y done=-
TREEUSDT       LONG   quality=FORWARD_COMPLETE now=   6.28% MFE=   7.20% MAE=  -3.41% lost=Y done=-
LINKUSDT       LONG   quality=FORWARD_COMPLETE now=   9.72% MFE=  10.60% MAE=  -0.05% lost=Y done=-
WLDUSDT        LONG   quality=FORWARD_COMPLETE now=   3.65% MFE=   8.67% MAE=  -1.05% lost=Y done=-
MORPHOUSDT     SHORT  quality=FORWARD_COMPLETE now=  -0.60% MFE=   0.26% MAE=  -0.72% lost=- done=-
ONDOUSDT       LONG   quality=FORWARD_COMPLETE now=   7.12% MFE=  13.04% MAE=  -0.33% lost=Y done=-
AAVEUSDT       LONG   quality=FORWARD_COMPLETE now=  13.11% MFE=  14.60% MAE=  -0.21% lost=Y done=-
BRETTUSDT      LONG   quality=FORWARD_COMPLETE now=   2.17% MFE=   6.88% MAE=  -3.00% lost=- done=-
VVVUSDT        LONG   quality=FORWARD_COMPLETE now=  -5.90% MFE=   0.18% MAE=  -8.29% lost=Y done=-
BTWUSDT        LONG   quality=FORWARD_COMPLETE now=   8.64% MFE=  18.69% MAE=  -7.76% lost=Y done=-
BTWUSDT        LONG   quality=FORWARD_COMPLETE now=   8.69% MFE=  18.74% MAE=  -7.72% lost=Y done=-
HYPEUSDT       LONG   quality=FORWARD_COMPLETE now=  -0.55% MFE=   2.89% MAE=  -3.57% lost=Y done=-
MONUSDT        LONG   quality=FORWARD_COMPLETE now=   0.74% MFE=   1.55% MAE=  -5.50% lost=Y done=-
ONDOUSDT       LONG   quality=FORWARD_COMPLETE now=   1.82% MFE=   7.51% MAE=  -2.86% lost=Y done=-
INJUSDT        LONG   quality=FORWARD_COMPLETE now=  -1.54% MFE=   1.40% MAE=  -3.11% lost=Y done=-
BOMEUSDT       SHORT  quality=FORWARD_COMPLETE now=  -0.79% MFE=   2.53% MAE=  -1.01% lost=Y done=-
WLFIUSDT       SHORT  quality=FORWARD_COMPLETE now=   0.28% MFE=   0.89% MAE=  -1.75% lost=- done=-
BIOUSDT        SHORT  quality=FORWARD_COMPLETE now=  -1.08% MFE=   0.06% MAE=  -1.21% lost=Y done=-
INJUSDT        LONG   quality=FORWARD_COMPLETE now=  -1.56% MFE=   1.38% MAE=  -3.13% lost=Y done=-
XMRUSDT        SHORT  quality=FORWARD_COMPLETE now=  -0.20% MFE=   1.82% MAE=  -1.39% lost=Y done=-
1000SATSUSDT   LONG   quality=FORWARD_COMPLETE now=   1.90% MFE=   4.51% MAE=  -0.71% lost=- done=-
WLFIUSDT       LONG   quality=FORWARD_COMPLETE now=  -1.96% MFE=   1.37% MAE=  -2.87% lost=- done=-
XMRUSDT        SHORT  quality=FORWARD_COMPLETE now=  -0.79% MFE=   1.20% MAE=  -1.29% lost=Y done=-
XMRUSDT        SHORT  quality=FORWARD_COMPLETE now=  -0.79% MFE=   1.20% MAE=  -1.29% lost=Y done=-
ALLOUSDT       SHORT  quality=FORWARD_COMPLETE now=  -0.29% MFE=   0.45% MAE=  -0.70% lost=Y done=-
REUSDT         LONG   quality=FORWARD_COMPLETE now=   3.43% MFE=   3.98% MAE=  -1.08% lost=Y done=-

======================================================================================================================
POST-CONFIRMATION TRACKER SUMMARY
======================================================================================================================
Outcome rows: 226
Created this run: 0
Tracked this run: 59
Failed: 0
Supabase rows upserted: 226
Forward complete: 226
Completed 24H: 167

IMPORTANT: OUTCOME TRACKER IS MEASUREMENT ONLY.
No trade permission was generated.

V7.6 POST-CONFIRMATION OUTCOME TRACKER: PASS
