
======================================================================================================================
ALPHA HUNTER V7.6 DIRECTION-PROOF ENGINE — SHADOW
======================================================================================================================
Eligible forward episodes: 75

SYMBOL         PATH          DIR         CONF   LONG   SHORT       15M        1H
----------------------------------------------------------------------------------------------------------------------
LINKUSDT       CONTINUATION  LONG      100.0%   8.00    0.00   BULLISH   BULLISH
OUSDT          CONTINUATION  LONG       87.5%   7.00    0.00   BULLISH   BULLISH
HYPEUSDT       REVERSAL      LONG       44.4%   4.00    1.50     MIXED   BULLISH
ZECUSDT        REVERSAL      LONG      100.0%   8.00    0.00   BULLISH   BULLISH
1000RATSUSDT   REVERSAL      SHORT      87.5%   0.00    7.00   BEARISH   BEARISH
ETHUSDT        CONTINUATION  LONG       68.8%   5.50    0.00   BULLISH   BULLISH
BTCUSDT        CONTINUATION  UNKNOWN     0.0%   3.00    1.50   BULLISH   BULLISH
AEONUSDT       REVERSAL      SHORT      75.0%   0.00    6.00   BEARISH   BEARISH
REDUSDT        REVERSAL      UNKNOWN     0.0%   3.00    2.50     MIXED   BULLISH
SOLUSDT        CONTINUATION  LONG       56.9%   5.00    1.50   BULLISH   BULLISH
WLFIUSDT       REVERSAL      SHORT      50.0%   0.00    4.00   BEARISH     MIXED
WLDUSDT        CONTINUATION  SHORT      42.5%   2.00    4.00   BEARISH     MIXED
LDOUSDT        CONTINUATION  LONG       62.5%   5.00    0.00   BULLISH   BULLISH
TREEUSDT       REVERSAL      LONG       68.8%   5.50    0.00   BULLISH   BULLISH
NEARUSDT       REVERSAL      UNKNOWN     0.0%   3.00    1.50     MIXED   BULLISH
LITUSDT        REVERSAL      LONG       58.8%   5.00    1.00     MIXED   BULLISH
XMRUSDT        REVERSAL      LONG       50.6%   4.50    1.50   BULLISH     MIXED
ONDOUSDT       REVERSAL      UNKNOWN     0.0%   4.00    3.00     MIXED   BULLISH
VVVUSDT        REVERSAL      UNKNOWN     0.0%   1.00    1.50     MIXED     MIXED
UNIUSDT        CONTINUATION  LONG       81.2%   6.50    0.00   BULLISH   BULLISH
TRUMPUSDT      CONTINUATION  SHORT      46.2%   1.00    4.00     MIXED     MIXED
NEARUSDT       CONTINUATION  UNKNOWN     0.0%   3.00    1.50     MIXED   BULLISH
ZECUSDT        CONTINUATION  LONG      100.0%   8.00    0.00   BULLISH   BULLISH
LINKUSDT       CONTINUATION  LONG      100.0%   8.00    0.00   BULLISH   BULLISH
TREEUSDT       REVERSAL      LONG       68.8%   5.50    0.00   BULLISH   BULLISH
WLDUSDT        CONTINUATION  SHORT      42.5%   2.00    4.00   BEARISH     MIXED
LUMIAUSDT      CONTINUATION  UNKNOWN     0.0%   1.00    3.50   BEARISH     MIXED
AAVEUSDT       CONTINUATION  LONG       62.5%   5.00    0.00   BULLISH   BULLISH
RENDERUSDT     CONTINUATION  LONG       44.4%   4.00    1.50     MIXED   BULLISH
BTWUSDT        REVERSAL      LONG       87.5%   7.00    0.00   BULLISH   BULLISH
MAGMAUSDT      CONTINUATION  LONG      100.0%   8.00    0.00   BULLISH   BULLISH
INJUSDT        CONTINUATION  UNKNOWN     0.0%   2.00    1.50     MIXED     MIXED
TRUMPUSDT      REVERSAL      SHORT      46.2%   1.00    4.00     MIXED     MIXED
LDOUSDT        CONTINUATION  LONG       62.5%   5.00    0.00   BULLISH   BULLISH
MONUSDT        CONTINUATION  LONG      100.0%   8.00    0.00   BULLISH   BULLISH
HYPEUSDT       CONTINUATION  LONG       44.4%   4.00    1.50     MIXED   BULLISH
USELESSUSDT    CONTINUATION  LONG       46.9%   4.50    2.50     MIXED   BULLISH
REUSDT         CONTINUATION  LONG       87.5%   7.00    0.00   BULLISH   BULLISH
XMRUSDT        REVERSAL      LONG       50.6%   4.50    1.50   BULLISH     MIXED
ONDOUSDT       CONTINUATION  UNKNOWN     0.0%   4.00    3.00     MIXED   BULLISH
TRUMPUSDT      CONTINUATION  SHORT      46.2%   1.00    4.00     MIXED     MIXED
INJUSDT        CONTINUATION  UNKNOWN     0.0%   2.00    1.50     MIXED     MIXED
MAGMAUSDT      CONTINUATION  LONG      100.0%   8.00    0.00   BULLISH   BULLISH
AAVEUSDT       CONTINUATION  LONG       62.5%   5.00    0.00   BULLISH   BULLISH
BRETTUSDT      CONTINUATION  UNKNOWN     0.0%   2.00    3.00     MIXED     MIXED
INJUSDT        CONTINUATION  UNKNOWN     0.0%   2.00    1.50     MIXED     MIXED
1000SATSUSDT   CONTINUATION  LONG       44.4%   4.00    1.50     MIXED   BULLISH
ETHFIUSDT      CONTINUATION  LONG       81.2%   6.50    0.00   BULLISH   BULLISH
TRUMPUSDT      CONTINUATION  SHORT      46.2%   1.00    4.00     MIXED     MIXED
TRXUSDT        CONTINUATION  LONG       50.0%   4.00    0.00   BULLISH   BULLISH
LDOUSDT        CONTINUATION  LONG       62.5%   5.00    0.00   BULLISH   BULLISH
WLFIUSDT       CONTINUATION  SHORT      50.0%   0.00    4.00   BEARISH     MIXED
BIOUSDT        CONTINUATION  UNKNOWN     0.0%   2.00    1.50     MIXED     MIXED
XMRUSDT        REVERSAL      UNKNOWN     0.0%   3.50    1.50   BULLISH     MIXED
XMRUSDT        REVERSAL      UNKNOWN     0.0%   3.50    1.50   BULLISH     MIXED
MAGMAUSDT      CONTINUATION  LONG      100.0%   8.00    0.00   BULLISH   BULLISH
WLFIUSDT       CONTINUATION  SHORT      50.0%   0.00    4.00   BEARISH     MIXED
TRXUSDT        CONTINUATION  LONG       50.0%   4.00    0.00   BULLISH   BULLISH
ALLOUSDT       REVERSAL      UNKNOWN     0.0%   0.00    3.50     MIXED   BEARISH
TRXUSDT        CONTINUATION  LONG       50.0%   4.00    0.00   BULLISH   BULLISH
WLFIUSDT       CONTINUATION  SHORT      50.0%   0.00    4.00   BEARISH     MIXED
SANTOSUSDT     REVERSAL      UNKNOWN     0.0%   3.50    1.00   BULLISH     MIXED
REUSDT         REVERSAL      LONG       87.5%   7.00    0.00   BULLISH   BULLISH
ONGUSDT        REVERSAL      LONG       67.5%   6.00    2.00   BULLISH   BEARISH
BOMEUSDT       REVERSAL      UNKNOWN     0.0%   2.00    3.50     MIXED   BEARISH
SANTOSUSDT     REVERSAL      UNKNOWN     0.0%   3.50    1.00   BULLISH     MIXED
BIOUSDT        CONTINUATION  UNKNOWN     0.0%   2.00    1.50     MIXED     MIXED
SANTOSUSDT     REVERSAL      UNKNOWN     0.0%   3.50    1.00   BULLISH     MIXED
FILUSDT        CONTINUATION  LONG       62.5%   5.00    0.00   BULLISH   BULLISH
BIOUSDT        REVERSAL      UNKNOWN     0.0%   2.00    1.50     MIXED     MIXED
XLMUSDT        CONTINUATION  LONG       46.2%   4.00    1.00   BULLISH   BULLISH
WLFIUSDT       REVERSAL      SHORT      50.0%   0.00    4.00   BEARISH     MIXED
MORPHOUSDT     REVERSAL      SHORT      58.8%   1.00    5.00   BEARISH     MIXED
SKYAIUSDT      REVERSAL      SHORT      56.2%   0.00    4.50   BEARISH     MIXED
KASUSDT        REVERSAL      SHORT      62.5%   0.00    5.00   BEARISH     MIXED

======================================================================================================================
V7.6 SHADOW SUMMARY
======================================================================================================================
Evaluated: 75
LONG: 37
SHORT: 16
UNKNOWN: 22
Failures: 0
Supabase shadow rows saved: 75
Direction state rows saved: 75
Immutable transition rows saved: 75
Transition run ID: cloud5d-20260821T202935Z
Direction emerging: 33
Direction confirmed: 18
Lost confirmation: 8

IMPORTANT: V7.6 IS SHADOW ONLY.
No trade permission was generated.

V7.6 DIRECTION SHADOW: PASS
