
ALPHA HUNTER V7.1 — 2026-08-20T08:42:39.419458+00:00

Universe: 30 deep-scanned of 759 contracts
Eligible after prefilter: 364
Non-crypto rejected: 294

SYMBOL                  PHASE    TIME   BEHAV                     STATE      RR   DISC  TRADE
---------------------------------------------------------------------------------------------
PEPEUSDT         ACCUMULATION    LATE    6.35   DIRECTION_EMERGING_LONG    0.04    YES     NO
GPSUSDT           COMPRESSION   EARLY    5.36                   NEUTRAL       —    YES     NO
ONGUSDT           COMPRESSION    FAIR    5.23   DIRECTION_EMERGING_LONG    0.08    YES     NO
ETHFIUSDT        ACCUMULATION    FAIR    4.68   DIRECTION_EMERGING_LONG    0.13     NO     NO
XRPUSDT              IGNITION    FAIR    4.58   DIRECTION_EMERGING_LONG    0.03     NO     NO
SUSDT          DISTRIBUTION_RISK    FAIR    4.57   DIRECTION_EMERGING_LONG    0.04     NO     NO
ETHUSDT          ACCUMULATION    LATE    4.45   DIRECTION_EMERGING_LONG    0.18     NO     NO
FLOKIUSDT            IGNITION    FAIR    4.44   DIRECTION_EMERGING_LONG    0.01     NO     NO
SPACEUSDT      DISTRIBUTION_RISK    FAIR    4.19   DIRECTION_EMERGING_LONG    0.06     NO     NO
BTCUSDT              IGNITION    FAIR    4.13   DIRECTION_EMERGING_LONG    0.03     NO     NO
CRVUSDT        DISTRIBUTION_RISK    FAIR    4.06   DIRECTION_EMERGING_LONG    0.02     NO     NO
STXUSDT        DISTRIBUTION_RISK    FAIR    3.97   DIRECTION_EMERGING_LONG    0.00     NO     NO
MOODENGUSDT          IGNITION    FAIR    3.90   DIRECTION_EMERGING_LONG    0.01     NO     NO
CCUSDT           ACCUMULATION    FAIR    3.86   DIRECTION_EMERGING_LONG    0.00     NO     NO
HOMEUSDT          COMPRESSION   EARLY    3.84                WATCH_LONG       —     NO     NO
1000RATSUSDT      COMPRESSION   EARLY    3.76                   NEUTRAL       —     NO     NO
BANKUSDT          COMPRESSION   EARLY    3.74                   NEUTRAL       —     NO     NO
ESPUSDT        DISTRIBUTION_RISK    FAIR    3.66   DIRECTION_EMERGING_LONG    0.14     NO     NO
CAPUSDT          ACCUMULATION   EARLY    3.65                   NEUTRAL       —     NO     NO
VVVUSDT          ACCUMULATION   EARLY    3.47                   NEUTRAL       —     NO     NO
MONUSDT          ACCUMULATION    FAIR    3.28                WATCH_LONG       —     NO     NO
BICOUSDT          COMPRESSION   EARLY    3.21                   NEUTRAL       —     NO     NO
WLFIUSDT             IGNITION   EARLY    3.20               WATCH_SHORT       —     NO     NO
KAITOUSDT         COMPRESSION   EARLY    3.14                   NEUTRAL       —     NO     NO
BRETTUSDT        ACCUMULATION    FAIR    3.09   DIRECTION_EMERGING_LONG    0.06     NO     NO
LAUSDT            COMPRESSION   EARLY    2.95                   NEUTRAL       —     NO     NO
VELVETUSDT       ACCUMULATION   EARLY    2.88                   NEUTRAL       —     NO     NO
XMRUSDT          ACCUMULATION   EARLY    2.75                   NEUTRAL       —     NO     NO
LISTAUSDT      DISTRIBUTION_RISK    FAIR    2.37   DIRECTION_EMERGING_LONG    0.06     NO     NO
GRVTUSDT         ACCUMULATION   EARLY    2.27               WATCH_SHORT       —     NO     NO

V7.4 PRE-MOVE SURVEILLANCE
Eligible: 5 | Primary: 5 | Reserve: 0

PRIMARY
 1 LAUSDT         REVERSAL       12.56 state=NEUTRAL
 2 1000RATSUSDT   REVERSAL       11.39 state=NEUTRAL
 3 CAPUSDT        REVERSAL       10.76 state=NEUTRAL
 4 XMRUSDT        REVERSAL       10.69 state=NEUTRAL
 5 ONGUSDT        CONTINUATION   10.00 state=DIRECTION_EMERGING_LONG

Run ID: 47e557097307965a9b0d76b64288c500
Snapshot saved: /home/runner/work/Alpha-Hunter/Alpha-Hunter/data/snapshots/snapshot-20260820T084239Z.json
State history: /home/runner/work/Alpha-Hunter/Alpha-Hunter/data/state-history.jsonl
Supabase: SAVED
Qualified discovery candidates: 3
EARLY candidates: 1
V7 Trade Ready: 0
Bitget private API: NOT_CONFIGURED
