
======================================================================================================================
ALPHA HUNTER V7.9 FULL-UNIVERSE HOURLY LEDGER — SHADOW
======================================================================================================================
Observed: 2026-08-20T08:42:42.414587+00:00
Hour bucket: 2026-08-20T08:00:00+00:00
Contract tickers: 759
Rows attempted: 759
Deep-scan selected: 30
Selection snapshot: 2026-08-20T08:42:39.419458+00:00
Selection run ID: 47e557097307965a9b0d76b64288c500
Prefilter eligible: 363
Eligible not selected: 333
Non-crypto: 294
Low liquidity: 89
Over-extended: 13
Invalid price skipped: 0
Rows purged >7d: 0

TOP ABSOLUTE 24H MOVERS
SYMBOL                  24H    ELIG    SCAN  STATUS
------------------------------------------------------------------------
BOMEUSDT            +50.03%       N       N  OVER_EXTENDED
MSTUUSDT            +46.16%       N       N  NON_CRYPTO
BTWUSDT             -44.27%       N       N  OVER_EXTENDED
REUSDT              +39.32%       N       N  OVER_EXTENDED
PRLUSDT             -34.51%       N       N  OVER_EXTENDED
MAGMAUSDT           +33.70%       N       N  OVER_EXTENDED
CONLUSDT            +32.21%       N       N  NON_CRYPTO
BEATUSDT            -30.29%       N       N  OVER_EXTENDED
EDGEUSDT            +29.70%       N       N  OVER_EXTENDED
METUSDT             +28.97%       N       N  OVER_EXTENDED
BIOUSDT             +28.67%       N       N  OVER_EXTENDED
REDUSDT             +27.88%       N       N  OVER_EXTENDED
SKYAIUSDT           +27.24%       N       N  OVER_EXTENDED
USELESSUSDT         +26.61%       N       N  OVER_EXTENDED
LITUSDT             +25.26%       N       N  OVER_EXTENDED

IMPORTANT: V7.9 IS MEASUREMENT/AUDIT ONLY.
Same-hour reruns do not overwrite the first stored universe snapshot.
Raw universe evidence is retained for 7 days.
No trade permission was generated.

V7.9 FULL-UNIVERSE LEDGER: PASS
