
ALPHA HUNTER V7.1 — 2026-08-21T19:29:26.585026+00:00

Universe: 30 deep-scanned of 759 contracts
Eligible after prefilter: 401
Non-crypto rejected: 294

SYMBOL                  PHASE    TIME   BEHAV                     STATE      RR   DISC  TRADE
---------------------------------------------------------------------------------------------
BICOUSDT            EXPANSION    LATE    5.86   DIRECTION_EMERGING_LONG    0.16     NO     NO
XRPUSDT          ACCUMULATION    LATE    5.07                   NEUTRAL       —    YES     NO
BIOUSDT           COMPRESSION   EARLY    4.86                   NEUTRAL       —     NO     NO
XLMUSDT          ACCUMULATION    FAIR    4.51                WATCH_LONG       —     NO     NO
PNUTUSDT          COMPRESSION   EARLY    4.42                   NEUTRAL       —     NO     NO
WLFIUSDT          COMPRESSION   EARLY    4.40                   NEUTRAL       —     NO     NO
WIFUSDT          ACCUMULATION    LATE    4.30                WATCH_LONG       —     NO     NO
REUSDT           ACCUMULATION   EARLY    4.27   DIRECTION_EMERGING_LONG    0.77     NO     NO
IOTAUSDT         ACCUMULATION    FAIR    4.16   DIRECTION_EMERGING_LONG    0.02     NO     NO
AEONUSDT          COMPRESSION   EARLY    4.13  DIRECTION_EMERGING_SHORT    0.13     NO     NO
FLOKIUSDT        ACCUMULATION    FAIR    4.09                WATCH_LONG       —     NO     NO
SANTOSUSDT        COMPRESSION   EARLY    4.08                   NEUTRAL       —     NO     NO
JASMYUSDT        ACCUMULATION    FAIR    3.88                WATCH_LONG       —     NO     NO
TRXUSDT           COMPRESSION   EARLY    3.85                WATCH_LONG       —     NO     NO
FORMUSDT            EXPANSION    LATE    3.85                WATCH_LONG       —     NO     NO
ZRXUSDT          ACCUMULATION    FAIR    3.81                   NEUTRAL       —     NO     NO
BOMEUSDT            EXPANSION    LATE    3.79                   NEUTRAL       —     NO     NO
MUBARAKUSDT      ACCUMULATION    FAIR    3.73                WATCH_LONG       —     NO     NO
DOGEUSDT         ACCUMULATION   EARLY    3.66                WATCH_LONG       —     NO     NO
ONGUSDT             EXPANSION    LATE    3.60                   NEUTRAL       —     NO     NO
ETHUSDT          ACCUMULATION   EARLY    3.44                WATCH_LONG       —     NO     NO
REZUSDT          ACCUMULATION    FAIR    3.44                WATCH_LONG       —     NO     NO
GWEIUSDT         ACCUMULATION   EARLY    3.34                   NEUTRAL       —     NO     NO
HYPEUSDT         ACCUMULATION   EARLY    3.27                   NEUTRAL       —     NO     NO
YGGUSDT          ACCUMULATION    FAIR    3.22                WATCH_LONG       —     NO     NO
GRTUSDT          ACCUMULATION    FAIR    3.20                WATCH_LONG       —     NO     NO
XMRUSDT           COMPRESSION   EARLY    3.19               WATCH_SHORT       —     NO     NO
BTCUSDT          ACCUMULATION   EARLY    2.88                WATCH_LONG       —     NO     NO
LABUSDT          ACCUMULATION   EARLY    2.49                WATCH_LONG       —     NO     NO
DRIFTUSDT        ACCUMULATION   EARLY    2.04                WATCH_LONG       —     NO     NO

V7.4 PRE-MOVE SURVEILLANCE
Eligible: 7 | Primary: 5 | Reserve: 2

PRIMARY
 1 SANTOSUSDT     REVERSAL       12.26 state=NEUTRAL
 2 ONGUSDT        REVERSAL       11.85 state=NEUTRAL
 3 WLFIUSDT       REVERSAL       11.03 state=NEUTRAL
 4 BIOUSDT        REVERSAL       10.48 state=NEUTRAL
 5 BOMEUSDT       REVERSAL        9.85 state=NEUTRAL

RESERVE
 6 PNUTUSDT       CONTINUATION    9.76 state=NEUTRAL
 7 TRXUSDT        CONTINUATION    8.95 state=WATCH_LONG

Run ID: 6bc2421fd5ae42135f088d6d29ca2241
Snapshot saved: /home/runner/work/Alpha-Hunter/Alpha-Hunter/data/snapshots/snapshot-20260821T192926Z.json
State history: /home/runner/work/Alpha-Hunter/Alpha-Hunter/data/state-history.jsonl
Supabase: SAVED
Qualified discovery candidates: 1
EARLY candidates: 0
V7 Trade Ready: 0
Bitget private API: NOT_CONFIGURED
