
====================================================================================================
ALPHA HUNTER P0-3 PRODUCTION DATA GUARDRAILS
====================================================================================================
PASS     snapshot_freshness                 snapshot age 6.4s
PASS     snapshot_run_id                    run_id=2cc1fc85b11e8edb40a6ef3a7ce5abe5
PASS     contract_universe_size             contracts=759
PASS     ticker_coverage                    ticker coverage=100.0%
PASS     selected_symbol_consistency        selected_count=30, selected_symbols=30, result_rows=30
PASS     selected_symbol_uniqueness         unique=30, listed=30
PASS     deep_scan_success_ratio            deep-scan success=100.0%
WARN     bitget_private_api                 private API=NOT_CONFIGURED
PASS     universe_ledger_presence           rows=759
PASS     universe_ledger_coverage           ledger coverage=100.0%
PASS     universe_symbol_uniqueness         unique=759, rows=759
PASS     universe_hour_bucket               expected=2026-08-20 18:00:00+00:00, observed=['2026-08-20T18:00:00+00:00']
PASS     ledger_selection_context           selection_run_ids=['2cc1fc85b11e8edb40a6ef3a7ce5abe5']
PASS     ledger_capture_mode                ledger selection context matches current scan
FAIL     ledger_timestamps                  one or more ledger timestamps invalid
PASS     ledger_source                      source=BITGET_ALL_TICKERS
PASS     ledger_measurement_quality         quality=HOURLY_TICKER_SNAPSHOT
PASS     v79_trade_permission               all V7.9 rows have trade_permission=false
FAIL     ledger_scan_count_consistency      selected=30/30, eligible=375/374

Overall guardrail status: FAIL
Ledger capture mode: FIRST_CAPTURE_MATCH
Current scan run ID: 2cc1fc85b11e8edb40a6ef3a7ce5abe5
Ledger selection run ID: 2cc1fc85b11e8edb40a6ef3a7ce5abe5
====================================================================================================
