
======================================================================================================================
ALPHA HUNTER V7.9 FULL-UNIVERSE HOURLY LEDGER — SHADOW
======================================================================================================================
Observed: 2026-08-20T18:45:05.218710+00:00
Hour bucket: 2026-08-20T18:00:00+00:00
Contract tickers: 759
Rows attempted: 759
Deep-scan selected: 30
Selection snapshot: 2026-08-20T18:45:02.942391+00:00
Selection run ID: 2cc1fc85b11e8edb40a6ef3a7ce5abe5
Prefilter eligible: 375
Eligible not selected: 345
Non-crypto: 294
Low liquidity: 85
Over-extended: 5
Invalid price skipped: 0
Rows purged >7d: 0

TOP ABSOLUTE 24H MOVERS
SYMBOL                  24H    ELIG    SCAN  STATUS
------------------------------------------------------------------------
ACEUSDT             +43.06%       N       N  OVER_EXTENDED
ONGUSDT             +36.46%       N       N  OVER_EXTENDED
BOMEUSDT            +31.62%       N       N  OVER_EXTENDED
PEOPLEUSDT          +29.50%       N       N  OVER_EXTENDED
NEIROCTOUSDT        +28.31%       N       N  OVER_EXTENDED
BTWUSDT             +24.70%       Y       N  ELIGIBLE_NOT_SELECTED
ENAUSDT             +22.07%       Y       N  ELIGIBLE_NOT_SELECTED
MOODENGUSDT         +20.69%       Y       N  ELIGIBLE_NOT_SELECTED
PUMPUSDT            +20.17%       Y       N  ELIGIBLE_NOT_SELECTED
PRLUSDT             -19.43%       Y       N  ELIGIBLE_NOT_SELECTED
METUSDT             +18.66%       Y       N  ELIGIBLE_NOT_SELECTED
ORDIUSDT            +18.57%       Y       N  ELIGIBLE_NOT_SELECTED
BBUSDT              -17.86%       Y       N  ELIGIBLE_NOT_SELECTED
XRPUSDT             +17.77%       Y       N  ELIGIBLE_NOT_SELECTED
SCRTUSDT            -17.52%       Y       N  ELIGIBLE_NOT_SELECTED

IMPORTANT: V7.9 IS MEASUREMENT/AUDIT ONLY.
Same-hour reruns do not overwrite the first stored universe snapshot.
Raw universe evidence is retained for 7 days.
No trade permission was generated.

V7.9 FULL-UNIVERSE LEDGER: PASS
