
ALPHA HUNTER V7.1 — 2026-08-18T06:49:49.956791+00:00

Universe: 26 deep-scanned of 759 contracts
Eligible after prefilter: 321
Non-crypto rejected: 290

SYMBOL                  PHASE    TIME   BEHAV                     STATE      RR   DISC  TRADE
---------------------------------------------------------------------------------------------
GPSUSDT             EXPANSION    LATE    6.95                WATCH_LONG       —     NO     NO
HYPEUSDT          COMPRESSION   EARLY    6.11   DIRECTION_EMERGING_LONG    0.09     NO     NO
PRLUSDT        DISTRIBUTION_RISK    FAIR    5.72                WATCH_LONG       —     NO     NO
VVVUSDT              IGNITION    FAIR    5.36   DIRECTION_EMERGING_LONG    0.03    YES     NO
BTWUSDT           COMPRESSION   EARLY    5.32                WATCH_LONG       —    YES     NO
CYSUSDT             EXPANSION    FAIR    5.20                   NEUTRAL       —     NO     NO
SOLUSDT           COMPRESSION   EARLY    5.07                WATCH_LONG       —    YES     NO
TUTUSDT             EXPANSION    LATE    4.98                   NEUTRAL       —     NO     NO
NEARUSDT          COMPRESSION   EARLY    4.80   DIRECTION_EMERGING_LONG    0.18     NO     NO
ADAUSDT           COMPRESSION   EARLY    4.14                   NEUTRAL       —     NO     NO
TLMUSDT             BREAKDOWN    FAIR    4.13               WATCH_SHORT       —     NO     NO
XRPUSDT          ACCUMULATION   EARLY    3.98                   NEUTRAL       —     NO     NO
ZECUSDT           COMPRESSION   EARLY    3.95                   NEUTRAL       —     NO     NO
PROMUSDT         ACCUMULATION    FAIR    3.86               WATCH_SHORT       —     NO     NO
WLDUSDT          ACCUMULATION    FAIR    3.80               WATCH_SHORT       —     NO     NO
BNBUSDT           COMPRESSION   EARLY    3.78                   NEUTRAL       —     NO     NO
CHIPUSDT         ACCUMULATION    FAIR    3.64                   NEUTRAL       —     NO     NO
SQDUSDT             BREAKDOWN    FAIR    3.63  DIRECTION_EMERGING_SHORT    0.06     NO     NO
LINKUSDT         ACCUMULATION   EARLY    3.59                   NEUTRAL       —     NO     NO
BTCUSDT          ACCUMULATION   EARLY    3.54   DIRECTION_EMERGING_LONG    0.17     NO     NO
ETHUSDT           COMPRESSION   EARLY    3.48                   NEUTRAL       —     NO     NO
PEPEUSDT          COMPRESSION   EARLY    3.45                   NEUTRAL       —     NO     NO
IRYSUSDT            BREAKDOWN    FAIR    3.39  DIRECTION_EMERGING_SHORT    0.05     NO     NO
GALAUSDT         ACCUMULATION    FAIR    2.92               WATCH_SHORT       —     NO     NO
DOGEUSDT          COMPRESSION   EARLY    2.57                   NEUTRAL       —     NO     NO
DIAUSDT          ACCUMULATION    FAIR    2.05                   NEUTRAL       —     NO     NO

V7.4 PRE-MOVE SURVEILLANCE
Eligible: 7 | Primary: 5 | Reserve: 2

PRIMARY
 1 CHIPUSDT       REVERSAL       12.49 state=NEUTRAL
 2 GPSUSDT        CONTINUATION   12.00 state=WATCH_LONG
 3 LINKUSDT       REVERSAL       10.49 state=NEUTRAL
 4 ZECUSDT        CONTINUATION   10.00 state=NEUTRAL
 5 HYPEUSDT       CONTINUATION    9.87 state=DIRECTION_EMERGING_LONG

RESERVE
 6 ETHUSDT        REVERSAL        9.83 state=NEUTRAL
 7 BTWUSDT        CONTINUATION    9.00 state=WATCH_LONG

Run ID: c5ae1591596f112667ba53f1c01583c9
Snapshot saved: /home/runner/work/Alpha-Hunter/Alpha-Hunter/data/snapshots/snapshot-20260818T064949Z.json
State history: /home/runner/work/Alpha-Hunter/Alpha-Hunter/data/state-history.jsonl
Supabase: SAVED
Qualified discovery candidates: 3
EARLY candidates: 2
V7 Trade Ready: 0
Bitget private API: NOT_CONFIGURED
