V7.4 HOURLY PERFORMANCE TRACKER
Run ID: c5ae1591596f112667ba53f1c01583c9

V7.4.1 SHADOW REVERSAL
 SH SYMBOL           V74     OLD   SHADOW
--------------------------------------------------
  1 CHIPUSDT           1   12.49     9.00
  2 LINKUSDT           3   10.49     6.80
  3 ETHUSDT            6    9.83     6.73
PERFORMANCE SIGNALS SAVED: 26
FEATURE ROWS SAVED: 26
V7.4 OUTCOMES 1H: saved=20 failed=0
V7.4 OUTCOMES 4H: saved=11 failed=0
V7.4 OUTCOMES 12H: saved=13 failed=0
V7.4 OUTCOMES 24H: saved=9 failed=0
OUTCOME EVALUATION COMPLETE: saved=53 failed=0

==========================================================================================
V7.4 CURRENT SURVEILLANCE COHORT
==========================================================================================
RANK SYMBOL         TIER      PATH            SCORE STATE
------------------------------------------------------------------------------------------
   1 CHIPUSDT       PRIMARY   REVERSAL        12.49 NEUTRAL
   2 GPSUSDT        PRIMARY   CONTINUATION    12.00 WATCH_LONG
   3 LINKUSDT       PRIMARY   REVERSAL        10.49 NEUTRAL
   4 ZECUSDT        PRIMARY   CONTINUATION    10.00 NEUTRAL
   5 HYPEUSDT       PRIMARY   CONTINUATION     9.87 DIRECTION_EMERGING_LONG
   6 ETHUSDT        RESERVE   REVERSAL         9.83 NEUTRAL
   7 BTWUSDT        RESERVE   CONTINUATION     9.00 WATCH_LONG

================================================================================================================================
V7.4 FORWARD PERFORMANCE — RAW PRICE EXPANSION
================================================================================================================================

PRIMARY / RESERVE + PATH
  H TIER      PATH              N    POS%   AVG RAW   AVG ABS    EXP3%    EXP5%   EXP10%    UP5%    DN5%
--------------------------------------------------------------------------------------------------------------------------------
  1 PRIMARY   CONTINUATION     56   41.1%   -0.245%    1.331%     7.1%     5.4%     1.8%    3.6%    1.8%
  1 PRIMARY   REVERSAL         98   53.1%    0.045%    1.757%    16.3%     5.1%     1.0%    2.0%    3.1%
  1 RESERVE   CONTINUATION     10   40.0%   -0.148%    0.843%     0.0%     0.0%     0.0%    0.0%    0.0%
  1 RESERVE   REVERSAL          8   62.5%   -0.147%    0.429%     0.0%     0.0%     0.0%    0.0%    0.0%
  4 PRIMARY   CONTINUATION     40   32.5%   -2.057%    2.837%    15.0%    15.0%    10.0%    5.0%   10.0%
  4 PRIMARY   REVERSAL         79   51.9%    0.215%    3.236%    43.0%    24.1%     3.8%   12.7%   11.4%
  4 RESERVE   CONTINUATION      6   33.3%   -0.671%    0.864%     0.0%     0.0%     0.0%    0.0%    0.0%
  4 RESERVE   REVERSAL          1  100.0%    0.032%    0.032%     0.0%     0.0%     0.0%    0.0%    0.0%
 12 PRIMARY   CONTINUATION     19   15.8%  -14.331%   15.206%    78.9%    68.4%    42.1%    0.0%   68.4%
 12 PRIMARY   REVERSAL         50   62.0%    1.613%    7.785%    66.0%    50.0%    26.0%   30.0%   20.0%
 12 RESERVE   REVERSAL          1    0.0%   -0.452%    0.452%     0.0%     0.0%     0.0%    0.0%    0.0%

RANK QUALITY
  H RANK BUCKET         N    POS%   AVG RAW   AVG ABS    EXP3%    EXP5%   EXP10%    UP5%    DN5%
----------------------------------------------------------------------------------------------------------------
  1 TOP_1_3           109   46.8%   -0.089%    1.818%    15.6%     7.3%     1.8%    3.7%    3.7%
  1 TOP_4_5            45   53.3%    0.009%    1.079%     6.7%     0.0%     0.0%    0.0%    0.0%
  1 RESERVE_6_10       18   50.0%   -0.147%    0.659%     0.0%     0.0%     0.0%    0.0%    0.0%
  4 TOP_1_3            88   43.2%   -0.806%    3.528%    36.4%    25.0%     8.0%   11.4%   13.6%
  4 TOP_4_5            31   51.6%    0.180%    1.892%    25.8%     9.7%     0.0%    6.5%    3.2%
  4 RESERVE_6_10        7   42.9%   -0.571%    0.745%     0.0%     0.0%     0.0%    0.0%    0.0%
 12 TOP_1_3            52   51.9%   -3.412%   11.261%    71.2%    55.8%    38.5%   23.1%   32.7%
 12 TOP_4_5            17   41.2%   -0.836%    5.446%    64.7%    52.9%     5.9%   17.6%   35.3%
 12 RESERVE_6_10        1    0.0%   -0.452%    0.452%     0.0%     0.0%     0.0%    0.0%    0.0%

Metric definitions:
AVG RAW = average raw market return from detection price.
AVG ABS = average absolute price movement regardless of direction.
EXP3/5/10 = percentage of candidates moving at least 3% / 5% / 10% in either direction.
UP5 = raw upside move >= +5%; DN5 = raw downside move <= -5%.
No V7.4 trade-direction assumption is used in these metrics.

V7.4 TRACKING JOB: PASS
