
==============================================================================================================
ALPHA HUNTER V7.5 INDEPENDENT EPISODE MARKET TRACKER
==============================================================================================================
Episodes stored: 122
Active episodes: 64

ADAUSDT        REVERSAL      now=  -12.39% UP=    0.00% DOWN=  -13.51% 3=Y 5=Y 10=Y checks=61
DOGEUSDT       CONTINUATION  now=   -1.03% UP=    0.00% DOWN=   -2.32% 3=- 5=- 10=- checks=61
SKYAIUSDT      REVERSAL      now=  -34.38% UP=    0.00% DOWN=  -42.50% 3=Y 5=Y 10=Y checks=61
SOLUSDT        CONTINUATION  now=   -1.70% UP=    0.00% DOWN=   -4.13% 3=Y 5=- 10=- checks=61
SUIUSDT        CONTINUATION  now=   -7.46% UP=    0.00% DOWN=   -9.59% 3=Y 5=Y 10=- checks=61
COOKIEUSDT     CONTINUATION  now=  -18.26% UP=    0.00% DOWN=  -18.49% 3=Y 5=Y 10=Y checks=61
BTWUSDT        CONTINUATION  now=   72.19% UP=  113.81% DOWN=    0.00% 3=Y 5=Y 10=Y checks=61
CYSUSDT        CONTINUATION  now=  -49.06% UP=   78.38% DOWN=  -57.84% 3=Y 5=Y 10=Y checks=61
GWEIUSDT       REVERSAL      now=    6.01% UP=   17.67% DOWN=    0.00% 3=Y 5=Y 10=Y checks=61
BICOUSDT       REVERSAL      now=  -58.19% UP=    0.00% DOWN=  -59.94% 3=Y 5=Y 10=Y checks=61
SUIUSDT        CONTINUATION  now=   -6.36% UP=    0.00% DOWN=   -8.51% 3=Y 5=Y 10=- checks=61
MMTUSDT        REVERSAL      now=  -18.72% UP=    0.00% DOWN=  -21.43% 3=Y 5=Y 10=Y checks=61
IOTXUSDT       REVERSAL      now=  -10.00% UP=    0.00% DOWN=  -11.73% 3=Y 5=Y 10=Y checks=61
FORMUSDT       REVERSAL      now=   -6.13% UP=    0.00% DOWN=   -7.88% 3=Y 5=Y 10=- checks=61
JTOUSDT        REVERSAL      now=    4.22% UP=   11.45% DOWN=    0.00% 3=Y 5=Y 10=Y checks=61
4USDT          REVERSAL      now=  -16.06% UP=    0.00% DOWN=  -22.21% 3=Y 5=Y 10=Y checks=61
MUBARAKUSDT    REVERSAL      now=  -17.99% UP=    0.00% DOWN=  -24.10% 3=Y 5=Y 10=Y checks=61
PUMPUSDT       REVERSAL      now=   -0.74% UP=    5.86% DOWN=   -6.03% 3=Y 5=Y 10=- checks=61
HYPEUSDT       REVERSAL      now=    6.67% UP=    7.17% DOWN=   -0.62% 3=Y 5=Y 10=- checks=61
ACUUSDT        REVERSAL      now=    4.10% UP=   16.62% DOWN=  -12.33% 3=Y 5=Y 10=Y checks=61
BTWUSDT        CONTINUATION  now=   15.47% UP=   43.38% DOWN=  -10.16% 3=Y 5=Y 10=Y checks=61
AEONUSDT       CONTINUATION  now=   27.09% UP=   32.48% DOWN=   -6.91% 3=Y 5=Y 10=Y checks=61
VELVETUSDT     CONTINUATION  now=  -49.86% UP=    3.94% DOWN=  -51.08% 3=Y 5=Y 10=Y checks=19
LINKUSDT       REVERSAL      now=    0.42% UP=    1.45% DOWN=   -1.12% 3=- 5=- 10=- checks=18
AEONUSDT       REVERSAL      now=   21.59% UP=   26.74% DOWN=   -1.36% 3=Y 5=Y 10=Y checks=18
BASEDUSDT      REVERSAL      now=   -1.73% UP=    3.02% DOWN=   -3.57% 3=Y 5=- 10=- checks=18
NILUSDT        REVERSAL      now=   -2.22% UP=    7.26% DOWN=   -6.39% 3=Y 5=Y 10=- checks=18
CHIPUSDT       CONTINUATION  now=   -9.96% UP=    5.56% DOWN=  -12.97% 3=Y 5=Y 10=Y checks=17
PIXELUSDT      REVERSAL      now=    2.91% UP=    8.12% DOWN=   -2.22% 3=Y 5=Y 10=- checks=17
AIOUSDT        REVERSAL      now=  -36.64% UP=   16.26% DOWN=  -39.43% 3=Y 5=Y 10=Y checks=17
NILUSDT        REVERSAL      now=   -3.79% UP=    5.53% DOWN=   -7.89% 3=Y 5=Y 10=- checks=16
AIOUSDT        CONTINUATION  now=  -40.56% UP=    9.09% DOWN=  -43.16% 3=Y 5=Y 10=Y checks=16
ACUUSDT        REVERSAL      now=    6.23% UP=   18.36% DOWN=   -0.93% 3=Y 5=Y 10=Y checks=16
PRLUSDT        CONTINUATION  now=   15.46% UP=   19.78% DOWN=   -6.51% 3=Y 5=Y 10=Y checks=16
DOLOUSDT       REVERSAL      now=    1.86% UP=   14.32% DOWN=   -0.49% 3=Y 5=Y 10=Y checks=15
LINKUSDT       CONTINUATION  now=   -0.25% UP=    0.77% DOWN=   -1.79% 3=- 5=- 10=- checks=14
BTWUSDT        REVERSAL      now=    5.30% UP=    9.87% DOWN=   -3.90% 3=Y 5=Y 10=- checks=14
COWUSDT        REVERSAL      now=   -5.28% UP=    2.42% DOWN=   -6.80% 3=Y 5=Y 10=- checks=13
WLDUSDT        REVERSAL      now=   -8.49% UP=    2.07% DOWN=  -10.21% 3=Y 5=Y 10=Y checks=12
AEONUSDT       CONTINUATION  now=   10.64% UP=   15.25% DOWN=   -2.99% 3=Y 5=Y 10=Y checks=12
CHIPUSDT       REVERSAL      now=   -6.47% UP=    0.20% DOWN=   -9.61% 3=Y 5=Y 10=- checks=11
AIOUSDT        REVERSAL      now=  -31.19% UP=    1.88% DOWN=  -34.36% 3=Y 5=Y 10=Y checks=11
WLDUSDT        CONTINUATION  now=   -9.41% UP=    1.04% DOWN=  -11.12% 3=Y 5=Y 10=Y checks=11
PRLUSDT        REVERSAL      now=   21.23% UP=   25.93% DOWN=   -0.05% 3=Y 5=Y 10=Y checks=10
LINKUSDT       REVERSAL      now=   -0.42% UP=    0.15% DOWN=   -1.96% 3=- 5=- 10=- checks=9
HUSDT          REVERSAL      now=    2.63% UP=    6.35% DOWN=   -4.96% 3=Y 5=Y 10=- checks=9
CHIPUSDT       REVERSAL      now=   -1.41% UP=    0.84% DOWN=   -4.71% 3=Y 5=- 10=- checks=9
HYPEUSDT       REVERSAL      now=    2.03% UP=    2.51% DOWN=    0.00% 3=- 5=- 10=- checks=7
LINKUSDT       CONTINUATION  now=   -0.32% UP=    0.23% DOWN=   -1.85% 3=- 5=- 10=- checks=7
HYPEUSDT       CONTINUATION  now=    1.61% UP=    2.08% DOWN=   -0.31% 3=- 5=- 10=- checks=6
CHIPUSDT       REVERSAL      now=    1.63% UP=    3.11% DOWN=   -1.88% 3=Y 5=- 10=- checks=6
ETHUSDT        CONTINUATION  now=   -0.07% UP=    0.54% DOWN=   -0.96% 3=- 5=- 10=- checks=6
BTWUSDT        CONTINUATION  now=   -2.05% UP=    0.40% DOWN=   -3.49% 3=Y 5=- 10=- checks=6
PUMPUSDT       REVERSAL      now=    1.88% UP=    2.32% DOWN=   -0.22% 3=- 5=- 10=- checks=4
ZECUSDT        CONTINUATION  now=    0.05% UP=    0.50% DOWN=   -0.72% 3=- 5=- 10=- checks=4
HYPEUSDT       CONTINUATION  now=    1.38% UP=    1.85% DOWN=   -0.53% 3=- 5=- 10=- checks=4
LINKUSDT       REVERSAL      now=    1.21% UP=    1.75% DOWN=   -0.03% 3=- 5=- 10=- checks=4
BTWUSDT        REVERSAL      now=   -0.37% UP=    1.77% DOWN=   -1.05% 3=- 5=- 10=- checks=4
GPSUSDT        CONTINUATION  now=   -0.23% UP=    5.16% DOWN=   -4.20% 3=Y 5=Y 10=- checks=3
CHIPUSDT       REVERSAL      now=   -1.37% UP=    0.00% DOWN=   -4.50% 3=Y 5=- 10=- checks=3
DIAUSDT        REVERSAL      now=   -1.12% UP=    0.48% DOWN=   -2.57% 3=- 5=- 10=- checks=2
ETHUSDT        REVERSAL      now=    0.34% UP=    0.54% DOWN=   -0.21% 3=- 5=- 10=- checks=2
AEONUSDT       CONTINUATION  now=   -1.24% UP=    2.91% DOWN=   -4.92% 3=Y 5=- 10=- checks=2
BTWUSDT        CONTINUATION  now=   -0.08% UP=    0.00% DOWN=   -0.24% 3=- 5=- 10=- checks=1

==============================================================================================================
TRACKER SUMMARY
==============================================================================================================
Checked: 64
Failed: 0
Supabase rows upserted: 122
3% episodes: 97
5% episodes: 85
10% episodes: 55

V7.5 EPISODE MARKET TRACKER: PASS
