
======================================================================================================================
ALPHA HUNTER V7.9 FULL-UNIVERSE HOURLY LEDGER — SHADOW
======================================================================================================================
Observed: 2026-08-18T06:49:52.184362+00:00
Hour bucket: 2026-08-18T06:00:00+00:00
Contract tickers: 759
Rows attempted: 759
Deep-scan selected: 26
Selection snapshot: 2026-08-18T06:49:49.956791+00:00
Selection run ID: c5ae1591596f112667ba53f1c01583c9
Prefilter eligible: 321
Eligible not selected: 295
Non-crypto: 290
Low liquidity: 146
Over-extended: 2
Invalid price skipped: 0
Rows purged >7d: 0

TOP ABSOLUTE 24H MOVERS
SYMBOL                  24H    ELIG    SCAN  STATUS
------------------------------------------------------------------------
VELVETUSDT          -47.73%       N       N  OVER_EXTENDED
AIOUSDT             -37.09%       N       N  OVER_EXTENDED
REDUSDT             +22.99%       Y       N  ELIGIBLE_NOT_SELECTED
ACEUSDT             +22.21%       Y       N  ELIGIBLE_NOT_SELECTED
BEATUSDT            -21.45%       Y       N  ELIGIBLE_NOT_SELECTED
AEONUSDT            +18.17%       Y       N  ELIGIBLE_NOT_SELECTED
UNITASUSDT          -17.30%       Y       N  ELIGIBLE_NOT_SELECTED
CYSUSDT             -17.22%       Y       Y  DEEP_SCAN_SELECTED
ACUUSDT             +16.34%       Y       N  ELIGIBLE_NOT_SELECTED
HUSDT               +15.50%       Y       N  ELIGIBLE_NOT_SELECTED
FIGHTUSDT           -15.16%       Y       N  ELIGIBLE_NOT_SELECTED
GALAUSDT            -14.92%       Y       Y  DEEP_SCAN_SELECTED
PRLUSDT             +14.27%       Y       Y  DEEP_SCAN_SELECTED
IRYSUSDT            -13.87%       Y       Y  DEEP_SCAN_SELECTED
DIAUSDT             -13.12%       Y       Y  DEEP_SCAN_SELECTED

IMPORTANT: V7.9 IS MEASUREMENT/AUDIT ONLY.
Same-hour reruns do not overwrite the first stored universe snapshot.
Raw universe evidence is retained for 7 days.
No trade permission was generated.

V7.9 FULL-UNIVERSE LEDGER: PASS
