
ALPHA HUNTER V7.1 — 2026-08-21T05:37:03.275753+00:00

Universe: 30 deep-scanned of 759 contracts
Eligible after prefilter: 373
Non-crypto rejected: 294

SYMBOL                  PHASE    TIME   BEHAV                     STATE      RR   DISC  TRADE
---------------------------------------------------------------------------------------------
ZECUSDT        DISTRIBUTION_RISK    FAIR    6.65   DIRECTION_EMERGING_LONG    0.04     NO     NO
WLFIUSDT          COMPRESSION   EARLY    6.02               WATCH_SHORT       —    YES     NO
TRUMPUSDT         COMPRESSION    FAIR    5.87   DIRECTION_EMERGING_LONG    0.57    YES     NO
EIGENUSDT      DISTRIBUTION_RISK    FAIR    5.78   DIRECTION_EMERGING_LONG    0.00     NO     NO
FARTCOINUSDT     ACCUMULATION    FAIR    5.48   DIRECTION_EMERGING_LONG    0.07    YES     NO
WIFUSDT          ACCUMULATION    FAIR    5.46   DIRECTION_EMERGING_LONG    0.01    YES     NO
MEWUSDT          ACCUMULATION    FAIR    5.26                WATCH_LONG       —    YES     NO
KAITOUSDT            IGNITION   EARLY    5.14  DIRECTION_EMERGING_SHORT    0.15    YES     NO
SOLUSDT        DISTRIBUTION_RISK   EARLY    5.02   DIRECTION_EMERGING_LONG    0.03     NO     NO
INJUSDT           COMPRESSION   EARLY    4.71   DIRECTION_EMERGING_LONG    0.21     NO     NO
GPSUSDT           COMPRESSION   EARLY    4.67                WATCH_LONG       —     NO     NO
BABYUSDT         ACCUMULATION    LATE    4.65                WATCH_LONG       —     NO     NO
LDOUSDT           COMPRESSION   EARLY    4.63   DIRECTION_EMERGING_LONG    0.16     NO     NO
BRETTUSDT      DISTRIBUTION_RISK    LATE    4.62   DIRECTION_EMERGING_LONG    0.03     NO     NO
GOATUSDT         ACCUMULATION    FAIR    4.52   DIRECTION_EMERGING_LONG    0.06     NO     NO
AAVEUSDT          COMPRESSION   EARLY    4.43                WATCH_LONG       —     NO     NO
BTCUSDT          ACCUMULATION    FAIR    4.35   DIRECTION_EMERGING_LONG    0.06     NO     NO
MAGMAUSDT           EXPANSION    LATE    4.34                WATCH_LONG       —     NO     NO
XMRUSDT           COMPRESSION   EARLY    4.22   DIRECTION_EMERGING_LONG    1.04     NO     NO
TUTUSDT          ACCUMULATION   EARLY    3.91               WATCH_SHORT       —     NO     NO
ZORAUSDT         ACCUMULATION    FAIR    3.87                WATCH_LONG       —     NO     NO
1000SATSUSDT         RECOVERY    FAIR    3.84                WATCH_LONG       —     NO     NO
SKYAIUSDT         COMPRESSION    FAIR    3.84                   NEUTRAL       —     NO     NO
XPLUSDT          ACCUMULATION    FAIR    3.67                WATCH_LONG       —     NO     NO
ONDOUSDT         ACCUMULATION   EARLY    3.64                WATCH_LONG       —     NO     NO
STXUSDT        DISTRIBUTION_RISK    LATE    3.64                WATCH_LONG       —     NO     NO
BLESSUSDT        ACCUMULATION   EARLY    2.91                   NEUTRAL       —     NO     NO
VELVETUSDT       ACCUMULATION   EARLY    2.81                   NEUTRAL       —     NO     NO
BERAUSDT         ACCUMULATION    FAIR    2.13                   NEUTRAL       —     NO     NO
TRXUSDT          ACCUMULATION   EARLY    1.82                   NEUTRAL       —     NO     NO

V7.4 PRE-MOVE SURVEILLANCE
Eligible: 7 | Primary: 5 | Reserve: 2

PRIMARY
 1 WLFIUSDT       REVERSAL       11.71 state=WATCH_SHORT
 2 BRETTUSDT      CONTINUATION   10.63 state=DIRECTION_EMERGING_LONG
 3 TRUMPUSDT      CONTINUATION   10.00 state=DIRECTION_EMERGING_LONG
 4 INJUSDT        CONTINUATION   10.00 state=DIRECTION_EMERGING_LONG
 5 LDOUSDT        CONTINUATION   10.00 state=DIRECTION_EMERGING_LONG

RESERVE
 6 MAGMAUSDT      CONTINUATION   10.00 state=WATCH_LONG
 7 AAVEUSDT       CONTINUATION    8.91 state=WATCH_LONG

Run ID: 0f56eabcb113ae29547b36a3ac8261d8
Snapshot saved: /home/runner/work/Alpha-Hunter/Alpha-Hunter/data/snapshots/snapshot-20260821T053703Z.json
State history: /home/runner/work/Alpha-Hunter/Alpha-Hunter/data/state-history.jsonl
Supabase: SAVED
Qualified discovery candidates: 6
EARLY candidates: 2
V7 Trade Ready: 0
Bitget private API: NOT_CONFIGURED
