V7.4 HOURLY PERFORMANCE TRACKER
Run ID: 0f56eabcb113ae29547b36a3ac8261d8

V7.4.1 SHADOW REVERSAL
 SH SYMBOL           V74     OLD   SHADOW
--------------------------------------------------
  1 WLFIUSDT           1   11.71     9.17
PERFORMANCE SIGNALS SAVED: 30
FEATURE ROWS SAVED: 30
V7.4 OUTCOMES 1H: saved=7 failed=0
V7.4 OUTCOMES 4H: saved=16 failed=0
V7.4 OUTCOMES 12H: saved=9 failed=0
V7.4 OUTCOMES 24H: saved=4 failed=0
OUTCOME EVALUATION COMPLETE: saved=36 failed=0

==========================================================================================
V7.4 CURRENT SURVEILLANCE COHORT
==========================================================================================
RANK SYMBOL         TIER      PATH            SCORE STATE
------------------------------------------------------------------------------------------
   1 WLFIUSDT       PRIMARY   REVERSAL        11.71 WATCH_SHORT
   2 BRETTUSDT      PRIMARY   CONTINUATION    10.63 DIRECTION_EMERGING_LONG
   3 TRUMPUSDT      PRIMARY   CONTINUATION    10.00 DIRECTION_EMERGING_LONG
   4 INJUSDT        PRIMARY   CONTINUATION    10.00 DIRECTION_EMERGING_LONG
   5 LDOUSDT        PRIMARY   CONTINUATION    10.00 DIRECTION_EMERGING_LONG
   6 MAGMAUSDT      RESERVE   CONTINUATION    10.00 WATCH_LONG
   7 AAVEUSDT       RESERVE   CONTINUATION     8.91 WATCH_LONG

================================================================================================================================
V7.4 FORWARD PERFORMANCE — RAW PRICE EXPANSION
================================================================================================================================

PRIMARY / RESERVE + PATH
  H TIER      PATH              N    POS%   AVG RAW   AVG ABS    EXP3%    EXP5%   EXP10%    UP5%    DN5%
--------------------------------------------------------------------------------------------------------------------------------
  1 PRIMARY   CONTINUATION     76   63.2%    0.319%    1.149%     9.2%     1.3%     0.0%    0.0%    1.3%
  1 PRIMARY   REVERSAL         71   71.8%    1.611%    2.461%    11.3%     7.0%     2.8%    5.6%    1.4%
  1 RESERVE   CONTINUATION     44   75.0%    0.748%    1.301%     4.5%     2.3%     0.0%    2.3%    0.0%
  1 RESERVE   REVERSAL         12   66.7%    0.259%    0.701%     0.0%     0.0%     0.0%    0.0%    0.0%
  4 PRIMARY   CONTINUATION     64   67.2%    0.895%    1.780%    14.1%     1.6%     0.0%    1.6%    0.0%
  4 PRIMARY   REVERSAL         63   77.8%    2.970%    4.290%    30.2%    12.7%     6.3%    9.5%    3.2%
  4 RESERVE   CONTINUATION     35   68.6%    1.025%    1.726%    17.1%     2.9%     0.0%    2.9%    0.0%
  4 RESERVE   REVERSAL         12   58.3%    0.011%    1.140%     0.0%     0.0%     0.0%    0.0%    0.0%
 12 PRIMARY   CONTINUATION     32   68.8%    0.311%    2.264%    31.2%     6.2%     0.0%    0.0%    6.2%
 12 PRIMARY   REVERSAL         36   58.3%   12.400%   13.759%    19.4%    16.7%    13.9%   13.9%    2.8%
 12 RESERVE   CONTINUATION      7   57.1%    0.612%    1.514%    14.3%     0.0%     0.0%    0.0%    0.0%
 12 RESERVE   REVERSAL          3   33.3%   -0.222%    0.266%     0.0%     0.0%     0.0%    0.0%    0.0%

RANK QUALITY
  H RANK BUCKET         N    POS%   AVG RAW   AVG ABS    EXP3%    EXP5%   EXP10%    UP5%    DN5%
----------------------------------------------------------------------------------------------------------------
  1 TOP_1_3            92   64.1%    1.208%    2.210%    13.0%     6.5%     2.2%    4.3%    2.2%
  1 TOP_4_5            55   72.7%    0.499%    1.068%     5.5%     0.0%     0.0%    0.0%    0.0%
  1 RESERVE_6_10       56   73.2%    0.644%    1.172%     3.6%     1.8%     0.0%    1.8%    0.0%
  4 TOP_1_3            80   73.8%    2.379%    3.650%    26.2%    10.0%     5.0%    7.5%    2.5%
  4 TOP_4_5            47   70.2%    1.149%    1.961%    14.9%     2.1%     0.0%    2.1%    0.0%
  4 RESERVE_6_10       47   66.0%    0.766%    1.577%    12.8%     2.1%     0.0%    2.1%    0.0%
 12 TOP_1_3            44   61.4%   10.181%   11.751%    25.0%    15.9%    11.4%   11.4%    4.5%
 12 TOP_4_5            24   66.7%    0.350%    2.114%    25.0%     4.2%     0.0%    0.0%    4.2%
 12 RESERVE_6_10       10   50.0%    0.362%    1.139%    10.0%     0.0%     0.0%    0.0%    0.0%

Metric definitions:
AVG RAW = average raw market return from detection price.
AVG ABS = average absolute price movement regardless of direction.
EXP3/5/10 = percentage of candidates moving at least 3% / 5% / 10% in either direction.
UP5 = raw upside move >= +5%; DN5 = raw downside move <= -5%.
No V7.4 trade-direction assumption is used in these metrics.

V7.4 TRACKING JOB: PASS
