
==============================================================================================================
ALPHA HUNTER V7.5 INDEPENDENT EPISODE MARKET TRACKER
==============================================================================================================
Episodes stored: 246
Active episodes: 98

ADAUSDT        REVERSAL      now=    5.36% UP=    6.27% DOWN=  -12.70% 3=Y 5=Y 10=Y checks=49
DOGEUSDT       CONTINUATION  now=   16.92% UP=   17.48% DOWN=   -2.32% 3=Y 5=Y 10=Y checks=49
SKYAIUSDT      REVERSAL      now=  -31.16% UP=    0.00% DOWN=  -48.62% 3=Y 5=Y 10=Y checks=49
SOLUSDT        CONTINUATION  now=   16.43% UP=   16.88% DOWN=   -4.13% 3=Y 5=Y 10=Y checks=49
SUIUSDT        CONTINUATION  now=    9.36% UP=    9.52% DOWN=   -7.26% 3=Y 5=Y 10=- checks=49
COOKIEUSDT     CONTINUATION  now=  -10.49% UP=    0.00% DOWN=  -18.26% 3=Y 5=Y 10=Y checks=49
BTWUSDT        CONTINUATION  now=  116.87% UP=  147.63% DOWN=    0.00% 3=Y 5=Y 10=Y checks=49
CYSUSDT        CONTINUATION  now=  -45.60% UP=   78.38% DOWN=  -50.85% 3=Y 5=Y 10=Y checks=49
GWEIUSDT       REVERSAL      now=   11.61% UP=   24.28% DOWN=   -2.98% 3=Y 5=Y 10=Y checks=49
BICOUSDT       REVERSAL      now=  -62.05% UP=    0.00% DOWN=  -62.36% 3=Y 5=Y 10=Y checks=49
SUIUSDT        CONTINUATION  now=   10.65% UP=   10.83% DOWN=   -6.16% 3=Y 5=Y 10=Y checks=49
MMTUSDT        REVERSAL      now=  -14.15% UP=    0.00% DOWN=  -17.89% 3=Y 5=Y 10=Y checks=49
IOTXUSDT       REVERSAL      now=   -1.66% UP=    0.00% DOWN=  -11.34% 3=Y 5=Y 10=Y checks=49
FORMUSDT       REVERSAL      now=   15.34% UP=   17.37% DOWN=   -7.88% 3=Y 5=Y 10=Y checks=49
JTOUSDT        REVERSAL      now=    2.97% UP=    8.18% DOWN=   -0.43% 3=Y 5=Y 10=- checks=49
4USDT          REVERSAL      now=   -8.75% UP=    0.00% DOWN=  -22.21% 3=Y 5=Y 10=Y checks=49
MUBARAKUSDT    REVERSAL      now=    2.86% UP=    3.21% DOWN=  -24.10% 3=Y 5=Y 10=Y checks=49
PUMPUSDT       REVERSAL      now=   37.69% UP=   39.98% DOWN=   -5.65% 3=Y 5=Y 10=Y checks=49
HYPEUSDT       REVERSAL      now=   30.24% UP=   33.67% DOWN=   -0.62% 3=Y 5=Y 10=Y checks=49
ACUUSDT        REVERSAL      now=    8.09% UP=   16.62% DOWN=   -4.40% 3=Y 5=Y 10=Y checks=49
BTWUSDT        CONTINUATION  now=   45.24% UP=   66.06% DOWN=  -10.16% 3=Y 5=Y 10=Y checks=49
AEONUSDT       CONTINUATION  now=    2.46% UP=   28.99% DOWN=   -6.91% 3=Y 5=Y 10=Y checks=49
LINKUSDT       CONTINUATION  now=   14.40% UP=   16.13% DOWN=    0.00% 3=Y 5=Y 10=Y checks=26
OUSDT          CONTINUATION  now=   -2.20% UP=    3.69% DOWN=   -6.18% 3=Y 5=Y 10=- checks=26
HYPEUSDT       REVERSAL      now=   24.81% UP=   28.10% DOWN=   -1.10% 3=Y 5=Y 10=Y checks=26
ZECUSDT        REVERSAL      now=   20.35% UP=   21.35% DOWN=   -0.72% 3=Y 5=Y 10=Y checks=26
1000RATSUSDT   REVERSAL      now=   -0.71% UP=    9.83% DOWN=   -4.96% 3=Y 5=Y 10=- checks=21
ETHUSDT        CONTINUATION  now=   22.53% UP=   23.93% DOWN=   -0.01% 3=Y 5=Y 10=Y checks=21
BTCUSDT        CONTINUATION  now=   16.69% UP=   17.55% DOWN=   -0.08% 3=Y 5=Y 10=Y checks=21
AEONUSDT       REVERSAL      now=   -8.71% UP=    5.43% DOWN=  -13.04% 3=Y 5=Y 10=Y checks=21
REDUSDT        REVERSAL      now=   17.37% UP=   35.87% DOWN=   -1.25% 3=Y 5=Y 10=Y checks=21
SOLUSDT        CONTINUATION  now=   15.97% UP=   16.41% DOWN=   -0.19% 3=Y 5=Y 10=Y checks=21
TRXUSDT        REVERSAL      now=    1.50% UP=    2.34% DOWN=    0.00% 3=- 5=- 10=- checks=14
ONGUSDT        CONTINUATION  now=  109.13% UP=  158.52% DOWN=   -4.60% 3=Y 5=Y 10=Y checks=14
CAPUSDT        REVERSAL      now=   -4.99% UP=    4.34% DOWN=   -8.21% 3=Y 5=Y 10=- checks=13
LAUSDT         REVERSAL      now=    5.20% UP=    8.30% DOWN=    0.00% 3=Y 5=Y 10=- checks=13
AEONUSDT       REVERSAL      now=   -9.52% UP=    0.20% DOWN=  -13.81% 3=Y 5=Y 10=Y checks=13
VVVUSDT        REVERSAL      now=    7.75% UP=    9.13% DOWN=   -0.75% 3=Y 5=Y 10=- checks=13
XMRUSDT        REVERSAL      now=    1.63% UP=    2.93% DOWN=   -1.41% 3=- 5=- 10=- checks=13
WLFIUSDT       REVERSAL      now=   -0.61% UP=    2.25% DOWN=   -2.27% 3=- 5=- 10=- checks=12
1000RATSUSDT   CONTINUATION  now=   -7.25% UP=    2.60% DOWN=   -8.47% 3=Y 5=Y 10=- checks=12
LAUSDT         CONTINUATION  now=    4.28% UP=    7.36% DOWN=   -0.60% 3=Y 5=Y 10=- checks=12
XMRUSDT        REVERSAL      now=    0.35% UP=    1.64% DOWN=   -2.64% 3=- 5=- 10=- checks=12
ONGUSDT        REVERSAL      now=  115.83% UP=  166.67% DOWN=   -1.60% 3=Y 5=Y 10=Y checks=12
VVVUSDT        REVERSAL      now=    7.04% UP=    8.41% DOWN=   -0.08% 3=Y 5=Y 10=- checks=11
BRUSDT         CONTINUATION  now=    0.11% UP=    9.22% DOWN=   -5.87% 3=Y 5=Y 10=- checks=11
CAPUSDT        REVERSAL      now=   -5.49% UP=    1.66% DOWN=   -8.68% 3=Y 5=Y 10=- checks=11
WLDUSDT        CONTINUATION  now=    3.39% UP=    5.14% DOWN=   -1.33% 3=Y 5=Y 10=- checks=11
ZROUSDT        CONTINUATION  now=   -1.45% UP=    0.95% DOWN=   -3.38% 3=Y 5=- 10=- checks=10
TREEUSDT       REVERSAL      now=    3.03% UP=    5.35% DOWN=   -0.25% 3=Y 5=Y 10=- checks=10
MUBARAKUSDT    REVERSAL      now=    5.92% UP=    6.13% DOWN=   -4.22% 3=Y 5=Y 10=- checks=10
VVVUSDT        CONTINUATION  now=    4.62% UP=    5.96% DOWN=   -1.05% 3=Y 5=Y 10=- checks=9
LAUSDT         CONTINUATION  now=    2.98% UP=    6.02% DOWN=   -0.98% 3=Y 5=Y 10=- checks=9
1000RATSUSDT   CONTINUATION  now=   -6.63% UP=    0.63% DOWN=   -7.86% 3=Y 5=Y 10=- checks=9
ACUUSDT        REVERSAL      now=   -3.79% UP=    1.11% DOWN=   -7.79% 3=Y 5=Y 10=- checks=9
UNIUSDT        CONTINUATION  now=    4.14% UP=    5.70% DOWN=    0.00% 3=Y 5=Y 10=- checks=7
LAUSDT         CONTINUATION  now=    2.42% UP=    5.28% DOWN=   -1.67% 3=Y 5=Y 10=- checks=7
ZROUSDT        REVERSAL      now=    1.54% UP=    3.90% DOWN=   -0.44% 3=Y 5=- 10=- checks=7
NEARUSDT       CONTINUATION  now=    4.50% UP=    4.92% DOWN=   -1.95% 3=Y 5=- 10=- checks=7
ONDOUSDT       CONTINUATION  now=    2.28% UP=    3.88% DOWN=   -2.64% 3=Y 5=- 10=- checks=8
LITUSDT        CONTINUATION  now=   -4.15% UP=    0.71% DOWN=   -7.55% 3=Y 5=Y 10=- checks=8
BTWUSDT        REVERSAL      now=   11.00% UP=   28.05% DOWN=   -2.37% 3=Y 5=Y 10=Y checks=7
OPUSDT         CONTINUATION  now=    1.04% UP=    2.49% DOWN=   -3.53% 3=Y 5=- 10=- checks=7
LDOUSDT        CONTINUATION  now=    2.46% UP=    3.26% DOWN=   -0.18% 3=Y 5=- 10=- checks=6
WLFIUSDT       REVERSAL      now=   -1.66% UP=    0.02% DOWN=   -3.33% 3=Y 5=- 10=- checks=6
WLDUSDT        CONTINUATION  now=    1.45% UP=    3.16% DOWN=   -0.44% 3=Y 5=- 10=- checks=6
TREEUSDT       REVERSAL      now=    0.86% UP=    3.13% DOWN=   -1.80% 3=Y 5=- 10=- checks=6
NEARUSDT       REVERSAL      now=    5.60% UP=    5.93% DOWN=   -0.02% 3=Y 5=Y 10=- checks=6
LITUSDT        REVERSAL      now=    1.65% UP=    2.63% DOWN=   -1.95% 3=- 5=- 10=- checks=6
XMRUSDT        REVERSAL      now=    2.10% UP=    2.88% DOWN=   -0.66% 3=- 5=- 10=- checks=6
TRUMPUSDT      CONTINUATION  now=    2.35% UP=    2.47% DOWN=   -2.65% 3=- 5=- 10=- checks=6
ZECUSDT        CONTINUATION  now=    6.13% UP=    7.06% DOWN=   -1.11% 3=Y 5=Y 10=- checks=6
WLDUSDT        CONTINUATION  now=    1.33% UP=    3.05% DOWN=   -0.54% 3=Y 5=- 10=- checks=6
LINKUSDT       CONTINUATION  now=    2.72% UP=    4.30% DOWN=   -0.89% 3=Y 5=- 10=- checks=6
TREEUSDT       REVERSAL      now=    2.28% UP=    4.58% DOWN=   -0.42% 3=Y 5=- 10=- checks=6
VVVUSDT        REVERSAL      now=    4.38% UP=    5.71% DOWN=   -1.28% 3=Y 5=Y 10=- checks=6
NEARUSDT       CONTINUATION  now=    4.70% UP=    5.10% DOWN=   -0.46% 3=Y 5=Y 10=- checks=6
UNIUSDT        CONTINUATION  now=    2.74% UP=    4.28% DOWN=   -0.65% 3=Y 5=- 10=- checks=6
LUMIAUSDT      CONTINUATION  now=    0.69% UP=    1.00% DOWN=   -1.05% 3=- 5=- 10=- checks=6
ONDOUSDT       REVERSAL      now=    3.53% UP=    5.15% DOWN=   -0.11% 3=Y 5=Y 10=- checks=6
AAVEUSDT       CONTINUATION  now=    1.54% UP=    2.68% DOWN=   -0.48% 3=- 5=- 10=- checks=5
BTWUSDT        REVERSAL      now=    5.52% UP=   22.77% DOWN=   -2.82% 3=Y 5=Y 10=Y checks=4
RENDERUSDT     CONTINUATION  now=    0.58% UP=    1.20% DOWN=   -0.16% 3=- 5=- 10=- checks=4
INJUSDT        CONTINUATION  now=    0.72% UP=    0.93% DOWN=   -0.27% 3=- 5=- 10=- checks=4
MAGMAUSDT      CONTINUATION  now=    2.14% UP=    6.83% DOWN=   -0.21% 3=Y 5=Y 10=- checks=4
MONUSDT        CONTINUATION  now=    1.64% UP=    1.83% DOWN=   -0.99% 3=- 5=- 10=- checks=3
HYPEUSDT       CONTINUATION  now=    0.73% UP=    0.86% DOWN=   -1.93% 3=- 5=- 10=- checks=3
LDOUSDT        CONTINUATION  now=    1.21% UP=    2.01% DOWN=   -0.06% 3=- 5=- 10=- checks=3
TRUMPUSDT      REVERSAL      now=    3.60% UP=    3.72% DOWN=   -0.18% 3=Y 5=- 10=- checks=3
USELESSUSDT    CONTINUATION  now=    4.83% UP=    5.97% DOWN=   -0.47% 3=Y 5=Y 10=- checks=3
XMRUSDT        REVERSAL      now=    0.24% UP=    0.47% DOWN=   -0.07% 3=- 5=- 10=- checks=2
ONDOUSDT       CONTINUATION  now=   -0.49% UP=    0.49% DOWN=   -0.74% 3=- 5=- 10=- checks=2
TRUMPUSDT      CONTINUATION  now=    1.62% UP=    1.92% DOWN=   -0.24% 3=- 5=- 10=- checks=2
INJUSDT        CONTINUATION  now=    0.36% UP=    0.61% DOWN=   -0.11% 3=- 5=- 10=- checks=2
REUSDT         CONTINUATION  now=    5.07% UP=    5.20% DOWN=   -0.31% 3=Y 5=Y 10=- checks=2
BRETTUSDT      CONTINUATION  now=   -0.02% UP=    0.00% DOWN=   -0.02% 3=- 5=- 10=- checks=1
AAVEUSDT       CONTINUATION  now=   -0.01% UP=    0.00% DOWN=   -0.02% 3=- 5=- 10=- checks=1
MAGMAUSDT      CONTINUATION  now=   -0.44% UP=    0.00% DOWN=   -0.54% 3=- 5=- 10=- checks=1

==============================================================================================================
TRACKER SUMMARY
==============================================================================================================
Checked: 98
Failed: 0
Supabase rows upserted: 246
3% episodes: 198
5% episodes: 173
10% episodes: 112

V7.5 EPISODE MARKET TRACKER: PASS
