
======================================================================================================================
ALPHA HUNTER V7.6 POST-CONFIRMATION OUTCOME TRACKER — SHADOW
======================================================================================================================
Confirmed outcome rows: 195
Created this run: 7

LITUSDT        SHORT  quality=FORWARD_COMPLETE now=  -3.79% MFE=   0.15% MAE=  -3.91% lost=Y done=-
CAPUSDT        SHORT  quality=FORWARD_COMPLETE now=   5.89% MFE=   8.88% MAE=  -1.44% lost=Y done=-
LAUSDT         LONG   quality=FORWARD_COMPLETE now=   1.77% MFE=   4.61% MAE=  -2.30% lost=Y done=-
LAUSDT         LONG   quality=FORWARD_COMPLETE now=   1.77% MFE=   4.61% MAE=  -2.30% lost=Y done=-
ACEUSDT        SHORT  quality=FORWARD_COMPLETE now= -30.63% MFE=   5.59% MAE= -52.45% lost=Y done=Y
VVVUSDT        SHORT  quality=FORWARD_COMPLETE now=  -7.78% MFE=   0.60% MAE=  -9.28% lost=Y done=-
WLDUSDT        SHORT  quality=FORWARD_COMPLETE now=  -4.15% MFE=   0.36% MAE=  -6.14% lost=Y done=-
CAPUSDT        SHORT  quality=FORWARD_COMPLETE now=   5.89% MFE=   8.88% MAE=  -1.44% lost=- done=-
LAUSDT         LONG   quality=FORWARD_COMPLETE now=   1.77% MFE=   4.61% MAE=  -2.30% lost=- done=-
LAUSDT         LONG   quality=FORWARD_COMPLETE now=   1.77% MFE=   4.61% MAE=  -2.30% lost=- done=-
TREEUSDT       SHORT  quality=FORWARD_COMPLETE now=  -2.53% MFE=   0.42% MAE=  -4.58% lost=Y done=-
MUBARAKUSDT    SHORT  quality=FORWARD_COMPLETE now=  -6.89% MFE=   3.73% MAE=  -6.89% lost=Y done=-
PUMPUSDT       LONG   quality=FORWARD_COMPLETE now=  15.56% MFE=  17.40% MAE=  -0.83% lost=- done=-
TRXUSDT        LONG   quality=FORWARD_COMPLETE now=   0.09% MFE=   0.92% MAE=  -0.21% lost=Y done=-
AEONUSDT       SHORT  quality=FORWARD_COMPLETE now=   0.51% MFE=   4.63% MAE=  -4.85% lost=Y done=-
ONGUSDT        SHORT  quality=FORWARD_COMPLETE now=-116.00% MFE=   0.18% MAE=-166.98% lost=Y done=-
AEONUSDT       SHORT  quality=FORWARD_COMPLETE now=   0.51% MFE=   4.63% MAE=  -4.85% lost=Y done=-
ZROUSDT        LONG   quality=FORWARD_COMPLETE now=  -1.31% MFE=   0.05% MAE=  -3.10% lost=Y done=-
UNIUSDT        LONG   quality=FORWARD_COMPLETE now=   0.24% MFE=   1.28% MAE=  -0.79% lost=Y done=-
LDOUSDT        LONG   quality=FORWARD_COMPLETE now=   0.53% MFE=   1.32% MAE=  -0.76% lost=Y done=-
ONGUSDT        SHORT  quality=FORWARD_COMPLETE now=-115.97% MFE=   0.18% MAE=-166.98% lost=Y done=-
1000RATSUSDT   LONG   quality=FORWARD_COMPLETE now=  -8.55% MFE=   0.79% MAE=  -9.60% lost=Y done=-
VVVUSDT        LONG   quality=FORWARD_COMPLETE now=   3.65% MFE=   5.10% MAE=  -1.85% lost=Y done=-
LAUSDT         LONG   quality=FORWARD_COMPLETE now=   0.70% MFE=   3.50% MAE=  -3.34% lost=Y done=-
OPUSDT         LONG   quality=FORWARD_COMPLETE now=  -0.51% MFE=   1.13% MAE=  -1.43% lost=Y done=-
LAUSDT         LONG   quality=FORWARD_COMPLETE now=   1.78% MFE=   4.61% MAE=  -2.30% lost=- done=-
XMRUSDT        LONG   quality=FORWARD_COMPLETE now=  -0.92% MFE=   0.47% MAE=  -3.77% lost=Y done=-
VVVUSDT        LONG   quality=FORWARD_COMPLETE now=   3.65% MFE=   5.10% MAE=  -1.85% lost=- done=-
LAUSDT         LONG   quality=FORWARD_COMPLETE now=   1.78% MFE=   4.61% MAE=  -2.30% lost=Y done=-
VVVUSDT        LONG   quality=FORWARD_COMPLETE now=   3.65% MFE=   5.10% MAE=  -1.85% lost=- done=-
WLFIUSDT       LONG   quality=FORWARD_COMPLETE now=  -1.45% MFE=   1.33% MAE=  -3.14% lost=- done=-
XMRUSDT        LONG   quality=FORWARD_COMPLETE now=  -0.92% MFE=   0.47% MAE=  -3.77% lost=Y done=-
NEARUSDT       LONG   quality=FORWARD_COMPLETE now=   3.15% MFE=   3.60% MAE=  -0.89% lost=- done=-
TREEUSDT       LONG   quality=FORWARD_COMPLETE now=  -1.19% MFE=   0.24% MAE=  -3.41% lost=Y done=-
1000RATSUSDT   SHORT  quality=FORWARD_COMPLETE now=   3.31% MFE=   4.51% MAE=  -2.06% lost=Y done=-
ACUUSDT        SHORT  quality=FORWARD_COMPLETE now=  -1.37% MFE=   1.81% MAE=  -6.54% lost=Y done=-
NEARUSDT       LONG   quality=FORWARD_COMPLETE now=   3.76% MFE=   4.21% MAE=  -2.78% lost=Y done=-
POLUSDT        LONG   quality=FORWARD_COMPLETE now=   2.01% MFE=   3.13% MAE=  -4.41% lost=Y done=-
ONDOUSDT       LONG   quality=FORWARD_COMPLETE now=   1.42% MFE=   3.07% MAE=  -3.40% lost=Y done=-
WLDUSDT        LONG   quality=FORWARD_COMPLETE now=  -0.16% MFE=   1.75% MAE=  -0.81% lost=Y done=-
NEARUSDT       LONG   quality=FORWARD_COMPLETE now=   2.90% MFE=   3.33% MAE=  -1.15% lost=- done=-
TREEUSDT       LONG   quality=FORWARD_COMPLETE now=  -1.19% MFE=   0.24% MAE=  -3.41% lost=Y done=-
LINKUSDT       LONG   quality=FORWARD_COMPLETE now=   1.31% MFE=   2.70% MAE=  -0.05% lost=Y done=-
WLDUSDT        LONG   quality=FORWARD_COMPLETE now=  -0.35% MFE=   1.21% MAE=  -1.05% lost=Y done=-
UNIUSDT        LONG   quality=FORWARD_COMPLETE now=   0.24% MFE=   1.28% MAE=  -0.79% lost=Y done=-
ONDOUSDT       LONG   quality=FORWARD_COMPLETE now=   1.14% MFE=   2.78% MAE=  -0.33% lost=- done=-
AAVEUSDT       LONG   quality=FORWARD_COMPLETE now=   1.76% MFE=   2.86% MAE=  -0.21% lost=Y done=-
LITUSDT        SHORT  quality=FORWARD_COMPLETE now=  -3.71% MFE=   0.27% MAE=  -3.79% lost=Y done=-
BTWUSDT        LONG   quality=FORWARD_COMPLETE now=  -0.16% MFE=   1.30% MAE=  -7.76% lost=- done=-
BTWUSDT        LONG   quality=FORWARD_COMPLETE now=  -0.12% MFE=   1.34% MAE=  -7.72% lost=- done=-
MAGMAUSDT      LONG   quality=FORWARD_COMPLETE now=  -1.69% MFE=   0.40% MAE=  -1.84% lost=Y done=-
RENDERUSDT     LONG   quality=FORWARD_COMPLETE now=   0.03% MFE=   0.35% MAE=  -0.31% lost=Y done=-
TRUMPUSDT      LONG   quality=FORWARD_COMPLETE now=   0.29% MFE=   0.35% MAE=   0.00% lost=- done=-
ZECUSDT        LONG   quality=FORWARD_COMPLETE now=   0.01% MFE=   0.12% MAE=  -0.08% lost=- done=-
LDOUSDT        LONG   quality=FORWARD_COMPLETE now=   0.06% MFE=   0.06% MAE=   0.00% lost=- done=-
TRUMPUSDT      LONG   quality=FORWARD_COMPLETE now=   0.00% MFE=   0.06% MAE=  -0.06% lost=- done=-
USELESSUSDT    LONG   quality=FORWARD_COMPLETE now=  -0.76% MFE=   0.00% MAE=  -0.76% lost=- done=-
TRUMPUSDT      LONG   quality=FORWARD_COMPLETE now=   0.00% MFE=   0.06% MAE=  -0.06% lost=- done=-
REUSDT         LONG   quality=FORWARD_COMPLETE now=   0.13% MFE=   0.14% MAE=   0.00% lost=- done=-

======================================================================================================================
POST-CONFIRMATION TRACKER SUMMARY
======================================================================================================================
Outcome rows: 195
Created this run: 7
Tracked this run: 59
Failed: 0
Supabase rows upserted: 195
Forward complete: 195
Completed 24H: 137

IMPORTANT: OUTCOME TRACKER IS MEASUREMENT ONLY.
No trade permission was generated.

V7.6 POST-CONFIRMATION OUTCOME TRACKER: PASS
