
======================================================================================================================
ALPHA HUNTER V7.6 DIRECTION-PROOF ENGINE — SHADOW
======================================================================================================================
Eligible forward episodes: 74

SYMBOL         PATH          DIR         CONF   LONG   SHORT       15M        1H
----------------------------------------------------------------------------------------------------------------------
LINKUSDT       CONTINUATION  UNKNOWN     0.0%   3.50    0.00     MIXED   BULLISH
OUSDT          CONTINUATION  UNKNOWN     0.0%   2.00    1.50   BULLISH     MIXED
HYPEUSDT       REVERSAL      UNKNOWN     0.0%   2.00    1.50     MIXED     MIXED
ZECUSDT        REVERSAL      LONG      100.0%   8.00    0.00   BULLISH   BULLISH
1000RATSUSDT   REVERSAL      SHORT      75.0%   0.00    6.00     MIXED   BEARISH
ETHUSDT        CONTINUATION  LONG       50.0%   4.00    0.00   BULLISH   BULLISH
BTCUSDT        CONTINUATION  LONG       87.5%   7.00    0.00   BULLISH   BULLISH
AEONUSDT       REVERSAL      SHORT      52.5%   1.00    4.50     MIXED   BEARISH
REDUSDT        REVERSAL      SHORT      62.5%   0.00    5.00   BEARISH     MIXED
SOLUSDT        CONTINUATION  LONG       68.8%   5.50    0.00   BULLISH   BULLISH
CAPUSDT        REVERSAL      UNKNOWN     0.0%   2.50    2.00     MIXED   BEARISH
LAUSDT         REVERSAL      LONG       71.2%   6.00    1.00   BULLISH   BULLISH
AEONUSDT       REVERSAL      SHORT      52.5%   1.00    4.50     MIXED   BEARISH
VVVUSDT        REVERSAL      LONG      100.0%   8.00    0.00   BULLISH   BULLISH
XMRUSDT        REVERSAL      LONG       68.8%   5.50    0.00   BULLISH   BULLISH
WLFIUSDT       REVERSAL      SHORT      56.9%   1.50    5.00   BEARISH   BEARISH
1000RATSUSDT   CONTINUATION  SHORT      87.5%   0.00    7.00   BEARISH   BEARISH
LAUSDT         CONTINUATION  LONG       71.2%   6.00    1.00   BULLISH   BULLISH
XMRUSDT        REVERSAL      LONG       68.8%   5.50    0.00   BULLISH   BULLISH
ONGUSDT        REVERSAL      LONG       50.6%   4.50    1.50     MIXED   BULLISH
VVVUSDT        REVERSAL      LONG      100.0%   8.00    0.00   BULLISH   BULLISH
BRUSDT         CONTINUATION  LONG       46.9%   4.50    2.50   BULLISH   BULLISH
CAPUSDT        REVERSAL      UNKNOWN     0.0%   2.50    2.00     MIXED   BEARISH
WLDUSDT        CONTINUATION  UNKNOWN     0.0%   0.00    0.00     MIXED     MIXED
ZROUSDT        CONTINUATION  UNKNOWN     0.0%   3.00    1.50     MIXED   BULLISH
TREEUSDT       REVERSAL      UNKNOWN     0.0%   3.00    0.00   BULLISH     MIXED
MUBARAKUSDT    REVERSAL      LONG      100.0%   8.00    0.00   BULLISH   BULLISH
VVVUSDT        CONTINUATION  LONG      100.0%   8.00    0.00   BULLISH   BULLISH
LAUSDT         CONTINUATION  LONG       71.2%   6.00    1.00   BULLISH   BULLISH
1000RATSUSDT   CONTINUATION  SHORT      87.5%   0.00    7.00   BEARISH   BEARISH
ACUUSDT        REVERSAL      SHORT      81.2%   0.00    6.50   BEARISH   BEARISH
UNIUSDT        CONTINUATION  LONG       56.2%   4.50    0.00     MIXED   BULLISH
LAUSDT         CONTINUATION  LONG       71.2%   6.00    1.00   BULLISH   BULLISH
ZROUSDT        REVERSAL      UNKNOWN     0.0%   3.00    1.50     MIXED   BULLISH
NEARUSDT       CONTINUATION  LONG       87.5%   7.00    0.00   BULLISH   BULLISH
ONDOUSDT       CONTINUATION  LONG       46.9%   4.50    2.50     MIXED   BULLISH
LITUSDT        CONTINUATION  LONG       56.2%   4.50    0.00   BULLISH     MIXED
BTWUSDT        REVERSAL      LONG       83.8%   7.00    1.00   BULLISH   BULLISH
OPUSDT         CONTINUATION  LONG       50.0%   4.00    0.00   BULLISH   BULLISH
LDOUSDT        CONTINUATION  LONG       68.8%   5.50    0.00   BULLISH   BULLISH
WLFIUSDT       REVERSAL      SHORT      56.9%   1.50    5.00   BEARISH   BEARISH
WLDUSDT        CONTINUATION  UNKNOWN     0.0%   0.00    0.00     MIXED     MIXED
TREEUSDT       REVERSAL      UNKNOWN     0.0%   3.00    0.00   BULLISH     MIXED
NEARUSDT       REVERSAL      LONG       87.5%   7.00    0.00   BULLISH   BULLISH
LITUSDT        REVERSAL      LONG       56.2%   4.50    0.00   BULLISH     MIXED
XMRUSDT        REVERSAL      LONG       68.8%   5.50    0.00   BULLISH   BULLISH
TRUMPUSDT      CONTINUATION  LONG      100.0%   8.00    0.00   BULLISH   BULLISH
ZECUSDT        CONTINUATION  LONG      100.0%   8.00    0.00   BULLISH   BULLISH
WLDUSDT        CONTINUATION  UNKNOWN     0.0%   0.00    0.00     MIXED     MIXED
LINKUSDT       CONTINUATION  UNKNOWN     0.0%   3.50    0.00     MIXED   BULLISH
TREEUSDT       REVERSAL      UNKNOWN     0.0%   3.00    0.00   BULLISH     MIXED
VVVUSDT        REVERSAL      LONG      100.0%   8.00    0.00   BULLISH   BULLISH
NEARUSDT       CONTINUATION  LONG       87.5%   7.00    0.00   BULLISH   BULLISH
UNIUSDT        CONTINUATION  LONG       56.2%   4.50    0.00     MIXED   BULLISH
LUMIAUSDT      CONTINUATION  LONG       63.1%   5.50    1.50   BULLISH   BULLISH
ONDOUSDT       REVERSAL      LONG       46.9%   4.50    2.50     MIXED   BULLISH
AAVEUSDT       CONTINUATION  UNKNOWN     0.0%   3.50    1.00     MIXED   BULLISH
BTWUSDT        REVERSAL      LONG       83.8%   7.00    1.00   BULLISH   BULLISH
RENDERUSDT     CONTINUATION  UNKNOWN     0.0%   3.00    0.00     MIXED   BULLISH
INJUSDT        CONTINUATION  LONG       50.0%   4.00    0.00   BULLISH   BULLISH
MAGMAUSDT      CONTINUATION  UNKNOWN     0.0%   1.50    2.00     MIXED     MIXED
MONUSDT        CONTINUATION  LONG      100.0%   8.00    0.00   BULLISH   BULLISH
HYPEUSDT       CONTINUATION  LONG       44.4%   4.00    1.50     MIXED   BULLISH
LDOUSDT        CONTINUATION  LONG       68.8%   5.50    0.00   BULLISH   BULLISH
TRUMPUSDT      REVERSAL      LONG      100.0%   8.00    0.00   BULLISH   BULLISH
USELESSUSDT    CONTINUATION  LONG       87.5%   7.00    0.00   BULLISH   BULLISH
XMRUSDT        REVERSAL      LONG       68.8%   5.50    0.00   BULLISH   BULLISH
ONDOUSDT       CONTINUATION  LONG       46.9%   4.50    2.50     MIXED   BULLISH
TRUMPUSDT      CONTINUATION  LONG      100.0%   8.00    0.00   BULLISH   BULLISH
INJUSDT        CONTINUATION  LONG       50.0%   4.00    0.00   BULLISH   BULLISH
REUSDT         CONTINUATION  LONG      100.0%   8.00    0.00   BULLISH   BULLISH
BRETTUSDT      CONTINUATION  LONG       87.5%   7.00    0.00   BULLISH   BULLISH
AAVEUSDT       CONTINUATION  UNKNOWN     0.0%   3.50    1.00     MIXED   BULLISH
MAGMAUSDT      CONTINUATION  UNKNOWN     0.0%   1.50    2.00     MIXED     MIXED

======================================================================================================================
V7.6 SHADOW SUMMARY
======================================================================================================================
Evaluated: 74
LONG: 46
SHORT: 9
UNKNOWN: 19
Failures: 0
Supabase shadow rows saved: 74
Direction state rows saved: 74
Immutable transition rows saved: 74
Transition run ID: cloud5d-20260821T053607Z
Direction emerging: 28
Direction confirmed: 26
Lost confirmation: 7

IMPORTANT: V7.6 IS SHADOW ONLY.
No trade permission was generated.

V7.6 DIRECTION SHADOW: PASS
