
ALPHA HUNTER V7.1 — 2026-08-21T13:50:23.324155+00:00

Universe: 30 deep-scanned of 759 contracts
Eligible after prefilter: 390
Non-crypto rejected: 294

SYMBOL                  PHASE    TIME   BEHAV                     STATE      RR   DISC  TRADE
---------------------------------------------------------------------------------------------
PENGUUSDT            IGNITION    LATE    6.03   DIRECTION_EMERGING_LONG    0.03    YES     NO
BASEDUSDT      DISTRIBUTION_RISK    FAIR    5.54   DIRECTION_EMERGING_LONG    0.10     NO     NO
MORPHOUSDT     DISTRIBUTION_RISK    FAIR    5.46   DIRECTION_EMERGING_LONG    0.11     NO     NO
SKYAIUSDT         COMPRESSION   EARLY    5.01   DIRECTION_EMERGING_LONG    0.51    YES     NO
ZECUSDT          ACCUMULATION    FAIR    4.94   DIRECTION_EMERGING_LONG    0.18     NO     NO
XMRUSDT           COMPRESSION   EARLY    4.89                WATCH_LONG       —     NO     NO
MAGMAUSDT           EXPANSION    FAIR    4.70   DIRECTION_EMERGING_LONG    0.50     NO     NO
WLFIUSDT          COMPRESSION   EARLY    4.69                WATCH_LONG       —     NO     NO
SANDUSDT         ACCUMULATION    FAIR    4.51   DIRECTION_EMERGING_LONG    0.05     NO     NO
THETAUSDT      DISTRIBUTION_RISK    FAIR    4.48   DIRECTION_EMERGING_LONG    0.02     NO     NO
TIAUSDT        DISTRIBUTION_RISK    FAIR    4.47   DIRECTION_EMERGING_LONG    0.00     NO     NO
ZENUSDT          ACCUMULATION    FAIR    4.46                WATCH_LONG       —     NO     NO
MERLUSDT         ACCUMULATION    FAIR    4.44                WATCH_LONG       —     NO     NO
ZRXUSDT          ACCUMULATION    FAIR    4.33                WATCH_LONG       —     NO     NO
EIGENUSDT        ACCUMULATION    FAIR    4.28   DIRECTION_EMERGING_LONG    0.00     NO     NO
SYRUPUSDT        ACCUMULATION    FAIR    4.20   DIRECTION_EMERGING_LONG    0.00     NO     NO
BICOUSDT          COMPRESSION    FAIR    4.19                   NEUTRAL       —     NO     NO
FORMUSDT         ACCUMULATION    LATE    4.14                WATCH_LONG       —     NO     NO
BEATUSDT            EXPANSION    FAIR    4.14                   NEUTRAL       —     NO     NO
REUSDT           ACCUMULATION   EARLY    4.05                WATCH_LONG       —     NO     NO
BANKUSDT             IGNITION   EARLY    3.82   DIRECTION_EMERGING_LONG    0.15     NO     NO
AVNTUSDT         ACCUMULATION    FAIR    3.81                WATCH_LONG       —     NO     NO
KAITOUSDT         COMPRESSION   EARLY    3.80                WATCH_LONG       —     NO     NO
BOMEUSDT            EXPANSION    LATE    3.75                   NEUTRAL       —     NO     NO
0GUSDT         DISTRIBUTION_RISK    FAIR    3.65   DIRECTION_EMERGING_LONG    0.00     NO     NO
TRXUSDT           COMPRESSION   EARLY    3.52                   NEUTRAL       —     NO     NO
CELOUSDT         ACCUMULATION    FAIR    3.49   DIRECTION_EMERGING_LONG    0.02     NO     NO
IOUSDT           ACCUMULATION    FAIR    3.26                WATCH_LONG       —     NO     NO
CAPUSDT          ACCUMULATION   EARLY    3.10                   NEUTRAL       —     NO     NO
LABUSDT          ACCUMULATION   EARLY    2.41                   NEUTRAL       —     NO     NO

V7.4 PRE-MOVE SURVEILLANCE
Eligible: 4 | Primary: 4 | Reserve: 0

PRIMARY
 1 XMRUSDT        REVERSAL       12.39 state=WATCH_LONG
 2 MAGMAUSDT      CONTINUATION   10.00 state=DIRECTION_EMERGING_LONG
 3 WLFIUSDT       CONTINUATION    9.90 state=WATCH_LONG
 4 TRXUSDT        CONTINUATION    8.91 state=NEUTRAL

Run ID: c89175b15c9deed7b139792b3038210a
Snapshot saved: /home/runner/work/Alpha-Hunter/Alpha-Hunter/data/snapshots/snapshot-20260821T135023Z.json
State history: /home/runner/work/Alpha-Hunter/Alpha-Hunter/data/state-history.jsonl
Supabase: SAVED
Qualified discovery candidates: 2
EARLY candidates: 1
V7 Trade Ready: 0
Bitget private API: NOT_CONFIGURED
