
==============================================================================================================
ALPHA HUNTER V7.5 INDEPENDENT EPISODE MARKET TRACKER
==============================================================================================================
Episodes stored: 259
Active episodes: 104

ADAUSDT        REVERSAL      now=    9.86% UP=   10.22% DOWN=  -12.70% 3=Y 5=Y 10=Y checks=53
DOGEUSDT       CONTINUATION  now=   19.27% UP=   21.34% DOWN=   -2.32% 3=Y 5=Y 10=Y checks=53
SKYAIUSDT      REVERSAL      now=  -29.87% UP=    0.00% DOWN=  -48.62% 3=Y 5=Y 10=Y checks=53
SOLUSDT        CONTINUATION  now=   18.27% UP=   21.00% DOWN=   -4.13% 3=Y 5=Y 10=Y checks=53
SUIUSDT        CONTINUATION  now=   14.56% UP=   16.03% DOWN=   -7.26% 3=Y 5=Y 10=Y checks=53
COOKIEUSDT     CONTINUATION  now=   -5.36% UP=    0.00% DOWN=  -18.26% 3=Y 5=Y 10=Y checks=53
BTWUSDT        CONTINUATION  now=  135.11% UP=  157.09% DOWN=    0.00% 3=Y 5=Y 10=Y checks=53
CYSUSDT        CONTINUATION  now=  -48.49% UP=   78.38% DOWN=  -50.85% 3=Y 5=Y 10=Y checks=53
GWEIUSDT       REVERSAL      now=   14.59% UP=   24.28% DOWN=   -2.98% 3=Y 5=Y 10=Y checks=53
BICOUSDT       REVERSAL      now=  -59.77% UP=    0.00% DOWN=  -62.36% 3=Y 5=Y 10=Y checks=53
SUIUSDT        CONTINUATION  now=   15.97% UP=   17.41% DOWN=   -6.16% 3=Y 5=Y 10=Y checks=53
MMTUSDT        REVERSAL      now=   -9.29% UP=    0.00% DOWN=  -17.89% 3=Y 5=Y 10=Y checks=53
IOTXUSDT       REVERSAL      now=    3.70% UP=    3.91% DOWN=  -11.34% 3=Y 5=Y 10=Y checks=53
FORMUSDT       REVERSAL      now=   24.00% UP=   27.04% DOWN=   -7.88% 3=Y 5=Y 10=Y checks=53
JTOUSDT        REVERSAL      now=    9.60% UP=   12.01% DOWN=   -0.43% 3=Y 5=Y 10=Y checks=53
4USDT          REVERSAL      now=   -3.78% UP=    0.00% DOWN=  -22.21% 3=Y 5=Y 10=Y checks=53
MUBARAKUSDT    REVERSAL      now=    3.96% UP=   14.53% DOWN=  -24.10% 3=Y 5=Y 10=Y checks=53
PUMPUSDT       REVERSAL      now=   45.24% UP=   46.22% DOWN=   -5.65% 3=Y 5=Y 10=Y checks=53
HYPEUSDT       REVERSAL      now=   36.21% UP=   38.64% DOWN=   -0.62% 3=Y 5=Y 10=Y checks=53
ACUUSDT        REVERSAL      now=    9.80% UP=   16.62% DOWN=   -4.40% 3=Y 5=Y 10=Y checks=53
BTWUSDT        CONTINUATION  now=   57.73% UP=   72.40% DOWN=  -10.16% 3=Y 5=Y 10=Y checks=53
AEONUSDT       CONTINUATION  now=    4.45% UP=   28.99% DOWN=   -6.91% 3=Y 5=Y 10=Y checks=53
LINKUSDT       CONTINUATION  now=   20.67% UP=   25.07% DOWN=    0.00% 3=Y 5=Y 10=Y checks=30
OUSDT          CONTINUATION  now=    2.02% UP=    3.92% DOWN=   -6.18% 3=Y 5=Y 10=- checks=30
HYPEUSDT       REVERSAL      now=   30.60% UP=   32.86% DOWN=   -1.10% 3=Y 5=Y 10=Y checks=30
ZECUSDT        REVERSAL      now=   28.67% UP=   30.72% DOWN=   -0.72% 3=Y 5=Y 10=Y checks=30
1000RATSUSDT   REVERSAL      now=    0.66% UP=    9.83% DOWN=   -4.96% 3=Y 5=Y 10=- checks=25
ETHUSDT        CONTINUATION  now=   25.02% UP=   27.50% DOWN=   -0.01% 3=Y 5=Y 10=Y checks=25
BTCUSDT        CONTINUATION  now=   20.46% UP=   23.41% DOWN=   -0.08% 3=Y 5=Y 10=Y checks=25
AEONUSDT       REVERSAL      now=   -6.84% UP=    5.43% DOWN=  -13.04% 3=Y 5=Y 10=Y checks=25
REDUSDT        REVERSAL      now=   28.15% UP=   35.87% DOWN=   -1.25% 3=Y 5=Y 10=Y checks=25
SOLUSDT        CONTINUATION  now=   17.77% UP=   20.51% DOWN=   -0.19% 3=Y 5=Y 10=Y checks=25
LAUSDT         CONTINUATION  now=   11.75% UP=   12.09% DOWN=   -0.60% 3=Y 5=Y 10=Y checks=16
WLFIUSDT       REVERSAL      now=    1.48% UP=    2.68% DOWN=   -2.27% 3=- 5=- 10=- checks=16
1000RATSUSDT   CONTINUATION  now=   -5.97% UP=    2.60% DOWN=   -9.56% 3=Y 5=Y 10=- checks=16
XMRUSDT        REVERSAL      now=   -0.66% UP=    1.64% DOWN=   -2.64% 3=- 5=- 10=- checks=16
ONGUSDT        REVERSAL      now=   40.67% UP=  166.67% DOWN=   -1.60% 3=Y 5=Y 10=Y checks=16
VVVUSDT        REVERSAL      now=   11.47% UP=   15.75% DOWN=   -0.08% 3=Y 5=Y 10=Y checks=15
BRUSDT         CONTINUATION  now=    0.36% UP=    9.22% DOWN=   -6.55% 3=Y 5=Y 10=- checks=15
CAPUSDT        REVERSAL      now=    0.85% UP=    6.19% DOWN=   -8.68% 3=Y 5=Y 10=- checks=15
WLDUSDT        CONTINUATION  now=   11.78% UP=   12.28% DOWN=   -1.33% 3=Y 5=Y 10=Y checks=15
ZROUSDT        CONTINUATION  now=   14.53% UP=   14.84% DOWN=   -3.38% 3=Y 5=Y 10=Y checks=14
TREEUSDT       REVERSAL      now=    7.81% UP=    8.75% DOWN=   -0.25% 3=Y 5=Y 10=- checks=14
MUBARAKUSDT    REVERSAL      now=    6.90% UP=   17.77% DOWN=   -4.22% 3=Y 5=Y 10=Y checks=14
VVVUSDT        CONTINUATION  now=    8.95% UP=   13.13% DOWN=   -1.05% 3=Y 5=Y 10=Y checks=13
LAUSDT         CONTINUATION  now=   10.32% UP=   10.69% DOWN=   -0.98% 3=Y 5=Y 10=Y checks=13
1000RATSUSDT   CONTINUATION  now=   -5.45% UP=    0.63% DOWN=   -8.95% 3=Y 5=Y 10=- checks=13
ACUUSDT        REVERSAL      now=   -2.27% UP=    1.11% DOWN=   -7.79% 3=Y 5=Y 10=- checks=13
UNIUSDT        CONTINUATION  now=    7.25% UP=   10.60% DOWN=    0.00% 3=Y 5=Y 10=Y checks=11
LAUSDT         CONTINUATION  now=    9.55% UP=    9.92% DOWN=   -1.67% 3=Y 5=Y 10=- checks=11
ZROUSDT        REVERSAL      now=   17.90% UP=   18.26% DOWN=   -0.44% 3=Y 5=Y 10=Y checks=11
NEARUSDT       CONTINUATION  now=    8.04% UP=   11.41% DOWN=   -1.95% 3=Y 5=Y 10=Y checks=11
ONDOUSDT       CONTINUATION  now=    7.20% UP=    7.45% DOWN=   -2.64% 3=Y 5=Y 10=- checks=12
LITUSDT        CONTINUATION  now=    0.21% UP=    0.71% DOWN=   -7.55% 3=Y 5=Y 10=- checks=12
OPUSDT         CONTINUATION  now=    6.33% UP=    6.85% DOWN=   -3.53% 3=Y 5=Y 10=- checks=11
BTWUSDT        REVERSAL      now=   21.86% UP=   32.94% DOWN=   -2.37% 3=Y 5=Y 10=Y checks=11
WLFIUSDT       REVERSAL      now=    0.34% UP=    1.56% DOWN=   -3.33% 3=Y 5=- 10=- checks=10
LDOUSDT        CONTINUATION  now=    8.95% UP=   10.39% DOWN=   -0.18% 3=Y 5=Y 10=Y checks=10
WLDUSDT        CONTINUATION  now=    9.65% UP=   10.17% DOWN=   -0.44% 3=Y 5=Y 10=Y checks=10
TREEUSDT       REVERSAL      now=    5.54% UP=    6.46% DOWN=   -1.80% 3=Y 5=Y 10=- checks=10
NEARUSDT       REVERSAL      now=    9.06% UP=   12.48% DOWN=   -0.02% 3=Y 5=Y 10=Y checks=10
LITUSDT        REVERSAL      now=    6.28% UP=    6.77% DOWN=   -1.95% 3=Y 5=Y 10=- checks=10
XMRUSDT        REVERSAL      now=    1.15% UP=    2.88% DOWN=   -0.82% 3=- 5=- 10=- checks=10
TREEUSDT       REVERSAL      now=    7.03% UP=    7.95% DOWN=   -0.42% 3=Y 5=Y 10=- checks=10
VVVUSDT        REVERSAL      now=    8.32% UP=   12.87% DOWN=   -1.28% 3=Y 5=Y 10=Y checks=10
NEARUSDT       CONTINUATION  now=    8.17% UP=   11.60% DOWN=   -0.46% 3=Y 5=Y 10=Y checks=10
UNIUSDT        CONTINUATION  now=    5.75% UP=    9.12% DOWN=   -0.65% 3=Y 5=Y 10=- checks=10
TRUMPUSDT      CONTINUATION  now=   13.06% UP=   15.41% DOWN=   -2.65% 3=Y 5=Y 10=Y checks=10
ZECUSDT        CONTINUATION  now=   13.57% UP=   15.33% DOWN=   -1.11% 3=Y 5=Y 10=Y checks=10
WLDUSDT        CONTINUATION  now=    9.53% UP=   10.05% DOWN=   -0.54% 3=Y 5=Y 10=Y checks=10
LINKUSDT       CONTINUATION  now=    8.29% UP=   12.32% DOWN=   -0.89% 3=Y 5=Y 10=Y checks=10
LUMIAUSDT      CONTINUATION  now=    2.86% UP=    4.74% DOWN=   -1.05% 3=Y 5=- 10=- checks=10
ONDOUSDT       REVERSAL      now=    8.48% UP=    8.76% DOWN=   -0.11% 3=Y 5=Y 10=- checks=10
AAVEUSDT       CONTINUATION  now=   12.27% UP=   12.64% DOWN=   -0.48% 3=Y 5=Y 10=Y checks=9
BTWUSDT        REVERSAL      now=   16.95% UP=   27.47% DOWN=   -2.82% 3=Y 5=Y 10=Y checks=8
INJUSDT        CONTINUATION  now=    5.42% UP=    6.60% DOWN=   -0.27% 3=Y 5=Y 10=- checks=8
MAGMAUSDT      CONTINUATION  now=    6.15% UP=    8.58% DOWN=   -0.21% 3=Y 5=Y 10=- checks=8
RENDERUSDT     CONTINUATION  now=    6.52% UP=    6.63% DOWN=   -0.16% 3=Y 5=Y 10=- checks=8
LDOUSDT        CONTINUATION  now=    7.63% UP=    9.05% DOWN=   -0.06% 3=Y 5=Y 10=- checks=7
TRUMPUSDT      REVERSAL      now=   14.56% UP=   16.82% DOWN=   -0.18% 3=Y 5=Y 10=Y checks=7
MONUSDT        CONTINUATION  now=    7.81% UP=    8.80% DOWN=   -0.99% 3=Y 5=Y 10=- checks=7
HYPEUSDT       CONTINUATION  now=    5.51% UP=    7.28% DOWN=   -1.93% 3=Y 5=Y 10=- checks=7
USELESSUSDT    CONTINUATION  now=   19.95% UP=   22.03% DOWN=   -0.47% 3=Y 5=Y 10=Y checks=7
REUSDT         CONTINUATION  now=   -0.62% UP=    5.20% DOWN=   -9.86% 3=Y 5=Y 10=- checks=6
XMRUSDT        REVERSAL      now=   -0.71% UP=    0.47% DOWN=   -2.62% 3=- 5=- 10=- checks=6
ONDOUSDT       CONTINUATION  now=    4.35% UP=    4.63% DOWN=   -0.74% 3=Y 5=- 10=- checks=6
TRUMPUSDT      CONTINUATION  now=   12.51% UP=   14.79% DOWN=   -0.24% 3=Y 5=Y 10=Y checks=6
INJUSDT        CONTINUATION  now=    5.09% UP=    6.27% DOWN=   -0.11% 3=Y 5=Y 10=- checks=6
MAGMAUSDT      CONTINUATION  now=    3.53% UP=    5.91% DOWN=   -2.40% 3=Y 5=Y 10=- checks=5
BRETTUSDT      CONTINUATION  now=   11.82% UP=   11.95% DOWN=   -0.02% 3=Y 5=Y 10=Y checks=5
AAVEUSDT       CONTINUATION  now=   10.60% UP=   10.97% DOWN=   -0.33% 3=Y 5=Y 10=Y checks=5
TRUMPUSDT      CONTINUATION  now=    6.94% UP=    9.11% DOWN=   -3.13% 3=Y 5=Y 10=- checks=4
TRXUSDT        CONTINUATION  now=    0.21% UP=    0.65% DOWN=   -0.05% 3=- 5=- 10=- checks=4
LDOUSDT        CONTINUATION  now=    2.42% UP=    3.77% DOWN=   -1.52% 3=Y 5=- 10=- checks=4
INJUSDT        CONTINUATION  now=    0.20% UP=    1.32% DOWN=   -3.13% 3=Y 5=- 10=- checks=4
1000SATSUSDT   CONTINUATION  now=    1.48% UP=    1.48% DOWN=   -4.67% 3=Y 5=- 10=- checks=4
ETHFIUSDT      CONTINUATION  now=    1.03% UP=    3.18% DOWN=   -4.21% 3=Y 5=- 10=- checks=4
WLFIUSDT       CONTINUATION  now=    0.41% UP=    1.41% DOWN=   -1.63% 3=- 5=- 10=- checks=3
BIOUSDT        CONTINUATION  now=    1.00% UP=    1.84% DOWN=   -1.37% 3=- 5=- 10=- checks=3
XMRUSDT        REVERSAL      now=    0.52% UP=    0.95% DOWN=   -0.56% 3=- 5=- 10=- checks=2
XMRUSDT        REVERSAL      now=   -0.24% UP=    0.00% DOWN=   -0.29% 3=- 5=- 10=- checks=1
MAGMAUSDT      CONTINUATION  now=    0.60% UP=    0.60% DOWN=    0.00% 3=- 5=- 10=- checks=1
WLFIUSDT       CONTINUATION  now=   -0.03% UP=    0.13% DOWN=   -0.03% 3=- 5=- 10=- checks=1
TRXUSDT        CONTINUATION  now=    0.03% UP=    0.04% DOWN=    0.00% 3=- 5=- 10=- checks=1

==============================================================================================================
TRACKER SUMMARY
==============================================================================================================
Checked: 104
Failed: 0
Supabase rows upserted: 259
3% episodes: 218
5% episodes: 200
10% episodes: 141

V7.5 EPISODE MARKET TRACKER: PASS
