V7.5 state restored from Supabase: 255

ALPHA HUNTER V7.5 OPPORTUNITY LIFECYCLE
Run ID: c89175b15c9deed7b139792b3038210a
Timestamp: 2026-08-21T13:50:23.324155+00:00
Lifecycle candidates: 4

NEW    XMRUSDT        REVERSAL      state=PRE_MOVE_DETECTED    det=1   v74=12.39 rank=1 shadow= 5.99 provisional=ACTIVE final=PENDING
NEW    MAGMAUSDT      CONTINUATION  state=DIRECTION_EMERGING   det=1   v74=10.00 rank=2 shadow= 0.00 provisional=ACTIVE final=PENDING
NEW    WLFIUSDT       CONTINUATION  state=PRE_MOVE_DETECTED    det=1   v74= 9.90 rank=3 shadow= 0.00 provisional=ACTIVE final=PENDING
NEW    TRXUSDT        CONTINUATION  state=PRE_MOVE_DETECTED    det=1   v74= 8.91 rank=4 shadow= 0.00 provisional=ACTIVE final=PENDING

Supabase lifecycle rows upserted: 259
Supabase lifecycle row count: 259

====================================================================================================
V7.5 LIFECYCLE SUMMARY
====================================================================================================
Episodes stored: 259
Created this run: 4
Updated this run: 0
Active episodes: 259

STATE COUNTS
DIRECTION_EMERGING       29
EXPANSION                5
FINALIZED                155
PRE_MOVE_DETECTED        70

State file: /home/runner/work/Alpha-Hunter/Alpha-Hunter/data/v75-lifecycle-episodes.json
History file: /home/runner/work/Alpha-Hunter/Alpha-Hunter/data/v75-lifecycle-history.jsonl

V7.5 LIFECYCLE JOB: PASS
