
======================================================================================================================
ALPHA HUNTER V7.6 POST-CONFIRMATION OUTCOME TRACKER — SHADOW
======================================================================================================================
Confirmed outcome rows: 214
Created this run: 0

ZROUSDT        LONG   quality=FORWARD_COMPLETE now=  11.41% MFE=  11.84% MAE=  -0.10% lost=- done=-
LITUSDT        SHORT  quality=FORWARD_COMPLETE now=  -7.58% MFE=   0.15% MAE=  -8.73% lost=Y done=-
WLFIUSDT       LONG   quality=FORWARD_COMPLETE now=   0.28% MFE=   1.40% MAE=  -1.64% lost=Y done=-
XMRUSDT        SHORT  quality=FORWARD_COMPLETE now=  -0.98% MFE=   0.05% MAE=  -1.47% lost=Y done=-
LITUSDT        SHORT  quality=FORWARD_COMPLETE now=  -7.76% MFE=   0.27% MAE=  -8.60% lost=Y done=-
CAPUSDT        SHORT  quality=FORWARD_COMPLETE now=  -0.19% MFE=   8.88% MAE=  -5.96% lost=Y done=Y
LAUSDT         LONG   quality=FORWARD_COMPLETE now=   9.13% MFE=   9.22% MAE=  -2.30% lost=Y done=-
LAUSDT         LONG   quality=FORWARD_COMPLETE now=   9.13% MFE=   9.22% MAE=  -2.30% lost=Y done=-
WLDUSDT        SHORT  quality=FORWARD_COMPLETE now= -12.65% MFE=   0.36% MAE= -13.36% lost=Y done=-
CAPUSDT        SHORT  quality=FORWARD_COMPLETE now=  -0.19% MFE=   8.88% MAE=  -5.96% lost=- done=Y
LAUSDT         LONG   quality=FORWARD_COMPLETE now=   9.13% MFE=   9.22% MAE=  -2.30% lost=- done=-
LAUSDT         LONG   quality=FORWARD_COMPLETE now=   9.13% MFE=   9.22% MAE=  -2.30% lost=- done=-
TREEUSDT       SHORT  quality=FORWARD_COMPLETE now=  -6.80% MFE=   0.42% MAE=  -7.95% lost=Y done=-
MUBARAKUSDT    SHORT  quality=FORWARD_COMPLETE now=  -7.46% MFE=   3.73% MAE= -18.38% lost=Y done=-
PUMPUSDT       LONG   quality=FORWARD_COMPLETE now=  21.79% MFE=  17.40% MAE=  -0.83% lost=- done=Y
TRXUSDT        LONG   quality=FORWARD_COMPLETE now=   0.87% MFE=   1.36% MAE=  -0.21% lost=Y done=Y
AEONUSDT       SHORT  quality=FORWARD_COMPLETE now=  -1.93% MFE=   4.63% MAE=  -4.85% lost=Y done=Y
ONDOUSDT       LONG   quality=FORWARD_COMPLETE now=   6.22% MFE=   6.61% MAE=  -3.40% lost=Y done=-
TRUMPUSDT      LONG   quality=FORWARD_COMPLETE now=  10.19% MFE=  12.90% MAE=   0.00% lost=Y done=-
ZECUSDT        LONG   quality=FORWARD_COMPLETE now=   6.76% MFE=   8.45% MAE=  -1.39% lost=- done=-
ONGUSDT        SHORT  quality=FORWARD_COMPLETE now= -40.61% MFE=   0.18% MAE=-166.98% lost=Y done=Y
AEONUSDT       SHORT  quality=FORWARD_COMPLETE now=  -1.93% MFE=   4.63% MAE=  -4.85% lost=Y done=Y
ZROUSDT        LONG   quality=FORWARD_COMPLETE now=  14.32% MFE=  14.76% MAE=  -3.10% lost=Y done=-
UNIUSDT        LONG   quality=FORWARD_COMPLETE now=   2.73% MFE=   6.37% MAE=  -0.79% lost=Y done=-
LDOUSDT        LONG   quality=FORWARD_COMPLETE now=   6.64% MFE=   8.32% MAE=  -0.76% lost=Y done=-
ONGUSDT        SHORT  quality=FORWARD_COMPLETE now= -40.61% MFE=   0.18% MAE=-166.98% lost=Y done=Y
1000RATSUSDT   LONG   quality=FORWARD_COMPLETE now=  -7.27% MFE=   0.79% MAE= -10.67% lost=Y done=Y
VVVUSDT        LONG   quality=FORWARD_COMPLETE now=   7.39% MFE=  12.21% MAE=  -1.85% lost=Y done=-
OPUSDT         LONG   quality=FORWARD_COMPLETE now=   4.81% MFE=   5.42% MAE=  -1.43% lost=Y done=-
LAUSDT         LONG   quality=FORWARD_COMPLETE now=   8.04% MFE=   8.05% MAE=  -3.34% lost=Y done=-
LAUSDT         LONG   quality=FORWARD_COMPLETE now=   9.20% MFE=   9.22% MAE=  -2.30% lost=- done=-
XMRUSDT        LONG   quality=FORWARD_COMPLETE now=  -1.89% MFE=   0.47% MAE=  -3.77% lost=Y done=-
LDOUSDT        LONG   quality=FORWARD_COMPLETE now=   6.14% MFE=   7.81% MAE=  -0.12% lost=- done=-
VVVUSDT        LONG   quality=FORWARD_COMPLETE now=   7.39% MFE=  12.21% MAE=  -1.85% lost=- done=-
LAUSDT         LONG   quality=FORWARD_COMPLETE now=   9.20% MFE=   9.22% MAE=  -2.30% lost=Y done=-
VVVUSDT        LONG   quality=FORWARD_COMPLETE now=   7.39% MFE=  12.21% MAE=  -1.85% lost=Y done=-
WLFIUSDT       LONG   quality=FORWARD_COMPLETE now=   0.28% MFE=   1.76% MAE=  -3.14% lost=Y done=-
XMRUSDT        LONG   quality=FORWARD_COMPLETE now=  -1.89% MFE=   0.47% MAE=  -3.77% lost=Y done=-
NEARUSDT       LONG   quality=FORWARD_COMPLETE now=   6.34% MFE=  10.00% MAE=  -0.89% lost=Y done=-
TREEUSDT       LONG   quality=FORWARD_COMPLETE now=   2.93% MFE=   4.04% MAE=  -3.41% lost=Y done=-
1000RATSUSDT   SHORT  quality=FORWARD_COMPLETE now=   2.06% MFE=   5.65% MAE=  -2.06% lost=Y done=-
ACUUSDT        SHORT  quality=FORWARD_COMPLETE now=  -2.92% MFE=   1.81% MAE=  -6.54% lost=Y done=-
NEARUSDT       LONG   quality=FORWARD_COMPLETE now=   7.00% MFE=  10.65% MAE=  -2.78% lost=Y done=-
POLUSDT        LONG   quality=FORWARD_COMPLETE now=   7.08% MFE=  12.77% MAE=  -4.41% lost=Y done=-
WLDUSDT        LONG   quality=FORWARD_COMPLETE now=   7.77% MFE=   8.66% MAE=  -0.81% lost=Y done=-
LUMIAUSDT      LONG   quality=FORWARD_COMPLETE now=   1.21% MFE=   3.54% MAE=  -1.22% lost=- done=-
NEARUSDT       LONG   quality=FORWARD_COMPLETE now=   6.10% MFE=   9.72% MAE=  -1.15% lost=Y done=-
TREEUSDT       LONG   quality=FORWARD_COMPLETE now=   3.06% MFE=   4.04% MAE=  -3.41% lost=Y done=-
LINKUSDT       LONG   quality=FORWARD_COMPLETE now=   6.52% MFE=  10.60% MAE=  -0.05% lost=Y done=-
WLDUSDT        LONG   quality=FORWARD_COMPLETE now=   7.59% MFE=   8.40% MAE=  -1.05% lost=Y done=-
UNIUSDT        LONG   quality=FORWARD_COMPLETE now=   2.65% MFE=   6.37% MAE=  -0.79% lost=Y done=-
ONDOUSDT       LONG   quality=FORWARD_COMPLETE now=   5.62% MFE=   6.31% MAE=  -0.33% lost=Y done=-
AAVEUSDT       LONG   quality=FORWARD_COMPLETE now=  12.44% MFE=  13.39% MAE=  -0.21% lost=Y done=-
BRETTUSDT      LONG   quality=FORWARD_COMPLETE now=   4.79% MFE=   5.55% MAE=  -3.00% lost=- done=-
VVVUSDT        LONG   quality=FORWARD_COMPLETE now=  -3.44% MFE=   0.18% MAE=  -5.44% lost=Y done=-
BTWUSDT        LONG   quality=FORWARD_COMPLETE now=   8.80% MFE=  18.69% MAE=  -7.76% lost=- done=-
BTWUSDT        LONG   quality=FORWARD_COMPLETE now=   8.85% MFE=  18.74% MAE=  -7.72% lost=- done=-
MAGMAUSDT      LONG   quality=FORWARD_COMPLETE now=   2.52% MFE=   4.52% MAE=  -3.68% lost=Y done=-
RENDERUSDT     LONG   quality=FORWARD_COMPLETE now=   5.62% MFE=   6.00% MAE=  -0.31% lost=Y done=-
TRUMPUSDT      LONG   quality=FORWARD_COMPLETE now=  10.10% MFE=  12.57% MAE=  -0.29% lost=Y done=-
USELESSUSDT    LONG   quality=FORWARD_COMPLETE now=  14.17% MFE=  16.41% MAE=  -0.76% lost=- done=-
TRUMPUSDT      LONG   quality=FORWARD_COMPLETE now=  10.10% MFE=  12.57% MAE=  -0.29% lost=- done=-
REUSDT         LONG   quality=FORWARD_COMPLETE now=  -5.22% MFE=   0.14% MAE= -13.23% lost=Y done=-
HYPEUSDT       LONG   quality=FORWARD_COMPLETE now=   1.92% MFE=   2.89% MAE=  -3.57% lost=Y done=-
MONUSDT        LONG   quality=FORWARD_COMPLETE now=  -0.21% MFE=   0.70% MAE=  -5.50% lost=Y done=-
ONDOUSDT       LONG   quality=FORWARD_COMPLETE now=   0.63% MFE=   1.11% MAE=  -2.86% lost=Y done=-
INJUSDT        LONG   quality=FORWARD_COMPLETE now=   0.36% MFE=   1.34% MAE=  -3.11% lost=Y done=-
INJUSDT        LONG   quality=FORWARD_COMPLETE now=   0.34% MFE=   1.32% MAE=  -3.13% lost=Y done=-
XMRUSDT        SHORT  quality=FORWARD_COMPLETE now=  -0.89% MFE=   0.13% MAE=  -1.39% lost=Y done=-
1000SATSUSDT   LONG   quality=FORWARD_COMPLETE now=   1.98% MFE=   3.16% MAE=  -0.71% lost=- done=-
INJUSDT        LONG   quality=FORWARD_COMPLETE now=   2.10% MFE=   3.10% MAE=  -1.00% lost=Y done=-
TRUMPUSDT      LONG   quality=FORWARD_COMPLETE now=   6.66% MFE=   9.04% MAE=  -1.19% lost=- done=-
TRXUSDT        LONG   quality=FORWARD_COMPLETE now=  -0.37% MFE=   0.10% MAE=  -0.49% lost=Y done=-
LDOUSDT        LONG   quality=FORWARD_COMPLETE now=   0.72% MFE=   2.30% MAE=  -1.42% lost=- done=-
AAVEUSDT       LONG   quality=FORWARD_COMPLETE now=  -0.69% MFE=   0.15% MAE=  -3.30% lost=- done=-
BIOUSDT        LONG   quality=FORWARD_COMPLETE now=  -0.22% MFE=   0.96% MAE=  -1.48% lost=Y done=-

======================================================================================================================
POST-CONFIRMATION TRACKER SUMMARY
======================================================================================================================
Outcome rows: 214
Created this run: 0
Tracked this run: 76
Failed: 0
Supabase rows upserted: 214
Forward complete: 214
Completed 24H: 147

IMPORTANT: OUTCOME TRACKER IS MEASUREMENT ONLY.
No trade permission was generated.

V7.6 POST-CONFIRMATION OUTCOME TRACKER: PASS
