
======================================================================================================================
ALPHA HUNTER V7.6 DIRECTION-PROOF ENGINE — SHADOW
======================================================================================================================
Eligible forward episodes: 70

SYMBOL         PATH          DIR         CONF   LONG   SHORT       15M        1H
----------------------------------------------------------------------------------------------------------------------
LINKUSDT       CONTINUATION  LONG       62.5%   5.00    0.00   BULLISH   BULLISH
OUSDT          CONTINUATION  UNKNOWN     0.0%   3.50    1.00     MIXED   BULLISH
HYPEUSDT       REVERSAL      LONG       87.5%   7.00    0.00   BULLISH   BULLISH
ZECUSDT        REVERSAL      LONG       59.4%   5.50    2.50   BULLISH   BULLISH
1000RATSUSDT   REVERSAL      UNKNOWN     0.0%   3.50    0.00   BULLISH     MIXED
ETHUSDT        CONTINUATION  LONG       44.4%   4.00    1.50   BULLISH   BULLISH
BTCUSDT        CONTINUATION  LONG       50.0%   4.00    0.00   BULLISH   BULLISH
AEONUSDT       REVERSAL      UNKNOWN     0.0%   3.00    2.00     MIXED     MIXED
REDUSDT        REVERSAL      LONG       87.5%   7.00    0.00   BULLISH   BULLISH
SOLUSDT        CONTINUATION  LONG       50.0%   4.00    0.00   BULLISH   BULLISH
VVVUSDT        CONTINUATION  LONG       44.4%   4.00    1.50   BULLISH   BULLISH
LAUSDT         CONTINUATION  LONG       83.8%   7.00    1.00   BULLISH   BULLISH
1000RATSUSDT   CONTINUATION  UNKNOWN     0.0%   3.50    0.00   BULLISH     MIXED
ACUUSDT        REVERSAL      LONG       58.8%   5.00    1.00   BULLISH     MIXED
UNIUSDT        CONTINUATION  LONG       46.2%   4.00    1.00   BULLISH   BULLISH
LAUSDT         CONTINUATION  LONG       83.8%   7.00    1.00   BULLISH   BULLISH
ZROUSDT        REVERSAL      LONG      100.0%   8.00    0.00   BULLISH   BULLISH
NEARUSDT       CONTINUATION  UNKNOWN     0.0%   3.00    1.00   BULLISH   BULLISH
ONDOUSDT       CONTINUATION  LONG       46.2%   4.00    1.00   BULLISH   BULLISH
LITUSDT        CONTINUATION  LONG       81.2%   6.50    0.00   BULLISH   BULLISH
OPUSDT         CONTINUATION  LONG       83.8%   7.00    1.00   BULLISH   BULLISH
BTWUSDT        REVERSAL      LONG      100.0%   8.00    0.00   BULLISH   BULLISH
WLFIUSDT       REVERSAL      LONG       50.0%   4.00    0.00   BULLISH   BULLISH
LDOUSDT        CONTINUATION  LONG       65.0%   5.50    1.00   BULLISH   BULLISH
WLDUSDT        CONTINUATION  LONG       87.5%   7.00    0.00   BULLISH   BULLISH
TREEUSDT       REVERSAL      UNKNOWN     0.0%   3.50    1.00     MIXED   BULLISH
NEARUSDT       REVERSAL      UNKNOWN     0.0%   2.00    2.50     MIXED   BULLISH
LITUSDT        REVERSAL      LONG       81.2%   6.50    0.00   BULLISH   BULLISH
XMRUSDT        REVERSAL      UNKNOWN     0.0%   2.00    0.00   BULLISH     MIXED
TREEUSDT       REVERSAL      UNKNOWN     0.0%   3.50    1.00     MIXED   BULLISH
VVVUSDT        REVERSAL      LONG       44.4%   4.00    1.50   BULLISH   BULLISH
NEARUSDT       CONTINUATION  UNKNOWN     0.0%   2.00    2.50     MIXED   BULLISH
UNIUSDT        CONTINUATION  LONG       46.2%   4.00    1.00   BULLISH   BULLISH
TRUMPUSDT      CONTINUATION  LONG       87.5%   7.00    0.00   BULLISH   BULLISH
ZECUSDT        CONTINUATION  LONG       59.4%   5.50    2.50   BULLISH   BULLISH
WLDUSDT        CONTINUATION  LONG       87.5%   7.00    0.00   BULLISH   BULLISH
LINKUSDT       CONTINUATION  LONG       62.5%   5.00    0.00   BULLISH   BULLISH
LUMIAUSDT      CONTINUATION  LONG       71.2%   6.00    1.00   BULLISH   BULLISH
ONDOUSDT       REVERSAL      LONG       46.2%   4.00    1.00   BULLISH   BULLISH
AAVEUSDT       CONTINUATION  LONG       75.6%   6.50    1.50   BULLISH   BULLISH
BTWUSDT        REVERSAL      LONG      100.0%   8.00    0.00   BULLISH   BULLISH
INJUSDT        CONTINUATION  LONG       68.8%   5.50    0.00   BULLISH   BULLISH
MAGMAUSDT      CONTINUATION  LONG      100.0%   8.00    0.00   BULLISH   BULLISH
RENDERUSDT     CONTINUATION  LONG       50.0%   4.00    0.00   BULLISH   BULLISH
LDOUSDT        CONTINUATION  LONG       65.0%   5.50    1.00   BULLISH   BULLISH
TRUMPUSDT      REVERSAL      LONG       87.5%   7.00    0.00   BULLISH   BULLISH
MONUSDT        CONTINUATION  LONG       59.4%   5.50    2.50   BULLISH   BULLISH
HYPEUSDT       CONTINUATION  LONG       87.5%   7.00    0.00   BULLISH   BULLISH
USELESSUSDT    CONTINUATION  LONG       46.9%   4.50    2.50     MIXED   BULLISH
REUSDT         CONTINUATION  LONG       62.5%   5.00    0.00   BULLISH     MIXED
XMRUSDT        REVERSAL      UNKNOWN     0.0%   2.00    0.00   BULLISH     MIXED
ONDOUSDT       CONTINUATION  LONG       46.2%   4.00    1.00   BULLISH   BULLISH
TRUMPUSDT      CONTINUATION  LONG       87.5%   7.00    0.00   BULLISH   BULLISH
INJUSDT        CONTINUATION  LONG       68.8%   5.50    0.00   BULLISH   BULLISH
MAGMAUSDT      CONTINUATION  LONG      100.0%   8.00    0.00   BULLISH   BULLISH
BRETTUSDT      CONTINUATION  LONG      100.0%   8.00    0.00   BULLISH   BULLISH
AAVEUSDT       CONTINUATION  LONG       75.6%   6.50    1.50   BULLISH   BULLISH
TRUMPUSDT      CONTINUATION  LONG       87.5%   7.00    0.00   BULLISH   BULLISH
TRXUSDT        CONTINUATION  UNKNOWN     0.0%   2.00    1.00     MIXED   BULLISH
LDOUSDT        CONTINUATION  LONG       65.0%   5.50    1.00   BULLISH   BULLISH
INJUSDT        CONTINUATION  LONG       68.8%   5.50    0.00   BULLISH   BULLISH
1000SATSUSDT   CONTINUATION  LONG       87.5%   7.00    0.00   BULLISH   BULLISH
ETHFIUSDT      CONTINUATION  LONG       58.8%   5.00    1.00     MIXED   BULLISH
WLFIUSDT       CONTINUATION  LONG       50.0%   4.00    0.00   BULLISH   BULLISH
BIOUSDT        CONTINUATION  UNKNOWN     0.0%   3.00    0.00   BULLISH   BULLISH
XMRUSDT        REVERSAL      UNKNOWN     0.0%   2.00    0.00   BULLISH     MIXED
XMRUSDT        REVERSAL      UNKNOWN     0.0%   2.00    0.00   BULLISH     MIXED
MAGMAUSDT      CONTINUATION  LONG      100.0%   8.00    0.00   BULLISH   BULLISH
WLFIUSDT       CONTINUATION  LONG       50.0%   4.00    0.00   BULLISH   BULLISH
TRXUSDT        CONTINUATION  UNKNOWN     0.0%   2.00    1.00     MIXED   BULLISH

======================================================================================================================
V7.6 SHADOW SUMMARY
======================================================================================================================
Evaluated: 70
LONG: 54
SHORT: 0
UNKNOWN: 16
Failures: 0
Supabase shadow rows saved: 70
Direction state rows saved: 70
Immutable transition rows saved: 70
Transition run ID: cloud5d-20260821T134919Z
Direction emerging: 32
Direction confirmed: 22
Lost confirmation: 5

IMPORTANT: V7.6 IS SHADOW ONLY.
No trade permission was generated.

V7.6 DIRECTION SHADOW: PASS
