
ALPHA HUNTER V7.1 — 2026-08-17T19:31:35.614226+00:00

Universe: 29 deep-scanned of 759 contracts
Eligible after prefilter: 313
Non-crypto rejected: 290

SYMBOL                  PHASE    TIME   BEHAV                     STATE      RR   DISC  TRADE
---------------------------------------------------------------------------------------------
ALLOUSDT       DISTRIBUTION_RISK    FAIR    5.97   DIRECTION_EMERGING_LONG    0.00     NO     NO
GIGGLEUSDT     DISTRIBUTION_RISK    FAIR    5.61   DIRECTION_EMERGING_LONG    0.31     NO     NO
COMPUSDT       DISTRIBUTION_RISK    FAIR    5.47   DIRECTION_EMERGING_LONG    0.04     NO     NO
ROBOUSDT            BREAKDOWN    FAIR    4.94  DIRECTION_EMERGING_SHORT    0.01     NO     NO
ACEUSDT             EXPANSION    LATE    4.79                   NEUTRAL       —     NO     NO
APRUSDT             EXPANSION    FAIR    4.78                   NEUTRAL       —     NO     NO
HUSDT            ACCUMULATION    FAIR    4.54                   NEUTRAL       —     NO     NO
POLUSDT          ACCUMULATION    FAIR    4.52                WATCH_LONG       —     NO     NO
BICOUSDT            BREAKDOWN    FAIR    4.48  DIRECTION_EMERGING_SHORT    0.01     NO     NO
SQDUSDT        EXPANSION_MANAGEMENT    FAIR    4.31  DIRECTION_EMERGING_SHORT    0.02     NO     NO
COWUSDT             BREAKDOWN    FAIR    4.23  DIRECTION_EMERGING_SHORT    0.07     NO     NO
BEATUSDT            EXPANSION    LATE    4.16                   NEUTRAL       —     NO     NO
WLDUSDT           COMPRESSION   EARLY    3.77               WATCH_SHORT       —     NO     NO
BSBUSDT             BREAKDOWN   EARLY    3.52  DIRECTION_EMERGING_SHORT    0.15     NO     NO
ADAUSDT          ACCUMULATION   EARLY    3.42  DIRECTION_EMERGING_SHORT    0.30     NO     NO
XPINUSDT            EXPANSION    LATE    3.37                   NEUTRAL       —     NO     NO
TLMUSDT          ACCUMULATION    FAIR    3.12               WATCH_SHORT       —     NO     NO
SUIUSDT           COMPRESSION   EARLY    3.04               WATCH_SHORT       —     NO     NO
PUMPUSDT         ACCUMULATION   EARLY    3.00                   NEUTRAL       —     NO     NO
SOLUSDT          ACCUMULATION   EARLY    2.84                   NEUTRAL       —     NO     NO
BTCUSDT          ACCUMULATION   EARLY    2.81                WATCH_LONG       —     NO     NO
BNBUSDT          ACCUMULATION   EARLY    2.78                   NEUTRAL       —     NO     NO
ZECUSDT          ACCUMULATION   EARLY    2.71                WATCH_LONG       —     NO     NO
LINKUSDT         ACCUMULATION   EARLY    2.62                   NEUTRAL       —     NO     NO
DOGEUSDT         ACCUMULATION   EARLY    2.40                   NEUTRAL       —     NO     NO
ETHUSDT          ACCUMULATION   EARLY    2.34                   NEUTRAL       —     NO     NO
XRPUSDT          ACCUMULATION   EARLY    2.25               WATCH_SHORT       —     NO     NO
BLESSUSDT        ACCUMULATION    FAIR    2.25                   NEUTRAL       —     NO     NO
HYPEUSDT         ACCUMULATION   EARLY    1.70                   NEUTRAL       —     NO     NO

V7.4 PRE-MOVE SURVEILLANCE
Eligible: 1 | Primary: 1 | Reserve: 0

PRIMARY
 1 WLDUSDT        REVERSAL       10.18 state=WATCH_SHORT

Run ID: 857c4399c6d9bc8a3d024963eb8a710f
Snapshot saved: /home/runner/work/Alpha-Hunter/Alpha-Hunter/data/snapshots/snapshot-20260817T193135Z.json
State history: /home/runner/work/Alpha-Hunter/Alpha-Hunter/data/state-history.jsonl
Supabase: SAVED
Qualified discovery candidates: 0
EARLY candidates: 0
V7 Trade Ready: 0
Bitget private API: NOT_CONFIGURED
