
======================================================================================================================
ALPHA HUNTER V7.9 FULL-UNIVERSE HOURLY LEDGER — SHADOW
======================================================================================================================
Observed: 2026-08-17T19:31:38.163920+00:00
Hour bucket: 2026-08-17T19:00:00+00:00
Contract tickers: 759
Rows attempted: 759
Deep-scan selected: 29
Selection snapshot: 2026-08-17T19:31:35.614226+00:00
Selection run ID: 857c4399c6d9bc8a3d024963eb8a710f
Prefilter eligible: 313
Eligible not selected: 284
Non-crypto: 290
Low liquidity: 152
Over-extended: 4
Invalid price skipped: 0
Rows purged >7d: 0

TOP ABSOLUTE 24H MOVERS
SYMBOL                  24H    ELIG    SCAN  STATUS
------------------------------------------------------------------------
GPSUSDT             +63.29%       N       N  OVER_EXTENDED
VELVETUSDT          -41.59%       N       N  OVER_EXTENDED
TUTUSDT             +37.82%       N       N  OVER_EXTENDED
CYSUSDT             -37.54%       N       N  OVER_EXTENDED
ACEUSDT             +23.16%       Y       Y  DEEP_SCAN_SELECTED
BEATUSDT            -21.03%       Y       Y  DEEP_SCAN_SELECTED
AIOUSDT             -19.10%       Y       N  ELIGIBLE_NOT_SELECTED
QUSDT               -18.87%       Y       N  ELIGIBLE_NOT_SELECTED
AEONUSDT            +18.80%       Y       N  ELIGIBLE_NOT_SELECTED
AXTIUSDT            +18.56%       N       N  NON_CRYPTO
KIOXIAUSDT          +14.94%       N       N  NON_CRYPTO
XPINUSDT            -13.91%       Y       Y  DEEP_SCAN_SELECTED
CBRSUSDT            +13.80%       N       N  NON_CRYPTO
HUSDT               -13.04%       Y       Y  DEEP_SCAN_SELECTED
SNXXUSDT            +13.03%       N       N  NON_CRYPTO

IMPORTANT: V7.9 IS MEASUREMENT/AUDIT ONLY.
Same-hour reruns do not overwrite the first stored universe snapshot.
Raw universe evidence is retained for 7 days.
No trade permission was generated.

V7.9 FULL-UNIVERSE LEDGER: PASS
