
ALPHA HUNTER V7.1 — 2026-08-19T11:29:10.468170+00:00

Universe: 26 deep-scanned of 756 contracts
Eligible after prefilter: 284
Non-crypto rejected: 291

SYMBOL                  PHASE    TIME   BEHAV                     STATE      RR   DISC  TRADE
---------------------------------------------------------------------------------------------
BRUSDT         DISTRIBUTION_RISK    LATE    6.82   DIRECTION_EMERGING_LONG    0.20     NO     NO
ACEUSDT             EXPANSION    LATE    6.63                WATCH_LONG       —     NO     NO
MUBARAKUSDT    DISTRIBUTION_RISK    FAIR    5.63                WATCH_LONG       —     NO     NO
ARIAUSDT         ACCUMULATION    FAIR    5.62                WATCH_LONG       —    YES     NO
TUTUSDT             BREAKDOWN    FAIR    5.50  DIRECTION_EMERGING_SHORT    0.06     NO     NO
ETHUSDT           COMPRESSION   EARLY    5.04   DIRECTION_EMERGING_LONG    0.22    YES     NO
SIGNUSDT       DISTRIBUTION_RISK    FAIR    4.94   DIRECTION_EMERGING_LONG    0.10     NO     NO
ZROUSDT        DISTRIBUTION_RISK    FAIR    4.89   DIRECTION_EMERGING_LONG    0.06     NO     NO
SOLUSDT           COMPRESSION   EARLY    4.75   DIRECTION_EMERGING_LONG    0.05     NO     NO
WLDUSDT           COMPRESSION   EARLY    4.48                   NEUTRAL       —     NO     NO
AIOUSDT          ACCUMULATION    FAIR    4.43               WATCH_SHORT       —     NO     NO
SUIUSDT           COMPRESSION   EARLY    4.33                WATCH_LONG       —     NO     NO
XPINUSDT            BREAKDOWN    FAIR    4.21  DIRECTION_EMERGING_SHORT    0.13     NO     NO
ZECUSDT           COMPRESSION   EARLY    4.16                   NEUTRAL       —     NO     NO
1000RATSUSDT      COMPRESSION   EARLY    3.90               WATCH_SHORT       —     NO     NO
BTCUSDT           COMPRESSION   EARLY    3.85                WATCH_LONG       —     NO     NO
XRPUSDT           COMPRESSION   EARLY    3.74   DIRECTION_EMERGING_LONG    0.26     NO     NO
ADAUSDT           COMPRESSION   EARLY    3.74                   NEUTRAL       —     NO     NO
AEONUSDT            BREAKDOWN    FAIR    3.69               WATCH_SHORT       —     NO     NO
龙虾USDT           ACCUMULATION   EARLY    3.53                   NEUTRAL       —     NO     NO
HYPEUSDT          COMPRESSION   EARLY    3.48                   NEUTRAL       —     NO     NO
REDUSDT          ACCUMULATION    FAIR    3.40                   NEUTRAL       —     NO     NO
DOGEUSDT          COMPRESSION   EARLY    3.10                WATCH_LONG       —     NO     NO
NILUSDT          ACCUMULATION    FAIR    3.10               WATCH_SHORT       —     NO     NO
NEARUSDT             RECOVERY   EARLY    2.77                WATCH_LONG       —     NO     NO
BICOUSDT         ACCUMULATION    FAIR    2.57               WATCH_SHORT       —     NO     NO

V7.4 PRE-MOVE SURVEILLANCE
Eligible: 9 | Primary: 5 | Reserve: 4

PRIMARY
 1 REDUSDT        REVERSAL       13.74 state=NEUTRAL
 2 ACEUSDT        CONTINUATION   12.00 state=WATCH_LONG
 3 AEONUSDT       REVERSAL       11.34 state=WATCH_SHORT
 4 HYPEUSDT       REVERSAL       10.96 state=NEUTRAL
 5 ZECUSDT        REVERSAL       10.91 state=NEUTRAL

RESERVE
 6 1000RATSUSDT   REVERSAL       10.89 state=WATCH_SHORT
 7 SOLUSDT        CONTINUATION   10.15 state=DIRECTION_EMERGING_LONG
 8 ETHUSDT        CONTINUATION    9.94 state=DIRECTION_EMERGING_LONG
 9 BTCUSDT        CONTINUATION    8.81 state=WATCH_LONG

Run ID: 6c80535d72b1f47487eaf289b5d9ad81
Snapshot saved: /home/runner/work/Alpha-Hunter/Alpha-Hunter/data/snapshots/snapshot-20260819T112910Z.json
State history: /home/runner/work/Alpha-Hunter/Alpha-Hunter/data/state-history.jsonl
Supabase: SAVED
Qualified discovery candidates: 2
EARLY candidates: 1
V7 Trade Ready: 0
Bitget private API: NOT_CONFIGURED
