V7.4 HOURLY PERFORMANCE TRACKER
Run ID: 6c80535d72b1f47487eaf289b5d9ad81

V7.4.1 SHADOW REVERSAL
 SH SYMBOL           V74     OLD   SHADOW
--------------------------------------------------
  1 1000RATSUSDT       6   10.89    14.34
  2 AEONUSDT           3   11.34    13.63
  3 ZECUSDT            5   10.91     5.84
  4 REDUSDT            1   13.74     5.62
  5 HYPEUSDT           4   10.96     4.35
PERFORMANCE SIGNALS SAVED: 26
FEATURE ROWS SAVED: 26
V7.4 OUTCOMES 1H: saved=22 failed=0
V7.4 OUTCOMES 4H: saved=16 failed=0
V7.4 OUTCOMES 12H: saved=20 failed=0
V7.4 OUTCOMES 24H: saved=33 failed=0
OUTCOME EVALUATION COMPLETE: saved=91 failed=0

==========================================================================================
V7.4 CURRENT SURVEILLANCE COHORT
==========================================================================================
RANK SYMBOL         TIER      PATH            SCORE STATE
------------------------------------------------------------------------------------------
   1 REDUSDT        PRIMARY   REVERSAL        13.74 NEUTRAL
   2 ACEUSDT        PRIMARY   CONTINUATION    12.00 WATCH_LONG
   3 AEONUSDT       PRIMARY   REVERSAL        11.34 WATCH_SHORT
   4 HYPEUSDT       PRIMARY   REVERSAL        10.96 NEUTRAL
   5 ZECUSDT        PRIMARY   REVERSAL        10.91 NEUTRAL
   6 1000RATSUSDT   RESERVE   REVERSAL        10.89 WATCH_SHORT
   7 SOLUSDT        RESERVE   CONTINUATION    10.15 DIRECTION_EMERGING_LONG
   8 ETHUSDT        RESERVE   CONTINUATION     9.94 DIRECTION_EMERGING_LONG
   9 BTCUSDT        RESERVE   CONTINUATION     8.81 WATCH_LONG

================================================================================================================================
V7.4 FORWARD PERFORMANCE — RAW PRICE EXPANSION
================================================================================================================================

PRIMARY / RESERVE + PATH
  H TIER      PATH              N    POS%   AVG RAW   AVG ABS    EXP3%    EXP5%   EXP10%    UP5%    DN5%
--------------------------------------------------------------------------------------------------------------------------------
  1 PRIMARY   CONTINUATION     59   57.6%    0.076%    3.290%    35.6%    16.9%     3.4%   13.6%    3.4%
  1 PRIMARY   REVERSAL         96   58.3%    0.115%    0.701%     3.1%     0.0%     0.0%    0.0%    0.0%
  1 RESERVE   CONTINUATION     18   66.7%    1.417%    1.706%     5.6%     5.6%     5.6%    5.6%    0.0%
  1 RESERVE   REVERSAL          9   77.8%   -0.000%    0.573%     0.0%     0.0%     0.0%    0.0%    0.0%
  4 PRIMARY   CONTINUATION     54   42.6%   -2.301%    5.843%    38.9%    25.9%    13.0%   14.8%   11.1%
  4 PRIMARY   REVERSAL         80   60.0%    0.181%    0.809%     2.5%     1.2%     0.0%    1.2%    0.0%
  4 RESERVE   CONTINUATION     18   55.6%    1.053%    1.628%     5.6%     5.6%     5.6%    5.6%    0.0%
  4 RESERVE   REVERSAL          8   75.0%    0.251%    0.769%     0.0%     0.0%     0.0%    0.0%    0.0%
 12 PRIMARY   CONTINUATION     43   32.6%   -0.277%   17.364%    65.1%    60.5%    51.2%   27.9%   32.6%
 12 PRIMARY   REVERSAL         51   41.2%    0.467%    1.882%    17.6%     9.8%     2.0%    7.8%    2.0%
 12 RESERVE   CONTINUATION     16   56.2%    1.375%    2.647%    12.5%    12.5%     6.2%   12.5%    0.0%
 12 RESERVE   REVERSAL          8   75.0%    0.261%    0.897%     0.0%     0.0%     0.0%    0.0%    0.0%
 24 PRIMARY   CONTINUATION      4   50.0%   29.697%   42.279%   100.0%   100.0%   100.0%   50.0%   50.0%
 24 PRIMARY   REVERSAL          7   71.4%    1.068%    1.912%    28.6%    14.3%     0.0%   14.3%    0.0%
 24 RESERVE   CONTINUATION      5   20.0%   -7.345%    7.424%    20.0%    20.0%    20.0%    0.0%   20.0%
 24 RESERVE   REVERSAL          3  100.0%    1.745%    1.745%    33.3%     0.0%     0.0%    0.0%    0.0%

RANK QUALITY
  H RANK BUCKET         N    POS%   AVG RAW   AVG ABS    EXP3%    EXP5%   EXP10%    UP5%    DN5%
----------------------------------------------------------------------------------------------------------------
  1 TOP_1_3           113   56.6%   -0.025%    2.048%    19.5%     7.1%     1.8%    5.3%    1.8%
  1 TOP_4_5            42   61.9%    0.436%    0.713%     4.8%     4.8%     0.0%    4.8%    0.0%
  1 RESERVE_6_10       27   70.4%    0.944%    1.328%     3.7%     3.7%     3.7%    3.7%    0.0%
  4 TOP_1_3            98   53.1%   -1.282%    3.549%    21.4%    13.3%     7.1%    7.1%    6.1%
  4 TOP_4_5            36   52.8%    0.439%    0.899%     5.6%     5.6%     0.0%    5.6%    0.0%
  4 RESERVE_6_10       26   61.5%    0.806%    1.363%     3.8%     3.8%     3.8%    3.8%    0.0%
 12 TOP_1_3            65   36.9%   -1.113%   11.348%    52.3%    43.1%    30.8%   20.0%   23.1%
 12 TOP_4_5            29   37.9%    2.906%    3.622%    10.3%    10.3%    10.3%   10.3%    0.0%
 12 RESERVE_6_10       24   62.5%    1.004%    2.063%     8.3%     8.3%     4.2%    8.3%    0.0%
 24 TOP_1_3             7   42.9%   16.587%   24.621%    57.1%    57.1%    57.1%   28.6%   28.6%
 24 TOP_4_5             4  100.0%    2.538%    2.538%    50.0%    25.0%     0.0%   25.0%    0.0%
 24 RESERVE_6_10        8   50.0%   -3.936%    5.294%    25.0%    12.5%    12.5%    0.0%   12.5%

Metric definitions:
AVG RAW = average raw market return from detection price.
AVG ABS = average absolute price movement regardless of direction.
EXP3/5/10 = percentage of candidates moving at least 3% / 5% / 10% in either direction.
UP5 = raw upside move >= +5%; DN5 = raw downside move <= -5%.
No V7.4 trade-direction assumption is used in these metrics.

V7.4 TRACKING JOB: PASS
