
==============================================================================================================
ALPHA HUNTER V7.5 24H EPISODE FINALIZER
==============================================================================================================
SKIP   ADAUSDT        quality=LEGACY_PARTIAL    age= 234.65H
SKIP   DOGEUSDT       quality=LEGACY_PARTIAL    age= 234.65H
SKIP   SKYAIUSDT      quality=LEGACY_PARTIAL    age= 234.65H
SKIP   SOLUSDT        quality=LEGACY_PARTIAL    age= 234.65H
SKIP   SUIUSDT        quality=LEGACY_PARTIAL    age= 234.65H
SKIP   COOKIEUSDT     quality=LEGACY_PARTIAL    age= 234.65H
SKIP   BTWUSDT        quality=LEGACY_PARTIAL    age= 234.65H
SKIP   CYSUSDT        quality=LEGACY_PARTIAL    age= 234.65H
SKIP   GWEIUSDT       quality=LEGACY_PARTIAL    age= 228.48H
SKIP   BICOUSDT       quality=LEGACY_PARTIAL    age= 228.48H
SKIP   SUIUSDT        quality=LEGACY_PARTIAL    age= 228.48H
SKIP   MMTUSDT        quality=LEGACY_PARTIAL    age= 228.48H
SKIP   IOTXUSDT       quality=LEGACY_PARTIAL    age= 228.48H
SKIP   FORMUSDT       quality=LEGACY_PARTIAL    age= 111.24H
SKIP   JTOUSDT        quality=LEGACY_PARTIAL    age= 111.24H
SKIP   4USDT          quality=LEGACY_PARTIAL    age= 111.24H
SKIP   MUBARAKUSDT    quality=LEGACY_PARTIAL    age= 111.24H
SKIP   PUMPUSDT       quality=LEGACY_PARTIAL    age= 110.17H
SKIP   HYPEUSDT       quality=LEGACY_PARTIAL    age= 101.38H
SKIP   ACUUSDT        quality=LEGACY_PARTIAL    age= 101.38H
SKIP   BTWUSDT        quality=LEGACY_PARTIAL    age= 100.35H
SKIP   AEONUSDT       quality=LEGACY_PARTIAL    age= 100.35H
FINAL  DIAUSDT        direction=NONE  UP=    2.40% DOWN=   -2.79% class=NO_EXPANSION
FINAL  PUMPUSDT       direction=UP    UP=   11.40% DOWN=   -1.46% class=HUGE_EXPANSION_UP
FINAL  ZECUSDT        direction=NONE  UP=    1.52% DOWN=   -1.19% class=NO_EXPANSION
FINAL  AEONUSDT       direction=DOWN  UP=    2.13% DOWN=  -13.59% class=HUGE_EXPANSION_DOWN
FINAL  BTCUSDT        direction=NONE  UP=    1.07% DOWN=   -0.52% class=NO_EXPANSION
WAIT   ZECUSDT        age=  20.87H UP=    1.38% DOWN=   -1.19%
WAIT   CHIPUSDT       age=  20.87H UP=    2.86% DOWN=   -5.98%
WAIT   LINKUSDT       age=  20.87H UP=    3.82% DOWN=   -0.31%
WAIT   HYPEUSDT       age=  20.87H UP=    0.14% DOWN=   -2.44%
WAIT   PUMPUSDT       age=  20.87H UP=   10.34% DOWN=   -1.91%
WAIT   BTWUSDT        age=  20.87H UP=   94.80% DOWN=   -2.97%
WAIT   GPSUSDT        age=  20.87H UP=    8.42% DOWN=  -33.81%
WAIT   BTWUSDT        age=  16.78H UP=   85.48% DOWN=    0.00%
WAIT   GPSUSDT        age=  16.78H UP=    3.28% DOWN=  -36.62%
WAIT   ZECUSDT        age=  16.78H UP=    1.02% DOWN=   -1.09%
WAIT   BTCUSDT        age=  16.78H UP=    0.08% DOWN=   -0.89%
WAIT   HYPEUSDT       age=  15.98H UP=    0.43% DOWN=   -1.42%
WAIT   HYPEUSDT       age=  15.92H UP=    0.22% DOWN=   -1.62%
WAIT   LINKUSDT       age=  15.92H UP=    4.28% DOWN=    0.00%
WAIT   LUMIAUSDT      age=  15.92H UP=    4.87% DOWN=   -0.25%
WAIT   SOLUSDT        age=  15.92H UP=    1.82% DOWN=    0.00%
WAIT   ONGUSDT        age=  15.92H UP=   11.47% DOWN=   -4.75%
WAIT   PUMPUSDT       age=  14.02H UP=    7.86% DOWN=   -0.14%
WAIT   BTCUSDT        age=  13.90H UP=    0.27% DOWN=   -0.67%
WAIT   ZECUSDT        age=  13.90H UP=    0.39% DOWN=   -1.66%
WAIT   GPSUSDT        age=  13.04H UP=    4.50% DOWN=  -35.88%
WAIT   LINKUSDT       age=   0.00H UP=    3.48% DOWN=    0.00%
WAIT   OUSDT          age=   0.00H UP=    0.06% DOWN=   -6.18%
WAIT   HYPEUSDT       age=   0.00H UP=    0.15% DOWN=   -1.10%
WAIT   ZECUSDT        age=   0.00H UP=    0.82% DOWN=   -0.72%
WAIT   PIEVERSEUSDT   age=   5.93H UP=    4.39% DOWN=   -1.00%
WAIT   ZECUSDT        age=   5.93H UP=    1.08% DOWN=   -0.46%
WAIT   HYPEUSDT       age=   5.93H UP=    0.29% DOWN=   -0.97%
WAIT   BTCUSDT        age=   5.93H UP=    0.30% DOWN=   -0.27%
WAIT   AEONUSDT       age=   3.80H UP=    1.29% DOWN=   -4.12%
WAIT   ACEUSDT        age=   3.80H UP=    6.05% DOWN=   -3.45%
WAIT   REDUSDT        age=   3.80H UP=    0.79% DOWN=   -1.93%
WAIT   ACEUSDT        age=   2.81H UP=    5.72% DOWN=   -0.49%
WAIT   ETHUSDT        age=   0.02H UP=    0.00% DOWN=   -0.00%
WAIT   SOLUSDT        age=   0.02H UP=    0.02% DOWN=    0.00%
WAIT   1000RATSUSDT   age=   0.02H UP=    0.00% DOWN=   -0.09%
WAIT   BTCUSDT        age=   0.02H UP=    0.00% DOWN=   -0.01%
WAIT   AEONUSDT       age=   0.02H UP=    0.00% DOWN=   -0.12%
WAIT   REDUSDT        age=   0.02H UP=    0.00% DOWN=   -0.11%

==============================================================================================================
FINALIZER SUMMARY
==============================================================================================================
Episodes: 168
Finalized this run: 5
Waiting for 24H: 39
Legacy partial skipped: 22
Already finalized: 102
Supabase rows upserted: 168

V7.5 EPISODE FINALIZER: PASS
