
==============================================================================================================
ALPHA HUNTER V7.5 INDEPENDENT EPISODE MARKET TRACKER
==============================================================================================================
Episodes stored: 168
Active episodes: 66

ADAUSDT        REVERSAL      now=  -11.48% UP=    0.00% DOWN=  -12.70% 3=Y 5=Y 10=Y checks=49
DOGEUSDT       CONTINUATION  now=   -0.74% UP=    0.00% DOWN=   -2.32% 3=- 5=- 10=- checks=49
SKYAIUSDT      REVERSAL      now=  -38.28% UP=    0.00% DOWN=  -53.06% 3=Y 5=Y 10=Y checks=49
SOLUSDT        CONTINUATION  now=    0.42% UP=    0.55% DOWN=   -4.13% 3=Y 5=- 10=- checks=49
SUIUSDT        CONTINUATION  now=   -6.32% UP=    0.00% DOWN=   -7.92% 3=Y 5=Y 10=- checks=49
COOKIEUSDT     CONTINUATION  now=  -17.72% UP=    0.00% DOWN=  -19.43% 3=Y 5=Y 10=Y checks=49
BTWUSDT        CONTINUATION  now=  209.41% UP=  268.12% DOWN=    0.00% 3=Y 5=Y 10=Y checks=49
CYSUSDT        CONTINUATION  now=  -46.42% UP=   78.38% DOWN=  -50.85% 3=Y 5=Y 10=Y checks=49
GWEIUSDT       REVERSAL      now=   -2.11% UP=   17.67% DOWN=   -7.43% 3=Y 5=Y 10=Y checks=49
BICOUSDT       REVERSAL      now=  -63.63% UP=    0.00% DOWN=  -64.05% 3=Y 5=Y 10=Y checks=49
SUIUSDT        CONTINUATION  now=   -5.20% UP=    0.00% DOWN=   -6.82% 3=Y 5=Y 10=- checks=49
MMTUSDT        REVERSAL      now=  -19.61% UP=    0.00% DOWN=  -20.84% 3=Y 5=Y 10=Y checks=49
IOTXUSDT       REVERSAL      now=  -10.67% UP=    0.00% DOWN=  -11.34% 3=Y 5=Y 10=Y checks=49
FORMUSDT       REVERSAL      now=   -6.26% UP=    0.00% DOWN=   -7.88% 3=Y 5=Y 10=- checks=49
JTOUSDT        REVERSAL      now=   -1.44% UP=    8.18% DOWN=   -2.16% 3=Y 5=Y 10=- checks=49
4USDT          REVERSAL      now=  -16.27% UP=    0.00% DOWN=  -22.21% 3=Y 5=Y 10=Y checks=49
MUBARAKUSDT    REVERSAL      now=   -5.06% UP=    0.00% DOWN=  -24.10% 3=Y 5=Y 10=Y checks=49
PUMPUSDT       REVERSAL      now=    5.58% UP=   10.34% DOWN=   -5.65% 3=Y 5=Y 10=Y checks=49
HYPEUSDT       REVERSAL      now=    4.38% UP=    5.13% DOWN=   -0.62% 3=Y 5=Y 10=- checks=49
ACUUSDT        REVERSAL      now=   10.42% UP=   16.62% DOWN=   -4.40% 3=Y 5=Y 10=Y checks=49
BTWUSDT        CONTINUATION  now=  106.94% UP=  146.86% DOWN=  -10.16% 3=Y 5=Y 10=Y checks=49
AEONUSDT       CONTINUATION  now=   12.23% UP=   28.99% DOWN=   -6.91% 3=Y 5=Y 10=Y checks=49
DIAUSDT        REVERSAL      now=   -2.17% UP=    2.40% DOWN=   -2.79% 3=- 5=- 10=- checks=13
PUMPUSDT       REVERSAL      now=    6.59% UP=   11.40% DOWN=   -1.46% 3=Y 5=Y 10=Y checks=13
ZECUSDT        REVERSAL      now=    0.16% UP=    1.52% DOWN=   -1.19% 3=- 5=- 10=- checks=13
AEONUSDT       CONTINUATION  now=  -12.63% UP=    2.13% DOWN=  -13.59% 3=Y 5=Y 10=Y checks=13
BTCUSDT        CONTINUATION  now=    0.20% UP=    1.07% DOWN=   -0.52% 3=- 5=- 10=- checks=13
ZECUSDT        REVERSAL      now=    0.03% UP=    1.38% DOWN=   -1.19% 3=- 5=- 10=- checks=12
CHIPUSDT       REVERSAL      now=   -1.60% UP=    2.86% DOWN=   -5.98% 3=Y 5=Y 10=- checks=12
LINKUSDT       REVERSAL      now=    2.91% UP=    3.82% DOWN=   -0.31% 3=Y 5=- 10=- checks=12
HYPEUSDT       REVERSAL      now=   -1.32% UP=    0.14% DOWN=   -2.44% 3=- 5=- 10=- checks=12
PUMPUSDT       REVERSAL      now=    5.54% UP=   10.34% DOWN=   -1.91% 3=Y 5=Y 10=Y checks=12
BTWUSDT        CONTINUATION  now=   63.32% UP=   94.80% DOWN=   -2.97% 3=Y 5=Y 10=Y checks=12
GPSUSDT        CONTINUATION  now=  -31.12% UP=    8.42% DOWN=  -33.81% 3=Y 5=Y 10=Y checks=12
BTWUSDT        CONTINUATION  now=   55.51% UP=   85.48% DOWN=    0.00% 3=Y 5=Y 10=Y checks=10
GPSUSDT        CONTINUATION  now=  -34.04% UP=    3.28% DOWN=  -36.62% 3=Y 5=Y 10=Y checks=10
ZECUSDT        REVERSAL      now=    0.12% UP=    1.02% DOWN=   -1.09% 3=- 5=- 10=- checks=10
BTCUSDT        CONTINUATION  now=   -0.39% UP=    0.08% DOWN=   -0.89% 3=- 5=- 10=- checks=10
HYPEUSDT       REVERSAL      now=   -0.29% UP=    0.43% DOWN=   -1.42% 3=- 5=- 10=- checks=9
HYPEUSDT       REVERSAL      now=   -0.49% UP=    0.22% DOWN=   -1.62% 3=- 5=- 10=- checks=9
LINKUSDT       REVERSAL      now=    3.37% UP=    4.28% DOWN=    0.00% 3=Y 5=- 10=- checks=9
LUMIAUSDT      REVERSAL      now=    2.47% UP=    4.87% DOWN=   -0.25% 3=Y 5=- 10=- checks=9
SOLUSDT        CONTINUATION  now=    1.70% UP=    1.82% DOWN=    0.00% 3=- 5=- 10=- checks=9
ONGUSDT        CONTINUATION  now=    6.50% UP=   11.47% DOWN=   -4.75% 3=Y 5=Y 10=Y checks=9
PUMPUSDT       CONTINUATION  now=    3.17% UP=    7.86% DOWN=   -0.14% 3=Y 5=Y 10=- checks=8
BTCUSDT        CONTINUATION  now=   -0.17% UP=    0.27% DOWN=   -0.67% 3=- 5=- 10=- checks=8
ZECUSDT        CONTINUATION  now=   -0.45% UP=    0.39% DOWN=   -1.66% 3=- 5=- 10=- checks=8
GPSUSDT        CONTINUATION  now=  -33.30% UP=    4.50% DOWN=  -35.88% 3=Y 5=Y 10=Y checks=7
LINKUSDT       CONTINUATION  now=    2.58% UP=    3.48% DOWN=    0.00% 3=Y 5=- 10=- checks=6
OUSDT          CONTINUATION  now=   -3.61% UP=    0.06% DOWN=   -6.18% 3=Y 5=Y 10=- checks=6
HYPEUSDT       REVERSAL      now=    0.04% UP=    0.15% DOWN=   -1.10% 3=- 5=- 10=- checks=6
ZECUSDT        REVERSAL      now=    0.49% UP=    0.82% DOWN=   -0.72% 3=- 5=- 10=- checks=6
PIEVERSEUSDT   REVERSAL      now=    0.47% UP=    4.39% DOWN=   -1.00% 3=Y 5=- 10=- checks=5
ZECUSDT        REVERSAL      now=    0.75% UP=    1.08% DOWN=   -0.46% 3=- 5=- 10=- checks=5
HYPEUSDT       REVERSAL      now=    0.17% UP=    0.29% DOWN=   -0.97% 3=- 5=- 10=- checks=5
BTCUSDT        REVERSAL      now=    0.23% UP=    0.30% DOWN=   -0.27% 3=- 5=- 10=- checks=5
AEONUSDT       REVERSAL      now=   -3.16% UP=    1.29% DOWN=   -4.12% 3=Y 5=- 10=- checks=3
ACEUSDT        REVERSAL      now=    1.21% UP=    6.05% DOWN=   -3.45% 3=Y 5=Y 10=- checks=3
REDUSDT        REVERSAL      now=   -0.23% UP=    0.79% DOWN=   -1.93% 3=- 5=- 10=- checks=3
ACEUSDT        CONTINUATION  now=    0.89% UP=    5.72% DOWN=   -0.49% 3=Y 5=Y 10=- checks=2
ETHUSDT        CONTINUATION  now=   -0.00% UP=    0.00% DOWN=   -0.00% 3=- 5=- 10=- checks=1
SOLUSDT        CONTINUATION  now=    0.02% UP=    0.02% DOWN=    0.00% 3=- 5=- 10=- checks=1
1000RATSUSDT   REVERSAL      now=   -0.09% UP=    0.00% DOWN=   -0.09% 3=- 5=- 10=- checks=1
BTCUSDT        CONTINUATION  now=   -0.01% UP=    0.00% DOWN=   -0.01% 3=- 5=- 10=- checks=1
AEONUSDT       REVERSAL      now=   -0.12% UP=    0.00% DOWN=   -0.12% 3=- 5=- 10=- checks=1
REDUSDT        REVERSAL      now=   -0.11% UP=    0.00% DOWN=   -0.11% 3=- 5=- 10=- checks=1

==============================================================================================================
TRACKER SUMMARY
==============================================================================================================
Checked: 66
Failed: 0
Supabase rows upserted: 168
3% episodes: 121
5% episodes: 108
10% episodes: 75

V7.5 EPISODE MARKET TRACKER: PASS
