
======================================================================================================================
ALPHA HUNTER V7.6 DIRECTION-PROOF ENGINE — SHADOW
======================================================================================================================
Eligible forward episodes: 39

SYMBOL         PATH          DIR         CONF   LONG   SHORT       15M        1H
----------------------------------------------------------------------------------------------------------------------
ZECUSDT        REVERSAL      UNKNOWN     0.0%   3.50    0.00   BULLISH     MIXED
CHIPUSDT       REVERSAL      LONG       62.5%   5.00    0.00   BULLISH     MIXED
LINKUSDT       REVERSAL      LONG       56.2%   4.50    0.00     MIXED   BULLISH
HYPEUSDT       REVERSAL      UNKNOWN     0.0%   3.50    0.00   BULLISH     MIXED
PUMPUSDT       REVERSAL      LONG       50.0%   4.00    0.00   BULLISH   BULLISH
BTWUSDT        CONTINUATION  UNKNOWN     0.0%   3.50    3.50     MIXED   BULLISH
GPSUSDT        CONTINUATION  SHORT      87.5%   0.00    7.00   BEARISH   BEARISH
BTWUSDT        CONTINUATION  UNKNOWN     0.0%   3.50    3.50     MIXED   BULLISH
GPSUSDT        CONTINUATION  SHORT      87.5%   0.00    7.00   BEARISH   BEARISH
ZECUSDT        REVERSAL      UNKNOWN     0.0%   3.50    0.00   BULLISH     MIXED
BTCUSDT        CONTINUATION  LONG       68.8%   5.50    0.00   BULLISH   BULLISH
HYPEUSDT       REVERSAL      UNKNOWN     0.0%   3.50    0.00   BULLISH     MIXED
HYPEUSDT       REVERSAL      UNKNOWN     0.0%   3.50    0.00   BULLISH     MIXED
LINKUSDT       REVERSAL      LONG       56.2%   4.50    0.00     MIXED   BULLISH
LUMIAUSDT      REVERSAL      UNKNOWN     0.0%   3.00    1.50     MIXED   BULLISH
SOLUSDT        CONTINUATION  LONG       68.8%   5.50    0.00   BULLISH   BULLISH
ONGUSDT        CONTINUATION  UNKNOWN     0.0%   3.50    1.00     MIXED   BULLISH
PUMPUSDT       CONTINUATION  LONG       50.0%   4.00    0.00   BULLISH   BULLISH
BTCUSDT        CONTINUATION  LONG       68.8%   5.50    0.00   BULLISH   BULLISH
ZECUSDT        CONTINUATION  UNKNOWN     0.0%   3.50    0.00   BULLISH     MIXED
GPSUSDT        CONTINUATION  SHORT      87.5%   0.00    7.00   BEARISH   BEARISH
LINKUSDT       CONTINUATION  LONG       56.2%   4.50    0.00     MIXED   BULLISH
OUSDT          CONTINUATION  SHORT      56.2%   0.00    4.50   BEARISH   BEARISH
HYPEUSDT       REVERSAL      UNKNOWN     0.0%   3.50    0.00   BULLISH     MIXED
ZECUSDT        REVERSAL      UNKNOWN     0.0%   3.50    0.00   BULLISH     MIXED
PIEVERSEUSDT   REVERSAL      UNKNOWN     0.0%   0.00    3.00     MIXED   BEARISH
ZECUSDT        REVERSAL      UNKNOWN     0.0%   3.50    0.00   BULLISH     MIXED
HYPEUSDT       REVERSAL      UNKNOWN     0.0%   3.50    0.00   BULLISH     MIXED
BTCUSDT        REVERSAL      LONG       68.8%   5.50    0.00   BULLISH   BULLISH
AEONUSDT       REVERSAL      SHORT      87.5%   0.00    7.00   BEARISH   BEARISH
ACEUSDT        REVERSAL      UNKNOWN     0.0%   1.50    1.00     MIXED     MIXED
REDUSDT        REVERSAL      UNKNOWN     0.0%   3.50    3.50     MIXED   BEARISH
ACEUSDT        CONTINUATION  UNKNOWN     0.0%   1.50    1.00     MIXED     MIXED
ETHUSDT        CONTINUATION  LONG       68.8%   5.50    0.00   BULLISH   BULLISH
SOLUSDT        CONTINUATION  LONG       68.8%   5.50    0.00   BULLISH   BULLISH
1000RATSUSDT   REVERSAL      SHORT      56.9%   1.50    5.00   BEARISH   BEARISH
BTCUSDT        CONTINUATION  LONG       68.8%   5.50    0.00   BULLISH   BULLISH
AEONUSDT       REVERSAL      SHORT      87.5%   0.00    7.00   BEARISH   BEARISH
REDUSDT        REVERSAL      UNKNOWN     0.0%   3.50    3.50     MIXED   BEARISH

======================================================================================================================
V7.6 SHADOW SUMMARY
======================================================================================================================
Evaluated: 39
LONG: 13
SHORT: 7
UNKNOWN: 19
Failures: 0
Supabase shadow rows saved: 39
Direction state rows saved: 39
Immutable transition rows saved: 39
Transition run ID: cloud5d-20260819T112822Z
Direction emerging: 11
Direction confirmed: 9
Lost confirmation: 4

IMPORTANT: V7.6 IS SHADOW ONLY.
No trade permission was generated.

V7.6 DIRECTION SHADOW: PASS
