
======================================================================================================================
ALPHA HUNTER V7.6 POST-CONFIRMATION OUTCOME TRACKER — SHADOW
======================================================================================================================
Confirmed outcome rows: 123
Created this run: 2

ZECUSDT        SHORT  quality=FORWARD_COMPLETE now=  -0.80% MFE=   0.24% MAE=  -1.10% lost=- done=-
BTWUSDT        LONG   quality=FORWARD_COMPLETE now=  52.44% MFE=  79.76% MAE=  -2.92% lost=Y done=-
CHIPUSDT       SHORT  quality=FORWARD_COMPLETE now=  -0.80% MFE=   3.87% MAE=  -5.16% lost=Y done=-
ZECUSDT        SHORT  quality=FORWARD_COMPLETE now=  -0.75% MFE=   0.49% MAE=  -1.15% lost=- done=-
GPSUSDT        LONG   quality=FORWARD_COMPLETE now= -33.66% MFE=   3.99% MAE= -36.18% lost=Y done=-
DIAUSDT        LONG   quality=FORWARD_COMPLETE now=  -3.22% MFE=   1.30% MAE=  -3.83% lost=Y done=-
LUMIAUSDT      SHORT  quality=FORWARD_COMPLETE now=  -2.23% MFE=   0.05% MAE=  -4.63% lost=Y done=-
CHIPUSDT       SHORT  quality=FORWARD_COMPLETE now=  -0.80% MFE=   3.87% MAE=  -5.16% lost=Y done=-
DIAUSDT        LONG   quality=FORWARD_COMPLETE now=  -3.22% MFE=   1.30% MAE=  -3.83% lost=Y done=-
LINKUSDT       LONG   quality=FORWARD_COMPLETE now=   2.76% MFE=   3.60% MAE=  -0.36% lost=Y done=-
GPSUSDT        LONG   quality=FORWARD_COMPLETE now= -34.19% MFE=   3.15% MAE= -36.70% lost=Y done=-
PUMPUSDT       LONG   quality=FORWARD_COMPLETE now=   5.51% MFE=  10.38% MAE=  -0.78% lost=Y done=-
LINKUSDT       LONG   quality=FORWARD_COMPLETE now=   2.76% MFE=   3.60% MAE=  -0.36% lost=Y done=-
HUSDT          SHORT  quality=FORWARD_COMPLETE now=  17.44% MFE=  18.31% MAE=  -6.31% lost=- done=Y
HYPEUSDT       SHORT  quality=FORWARD_COMPLETE now=  -0.10% MFE=   1.06% MAE=  -0.31% lost=Y done=-
HYPEUSDT       SHORT  quality=FORWARD_COMPLETE now=  -0.13% MFE=   1.02% MAE=  -0.35% lost=- done=-
LINKUSDT       LONG   quality=FORWARD_COMPLETE now=   2.80% MFE=   3.60% MAE=  -0.36% lost=- done=-
LINKUSDT       LONG   quality=FORWARD_COMPLETE now=   2.80% MFE=   3.60% MAE=  -0.36% lost=- done=-
SOLUSDT        LONG   quality=FORWARD_COMPLETE now=   1.71% MFE=   1.88% MAE=  -0.27% lost=Y done=Y
BTCUSDT        LONG   quality=FORWARD_COMPLETE now=  -0.43% MFE=   0.12% MAE=  -0.94% lost=Y done=-
PUMPUSDT       LONG   quality=FORWARD_COMPLETE now=   5.51% MFE=  10.38% MAE=  -0.78% lost=Y done=-
ETHUSDT        LONG   quality=FORWARD_COMPLETE now=   0.27% MFE=   0.65% MAE=  -0.57% lost=Y done=-
PUMPUSDT       LONG   quality=FORWARD_COMPLETE now=   5.54% MFE=  10.42% MAE=  -0.74% lost=- done=-
ETHUSDT        LONG   quality=FORWARD_COMPLETE now=   0.26% MFE=   0.64% MAE=  -0.58% lost=Y done=-
AEONUSDT       SHORT  quality=FORWARD_COMPLETE now=   9.26% MFE=  10.68% MAE=  -5.58% lost=Y done=-
BTWUSDT        LONG   quality=FORWARD_COMPLETE now=  65.46% MFE=  95.83% MAE=  -0.15% lost=Y done=-
ZECUSDT        SHORT  quality=FORWARD_COMPLETE now=  -0.74% MFE=   0.49% MAE=  -1.15% lost=- done=-
BTCUSDT        SHORT  quality=FORWARD_COMPLETE now=  -0.33% MFE=   0.06% MAE=  -0.39% lost=Y done=-
LINKUSDT       LONG   quality=FORWARD_COMPLETE now=   1.00% MFE=   1.79% MAE=  -0.33% lost=- done=-
BTCUSDT        SHORT  quality=FORWARD_COMPLETE now=  -0.33% MFE=   0.06% MAE=  -0.40% lost=Y done=-
BTCUSDT        SHORT  quality=FORWARD_COMPLETE now=  -0.33% MFE=   0.06% MAE=  -0.40% lost=Y done=-
HYPEUSDT       SHORT  quality=FORWARD_COMPLETE now=  -0.13% MFE=   1.02% MAE=  -0.35% lost=Y done=-
ONGUSDT        LONG   quality=FORWARD_COMPLETE now=   5.83% MFE=  12.00% MAE=  -2.14% lost=Y done=-
PUMPUSDT       LONG   quality=FORWARD_COMPLETE now=  -1.09% MFE=   3.47% MAE=  -3.04% lost=Y done=-
HYPEUSDT       SHORT  quality=FORWARD_COMPLETE now=  -0.10% MFE=   1.06% MAE=  -0.31% lost=Y done=-
HYPEUSDT       SHORT  quality=FORWARD_COMPLETE now=  -0.06% MFE=   1.09% MAE=  -0.27% lost=Y done=-
GPSUSDT        LONG   quality=FORWARD_COMPLETE now= -35.14% MFE=   0.00% MAE= -37.61% lost=Y done=-
ZECUSDT        SHORT  quality=FORWARD_COMPLETE now=  -0.76% MFE=   0.48% MAE=  -1.16% lost=- done=-
ZECUSDT        SHORT  quality=FORWARD_COMPLETE now=  -0.76% MFE=   0.48% MAE=  -1.16% lost=- done=-
ZECUSDT        SHORT  quality=FORWARD_COMPLETE now=  -0.74% MFE=   0.50% MAE=  -1.14% lost=- done=-
LINKUSDT       LONG   quality=FORWARD_COMPLETE now=   1.00% MFE=   1.79% MAE=  -0.33% lost=- done=-
SOLUSDT        LONG   quality=FORWARD_COMPLETE now=   0.07% MFE=   0.15% MAE=  -0.37% lost=- done=-
PIEVERSEUSDT   SHORT  quality=FORWARD_COMPLETE now=   0.59% MFE=   1.55% MAE=  -0.14% lost=Y done=-
OUSDT          SHORT  quality=FORWARD_COMPLETE now=  -0.00% MFE=   0.00% MAE=   0.00% lost=- done=-
AEONUSDT       SHORT  quality=FORWARD_COMPLETE now=  -0.44% MFE=   0.00% MAE=  -0.44% lost=- done=-

======================================================================================================================
POST-CONFIRMATION TRACKER SUMMARY
======================================================================================================================
Outcome rows: 123
Created this run: 2
Tracked this run: 45
Failed: 0
Supabase rows upserted: 123
Forward complete: 123
Completed 24H: 80

IMPORTANT: OUTCOME TRACKER IS MEASUREMENT ONLY.
No trade permission was generated.

V7.6 POST-CONFIRMATION OUTCOME TRACKER: PASS
