
ALPHA HUNTER V7.1 — 2026-08-20T07:44:35.085201+00:00

Universe: 30 deep-scanned of 756 contracts
Eligible after prefilter: 361
Non-crypto rejected: 291

SYMBOL                  PHASE    TIME   BEHAV                     STATE      RR   DISC  TRADE
---------------------------------------------------------------------------------------------
1000RATSUSDT      COMPRESSION   EARLY    5.57   DIRECTION_EMERGING_LONG    2.20    YES     NO
ETHFIUSDT      DISTRIBUTION_RISK    FAIR    5.37   DIRECTION_EMERGING_LONG    0.02     NO     NO
MONUSDT        DISTRIBUTION_RISK    FAIR    5.34   DIRECTION_EMERGING_LONG    0.02     NO     NO
ESPUSDT        DISTRIBUTION_RISK    FAIR    5.10   DIRECTION_EMERGING_LONG    0.01     NO     NO
ONGUSDT           COMPRESSION    FAIR    4.98                WATCH_LONG       —     NO     NO
PEPEUSDT         ACCUMULATION    FAIR    4.68   DIRECTION_EMERGING_LONG    0.03     NO     NO
SPACEUSDT        ACCUMULATION    FAIR    4.65   DIRECTION_EMERGING_LONG    0.07     NO     NO
AEONUSDT          COMPRESSION   EARLY    4.35               WATCH_SHORT       —     NO     NO
BICOUSDT          COMPRESSION   EARLY    4.35                   NEUTRAL       —     NO     NO
VELVETUSDT       ACCUMULATION   EARLY    4.30               WATCH_SHORT       —     NO     NO
PROMUSDT         ACCUMULATION   EARLY    4.18               WATCH_SHORT       —     NO     NO
NEIROCTOUSDT   EXPANSION_MANAGEMENT    FAIR    3.99                WATCH_LONG       —     NO     NO
ETHUSDT          ACCUMULATION    FAIR    3.97                   NEUTRAL       —     NO     NO
CCUSDT           ACCUMULATION    FAIR    3.96   DIRECTION_EMERGING_LONG    0.06     NO     NO
WLDUSDT          ACCUMULATION    FAIR    3.96                WATCH_LONG       —     NO     NO
BANKUSDT          COMPRESSION   EARLY    3.89               WATCH_SHORT       —     NO     NO
UNITASUSDT           RECOVERY    FAIR    3.83                WATCH_LONG       —     NO     NO
WLFIUSDT         ACCUMULATION   EARLY    3.81                   NEUTRAL       —     NO     NO
APRUSDT          ACCUMULATION    FAIR    3.75               WATCH_SHORT       —     NO     NO
CAPUSDT          ACCUMULATION   EARLY    3.74               WATCH_SHORT       —     NO     NO
LAUSDT            COMPRESSION   EARLY    3.69               WATCH_SHORT       —     NO     NO
AEROUSDT         ACCUMULATION    FAIR    3.67                WATCH_LONG       —     NO     NO
KAITOUSDT         COMPRESSION   EARLY    3.64                   NEUTRAL       —     NO     NO
CRVUSDT          ACCUMULATION    FAIR    3.53                WATCH_LONG       —     NO     NO
VVVUSDT          ACCUMULATION   EARLY    3.43                   NEUTRAL       —     NO     NO
LISTAUSDT        ACCUMULATION    FAIR    3.28                WATCH_LONG       —     NO     NO
BRETTUSDT        ACCUMULATION    FAIR    3.09   DIRECTION_EMERGING_LONG    0.22     NO     NO
BTCUSDT          ACCUMULATION    FAIR    2.53                WATCH_LONG       —     NO     NO
XMRUSDT          ACCUMULATION   EARLY    2.53               WATCH_SHORT       —     NO     NO
GRVTUSDT         ACCUMULATION   EARLY    2.06                   NEUTRAL       —     NO     NO

V7.4 PRE-MOVE SURVEILLANCE
Eligible: 6 | Primary: 5 | Reserve: 1

PRIMARY
 1 AEONUSDT       REVERSAL       12.39 state=WATCH_SHORT
 2 LAUSDT         REVERSAL       11.40 state=WATCH_SHORT
 3 ONGUSDT        CONTINUATION   10.00 state=WATCH_LONG
 4 VVVUSDT        REVERSAL        9.79 state=NEUTRAL
 5 CAPUSDT        REVERSAL        9.64 state=WATCH_SHORT

RESERVE
 6 XMRUSDT        REVERSAL        9.55 state=WATCH_SHORT

Run ID: 7c6cf648869971896ba231ae68a84b91
Snapshot saved: /home/runner/work/Alpha-Hunter/Alpha-Hunter/data/snapshots/snapshot-20260820T074435Z.json
State history: /home/runner/work/Alpha-Hunter/Alpha-Hunter/data/state-history.jsonl
Supabase: SAVED
Qualified discovery candidates: 1
EARLY candidates: 1
V7 Trade Ready: 0
Bitget private API: NOT_CONFIGURED
