
==============================================================================================================
ALPHA HUNTER V7.5 24H EPISODE FINALIZER
==============================================================================================================
SKIP   ADAUSDT        quality=LEGACY_PARTIAL    age= 254.90H
SKIP   DOGEUSDT       quality=LEGACY_PARTIAL    age= 254.90H
SKIP   SKYAIUSDT      quality=LEGACY_PARTIAL    age= 254.90H
SKIP   SOLUSDT        quality=LEGACY_PARTIAL    age= 254.90H
SKIP   SUIUSDT        quality=LEGACY_PARTIAL    age= 254.90H
SKIP   COOKIEUSDT     quality=LEGACY_PARTIAL    age= 254.90H
SKIP   BTWUSDT        quality=LEGACY_PARTIAL    age= 254.90H
SKIP   CYSUSDT        quality=LEGACY_PARTIAL    age= 254.90H
SKIP   GWEIUSDT       quality=LEGACY_PARTIAL    age= 248.74H
SKIP   BICOUSDT       quality=LEGACY_PARTIAL    age= 248.74H
SKIP   SUIUSDT        quality=LEGACY_PARTIAL    age= 248.74H
SKIP   MMTUSDT        quality=LEGACY_PARTIAL    age= 248.74H
SKIP   IOTXUSDT       quality=LEGACY_PARTIAL    age= 248.74H
SKIP   FORMUSDT       quality=LEGACY_PARTIAL    age= 131.50H
SKIP   JTOUSDT        quality=LEGACY_PARTIAL    age= 131.50H
SKIP   4USDT          quality=LEGACY_PARTIAL    age= 131.50H
SKIP   MUBARAKUSDT    quality=LEGACY_PARTIAL    age= 131.50H
SKIP   PUMPUSDT       quality=LEGACY_PARTIAL    age= 130.43H
SKIP   HYPEUSDT       quality=LEGACY_PARTIAL    age= 121.63H
SKIP   ACUUSDT        quality=LEGACY_PARTIAL    age= 121.63H
SKIP   BTWUSDT        quality=LEGACY_PARTIAL    age= 120.61H
SKIP   AEONUSDT       quality=LEGACY_PARTIAL    age= 120.61H
WAIT   LINKUSDT       age=   0.00H UP=   14.63% DOWN=    0.00%
WAIT   OUSDT          age=   0.00H UP=    1.24% DOWN=   -6.18%
WAIT   HYPEUSDT       age=   0.00H UP=   23.77% DOWN=   -1.10%
WAIT   ZECUSDT        age=   0.00H UP=   15.05% DOWN=   -0.72%
FINAL  ACEUSDT        direction=DOWN  UP=    6.05% DOWN=  -19.72% class=HUGE_EXPANSION_DOWN
FINAL  REDUSDT        direction=UP    UP=   35.71% DOWN=   -1.93% class=HUGE_EXPANSION_UP
FINAL  AEONUSDT       direction=DOWN  UP=    2.22% DOWN=  -10.30% class=HUGE_EXPANSION_DOWN
WAIT   ACEUSDT        age=  23.06H UP=    5.72% DOWN=  -19.97%
WAIT   ETHUSDT        age=   0.00H UP=   21.67% DOWN=   -0.01%
WAIT   BTCUSDT        age=   0.00H UP=    8.63% DOWN=   -0.08%
WAIT   AEONUSDT       age=   0.00H UP=    5.43% DOWN=   -7.49%
WAIT   REDUSDT        age=   0.00H UP=   35.87% DOWN=   -1.25%
WAIT   SOLUSDT        age=   0.00H UP=   12.58% DOWN=   -0.19%
WAIT   1000RATSUSDT   age=   0.00H UP=    4.92% DOWN=   -4.96%
WAIT   ZECUSDT        age=  18.85H UP=   13.17% DOWN=   -0.73%
WAIT   ACEUSDT        age=  18.85H UP=    0.72% DOWN=  -13.85%
WAIT   ACUUSDT        age=  17.12H UP=   12.85% DOWN=    0.00%
WAIT   LAUSDT         age=  14.24H UP=    0.00% DOWN=   -5.57%
WAIT   VVVUSDT        age=  14.24H UP=    6.66% DOWN=    0.00%
WAIT   CAPUSDT        age=  10.27H UP=    2.43% DOWN=   -2.66%
WAIT   LAUSDT         age=  10.27H UP=    1.97% DOWN=   -2.33%
WAIT   ACEUSDT        age=  10.27H UP=    1.92% DOWN=   -6.91%
WAIT   PUMPUSDT       age=   9.28H UP=    7.60% DOWN=   -0.32%
WAIT   LAUSDT         age=   9.28H UP=    1.98% DOWN=   -2.32%
WAIT   POLUSDT        age=   9.28H UP=    0.28% DOWN=   -0.88%
WAIT   OPNUSDT        age=   9.28H UP=    1.95% DOWN=   -2.15%
WAIT   TRXUSDT        age=   2.17H UP=    0.28% DOWN=    0.00%
WAIT   ONGUSDT        age=   2.17H UP=    3.73% DOWN=   -0.06%
WAIT   AEONUSDT       age=   0.01H UP=    0.20% DOWN=    0.00%
WAIT   CAPUSDT        age=   0.01H UP=    0.00% DOWN=   -0.07%
WAIT   LAUSDT         age=   0.01H UP=    0.02% DOWN=    0.00%
WAIT   VVVUSDT        age=   0.01H UP=    0.00% DOWN=   -0.14%
WAIT   XMRUSDT        age=   0.01H UP=    0.04% DOWN=   -0.04%

==============================================================================================================
FINALIZER SUMMARY
==============================================================================================================
Episodes: 187
Finalized this run: 3
Waiting for 24H: 30
Legacy partial skipped: 22
Already finalized: 132
Supabase rows upserted: 187

V7.5 EPISODE FINALIZER: PASS
