
==============================================================================================================
ALPHA HUNTER V7.5 INDEPENDENT EPISODE MARKET TRACKER
==============================================================================================================
Episodes stored: 187
Active episodes: 55

ADAUSDT        REVERSAL      now=   -7.18% UP=    0.00% DOWN=  -12.70% 3=Y 5=Y 10=Y checks=57
DOGEUSDT       CONTINUATION  now=    6.27% UP=    8.04% DOWN=   -2.32% 3=Y 5=Y 10=- checks=57
SKYAIUSDT      REVERSAL      now=  -32.29% UP=    0.00% DOWN=  -53.06% 3=Y 5=Y 10=Y checks=57
SOLUSDT        CONTINUATION  now=   11.14% UP=   13.03% DOWN=   -4.13% 3=Y 5=Y 10=Y checks=57
SUIUSDT        CONTINUATION  now=   -0.31% UP=    3.26% DOWN=   -7.92% 3=Y 5=Y 10=- checks=57
COOKIEUSDT     CONTINUATION  now=  -12.04% UP=    0.00% DOWN=  -19.43% 3=Y 5=Y 10=Y checks=57
BTWUSDT        CONTINUATION  now=   64.67% UP=  268.12% DOWN=    0.00% 3=Y 5=Y 10=Y checks=57
CYSUSDT        CONTINUATION  now=  -42.61% UP=   78.38% DOWN=  -50.85% 3=Y 5=Y 10=Y checks=57
GWEIUSDT       REVERSAL      now=   -1.19% UP=   17.67% DOWN=   -7.43% 3=Y 5=Y 10=Y checks=57
BICOUSDT       REVERSAL      now=  -63.30% UP=    0.00% DOWN=  -66.13% 3=Y 5=Y 10=Y checks=57
SUIUSDT        CONTINUATION  now=    0.88% UP=    4.50% DOWN=   -6.82% 3=Y 5=Y 10=- checks=57
MMTUSDT        REVERSAL      now=  -10.57% UP=    0.00% DOWN=  -20.84% 3=Y 5=Y 10=Y checks=57
IOTXUSDT       REVERSAL      now=   -7.43% UP=    0.00% DOWN=  -11.34% 3=Y 5=Y 10=Y checks=57
FORMUSDT       REVERSAL      now=   -2.40% UP=    0.00% DOWN=   -7.88% 3=Y 5=Y 10=- checks=57
JTOUSDT        REVERSAL      now=    0.58% UP=    8.18% DOWN=   -2.16% 3=Y 5=Y 10=- checks=57
4USDT          REVERSAL      now=  -15.05% UP=    0.00% DOWN=  -22.21% 3=Y 5=Y 10=Y checks=57
MUBARAKUSDT    REVERSAL      now=   -3.86% UP=   25.90% DOWN=  -24.10% 3=Y 5=Y 10=Y checks=57
PUMPUSDT       REVERSAL      now=   13.80% UP=   16.87% DOWN=   -5.65% 3=Y 5=Y 10=Y checks=57
HYPEUSDT       REVERSAL      now=   27.11% UP=   29.15% DOWN=   -0.62% 3=Y 5=Y 10=Y checks=57
ACUUSDT        REVERSAL      now=   18.21% UP=   29.06% DOWN=   -4.40% 3=Y 5=Y 10=Y checks=57
BTWUSDT        CONTINUATION  now=   10.10% UP=  146.86% DOWN=  -15.23% 3=Y 5=Y 10=Y checks=57
AEONUSDT       CONTINUATION  now=   13.46% UP=   28.99% DOWN=   -6.91% 3=Y 5=Y 10=Y checks=57
LINKUSDT       CONTINUATION  now=   10.65% UP=   14.63% DOWN=    0.00% 3=Y 5=Y 10=Y checks=14
OUSDT          CONTINUATION  now=   -2.49% UP=    1.24% DOWN=   -6.18% 3=Y 5=Y 10=- checks=14
HYPEUSDT       REVERSAL      now=   21.76% UP=   23.77% DOWN=   -1.10% 3=Y 5=Y 10=Y checks=14
ZECUSDT        REVERSAL      now=   10.50% UP=   15.05% DOWN=   -0.72% 3=Y 5=Y 10=Y checks=14
ACEUSDT        REVERSAL      now=  -15.19% UP=    6.05% DOWN=  -19.72% 3=Y 5=Y 10=Y checks=11
REDUSDT        REVERSAL      now=   27.21% UP=   35.71% DOWN=   -1.93% 3=Y 5=Y 10=Y checks=11
AEONUSDT       REVERSAL      now=   -1.98% UP=    2.22% DOWN=  -10.30% 3=Y 5=Y 10=Y checks=11
ACEUSDT        CONTINUATION  now=  -15.46% UP=    5.72% DOWN=  -19.97% 3=Y 5=Y 10=Y checks=10
ETHUSDT        CONTINUATION  now=   16.83% UP=   21.67% DOWN=   -0.01% 3=Y 5=Y 10=Y checks=9
BTCUSDT        CONTINUATION  now=    7.87% UP=    8.63% DOWN=   -0.08% 3=Y 5=Y 10=- checks=9
AEONUSDT       REVERSAL      now=    1.10% UP=    5.43% DOWN=   -7.49% 3=Y 5=Y 10=- checks=9
REDUSDT        REVERSAL      now=   27.47% UP=   35.87% DOWN=   -1.25% 3=Y 5=Y 10=Y checks=9
SOLUSDT        CONTINUATION  now=   10.67% UP=   12.58% DOWN=   -0.19% 3=Y 5=Y 10=Y checks=9
1000RATSUSDT   REVERSAL      now=    3.63% UP=    4.92% DOWN=   -4.96% 3=Y 5=- 10=- checks=9
ZECUSDT        CONTINUATION  now=    8.68% UP=   13.17% DOWN=   -0.73% 3=Y 5=Y 10=Y checks=8
ACEUSDT        REVERSAL      now=   -8.99% UP=    0.72% DOWN=  -13.85% 3=Y 5=Y 10=Y checks=8
ACUUSDT        CONTINUATION  now=    3.36% UP=   12.85% DOWN=    0.00% 3=Y 5=Y 10=Y checks=6
LAUSDT         CONTINUATION  now=   -5.33% UP=    0.00% DOWN=   -5.57% 3=Y 5=Y 10=- checks=5
VVVUSDT        REVERSAL      now=    0.39% UP=    6.66% DOWN=    0.00% 3=Y 5=Y 10=- checks=5
CAPUSDT        REVERSAL      now=   -2.35% UP=    2.43% DOWN=   -2.66% 3=- 5=- 10=- checks=4
LAUSDT         CONTINUATION  now=   -2.09% UP=    1.97% DOWN=   -2.33% 3=- 5=- 10=- checks=4
ACEUSDT        REVERSAL      now=   -1.66% UP=    1.92% DOWN=   -6.91% 3=Y 5=Y 10=- checks=4
PUMPUSDT       CONTINUATION  now=    4.78% UP=    7.60% DOWN=   -0.32% 3=Y 5=Y 10=- checks=3
LAUSDT         REVERSAL      now=   -2.07% UP=    1.98% DOWN=   -2.32% 3=- 5=- 10=- checks=3
POLUSDT        CONTINUATION  now=   -0.69% UP=    0.28% DOWN=   -0.88% 3=- 5=- 10=- checks=3
OPNUSDT        REVERSAL      now=   -2.11% UP=    1.95% DOWN=   -2.15% 3=- 5=- 10=- checks=3
TRXUSDT        REVERSAL      now=    0.27% UP=    0.28% DOWN=    0.00% 3=- 5=- 10=- checks=2
ONGUSDT        CONTINUATION  now=    1.84% UP=    3.73% DOWN=   -0.06% 3=Y 5=- 10=- checks=2
AEONUSDT       REVERSAL      now=    0.20% UP=    0.20% DOWN=    0.00% 3=- 5=- 10=- checks=1
CAPUSDT        REVERSAL      now=    0.00% UP=    0.00% DOWN=   -0.07% 3=- 5=- 10=- checks=1
LAUSDT         REVERSAL      now=    0.02% UP=    0.02% DOWN=    0.00% 3=- 5=- 10=- checks=1
VVVUSDT        REVERSAL      now=   -0.14% UP=    0.00% DOWN=   -0.14% 3=- 5=- 10=- checks=1
XMRUSDT        REVERSAL      now=    0.04% UP=    0.04% DOWN=   -0.04% 3=- 5=- 10=- checks=1

==============================================================================================================
TRACKER SUMMARY
==============================================================================================================
Checked: 55
Failed: 0
Supabase rows upserted: 187
3% episodes: 149
5% episodes: 140
10% episodes: 99

V7.5 EPISODE MARKET TRACKER: PASS
