
======================================================================================================================
ALPHA HUNTER V7.6 DIRECTION-PROOF ENGINE — SHADOW
======================================================================================================================
Eligible forward episodes: 30

SYMBOL         PATH          DIR         CONF   LONG   SHORT       15M        1H
----------------------------------------------------------------------------------------------------------------------
LINKUSDT       CONTINUATION  LONG       56.2%   4.50    0.00   BULLISH   BULLISH
OUSDT          CONTINUATION  SHORT      68.8%   0.00    5.50   BEARISH   BEARISH
HYPEUSDT       REVERSAL      LONG       52.5%   4.50    1.00     MIXED   BULLISH
ZECUSDT        REVERSAL      LONG       44.4%   4.00    1.50   BULLISH   BULLISH
ACEUSDT        CONTINUATION  UNKNOWN     0.0%   1.00    1.50     MIXED     MIXED
ETHUSDT        CONTINUATION  UNKNOWN     0.0%   2.00    1.50     MIXED   BULLISH
BTCUSDT        CONTINUATION  UNKNOWN     0.0%   3.50    0.00     MIXED   BULLISH
AEONUSDT       REVERSAL      UNKNOWN     0.0%   1.00    2.50     MIXED     MIXED
REDUSDT        REVERSAL      LONG       55.0%   5.00    2.00     MIXED   BULLISH
SOLUSDT        CONTINUATION  LONG       87.5%   7.00    0.00   BULLISH   BULLISH
1000RATSUSDT   REVERSAL      UNKNOWN     0.0%   3.50    0.00     MIXED   BULLISH
ZECUSDT        CONTINUATION  LONG       44.4%   4.00    1.50   BULLISH   BULLISH
ACEUSDT        REVERSAL      UNKNOWN     0.0%   1.00    1.50     MIXED     MIXED
ACUUSDT        CONTINUATION  UNKNOWN     0.0%   0.00    3.50   BEARISH     MIXED
LAUSDT         CONTINUATION  UNKNOWN     0.0%   0.00    2.00   BEARISH     MIXED
VVVUSDT        REVERSAL      SHORT      75.0%   0.00    6.00   BEARISH     MIXED
CAPUSDT        REVERSAL      SHORT     100.0%   0.00    8.00   BEARISH   BEARISH
LAUSDT         CONTINUATION  UNKNOWN     0.0%   0.00    2.00   BEARISH     MIXED
ACEUSDT        REVERSAL      UNKNOWN     0.0%   1.00    3.50     MIXED   BEARISH
PUMPUSDT       CONTINUATION  LONG       62.5%   5.00    0.00   BULLISH   BULLISH
LAUSDT         REVERSAL      UNKNOWN     0.0%   0.00    2.00   BEARISH     MIXED
POLUSDT        CONTINUATION  SHORT      50.0%   0.00    4.00   BEARISH   BEARISH
OPNUSDT        REVERSAL      SHORT      68.8%   0.00    5.50   BEARISH   BEARISH
TRXUSDT        REVERSAL      LONG       50.0%   4.00    0.00   BULLISH   BULLISH
ONGUSDT        CONTINUATION  UNKNOWN     0.0%   3.50    1.00     MIXED   BULLISH
AEONUSDT       REVERSAL      UNKNOWN     0.0%   1.00    2.50     MIXED     MIXED
CAPUSDT        REVERSAL      SHORT     100.0%   0.00    8.00   BEARISH   BEARISH
LAUSDT         REVERSAL      UNKNOWN     0.0%   0.00    2.00   BEARISH     MIXED
VVVUSDT        REVERSAL      SHORT      75.0%   0.00    6.00   BEARISH     MIXED
XMRUSDT        REVERSAL      SHORT      56.2%   0.00    4.50   BEARISH   BEARISH

======================================================================================================================
V7.6 SHADOW SUMMARY
======================================================================================================================
Evaluated: 30
LONG: 8
SHORT: 8
UNKNOWN: 14
Failures: 0
Supabase shadow rows saved: 30
Direction state rows saved: 30
Immutable transition rows saved: 30
Transition run ID: cloud5d-20260820T074344Z
Direction emerging: 12
Direction confirmed: 4
Lost confirmation: 4

IMPORTANT: V7.6 IS SHADOW ONLY.
No trade permission was generated.

V7.6 DIRECTION SHADOW: PASS
