
ALPHA HUNTER V7.1 — 2026-08-17T22:28:58.597897+00:00

Universe: 28 deep-scanned of 759 contracts
Eligible after prefilter: 299
Non-crypto rejected: 290

SYMBOL                  PHASE    TIME   BEHAV                     STATE      RR   DISC  TRADE
---------------------------------------------------------------------------------------------
AEONUSDT         ACCUMULATION    FAIR    5.37                   NEUTRAL       —    YES     NO
COMPUSDT         ACCUMULATION    FAIR    5.03                WATCH_LONG       —    YES     NO
PIEVERSEUSDT   DISTRIBUTION_RISK    FAIR    4.87   DIRECTION_EMERGING_LONG    0.08     NO     NO
VVVUSDT        DISTRIBUTION_RISK    FAIR    4.73   DIRECTION_EMERGING_LONG    0.04     NO     NO
ACUUSDT        DISTRIBUTION_RISK    LATE    4.50   DIRECTION_EMERGING_LONG    0.05     NO     NO
BTWUSDT           COMPRESSION    FAIR    4.50                WATCH_LONG       —     NO     NO
PEPEUSDT          COMPRESSION   EARLY    4.37               WATCH_SHORT       —     NO     NO
ROBOUSDT            BREAKDOWN    FAIR    4.36  DIRECTION_EMERGING_SHORT    0.02     NO     NO
SUIUSDT           COMPRESSION   EARLY    4.25  DIRECTION_EMERGING_SHORT    1.01     NO     NO
HUSDT            ACCUMULATION    FAIR    4.23                   NEUTRAL       —     NO     NO
LINKUSDT          COMPRESSION   EARLY    4.08                WATCH_LONG       —     NO     NO
HOMEUSDT            BREAKDOWN    FAIR    4.03  DIRECTION_EMERGING_SHORT    0.03     NO     NO
ADAUSDT          ACCUMULATION   EARLY    4.00  DIRECTION_EMERGING_SHORT    0.21     NO     NO
ETHUSDT           COMPRESSION   EARLY    3.90                   NEUTRAL       —     NO     NO
BNBUSDT           COMPRESSION   EARLY    3.84  DIRECTION_EMERGING_SHORT    1.10     NO     NO
ACEUSDT             EXPANSION    FAIR    3.75                   NEUTRAL       —     NO     NO
SOPHUSDT         ACCUMULATION    FAIR    3.69               WATCH_SHORT       —     NO     NO
WLDUSDT           COMPRESSION   EARLY    3.64               WATCH_SHORT       —     NO     NO
CHIPUSDT         ACCUMULATION   EARLY    3.39               WATCH_SHORT       —     NO     NO
HYPEUSDT          COMPRESSION   EARLY    3.37                   NEUTRAL       —     NO     NO
XRPUSDT           COMPRESSION   EARLY    3.32               WATCH_SHORT       —     NO     NO
DOGEUSDT          COMPRESSION   EARLY    2.91                   NEUTRAL       —     NO     NO
SOLUSDT           COMPRESSION   EARLY    2.91                   NEUTRAL       —     NO     NO
TLMUSDT          ACCUMULATION    FAIR    2.62               WATCH_SHORT       —     NO     NO
BLESSUSDT           BREAKDOWN    FAIR    2.41  DIRECTION_EMERGING_SHORT    0.17     NO     NO
BTCUSDT          ACCUMULATION   EARLY    2.36                   NEUTRAL       —     NO     NO
ZECUSDT          ACCUMULATION   EARLY    1.90                   NEUTRAL       —     NO     NO
SQDUSDT          ACCUMULATION    FAIR    1.41                   NEUTRAL       —     NO     NO

V7.4 PRE-MOVE SURVEILLANCE
Eligible: 6 | Primary: 5 | Reserve: 1

PRIMARY
 1 HYPEUSDT       CONTINUATION   10.81 state=NEUTRAL
 2 CHIPUSDT       REVERSAL       10.71 state=WATCH_SHORT
 3 WLDUSDT        REVERSAL        9.90 state=WATCH_SHORT
 4 LINKUSDT       CONTINUATION    9.74 state=WATCH_LONG
 5 ETHUSDT        CONTINUATION    8.89 state=NEUTRAL

RESERVE
 6 BTWUSDT        CONTINUATION    8.75 state=WATCH_LONG

Run ID: 073f5533a2c9babd4e5d1cdd39d96d1b
Snapshot saved: /home/runner/work/Alpha-Hunter/Alpha-Hunter/data/snapshots/snapshot-20260817T222858Z.json
State history: /home/runner/work/Alpha-Hunter/Alpha-Hunter/data/state-history.jsonl
Supabase: SAVED
Qualified discovery candidates: 2
EARLY candidates: 0
V7 Trade Ready: 0
Bitget private API: NOT_CONFIGURED
