V7.4 HOURLY PERFORMANCE TRACKER
Run ID: 073f5533a2c9babd4e5d1cdd39d96d1b

V7.4.1 SHADOW REVERSAL
 SH SYMBOL           V74     OLD   SHADOW
--------------------------------------------------
  1 CHIPUSDT           2   10.71    11.32
  2 WLDUSDT            3    9.90     7.99
PERFORMANCE SIGNALS SAVED: 28
FEATURE ROWS SAVED: 28
V7.4 OUTCOMES 1H: saved=7 failed=0
V7.4 OUTCOMES 4H: saved=4 failed=0
V7.4 OUTCOMES 12H: saved=8 failed=0
V7.4 OUTCOMES 24H: saved=15 failed=0
OUTCOME EVALUATION COMPLETE: saved=34 failed=0

==========================================================================================
V7.4 CURRENT SURVEILLANCE COHORT
==========================================================================================
RANK SYMBOL         TIER      PATH            SCORE STATE
------------------------------------------------------------------------------------------
   1 HYPEUSDT       PRIMARY   CONTINUATION    10.81 NEUTRAL
   2 CHIPUSDT       PRIMARY   REVERSAL        10.71 WATCH_SHORT
   3 WLDUSDT        PRIMARY   REVERSAL         9.90 WATCH_SHORT
   4 LINKUSDT       PRIMARY   CONTINUATION     9.74 WATCH_LONG
   5 ETHUSDT        PRIMARY   CONTINUATION     8.89 NEUTRAL
   6 BTWUSDT        RESERVE   CONTINUATION     8.75 WATCH_LONG

================================================================================================================================
V7.4 FORWARD PERFORMANCE — RAW PRICE EXPANSION
================================================================================================================================

PRIMARY / RESERVE + PATH
  H TIER      PATH              N    POS%   AVG RAW   AVG ABS    EXP3%    EXP5%   EXP10%    UP5%    DN5%
--------------------------------------------------------------------------------------------------------------------------------
  1 PRIMARY   CONTINUATION     38   60.5%    0.592%    2.439%    31.6%    10.5%     2.6%    7.9%    2.6%
  1 PRIMARY   REVERSAL         83   50.6%    0.229%    2.440%    25.3%     9.6%     2.4%    4.8%    4.8%
  1 RESERVE   REVERSAL          1    0.0%   -0.378%    0.378%     0.0%     0.0%     0.0%    0.0%    0.0%
  4 PRIMARY   CONTINUATION     37   40.5%   -2.072%    4.283%    37.8%    27.0%    16.2%   10.8%   16.2%
  4 PRIMARY   REVERSAL         66   68.2%    1.178%    4.737%    54.5%    36.4%    10.6%   25.8%   10.6%
 12 PRIMARY   CONTINUATION     23   17.4%  -10.265%   12.001%    82.6%    78.3%    34.8%    8.7%   69.6%
 12 PRIMARY   REVERSAL         28   75.0%    1.158%    7.212%    53.6%    46.4%    35.7%   28.6%   17.9%

RANK QUALITY
  H RANK BUCKET         N    POS%   AVG RAW   AVG ABS    EXP3%    EXP5%   EXP10%    UP5%    DN5%
----------------------------------------------------------------------------------------------------------------
  1 TOP_1_3            96   54.2%    0.308%    2.623%    29.2%    11.5%     3.1%    6.2%    5.2%
  1 TOP_4_5            25   52.0%    0.477%    1.739%    20.0%     4.0%     0.0%    4.0%    0.0%
  1 RESERVE_6_10        1    0.0%   -0.378%    0.378%     0.0%     0.0%     0.0%    0.0%    0.0%
  4 TOP_1_3            81   55.6%   -0.222%    5.106%    51.9%    37.0%    16.0%   22.2%   14.8%
  4 TOP_4_5            22   68.2%    0.868%    2.615%    36.4%    18.2%     0.0%   13.6%    4.5%
 12 TOP_1_3            42   40.5%   -5.225%   10.068%    71.4%    66.7%    35.7%   19.0%   47.6%
 12 TOP_4_5             9   88.9%    1.750%    6.123%    44.4%    33.3%    33.3%   22.2%   11.1%

Metric definitions:
AVG RAW = average raw market return from detection price.
AVG ABS = average absolute price movement regardless of direction.
EXP3/5/10 = percentage of candidates moving at least 3% / 5% / 10% in either direction.
UP5 = raw upside move >= +5%; DN5 = raw downside move <= -5%.
No V7.4 trade-direction assumption is used in these metrics.

V7.4 TRACKING JOB: PASS
