
==============================================================================================================
ALPHA HUNTER V7.5 INDEPENDENT EPISODE MARKET TRACKER
==============================================================================================================
Episodes stored: 111
Active episodes: 62

CYSUSDT        CONTINUATION  now=  -55.99% UP=   78.38% DOWN=  -57.84% 3=Y 5=Y 10=Y checks=56
BTWUSDT        CONTINUATION  now=   75.47% UP=  113.81% DOWN=    0.00% 3=Y 5=Y 10=Y checks=56
COOKIEUSDT     CONTINUATION  now=  -12.82% UP=    0.00% DOWN=  -15.46% 3=Y 5=Y 10=Y checks=56
SUIUSDT        CONTINUATION  now=   -3.96% UP=    0.00% DOWN=   -5.00% 3=Y 5=- 10=- checks=56
SOLUSDT        CONTINUATION  now=   -1.87% UP=    0.00% DOWN=   -4.13% 3=Y 5=- 10=- checks=56
SKYAIUSDT      REVERSAL      now=  -29.36% UP=    0.00% DOWN=  -42.50% 3=Y 5=Y 10=Y checks=56
DOGEUSDT       CONTINUATION  now=   -0.61% UP=    0.00% DOWN=   -2.32% 3=- 5=- 10=- checks=56
ADAUSDT        REVERSAL      now=  -12.29% UP=    0.00% DOWN=  -12.90% 3=Y 5=Y 10=Y checks=56
GWEIUSDT       REVERSAL      now=    7.43% UP=   17.67% DOWN=    0.00% 3=Y 5=Y 10=Y checks=56
BICOUSDT       REVERSAL      now=  -59.32% UP=    0.00% DOWN=  -59.80% 3=Y 5=Y 10=Y checks=56
IOTXUSDT       REVERSAL      now=   -9.26% UP=    0.00% DOWN=  -10.53% 3=Y 5=Y 10=Y checks=56
MMTUSDT        REVERSAL      now=  -18.23% UP=    0.00% DOWN=  -18.53% 3=Y 5=Y 10=Y checks=56
SUIUSDT        CONTINUATION  now=   -2.81% UP=    0.00% DOWN=   -3.86% 3=Y 5=- 10=- checks=56
MUBARAKUSDT    REVERSAL      now=  -16.13% UP=    0.00% DOWN=  -24.10% 3=Y 5=Y 10=Y checks=56
4USDT          REVERSAL      now=  -12.40% UP=    0.00% DOWN=  -22.21% 3=Y 5=Y 10=Y checks=56
JTOUSDT        REVERSAL      now=    4.64% UP=   11.45% DOWN=    0.00% 3=Y 5=Y 10=Y checks=56
FORMUSDT       REVERSAL      now=   -5.80% UP=    0.00% DOWN=   -7.88% 3=Y 5=Y 10=- checks=56
PUMPUSDT       REVERSAL      now=   -2.47% UP=    5.86% DOWN=   -6.03% 3=Y 5=Y 10=- checks=56
ACUUSDT        REVERSAL      now=   13.67% UP=   16.62% DOWN=  -12.33% 3=Y 5=Y 10=Y checks=56
HYPEUSDT       REVERSAL      now=    5.00% UP=    6.56% DOWN=   -0.62% 3=Y 5=Y 10=- checks=56
AEONUSDT       CONTINUATION  now=   15.77% UP=   31.04% DOWN=   -6.91% 3=Y 5=Y 10=Y checks=56
BTWUSDT        CONTINUATION  now=   17.67% UP=   43.38% DOWN=  -10.16% 3=Y 5=Y 10=Y checks=56
PRLUSDT        CONTINUATION  now=   -1.98% UP=    5.86% DOWN=   -7.83% 3=Y 5=Y 10=- checks=17
REDUSDT        REVERSAL      now=   -0.46% UP=    0.58% DOWN=   -5.18% 3=Y 5=Y 10=- checks=17
LINKUSDT       REVERSAL      now=    1.17% UP=    2.11% DOWN=   -0.29% 3=- 5=- 10=- checks=17
LINKUSDT       REVERSAL      now=    1.17% UP=    2.11% DOWN=   -0.29% 3=- 5=- 10=- checks=17
PRLUSDT        CONTINUATION  now=   -1.98% UP=    5.86% DOWN=   -7.83% 3=Y 5=Y 10=- checks=17
REDUSDT        REVERSAL      now=   -0.46% UP=    0.58% DOWN=   -5.18% 3=Y 5=Y 10=- checks=17
HUSDT          REVERSAL      now=  -13.83% UP=    3.58% DOWN=  -27.00% 3=Y 5=Y 10=Y checks=15
NILUSDT        CONTINUATION  now=   -5.45% UP=    4.46% DOWN=   -9.23% 3=Y 5=Y 10=- checks=15
AIOUSDT        CONTINUATION  now=  -28.78% UP=   10.78% DOWN=  -28.78% 3=Y 5=Y 10=Y checks=15
VELVETUSDT     CONTINUATION  now=  -40.00% UP=    3.94% DOWN=  -41.18% 3=Y 5=Y 10=Y checks=14
NILUSDT        REVERSAL      now=   -2.49% UP=    7.26% DOWN=   -6.39% 3=Y 5=Y 10=- checks=13
BASEDUSDT      REVERSAL      now=    0.28% UP=    3.02% DOWN=   -0.33% 3=Y 5=- 10=- checks=13
AEONUSDT       REVERSAL      now=   10.75% UP=   25.36% DOWN=   -1.36% 3=Y 5=Y 10=Y checks=13
LINKUSDT       REVERSAL      now=    0.52% UP=    1.45% DOWN=   -0.71% 3=- 5=- 10=- checks=13
AIOUSDT        REVERSAL      now=  -25.08% UP=   16.26% DOWN=  -25.25% 3=Y 5=Y 10=Y checks=12
PIXELUSDT      REVERSAL      now=    0.43% UP=    8.12% DOWN=   -0.81% 3=Y 5=Y 10=- checks=12
CHIPUSDT       CONTINUATION  now=  -11.11% UP=    5.56% DOWN=  -11.53% 3=Y 5=Y 10=Y checks=12
AIOUSDT        CONTINUATION  now=  -29.61% UP=    9.09% DOWN=  -29.87% 3=Y 5=Y 10=Y checks=11
NILUSDT        REVERSAL      now=   -4.06% UP=    5.53% DOWN=   -7.89% 3=Y 5=Y 10=- checks=11
PRLUSDT        CONTINUATION  now=   -0.57% UP=    4.27% DOWN=   -6.51% 3=Y 5=Y 10=- checks=11
ACUUSDT        REVERSAL      now=   15.99% UP=   17.03% DOWN=   -0.93% 3=Y 5=Y 10=Y checks=11
DOLOUSDT       REVERSAL      now=    8.29% UP=    9.76% DOWN=   -0.49% 3=Y 5=Y 10=- checks=10
BTWUSDT        REVERSAL      now=    7.49% UP=    9.87% DOWN=   -3.90% 3=Y 5=Y 10=- checks=9
LINKUSDT       CONTINUATION  now=   -0.16% UP=    0.77% DOWN=   -0.63% 3=- 5=- 10=- checks=9
COWUSDT        REVERSAL      now=   -2.95% UP=    0.27% DOWN=   -3.67% 3=Y 5=- 10=- checks=8
AEONUSDT       CONTINUATION  now=    0.72% UP=   14.00% DOWN=    0.00% 3=Y 5=Y 10=Y checks=7
WLDUSDT        REVERSAL      now=   -2.52% UP=    2.07% DOWN=   -2.69% 3=- 5=- 10=- checks=7
WLDUSDT        CONTINUATION  now=   -3.50% UP=    1.04% DOWN=   -3.67% 3=Y 5=- 10=- checks=6
AIOUSDT        REVERSAL      now=  -18.80% UP=    1.88% DOWN=  -19.01% 3=Y 5=Y 10=Y checks=6
CHIPUSDT       REVERSAL      now=   -7.67% UP=    0.20% DOWN=   -8.11% 3=Y 5=Y 10=- checks=6
PRLUSDT        REVERSAL      now=    4.54% UP=    6.87% DOWN=   -0.05% 3=Y 5=Y 10=- checks=5
LINKUSDT       REVERSAL      now=   -0.33% UP=    0.15% DOWN=   -0.57% 3=- 5=- 10=- checks=4
CHIPUSDT       REVERSAL      now=   -2.67% UP=    0.84% DOWN=   -3.13% 3=Y 5=- 10=- checks=4
HUSDT          REVERSAL      now=    0.27% UP=    1.95% DOWN=   -2.76% 3=- 5=- 10=- checks=4
LINKUSDT       CONTINUATION  now=   -0.22% UP=    0.08% DOWN=   -0.34% 3=- 5=- 10=- checks=2
HYPEUSDT       REVERSAL      now=    0.43% UP=    0.48% DOWN=    0.00% 3=- 5=- 10=- checks=2
BTWUSDT        CONTINUATION  now=   -0.02% UP=    0.00% DOWN=   -0.08% 3=- 5=- 10=- checks=1
ETHUSDT        CONTINUATION  now=    0.01% UP=    0.01% DOWN=   -0.01% 3=- 5=- 10=- checks=1
CHIPUSDT       REVERSAL      now=    0.04% UP=    0.29% DOWN=    0.00% 3=- 5=- 10=- checks=1
HYPEUSDT       CONTINUATION  now=    0.02% UP=    0.02% DOWN=   -0.01% 3=- 5=- 10=- checks=1

==============================================================================================================
TRACKER SUMMARY
==============================================================================================================
Checked: 62
Failed: 0
Supabase rows upserted: 111
3% episodes: 90
5% episodes: 78
10% episodes: 50

V7.5 EPISODE MARKET TRACKER: PASS
