V7.5 state restored from Supabase: 107

ALPHA HUNTER V7.5 OPPORTUNITY LIFECYCLE
Run ID: 073f5533a2c9babd4e5d1cdd39d96d1b
Timestamp: 2026-08-17T22:28:58.597897+00:00
Lifecycle candidates: 6

NEW    BTWUSDT        CONTINUATION  state=PRE_MOVE_DETECTED    det=1   v74= 8.75 rank=6 shadow= 0.00 provisional=ACTIVE final=PENDING
UPDATE LINKUSDT       CONTINUATION  state=DIRECTION_EMERGING   det=2   v74= 9.74 rank=3 shadow= 0.00 provisional=ACTIVE final=PENDING
NEW    ETHUSDT        CONTINUATION  state=PRE_MOVE_DETECTED    det=1   v74= 8.89 rank=5 shadow= 0.00 provisional=ACTIVE final=PENDING
UPDATE WLDUSDT        REVERSAL      state=PRE_MOVE_DETECTED    det=6   v74= 9.96 rank=4 shadow=12.00 provisional=ACTIVE final=PENDING
NEW    CHIPUSDT       REVERSAL      state=PRE_MOVE_DETECTED    det=1   v74=10.71 rank=2 shadow=11.32 provisional=ACTIVE final=PENDING
NEW    HYPEUSDT       CONTINUATION  state=PRE_MOVE_DETECTED    det=1   v74=10.81 rank=1 shadow= 0.00 provisional=ACTIVE final=PENDING

Supabase lifecycle rows upserted: 111
Supabase lifecycle row count: 111

====================================================================================================
V7.5 LIFECYCLE SUMMARY
====================================================================================================
Episodes stored: 111
Created this run: 4
Updated this run: 2
Active episodes: 111

STATE COUNTS
DIRECTION_EMERGING       7
EXPANSION                5
FINALIZED                49
PRE_MOVE_DETECTED        50

State file: /home/runner/work/Alpha-Hunter/Alpha-Hunter/data/v75-lifecycle-episodes.json
History file: /home/runner/work/Alpha-Hunter/Alpha-Hunter/data/v75-lifecycle-history.jsonl

V7.5 LIFECYCLE JOB: PASS
