
======================================================================================================================
ALPHA HUNTER V7.6 POST-CONFIRMATION OUTCOME TRACKER — SHADOW
======================================================================================================================
Confirmed outcome rows: 71
Created this run: 0

CHIPUSDT       SHORT  quality=FORWARD_COMPLETE now=   2.54% MFE=   2.86% MAE=  -1.13% lost=Y done=-
VELVETUSDT     SHORT  quality=FORWARD_COMPLETE now=  39.19% MFE=  40.56% MAE=  -5.03% lost=Y done=-
PRLUSDT        SHORT  quality=FORWARD_COMPLETE now=  -2.44% MFE=   3.73% MAE=  -4.66% lost=Y done=-
COWUSDT        SHORT  quality=FORWARD_COMPLETE now=   0.82% MFE=   1.65% MAE=  -1.37% lost=Y done=-
WLDUSDT        SHORT  quality=FORWARD_COMPLETE now=   1.96% MFE=   2.08% MAE=  -0.77% lost=- done=-
HUSDT          SHORT  quality=FORWARD_COMPLETE now= -10.29% MFE=   6.56% MAE= -15.09% lost=Y done=-
ONGUSDT        LONG   quality=FORWARD_COMPLETE now=  -8.16% MFE=   1.77% MAE= -14.11% lost=Y done=-
REDUSDT        SHORT  quality=FORWARD_COMPLETE now=  -0.82% MFE=   3.96% MAE=  -1.86% lost=Y done=-
REDUSDT        SHORT  quality=FORWARD_COMPLETE now=  -0.82% MFE=   3.96% MAE=  -1.86% lost=Y done=-
PRLUSDT        LONG   quality=FORWARD_COMPLETE now=  -6.80% MFE=   0.29% MAE= -12.41% lost=Y done=-
WLDUSDT        SHORT  quality=FORWARD_COMPLETE now=   1.96% MFE=   2.08% MAE=  -0.77% lost=- done=-
PRLUSDT        LONG   quality=FORWARD_COMPLETE now=  -6.80% MFE=   0.29% MAE= -12.41% lost=Y done=-
PIXELUSDT      SHORT  quality=FORWARD_COMPLETE now=  -0.66% MFE=   0.26% MAE=  -8.42% lost=Y done=-
NILUSDT        LONG   quality=FORWARD_COMPLETE now=  -8.62% MFE=   1.07% MAE= -11.78% lost=Y done=-
AIOUSDT        LONG   quality=FORWARD_COMPLETE now= -30.50% MFE=   6.48% MAE= -31.54% lost=Y done=-
CHIPUSDT       LONG   quality=FORWARD_COMPLETE now=  -7.68% MFE=   5.31% MAE=  -7.98% lost=Y done=-
AEONUSDT       LONG   quality=FORWARD_COMPLETE now=   0.45% MFE=  13.72% MAE=  -2.24% lost=Y done=-
AIOUSDT        LONG   quality=FORWARD_COMPLETE now= -28.43% MFE=   9.66% MAE= -29.50% lost=Y done=-
AIOUSDT        LONG   quality=FORWARD_COMPLETE now= -28.43% MFE=   9.66% MAE= -29.50% lost=Y done=-
DOLOUSDT       LONG   quality=FORWARD_COMPLETE now=   2.86% MFE=   4.25% MAE=   0.00% lost=- done=-
ACUUSDT        LONG   quality=FORWARD_COMPLETE now=  13.40% MFE=  14.33% MAE=  -2.76% lost=Y done=-
BASEDUSDT      SHORT  quality=FORWARD_COMPLETE now=   0.85% MFE=   1.42% MAE=  -0.41% lost=Y done=-
AEONUSDT       LONG   quality=FORWARD_COMPLETE now=  -6.36% MFE=   0.64% MAE=  -7.00% lost=Y done=-
AIOUSDT        SHORT  quality=FORWARD_COMPLETE now=  16.76% MFE=  17.91% MAE=  -0.81% lost=- done=-
CHIPUSDT       SHORT  quality=FORWARD_COMPLETE now=   4.92% MFE=   5.23% MAE=  -0.76% lost=Y done=-
NILUSDT        SHORT  quality=FORWARD_COMPLETE now=  -2.03% MFE=   0.04% MAE= -12.85% lost=Y done=-
NILUSDT        SHORT  quality=FORWARD_COMPLETE now=  -2.03% MFE=   0.04% MAE= -12.85% lost=Y done=-

======================================================================================================================
POST-CONFIRMATION TRACKER SUMMARY
======================================================================================================================
Outcome rows: 71
Created this run: 0
Tracked this run: 27
Failed: 0
Supabase rows upserted: 71
Forward complete: 71
Completed 24H: 44

IMPORTANT: OUTCOME TRACKER IS MEASUREMENT ONLY.
No trade permission was generated.

V7.6 POST-CONFIRMATION OUTCOME TRACKER: PASS
