
======================================================================================================================
ALPHA HUNTER V7.6 DIRECTION-PROOF ENGINE — SHADOW
======================================================================================================================
Eligible forward episodes: 34

SYMBOL         PATH          DIR         CONF   LONG   SHORT       15M        1H
----------------------------------------------------------------------------------------------------------------------
HUSDT          REVERSAL      UNKNOWN     0.0%   3.50    0.00   BULLISH     MIXED
NILUSDT        CONTINUATION  UNKNOWN     0.0%   0.00    3.50     MIXED     MIXED
AIOUSDT        CONTINUATION  SHORT      87.5%   0.00    7.00   BEARISH   BEARISH
VELVETUSDT     CONTINUATION  SHORT      81.2%   0.00    6.50   BEARISH   BEARISH
NILUSDT        REVERSAL      UNKNOWN     0.0%   0.00    3.50     MIXED     MIXED
BASEDUSDT      REVERSAL      UNKNOWN     0.0%   1.00    3.00   BEARISH   BEARISH
AEONUSDT       REVERSAL      SHORT      75.0%   0.00    6.00   BEARISH     MIXED
LINKUSDT       REVERSAL      UNKNOWN     0.0%   0.00    2.00   BEARISH     MIXED
AIOUSDT        REVERSAL      SHORT      87.5%   0.00    7.00   BEARISH   BEARISH
PIXELUSDT      REVERSAL      SHORT      68.8%   0.00    5.50   BEARISH   BEARISH
CHIPUSDT       CONTINUATION  SHORT      87.5%   0.00    7.00   BEARISH   BEARISH
AIOUSDT        CONTINUATION  SHORT      87.5%   0.00    7.00   BEARISH   BEARISH
NILUSDT        REVERSAL      SHORT      56.2%   0.00    4.50   BEARISH     MIXED
PRLUSDT        CONTINUATION  UNKNOWN     0.0%   3.50    0.00   BULLISH     MIXED
ACUUSDT        REVERSAL      LONG       75.0%   6.00    0.00   BULLISH   BULLISH
DOLOUSDT       REVERSAL      LONG      100.0%   8.00    0.00   BULLISH   BULLISH
BTWUSDT        REVERSAL      LONG      100.0%   8.00    0.00   BULLISH   BULLISH
LINKUSDT       CONTINUATION  UNKNOWN     0.0%   0.00    2.00   BEARISH     MIXED
COWUSDT        REVERSAL      SHORT      81.2%   0.00    6.50   BEARISH   BEARISH
AEONUSDT       CONTINUATION  SHORT      75.0%   0.00    6.00   BEARISH     MIXED
WLDUSDT        REVERSAL      SHORT     100.0%   0.00    8.00   BEARISH   BEARISH
WLDUSDT        CONTINUATION  SHORT     100.0%   0.00    8.00   BEARISH   BEARISH
AIOUSDT        REVERSAL      SHORT      87.5%   0.00    7.00   BEARISH   BEARISH
CHIPUSDT       REVERSAL      SHORT     100.0%   0.00    8.00   BEARISH   BEARISH
PRLUSDT        REVERSAL      UNKNOWN     0.0%   3.50    0.00   BULLISH     MIXED
LINKUSDT       REVERSAL      UNKNOWN     0.0%   0.00    2.00   BEARISH     MIXED
CHIPUSDT       REVERSAL      SHORT     100.0%   0.00    8.00   BEARISH   BEARISH
HUSDT          REVERSAL      UNKNOWN     0.0%   3.50    0.00   BULLISH     MIXED
LINKUSDT       CONTINUATION  UNKNOWN     0.0%   0.00    2.00   BEARISH     MIXED
HYPEUSDT       REVERSAL      UNKNOWN     0.0%   1.00    1.50     MIXED     MIXED
BTWUSDT        CONTINUATION  LONG       87.5%   7.00    0.00   BULLISH   BULLISH
ETHUSDT        CONTINUATION  UNKNOWN     0.0%   0.00    3.50   BEARISH     MIXED
CHIPUSDT       REVERSAL      SHORT     100.0%   0.00    8.00   BEARISH   BEARISH
HYPEUSDT       CONTINUATION  UNKNOWN     0.0%   3.00    1.50     MIXED   BULLISH

======================================================================================================================
V7.6 SHADOW SUMMARY
======================================================================================================================
Evaluated: 34
LONG: 4
SHORT: 16
UNKNOWN: 14
Failures: 0
Supabase shadow rows saved: 34
Direction state rows saved: 34
Immutable transition rows saved: 34
Transition run ID: cloud5d-20260817T222804Z
Direction emerging: 11
Direction confirmed: 8
Lost confirmation: 3

IMPORTANT: V7.6 IS SHADOW ONLY.
No trade permission was generated.

V7.6 DIRECTION SHADOW: PASS
