
ALPHA HUNTER V7.1 — 2026-08-20T15:37:30.798011+00:00

Universe: 30 deep-scanned of 759 contracts
Eligible after prefilter: 373
Non-crypto rejected: 294

SYMBOL                  PHASE    TIME   BEHAV                     STATE      RR   DISC  TRADE
---------------------------------------------------------------------------------------------
SKYAIUSDT           EXPANSION    LATE    6.52   DIRECTION_EMERGING_LONG    0.02     NO     NO
ROBOUSDT       DISTRIBUTION_RISK    FAIR    5.80   DIRECTION_EMERGING_LONG    0.08     NO     NO
XRPUSDT        DISTRIBUTION_RISK    FAIR    5.42   DIRECTION_EMERGING_LONG    0.09     NO     NO
CYSUSDT           COMPRESSION   EARLY    5.35  DIRECTION_EMERGING_SHORT    0.74    YES     NO
SPXUSDT              IGNITION    FAIR    5.18   DIRECTION_EMERGING_LONG    0.04    YES     NO
TURBOUSDT            IGNITION    FAIR    5.09   DIRECTION_EMERGING_LONG    0.03    YES     NO
HUSDT            ACCUMULATION    FAIR    4.99               WATCH_SHORT       —     NO     NO
ETHUSDT              IGNITION    FAIR    4.93   DIRECTION_EMERGING_LONG    0.09     NO     NO
GALAUSDT       DISTRIBUTION_RISK    FAIR    4.90                WATCH_LONG       —     NO     NO
BTCUSDT              IGNITION   EARLY    4.87   DIRECTION_EMERGING_LONG    0.07     NO     NO
VVVUSDT           COMPRESSION   EARLY    4.74   DIRECTION_EMERGING_LONG    0.29     NO     NO
ENAUSDT          ACCUMULATION    FAIR    4.60   DIRECTION_EMERGING_LONG    0.08     NO     NO
EDGEUSDT         ACCUMULATION    FAIR    4.57   DIRECTION_EMERGING_LONG    0.44     NO     NO
AEROUSDT         ACCUMULATION    FAIR    4.57   DIRECTION_EMERGING_LONG    0.05     NO     NO
CROUSDT              IGNITION    FAIR    4.56   DIRECTION_EMERGING_LONG    0.05     NO     NO
BANKUSDT          COMPRESSION   EARLY    4.48                WATCH_LONG       —     NO     NO
ONDOUSDT          COMPRESSION   EARLY    4.41   DIRECTION_EMERGING_LONG    0.10     NO     NO
ZECUSDT           COMPRESSION   EARLY    4.30                   NEUTRAL       —     NO     NO
XLMUSDT              IGNITION    FAIR    4.15   DIRECTION_EMERGING_LONG    0.09     NO     NO
LAUSDT            COMPRESSION   EARLY    4.09   DIRECTION_EMERGING_LONG    0.24     NO     NO
BLESSUSDT        ACCUMULATION   EARLY    3.92               WATCH_SHORT       —     NO     NO
VELVETUSDT       ACCUMULATION   EARLY    3.60                   NEUTRAL       —     NO     NO
TRUMPUSDT        ACCUMULATION    FAIR    3.56                   NEUTRAL       —     NO     NO
NEARUSDT          COMPRESSION   EARLY    3.55                   NEUTRAL       —     NO     NO
STXUSDT          ACCUMULATION    FAIR    3.42   DIRECTION_EMERGING_LONG    0.06     NO     NO
JTOUSDT          ACCUMULATION   EARLY    2.85                   NEUTRAL       —     NO     NO
WLFIUSDT         ACCUMULATION   EARLY    2.71                   NEUTRAL       —     NO     NO
TRXUSDT          ACCUMULATION   EARLY    2.68                WATCH_LONG       —     NO     NO
FORMUSDT         ACCUMULATION    FAIR    2.59                   NEUTRAL       —     NO     NO
XMRUSDT          ACCUMULATION   EARLY    2.40                   NEUTRAL       —     NO     NO

V7.4 PRE-MOVE SURVEILLANCE
Eligible: 6 | Primary: 5 | Reserve: 1

PRIMARY
 1 NEARUSDT       REVERSAL       10.23 state=NEUTRAL
 2 ZECUSDT        CONTINUATION   10.00 state=NEUTRAL
 3 ONDOUSDT       CONTINUATION    9.91 state=DIRECTION_EMERGING_LONG
 4 LAUSDT         CONTINUATION    9.84 state=DIRECTION_EMERGING_LONG
 5 VVVUSDT        CONTINUATION    9.70 state=DIRECTION_EMERGING_LONG

RESERVE
 6 XMRUSDT        REVERSAL        9.39 state=NEUTRAL

Run ID: b08ae7f5ffeb102794f062eb13a12f88
Snapshot saved: /home/runner/work/Alpha-Hunter/Alpha-Hunter/data/snapshots/snapshot-20260820T153730Z.json
State history: /home/runner/work/Alpha-Hunter/Alpha-Hunter/data/state-history.jsonl
Supabase: SAVED
Qualified discovery candidates: 3
EARLY candidates: 1
V7 Trade Ready: 0
Bitget private API: NOT_CONFIGURED
