
======================================================================================================================
ALPHA HUNTER V7.9 FULL-UNIVERSE HOURLY LEDGER — SHADOW
======================================================================================================================
Observed: 2026-08-20T15:37:33.077505+00:00
Hour bucket: 2026-08-20T15:00:00+00:00
Contract tickers: 759
Rows attempted: 759
Deep-scan selected: 30
Selection snapshot: 2026-08-20T15:37:30.798011+00:00
Selection run ID: b08ae7f5ffeb102794f062eb13a12f88
Prefilter eligible: 372
Eligible not selected: 342
Non-crypto: 294
Low liquidity: 88
Over-extended: 5
Invalid price skipped: 0
Rows purged >7d: 0

TOP ABSOLUTE 24H MOVERS
SYMBOL                  24H    ELIG    SCAN  STATUS
------------------------------------------------------------------------
ACEUSDT             +43.24%       N       N  OVER_EXTENDED
BOMEUSDT            +38.76%       N       N  OVER_EXTENDED
BTWUSDT             -37.37%       N       N  OVER_EXTENDED
MAGMAUSDT           +33.66%       N       N  OVER_EXTENDED
BEATUSDT            -33.63%       N       N  OVER_EXTENDED
NEIROCTOUSDT        +24.28%       Y       N  ELIGIBLE_NOT_SELECTED
ONGUSDT             +22.89%       Y       N  ELIGIBLE_NOT_SELECTED
USELESSUSDT         +22.89%       Y       N  ELIGIBLE_NOT_SELECTED
PEOPLEUSDT          +22.57%       Y       N  ELIGIBLE_NOT_SELECTED
SCRTUSDT            -22.08%       Y       N  ELIGIBLE_NOT_SELECTED
PRLUSDT             -20.88%       Y       N  ELIGIBLE_NOT_SELECTED
PNUTUSDT            +20.80%       Y       N  ELIGIBLE_NOT_SELECTED
HYPEUSDT            +20.67%       Y       N  ELIGIBLE_NOT_SELECTED
ORDIUSDT            +19.27%       Y       N  ELIGIBLE_NOT_SELECTED
MONUSDT             +19.12%       Y       N  ELIGIBLE_NOT_SELECTED

IMPORTANT: V7.9 IS MEASUREMENT/AUDIT ONLY.
Same-hour reruns do not overwrite the first stored universe snapshot.
Raw universe evidence is retained for 7 days.
No trade permission was generated.

V7.9 FULL-UNIVERSE LEDGER: PASS
