
ALPHA HUNTER V7.1 — 2026-08-17T04:46:43.281893+00:00

Universe: 30 deep-scanned of 755 contracts
Eligible after prefilter: 299
Non-crypto rejected: 286

SYMBOL                  PHASE    TIME   BEHAV                     STATE      RR   DISC  TRADE
---------------------------------------------------------------------------------------------
AIOUSDT             EXPANSION    LATE    8.18   DIRECTION_EMERGING_LONG    0.06     NO     NO
GPSUSDT             EXPANSION    LATE    7.84   DIRECTION_EMERGING_LONG    0.04     NO     NO
PRLUSDT              IGNITION    FAIR    6.42   DIRECTION_EMERGING_LONG    0.15    YES     NO
ONGUSDT             EXPANSION    LATE    6.27                WATCH_LONG       —     NO     NO
BEATUSDT            EXPANSION    FAIR    6.07  DIRECTION_EMERGING_SHORT    0.17     NO     NO
VELVETUSDT       ACCUMULATION    LATE    5.91                   NEUTRAL       —    YES     NO
NILUSDT          ACCUMULATION    FAIR    5.85   DIRECTION_EMERGING_LONG    0.15    YES     NO
USUSDT         DISTRIBUTION_RISK    LATE    5.84                WATCH_LONG       —     NO     NO
APRUSDT             EXPANSION    LATE    5.68               WATCH_SHORT       —     NO     NO
HOMEUSDT         ACCUMULATION    FAIR    5.07               WATCH_SHORT       —    YES     NO
EVAAUSDT       DISTRIBUTION_RISK    FAIR    5.02   DIRECTION_EMERGING_LONG    0.00     NO     NO
ALICEUSDT        ACCUMULATION    FAIR    4.92                   NEUTRAL       —     NO     NO
COWUSDT             BREAKDOWN    FAIR    4.83               WATCH_SHORT       —     NO     NO
RAREUSDT         ACCUMULATION   EARLY    3.97                   NEUTRAL       —     NO     NO
LINKUSDT          COMPRESSION   EARLY    3.91                WATCH_LONG       —     NO     NO
DOSUSDT          ACCUMULATION    FAIR    3.72                   NEUTRAL       —     NO     NO
ZECUSDT          ACCUMULATION   EARLY    3.53                   NEUTRAL       —     NO     NO
PUMPUSDT             RECOVERY   EARLY    3.52                WATCH_LONG       —     NO     NO
ETHUSDT          ACCUMULATION   EARLY    3.37   DIRECTION_EMERGING_LONG    0.15     NO     NO
ELSAUSDT         ACCUMULATION    FAIR    3.27               WATCH_SHORT       —     NO     NO
BNBUSDT          ACCUMULATION   EARLY    3.27                   NEUTRAL       —     NO     NO
PEPEUSDT         ACCUMULATION   EARLY    3.15                   NEUTRAL       —     NO     NO
ACUUSDT             BREAKDOWN    FAIR    3.02               WATCH_SHORT       —     NO     NO
BTCUSDT              RECOVERY   EARLY    2.82                WATCH_LONG       —     NO     NO
HYPEUSDT         ACCUMULATION   EARLY    2.72                WATCH_LONG       —     NO     NO
SOLUSDT              RECOVERY   EARLY    2.60                WATCH_LONG       —     NO     NO
SUIUSDT          ACCUMULATION   EARLY    2.48                   NEUTRAL       —     NO     NO
DOGEUSDT             RECOVERY   EARLY    2.14                WATCH_LONG       —     NO     NO
ADAUSDT          ACCUMULATION   EARLY    2.06                   NEUTRAL       —     NO     NO
XRPUSDT          ACCUMULATION   EARLY    1.46                   NEUTRAL       —     NO     NO

V7.4 PRE-MOVE SURVEILLANCE
Eligible: 1 | Primary: 1 | Reserve: 0

PRIMARY
 1 VELVETUSDT     CONTINUATION   12.00 state=NEUTRAL

Run ID: 2fe453861715dfec9182401cf6b01ca0
Snapshot saved: /home/runner/work/Alpha-Hunter/Alpha-Hunter/data/snapshots/snapshot-20260817T044643Z.json
State history: /home/runner/work/Alpha-Hunter/Alpha-Hunter/data/state-history.jsonl
Supabase: SAVED
Qualified discovery candidates: 4
EARLY candidates: 0
V7 Trade Ready: 0
Bitget private API: NOT_CONFIGURED
