
==============================================================================================================
ALPHA HUNTER V7.5 24H EPISODE FINALIZER
==============================================================================================================
SKIP   CYSUSDT        quality=LEGACY_PARTIAL    age= 179.94H
SKIP   BTWUSDT        quality=LEGACY_PARTIAL    age= 179.94H
SKIP   COOKIEUSDT     quality=LEGACY_PARTIAL    age= 179.94H
SKIP   SUIUSDT        quality=LEGACY_PARTIAL    age= 179.94H
SKIP   SOLUSDT        quality=LEGACY_PARTIAL    age= 179.94H
SKIP   SKYAIUSDT      quality=LEGACY_PARTIAL    age= 179.94H
SKIP   DOGEUSDT       quality=LEGACY_PARTIAL    age= 179.94H
SKIP   ADAUSDT        quality=LEGACY_PARTIAL    age= 179.94H
SKIP   IOTXUSDT       quality=LEGACY_PARTIAL    age= 173.77H
SKIP   MMTUSDT        quality=LEGACY_PARTIAL    age= 173.77H
SKIP   SUIUSDT        quality=LEGACY_PARTIAL    age= 173.77H
SKIP   GWEIUSDT       quality=LEGACY_PARTIAL    age= 173.77H
SKIP   BICOUSDT       quality=LEGACY_PARTIAL    age= 173.77H
SKIP   MUBARAKUSDT    quality=LEGACY_PARTIAL    age=  56.53H
SKIP   4USDT          quality=LEGACY_PARTIAL    age=  56.53H
SKIP   JTOUSDT        quality=LEGACY_PARTIAL    age=  56.53H
SKIP   FORMUSDT       quality=LEGACY_PARTIAL    age=  56.53H
SKIP   PUMPUSDT       quality=LEGACY_PARTIAL    age=  55.46H
SKIP   ACUUSDT        quality=LEGACY_PARTIAL    age=  46.67H
SKIP   HYPEUSDT       quality=LEGACY_PARTIAL    age=  46.67H
SKIP   AEONUSDT       quality=LEGACY_PARTIAL    age=  45.65H
SKIP   BTWUSDT        quality=LEGACY_PARTIAL    age=  45.65H
WAIT   LINKUSDT       age=  22.34H UP=    2.16% DOWN=   -0.72%
WAIT   ALICEUSDT      age=  22.34H UP=   14.23% DOWN=   -0.79%
WAIT   BRUSDT         age=  22.34H UP=    3.07% DOWN=  -12.44%
WAIT   PUMPUSDT       age=  22.34H UP=    2.66% DOWN=   -4.21%
WAIT   NILUSDT        age=  22.34H UP=   18.52% DOWN=   -0.41%
WAIT   HYPEUSDT       age=  22.22H UP=    3.98% DOWN=   -0.04%
WAIT   CAPUSDT        age=  22.22H UP=    6.36% DOWN=   -6.11%
WAIT   COWUSDT        age=  22.22H UP=    3.39% DOWN=  -12.77%
WAIT   VELVETUSDT     age=  22.22H UP=   31.02% DOWN=   -2.20%
WAIT   WLDUSDT        age=  22.22H UP=    6.79% DOWN=   -1.61%
WAIT   LINKUSDT       age=  21.17H UP=    2.23% DOWN=   -0.64%
WAIT   FOLKSUSDT      age=  20.11H UP=    0.93% DOWN=   -4.63%
WAIT   AEONUSDT       age=  19.55H UP=    0.20% DOWN=  -18.55%
WAIT   WLDUSDT        age=  18.04H UP=    7.47% DOWN=   -0.98%
WAIT   PRLUSDT        age=  18.04H UP=   13.09% DOWN=   -0.61%
WAIT   AEONUSDT       age=  17.49H UP=    3.37% DOWN=  -15.97%
WAIT   HYPEUSDT       age=  17.49H UP=    3.02% DOWN=   -0.74%
WAIT   WLDUSDT        age=  17.49H UP=    7.00% DOWN=   -1.41%
WAIT   BOMEUSDT       age=  16.42H UP=    0.50% DOWN=   -6.24%
WAIT   DOLOUSDT       age=  16.42H UP=   18.74% DOWN=   -3.56%
WAIT   VELVETUSDT     age=  15.21H UP=    5.57% DOWN=   -5.15%
WAIT   BTWUSDT        age=  14.08H UP=   35.61% DOWN=   -0.04%
WAIT   HUSDT          age=  14.08H UP=   16.49% DOWN=   -6.24%
WAIT   WLDUSDT        age=  13.34H UP=    6.42% DOWN=    0.00%
WAIT   AEONUSDT       age=  12.62H UP=    9.32% DOWN=   -7.78%
WAIT   ROBOUSDT       age=  11.44H UP=    4.11% DOWN=   -7.03%
WAIT   ONGUSDT        age=   7.72H UP=   18.39% DOWN=   -2.88%
WAIT   LINKUSDT       age=   7.72H UP=    1.28% DOWN=   -1.13%
WAIT   PRLUSDT        age=   6.66H UP=    5.86% DOWN=   -3.30%
WAIT   REDUSDT        age=   6.66H UP=    0.00% DOWN=   -2.99%
WAIT   LINKUSDT       age=   6.66H UP=    2.03% DOWN=   -0.29%
WAIT   PRLUSDT        age=   6.65H UP=    5.86% DOWN=   -3.30%
WAIT   REDUSDT        age=   6.65H UP=    0.00% DOWN=   -2.99%
WAIT   LINKUSDT       age=   6.65H UP=    2.03% DOWN=   -0.29%
WAIT   NILUSDT        age=   1.73H UP=    4.46% DOWN=   -1.75%
WAIT   HUSDT          age=   1.73H UP=    3.58% DOWN=   -4.44%
WAIT   AIOUSDT        age=   1.73H UP=    5.03% DOWN=   -1.71%
WAIT   VELVETUSDT     age=   0.01H UP=    0.27% DOWN=    0.00%

==============================================================================================================
FINALIZER SUMMARY
==============================================================================================================
Episodes: 81
Finalized this run: 0
Waiting for 24H: 38
Legacy partial skipped: 22
Already finalized: 21
Supabase rows upserted: 81

V7.5 EPISODE FINALIZER: PASS
