
==============================================================================================================
ALPHA HUNTER V7.5 INDEPENDENT EPISODE MARKET TRACKER
==============================================================================================================
Episodes stored: 81
Active episodes: 60

CYSUSDT        CONTINUATION  now=  -32.27% UP=   78.38% DOWN=  -37.80% 3=Y 5=Y 10=Y checks=43
BTWUSDT        CONTINUATION  now=   93.20% UP=  113.81% DOWN=    0.00% 3=Y 5=Y 10=Y checks=43
COOKIEUSDT     CONTINUATION  now=   -9.40% UP=    0.00% DOWN=  -15.46% 3=Y 5=Y 10=Y checks=43
SUIUSDT        CONTINUATION  now=   -3.46% UP=    0.00% DOWN=   -5.00% 3=Y 5=- 10=- checks=43
SOLUSDT        CONTINUATION  now=   -2.26% UP=    0.00% DOWN=   -4.13% 3=Y 5=- 10=- checks=43
SKYAIUSDT      REVERSAL      now=  -26.41% UP=    0.00% DOWN=  -42.50% 3=Y 5=Y 10=Y checks=43
DOGEUSDT       CONTINUATION  now=   -0.67% UP=    0.00% DOWN=   -2.32% 3=- 5=- 10=- checks=43
ADAUSDT        REVERSAL      now=  -10.52% UP=    0.00% DOWN=  -11.79% 3=Y 5=Y 10=Y checks=43
IOTXUSDT       REVERSAL      now=   -7.93% UP=    0.00% DOWN=  -10.53% 3=Y 5=Y 10=Y checks=43
MMTUSDT        REVERSAL      now=  -11.99% UP=    0.00% DOWN=  -14.50% 3=Y 5=Y 10=Y checks=43
SUIUSDT        CONTINUATION  now=   -2.29% UP=    0.00% DOWN=   -3.86% 3=Y 5=- 10=- checks=43
GWEIUSDT       REVERSAL      now=    4.18% UP=   17.67% DOWN=    0.00% 3=Y 5=Y 10=Y checks=43
BICOUSDT       REVERSAL      now=  -51.27% UP=    0.00% DOWN=  -58.94% 3=Y 5=Y 10=Y checks=43
MUBARAKUSDT    REVERSAL      now=   -9.22% UP=    0.00% DOWN=  -24.10% 3=Y 5=Y 10=Y checks=43
4USDT          REVERSAL      now=  -13.10% UP=    0.00% DOWN=  -22.21% 3=Y 5=Y 10=Y checks=43
JTOUSDT        REVERSAL      now=    9.96% UP=   10.17% DOWN=    0.00% 3=Y 5=Y 10=Y checks=43
FORMUSDT       REVERSAL      now=   -5.90% UP=    0.00% DOWN=   -7.88% 3=Y 5=Y 10=- checks=43
PUMPUSDT       REVERSAL      now=    0.71% UP=    1.20% DOWN=   -6.03% 3=Y 5=Y 10=- checks=43
ACUUSDT        REVERSAL      now=   -7.16% UP=   16.62% DOWN=   -8.97% 3=Y 5=Y 10=Y checks=43
HYPEUSDT       REVERSAL      now=    4.68% UP=    5.26% DOWN=   -0.62% 3=Y 5=Y 10=- checks=43
AEONUSDT       CONTINUATION  now=    5.93% UP=   28.62% DOWN=   -6.91% 3=Y 5=Y 10=Y checks=43
BTWUSDT        CONTINUATION  now=   29.44% UP=   43.38% DOWN=  -10.16% 3=Y 5=Y 10=Y checks=43
LINKUSDT       CONTINUATION  now=    1.13% UP=    2.16% DOWN=   -0.72% 3=- 5=- 10=- checks=20
ALICEUSDT      REVERSAL      now=    8.35% UP=   14.23% DOWN=   -0.79% 3=Y 5=Y 10=Y checks=20
BRUSDT         REVERSAL      now=   -4.47% UP=    3.07% DOWN=  -12.44% 3=Y 5=Y 10=Y checks=20
PUMPUSDT       REVERSAL      now=    2.66% UP=    2.66% DOWN=   -4.21% 3=Y 5=- 10=- checks=20
NILUSDT        REVERSAL      now=   16.81% UP=   18.52% DOWN=   -0.41% 3=Y 5=Y 10=Y checks=20
HYPEUSDT       REVERSAL      now=    3.41% UP=    3.98% DOWN=   -0.04% 3=Y 5=- 10=- checks=19
CAPUSDT        CONTINUATION  now=    1.68% UP=    6.36% DOWN=   -6.11% 3=Y 5=Y 10=- checks=19
COWUSDT        REVERSAL      now=  -11.58% UP=    3.39% DOWN=  -12.77% 3=Y 5=Y 10=Y checks=19
VELVETUSDT     REVERSAL      now=   11.79% UP=   31.02% DOWN=   -2.20% 3=Y 5=Y 10=Y checks=19
WLDUSDT        REVERSAL      now=    4.29% UP=    6.79% DOWN=   -1.61% 3=Y 5=Y 10=- checks=19
LINKUSDT       REVERSAL      now=    1.21% UP=    2.23% DOWN=   -0.64% 3=- 5=- 10=- checks=18
FOLKSUSDT      REVERSAL      now=   -3.37% UP=    0.93% DOWN=   -4.63% 3=Y 5=- 10=- checks=17
AEONUSDT       CONTINUATION  now=   -7.33% UP=    0.20% DOWN=  -18.55% 3=Y 5=Y 10=Y checks=16
WLDUSDT        REVERSAL      now=    4.95% UP=    7.47% DOWN=   -0.98% 3=Y 5=Y 10=- checks=15
PRLUSDT        CONTINUATION  now=   10.15% UP=   13.09% DOWN=   -0.61% 3=Y 5=Y 10=Y checks=15
AEONUSDT       REVERSAL      now=   -4.39% UP=    3.37% DOWN=  -15.97% 3=Y 5=Y 10=Y checks=14
HYPEUSDT       CONTINUATION  now=    2.45% UP=    3.02% DOWN=   -0.74% 3=Y 5=- 10=- checks=14
WLDUSDT        CONTINUATION  now=    4.50% UP=    7.00% DOWN=   -1.41% 3=Y 5=Y 10=- checks=14
BOMEUSDT       CONTINUATION  now=   -1.55% UP=    0.50% DOWN=   -6.24% 3=Y 5=Y 10=- checks=13
DOLOUSDT       REVERSAL      now=   -2.37% UP=   18.74% DOWN=   -3.56% 3=Y 5=Y 10=Y checks=13
VELVETUSDT     REVERSAL      now=   -2.59% UP=    5.57% DOWN=   -5.15% 3=Y 5=Y 10=- checks=12
BTWUSDT        CONTINUATION  now=   22.33% UP=   35.61% DOWN=   -0.04% 3=Y 5=Y 10=Y checks=11
HUSDT          REVERSAL      now=   12.32% UP=   16.49% DOWN=   -6.24% 3=Y 5=Y 10=Y checks=11
WLDUSDT        CONTINUATION  now=    3.93% UP=    6.42% DOWN=    0.00% 3=Y 5=Y 10=- checks=10
AEONUSDT       REVERSAL      now=    4.93% UP=    9.32% DOWN=   -7.78% 3=Y 5=Y 10=- checks=9
ROBOUSDT       REVERSAL      now=   -4.84% UP=    4.11% DOWN=   -7.03% 3=Y 5=Y 10=- checks=7
ONGUSDT        CONTINUATION  now=    7.15% UP=   18.39% DOWN=   -2.88% 3=Y 5=Y 10=Y checks=5
LINKUSDT       CONTINUATION  now=    0.26% UP=    1.28% DOWN=   -1.13% 3=- 5=- 10=- checks=5
PRLUSDT        CONTINUATION  now=    5.48% UP=    5.86% DOWN=   -3.30% 3=Y 5=Y 10=- checks=4
REDUSDT        REVERSAL      now=   -2.76% UP=    0.00% DOWN=   -2.99% 3=- 5=- 10=- checks=4
LINKUSDT       REVERSAL      now=    1.00% UP=    2.03% DOWN=   -0.29% 3=- 5=- 10=- checks=4
PRLUSDT        CONTINUATION  now=    5.48% UP=    5.86% DOWN=   -3.30% 3=Y 5=Y 10=- checks=4
REDUSDT        REVERSAL      now=   -2.76% UP=    0.00% DOWN=   -2.99% 3=- 5=- 10=- checks=4
LINKUSDT       REVERSAL      now=    1.00% UP=    2.03% DOWN=   -0.29% 3=- 5=- 10=- checks=4
NILUSDT        CONTINUATION  now=    2.85% UP=    4.46% DOWN=   -1.75% 3=Y 5=- 10=- checks=2
HUSDT          REVERSAL      now=    0.00% UP=    3.58% DOWN=   -4.44% 3=Y 5=- 10=- checks=2
AIOUSDT        CONTINUATION  now=    3.69% UP=    5.03% DOWN=   -1.71% 3=Y 5=Y 10=- checks=2
VELVETUSDT     CONTINUATION  now=    0.27% UP=    0.27% DOWN=    0.00% 3=- 5=- 10=- checks=1

==============================================================================================================
TRACKER SUMMARY
==============================================================================================================
Checked: 60
Failed: 0
Supabase rows upserted: 81
3% episodes: 68
5% episodes: 57
10% episodes: 37

V7.5 EPISODE MARKET TRACKER: PASS
