
======================================================================================================================
ALPHA HUNTER V7.6 POST-CONFIRMATION OUTCOME TRACKER — SHADOW
======================================================================================================================
Confirmed outcome rows: 51
Created this run: 4

ALICEUSDT      LONG   quality=FORWARD_COMPLETE now=   7.31% MFE=  12.97% MAE=  -1.49% lost=Y done=-
CAPUSDT        LONG   quality=FORWARD_COMPLETE now=   3.48% MFE=   8.29% MAE=  -4.41% lost=Y done=-
VELVETUSDT     LONG   quality=FORWARD_COMPLETE now=  -4.62% MFE=   0.51% MAE=  -6.15% lost=Y done=-
FOLKSUSDT      SHORT  quality=FORWARD_COMPLETE now=   2.34% MFE=   3.62% MAE=  -0.55% lost=Y done=-
AEONUSDT       SHORT  quality=FORWARD_COMPLETE now=   3.94% MFE=  16.26% MAE=  -3.02% lost=Y done=-
COWUSDT        SHORT  quality=FORWARD_COMPLETE now=   7.58% MFE=   8.81% MAE=  -4.78% lost=Y done=-
NILUSDT        LONG   quality=FORWARD_COMPLETE now=   8.48% MFE=  10.13% MAE=  -4.77% lost=Y done=-
AEONUSDT       SHORT  quality=FORWARD_COMPLETE now=  -5.73% MFE=   7.83% MAE=  -9.26% lost=Y done=-
DOLOUSDT       LONG   quality=FORWARD_COMPLETE now=  -8.47% MFE=  11.33% MAE=  -9.58% lost=Y done=-
HYPEUSDT       LONG   quality=FORWARD_COMPLETE now=   2.43% MFE=   2.96% MAE=  -0.80% lost=Y done=-
VELVETUSDT     LONG   quality=FORWARD_COMPLETE now= -11.50% MFE=   3.52% MAE= -13.90% lost=Y done=-
PUMPUSDT       SHORT  quality=FORWARD_COMPLETE now=  -4.22% MFE=   3.13% MAE=  -4.55% lost=Y done=-
BTWUSDT        LONG   quality=FORWARD_COMPLETE now=  17.92% MFE=  30.90% MAE=  -1.19% lost=Y done=-
BRUSDT         SHORT  quality=FORWARD_COMPLETE now=  -1.43% MFE=   7.06% MAE=  -9.40% lost=Y done=-
WLDUSDT        LONG   quality=FORWARD_COMPLETE now=   0.75% MFE=   3.14% MAE=  -2.31% lost=Y done=-
HYPEUSDT       LONG   quality=FORWARD_COMPLETE now=   1.84% MFE=   2.37% MAE=  -1.27% lost=Y done=-
AEONUSDT       SHORT  quality=FORWARD_COMPLETE now=  -9.76% MFE=   4.19% MAE= -13.58% lost=Y done=-
ROBOUSDT       LONG   quality=FORWARD_COMPLETE now=  -7.89% MFE=   0.00% MAE= -10.01% lost=Y done=-
WLDUSDT        LONG   quality=FORWARD_COMPLETE now=   0.81% MFE=   3.20% MAE=  -2.25% lost=Y done=-
BOMEUSDT       SHORT  quality=FORWARD_COMPLETE now=  -1.95% MFE=   2.39% MAE=  -2.54% lost=Y done=-
HUSDT          SHORT  quality=FORWARD_COMPLETE now=  -4.28% MFE=   6.30% MAE=  -8.16% lost=Y done=-
PRLUSDT        LONG   quality=FORWARD_COMPLETE now=   1.46% MFE=   4.15% MAE=  -6.95% lost=Y done=-
WLDUSDT        LONG   quality=FORWARD_COMPLETE now=   0.81% MFE=   3.20% MAE=  -2.25% lost=Y done=-
WLDUSDT        LONG   quality=FORWARD_COMPLETE now=   0.75% MFE=   3.14% MAE=  -2.31% lost=Y done=-
ONGUSDT        LONG   quality=FORWARD_COMPLETE now=  -3.28% MFE=   1.77% MAE=  -4.38% lost=Y done=-
REDUSDT        SHORT  quality=FORWARD_COMPLETE now=   1.52% MFE=   1.75% MAE=  -0.12% lost=- done=-
REDUSDT        SHORT  quality=FORWARD_COMPLETE now=   1.52% MFE=   1.75% MAE=  -0.12% lost=- done=-
PRLUSDT        LONG   quality=FORWARD_COMPLETE now=   0.22% MFE=   0.29% MAE=   0.00% lost=- done=-
PRLUSDT        LONG   quality=FORWARD_COMPLETE now=   0.22% MFE=   0.29% MAE=   0.00% lost=- done=-
NILUSDT        LONG   quality=FORWARD_COMPLETE now=   0.10% MFE=   0.10% MAE=   0.00% lost=- done=-
AIOUSDT        LONG   quality=FORWARD_COMPLETE now=   0.01% MFE=   0.46% MAE=  -0.15% lost=- done=-

======================================================================================================================
POST-CONFIRMATION TRACKER SUMMARY
======================================================================================================================
Outcome rows: 51
Created this run: 4
Tracked this run: 31
Failed: 0
Supabase rows upserted: 51
Forward complete: 51
Completed 24H: 20

IMPORTANT: OUTCOME TRACKER IS MEASUREMENT ONLY.
No trade permission was generated.

V7.6 POST-CONFIRMATION OUTCOME TRACKER: PASS
