
======================================================================================================================
ALPHA HUNTER V7.9 FULL-UNIVERSE HOURLY LEDGER — SHADOW
======================================================================================================================
Observed: 2026-08-17T04:46:45.795319+00:00
Hour bucket: 2026-08-17T04:00:00+00:00
Contract tickers: 755
Rows attempted: 755
Deep-scan selected: 30
Selection snapshot: 2026-08-17T04:46:43.281893+00:00
Selection run ID: 2fe453861715dfec9182401cf6b01ca0
Prefilter eligible: 299
Eligible not selected: 271
Non-crypto: 286
Low liquidity: 166
Over-extended: 4
Invalid price skipped: 0
Rows purged >7d: 0

TOP ABSOLUTE 24H MOVERS
SYMBOL                  24H    ELIG    SCAN  STATUS
------------------------------------------------------------------------
GPSUSDT             +42.98%       N       Y  OVER_EXTENDED
BTWUSDT             +32.54%       N       N  OVER_EXTENDED
TUTUSDT             +32.30%       N       N  OVER_EXTENDED
AIOUSDT             +26.91%       N       Y  OVER_EXTENDED
MUBARAKUSDT         +19.36%       Y       N  ELIGIBLE_NOT_SELECTED
ACEUSDT             +19.12%       Y       N  ELIGIBLE_NOT_SELECTED
SKYAIUSDT           +19.02%       Y       N  ELIGIBLE_NOT_SELECTED
NILUSDT             +15.31%       Y       Y  DEEP_SCAN_SELECTED
ACUUSDT             -14.94%       Y       Y  DEEP_SCAN_SELECTED
USUSDT              +14.63%       Y       Y  DEEP_SCAN_SELECTED
DOSUSDT             -11.99%       Y       Y  DEEP_SCAN_SELECTED
EVAAUSDT            +11.89%       Y       Y  DEEP_SCAN_SELECTED
ONGUSDT             +11.70%       Y       Y  DEEP_SCAN_SELECTED
ALICEUSDT           +11.38%       Y       Y  DEEP_SCAN_SELECTED
COWUSDT             -10.90%       Y       Y  DEEP_SCAN_SELECTED

IMPORTANT: V7.9 IS MEASUREMENT/AUDIT ONLY.
Same-hour reruns do not overwrite the first stored universe snapshot.
Raw universe evidence is retained for 7 days.
No trade permission was generated.

V7.9 FULL-UNIVERSE LEDGER: PASS
