
==============================================================================================================================
ALPHA HUNTER V7.9 MISSED-MOVER RECALL AUDITOR — SHADOW
==============================================================================================================================
Universe ledger rows loaded: 13573
Symbols with ledger history: 755
Audit rows: 85
Supabase rows upserted: 85

SYMBOL               MOVE    THR              QUAL         STAGE  REASON
------------------------------------------------------------------------------------------------------------------------------
GPSUSDT           +42.98%     5%   PARTIAL_6H_PLUS          DATA  INSUFFICIENT_LEDGER_HISTORY
GPSUSDT           +42.98%    10%   PARTIAL_6H_PLUS          DATA  INSUFFICIENT_LEDGER_HISTORY
GPSUSDT           +42.98%    20%   PARTIAL_6H_PLUS          DATA  INSUFFICIENT_LEDGER_HISTORY
BTWUSDT           +32.54%     5%   PARTIAL_6H_PLUS          DATA  INSUFFICIENT_LEDGER_HISTORY
BTWUSDT           +32.54%    10%   PARTIAL_6H_PLUS          DATA  INSUFFICIENT_LEDGER_HISTORY
BTWUSDT           +32.54%    20%   PARTIAL_6H_PLUS          DATA  INSUFFICIENT_LEDGER_HISTORY
TUTUSDT           +32.30%     5%   PARTIAL_6H_PLUS          DATA  INSUFFICIENT_LEDGER_HISTORY
TUTUSDT           +32.30%    10%   PARTIAL_6H_PLUS          DATA  INSUFFICIENT_LEDGER_HISTORY
TUTUSDT           +32.30%    20%   PARTIAL_6H_PLUS          DATA  INSUFFICIENT_LEDGER_HISTORY
AIOUSDT           +26.91%     5%   PARTIAL_6H_PLUS          DATA  INSUFFICIENT_LEDGER_HISTORY
AIOUSDT           +26.91%    10%   PARTIAL_6H_PLUS          DATA  INSUFFICIENT_LEDGER_HISTORY
AIOUSDT           +26.91%    20%   PARTIAL_6H_PLUS          DATA  INSUFFICIENT_LEDGER_HISTORY
MUBARAKUSDT       +19.36%     5%   PARTIAL_6H_PLUS          DATA  INSUFFICIENT_LEDGER_HISTORY
MUBARAKUSDT       +19.36%    10%   PARTIAL_6H_PLUS          DATA  INSUFFICIENT_LEDGER_HISTORY
ACEUSDT           +19.12%     5%   PARTIAL_6H_PLUS          DATA  INSUFFICIENT_LEDGER_HISTORY
ACEUSDT           +19.12%    10%   PARTIAL_6H_PLUS          DATA  INSUFFICIENT_LEDGER_HISTORY
SKYAIUSDT         +19.02%     5%   PARTIAL_6H_PLUS          DATA  INSUFFICIENT_LEDGER_HISTORY
SKYAIUSDT         +19.02%    10%   PARTIAL_6H_PLUS          DATA  INSUFFICIENT_LEDGER_HISTORY
NILUSDT           +15.31%     5%   PARTIAL_6H_PLUS          DATA  INSUFFICIENT_LEDGER_HISTORY
NILUSDT           +15.31%    10%   PARTIAL_6H_PLUS          DATA  INSUFFICIENT_LEDGER_HISTORY
ACUUSDT           -14.94%     5%   PARTIAL_6H_PLUS          DATA  INSUFFICIENT_LEDGER_HISTORY
ACUUSDT           -14.94%    10%   PARTIAL_6H_PLUS          DATA  INSUFFICIENT_LEDGER_HISTORY
USUSDT            +14.63%     5%   PARTIAL_6H_PLUS          DATA  INSUFFICIENT_LEDGER_HISTORY
USUSDT            +14.63%    10%   PARTIAL_6H_PLUS          DATA  INSUFFICIENT_LEDGER_HISTORY
DOSUSDT           -11.99%     5%   PARTIAL_6H_PLUS          DATA  INSUFFICIENT_LEDGER_HISTORY
DOSUSDT           -11.99%    10%   PARTIAL_6H_PLUS          DATA  INSUFFICIENT_LEDGER_HISTORY
EVAAUSDT          +11.89%     5%   PARTIAL_6H_PLUS          DATA  INSUFFICIENT_LEDGER_HISTORY
EVAAUSDT          +11.89%    10%   PARTIAL_6H_PLUS          DATA  INSUFFICIENT_LEDGER_HISTORY
ONGUSDT           +11.70%     5%   PARTIAL_6H_PLUS          DATA  INSUFFICIENT_LEDGER_HISTORY
ONGUSDT           +11.70%    10%   PARTIAL_6H_PLUS          DATA  INSUFFICIENT_LEDGER_HISTORY
ALICEUSDT         +11.38%     5%   PARTIAL_6H_PLUS          DATA  INSUFFICIENT_LEDGER_HISTORY
ALICEUSDT         +11.38%    10%   PARTIAL_6H_PLUS          DATA  INSUFFICIENT_LEDGER_HISTORY
COWUSDT           -10.90%     5%   PARTIAL_6H_PLUS          DATA  INSUFFICIENT_LEDGER_HISTORY
COWUSDT           -10.90%    10%   PARTIAL_6H_PLUS          DATA  INSUFFICIENT_LEDGER_HISTORY
VELVETUSDT        +10.88%     5%   PARTIAL_6H_PLUS          DATA  INSUFFICIENT_LEDGER_HISTORY
VELVETUSDT        +10.88%    10%   PARTIAL_6H_PLUS          DATA  INSUFFICIENT_LEDGER_HISTORY
ELSAUSDT          -10.38%     5%   PARTIAL_6H_PLUS          DATA  INSUFFICIENT_LEDGER_HISTORY
ELSAUSDT          -10.38%    10%   PARTIAL_6H_PLUS          DATA  INSUFFICIENT_LEDGER_HISTORY
CYSUSDT           -10.23%     5%   PARTIAL_6H_PLUS          DATA  INSUFFICIENT_LEDGER_HISTORY
CYSUSDT           -10.23%    10%   PARTIAL_6H_PLUS          DATA  INSUFFICIENT_LEDGER_HISTORY

Forward 24H complete audits: 0
Partial-history audits: 85

IMPORTANT: PARTIAL_HISTORY rows are evidence collection only.
Do not tune Alpha Hunter from partial-history failure labels.
No trade permission was generated.

V7.9 MISSED-MOVER RECALL AUDITOR: PASS
