
ALPHA HUNTER V7.1 — 2026-08-21T06:53:30.467227+00:00

Universe: 30 deep-scanned of 759 contracts
Eligible after prefilter: 372
Non-crypto rejected: 294

SYMBOL                  PHASE    TIME   BEHAV                     STATE      RR   DISC  TRADE
---------------------------------------------------------------------------------------------
GPSUSDT           COMPRESSION   EARLY    5.69                   NEUTRAL       —    YES     NO
EIGENUSDT      DISTRIBUTION_RISK    FAIR    5.43   DIRECTION_EMERGING_LONG    0.08     NO     NO
SOLUSDT          ACCUMULATION   EARLY    5.28                WATCH_LONG       —    YES     NO
SUIUSDT        DISTRIBUTION_RISK    FAIR    5.23   DIRECTION_EMERGING_LONG    0.07     NO     NO
ETHUSDT           COMPRESSION    FAIR    5.18   DIRECTION_EMERGING_LONG    0.04    YES     NO
INJUSDT           COMPRESSION   EARLY    5.15   DIRECTION_EMERGING_LONG    0.07    YES     NO
LDOUSDT           COMPRESSION   EARLY    5.05                WATCH_LONG       —    YES     NO
ORDIUSDT         ACCUMULATION    FAIR    4.96                WATCH_LONG       —     NO     NO
TRUMPUSDT         COMPRESSION    FAIR    4.95   DIRECTION_EMERGING_LONG    0.55     NO     NO
XRPUSDT          ACCUMULATION    LATE    4.84                WATCH_LONG       —     NO     NO
WLFIUSDT          COMPRESSION   EARLY    4.80               WATCH_SHORT       —     NO     NO
TURBOUSDT        ACCUMULATION    FAIR    4.78                WATCH_LONG       —     NO     NO
BRETTUSDT        ACCUMULATION    LATE    4.67                WATCH_LONG       —     NO     NO
SPXUSDT          ACCUMULATION    LATE    4.62                WATCH_LONG       —     NO     NO
HYPEUSDT          COMPRESSION    FAIR    4.57                   NEUTRAL       —     NO     NO
GWEIUSDT         ACCUMULATION    FAIR    4.53                WATCH_LONG       —     NO     NO
ASTERUSDT         COMPRESSION   EARLY    4.50   DIRECTION_EMERGING_LONG    0.09     NO     NO
DOGEUSDT         ACCUMULATION    FAIR    4.47   DIRECTION_EMERGING_LONG    0.06     NO     NO
XMRUSDT           COMPRESSION   EARLY    4.23                   NEUTRAL       —     NO     NO
ZECUSDT        DISTRIBUTION_RISK   EARLY    4.12   DIRECTION_EMERGING_LONG    0.19     NO     NO
BEATUSDT            EXPANSION    FAIR    4.12               WATCH_SHORT       —     NO     NO
MAGMAUSDT           EXPANSION    LATE    4.05                   NEUTRAL       —     NO     NO
BTCUSDT          ACCUMULATION   EARLY    3.91                WATCH_LONG       —     NO     NO
XPLUSDT          ACCUMULATION    FAIR    3.90                WATCH_LONG       —     NO     NO
TRXUSDT           COMPRESSION   EARLY    3.73                   NEUTRAL       —     NO     NO
GOATUSDT         ACCUMULATION    FAIR    3.54                WATCH_LONG       —     NO     NO
YBUSDT           ACCUMULATION    FAIR    3.49                   NEUTRAL       —     NO     NO
KAITOUSDT        ACCUMULATION   EARLY    3.20               WATCH_SHORT       —     NO     NO
BLESSUSDT        ACCUMULATION   EARLY    2.82                   NEUTRAL       —     NO     NO
LABUSDT          ACCUMULATION   EARLY    2.41                   NEUTRAL       —     NO     NO

V7.4 PRE-MOVE SURVEILLANCE
Eligible: 8 | Primary: 5 | Reserve: 3

PRIMARY
 1 WLFIUSDT       REVERSAL       11.68 state=WATCH_SHORT
 2 ORDIUSDT       CONTINUATION   11.62 state=WATCH_LONG
 3 MAGMAUSDT      REVERSAL       10.51 state=NEUTRAL
 4 LDOUSDT        CONTINUATION   10.00 state=WATCH_LONG
 5 TRUMPUSDT      CONTINUATION   10.00 state=DIRECTION_EMERGING_LONG

RESERVE
 6 HYPEUSDT       CONTINUATION   10.00 state=NEUTRAL
 7 INJUSDT        CONTINUATION    9.00 state=DIRECTION_EMERGING_LONG
 8 TRXUSDT        CONTINUATION    8.84 state=NEUTRAL

Run ID: 4db55ff3d9a4ab20bf7395fdb552627f
Snapshot saved: /home/runner/work/Alpha-Hunter/Alpha-Hunter/data/snapshots/snapshot-20260821T065330Z.json
State history: /home/runner/work/Alpha-Hunter/Alpha-Hunter/data/state-history.jsonl
Supabase: SAVED
Qualified discovery candidates: 5
EARLY candidates: 4
V7 Trade Ready: 0
Bitget private API: NOT_CONFIGURED
