
======================================================================================================================
ALPHA HUNTER V7.9 FULL-UNIVERSE HOURLY LEDGER — SHADOW
======================================================================================================================
Observed: 2026-08-21T06:53:33.074929+00:00
Hour bucket: 2026-08-21T06:00:00+00:00
Contract tickers: 759
Rows attempted: 759
Deep-scan selected: 30
Selection snapshot: 2026-08-21T06:53:30.467227+00:00
Selection run ID: 4db55ff3d9a4ab20bf7395fdb552627f
Prefilter eligible: 371
Eligible not selected: 341
Non-crypto: 294
Low liquidity: 87
Over-extended: 7
Invalid price skipped: 0
Rows purged >7d: 0

TOP ABSOLUTE 24H MOVERS
SYMBOL                  24H    ELIG    SCAN  STATUS
------------------------------------------------------------------------
ONGUSDT             +81.04%       N       N  OVER_EXTENDED
NEIROCTOUSDT        +48.96%       N       N  OVER_EXTENDED
ACEUSDT             +41.94%       N       N  OVER_EXTENDED
ENAUSDT             +39.94%       N       N  OVER_EXTENDED
PEOPLEUSDT          +35.72%       N       N  OVER_EXTENDED
BTWUSDT             +35.23%       N       N  OVER_EXTENDED
PROMUSDT            +25.72%       N       N  OVER_EXTENDED
ONTUSDT             +24.84%       Y       N  ELIGIBLE_NOT_SELECTED
BOMEUSDT            +23.34%       Y       N  ELIGIBLE_NOT_SELECTED
PUMPUSDT            +22.22%       Y       N  ELIGIBLE_NOT_SELECTED
FORMUSDT            +19.74%       Y       N  ELIGIBLE_NOT_SELECTED
XPINUSDT            +19.50%       Y       N  ELIGIBLE_NOT_SELECTED
CROSSUSDT           +19.47%       Y       N  ELIGIBLE_NOT_SELECTED
USELESSUSDT         +18.58%       Y       N  ELIGIBLE_NOT_SELECTED
CRVUSDT             +17.66%       Y       N  ELIGIBLE_NOT_SELECTED

IMPORTANT: V7.9 IS MEASUREMENT/AUDIT ONLY.
Same-hour reruns do not overwrite the first stored universe snapshot.
Raw universe evidence is retained for 7 days.
No trade permission was generated.

V7.9 FULL-UNIVERSE LEDGER: PASS
