V7.4 HOURLY PERFORMANCE TRACKER
Run ID: 5b31cf9d6dba8b8842424916019b1c97

V7.4.1 SHADOW REVERSAL
 SH SYMBOL           V74     OLD   SHADOW
--------------------------------------------------
  1 SANTOSUSDT         1   12.92     9.04
PERFORMANCE SIGNALS SAVED: 30
FEATURE ROWS SAVED: 30
V7.4 OUTCOMES 1H: saved=13 failed=0
V7.4 OUTCOMES 4H: saved=5 failed=0
V7.4 OUTCOMES 12H: saved=14 failed=0
V7.4 OUTCOMES 24H: saved=18 failed=0
OUTCOME EVALUATION COMPLETE: saved=50 failed=0

==========================================================================================
V7.4 CURRENT SURVEILLANCE COHORT
==========================================================================================
RANK SYMBOL         TIER      PATH            SCORE STATE
------------------------------------------------------------------------------------------
   1 SANTOSUSDT     PRIMARY   REVERSAL        12.92 NEUTRAL
   2 TRXUSDT        PRIMARY   CONTINUATION     8.91 WATCH_LONG

================================================================================================================================
V7.4 FORWARD PERFORMANCE — RAW PRICE EXPANSION
================================================================================================================================

PRIMARY / RESERVE + PATH
  H TIER      PATH              N    POS%   AVG RAW   AVG ABS    EXP3%    EXP5%   EXP10%    UP5%    DN5%
--------------------------------------------------------------------------------------------------------------------------------
  1 PRIMARY   CONTINUATION     94   73.4%    0.893%    1.427%    11.7%     5.3%     0.0%    3.2%    2.1%
  1 PRIMARY   REVERSAL         59   62.7%    0.718%    1.197%     8.5%     1.7%     0.0%    1.7%    0.0%
  1 RESERVE   CONTINUATION     39   79.5%    0.916%    1.374%    12.8%     5.1%     0.0%    2.6%    2.6%
  1 RESERVE   REVERSAL          5   80.0%    1.656%    1.762%    40.0%     0.0%     0.0%    0.0%    0.0%
  4 PRIMARY   CONTINUATION     81   88.9%    3.110%    3.596%    42.0%    29.6%     4.9%   25.9%    3.7%
  4 PRIMARY   REVERSAL         42   81.0%    2.797%    3.126%    31.0%    19.0%     9.5%   19.0%    0.0%
  4 RESERVE   CONTINUATION     36   86.1%    3.441%    3.836%    58.3%    27.8%     8.3%   25.0%    2.8%
  4 RESERVE   REVERSAL          4  100.0%    1.473%    1.473%     0.0%     0.0%     0.0%    0.0%    0.0%
 12 PRIMARY   CONTINUATION     42   95.2%    8.309%    8.469%    95.2%    88.1%    26.2%   88.1%    0.0%
 12 PRIMARY   REVERSAL         20   90.0%    4.905%    5.300%    45.0%    35.0%    15.0%   35.0%    0.0%
 12 RESERVE   CONTINUATION     25   96.0%    7.922%    8.047%    92.0%    84.0%    28.0%   84.0%    0.0%
 12 RESERVE   REVERSAL          3  100.0%    2.642%    2.642%     0.0%     0.0%     0.0%    0.0%    0.0%

RANK QUALITY
  H RANK BUCKET         N    POS%   AVG RAW   AVG ABS    EXP3%    EXP5%   EXP10%    UP5%    DN5%
----------------------------------------------------------------------------------------------------------------
  1 TOP_1_3            97   62.9%    0.713%    1.415%     9.3%     6.2%     0.0%    4.1%    2.1%
  1 TOP_4_5            56   80.4%    1.021%    1.206%    12.5%     0.0%     0.0%    0.0%    0.0%
  1 RESERVE_6_10       44   79.5%    1.000%    1.418%    15.9%     4.5%     0.0%    2.3%    2.3%
  4 TOP_1_3            76   84.2%    2.902%    3.440%    38.2%    23.7%     7.9%   21.1%    2.6%
  4 TOP_4_5            47   89.4%    3.166%    3.429%    38.3%    29.8%     4.3%   27.7%    2.1%
  4 RESERVE_6_10       40   87.5%    3.244%    3.600%    52.5%    25.0%     7.5%   22.5%    2.5%
 12 TOP_1_3            37   91.9%    6.431%    6.745%    67.6%    59.5%    16.2%   59.5%    0.0%
 12 TOP_4_5            25   96.0%    8.364%    8.485%    96.0%    88.0%    32.0%   88.0%    0.0%
 12 RESERVE_6_10       28   96.4%    7.356%    7.468%    82.1%    75.0%    25.0%   75.0%    0.0%

Metric definitions:
AVG RAW = average raw market return from detection price.
AVG ABS = average absolute price movement regardless of direction.
EXP3/5/10 = percentage of candidates moving at least 3% / 5% / 10% in either direction.
UP5 = raw upside move >= +5%; DN5 = raw downside move <= -5%.
No V7.4 trade-direction assumption is used in these metrics.

V7.4 TRACKING JOB: PASS
