V7.5 state restored from Supabase: 264

ALPHA HUNTER V7.5 OPPORTUNITY LIFECYCLE
Run ID: 5b31cf9d6dba8b8842424916019b1c97
Timestamp: 2026-08-21T17:33:16.761473+00:00
Lifecycle candidates: 2

UPDATE TRXUSDT        CONTINUATION  state=DIRECTION_EMERGING   det=3   v74= 8.91 rank=4 shadow= 0.00 provisional=ACTIVE final=PENDING
UPDATE SANTOSUSDT     REVERSAL      state=PRE_MOVE_DETECTED    det=2   v74=11.36 rank=1 shadow=10.39 provisional=ACTIVE final=PENDING

Supabase lifecycle rows upserted: 264
Supabase lifecycle row count: 264

====================================================================================================
V7.5 LIFECYCLE SUMMARY
====================================================================================================
Episodes stored: 264
Created this run: 0
Updated this run: 2
Active episodes: 264

STATE COUNTS
DIRECTION_EMERGING       27
EXPANSION                3
FINALIZED                171
PRE_MOVE_DETECTED        63

State file: /home/runner/work/Alpha-Hunter/Alpha-Hunter/data/v75-lifecycle-episodes.json
History file: /home/runner/work/Alpha-Hunter/Alpha-Hunter/data/v75-lifecycle-history.jsonl

V7.5 LIFECYCLE JOB: PASS
