
==============================================================================================================
ALPHA HUNTER V7.5 INDEPENDENT EPISODE MARKET TRACKER
==============================================================================================================
Episodes stored: 264
Active episodes: 93

ADAUSDT        REVERSAL      now=   10.77% UP=   12.04% DOWN=  -12.70% 3=Y 5=Y 10=Y checks=47
DOGEUSDT       CONTINUATION  now=   20.09% UP=   20.55% DOWN=   -2.32% 3=Y 5=Y 10=Y checks=47
SKYAIUSDT      REVERSAL      now=  -25.96% UP=    0.00% DOWN=  -48.62% 3=Y 5=Y 10=Y checks=47
SOLUSDT        CONTINUATION  now=   19.02% UP=   19.35% DOWN=   -4.13% 3=Y 5=Y 10=Y checks=47
SUIUSDT        CONTINUATION  now=   15.28% UP=   17.38% DOWN=   -7.26% 3=Y 5=Y 10=Y checks=47
COOKIEUSDT     CONTINUATION  now=   -7.07% UP=    0.00% DOWN=  -18.26% 3=Y 5=Y 10=Y checks=47
BTWUSDT        CONTINUATION  now=  128.45% UP=  138.14% DOWN=    0.00% 3=Y 5=Y 10=Y checks=47
CYSUSDT        CONTINUATION  now=  -46.95% UP=   78.38% DOWN=  -50.85% 3=Y 5=Y 10=Y checks=47
GWEIUSDT       REVERSAL      now=   13.13% UP=   18.04% DOWN=   -2.98% 3=Y 5=Y 10=Y checks=47
BICOUSDT       REVERSAL      now=  -54.52% UP=    0.00% DOWN=  -61.82% 3=Y 5=Y 10=Y checks=47
SUIUSDT        CONTINUATION  now=   16.69% UP=   18.78% DOWN=   -6.16% 3=Y 5=Y 10=Y checks=47
MMTUSDT        REVERSAL      now=   -8.45% UP=    0.00% DOWN=  -17.89% 3=Y 5=Y 10=Y checks=47
IOTXUSDT       REVERSAL      now=    5.46% UP=    5.71% DOWN=  -11.34% 3=Y 5=Y 10=Y checks=47
FORMUSDT       REVERSAL      now=   26.58% UP=   30.08% DOWN=   -7.88% 3=Y 5=Y 10=Y checks=47
JTOUSDT        REVERSAL      now=   10.66% UP=   13.50% DOWN=   -0.43% 3=Y 5=Y 10=Y checks=47
4USDT          REVERSAL      now=   -3.63% UP=    0.00% DOWN=  -22.21% 3=Y 5=Y 10=Y checks=47
MUBARAKUSDT    REVERSAL      now=    5.86% UP=    7.97% DOWN=  -24.10% 3=Y 5=Y 10=Y checks=47
PUMPUSDT       REVERSAL      now=   40.90% UP=   50.49% DOWN=   -5.65% 3=Y 5=Y 10=Y checks=47
HYPEUSDT       REVERSAL      now=   34.06% UP=   38.64% DOWN=   -0.62% 3=Y 5=Y 10=Y checks=47
ACUUSDT        REVERSAL      now=    8.88% UP=   16.62% DOWN=   -4.40% 3=Y 5=Y 10=Y checks=47
BTWUSDT        CONTINUATION  now=   53.08% UP=   59.69% DOWN=  -10.16% 3=Y 5=Y 10=Y checks=47
AEONUSDT       CONTINUATION  now=    4.59% UP=   28.99% DOWN=   -6.91% 3=Y 5=Y 10=Y checks=47
LINKUSDT       CONTINUATION  now=   21.61% UP=   25.07% DOWN=    0.00% 3=Y 5=Y 10=Y checks=32
OUSDT          CONTINUATION  now=    3.06% UP=    3.92% DOWN=   -6.18% 3=Y 5=Y 10=- checks=32
HYPEUSDT       REVERSAL      now=   28.46% UP=   32.86% DOWN=   -1.10% 3=Y 5=Y 10=Y checks=32
ZECUSDT        REVERSAL      now=   33.72% UP=   35.46% DOWN=   -0.72% 3=Y 5=Y 10=Y checks=32
1000RATSUSDT   REVERSAL      now=   -2.61% UP=    9.83% DOWN=   -4.96% 3=Y 5=Y 10=- checks=27
ETHUSDT        CONTINUATION  now=   25.92% UP=   27.50% DOWN=   -0.01% 3=Y 5=Y 10=Y checks=27
BTCUSDT        CONTINUATION  now=   20.35% UP=   23.41% DOWN=   -0.08% 3=Y 5=Y 10=Y checks=27
AEONUSDT       REVERSAL      now=   -6.81% UP=    5.43% DOWN=  -13.04% 3=Y 5=Y 10=Y checks=27
REDUSDT        REVERSAL      now=   49.04% UP=   60.05% DOWN=   -1.25% 3=Y 5=Y 10=Y checks=27
SOLUSDT        CONTINUATION  now=   18.53% UP=   20.51% DOWN=   -0.19% 3=Y 5=Y 10=Y checks=27
UNIUSDT        CONTINUATION  now=    8.34% UP=    9.54% DOWN=    0.00% 3=Y 5=Y 10=- checks=5
LAUSDT         CONTINUATION  now=    8.77% UP=   13.15% DOWN=    0.00% 3=Y 5=Y 10=Y checks=5
ZROUSDT        REVERSAL      now=   20.09% UP=   22.59% DOWN=   -0.44% 3=Y 5=Y 10=Y checks=5
NEARUSDT       CONTINUATION  now=    8.51% UP=   10.37% DOWN=   -1.95% 3=Y 5=Y 10=Y checks=5
ONDOUSDT       CONTINUATION  now=    9.67% UP=   14.25% DOWN=   -2.64% 3=Y 5=Y 10=Y checks=14
LITUSDT        CONTINUATION  now=    7.76% UP=    7.76% DOWN=   -7.55% 3=Y 5=Y 10=- checks=14
OPUSDT         CONTINUATION  now=    7.68% UP=    9.34% DOWN=   -3.53% 3=Y 5=Y 10=- checks=13
BTWUSDT        REVERSAL      now=   17.87% UP=   32.94% DOWN=   -2.37% 3=Y 5=Y 10=Y checks=13
WLFIUSDT       REVERSAL      now=    0.89% UP=    3.31% DOWN=   -3.33% 3=Y 5=- 10=- checks=12
LDOUSDT        CONTINUATION  now=    7.58% UP=   10.42% DOWN=   -0.18% 3=Y 5=Y 10=Y checks=12
WLDUSDT        CONTINUATION  now=    7.42% UP=   10.44% DOWN=   -0.44% 3=Y 5=Y 10=Y checks=12
TREEUSDT       REVERSAL      now=    7.93% UP=    8.98% DOWN=   -1.80% 3=Y 5=Y 10=- checks=12
NEARUSDT       REVERSAL      now=    9.54% UP=   12.48% DOWN=   -0.02% 3=Y 5=Y 10=Y checks=12
LITUSDT        REVERSAL      now=   14.29% UP=   14.29% DOWN=   -1.95% 3=Y 5=Y 10=Y checks=12
XMRUSDT        REVERSAL      now=   -0.46% UP=    2.88% DOWN=   -0.82% 3=- 5=- 10=- checks=12
ZECUSDT        CONTINUATION  now=   17.93% UP=   19.52% DOWN=   -0.15% 3=Y 5=Y 10=Y checks=4
WLDUSDT        CONTINUATION  now=    7.25% UP=   10.32% DOWN=   -0.08% 3=Y 5=Y 10=Y checks=4
LINKUSDT       CONTINUATION  now=    9.19% UP=    9.88% DOWN=   -0.11% 3=Y 5=Y 10=- checks=4
TREEUSDT       REVERSAL      now=    9.44% UP=   10.51% DOWN=    0.00% 3=Y 5=Y 10=Y checks=4
VVVUSDT        REVERSAL      now=    6.54% UP=    8.95% DOWN=    0.00% 3=Y 5=Y 10=- checks=4
UNIUSDT        CONTINUATION  now=    6.83% UP=    8.07% DOWN=    0.00% 3=Y 5=Y 10=- checks=4
TRUMPUSDT      CONTINUATION  now=   11.50% UP=   18.72% DOWN=   -0.24% 3=Y 5=Y 10=Y checks=4
NEARUSDT       CONTINUATION  now=    8.72% UP=   10.56% DOWN=   -0.11% 3=Y 5=Y 10=Y checks=4
LUMIAUSDT      CONTINUATION  now=    6.95% UP=    7.95% DOWN=    0.00% 3=Y 5=Y 10=- checks=4
ONDOUSDT       REVERSAL      now=   11.01% UP=   15.65% DOWN=   -0.09% 3=Y 5=Y 10=Y checks=4
AAVEUSDT       CONTINUATION  now=   12.88% UP=   14.39% DOWN=   -0.48% 3=Y 5=Y 10=Y checks=11
RENDERUSDT     CONTINUATION  now=    6.00% UP=    8.24% DOWN=   -0.16% 3=Y 5=Y 10=- checks=10
INJUSDT        CONTINUATION  now=    4.41% UP=    6.67% DOWN=   -0.27% 3=Y 5=Y 10=- checks=10
BTWUSDT        REVERSAL      now=   12.82% UP=   27.47% DOWN=   -2.82% 3=Y 5=Y 10=Y checks=10
MAGMAUSDT      CONTINUATION  now=   11.67% UP=   22.44% DOWN=   -0.21% 3=Y 5=Y 10=Y checks=10
TRUMPUSDT      REVERSAL      now=   12.86% UP=   20.17% DOWN=   -0.18% 3=Y 5=Y 10=Y checks=9
LDOUSDT        CONTINUATION  now=    6.27% UP=    9.08% DOWN=   -0.06% 3=Y 5=Y 10=- checks=9
MONUSDT        CONTINUATION  now=    6.21% UP=    9.06% DOWN=   -0.99% 3=Y 5=Y 10=- checks=9
HYPEUSDT       CONTINUATION  now=    3.79% UP=    7.28% DOWN=   -1.93% 3=Y 5=Y 10=- checks=9
USELESSUSDT    CONTINUATION  now=   27.39% UP=   28.48% DOWN=   -0.47% 3=Y 5=Y 10=Y checks=9
REUSDT         CONTINUATION  now=   -1.54% UP=    5.20% DOWN=   -9.86% 3=Y 5=Y 10=- checks=8
XMRUSDT        REVERSAL      now=   -2.26% UP=    0.47% DOWN=   -2.62% 3=- 5=- 10=- checks=8
ONDOUSDT       CONTINUATION  now=    6.73% UP=   11.25% DOWN=   -0.74% 3=Y 5=Y 10=Y checks=8
TRUMPUSDT      CONTINUATION  now=   10.90% UP=   18.08% DOWN=   -0.24% 3=Y 5=Y 10=Y checks=8
INJUSDT        CONTINUATION  now=    4.08% UP=    6.33% DOWN=   -0.11% 3=Y 5=Y 10=- checks=8
MAGMAUSDT      CONTINUATION  now=    8.91% UP=   19.42% DOWN=   -2.40% 3=Y 5=Y 10=Y checks=7
AAVEUSDT       CONTINUATION  now=   11.15% UP=   12.63% DOWN=   -0.33% 3=Y 5=Y 10=Y checks=7
BRETTUSDT      CONTINUATION  now=   10.39% UP=   13.36% DOWN=   -0.02% 3=Y 5=Y 10=Y checks=7
INJUSDT        CONTINUATION  now=   -0.76% UP=    1.38% DOWN=   -3.13% 3=Y 5=- 10=- checks=6
1000SATSUSDT   CONTINUATION  now=   -0.16% UP=    2.80% DOWN=   -4.67% 3=Y 5=- 10=- checks=6
ETHFIUSDT      CONTINUATION  now=    3.20% UP=    6.06% DOWN=   -4.21% 3=Y 5=Y 10=- checks=6
TRUMPUSDT      CONTINUATION  now=    5.41% UP=   12.24% DOWN=   -3.13% 3=Y 5=Y 10=Y checks=6
TRXUSDT        CONTINUATION  now=    0.10% UP=    0.65% DOWN=   -0.06% 3=- 5=- 10=- checks=6
LDOUSDT        CONTINUATION  now=    1.13% UP=    3.80% DOWN=   -1.52% 3=Y 5=- 10=- checks=6
WLFIUSDT       CONTINUATION  now=    1.02% UP=    3.45% DOWN=   -1.63% 3=Y 5=- 10=- checks=5
BIOUSDT        CONTINUATION  now=    0.37% UP=    1.84% DOWN=   -1.53% 3=- 5=- 10=- checks=5
XMRUSDT        REVERSAL      now=   -1.07% UP=    0.95% DOWN=   -1.22% 3=- 5=- 10=- checks=4
XMRUSDT        REVERSAL      now=   -1.82% UP=    0.00% DOWN=   -1.97% 3=- 5=- 10=- checks=3
MAGMAUSDT      CONTINUATION  now=    5.83% UP=   16.04% DOWN=    0.00% 3=Y 5=Y 10=Y checks=3
WLFIUSDT       CONTINUATION  now=    0.65% UP=    3.06% DOWN=   -1.83% 3=Y 5=- 10=- checks=3
TRXUSDT        CONTINUATION  now=   -0.08% UP=    0.11% DOWN=   -0.25% 3=- 5=- 10=- checks=3
ALLOUSDT       REVERSAL      now=   -0.90% UP=    0.35% DOWN=   -2.04% 3=- 5=- 10=- checks=3
TRXUSDT        CONTINUATION  now=   -0.01% UP=    0.18% DOWN=   -0.11% 3=- 5=- 10=- checks=3
WLFIUSDT       CONTINUATION  now=    0.70% UP=    3.11% DOWN=    0.00% 3=Y 5=- 10=- checks=3
SANTOSUSDT     REVERSAL      now=    1.47% UP=    1.96% DOWN=   -0.31% 3=- 5=- 10=- checks=3
REUSDT         REVERSAL      now=   -0.21% UP=    2.67% DOWN=   -0.94% 3=- 5=- 10=- checks=2

==============================================================================================================
TRACKER SUMMARY
==============================================================================================================
Checked: 93
Failed: 0
Supabase rows upserted: 264
3% episodes: 222
5% episodes: 204
10% episodes: 148

V7.5 EPISODE MARKET TRACKER: PASS
