
==============================================================================================================
ALPHA HUNTER V7.5 24H EPISODE FINALIZER
==============================================================================================================
SKIP   ADAUSDT        quality=LEGACY_PARTIAL    age= 288.72H
SKIP   DOGEUSDT       quality=LEGACY_PARTIAL    age= 288.72H
SKIP   SKYAIUSDT      quality=LEGACY_PARTIAL    age= 288.72H
SKIP   SOLUSDT        quality=LEGACY_PARTIAL    age= 288.72H
SKIP   SUIUSDT        quality=LEGACY_PARTIAL    age= 288.72H
SKIP   COOKIEUSDT     quality=LEGACY_PARTIAL    age= 288.72H
SKIP   BTWUSDT        quality=LEGACY_PARTIAL    age= 288.72H
SKIP   CYSUSDT        quality=LEGACY_PARTIAL    age= 288.72H
SKIP   GWEIUSDT       quality=LEGACY_PARTIAL    age= 282.56H
SKIP   BICOUSDT       quality=LEGACY_PARTIAL    age= 282.56H
SKIP   SUIUSDT        quality=LEGACY_PARTIAL    age= 282.56H
SKIP   MMTUSDT        quality=LEGACY_PARTIAL    age= 282.56H
SKIP   IOTXUSDT       quality=LEGACY_PARTIAL    age= 282.56H
SKIP   FORMUSDT       quality=LEGACY_PARTIAL    age= 165.31H
SKIP   JTOUSDT        quality=LEGACY_PARTIAL    age= 165.31H
SKIP   4USDT          quality=LEGACY_PARTIAL    age= 165.31H
SKIP   MUBARAKUSDT    quality=LEGACY_PARTIAL    age= 165.31H
SKIP   PUMPUSDT       quality=LEGACY_PARTIAL    age= 164.25H
SKIP   HYPEUSDT       quality=LEGACY_PARTIAL    age= 155.45H
SKIP   ACUUSDT        quality=LEGACY_PARTIAL    age= 155.45H
SKIP   BTWUSDT        quality=LEGACY_PARTIAL    age= 154.43H
SKIP   AEONUSDT       quality=LEGACY_PARTIAL    age= 154.43H
WAIT   LINKUSDT       age=   0.00H UP=   25.07% DOWN=    0.00%
WAIT   OUSDT          age=   0.00H UP=    3.92% DOWN=   -6.18%
WAIT   HYPEUSDT       age=   0.00H UP=   32.86% DOWN=   -1.10%
WAIT   ZECUSDT        age=   0.00H UP=   35.46% DOWN=   -0.72%
WAIT   1000RATSUSDT   age=   0.00H UP=    9.83% DOWN=   -4.96%
WAIT   ETHUSDT        age=   0.00H UP=   27.50% DOWN=   -0.01%
WAIT   BTCUSDT        age=   0.00H UP=   23.41% DOWN=   -0.08%
WAIT   AEONUSDT       age=   0.00H UP=    5.43% DOWN=  -13.04%
WAIT   REDUSDT        age=   0.00H UP=   60.05% DOWN=   -1.25%
WAIT   SOLUSDT        age=   0.00H UP=   20.51% DOWN=   -0.19%
FINAL  UNIUSDT        direction=UP    UP=    9.54% DOWN=    0.00% class=MAJOR_EXPANSION_UP
FINAL  LAUSDT         direction=UP    UP=   13.15% DOWN=    0.00% class=HUGE_EXPANSION_UP
FINAL  ZROUSDT        direction=UP    UP=   22.59% DOWN=   -0.44% class=HUGE_EXPANSION_UP
FINAL  NEARUSDT       direction=UP    UP=   10.37% DOWN=   -1.95% class=HUGE_EXPANSION_UP
FINAL  ONDOUSDT       direction=UP    UP=   14.25% DOWN=   -2.64% class=HUGE_EXPANSION_UP
FINAL  LITUSDT        direction=UP    UP=    7.76% DOWN=   -7.55% class=MAJOR_EXPANSION_UP
FINAL  OPUSDT         direction=UP    UP=    9.34% DOWN=   -3.53% class=MAJOR_EXPANSION_UP
FINAL  BTWUSDT        direction=UP    UP=   32.94% DOWN=   -2.37% class=HUGE_EXPANSION_UP
WAIT   WLFIUSDT       age=  21.03H UP=    3.31% DOWN=   -3.33%
WAIT   LDOUSDT        age=  21.03H UP=   10.42% DOWN=   -0.18%
WAIT   WLDUSDT        age=  21.03H UP=   10.44% DOWN=   -0.44%
WAIT   TREEUSDT       age=  21.03H UP=    8.98% DOWN=   -1.80%
WAIT   NEARUSDT       age=  21.03H UP=   12.48% DOWN=   -0.02%
WAIT   LITUSDT        age=  21.03H UP=   14.29% DOWN=   -1.95%
WAIT   XMRUSDT        age=  21.03H UP=    2.88% DOWN=   -0.82%
WAIT   ZECUSDT        age=  19.94H UP=   19.52% DOWN=   -0.15%
WAIT   WLDUSDT        age=  19.94H UP=   10.32% DOWN=   -0.08%
WAIT   LINKUSDT       age=  19.94H UP=    9.88% DOWN=   -0.11%
WAIT   TREEUSDT       age=  19.94H UP=   10.51% DOWN=    0.00%
WAIT   VVVUSDT        age=  19.94H UP=    8.95% DOWN=    0.00%
WAIT   UNIUSDT        age=  19.94H UP=    8.07% DOWN=    0.00%
WAIT   TRUMPUSDT      age=  19.94H UP=   18.72% DOWN=   -0.24%
WAIT   NEARUSDT       age=  19.94H UP=   10.56% DOWN=   -0.11%
WAIT   LUMIAUSDT      age=  19.94H UP=    7.95% DOWN=    0.00%
WAIT   ONDOUSDT       age=  19.94H UP=   15.65% DOWN=   -0.09%
WAIT   AAVEUSDT       age=  18.09H UP=   14.39% DOWN=   -0.48%
WAIT   RENDERUSDT     age=  16.10H UP=    8.24% DOWN=   -0.16%
WAIT   INJUSDT        age=  16.10H UP=    6.67% DOWN=   -0.27%
WAIT   BTWUSDT        age=  16.10H UP=   27.47% DOWN=   -2.82%
WAIT   MAGMAUSDT      age=  16.10H UP=   22.44% DOWN=   -0.21%
WAIT   TRUMPUSDT      age=  14.46H UP=   20.17% DOWN=   -0.18%
WAIT   LDOUSDT        age=  14.46H UP=    9.08% DOWN=   -0.06%
WAIT   MONUSDT        age=  14.46H UP=    9.06% DOWN=   -0.99%
WAIT   HYPEUSDT       age=  14.46H UP=    7.28% DOWN=   -1.93%
WAIT   USELESSUSDT    age=  14.46H UP=   28.48% DOWN=   -0.47%
WAIT   REUSDT         age=  12.87H UP=    5.20% DOWN=   -9.86%
WAIT   XMRUSDT        age=  12.87H UP=    0.47% DOWN=   -2.62%
WAIT   ONDOUSDT       age=  12.87H UP=   11.25% DOWN=   -0.74%
WAIT   TRUMPUSDT      age=  12.87H UP=   18.08% DOWN=   -0.24%
WAIT   INJUSDT        age=  12.87H UP=    6.33% DOWN=   -0.11%
WAIT   MAGMAUSDT      age=  11.96H UP=   19.42% DOWN=   -2.40%
WAIT   AAVEUSDT       age=  11.96H UP=   12.63% DOWN=   -0.33%
WAIT   BRETTUSDT      age=  11.96H UP=   13.36% DOWN=   -0.02%
WAIT   INJUSDT        age=   8.82H UP=    1.38% DOWN=   -3.13%
WAIT   1000SATSUSDT   age=   8.82H UP=    2.80% DOWN=   -4.67%
WAIT   ETHFIUSDT      age=   8.82H UP=    6.06% DOWN=   -4.21%
WAIT   TRUMPUSDT      age=   8.82H UP=   12.24% DOWN=   -3.13%
WAIT   TRXUSDT        age=   8.82H UP=    0.65% DOWN=   -0.06%
WAIT   LDOUSDT        age=   8.82H UP=    3.80% DOWN=   -1.52%
WAIT   WLFIUSDT       age=   7.89H UP=    3.45% DOWN=   -1.63%
WAIT   BIOUSDT        age=   7.89H UP=    1.84% DOWN=   -1.53%
WAIT   XMRUSDT        age=   7.00H UP=    0.95% DOWN=   -1.22%
WAIT   XMRUSDT        age=   3.74H UP=    0.00% DOWN=   -1.97%
WAIT   MAGMAUSDT      age=   3.74H UP=   16.04% DOWN=    0.00%
WAIT   WLFIUSDT       age=   3.74H UP=    3.06% DOWN=   -1.83%
WAIT   TRXUSDT        age=   3.74H UP=    0.11% DOWN=   -0.25%
WAIT   ALLOUSDT       age=   2.24H UP=    0.35% DOWN=   -2.04%
WAIT   TRXUSDT        age=   2.24H UP=    0.18% DOWN=   -0.11%
WAIT   WLFIUSDT       age=   2.24H UP=    3.11% DOWN=    0.00%
WAIT   SANTOSUSDT     age=   2.24H UP=    1.96% DOWN=   -0.31%
WAIT   REUSDT         age=   1.11H UP=    2.67% DOWN=   -0.94%

==============================================================================================================
FINALIZER SUMMARY
==============================================================================================================
Episodes: 264
Finalized this run: 8
Waiting for 24H: 63
Legacy partial skipped: 22
Already finalized: 171
Supabase rows upserted: 264

V7.5 EPISODE FINALIZER: PASS
