
======================================================================================================================
ALPHA HUNTER V7.6 POST-CONFIRMATION OUTCOME TRACKER — SHADOW
======================================================================================================================
Confirmed outcome rows: 222
Created this run: 4

ZROUSDT        LONG   quality=FORWARD_COMPLETE now=  14.40% MFE=  15.93% MAE=  -0.10% lost=- done=-
LITUSDT        SHORT  quality=FORWARD_COMPLETE now= -15.54% MFE=   0.15% MAE= -16.46% lost=Y done=-
REUSDT         LONG   quality=FORWARD_COMPLETE now=  -5.07% MFE=   0.14% MAE= -13.23% lost=Y done=-
WLFIUSDT       LONG   quality=FORWARD_COMPLETE now=   1.27% MFE=   3.43% MAE=  -1.64% lost=Y done=-
BIOUSDT        LONG   quality=FORWARD_COMPLETE now=  -0.49% MFE=   0.96% MAE=  -2.38% lost=Y done=-
TRXUSDT        LONG   quality=FORWARD_COMPLETE now=  -0.44% MFE=   0.10% MAE=  -0.61% lost=Y done=-
XMRUSDT        SHORT  quality=FORWARD_COMPLETE now=   0.55% MFE=   0.71% MAE=  -1.47% lost=Y done=-
LDOUSDT        LONG   quality=FORWARD_COMPLETE now=  -0.36% MFE=   2.33% MAE=  -1.42% lost=Y done=-
AAVEUSDT       LONG   quality=FORWARD_COMPLETE now=  -0.21% MFE=   1.22% MAE=  -3.30% lost=- done=-
LITUSDT        SHORT  quality=FORWARD_COMPLETE now= -15.11% MFE=   0.27% MAE= -16.33% lost=Y done=-
LAUSDT         LONG   quality=FORWARD_COMPLETE now=   8.25% MFE=  12.42% MAE=  -2.30% lost=Y done=Y
LAUSDT         LONG   quality=FORWARD_COMPLETE now=   8.25% MFE=  12.42% MAE=  -2.30% lost=Y done=Y
NEARUSDT       LONG   quality=FORWARD_COMPLETE now=   6.79% MFE=   9.72% MAE=  -1.15% lost=Y done=-
TRUMPUSDT      LONG   quality=FORWARD_COMPLETE now=   8.46% MFE=  15.80% MAE=  -0.29% lost=Y done=-
USELESSUSDT    LONG   quality=FORWARD_COMPLETE now=  21.96% MFE=  22.56% MAE=  -0.76% lost=- done=-
LAUSDT         LONG   quality=FORWARD_COMPLETE now=   8.25% MFE=  12.42% MAE=  -2.30% lost=- done=Y
LAUSDT         LONG   quality=FORWARD_COMPLETE now=   8.25% MFE=  12.42% MAE=  -2.30% lost=- done=Y
ZROUSDT        LONG   quality=FORWARD_COMPLETE now=  17.39% MFE=  18.96% MAE=  -3.10% lost=Y done=-
UNIUSDT        LONG   quality=FORWARD_COMPLETE now=   4.01% MFE=   6.37% MAE=  -0.79% lost=Y done=-
MAGMAUSDT      LONG   quality=FORWARD_COMPLETE now=   7.80% MFE=  17.86% MAE=  -3.68% lost=Y done=-
TRUMPUSDT      LONG   quality=FORWARD_COMPLETE now=   8.46% MFE=  15.80% MAE=  -0.29% lost=Y done=-
ONDOUSDT       LONG   quality=FORWARD_COMPLETE now=   8.62% MFE=  13.36% MAE=  -3.40% lost=Y done=Y
TRUMPUSDT      LONG   quality=FORWARD_COMPLETE now=   8.78% MFE=  16.14% MAE=   0.00% lost=Y done=-
ZECUSDT        LONG   quality=FORWARD_COMPLETE now=  10.45% MFE=  12.39% MAE=  -1.39% lost=- done=-
RENDERUSDT     LONG   quality=FORWARD_COMPLETE now=   5.44% MFE=   7.59% MAE=  -0.31% lost=Y done=-
LDOUSDT        LONG   quality=FORWARD_COMPLETE now=   5.44% MFE=   8.35% MAE=  -0.76% lost=Y done=-
MAGMAUSDT      LONG   quality=FORWARD_COMPLETE now=  -1.09% MFE=   8.14% MAE=  -1.43% lost=Y done=-
ETHFIUSDT      LONG   quality=FORWARD_COMPLETE now=  -1.78% MFE=   0.98% MAE=  -2.73% lost=Y done=-
MAGMAUSDT      LONG   quality=FORWARD_COMPLETE now=  -1.42% MFE=   7.78% MAE=  -1.76% lost=Y done=-
VVVUSDT        LONG   quality=FORWARD_COMPLETE now=   6.03% MFE=  12.21% MAE=  -1.85% lost=Y done=Y
OPUSDT         LONG   quality=FORWARD_COMPLETE now=   6.14% MFE=   7.88% MAE=  -1.43% lost=Y done=-
LAUSDT         LONG   quality=FORWARD_COMPLETE now=   7.10% MFE=  11.23% MAE=  -3.34% lost=Y done=-
LAUSDT         LONG   quality=FORWARD_COMPLETE now=   8.25% MFE=  12.42% MAE=  -2.30% lost=- done=Y
XMRUSDT        LONG   quality=FORWARD_COMPLETE now=  -3.30% MFE=   0.47% MAE=  -3.77% lost=Y done=Y
LDOUSDT        LONG   quality=FORWARD_COMPLETE now=   4.94% MFE=   7.84% MAE=  -0.12% lost=Y done=-
VVVUSDT        LONG   quality=FORWARD_COMPLETE now=   6.03% MFE=  12.21% MAE=  -1.85% lost=- done=Y
LAUSDT         LONG   quality=FORWARD_COMPLETE now=   8.25% MFE=  12.42% MAE=  -2.30% lost=Y done=Y
INJUSDT        LONG   quality=FORWARD_COMPLETE now=   0.90% MFE=   3.16% MAE=  -1.00% lost=Y done=-
VVVUSDT        LONG   quality=FORWARD_COMPLETE now=   6.03% MFE=  12.21% MAE=  -1.85% lost=Y done=Y
WLFIUSDT       LONG   quality=FORWARD_COMPLETE now=   1.35% MFE=   2.62% MAE=  -3.14% lost=Y done=Y
XMRUSDT        LONG   quality=FORWARD_COMPLETE now=  -3.30% MFE=   0.47% MAE=  -3.77% lost=Y done=Y
NEARUSDT       LONG   quality=FORWARD_COMPLETE now=   6.96% MFE=  10.00% MAE=  -0.89% lost=Y done=-
TREEUSDT       LONG   quality=FORWARD_COMPLETE now=   5.42% MFE=   6.50% MAE=  -3.41% lost=Y done=-
1000RATSUSDT   SHORT  quality=FORWARD_COMPLETE now=   5.09% MFE=   5.97% MAE=  -2.06% lost=Y done=Y
ACUUSDT        SHORT  quality=FORWARD_COMPLETE now=  -4.06% MFE=   1.81% MAE=  -6.54% lost=Y done=Y
NEARUSDT       LONG   quality=FORWARD_COMPLETE now=   7.60% MFE=  10.65% MAE=  -2.78% lost=Y done=Y
POLUSDT        LONG   quality=FORWARD_COMPLETE now=   7.63% MFE=  12.77% MAE=  -4.41% lost=Y done=Y
WLDUSDT        LONG   quality=FORWARD_COMPLETE now=   5.84% MFE=   8.93% MAE=  -0.81% lost=Y done=-
LUMIAUSDT      LONG   quality=FORWARD_COMPLETE now=   5.33% MFE=   6.72% MAE=  -1.22% lost=- done=-
TRUMPUSDT      LONG   quality=FORWARD_COMPLETE now=   5.06% MFE=  12.17% MAE=  -1.19% lost=Y done=-
TREEUSDT       LONG   quality=FORWARD_COMPLETE now=   5.42% MFE=   6.50% MAE=  -3.41% lost=Y done=-
LINKUSDT       LONG   quality=FORWARD_COMPLETE now=   7.42% MFE=  10.60% MAE=  -0.05% lost=Y done=-
WLDUSDT        LONG   quality=FORWARD_COMPLETE now=   5.58% MFE=   8.67% MAE=  -1.05% lost=Y done=-
UNIUSDT        LONG   quality=FORWARD_COMPLETE now=   4.01% MFE=   6.37% MAE=  -0.79% lost=Y done=-
ONDOUSDT       LONG   quality=FORWARD_COMPLETE now=   8.29% MFE=  13.04% MAE=  -0.33% lost=Y done=-
AAVEUSDT       LONG   quality=FORWARD_COMPLETE now=  12.98% MFE=  14.60% MAE=  -0.21% lost=Y done=-
BRETTUSDT      LONG   quality=FORWARD_COMPLETE now=   4.08% MFE=   6.88% MAE=  -3.00% lost=- done=-
VVVUSDT        LONG   quality=FORWARD_COMPLETE now=  -4.81% MFE=   0.18% MAE=  -6.05% lost=Y done=-
BTWUSDT        LONG   quality=FORWARD_COMPLETE now=   4.90% MFE=  18.69% MAE=  -7.76% lost=Y done=-
BTWUSDT        LONG   quality=FORWARD_COMPLETE now=   4.94% MFE=  18.74% MAE=  -7.72% lost=Y done=-
HYPEUSDT       LONG   quality=FORWARD_COMPLETE now=  -0.66% MFE=   2.89% MAE=  -3.57% lost=Y done=-
MONUSDT        LONG   quality=FORWARD_COMPLETE now=  -1.83% MFE=   0.95% MAE=  -5.50% lost=Y done=-
ONDOUSDT       LONG   quality=FORWARD_COMPLETE now=   2.96% MFE=   7.51% MAE=  -2.86% lost=Y done=-
INJUSDT        LONG   quality=FORWARD_COMPLETE now=  -0.86% MFE=   1.40% MAE=  -3.11% lost=Y done=-
INJUSDT        LONG   quality=FORWARD_COMPLETE now=  -0.88% MFE=   1.38% MAE=  -3.13% lost=Y done=-
XMRUSDT        SHORT  quality=FORWARD_COMPLETE now=   0.56% MFE=   0.79% MAE=  -1.39% lost=Y done=-
1000SATSUSDT   LONG   quality=FORWARD_COMPLETE now=   1.34% MFE=   4.51% MAE=  -0.71% lost=- done=-
WLFIUSDT       LONG   quality=FORWARD_COMPLETE now=  -0.75% MFE=   1.37% MAE=  -1.55% lost=- done=-
XMRUSDT        SHORT  quality=FORWARD_COMPLETE now=  -0.08% MFE=   0.00% MAE=  -0.11% lost=- done=-
XMRUSDT        SHORT  quality=FORWARD_COMPLETE now=  -0.08% MFE=   0.00% MAE=  -0.11% lost=- done=-
ALLOUSDT       SHORT  quality=FORWARD_COMPLETE now=   0.04% MFE=   0.04% MAE=  -0.02% lost=- done=-
REUSDT         LONG   quality=FORWARD_COMPLETE now=   0.09% MFE=   0.09% MAE=  -0.05% lost=- done=-

======================================================================================================================
POST-CONFIRMATION TRACKER SUMMARY
======================================================================================================================
Outcome rows: 222
Created this run: 4
Tracked this run: 72
Failed: 0
Supabase rows upserted: 222
Forward complete: 222
Completed 24H: 167

IMPORTANT: OUTCOME TRACKER IS MEASUREMENT ONLY.
No trade permission was generated.

V7.6 POST-CONFIRMATION OUTCOME TRACKER: PASS
