
======================================================================================================================
ALPHA HUNTER V7.6 DIRECTION-PROOF ENGINE — SHADOW
======================================================================================================================
Eligible forward episodes: 63

SYMBOL         PATH          DIR         CONF   LONG   SHORT       15M        1H
----------------------------------------------------------------------------------------------------------------------
LINKUSDT       CONTINUATION  LONG       56.2%   4.50    0.00   BULLISH   BULLISH
OUSDT          CONTINUATION  LONG       81.2%   6.50    0.00   BULLISH   BULLISH
HYPEUSDT       REVERSAL      UNKNOWN     0.0%   1.50    3.50     MIXED     MIXED
ZECUSDT        REVERSAL      LONG       87.5%   7.00    0.00   BULLISH   BULLISH
1000RATSUSDT   REVERSAL      SHORT      56.2%   0.00    4.50   BEARISH   BEARISH
ETHUSDT        CONTINUATION  LONG       87.5%   7.00    0.00   BULLISH   BULLISH
BTCUSDT        CONTINUATION  LONG       50.0%   4.00    0.00   BULLISH   BULLISH
AEONUSDT       REVERSAL      UNKNOWN     0.0%   1.50    2.00     MIXED     MIXED
REDUSDT        REVERSAL      LONG      100.0%   8.00    0.00   BULLISH   BULLISH
SOLUSDT        CONTINUATION  LONG       68.8%   5.50    0.00   BULLISH   BULLISH
WLFIUSDT       REVERSAL      LONG       52.5%   4.50    1.00     MIXED   BULLISH
LDOUSDT        CONTINUATION  UNKNOWN     0.0%   0.00    3.50   BEARISH     MIXED
WLDUSDT        CONTINUATION  UNKNOWN     0.0%   0.00    2.00     MIXED     MIXED
TREEUSDT       REVERSAL      LONG      100.0%   8.00    0.00   BULLISH   BULLISH
NEARUSDT       REVERSAL      UNKNOWN     0.0%   3.00    0.00     MIXED   BULLISH
LITUSDT        REVERSAL      LONG      100.0%   8.00    0.00   BULLISH   BULLISH
XMRUSDT        REVERSAL      SHORT      87.5%   0.00    7.00   BEARISH   BEARISH
ZECUSDT        CONTINUATION  LONG       87.5%   7.00    0.00   BULLISH   BULLISH
WLDUSDT        CONTINUATION  UNKNOWN     0.0%   0.00    2.00     MIXED     MIXED
LINKUSDT       CONTINUATION  LONG       56.2%   4.50    0.00   BULLISH   BULLISH
TREEUSDT       REVERSAL      LONG      100.0%   8.00    0.00   BULLISH   BULLISH
VVVUSDT        REVERSAL      UNKNOWN     0.0%   0.00    1.00   BEARISH     MIXED
UNIUSDT        CONTINUATION  LONG       52.5%   4.50    1.00     MIXED   BULLISH
TRUMPUSDT      CONTINUATION  UNKNOWN     0.0%   3.50    1.50     MIXED   BULLISH
NEARUSDT       CONTINUATION  LONG       50.0%   4.00    0.00   BULLISH   BULLISH
LUMIAUSDT      CONTINUATION  LONG       87.5%   7.00    0.00   BULLISH   BULLISH
ONDOUSDT       REVERSAL      LONG       55.0%   5.00    2.00     MIXED   BULLISH
AAVEUSDT       CONTINUATION  LONG       50.0%   4.00    0.00   BULLISH   BULLISH
RENDERUSDT     CONTINUATION  UNKNOWN     0.0%   3.50    0.00     MIXED   BULLISH
INJUSDT        CONTINUATION  UNKNOWN     0.0%   3.50    2.00     MIXED   BULLISH
BTWUSDT        REVERSAL      LONG       46.9%   4.50    2.50     MIXED   BULLISH
MAGMAUSDT      CONTINUATION  UNKNOWN     0.0%   3.50    3.50     MIXED   BULLISH
TRUMPUSDT      REVERSAL      UNKNOWN     0.0%   3.50    1.50     MIXED   BULLISH
LDOUSDT        CONTINUATION  UNKNOWN     0.0%   0.00    3.50   BEARISH     MIXED
MONUSDT        CONTINUATION  SHORT      50.0%   0.00    4.00   BEARISH     MIXED
HYPEUSDT       CONTINUATION  UNKNOWN     0.0%   1.50    3.50     MIXED     MIXED
USELESSUSDT    CONTINUATION  LONG      100.0%   8.00    0.00   BULLISH   BULLISH
REUSDT         CONTINUATION  LONG       83.8%   7.00    1.00   BULLISH   BULLISH
XMRUSDT        REVERSAL      SHORT      87.5%   0.00    7.00   BEARISH   BEARISH
ONDOUSDT       CONTINUATION  LONG       55.0%   5.00    2.00     MIXED   BULLISH
TRUMPUSDT      CONTINUATION  UNKNOWN     0.0%   3.50    1.50     MIXED   BULLISH
INJUSDT        CONTINUATION  UNKNOWN     0.0%   3.50    2.00     MIXED   BULLISH
MAGMAUSDT      CONTINUATION  UNKNOWN     0.0%   3.50    3.50     MIXED   BULLISH
AAVEUSDT       CONTINUATION  LONG       50.0%   4.00    0.00   BULLISH   BULLISH
BRETTUSDT      CONTINUATION  LONG       46.9%   4.50    2.50     MIXED   BULLISH
INJUSDT        CONTINUATION  UNKNOWN     0.0%   3.50    2.00     MIXED   BULLISH
1000SATSUSDT   CONTINUATION  UNKNOWN     0.0%   3.50    3.50     MIXED   BULLISH
ETHFIUSDT      CONTINUATION  UNKNOWN     0.0%   3.50    2.50     MIXED   BULLISH
TRUMPUSDT      CONTINUATION  UNKNOWN     0.0%   3.50    1.50     MIXED   BULLISH
TRXUSDT        CONTINUATION  UNKNOWN     0.0%   3.00    0.00     MIXED   BULLISH
LDOUSDT        CONTINUATION  UNKNOWN     0.0%   0.00    3.50   BEARISH     MIXED
WLFIUSDT       CONTINUATION  LONG       52.5%   4.50    1.00     MIXED   BULLISH
BIOUSDT        CONTINUATION  UNKNOWN     0.0%   3.50    2.50     MIXED   BULLISH
XMRUSDT        REVERSAL      SHORT      87.5%   0.00    7.00   BEARISH   BEARISH
XMRUSDT        REVERSAL      SHORT      87.5%   0.00    7.00   BEARISH   BEARISH
MAGMAUSDT      CONTINUATION  UNKNOWN     0.0%   3.50    3.50     MIXED   BULLISH
WLFIUSDT       CONTINUATION  LONG       52.5%   4.50    1.00     MIXED   BULLISH
TRXUSDT        CONTINUATION  UNKNOWN     0.0%   3.00    0.00     MIXED   BULLISH
ALLOUSDT       REVERSAL      SHORT      87.5%   0.00    7.00   BEARISH   BEARISH
TRXUSDT        CONTINUATION  UNKNOWN     0.0%   3.00    0.00     MIXED   BULLISH
WLFIUSDT       CONTINUATION  LONG       52.5%   4.50    1.00     MIXED   BULLISH
SANTOSUSDT     REVERSAL      UNKNOWN     0.0%   3.50    0.00   BULLISH     MIXED
REUSDT         REVERSAL      LONG       83.8%   7.00    1.00   BULLISH   BULLISH

======================================================================================================================
V7.6 SHADOW SUMMARY
======================================================================================================================
Evaluated: 63
LONG: 28
SHORT: 7
UNKNOWN: 28
Failures: 0
Supabase shadow rows saved: 63
Direction state rows saved: 63
Immutable transition rows saved: 63
Transition run ID: cloud5d-20260821T173220Z
Direction emerging: 13
Direction confirmed: 21
Lost confirmation: 16

IMPORTANT: V7.6 IS SHADOW ONLY.
No trade permission was generated.

V7.6 DIRECTION SHADOW: PASS
