
ALPHA HUNTER V7.1 — 2026-08-19T18:40:23.468690+00:00

Universe: 30 deep-scanned of 756 contracts
Eligible after prefilter: 318
Non-crypto rejected: 291

SYMBOL                  PHASE    TIME   BEHAV                     STATE      RR   DISC  TRADE
---------------------------------------------------------------------------------------------
TUTUSDT             BREAKDOWN    LATE    5.42  DIRECTION_EMERGING_SHORT    0.00     NO     NO
ESPUSDT              IGNITION    FAIR    5.18   DIRECTION_EMERGING_LONG    0.04    YES     NO
1000RATSUSDT     ACCUMULATION    FAIR    4.68                   NEUTRAL       —     NO     NO
BRUSDT           ACCUMULATION    FAIR    4.61   DIRECTION_EMERGING_LONG    0.30     NO     NO
BROCCOLIUSDT     ACCUMULATION    FAIR    4.29   DIRECTION_EMERGING_LONG    0.14     NO     NO
APRUSDT           COMPRESSION   EARLY    4.15                   NEUTRAL       —     NO     NO
PUMPUSDT         ACCUMULATION    FAIR    4.09                WATCH_LONG       —     NO     NO
JCTUSDT          ACCUMULATION    FAIR    4.08                   NEUTRAL       —     NO     NO
LAUSDT            COMPRESSION    FAIR    4.06                WATCH_LONG       —     NO     NO
KAITOUSDT         COMPRESSION   EARLY    3.83                   NEUTRAL       —     NO     NO
GRVTUSDT         ACCUMULATION    FAIR    3.67   DIRECTION_EMERGING_LONG    0.66     NO     NO
SOLUSDT        DISTRIBUTION_RISK   EARLY    3.55   DIRECTION_EMERGING_LONG    0.17     NO     NO
BOMEUSDT         ACCUMULATION    FAIR    3.48                WATCH_LONG       —     NO     NO
ETHUSDT        DISTRIBUTION_RISK    FAIR    3.45   DIRECTION_EMERGING_LONG    0.16     NO     NO
ONDOUSDT         ACCUMULATION   EARLY    3.42   DIRECTION_EMERGING_LONG    0.62     NO     NO
ZAMAUSDT         ACCUMULATION    FAIR    3.34                WATCH_LONG       —     NO     NO
ZROUSDT          ACCUMULATION    FAIR    3.34                WATCH_LONG       —     NO     NO
CFGUSDT          ACCUMULATION    FAIR    3.20                   NEUTRAL       —     NO     NO
BTCUSDT          ACCUMULATION   EARLY    3.08   DIRECTION_EMERGING_LONG    0.35     NO     NO
CAPUSDT          ACCUMULATION   EARLY    2.96                   NEUTRAL       —     NO     NO
VIRTUALUSDT      ACCUMULATION   EARLY    2.93   DIRECTION_EMERGING_LONG    0.83     NO     NO
SHIBUSDT         ACCUMULATION   EARLY    2.59                WATCH_LONG       —     NO     NO
AVAXUSDT         ACCUMULATION   EARLY    2.55                WATCH_LONG       —     NO     NO
BNBUSDT          ACCUMULATION   EARLY    2.53   DIRECTION_EMERGING_LONG    0.23     NO     NO
GENIUSUSDT          BREAKDOWN    FAIR    2.53  DIRECTION_EMERGING_SHORT    0.03     NO     NO
BICOUSDT         ACCUMULATION    FAIR    2.48               WATCH_SHORT       —     NO     NO
TAOUSDT              RECOVERY   EARLY    2.24                WATCH_LONG       —     NO     NO
BCHUSDT          ACCUMULATION   EARLY    1.95                   NEUTRAL       —     NO     NO
AAVEUSDT         ACCUMULATION   EARLY    1.94                WATCH_LONG       —     NO     NO
DOTUSDT          ACCUMULATION   EARLY    1.65                WATCH_LONG       —     NO     NO

V7.4 PRE-MOVE SURVEILLANCE
Eligible: 3 | Primary: 3 | Reserve: 0

PRIMARY
 1 1000RATSUSDT   REVERSAL       13.98 state=NEUTRAL
 2 LAUSDT         CONTINUATION   10.00 state=WATCH_LONG
 3 CAPUSDT        REVERSAL        9.38 state=NEUTRAL

Run ID: 3b64c2f4929403fbfc49f7a4022a3331
Snapshot saved: /home/runner/work/Alpha-Hunter/Alpha-Hunter/data/snapshots/snapshot-20260819T184023Z.json
State history: /home/runner/work/Alpha-Hunter/Alpha-Hunter/data/state-history.jsonl
Supabase: SAVED
Qualified discovery candidates: 1
EARLY candidates: 0
V7 Trade Ready: 0
Bitget private API: NOT_CONFIGURED
