
======================================================================================================================
ALPHA HUNTER V7.9 FULL-UNIVERSE HOURLY LEDGER — SHADOW
======================================================================================================================
Observed: 2026-08-20T06:52:33.751798+00:00
Hour bucket: 2026-08-20T06:00:00+00:00
Contract tickers: 756
Rows attempted: 756
Deep-scan selected: 30
Selection snapshot: 2026-08-20T06:52:31.363678+00:00
Selection run ID: 28cb64f343130e08f7cadc581f77d96f
Prefilter eligible: 365
Eligible not selected: 335
Non-crypto: 291
Low liquidity: 91
Over-extended: 9
Invalid price skipped: 0
Rows purged >7d: 0

TOP ABSOLUTE 24H MOVERS
SYMBOL                  24H    ELIG    SCAN  STATUS
------------------------------------------------------------------------
BTWUSDT             -41.17%       N       N  OVER_EXTENDED
MAGMAUSDT           +38.79%       N       N  OVER_EXTENDED
MSTUUSDT            +36.08%       N       N  NON_CRYPTO
PRLUSDT             -34.47%       N       N  OVER_EXTENDED
REDUSDT             +33.26%       N       N  OVER_EXTENDED
BOMEUSDT            +33.11%       N       N  OVER_EXTENDED
REUSDT              +31.26%       N       N  OVER_EXTENDED
BEATUSDT            -28.69%       N       N  OVER_EXTENDED
MVLLUSDT            +27.59%       N       N  NON_CRYPTO
SKYAIUSDT           +26.81%       N       N  OVER_EXTENDED
CONLUSDT            +25.78%       N       N  NON_CRYPTO
LITUSDT             +25.59%       N       N  OVER_EXTENDED
TUTUSDT             -24.96%       Y       N  ELIGIBLE_NOT_SELECTED
HYPEUSDT            +23.35%       Y       N  ELIGIBLE_NOT_SELECTED
ACEUSDT             -21.73%       Y       N  ELIGIBLE_NOT_SELECTED

IMPORTANT: V7.9 IS MEASUREMENT/AUDIT ONLY.
Same-hour reruns do not overwrite the first stored universe snapshot.
Raw universe evidence is retained for 7 days.
No trade permission was generated.

V7.9 FULL-UNIVERSE LEDGER: PASS
