
ALPHA HUNTER V7.1 — 2026-08-19T01:26:00.120150+00:00

Universe: 29 deep-scanned of 759 contracts
Eligible after prefilter: 317
Non-crypto rejected: 290

SYMBOL                  PHASE    TIME   BEHAV                     STATE      RR   DISC  TRADE
---------------------------------------------------------------------------------------------
GPSUSDT             EXPANSION    LATE    7.50                WATCH_LONG       —     NO     NO
DOSUSDT        DISTRIBUTION_RISK    FAIR    5.76                WATCH_LONG       —     NO     NO
1000RATSUSDT     ACCUMULATION    FAIR    5.40                WATCH_LONG       —    YES     NO
VELVETUSDT          EXPANSION    LATE    5.37                   NEUTRAL       —     NO     NO
PUMPUSDT       DISTRIBUTION_RISK    FAIR    5.35   DIRECTION_EMERGING_LONG    0.10     NO     NO
CYSUSDT          ACCUMULATION    FAIR    5.34               WATCH_SHORT       —    YES     NO
OUSDT            ACCUMULATION    FAIR    5.09   DIRECTION_EMERGING_LONG    0.61    YES     NO
LAUSDT           ACCUMULATION    FAIR    4.89                WATCH_LONG       —     NO     NO
TUTUSDT             BREAKDOWN    FAIR    4.86               WATCH_SHORT       —     NO     NO
AIOUSDT          ACCUMULATION   EARLY    4.42                   NEUTRAL       —     NO     NO
GWEIUSDT            BREAKDOWN    FAIR    4.36  DIRECTION_EMERGING_SHORT    0.07     NO     NO
GALAUSDT            BREAKDOWN    FAIR    4.29  DIRECTION_EMERGING_SHORT    0.09     NO     NO
XRPUSDT           COMPRESSION   EARLY    3.96               WATCH_SHORT       —     NO     NO
LINKUSDT          COMPRESSION   EARLY    3.93   DIRECTION_EMERGING_LONG    0.37     NO     NO
DOGEUSDT          COMPRESSION   EARLY    3.68               WATCH_SHORT       —     NO     NO
ETHUSDT          ACCUMULATION   EARLY    3.67                WATCH_LONG       —     NO     NO
SUIUSDT           COMPRESSION   EARLY    3.46                   NEUTRAL       —     NO     NO
TAOUSDT           COMPRESSION   EARLY    3.42               WATCH_SHORT       —     NO     NO
FIGHTUSDT        ACCUMULATION    FAIR    3.38                   NEUTRAL       —     NO     NO
ADAUSDT          ACCUMULATION   EARLY    3.36                   NEUTRAL       —     NO     NO
ZECUSDT          ACCUMULATION   EARLY    3.35               WATCH_SHORT       —     NO     NO
SOLUSDT          ACCUMULATION   EARLY    3.33                   NEUTRAL       —     NO     NO
IRYSUSDT         ACCUMULATION    FAIR    3.24                   NEUTRAL       —     NO     NO
BTCUSDT           COMPRESSION   EARLY    3.14                   NEUTRAL       —     NO     NO
NEARUSDT         ACCUMULATION   EARLY    3.03               WATCH_SHORT       —     NO     NO
PEPEUSDT         ACCUMULATION   EARLY    2.95                   NEUTRAL       —     NO     NO
BNBUSDT          ACCUMULATION   EARLY    2.76                   NEUTRAL       —     NO     NO
USELESSUSDT      ACCUMULATION    FAIR    2.64                   NEUTRAL       —     NO     NO
HYPEUSDT         ACCUMULATION   EARLY    1.73                   NEUTRAL       —     NO     NO

V7.4 PRE-MOVE SURVEILLANCE
Eligible: 6 | Primary: 5 | Reserve: 1

PRIMARY
 1 GPSUSDT        CONTINUATION   12.00 state=WATCH_LONG
 2 OUSDT          CONTINUATION   11.92 state=DIRECTION_EMERGING_LONG
 3 LINKUSDT       CONTINUATION    9.76 state=DIRECTION_EMERGING_LONG
 4 ZECUSDT        REVERSAL        9.73 state=WATCH_SHORT
 5 HYPEUSDT       REVERSAL        9.11 state=NEUTRAL

RESERVE
 6 BTCUSDT        CONTINUATION    8.73 state=NEUTRAL

Run ID: 8f9919142aa3488a392d255b2beb7b7b
Snapshot saved: /home/runner/work/Alpha-Hunter/Alpha-Hunter/data/snapshots/snapshot-20260819T012600Z.json
State history: /home/runner/work/Alpha-Hunter/Alpha-Hunter/data/state-history.jsonl
Supabase: SAVED
Qualified discovery candidates: 3
EARLY candidates: 0
V7 Trade Ready: 0
Bitget private API: NOT_CONFIGURED
