
==============================================================================================================
ALPHA HUNTER V7.5 INDEPENDENT EPISODE MARKET TRACKER
==============================================================================================================
Episodes stored: 154
Active episodes: 69

CYSUSDT        CONTINUATION  now=  -50.39% UP=   78.38% DOWN=  -50.85% 3=Y 5=Y 10=Y checks=44
BTWUSDT        CONTINUATION  now=  113.15% UP=  117.48% DOWN=    0.00% 3=Y 5=Y 10=Y checks=44
COOKIEUSDT     CONTINUATION  now=  -16.24% UP=    0.00% DOWN=  -18.26% 3=Y 5=Y 10=Y checks=44
SUIUSDT        CONTINUATION  now=   -7.02% UP=    0.00% DOWN=   -7.92% 3=Y 5=Y 10=- checks=44
SOLUSDT        CONTINUATION  now=   -0.66% UP=    0.19% DOWN=   -4.13% 3=Y 5=- 10=- checks=44
SKYAIUSDT      REVERSAL      now=  -46.17% UP=    0.00% DOWN=  -50.58% 3=Y 5=Y 10=Y checks=44
DOGEUSDT       CONTINUATION  now=   -1.12% UP=    0.00% DOWN=   -2.32% 3=- 5=- 10=- checks=44
ADAUSDT        REVERSAL      now=  -12.14% UP=    0.00% DOWN=  -12.70% 3=Y 5=Y 10=Y checks=44
GWEIUSDT       REVERSAL      now=   -4.13% UP=   17.67% DOWN=   -4.86% 3=Y 5=Y 10=Y checks=44
BICOUSDT       REVERSAL      now=  -61.44% UP=    0.00% DOWN=  -62.11% 3=Y 5=Y 10=Y checks=44
IOTXUSDT       REVERSAL      now=  -10.53% UP=    0.00% DOWN=  -11.34% 3=Y 5=Y 10=Y checks=44
MMTUSDT        REVERSAL      now=  -17.25% UP=    0.00% DOWN=  -17.89% 3=Y 5=Y 10=Y checks=44
SUIUSDT        CONTINUATION  now=   -5.91% UP=    0.00% DOWN=   -6.82% 3=Y 5=Y 10=- checks=44
MUBARAKUSDT    REVERSAL      now=  -13.23% UP=    0.00% DOWN=  -24.10% 3=Y 5=Y 10=Y checks=44
4USDT          REVERSAL      now=  -16.67% UP=    0.00% DOWN=  -22.21% 3=Y 5=Y 10=Y checks=44
JTOUSDT        REVERSAL      now=   -0.99% UP=    8.18% DOWN=   -1.31% 3=Y 5=Y 10=- checks=44
FORMUSDT       REVERSAL      now=   -5.67% UP=    0.00% DOWN=   -7.88% 3=Y 5=Y 10=- checks=44
PUMPUSDT       REVERSAL      now=    9.24% UP=   10.34% DOWN=   -5.65% 3=Y 5=Y 10=Y checks=44
ACUUSDT        REVERSAL      now=    7.57% UP=   16.62% DOWN=   -4.40% 3=Y 5=Y 10=Y checks=44
HYPEUSDT       REVERSAL      now=    4.36% UP=    5.13% DOWN=   -0.62% 3=Y 5=Y 10=- checks=44
AEONUSDT       CONTINUATION  now=   20.08% UP=   28.99% DOWN=   -6.91% 3=Y 5=Y 10=Y checks=44
BTWUSDT        CONTINUATION  now=   42.76% UP=   45.84% DOWN=  -10.16% 3=Y 5=Y 10=Y checks=44
BTWUSDT        CONTINUATION  now=   21.30% UP=   23.92% DOWN=   -3.49% 3=Y 5=Y 10=Y checks=16
HYPEUSDT       CONTINUATION  now=   -0.59% UP=    2.40% DOWN=   -1.52% 3=- 5=- 10=- checks=16
CHIPUSDT       REVERSAL      now=   -3.19% UP=    6.73% DOWN=   -6.41% 3=Y 5=Y 10=- checks=16
ETHUSDT        CONTINUATION  now=    0.49% UP=    1.00% DOWN=   -0.96% 3=- 5=- 10=- checks=16
ZECUSDT        CONTINUATION  now=   -1.10% UP=    0.76% DOWN=   -1.92% 3=- 5=- 10=- checks=14
HYPEUSDT       CONTINUATION  now=   -0.79% UP=    2.16% DOWN=   -1.74% 3=- 5=- 10=- checks=14
PUMPUSDT       REVERSAL      now=   12.21% UP=   13.34% DOWN=   -0.22% 3=Y 5=Y 10=Y checks=14
LINKUSDT       REVERSAL      now=    1.54% UP=    2.07% DOWN=   -0.03% 3=- 5=- 10=- checks=14
BTWUSDT        REVERSAL      now=   23.38% UP=   26.03% DOWN=   -1.05% 3=Y 5=Y 10=Y checks=14
GPSUSDT        CONTINUATION  now=    8.75% UP=   11.21% DOWN=   -4.20% 3=Y 5=Y 10=Y checks=13
CHIPUSDT       REVERSAL      now=   -6.04% UP=    3.58% DOWN=   -9.17% 3=Y 5=Y 10=- checks=13
DIAUSDT        REVERSAL      now=    3.53% UP=    6.10% DOWN=   -2.57% 3=Y 5=Y 10=- checks=12
ETHUSDT        REVERSAL      now=    0.95% UP=    1.40% DOWN=   -0.21% 3=- 5=- 10=- checks=12
AEONUSDT       CONTINUATION  now=   -6.72% UP=    2.91% DOWN=   -9.54% 3=Y 5=Y 10=- checks=12
BTWUSDT        CONTINUATION  now=   23.54% UP=   26.20% DOWN=   -0.30% 3=Y 5=Y 10=Y checks=11
DIAUSDT        REVERSAL      now=    4.45% UP=    7.04% DOWN=   -0.49% 3=Y 5=Y 10=- checks=10
SOLUSDT        CONTINUATION  now=    0.87% UP=    1.71% DOWN=   -0.38% 3=- 5=- 10=- checks=10
BTCUSDT        CONTINUATION  now=    0.17% UP=    1.07% DOWN=   -0.52% 3=- 5=- 10=- checks=8
AEONUSDT       CONTINUATION  now=   -6.52% UP=    2.13% DOWN=   -9.34% 3=Y 5=Y 10=- checks=8
ZECUSDT        REVERSAL      now=   -0.34% UP=    1.52% DOWN=   -1.19% 3=- 5=- 10=- checks=8
PUMPUSDT       REVERSAL      now=   10.26% UP=   11.40% DOWN=   -1.46% 3=Y 5=Y 10=Y checks=8
DIAUSDT        REVERSAL      now=   -0.08% UP=    2.40% DOWN=   -2.71% 3=- 5=- 10=- checks=8
GPSUSDT        CONTINUATION  now=    6.03% UP=    8.42% DOWN=   -1.12% 3=Y 5=Y 10=- checks=7
BTWUSDT        CONTINUATION  now=   12.45% UP=   15.08% DOWN=   -2.97% 3=Y 5=Y 10=Y checks=7
PUMPUSDT       REVERSAL      now=    9.21% UP=   10.34% DOWN=   -1.91% 3=Y 5=Y 10=Y checks=7
HYPEUSDT       REVERSAL      now=   -1.29% UP=    0.14% DOWN=   -2.26% 3=- 5=- 10=- checks=7
LINKUSDT       REVERSAL      now=    0.34% UP=    0.87% DOWN=   -0.31% 3=- 5=- 10=- checks=7
CHIPUSDT       REVERSAL      now=   -0.74% UP=    2.86% DOWN=   -4.05% 3=Y 5=- 10=- checks=7
ZECUSDT        REVERSAL      now=   -0.46% UP=    1.38% DOWN=   -1.11% 3=- 5=- 10=- checks=7
BTCUSDT        CONTINUATION  now=   -0.41% UP=    0.08% DOWN=   -0.48% 3=- 5=- 10=- checks=5
ZECUSDT        REVERSAL      now=   -0.37% UP=    1.02% DOWN=   -0.65% 3=- 5=- 10=- checks=5
GPSUSDT        CONTINUATION  now=    1.50% UP=    3.28% DOWN=   -3.51% 3=Y 5=- 10=- checks=5
BTWUSDT        CONTINUATION  now=    7.12% UP=    9.57% DOWN=    0.00% 3=Y 5=Y 10=- checks=5
HYPEUSDT       REVERSAL      now=   -0.23% UP=    0.43% DOWN=   -1.24% 3=- 5=- 10=- checks=4
ONGUSDT        CONTINUATION  now=   -0.40% UP=    1.21% DOWN=   -4.75% 3=Y 5=- 10=- checks=4
SOLUSDT        CONTINUATION  now=    0.61% UP=    1.29% DOWN=    0.00% 3=- 5=- 10=- checks=4
LUMIAUSDT      REVERSAL      now=    1.60% UP=    3.38% DOWN=   -0.25% 3=Y 5=- 10=- checks=4
LINKUSDT       REVERSAL      now=    0.78% UP=    1.31% DOWN=    0.00% 3=- 5=- 10=- checks=4
HYPEUSDT       REVERSAL      now=   -0.44% UP=    0.22% DOWN=   -1.44% 3=- 5=- 10=- checks=4
PUMPUSDT       CONTINUATION  now=    6.80% UP=    7.86% DOWN=   -0.14% 3=Y 5=Y 10=- checks=3
ZECUSDT        CONTINUATION  now=   -0.94% UP=    0.39% DOWN=   -1.22% 3=- 5=- 10=- checks=3
BTCUSDT        CONTINUATION  now=   -0.19% UP=    0.27% DOWN=   -0.26% 3=- 5=- 10=- checks=3
GPSUSDT        CONTINUATION  now=    2.70% UP=    4.50% DOWN=   -0.09% 3=Y 5=- 10=- checks=2
OUSDT          CONTINUATION  now=    0.00% UP=    0.00% DOWN=    0.00% 3=- 5=- 10=- checks=1
LINKUSDT       CONTINUATION  now=    0.01% UP=    0.01% DOWN=    0.00% 3=- 5=- 10=- checks=1
ZECUSDT        REVERSAL      now=    0.02% UP=    0.02% DOWN=    0.00% 3=- 5=- 10=- checks=1
HYPEUSDT       REVERSAL      now=    0.09% UP=    0.09% DOWN=    0.00% 3=- 5=- 10=- checks=1

==============================================================================================================
TRACKER SUMMARY
==============================================================================================================
Checked: 69
Failed: 0
Supabase rows upserted: 154
3% episodes: 112
5% episodes: 101
10% episodes: 67

V7.5 EPISODE MARKET TRACKER: PASS
