
==============================================================================================================
ALPHA HUNTER V7.5 24H EPISODE FINALIZER
==============================================================================================================
SKIP   CYSUSDT        quality=LEGACY_PARTIAL    age= 224.60H
SKIP   BTWUSDT        quality=LEGACY_PARTIAL    age= 224.60H
SKIP   COOKIEUSDT     quality=LEGACY_PARTIAL    age= 224.60H
SKIP   SUIUSDT        quality=LEGACY_PARTIAL    age= 224.60H
SKIP   SOLUSDT        quality=LEGACY_PARTIAL    age= 224.60H
SKIP   SKYAIUSDT      quality=LEGACY_PARTIAL    age= 224.60H
SKIP   DOGEUSDT       quality=LEGACY_PARTIAL    age= 224.60H
SKIP   ADAUSDT        quality=LEGACY_PARTIAL    age= 224.60H
SKIP   GWEIUSDT       quality=LEGACY_PARTIAL    age= 218.43H
SKIP   BICOUSDT       quality=LEGACY_PARTIAL    age= 218.43H
SKIP   IOTXUSDT       quality=LEGACY_PARTIAL    age= 218.43H
SKIP   MMTUSDT        quality=LEGACY_PARTIAL    age= 218.43H
SKIP   SUIUSDT        quality=LEGACY_PARTIAL    age= 218.43H
SKIP   MUBARAKUSDT    quality=LEGACY_PARTIAL    age= 101.19H
SKIP   4USDT          quality=LEGACY_PARTIAL    age= 101.19H
SKIP   JTOUSDT        quality=LEGACY_PARTIAL    age= 101.19H
SKIP   FORMUSDT       quality=LEGACY_PARTIAL    age= 101.19H
SKIP   PUMPUSDT       quality=LEGACY_PARTIAL    age= 100.12H
SKIP   ACUUSDT        quality=LEGACY_PARTIAL    age=  91.33H
SKIP   HYPEUSDT       quality=LEGACY_PARTIAL    age=  91.33H
SKIP   AEONUSDT       quality=LEGACY_PARTIAL    age=  90.30H
SKIP   BTWUSDT        quality=LEGACY_PARTIAL    age=  90.30H
FINAL  BTWUSDT        direction=UP    UP=   23.92% DOWN=   -3.49% class=HUGE_EXPANSION_UP
FINAL  HYPEUSDT       direction=NONE  UP=    2.40% DOWN=   -1.52% class=NO_EXPANSION
FINAL  CHIPUSDT       direction=UP    UP=    6.73% DOWN=   -6.41% class=MAJOR_EXPANSION_UP
FINAL  ETHUSDT        direction=NONE  UP=    1.00% DOWN=   -0.96% class=NO_EXPANSION
WAIT   ZECUSDT        age=  22.47H UP=    0.76% DOWN=   -1.92%
WAIT   HYPEUSDT       age=  22.47H UP=    2.16% DOWN=   -1.74%
WAIT   PUMPUSDT       age=  22.47H UP=   13.34% DOWN=   -0.22%
WAIT   LINKUSDT       age=  22.47H UP=    2.07% DOWN=   -0.03%
WAIT   BTWUSDT        age=  22.47H UP=   26.03% DOWN=   -1.05%
WAIT   GPSUSDT        age=  21.57H UP=   11.21% DOWN=   -4.20%
WAIT   CHIPUSDT       age=  21.57H UP=    3.58% DOWN=   -9.17%
WAIT   DIAUSDT        age=  20.80H UP=    6.10% DOWN=   -2.57%
WAIT   ETHUSDT        age=  20.80H UP=    1.40% DOWN=   -0.21%
WAIT   AEONUSDT       age=  20.80H UP=    2.91% DOWN=   -9.54%
WAIT   BTWUSDT        age=  18.62H UP=   26.20% DOWN=   -0.30%
WAIT   DIAUSDT        age=  17.76H UP=    7.04% DOWN=   -0.49%
WAIT   SOLUSDT        age=  17.76H UP=    1.71% DOWN=   -0.38%
WAIT   BTCUSDT        age=  13.96H UP=    1.07% DOWN=   -0.52%
WAIT   AEONUSDT       age=  13.96H UP=    2.13% DOWN=   -9.34%
WAIT   ZECUSDT        age=  13.96H UP=    1.52% DOWN=   -1.19%
WAIT   PUMPUSDT       age=  13.96H UP=   11.40% DOWN=   -1.46%
WAIT   DIAUSDT        age=  13.96H UP=    2.40% DOWN=   -2.71%
WAIT   GPSUSDT        age=  10.82H UP=    8.42% DOWN=   -1.12%
WAIT   BTWUSDT        age=  10.82H UP=   15.08% DOWN=   -2.97%
WAIT   PUMPUSDT       age=  10.82H UP=   10.34% DOWN=   -1.91%
WAIT   HYPEUSDT       age=  10.82H UP=    0.14% DOWN=   -2.26%
WAIT   LINKUSDT       age=  10.82H UP=    0.87% DOWN=   -0.31%
WAIT   CHIPUSDT       age=  10.82H UP=    2.86% DOWN=   -4.05%
WAIT   ZECUSDT        age=  10.82H UP=    1.38% DOWN=   -1.11%
WAIT   BTCUSDT        age=   6.73H UP=    0.08% DOWN=   -0.48%
WAIT   ZECUSDT        age=   6.73H UP=    1.02% DOWN=   -0.65%
WAIT   GPSUSDT        age=   6.73H UP=    3.28% DOWN=   -3.51%
WAIT   BTWUSDT        age=   6.73H UP=    9.57% DOWN=    0.00%
WAIT   HYPEUSDT       age=   5.93H UP=    0.43% DOWN=   -1.24%
WAIT   ONGUSDT        age=   5.87H UP=    1.21% DOWN=   -4.75%
WAIT   SOLUSDT        age=   5.87H UP=    1.29% DOWN=    0.00%
WAIT   LUMIAUSDT      age=   5.87H UP=    3.38% DOWN=   -0.25%
WAIT   LINKUSDT       age=   5.87H UP=    1.31% DOWN=    0.00%
WAIT   HYPEUSDT       age=   5.87H UP=    0.22% DOWN=   -1.44%
WAIT   PUMPUSDT       age=   3.97H UP=    7.86% DOWN=   -0.14%
WAIT   ZECUSDT        age=   3.85H UP=    0.39% DOWN=   -1.22%
WAIT   BTCUSDT        age=   3.85H UP=    0.27% DOWN=   -0.26%
WAIT   GPSUSDT        age=   2.98H UP=    4.50% DOWN=   -0.09%
WAIT   OUSDT          age=   0.02H UP=    0.00% DOWN=    0.00%
WAIT   LINKUSDT       age=   0.02H UP=    0.01% DOWN=    0.00%
WAIT   ZECUSDT        age=   0.02H UP=    0.02% DOWN=    0.00%
WAIT   HYPEUSDT       age=   0.02H UP=    0.09% DOWN=    0.00%

==============================================================================================================
FINALIZER SUMMARY
==============================================================================================================
Episodes: 154
Finalized this run: 4
Waiting for 24H: 43
Legacy partial skipped: 22
Already finalized: 85
Supabase rows upserted: 154

V7.5 EPISODE FINALIZER: PASS
