
======================================================================================================================
ALPHA HUNTER V7.6 POST-CONFIRMATION OUTCOME TRACKER — SHADOW
======================================================================================================================
Confirmed outcome rows: 108
Created this run: 1

BTWUSDT        LONG   quality=FORWARD_COMPLETE now=   4.87% MFE=   6.20% MAE=  -2.92% lost=Y done=-
CHIPUSDT       SHORT  quality=FORWARD_COMPLETE now=  -1.48% MFE=   1.90% MAE=  -5.16% lost=Y done=-
PRLUSDT        LONG   quality=FORWARD_COMPLETE now=   4.50% MFE=   8.36% MAE=  -0.99% lost=Y done=-
BTWUSDT        LONG   quality=FORWARD_COMPLETE now=  23.00% MFE=  19.65% MAE=  -3.10% lost=Y done=Y
GPSUSDT        LONG   quality=FORWARD_COMPLETE now=   2.25% MFE=   3.99% MAE=  -2.84% lost=- done=-
CHIPUSDT       SHORT  quality=FORWARD_COMPLETE now=   2.59% MFE=   5.83% MAE=  -7.40% lost=Y done=Y
DIAUSDT        LONG   quality=FORWARD_COMPLETE now=  -1.15% MFE=   1.30% MAE=  -2.84% lost=Y done=-
CHIPUSDT       SHORT  quality=FORWARD_COMPLETE now=  -1.48% MFE=   1.90% MAE=  -5.16% lost=Y done=-
BTWUSDT        LONG   quality=FORWARD_COMPLETE now=  22.70% MFE=  19.65% MAE=  -3.10% lost=Y done=Y
DIAUSDT        LONG   quality=FORWARD_COMPLETE now=  -1.15% MFE=   1.30% MAE=  -2.84% lost=Y done=-
LINKUSDT       LONG   quality=FORWARD_COMPLETE now=   0.19% MFE=   0.65% MAE=  -0.36% lost=Y done=-
GPSUSDT        LONG   quality=FORWARD_COMPLETE now=   1.37% MFE=   3.15% MAE=  -3.62% lost=Y done=-
PUMPUSDT       LONG   quality=FORWARD_COMPLETE now=   9.53% MFE=  10.38% MAE=  -0.78% lost=- done=-
LINKUSDT       LONG   quality=FORWARD_COMPLETE now=   0.19% MFE=   0.65% MAE=  -0.36% lost=Y done=-
BTWUSDT        LONG   quality=FORWARD_COMPLETE now=  21.24% MFE=  22.86% MAE=  -0.86% lost=Y done=-
HUSDT          SHORT  quality=FORWARD_COMPLETE now=   2.46% MFE=   8.29% MAE=  -6.31% lost=- done=-
LINKUSDT       LONG   quality=FORWARD_COMPLETE now=   0.19% MFE=   0.65% MAE=  -0.36% lost=- done=-
PUMPUSDT       LONG   quality=FORWARD_COMPLETE now=   9.53% MFE=  10.38% MAE=  -0.78% lost=- done=-
ETHUSDT        LONG   quality=FORWARD_COMPLETE now=  -0.07% MFE=   0.26% MAE=  -0.37% lost=Y done=-
HYPEUSDT       SHORT  quality=FORWARD_COMPLETE now=  -0.26% MFE=   0.87% MAE=  -0.31% lost=Y done=-
HYPEUSDT       SHORT  quality=FORWARD_COMPLETE now=  -0.29% MFE=   0.84% MAE=  -0.35% lost=- done=-
SOLUSDT        LONG   quality=FORWARD_COMPLETE now=   0.80% MFE=   1.52% MAE=  -0.27% lost=Y done=-
BTCUSDT        LONG   quality=FORWARD_COMPLETE now=  -0.41% MFE=   0.12% MAE=  -0.52% lost=- done=-
BTWUSDT        LONG   quality=FORWARD_COMPLETE now=  21.24% MFE=  22.86% MAE=  -0.86% lost=Y done=-
PUMPUSDT       LONG   quality=FORWARD_COMPLETE now=   9.53% MFE=  10.42% MAE=  -0.74% lost=- done=-
GPSUSDT        LONG   quality=FORWARD_COMPLETE now=   6.39% MFE=   8.81% MAE=  -6.27% lost=Y done=-
ETHUSDT        LONG   quality=FORWARD_COMPLETE now=  -0.08% MFE=   0.25% MAE=  -0.37% lost=Y done=-
AEONUSDT       SHORT  quality=FORWARD_COMPLETE now=   3.36% MFE=   6.28% MAE=  -5.58% lost=Y done=-
BTWUSDT        LONG   quality=FORWARD_COMPLETE now=  13.98% MFE=  15.69% MAE=  -0.15% lost=Y done=-
LINKUSDT       LONG   quality=FORWARD_COMPLETE now=   0.19% MFE=   0.65% MAE=  -0.36% lost=- done=-
LUMIAUSDT      SHORT  quality=FORWARD_COMPLETE now=  -1.36% MFE=   0.05% MAE=  -3.14% lost=Y done=-
HYPEUSDT       SHORT  quality=FORWARD_COMPLETE now=  -0.30% MFE=   0.84% MAE=  -0.35% lost=Y done=-
ONGUSDT        LONG   quality=FORWARD_COMPLETE now=   0.64% MFE=   0.75% MAE=  -2.14% lost=- done=-
PUMPUSDT       LONG   quality=FORWARD_COMPLETE now=   2.61% MFE=   3.47% MAE=  -0.40% lost=- done=-
HYPEUSDT       SHORT  quality=FORWARD_COMPLETE now=  -0.26% MFE=   0.87% MAE=  -0.31% lost=Y done=-
HYPEUSDT       SHORT  quality=FORWARD_COMPLETE now=  -0.22% MFE=   0.91% MAE=  -0.27% lost=Y done=-
GPSUSDT        LONG   quality=FORWARD_COMPLETE now=  -0.08% MFE=   0.00% MAE=  -0.08% lost=- done=-

======================================================================================================================
POST-CONFIRMATION TRACKER SUMMARY
======================================================================================================================
Outcome rows: 108
Created this run: 1
Tracked this run: 37
Failed: 0
Supabase rows upserted: 108
Forward complete: 108
Completed 24H: 74

IMPORTANT: OUTCOME TRACKER IS MEASUREMENT ONLY.
No trade permission was generated.

V7.6 POST-CONFIRMATION OUTCOME TRACKER: PASS
