
ALPHA HUNTER V7.1 — 2026-08-21T10:34:45.811151+00:00

Universe: 30 deep-scanned of 759 contracts
Eligible after prefilter: 382
Non-crypto rejected: 294

SYMBOL                  PHASE    TIME   BEHAV                     STATE      RR   DISC  TRADE
---------------------------------------------------------------------------------------------
XRPUSDT          ACCUMULATION    LATE    6.26                WATCH_LONG       —    YES     NO
ROBOUSDT         ACCUMULATION    FAIR    6.00   DIRECTION_EMERGING_LONG    0.20    YES     NO
SCRTUSDT       DISTRIBUTION_RISK    LATE    5.99                   NEUTRAL       —     NO     NO
BRETTUSDT      DISTRIBUTION_RISK    LATE    5.88   DIRECTION_EMERGING_LONG    0.03     NO     NO
HYPEUSDT          COMPRESSION    FAIR    5.58   DIRECTION_EMERGING_LONG    0.15    YES     NO
WLFIUSDT          COMPRESSION   EARLY    5.26                   NEUTRAL       —    YES     NO
XMRUSDT           COMPRESSION   EARLY    5.14                   NEUTRAL       —    YES     NO
MOODENGUSDT      ACCUMULATION    LATE    5.11   DIRECTION_EMERGING_LONG    0.13    YES     NO
AAVEUSDT       DISTRIBUTION_RISK    FAIR    5.07   DIRECTION_EMERGING_LONG    0.02     NO     NO
FLOKIUSDT            IGNITION    FAIR    4.98   DIRECTION_EMERGING_LONG    0.04     NO     NO
RIVERUSDT      DISTRIBUTION_RISK    FAIR    4.76                WATCH_LONG       —     NO     NO
ETHFIUSDT         COMPRESSION   EARLY    4.68                WATCH_LONG       —     NO     NO
JASMYUSDT        ACCUMULATION    FAIR    4.56                WATCH_LONG       —     NO     NO
BIOUSDT           COMPRESSION    FAIR    4.40   DIRECTION_EMERGING_LONG    0.26     NO     NO
NEOUSDT          ACCUMULATION    FAIR    4.35   DIRECTION_EMERGING_LONG    0.07     NO     NO
PLUMEUSDT      DISTRIBUTION_RISK    FAIR    4.33   DIRECTION_EMERGING_LONG    0.04     NO     NO
INJUSDT           COMPRESSION   EARLY    4.26                WATCH_LONG       —     NO     NO
SYRUPUSDT      DISTRIBUTION_RISK    FAIR    4.23   DIRECTION_EMERGING_LONG    0.00     NO     NO
LDOUSDT          ACCUMULATION   EARLY    4.06                WATCH_LONG       —     NO     NO
SKYAIUSDT         COMPRESSION   EARLY    4.05                   NEUTRAL       —     NO     NO
MINAUSDT         ACCUMULATION    FAIR    3.99   DIRECTION_EMERGING_LONG    0.01     NO     NO
TRXUSDT           COMPRESSION   EARLY    3.95                WATCH_LONG       —     NO     NO
JTOUSDT          ACCUMULATION   EARLY    3.88                WATCH_LONG       —     NO     NO
BGBUSDT          ACCUMULATION   EARLY    3.88                   NEUTRAL       —     NO     NO
RSRUSDT          ACCUMULATION    FAIR    3.75                WATCH_LONG       —     NO     NO
ONEUSDT          ACCUMULATION    FAIR    3.70                WATCH_LONG       —     NO     NO
SANDUSDT         ACCUMULATION    FAIR    3.44                WATCH_LONG       —     NO     NO
KAITOUSDT            RECOVERY   EARLY    3.01                WATCH_LONG       —     NO     NO
BTCUSDT          ACCUMULATION    FAIR    2.91                WATCH_LONG       —     NO     NO
GRAMUSDT         ACCUMULATION   EARLY    2.83                   NEUTRAL       —     NO     NO

V7.4 PRE-MOVE SURVEILLANCE
Eligible: 4 | Primary: 4 | Reserve: 0

PRIMARY
 1 XMRUSDT        REVERSAL       12.34 state=NEUTRAL
 2 ETHFIUSDT      CONTINUATION   10.00 state=WATCH_LONG
 3 INJUSDT        CONTINUATION    9.83 state=WATCH_LONG
 4 TRXUSDT        CONTINUATION    8.84 state=WATCH_LONG

Run ID: 14a614c93c1ab8923e367e6885fcd619
Snapshot saved: /home/runner/work/Alpha-Hunter/Alpha-Hunter/data/snapshots/snapshot-20260821T103445Z.json
State history: /home/runner/work/Alpha-Hunter/Alpha-Hunter/data/state-history.jsonl
Supabase: SAVED
Qualified discovery candidates: 6
EARLY candidates: 2
V7 Trade Ready: 0
Bitget private API: NOT_CONFIGURED
