V7.4 HOURLY PERFORMANCE TRACKER
Run ID: 14a614c93c1ab8923e367e6885fcd619

V7.4.1 SHADOW REVERSAL
 SH SYMBOL           V74     OLD   SHADOW
--------------------------------------------------
  1 XMRUSDT            1   12.34     7.73
PERFORMANCE SIGNALS SAVED: 30
FEATURE ROWS SAVED: 30
V7.4 OUTCOMES 1H: saved=10 failed=0
V7.4 OUTCOMES 4H: saved=5 failed=0
V7.4 OUTCOMES 12H: saved=9 failed=0
V7.4 OUTCOMES 24H: saved=4 failed=0
OUTCOME EVALUATION COMPLETE: saved=28 failed=0

==========================================================================================
V7.4 CURRENT SURVEILLANCE COHORT
==========================================================================================
RANK SYMBOL         TIER      PATH            SCORE STATE
------------------------------------------------------------------------------------------
   1 XMRUSDT        PRIMARY   REVERSAL        12.34 NEUTRAL
   2 ETHFIUSDT      PRIMARY   CONTINUATION    10.00 WATCH_LONG
   3 INJUSDT        PRIMARY   CONTINUATION     9.83 WATCH_LONG
   4 TRXUSDT        PRIMARY   CONTINUATION     8.84 WATCH_LONG

================================================================================================================================
V7.4 FORWARD PERFORMANCE — RAW PRICE EXPANSION
================================================================================================================================

PRIMARY / RESERVE + PATH
  H TIER      PATH              N    POS%   AVG RAW   AVG ABS    EXP3%    EXP5%   EXP10%    UP5%    DN5%
--------------------------------------------------------------------------------------------------------------------------------
  1 PRIMARY   CONTINUATION     91   68.1%    0.626%    1.498%    15.4%     5.5%     0.0%    2.2%    3.3%
  1 PRIMARY   REVERSAL         57   68.4%    0.652%    1.499%     8.8%     5.3%     0.0%    3.5%    1.8%
  1 RESERVE   CONTINUATION     51   78.4%    0.857%    1.386%     7.8%     3.9%     0.0%    2.0%    2.0%
  1 RESERVE   REVERSAL          9   55.6%    0.062%    0.650%     0.0%     0.0%     0.0%    0.0%    0.0%
  4 PRIMARY   CONTINUATION     75   76.0%    2.245%    3.090%    33.3%    21.3%     4.0%   17.3%    4.0%
  4 PRIMARY   REVERSAL         50   80.0%    1.406%    2.465%    26.0%    12.0%     0.0%   10.0%    2.0%
  4 RESERVE   CONTINUATION     46   80.4%    2.771%    3.310%    43.5%    21.7%     6.5%   19.6%    2.2%
  4 RESERVE   REVERSAL          9   55.6%   -0.035%    1.219%     0.0%     0.0%     0.0%    0.0%    0.0%
 12 PRIMARY   CONTINUATION     31   87.1%    3.931%    4.676%    64.5%    48.4%     9.7%   45.2%    3.2%
 12 PRIMARY   REVERSAL         30   83.3%    3.464%    3.956%    46.7%    33.3%    10.0%   33.3%    0.0%
 12 RESERVE   CONTINUATION     24  100.0%    6.871%    6.871%    87.5%    75.0%    20.8%   75.0%    0.0%
 12 RESERVE   REVERSAL          6   66.7%    0.220%    0.843%     0.0%     0.0%     0.0%    0.0%    0.0%

RANK QUALITY
  H RANK BUCKET         N    POS%   AVG RAW   AVG ABS    EXP3%    EXP5%   EXP10%    UP5%    DN5%
----------------------------------------------------------------------------------------------------------------
  1 TOP_1_3            93   62.4%    0.497%    1.662%    14.0%     8.6%     0.0%    4.3%    4.3%
  1 TOP_4_5            55   78.2%    0.872%    1.220%    10.9%     0.0%     0.0%    0.0%    0.0%
  1 RESERVE_6_10       60   75.0%    0.738%    1.275%     6.7%     3.3%     0.0%    1.7%    1.7%
  4 TOP_1_3            78   76.9%    1.636%    2.833%    30.8%    15.4%     2.6%   11.5%    3.8%
  4 TOP_4_5            47   78.7%    2.365%    2.851%    29.8%    21.3%     2.1%   19.1%    2.1%
  4 RESERVE_6_10       55   76.4%    2.312%    2.967%    36.4%    18.2%     5.5%   16.4%    1.8%
 12 TOP_1_3            39   84.6%    3.058%    3.698%    46.2%    30.8%     7.7%   28.2%    2.6%
 12 TOP_4_5            22   86.4%    4.843%    5.429%    72.7%    59.1%    13.6%   59.1%    0.0%
 12 RESERVE_6_10       30   93.3%    5.541%    5.666%    70.0%    60.0%    16.7%   60.0%    0.0%

Metric definitions:
AVG RAW = average raw market return from detection price.
AVG ABS = average absolute price movement regardless of direction.
EXP3/5/10 = percentage of candidates moving at least 3% / 5% / 10% in either direction.
UP5 = raw upside move >= +5%; DN5 = raw downside move <= -5%.
No V7.4 trade-direction assumption is used in these metrics.

V7.4 TRACKING JOB: PASS
