
==============================================================================================================
ALPHA HUNTER V7.5 INDEPENDENT EPISODE MARKET TRACKER
==============================================================================================================
Episodes stored: 255
Active episodes: 100

CYSUSDT        CONTINUATION  now=  -47.35% UP=   78.38% DOWN=  -50.85% 3=Y 5=Y 10=Y checks=52
BTWUSDT        CONTINUATION  now=  132.98% UP=  157.09% DOWN=    0.00% 3=Y 5=Y 10=Y checks=52
COOKIEUSDT     CONTINUATION  now=   -8.62% UP=    0.00% DOWN=  -18.26% 3=Y 5=Y 10=Y checks=52
SUIUSDT        CONTINUATION  now=   12.39% UP=   16.03% DOWN=   -7.26% 3=Y 5=Y 10=Y checks=52
SOLUSDT        CONTINUATION  now=   17.66% UP=   21.00% DOWN=   -4.13% 3=Y 5=Y 10=Y checks=52
SKYAIUSDT      REVERSAL      now=  -31.96% UP=    0.00% DOWN=  -48.62% 3=Y 5=Y 10=Y checks=52
DOGEUSDT       CONTINUATION  now=   18.21% UP=   21.34% DOWN=   -2.32% 3=Y 5=Y 10=Y checks=52
ADAUSDT        REVERSAL      now=    7.49% UP=   10.22% DOWN=  -12.70% 3=Y 5=Y 10=Y checks=52
GWEIUSDT       REVERSAL      now=   11.66% UP=   24.28% DOWN=   -2.98% 3=Y 5=Y 10=Y checks=52
BICOUSDT       REVERSAL      now=  -61.48% UP=    0.00% DOWN=  -62.36% 3=Y 5=Y 10=Y checks=52
IOTXUSDT       REVERSAL      now=    0.21% UP=    0.81% DOWN=  -11.34% 3=Y 5=Y 10=Y checks=52
MMTUSDT        REVERSAL      now=  -11.40% UP=    0.00% DOWN=  -17.89% 3=Y 5=Y 10=Y checks=52
SUIUSDT        CONTINUATION  now=   13.77% UP=   17.41% DOWN=   -6.16% 3=Y 5=Y 10=Y checks=52
MUBARAKUSDT    REVERSAL      now=    9.32% UP=   14.53% DOWN=  -24.10% 3=Y 5=Y 10=Y checks=52
4USDT          REVERSAL      now=   -5.87% UP=    0.00% DOWN=  -22.21% 3=Y 5=Y 10=Y checks=52
JTOUSDT        REVERSAL      now=    7.46% UP=   11.41% DOWN=   -0.43% 3=Y 5=Y 10=Y checks=52
FORMUSDT       REVERSAL      now=   20.18% UP=   21.37% DOWN=   -7.88% 3=Y 5=Y 10=Y checks=52
PUMPUSDT       REVERSAL      now=   37.76% UP=   39.98% DOWN=   -5.65% 3=Y 5=Y 10=Y checks=52
ACUUSDT        REVERSAL      now=    8.50% UP=   16.62% DOWN=   -4.40% 3=Y 5=Y 10=Y checks=52
HYPEUSDT       REVERSAL      now=   31.97% UP=   35.40% DOWN=   -0.62% 3=Y 5=Y 10=Y checks=52
AEONUSDT       CONTINUATION  now=    5.13% UP=   28.99% DOWN=   -6.91% 3=Y 5=Y 10=Y checks=52
BTWUSDT        CONTINUATION  now=   56.20% UP=   72.40% DOWN=  -10.16% 3=Y 5=Y 10=Y checks=52
ZECUSDT        REVERSAL      now=   27.68% UP=   30.72% DOWN=   -0.72% 3=Y 5=Y 10=Y checks=29
HYPEUSDT       REVERSAL      now=   26.49% UP=   29.76% DOWN=   -1.10% 3=Y 5=Y 10=Y checks=29
OUSDT          CONTINUATION  now=    1.00% UP=    3.69% DOWN=   -6.18% 3=Y 5=Y 10=- checks=29
LINKUSDT       CONTINUATION  now=   19.39% UP=   25.07% DOWN=    0.00% 3=Y 5=Y 10=Y checks=29
1000RATSUSDT   REVERSAL      now=   -1.83% UP=    9.83% DOWN=   -4.96% 3=Y 5=Y 10=- checks=24
SOLUSDT        CONTINUATION  now=   17.25% UP=   20.51% DOWN=   -0.19% 3=Y 5=Y 10=Y checks=24
REDUSDT        REVERSAL      now=   21.68% UP=   35.87% DOWN=   -1.25% 3=Y 5=Y 10=Y checks=24
AEONUSDT       REVERSAL      now=   -6.33% UP=    5.43% DOWN=  -13.04% 3=Y 5=Y 10=Y checks=24
BTCUSDT        CONTINUATION  now=   20.43% UP=   23.41% DOWN=   -0.08% 3=Y 5=Y 10=Y checks=24
ETHUSDT        CONTINUATION  now=   24.54% UP=   27.50% DOWN=   -0.01% 3=Y 5=Y 10=Y checks=24
LAUSDT         CONTINUATION  now=    9.10% UP=   10.49% DOWN=   -0.60% 3=Y 5=Y 10=Y checks=15
WLFIUSDT       REVERSAL      now=   -0.18% UP=    2.68% DOWN=   -2.27% 3=- 5=- 10=- checks=15
1000RATSUSDT   CONTINUATION  now=   -8.30% UP=    2.60% DOWN=   -9.56% 3=Y 5=Y 10=- checks=15
ONGUSDT        REVERSAL      now=   41.23% UP=  166.67% DOWN=   -1.60% 3=Y 5=Y 10=Y checks=15
XMRUSDT        REVERSAL      now=   -1.19% UP=    1.64% DOWN=   -2.64% 3=- 5=- 10=- checks=15
WLDUSDT        CONTINUATION  now=    8.34% UP=   10.92% DOWN=   -1.33% 3=Y 5=Y 10=Y checks=14
CAPUSDT        REVERSAL      now=    3.07% UP=    6.19% DOWN=   -8.68% 3=Y 5=Y 10=- checks=14
BRUSDT         CONTINUATION  now=    0.39% UP=    9.22% DOWN=   -5.87% 3=Y 5=Y 10=- checks=14
VVVUSDT        REVERSAL      now=    9.94% UP=   15.75% DOWN=   -0.08% 3=Y 5=Y 10=Y checks=14
MUBARAKUSDT    REVERSAL      now=   12.42% UP=   17.77% DOWN=   -4.22% 3=Y 5=Y 10=Y checks=13
TREEUSDT       REVERSAL      now=    6.91% UP=    7.28% DOWN=   -0.25% 3=Y 5=Y 10=- checks=13
ZROUSDT        CONTINUATION  now=    6.21% UP=    6.64% DOWN=   -3.38% 3=Y 5=Y 10=- checks=13
VVVUSDT        CONTINUATION  now=    7.46% UP=   13.13% DOWN=   -1.05% 3=Y 5=Y 10=Y checks=12
ACUUSDT        REVERSAL      now=   -3.42% UP=    1.11% DOWN=   -7.79% 3=Y 5=Y 10=- checks=12
1000RATSUSDT   CONTINUATION  now=   -7.68% UP=    0.63% DOWN=   -8.95% 3=Y 5=Y 10=- checks=12
LAUSDT         CONTINUATION  now=    7.74% UP=    9.11% DOWN=   -0.98% 3=Y 5=Y 10=- checks=12
NEARUSDT       CONTINUATION  now=    8.04% UP=   11.41% DOWN=   -1.95% 3=Y 5=Y 10=Y checks=10
ZROUSDT        REVERSAL      now=    9.37% UP=    9.81% DOWN=   -0.44% 3=Y 5=Y 10=- checks=10
LAUSDT         CONTINUATION  now=    6.99% UP=    8.35% DOWN=   -1.67% 3=Y 5=Y 10=- checks=10
UNIUSDT        CONTINUATION  now=    6.30% UP=   10.60% DOWN=    0.00% 3=Y 5=Y 10=Y checks=10
LITUSDT        CONTINUATION  now=   -2.98% UP=    0.71% DOWN=   -7.55% 3=Y 5=Y 10=- checks=11
ONDOUSDT       CONTINUATION  now=    4.97% UP=    7.45% DOWN=   -2.64% 3=Y 5=Y 10=- checks=11
BTWUSDT        REVERSAL      now=   20.73% UP=   32.94% DOWN=   -2.37% 3=Y 5=Y 10=Y checks=10
OPUSDT         CONTINUATION  now=    3.94% UP=    5.50% DOWN=   -3.53% 3=Y 5=Y 10=- checks=10
WLFIUSDT       REVERSAL      now=   -1.27% UP=    1.56% DOWN=   -3.33% 3=Y 5=- 10=- checks=9
LDOUSDT        CONTINUATION  now=    6.95% UP=    9.22% DOWN=   -0.18% 3=Y 5=Y 10=- checks=9
XMRUSDT        REVERSAL      now=    0.61% UP=    2.88% DOWN=   -0.82% 3=- 5=- 10=- checks=9
LITUSDT        REVERSAL      now=    2.89% UP=    5.83% DOWN=   -1.95% 3=Y 5=Y 10=- checks=9
NEARUSDT       REVERSAL      now=    9.04% UP=   12.48% DOWN=   -0.02% 3=Y 5=Y 10=Y checks=9
TREEUSDT       REVERSAL      now=    4.66% UP=    5.02% DOWN=   -1.80% 3=Y 5=Y 10=- checks=9
WLDUSDT        CONTINUATION  now=    6.30% UP=    8.84% DOWN=   -0.44% 3=Y 5=Y 10=- checks=9
LINKUSDT       CONTINUATION  now=    7.23% UP=   12.32% DOWN=   -0.89% 3=Y 5=Y 10=Y checks=9
WLDUSDT        CONTINUATION  now=    6.18% UP=    8.72% DOWN=   -0.54% 3=Y 5=Y 10=- checks=9
ZECUSDT        CONTINUATION  now=   12.73% UP=   15.33% DOWN=   -1.11% 3=Y 5=Y 10=Y checks=9
TRUMPUSDT      CONTINUATION  now=    5.24% UP=    8.07% DOWN=   -2.65% 3=Y 5=Y 10=- checks=9
UNIUSDT        CONTINUATION  now=    4.79% UP=    9.12% DOWN=   -0.65% 3=Y 5=Y 10=- checks=9
NEARUSDT       CONTINUATION  now=    8.18% UP=   11.60% DOWN=   -0.46% 3=Y 5=Y 10=Y checks=9
VVVUSDT        REVERSAL      now=    7.20% UP=   12.87% DOWN=   -1.28% 3=Y 5=Y 10=Y checks=9
TREEUSDT       REVERSAL      now=    6.13% UP=    6.49% DOWN=   -0.42% 3=Y 5=Y 10=- checks=9
ONDOUSDT       REVERSAL      now=    6.23% UP=    8.76% DOWN=   -0.11% 3=Y 5=Y 10=- checks=9
LUMIAUSDT      CONTINUATION  now=    1.51% UP=    2.19% DOWN=   -1.05% 3=- 5=- 10=- checks=9
AAVEUSDT       CONTINUATION  now=   12.58% UP=   12.64% DOWN=   -0.48% 3=Y 5=Y 10=Y checks=8
BTWUSDT        REVERSAL      now=   15.77% UP=   27.47% DOWN=   -2.82% 3=Y 5=Y 10=Y checks=7
MAGMAUSDT      CONTINUATION  now=    0.46% UP=    6.83% DOWN=   -0.21% 3=Y 5=Y 10=- checks=7
INJUSDT        CONTINUATION  now=    3.12% UP=    6.06% DOWN=   -0.27% 3=Y 5=Y 10=- checks=7
RENDERUSDT     CONTINUATION  now=    4.71% UP=    6.58% DOWN=   -0.16% 3=Y 5=Y 10=- checks=7
TRUMPUSDT      REVERSAL      now=    6.46% UP=    9.38% DOWN=   -0.18% 3=Y 5=Y 10=- checks=6
LDOUSDT        CONTINUATION  now=    5.65% UP=    7.90% DOWN=   -0.06% 3=Y 5=Y 10=- checks=6
HYPEUSDT       CONTINUATION  now=    2.21% UP=    4.78% DOWN=   -1.93% 3=Y 5=- 10=- checks=6
MONUSDT        CONTINUATION  now=    5.03% UP=    8.80% DOWN=   -0.99% 3=Y 5=Y 10=- checks=6
USELESSUSDT    CONTINUATION  now=   18.39% UP=   20.62% DOWN=   -0.47% 3=Y 5=Y 10=Y checks=6
INJUSDT        CONTINUATION  now=    2.80% UP=    5.72% DOWN=   -0.11% 3=Y 5=Y 10=- checks=5
TRUMPUSDT      CONTINUATION  now=    4.61% UP=    7.49% DOWN=   -0.24% 3=Y 5=Y 10=- checks=5
ONDOUSDT       CONTINUATION  now=    2.27% UP=    4.63% DOWN=   -0.74% 3=Y 5=- 10=- checks=5
XMRUSDT        REVERSAL      now=   -1.10% UP=    0.47% DOWN=   -2.62% 3=- 5=- 10=- checks=5
REUSDT         CONTINUATION  now=   -6.80% UP=    5.20% DOWN=   -9.86% 3=Y 5=Y 10=- checks=5
AAVEUSDT       CONTINUATION  now=   10.97% UP=   10.97% DOWN=   -0.33% 3=Y 5=Y 10=Y checks=4
BRETTUSDT      CONTINUATION  now=   10.01% UP=   10.33% DOWN=   -0.02% 3=Y 5=Y 10=Y checks=4
MAGMAUSDT      CONTINUATION  now=   -2.01% UP=    2.98% DOWN=   -2.40% 3=- 5=- 10=- checks=4
LDOUSDT        CONTINUATION  now=    0.53% UP=    2.67% DOWN=   -1.52% 3=- 5=- 10=- checks=3
TRXUSDT        CONTINUATION  now=    0.12% UP=    0.65% DOWN=   -0.05% 3=- 5=- 10=- checks=3
TRUMPUSDT      CONTINUATION  now=   -0.85% UP=    2.16% DOWN=   -3.13% 3=Y 5=- 10=- checks=3
ETHFIUSDT      CONTINUATION  now=   -1.80% UP=    1.68% DOWN=   -4.21% 3=Y 5=- 10=- checks=3
1000SATSUSDT   CONTINUATION  now=   -1.17% UP=    0.62% DOWN=   -4.67% 3=Y 5=- 10=- checks=3
INJUSDT        CONTINUATION  now=   -1.99% UP=    0.80% DOWN=   -3.13% 3=Y 5=- 10=- checks=3
BIOUSDT        CONTINUATION  now=    1.03% UP=    1.09% DOWN=   -1.37% 3=- 5=- 10=- checks=2
WLFIUSDT       CONTINUATION  now=   -1.14% UP=    1.41% DOWN=   -1.63% 3=- 5=- 10=- checks=2
XMRUSDT        REVERSAL      now=    0.11% UP=    0.11% DOWN=    0.00% 3=- 5=- 10=- checks=1

==============================================================================================================
TRACKER SUMMARY
==============================================================================================================
Checked: 100
Failed: 0
Supabase rows upserted: 255
3% episodes: 215
5% episodes: 197
10% episodes: 132

V7.5 EPISODE MARKET TRACKER: PASS
