
==============================================================================================================
ALPHA HUNTER V7.5 24H EPISODE FINALIZER
==============================================================================================================
SKIP   CYSUSDT        quality=LEGACY_PARTIAL    age= 281.75H
SKIP   BTWUSDT        quality=LEGACY_PARTIAL    age= 281.75H
SKIP   COOKIEUSDT     quality=LEGACY_PARTIAL    age= 281.75H
SKIP   SUIUSDT        quality=LEGACY_PARTIAL    age= 281.75H
SKIP   SOLUSDT        quality=LEGACY_PARTIAL    age= 281.75H
SKIP   SKYAIUSDT      quality=LEGACY_PARTIAL    age= 281.75H
SKIP   DOGEUSDT       quality=LEGACY_PARTIAL    age= 281.75H
SKIP   ADAUSDT        quality=LEGACY_PARTIAL    age= 281.75H
SKIP   GWEIUSDT       quality=LEGACY_PARTIAL    age= 275.58H
SKIP   BICOUSDT       quality=LEGACY_PARTIAL    age= 275.58H
SKIP   IOTXUSDT       quality=LEGACY_PARTIAL    age= 275.58H
SKIP   MMTUSDT        quality=LEGACY_PARTIAL    age= 275.58H
SKIP   SUIUSDT        quality=LEGACY_PARTIAL    age= 275.58H
SKIP   MUBARAKUSDT    quality=LEGACY_PARTIAL    age= 158.34H
SKIP   4USDT          quality=LEGACY_PARTIAL    age= 158.34H
SKIP   JTOUSDT        quality=LEGACY_PARTIAL    age= 158.34H
SKIP   FORMUSDT       quality=LEGACY_PARTIAL    age= 158.34H
SKIP   PUMPUSDT       quality=LEGACY_PARTIAL    age= 157.27H
SKIP   ACUUSDT        quality=LEGACY_PARTIAL    age= 148.47H
SKIP   HYPEUSDT       quality=LEGACY_PARTIAL    age= 148.47H
SKIP   AEONUSDT       quality=LEGACY_PARTIAL    age= 147.45H
SKIP   BTWUSDT        quality=LEGACY_PARTIAL    age= 147.45H
WAIT   ZECUSDT        age=   0.00H UP=   30.72% DOWN=   -0.72%
WAIT   HYPEUSDT       age=   0.00H UP=   29.76% DOWN=   -1.10%
WAIT   OUSDT          age=   0.00H UP=    3.69% DOWN=   -6.18%
WAIT   LINKUSDT       age=   0.00H UP=   25.07% DOWN=    0.00%
WAIT   1000RATSUSDT   age=   0.00H UP=    9.83% DOWN=   -4.96%
WAIT   SOLUSDT        age=   0.00H UP=   20.51% DOWN=   -0.19%
WAIT   REDUSDT        age=   0.00H UP=   35.87% DOWN=   -1.25%
WAIT   AEONUSDT       age=   0.00H UP=    5.43% DOWN=  -13.04%
WAIT   BTCUSDT        age=   0.00H UP=   23.41% DOWN=   -0.08%
WAIT   ETHUSDT        age=   0.00H UP=   27.50% DOWN=   -0.01%
WAIT   LAUSDT         age=  23.09H UP=   10.49% DOWN=   -0.60%
WAIT   WLFIUSDT       age=  23.09H UP=    2.68% DOWN=   -2.27%
WAIT   1000RATSUSDT   age=  23.09H UP=    2.60% DOWN=   -9.56%
WAIT   ONGUSDT        age=  23.09H UP=  166.67% DOWN=   -1.60%
WAIT   XMRUSDT        age=  23.09H UP=    1.64% DOWN=   -2.64%
WAIT   WLDUSDT        age=  21.66H UP=   10.92% DOWN=   -1.33%
WAIT   CAPUSDT        age=  21.66H UP=    6.19% DOWN=   -8.68%
WAIT   BRUSDT         age=  21.66H UP=    9.22% DOWN=   -5.87%
WAIT   VVVUSDT        age=  21.66H UP=   15.75% DOWN=   -0.08%
WAIT   MUBARAKUSDT    age=  20.74H UP=   17.77% DOWN=   -4.22%
WAIT   TREEUSDT       age=  20.74H UP=    7.28% DOWN=   -0.25%
WAIT   ZROUSDT        age=  20.74H UP=    6.64% DOWN=   -3.38%
WAIT   VVVUSDT        age=  19.92H UP=   13.13% DOWN=   -1.05%
WAIT   ACUUSDT        age=  19.92H UP=    1.11% DOWN=   -7.79%
WAIT   1000RATSUSDT   age=  19.92H UP=    0.63% DOWN=   -8.95%
WAIT   LAUSDT         age=  19.92H UP=    9.11% DOWN=   -0.98%
WAIT   NEARUSDT       age=  18.04H UP=   11.41% DOWN=   -1.95%
WAIT   ZROUSDT        age=  18.04H UP=    9.81% DOWN=   -0.44%
WAIT   LAUSDT         age=  18.04H UP=    8.35% DOWN=   -1.67%
WAIT   UNIUSDT        age=  18.04H UP=   10.60% DOWN=    0.00%
WAIT   LITUSDT        age=  17.94H UP=    0.71% DOWN=   -7.55%
WAIT   ONDOUSDT       age=  17.94H UP=    7.45% DOWN=   -2.64%
WAIT   BTWUSDT        age=  17.04H UP=   32.94% DOWN=   -2.37%
WAIT   OPUSDT         age=  17.04H UP=    5.50% DOWN=   -3.53%
WAIT   WLFIUSDT       age=  14.05H UP=    1.56% DOWN=   -3.33%
WAIT   LDOUSDT        age=  14.05H UP=    9.22% DOWN=   -0.18%
WAIT   XMRUSDT        age=  14.05H UP=    2.88% DOWN=   -0.82%
WAIT   LITUSDT        age=  14.05H UP=    5.83% DOWN=   -1.95%
WAIT   NEARUSDT       age=  14.05H UP=   12.48% DOWN=   -0.02%
WAIT   TREEUSDT       age=  14.05H UP=    5.02% DOWN=   -1.80%
WAIT   WLDUSDT        age=  14.05H UP=    8.84% DOWN=   -0.44%
WAIT   LINKUSDT       age=  12.96H UP=   12.32% DOWN=   -0.89%
WAIT   WLDUSDT        age=  12.96H UP=    8.72% DOWN=   -0.54%
WAIT   ZECUSDT        age=  12.96H UP=   15.33% DOWN=   -1.11%
WAIT   TRUMPUSDT      age=  12.96H UP=    8.07% DOWN=   -2.65%
WAIT   UNIUSDT        age=  12.96H UP=    9.12% DOWN=   -0.65%
WAIT   NEARUSDT       age=  12.96H UP=   11.60% DOWN=   -0.46%
WAIT   VVVUSDT        age=  12.96H UP=   12.87% DOWN=   -1.28%
WAIT   TREEUSDT       age=  12.96H UP=    6.49% DOWN=   -0.42%
WAIT   ONDOUSDT       age=  12.96H UP=    8.76% DOWN=   -0.11%
WAIT   LUMIAUSDT      age=  12.96H UP=    2.19% DOWN=   -1.05%
WAIT   AAVEUSDT       age=  11.11H UP=   12.64% DOWN=   -0.48%
WAIT   BTWUSDT        age=   9.12H UP=   27.47% DOWN=   -2.82%
WAIT   MAGMAUSDT      age=   9.12H UP=    6.83% DOWN=   -0.21%
WAIT   INJUSDT        age=   9.12H UP=    6.06% DOWN=   -0.27%
WAIT   RENDERUSDT     age=   9.12H UP=    6.58% DOWN=   -0.16%
WAIT   TRUMPUSDT      age=   7.48H UP=    9.38% DOWN=   -0.18%
WAIT   LDOUSDT        age=   7.48H UP=    7.90% DOWN=   -0.06%
WAIT   HYPEUSDT       age=   7.48H UP=    4.78% DOWN=   -1.93%
WAIT   MONUSDT        age=   7.48H UP=    8.80% DOWN=   -0.99%
WAIT   USELESSUSDT    age=   7.48H UP=   20.62% DOWN=   -0.47%
WAIT   INJUSDT        age=   5.89H UP=    5.72% DOWN=   -0.11%
WAIT   TRUMPUSDT      age=   5.89H UP=    7.49% DOWN=   -0.24%
WAIT   ONDOUSDT       age=   5.89H UP=    4.63% DOWN=   -0.74%
WAIT   XMRUSDT        age=   5.89H UP=    0.47% DOWN=   -2.62%
WAIT   REUSDT         age=   5.89H UP=    5.20% DOWN=   -9.86%
WAIT   AAVEUSDT       age=   4.98H UP=   10.97% DOWN=   -0.33%
WAIT   BRETTUSDT      age=   4.98H UP=   10.33% DOWN=   -0.02%
WAIT   MAGMAUSDT      age=   4.98H UP=    2.98% DOWN=   -2.40%
WAIT   LDOUSDT        age=   1.84H UP=    2.67% DOWN=   -1.52%
WAIT   TRXUSDT        age=   1.84H UP=    0.65% DOWN=   -0.05%
WAIT   TRUMPUSDT      age=   1.84H UP=    2.16% DOWN=   -3.13%
WAIT   ETHFIUSDT      age=   1.84H UP=    1.68% DOWN=   -4.21%
WAIT   1000SATSUSDT   age=   1.84H UP=    0.62% DOWN=   -4.67%
WAIT   INJUSDT        age=   1.84H UP=    0.80% DOWN=   -3.13%
WAIT   BIOUSDT        age=   0.91H UP=    1.09% DOWN=   -1.37%
WAIT   WLFIUSDT       age=   0.91H UP=    1.41% DOWN=   -1.63%
WAIT   XMRUSDT        age=   0.02H UP=    0.11% DOWN=    0.00%

==============================================================================================================
FINALIZER SUMMARY
==============================================================================================================
Episodes: 255
Finalized this run: 0
Waiting for 24H: 78
Legacy partial skipped: 22
Already finalized: 155
Supabase rows upserted: 255

V7.5 EPISODE FINALIZER: PASS
