
======================================================================================================================
ALPHA HUNTER V7.6 DIRECTION-PROOF ENGINE — SHADOW
======================================================================================================================
Eligible forward episodes: 78

SYMBOL         PATH          DIR         CONF   LONG   SHORT       15M        1H
----------------------------------------------------------------------------------------------------------------------
ZECUSDT        REVERSAL      LONG       87.5%   7.00    0.00   BULLISH   BULLISH
HYPEUSDT       REVERSAL      UNKNOWN     0.0%   3.50    0.00     MIXED   BULLISH
OUSDT          CONTINUATION  LONG       75.0%   6.00    0.00   BULLISH   BULLISH
LINKUSDT       CONTINUATION  UNKNOWN     0.0%   3.50    3.50     MIXED   BULLISH
1000RATSUSDT   REVERSAL      UNKNOWN     0.0%   0.00    3.00   BEARISH   BEARISH
SOLUSDT        CONTINUATION  UNKNOWN     0.0%   3.50    2.00     MIXED   BULLISH
REDUSDT        REVERSAL      LONG       52.5%   4.50    1.00   BULLISH   BULLISH
AEONUSDT       REVERSAL      LONG       75.0%   6.00    0.00   BULLISH     MIXED
BTCUSDT        CONTINUATION  LONG       58.8%   5.00    1.00     MIXED   BULLISH
ETHUSDT        CONTINUATION  UNKNOWN     0.0%   3.50    0.00     MIXED   BULLISH
LAUSDT         CONTINUATION  LONG       75.0%   6.00    0.00   BULLISH   BULLISH
WLFIUSDT       REVERSAL      UNKNOWN     0.0%   1.50    2.00     MIXED     MIXED
1000RATSUSDT   CONTINUATION  UNKNOWN     0.0%   0.00    3.00   BEARISH   BEARISH
ONGUSDT        REVERSAL      SHORT      58.8%   1.00    5.00   BEARISH     MIXED
XMRUSDT        REVERSAL      UNKNOWN     0.0%   1.00    3.50     MIXED   BEARISH
WLDUSDT        CONTINUATION  LONG       83.8%   7.00    1.00   BULLISH   BULLISH
CAPUSDT        REVERSAL      LONG       75.0%   6.00    0.00   BULLISH   BULLISH
BRUSDT         CONTINUATION  UNKNOWN     0.0%   1.50    2.50     MIXED     MIXED
VVVUSDT        REVERSAL      UNKNOWN     0.0%   3.50    2.50     MIXED   BULLISH
MUBARAKUSDT    REVERSAL      LONG       63.1%   5.50    1.50   BULLISH   BULLISH
TREEUSDT       REVERSAL      LONG      100.0%   8.00    0.00   BULLISH   BULLISH
ZROUSDT        CONTINUATION  LONG      100.0%   8.00    0.00   BULLISH   BULLISH
VVVUSDT        CONTINUATION  UNKNOWN     0.0%   3.50    2.50     MIXED   BULLISH
ACUUSDT        REVERSAL      SHORT      52.5%   1.00    4.50   BEARISH   BEARISH
1000RATSUSDT   CONTINUATION  UNKNOWN     0.0%   0.00    3.00   BEARISH   BEARISH
LAUSDT         CONTINUATION  LONG       75.0%   6.00    0.00   BULLISH   BULLISH
NEARUSDT       CONTINUATION  UNKNOWN     0.0%   3.50    1.50     MIXED   BULLISH
ZROUSDT        REVERSAL      LONG      100.0%   8.00    0.00   BULLISH   BULLISH
LAUSDT         CONTINUATION  LONG       75.0%   6.00    0.00   BULLISH   BULLISH
UNIUSDT        CONTINUATION  UNKNOWN     0.0%   3.50    1.00     MIXED   BULLISH
LITUSDT        CONTINUATION  UNKNOWN     0.0%   3.50    1.50     MIXED   BULLISH
ONDOUSDT       CONTINUATION  UNKNOWN     0.0%   3.50    1.00     MIXED   BULLISH
BTWUSDT        REVERSAL      LONG       68.8%   5.50    0.00   BULLISH   BULLISH
OPUSDT         CONTINUATION  LONG       58.8%   5.00    1.00     MIXED   BULLISH
WLFIUSDT       REVERSAL      UNKNOWN     0.0%   1.50    2.00     MIXED     MIXED
LDOUSDT        CONTINUATION  LONG       75.0%   6.00    0.00   BULLISH   BULLISH
XMRUSDT        REVERSAL      UNKNOWN     0.0%   1.00    3.50     MIXED   BEARISH
LITUSDT        REVERSAL      UNKNOWN     0.0%   3.50    1.50     MIXED   BULLISH
NEARUSDT       REVERSAL      UNKNOWN     0.0%   3.50    1.50     MIXED   BULLISH
TREEUSDT       REVERSAL      LONG      100.0%   8.00    0.00   BULLISH   BULLISH
WLDUSDT        CONTINUATION  LONG       83.8%   7.00    1.00   BULLISH   BULLISH
LINKUSDT       CONTINUATION  UNKNOWN     0.0%   3.50    3.50     MIXED   BULLISH
WLDUSDT        CONTINUATION  LONG       83.8%   7.00    1.00   BULLISH   BULLISH
ZECUSDT        CONTINUATION  LONG       87.5%   7.00    0.00   BULLISH   BULLISH
TRUMPUSDT      CONTINUATION  UNKNOWN     0.0%   3.50    1.00     MIXED   BULLISH
UNIUSDT        CONTINUATION  UNKNOWN     0.0%   3.50    1.00     MIXED   BULLISH
NEARUSDT       CONTINUATION  UNKNOWN     0.0%   3.50    1.50     MIXED   BULLISH
VVVUSDT        REVERSAL      UNKNOWN     0.0%   3.50    2.50     MIXED   BULLISH
TREEUSDT       REVERSAL      LONG      100.0%   8.00    0.00   BULLISH   BULLISH
ONDOUSDT       REVERSAL      UNKNOWN     0.0%   3.50    1.00     MIXED   BULLISH
LUMIAUSDT      CONTINUATION  LONG       83.8%   7.00    1.00   BULLISH   BULLISH
AAVEUSDT       CONTINUATION  LONG      100.0%   8.00    0.00   BULLISH   BULLISH
BTWUSDT        REVERSAL      LONG       68.8%   5.50    0.00   BULLISH   BULLISH
MAGMAUSDT      CONTINUATION  SHORT      75.0%   0.00    6.00   BEARISH     MIXED
INJUSDT        CONTINUATION  UNKNOWN     0.0%   3.50    0.00     MIXED   BULLISH
RENDERUSDT     CONTINUATION  LONG       56.2%   4.50    0.00   BULLISH   BULLISH
TRUMPUSDT      REVERSAL      UNKNOWN     0.0%   3.50    1.00     MIXED   BULLISH
LDOUSDT        CONTINUATION  LONG       75.0%   6.00    0.00   BULLISH   BULLISH
HYPEUSDT       CONTINUATION  UNKNOWN     0.0%   3.50    0.00     MIXED   BULLISH
MONUSDT        CONTINUATION  LONG       65.0%   5.50    1.00   BULLISH   BULLISH
USELESSUSDT    CONTINUATION  LONG       87.5%   7.00    0.00   BULLISH   BULLISH
INJUSDT        CONTINUATION  UNKNOWN     0.0%   3.50    0.00     MIXED   BULLISH
TRUMPUSDT      CONTINUATION  LONG       58.8%   5.00    1.00     MIXED   BULLISH
ONDOUSDT       CONTINUATION  UNKNOWN     0.0%   3.50    1.00     MIXED   BULLISH
XMRUSDT        REVERSAL      UNKNOWN     0.0%   1.00    3.50     MIXED   BEARISH
REUSDT         CONTINUATION  SHORT      52.5%   1.00    4.50     MIXED   BEARISH
AAVEUSDT       CONTINUATION  LONG      100.0%   8.00    0.00   BULLISH   BULLISH
BRETTUSDT      CONTINUATION  LONG      100.0%   8.00    0.00   BULLISH   BULLISH
MAGMAUSDT      CONTINUATION  SHORT      75.0%   0.00    6.00   BEARISH     MIXED
LDOUSDT        CONTINUATION  LONG       75.0%   6.00    0.00   BULLISH   BULLISH
TRXUSDT        CONTINUATION  UNKNOWN     0.0%   3.50    0.00     MIXED   BULLISH
TRUMPUSDT      CONTINUATION  LONG       58.8%   5.00    1.00     MIXED   BULLISH
ETHFIUSDT      CONTINUATION  UNKNOWN     0.0%   1.50    2.50     MIXED     MIXED
1000SATSUSDT   CONTINUATION  LONG       87.5%   7.00    0.00   BULLISH   BULLISH
INJUSDT        CONTINUATION  UNKNOWN     0.0%   3.50    0.00     MIXED   BULLISH
BIOUSDT        CONTINUATION  LONG       68.8%   5.50    0.00   BULLISH   BULLISH
WLFIUSDT       CONTINUATION  UNKNOWN     0.0%   1.50    2.00     MIXED     MIXED
XMRUSDT        REVERSAL      UNKNOWN     0.0%   2.50    3.50     MIXED   BEARISH

======================================================================================================================
V7.6 SHADOW SUMMARY
======================================================================================================================
Evaluated: 78
LONG: 36
SHORT: 5
UNKNOWN: 37
Failures: 0
Supabase shadow rows saved: 78
Direction state rows saved: 78
Immutable transition rows saved: 78
Transition run ID: cloud5d-20260821T103405Z
Direction emerging: 7
Direction confirmed: 34
Lost confirmation: 27

IMPORTANT: V7.6 IS SHADOW ONLY.
No trade permission was generated.

V7.6 DIRECTION SHADOW: PASS
