
======================================================================================================================
ALPHA HUNTER V7.6 POST-CONFIRMATION OUTCOME TRACKER — SHADOW
======================================================================================================================
Confirmed outcome rows: 214
Created this run: 2

ZROUSDT        LONG   quality=FORWARD_COMPLETE now=   3.99% MFE=   4.28% MAE=  -0.10% lost=- done=-
LITUSDT        SHORT  quality=FORWARD_COMPLETE now=  -5.28% MFE=   0.15% MAE=  -7.77% lost=Y done=-
WLFIUSDT       LONG   quality=FORWARD_COMPLETE now=  -1.06% MFE=   1.40% MAE=  -1.64% lost=Y done=-
XMRUSDT        SHORT  quality=FORWARD_COMPLETE now=  -0.79% MFE=   0.00% MAE=  -1.24% lost=Y done=-
LITUSDT        SHORT  quality=FORWARD_COMPLETE now=  -5.39% MFE=   0.27% MAE=  -7.65% lost=Y done=-
CAPUSDT        SHORT  quality=FORWARD_COMPLETE now=  -2.17% MFE=   8.88% MAE=  -5.96% lost=Y done=-
LAUSDT         LONG   quality=FORWARD_COMPLETE now=   6.58% MFE=   7.66% MAE=  -2.30% lost=Y done=-
LAUSDT         LONG   quality=FORWARD_COMPLETE now=   6.58% MFE=   7.66% MAE=  -2.30% lost=Y done=-
WLDUSDT        SHORT  quality=FORWARD_COMPLETE now=  -9.99% MFE=   0.36% MAE= -11.98% lost=Y done=-
CAPUSDT        SHORT  quality=FORWARD_COMPLETE now=  -2.17% MFE=   8.88% MAE=  -5.96% lost=- done=-
LAUSDT         LONG   quality=FORWARD_COMPLETE now=   6.58% MFE=   7.66% MAE=  -2.30% lost=- done=-
LAUSDT         LONG   quality=FORWARD_COMPLETE now=   6.58% MFE=   7.66% MAE=  -2.30% lost=- done=-
TREEUSDT       SHORT  quality=FORWARD_COMPLETE now=  -6.13% MFE=   0.42% MAE=  -6.49% lost=Y done=-
MUBARAKUSDT    SHORT  quality=FORWARD_COMPLETE now= -13.52% MFE=   3.73% MAE= -18.38% lost=Y done=-
PUMPUSDT       LONG   quality=FORWARD_COMPLETE now=  16.25% MFE=  17.40% MAE=  -0.83% lost=- done=-
TRXUSDT        LONG   quality=FORWARD_COMPLETE now=   0.89% MFE=   1.36% MAE=  -0.21% lost=Y done=-
AEONUSDT       SHORT  quality=FORWARD_COMPLETE now=  -2.87% MFE=   4.63% MAE=  -4.85% lost=Y done=-
ONDOUSDT       LONG   quality=FORWARD_COMPLETE now=   4.49% MFE=   6.61% MAE=  -3.40% lost=Y done=-
TRUMPUSDT      LONG   quality=FORWARD_COMPLETE now=   2.71% MFE=   5.71% MAE=   0.00% lost=Y done=-
ZECUSDT        LONG   quality=FORWARD_COMPLETE now=   6.52% MFE=   8.45% MAE=  -1.39% lost=- done=-
ONGUSDT        SHORT  quality=FORWARD_COMPLETE now= -41.58% MFE=   0.18% MAE=-166.98% lost=Y done=-
AEONUSDT       SHORT  quality=FORWARD_COMPLETE now=  -2.87% MFE=   4.63% MAE=  -4.85% lost=Y done=-
ZROUSDT        LONG   quality=FORWARD_COMPLETE now=   6.79% MFE=   7.12% MAE=  -3.10% lost=Y done=-
UNIUSDT        LONG   quality=FORWARD_COMPLETE now=   2.52% MFE=   6.37% MAE=  -0.79% lost=Y done=-
LDOUSDT        LONG   quality=FORWARD_COMPLETE now=   5.44% MFE=   7.17% MAE=  -0.76% lost=Y done=-
ONGUSDT        SHORT  quality=FORWARD_COMPLETE now= -41.58% MFE=   0.18% MAE=-166.98% lost=Y done=-
1000RATSUSDT   LONG   quality=FORWARD_COMPLETE now=  -9.22% MFE=   0.79% MAE= -10.67% lost=Y done=-
VVVUSDT        LONG   quality=FORWARD_COMPLETE now=   6.84% MFE=  12.21% MAE=  -1.85% lost=Y done=-
OPUSDT         LONG   quality=FORWARD_COMPLETE now=   2.56% MFE=   4.09% MAE=  -1.43% lost=Y done=-
LAUSDT         LONG   quality=FORWARD_COMPLETE now=   5.45% MFE=   6.51% MAE=  -3.34% lost=Y done=-
LAUSDT         LONG   quality=FORWARD_COMPLETE now=   6.58% MFE=   7.66% MAE=  -2.30% lost=- done=-
XMRUSDT        LONG   quality=FORWARD_COMPLETE now=  -2.07% MFE=   0.47% MAE=  -3.77% lost=Y done=-
LDOUSDT        LONG   quality=FORWARD_COMPLETE now=   4.86% MFE=   6.67% MAE=  -0.12% lost=- done=-
VVVUSDT        LONG   quality=FORWARD_COMPLETE now=   6.84% MFE=  12.21% MAE=  -1.85% lost=- done=-
LAUSDT         LONG   quality=FORWARD_COMPLETE now=   6.58% MFE=   7.66% MAE=  -2.30% lost=Y done=-
VVVUSDT        LONG   quality=FORWARD_COMPLETE now=   6.84% MFE=  12.21% MAE=  -1.85% lost=Y done=-
WLFIUSDT       LONG   quality=FORWARD_COMPLETE now=  -0.96% MFE=   1.76% MAE=  -3.14% lost=Y done=-
XMRUSDT        LONG   quality=FORWARD_COMPLETE now=  -2.07% MFE=   0.47% MAE=  -3.77% lost=Y done=-
NEARUSDT       LONG   quality=FORWARD_COMPLETE now=   6.84% MFE=  10.00% MAE=  -0.89% lost=Y done=-
TREEUSDT       LONG   quality=FORWARD_COMPLETE now=   2.28% MFE=   2.63% MAE=  -3.41% lost=Y done=-
1000RATSUSDT   SHORT  quality=FORWARD_COMPLETE now=   4.12% MFE=   5.65% MAE=  -2.06% lost=Y done=-
ACUUSDT        SHORT  quality=FORWARD_COMPLETE now=  -2.13% MFE=   1.81% MAE=  -6.54% lost=Y done=-
NEARUSDT       LONG   quality=FORWARD_COMPLETE now=   7.47% MFE=  10.65% MAE=  -2.78% lost=Y done=-
POLUSDT        LONG   quality=FORWARD_COMPLETE now=  11.66% MFE=  12.77% MAE=  -4.41% lost=Y done=-
WLDUSDT        LONG   quality=FORWARD_COMPLETE now=   5.30% MFE=   7.34% MAE=  -0.81% lost=Y done=-
NEARUSDT       LONG   quality=FORWARD_COMPLETE now=   6.56% MFE=   9.72% MAE=  -1.15% lost=Y done=-
TREEUSDT       LONG   quality=FORWARD_COMPLETE now=   2.28% MFE=   2.63% MAE=  -3.41% lost=Y done=-
LINKUSDT       LONG   quality=FORWARD_COMPLETE now=   5.67% MFE=  10.60% MAE=  -0.05% lost=Y done=-
WLDUSDT        LONG   quality=FORWARD_COMPLETE now=   5.04% MFE=   7.08% MAE=  -1.05% lost=Y done=-
UNIUSDT        LONG   quality=FORWARD_COMPLETE now=   2.44% MFE=   6.37% MAE=  -0.79% lost=Y done=-
ONDOUSDT       LONG   quality=FORWARD_COMPLETE now=   4.28% MFE=   6.31% MAE=  -0.33% lost=Y done=-
AAVEUSDT       LONG   quality=FORWARD_COMPLETE now=  13.21% MFE=  13.39% MAE=  -0.21% lost=Y done=-
BRETTUSDT      LONG   quality=FORWARD_COMPLETE now=   3.72% MFE=   4.02% MAE=  -3.00% lost=- done=-
VVVUSDT        LONG   quality=FORWARD_COMPLETE now=  -3.94% MFE=   0.18% MAE=  -4.36% lost=Y done=-
LUMIAUSDT      LONG   quality=FORWARD_COMPLETE now=   0.36% MFE=   1.02% MAE=  -1.22% lost=- done=-
BTWUSDT        LONG   quality=FORWARD_COMPLETE now=   7.93% MFE=  18.69% MAE=  -7.76% lost=- done=-
BTWUSDT        LONG   quality=FORWARD_COMPLETE now=   7.98% MFE=  18.74% MAE=  -7.72% lost=- done=-
MAGMAUSDT      LONG   quality=FORWARD_COMPLETE now=  -2.94% MFE=   1.63% MAE=  -3.68% lost=Y done=-
RENDERUSDT     LONG   quality=FORWARD_COMPLETE now=   4.05% MFE=   5.94% MAE=  -0.31% lost=Y done=-
TRUMPUSDT      LONG   quality=FORWARD_COMPLETE now=   2.35% MFE=   5.40% MAE=  -0.29% lost=Y done=-
USELESSUSDT    LONG   quality=FORWARD_COMPLETE now=  13.15% MFE=  15.07% MAE=  -0.76% lost=- done=-
TRUMPUSDT      LONG   quality=FORWARD_COMPLETE now=   2.35% MFE=   5.40% MAE=  -0.29% lost=- done=-
REUSDT         LONG   quality=FORWARD_COMPLETE now= -10.08% MFE=   0.14% MAE= -13.23% lost=Y done=-
HYPEUSDT       LONG   quality=FORWARD_COMPLETE now=  -1.75% MFE=   0.36% MAE=  -3.57% lost=Y done=-
MONUSDT        LONG   quality=FORWARD_COMPLETE now=  -2.11% MFE=   0.70% MAE=  -5.50% lost=Y done=-
ONDOUSDT       LONG   quality=FORWARD_COMPLETE now=  -0.93% MFE=   1.11% MAE=  -2.86% lost=Y done=-
INJUSDT        LONG   quality=FORWARD_COMPLETE now=  -1.69% MFE=   0.82% MAE=  -3.11% lost=Y done=-
INJUSDT        LONG   quality=FORWARD_COMPLETE now=  -1.70% MFE=   0.80% MAE=  -3.13% lost=Y done=-
XMRUSDT        SHORT  quality=FORWARD_COMPLETE now=  -0.71% MFE=   0.08% MAE=  -1.15% lost=Y done=-
1000SATSUSDT   LONG   quality=FORWARD_COMPLETE now=   0.63% MFE=   1.42% MAE=  -0.71% lost=- done=-
INJUSDT        LONG   quality=FORWARD_COMPLETE now=   0.02% MFE=   0.84% MAE=  -0.45% lost=Y done=-
TRUMPUSDT      LONG   quality=FORWARD_COMPLETE now=  -0.97% MFE=   1.59% MAE=  -1.19% lost=- done=-
TRXUSDT        LONG   quality=FORWARD_COMPLETE now=  -0.37% MFE=   0.10% MAE=  -0.44% lost=Y done=-
LDOUSDT        LONG   quality=FORWARD_COMPLETE now=  -0.50% MFE=   1.22% MAE=  -1.42% lost=- done=-
AAVEUSDT       LONG   quality=FORWARD_COMPLETE now=  -0.03% MFE=   0.15% MAE=  -0.14% lost=- done=-
BIOUSDT        LONG   quality=FORWARD_COMPLETE now=  -0.03% MFE=   0.15% MAE=  -0.03% lost=- done=-

======================================================================================================================
POST-CONFIRMATION TRACKER SUMMARY
======================================================================================================================
Outcome rows: 214
Created this run: 2
Tracked this run: 76
Failed: 0
Supabase rows upserted: 214
Forward complete: 214
Completed 24H: 138

IMPORTANT: OUTCOME TRACKER IS MEASUREMENT ONLY.
No trade permission was generated.

V7.6 POST-CONFIRMATION OUTCOME TRACKER: PASS
