
==============================================================================================================
ALPHA HUNTER V7.5 24H EPISODE FINALIZER
==============================================================================================================
SKIP   ADAUSDT        quality=LEGACY_PARTIAL    age= 270.66H
SKIP   DOGEUSDT       quality=LEGACY_PARTIAL    age= 270.66H
SKIP   SKYAIUSDT      quality=LEGACY_PARTIAL    age= 270.66H
SKIP   SOLUSDT        quality=LEGACY_PARTIAL    age= 270.66H
SKIP   SUIUSDT        quality=LEGACY_PARTIAL    age= 270.66H
SKIP   COOKIEUSDT     quality=LEGACY_PARTIAL    age= 270.66H
SKIP   BTWUSDT        quality=LEGACY_PARTIAL    age= 270.66H
SKIP   CYSUSDT        quality=LEGACY_PARTIAL    age= 270.66H
SKIP   GWEIUSDT       quality=LEGACY_PARTIAL    age= 264.49H
SKIP   BICOUSDT       quality=LEGACY_PARTIAL    age= 264.49H
SKIP   SUIUSDT        quality=LEGACY_PARTIAL    age= 264.49H
SKIP   MMTUSDT        quality=LEGACY_PARTIAL    age= 264.49H
SKIP   IOTXUSDT       quality=LEGACY_PARTIAL    age= 264.49H
SKIP   FORMUSDT       quality=LEGACY_PARTIAL    age= 147.25H
SKIP   JTOUSDT        quality=LEGACY_PARTIAL    age= 147.25H
SKIP   4USDT          quality=LEGACY_PARTIAL    age= 147.25H
SKIP   MUBARAKUSDT    quality=LEGACY_PARTIAL    age= 147.25H
SKIP   PUMPUSDT       quality=LEGACY_PARTIAL    age= 146.18H
SKIP   HYPEUSDT       quality=LEGACY_PARTIAL    age= 137.39H
SKIP   ACUUSDT        quality=LEGACY_PARTIAL    age= 137.39H
SKIP   BTWUSDT        quality=LEGACY_PARTIAL    age= 136.36H
SKIP   AEONUSDT       quality=LEGACY_PARTIAL    age= 136.36H
WAIT   LINKUSDT       age=   0.00H UP=   14.63% DOWN=    0.00%
WAIT   OUSDT          age=   0.00H UP=    3.69% DOWN=   -6.18%
WAIT   HYPEUSDT       age=   0.00H UP=   28.10% DOWN=   -1.10%
WAIT   ZECUSDT        age=   0.00H UP=   18.15% DOWN=   -0.72%
WAIT   1000RATSUSDT   age=   0.00H UP=    9.83% DOWN=   -4.96%
WAIT   ETHUSDT        age=   0.00H UP=   22.81% DOWN=   -0.01%
WAIT   BTCUSDT        age=   0.00H UP=   13.81% DOWN=   -0.08%
WAIT   AEONUSDT       age=   0.00H UP=    5.43% DOWN=  -13.04%
WAIT   REDUSDT        age=   0.00H UP=   35.87% DOWN=   -1.25%
WAIT   SOLUSDT        age=   0.00H UP=   13.63% DOWN=   -0.19%
FINAL  CAPUSDT        direction=DOWN  UP=    2.43% DOWN=   -8.83% class=MAJOR_EXPANSION_DOWN
FINAL  LAUSDT         direction=UP    UP=    3.76% DOWN=   -2.33% class=GOOD_DETECTION_UP
FINAL  ACEUSDT        direction=UP    UP=   50.31% DOWN=   -6.91% class=HUGE_EXPANSION_UP
FINAL  OPNUSDT        direction=UP    UP=    3.44% DOWN=   -2.15% class=GOOD_DETECTION_UP
FINAL  POLUSDT        direction=DOWN  UP=    1.54% DOWN=   -3.43% class=GOOD_DETECTION_DOWN
FINAL  LAUSDT         direction=UP    UP=    3.78% DOWN=   -2.32% class=GOOD_DETECTION_UP
FINAL  PUMPUSDT       direction=UP    UP=   27.71% DOWN=   -0.32% class=HUGE_EXPANSION_UP
WAIT   TRXUSDT        age=  17.92H UP=    2.34% DOWN=    0.00%
WAIT   ONGUSDT        age=  17.92H UP=   88.35% DOWN=   -4.60%
WAIT   CAPUSDT        age=  15.77H UP=    4.34% DOWN=   -6.68%
WAIT   LAUSDT         age=  15.77H UP=    5.99% DOWN=    0.00%
WAIT   AEONUSDT       age=  15.77H UP=    0.20% DOWN=  -13.81%
WAIT   VVVUSDT        age=  15.77H UP=    6.34% DOWN=   -0.75%
WAIT   XMRUSDT        age=  15.77H UP=    2.93% DOWN=   -1.41%
WAIT   1000RATSUSDT   age=  12.00H UP=    2.60% DOWN=   -5.06%
WAIT   LAUSDT         age=  12.00H UP=    5.07% DOWN=   -0.60%
WAIT   XMRUSDT        age=  12.00H UP=    1.64% DOWN=   -2.64%
WAIT   ONGUSDT        age=  12.00H UP=   94.28% DOWN=   -1.60%
WAIT   WLFIUSDT       age=  12.00H UP=    2.25% DOWN=   -1.99%
WAIT   VVVUSDT        age=  10.57H UP=    5.64% DOWN=   -0.08%
WAIT   BRUSDT         age=  10.57H UP=    9.22% DOWN=   -5.87%
WAIT   CAPUSDT        age=  10.57H UP=    1.66% DOWN=   -7.16%
WAIT   WLDUSDT        age=  10.57H UP=    4.59% DOWN=   -1.33%
WAIT   ZROUSDT        age=   9.65H UP=    0.95% DOWN=   -3.38%
WAIT   TREEUSDT       age=   9.65H UP=    2.60% DOWN=   -0.25%
WAIT   MUBARAKUSDT    age=   9.65H UP=    3.04% DOWN=   -4.22%
WAIT   VVVUSDT        age=   8.83H UP=    3.25% DOWN=   -0.89%
WAIT   LAUSDT         age=   8.83H UP=    3.76% DOWN=   -0.09%
WAIT   1000RATSUSDT   age=   8.83H UP=    0.63% DOWN=   -4.42%
WAIT   ACUUSDT        age=   8.83H UP=    0.20% DOWN=   -7.79%
WAIT   UNIUSDT        age=   6.95H UP=    2.94% DOWN=    0.00%
WAIT   LAUSDT         age=   6.95H UP=    2.48% DOWN=    0.00%
WAIT   ZROUSDT        age=   6.95H UP=    3.90% DOWN=   -0.44%
WAIT   NEARUSDT       age=   6.95H UP=    1.93% DOWN=   -1.95%
WAIT   ONDOUSDT       age=   6.85H UP=    1.15% DOWN=   -2.64%
WAIT   LITUSDT        age=   6.85H UP=    0.71% DOWN=   -6.98%
WAIT   BTWUSDT        age=   5.95H UP=   16.32% DOWN=   -2.37%
WAIT   OPUSDT         age=   5.95H UP=    1.56% DOWN=   -3.53%
WAIT   WLFIUSDT       age=   2.96H UP=    0.02% DOWN=   -3.05%
WAIT   WLDUSDT        age=   2.96H UP=    1.50% DOWN=   -0.44%
WAIT   TREEUSDT       age=   2.96H UP=    0.08% DOWN=   -1.80%
WAIT   NEARUSDT       age=   2.96H UP=    2.91% DOWN=   -0.02%
WAIT   LITUSDT        age=   2.96H UP=    2.63% DOWN=   -0.08%
WAIT   XMRUSDT        age=   2.96H UP=    2.88% DOWN=   -0.11%
WAIT   LDOUSDT        age=   2.96H UP=    1.38% DOWN=   -0.18%
WAIT   LUMIAUSDT      age=   1.87H UP=    0.27% DOWN=   -0.33%
WAIT   ONDOUSDT       age=   1.87H UP=    1.59% DOWN=   -0.11%
WAIT   TRUMPUSDT      age=   1.87H UP=    0.00% DOWN=   -2.65%
WAIT   NEARUSDT       age=   1.87H UP=    2.10% DOWN=   -0.46%
WAIT   ZECUSDT        age=   1.87H UP=    0.90% DOWN=   -1.11%
WAIT   WLDUSDT        age=   1.87H UP=    1.39% DOWN=   -0.54%
WAIT   LINKUSDT       age=   1.87H UP=    1.28% DOWN=   -0.89%
WAIT   TREEUSDT       age=   1.87H UP=    1.49% DOWN=   -0.42%
WAIT   VVVUSDT        age=   1.87H UP=    0.70% DOWN=   -0.99%
WAIT   UNIUSDT        age=   1.87H UP=    1.56% DOWN=   -0.65%
WAIT   AAVEUSDT       age=   0.02H UP=    0.10% DOWN=    0.00%

==============================================================================================================
FINALIZER SUMMARY
==============================================================================================================
Episodes: 229
Finalized this run: 7
Waiting for 24H: 59
Legacy partial skipped: 22
Already finalized: 141
Supabase rows upserted: 229

V7.5 EPISODE FINALIZER: PASS
