
==============================================================================================================
ALPHA HUNTER V7.5 INDEPENDENT EPISODE MARKET TRACKER
==============================================================================================================
Episodes stored: 229
Active episodes: 88

ADAUSDT        REVERSAL      now=    0.51% UP=    0.61% DOWN=  -12.70% 3=Y 5=Y 10=Y checks=45
DOGEUSDT       CONTINUATION  now=   13.94% UP=   14.24% DOWN=   -2.32% 3=Y 5=Y 10=Y checks=45
SKYAIUSDT      REVERSAL      now=  -30.17% UP=    0.00% DOWN=  -48.62% 3=Y 5=Y 10=Y checks=45
SOLUSDT        CONTINUATION  now=   13.71% UP=   13.84% DOWN=   -4.13% 3=Y 5=Y 10=Y checks=45
SUIUSDT        CONTINUATION  now=    4.86% UP=    5.90% DOWN=   -7.26% 3=Y 5=Y 10=- checks=45
COOKIEUSDT     CONTINUATION  now=   -8.47% UP=    0.00% DOWN=  -18.26% 3=Y 5=Y 10=Y checks=45
BTWUSDT        CONTINUATION  now=  103.99% UP=  124.96% DOWN=    0.00% 3=Y 5=Y 10=Y checks=45
CYSUSDT        CONTINUATION  now=  -46.58% UP=   78.38% DOWN=  -50.85% 3=Y 5=Y 10=Y checks=45
GWEIUSDT       REVERSAL      now=    1.42% UP=   17.67% DOWN=   -2.98% 3=Y 5=Y 10=Y checks=45
BICOUSDT       REVERSAL      now=  -60.46% UP=    0.00% DOWN=  -61.82% 3=Y 5=Y 10=Y checks=45
SUIUSDT        CONTINUATION  now=    6.11% UP=    7.16% DOWN=   -6.16% 3=Y 5=Y 10=- checks=45
MMTUSDT        REVERSAL      now=  -12.48% UP=    0.00% DOWN=  -17.89% 3=Y 5=Y 10=Y checks=45
IOTXUSDT       REVERSAL      now=   -1.76% UP=    0.00% DOWN=  -11.34% 3=Y 5=Y 10=Y checks=45
FORMUSDT       REVERSAL      now=   13.36% UP=   13.68% DOWN=   -7.88% 3=Y 5=Y 10=Y checks=45
JTOUSDT        REVERSAL      now=    4.53% UP=    8.18% DOWN=   -0.43% 3=Y 5=Y 10=- checks=45
4USDT          REVERSAL      now=  -10.05% UP=    0.00% DOWN=  -22.21% 3=Y 5=Y 10=Y checks=45
MUBARAKUSDT    REVERSAL      now=   -3.66% UP=    0.20% DOWN=  -24.10% 3=Y 5=Y 10=Y checks=45
PUMPUSDT       REVERSAL      now=   38.14% UP=   38.71% DOWN=   -5.65% 3=Y 5=Y 10=Y checks=45
HYPEUSDT       REVERSAL      now=   31.90% UP=   33.67% DOWN=   -0.62% 3=Y 5=Y 10=Y checks=45
ACUUSDT        REVERSAL      now=   10.60% UP=   16.62% DOWN=   -4.40% 3=Y 5=Y 10=Y checks=45
BTWUSDT        CONTINUATION  now=   37.12% UP=   50.85% DOWN=  -10.16% 3=Y 5=Y 10=Y checks=45
AEONUSDT       CONTINUATION  now=    2.15% UP=   28.99% DOWN=   -6.91% 3=Y 5=Y 10=Y checks=45
LINKUSDT       CONTINUATION  now=   12.61% UP=   14.63% DOWN=    0.00% 3=Y 5=Y 10=Y checks=22
OUSDT          CONTINUATION  now=   -1.29% UP=    3.69% DOWN=   -6.18% 3=Y 5=Y 10=- checks=22
HYPEUSDT       REVERSAL      now=   26.38% UP=   28.10% DOWN=   -1.10% 3=Y 5=Y 10=Y checks=22
ZECUSDT        REVERSAL      now=   13.77% UP=   18.15% DOWN=   -0.72% 3=Y 5=Y 10=Y checks=22
1000RATSUSDT   REVERSAL      now=    2.61% UP=    9.83% DOWN=   -4.96% 3=Y 5=Y 10=- checks=17
ETHUSDT        CONTINUATION  now=   21.29% UP=   22.81% DOWN=   -0.01% 3=Y 5=Y 10=Y checks=17
BTCUSDT        CONTINUATION  now=   13.47% UP=   13.81% DOWN=   -0.08% 3=Y 5=Y 10=Y checks=17
AEONUSDT       REVERSAL      now=   -8.98% UP=    5.43% DOWN=  -13.04% 3=Y 5=Y 10=Y checks=17
REDUSDT        REVERSAL      now=   18.39% UP=   35.87% DOWN=   -1.25% 3=Y 5=Y 10=Y checks=17
SOLUSDT        CONTINUATION  now=   13.30% UP=   13.63% DOWN=   -0.19% 3=Y 5=Y 10=Y checks=17
CAPUSDT        REVERSAL      now=   -8.64% UP=    2.43% DOWN=   -8.83% 3=Y 5=Y 10=- checks=12
LAUSDT         CONTINUATION  now=    2.28% UP=    3.76% DOWN=   -2.33% 3=Y 5=- 10=- checks=12
ACEUSDT        REVERSAL      now=   31.50% UP=   50.31% DOWN=   -6.91% 3=Y 5=Y 10=Y checks=12
OPNUSDT        REVERSAL      now=    2.26% UP=    3.44% DOWN=   -2.15% 3=Y 5=- 10=- checks=11
POLUSDT        CONTINUATION  now=   -0.74% UP=    1.54% DOWN=   -3.43% 3=Y 5=- 10=- checks=11
LAUSDT         REVERSAL      now=    2.30% UP=    3.78% DOWN=   -2.32% 3=Y 5=- 10=- checks=11
PUMPUSDT       CONTINUATION  now=   27.00% UP=   27.71% DOWN=   -0.32% 3=Y 5=Y 10=Y checks=11
TRXUSDT        REVERSAL      now=    2.15% UP=    2.34% DOWN=    0.00% 3=- 5=- 10=- checks=10
ONGUSDT        CONTINUATION  now=   36.44% UP=   88.35% DOWN=   -4.60% 3=Y 5=Y 10=Y checks=10
CAPUSDT        REVERSAL      now=   -6.49% UP=    4.34% DOWN=   -6.68% 3=Y 5=Y 10=- checks=9
LAUSDT         REVERSAL      now=    4.48% UP=    5.99% DOWN=    0.00% 3=Y 5=Y 10=- checks=9
AEONUSDT       REVERSAL      now=   -9.48% UP=    0.20% DOWN=  -13.81% 3=Y 5=Y 10=Y checks=9
VVVUSDT        REVERSAL      now=    3.59% UP=    6.34% DOWN=   -0.75% 3=Y 5=Y 10=- checks=9
XMRUSDT        REVERSAL      now=    0.22% UP=    2.93% DOWN=   -1.41% 3=- 5=- 10=- checks=9
1000RATSUSDT   CONTINUATION  now=   -4.21% UP=    2.60% DOWN=   -5.06% 3=Y 5=Y 10=- checks=8
LAUSDT         CONTINUATION  now=    3.57% UP=    5.07% DOWN=   -0.60% 3=Y 5=Y 10=- checks=8
XMRUSDT        REVERSAL      now=   -1.10% UP=    1.64% DOWN=   -2.64% 3=- 5=- 10=- checks=8
ONGUSDT        REVERSAL      now=   40.52% UP=   94.28% DOWN=   -1.60% 3=Y 5=Y 10=Y checks=8
WLFIUSDT       REVERSAL      now=   -1.18% UP=    2.25% DOWN=   -1.99% 3=- 5=- 10=- checks=8
VVVUSDT        REVERSAL      now=    2.91% UP=    5.64% DOWN=   -0.08% 3=Y 5=Y 10=- checks=7
BRUSDT         CONTINUATION  now=    0.68% UP=    9.22% DOWN=   -5.87% 3=Y 5=Y 10=- checks=7
CAPUSDT        REVERSAL      now=   -6.98% UP=    1.66% DOWN=   -7.16% 3=Y 5=Y 10=- checks=7
WLDUSDT        CONTINUATION  now=    3.22% UP=    4.59% DOWN=   -1.33% 3=Y 5=- 10=- checks=7
ZROUSDT        CONTINUATION  now=   -0.07% UP=    0.95% DOWN=   -3.38% 3=Y 5=- 10=- checks=6
TREEUSDT       REVERSAL      now=    2.10% UP=    2.60% DOWN=   -0.25% 3=- 5=- 10=- checks=6
MUBARAKUSDT    REVERSAL      now=   -0.93% UP=    3.04% DOWN=   -4.22% 3=Y 5=- 10=- checks=6
VVVUSDT        CONTINUATION  now=    0.59% UP=    3.25% DOWN=   -0.89% 3=Y 5=- 10=- checks=5
LAUSDT         CONTINUATION  now=    2.28% UP=    3.76% DOWN=   -0.09% 3=Y 5=- 10=- checks=5
1000RATSUSDT   CONTINUATION  now=   -3.57% UP=    0.63% DOWN=   -4.42% 3=Y 5=- 10=- checks=5
ACUUSDT        REVERSAL      now=   -1.56% UP=    0.20% DOWN=   -7.79% 3=Y 5=Y 10=- checks=5
UNIUSDT        CONTINUATION  now=    2.94% UP=    2.94% DOWN=    0.00% 3=- 5=- 10=- checks=3
LAUSDT         CONTINUATION  now=    1.57% UP=    2.48% DOWN=    0.00% 3=- 5=- 10=- checks=3
ZROUSDT        REVERSAL      now=    2.90% UP=    3.90% DOWN=   -0.44% 3=Y 5=- 10=- checks=3
NEARUSDT       CONTINUATION  now=    1.52% UP=    1.93% DOWN=   -1.95% 3=- 5=- 10=- checks=3
ONDOUSDT       CONTINUATION  now=    0.22% UP=    1.15% DOWN=   -2.64% 3=- 5=- 10=- checks=4
LITUSDT        CONTINUATION  now=   -4.93% UP=    0.71% DOWN=   -6.98% 3=Y 5=Y 10=- checks=4
BTWUSDT        REVERSAL      now=    6.28% UP=   16.32% DOWN=   -2.37% 3=Y 5=Y 10=Y checks=3
OPUSDT         CONTINUATION  now=    1.45% UP=    1.56% DOWN=   -3.53% 3=Y 5=- 10=- checks=3
WLFIUSDT       REVERSAL      now=   -2.26% UP=    0.02% DOWN=   -3.05% 3=Y 5=- 10=- checks=2
WLDUSDT        CONTINUATION  now=    1.28% UP=    1.50% DOWN=   -0.44% 3=- 5=- 10=- checks=2
TREEUSDT       REVERSAL      now=   -0.06% UP=    0.08% DOWN=   -1.80% 3=- 5=- 10=- checks=2
NEARUSDT       REVERSAL      now=    2.58% UP=    2.91% DOWN=   -0.02% 3=- 5=- 10=- checks=2
LITUSDT        REVERSAL      now=    0.83% UP=    2.63% DOWN=   -0.08% 3=- 5=- 10=- checks=2
XMRUSDT        REVERSAL      now=    0.77% UP=    2.88% DOWN=   -0.11% 3=- 5=- 10=- checks=2
LDOUSDT        CONTINUATION  now=    1.35% UP=    1.38% DOWN=   -0.18% 3=- 5=- 10=- checks=2
LUMIAUSDT      CONTINUATION  now=    0.06% UP=    0.27% DOWN=   -0.33% 3=- 5=- 10=- checks=2
ONDOUSDT       REVERSAL      now=    1.45% UP=    1.59% DOWN=   -0.11% 3=- 5=- 10=- checks=2
TRUMPUSDT      CONTINUATION  now=   -1.14% UP=    0.00% DOWN=   -2.65% 3=- 5=- 10=- checks=2
NEARUSDT       CONTINUATION  now=    1.78% UP=    2.10% DOWN=   -0.46% 3=- 5=- 10=- checks=2
ZECUSDT        CONTINUATION  now=    0.40% UP=    0.90% DOWN=   -1.11% 3=- 5=- 10=- checks=2
WLDUSDT        CONTINUATION  now=    1.20% UP=    1.39% DOWN=   -0.54% 3=- 5=- 10=- checks=2
LINKUSDT       CONTINUATION  now=    1.17% UP=    1.28% DOWN=   -0.89% 3=- 5=- 10=- checks=2
TREEUSDT       REVERSAL      now=    1.32% UP=    1.49% DOWN=   -0.42% 3=- 5=- 10=- checks=2
VVVUSDT        REVERSAL      now=    0.35% UP=    0.70% DOWN=   -0.99% 3=- 5=- 10=- checks=2
UNIUSDT        CONTINUATION  now=    1.53% UP=    1.56% DOWN=   -0.65% 3=- 5=- 10=- checks=2
AAVEUSDT       CONTINUATION  now=    0.10% UP=    0.10% DOWN=    0.00% 3=- 5=- 10=- checks=1

==============================================================================================================
TRACKER SUMMARY
==============================================================================================================
Checked: 88
Failed: 0
Supabase rows upserted: 229
3% episodes: 176
5% episodes: 156
10% episodes: 110

V7.5 EPISODE MARKET TRACKER: PASS
