
======================================================================================================================
ALPHA HUNTER V7.6 DIRECTION-PROOF ENGINE — SHADOW
======================================================================================================================
Eligible forward episodes: 59

SYMBOL         PATH          DIR         CONF   LONG   SHORT       15M        1H
----------------------------------------------------------------------------------------------------------------------
LINKUSDT       CONTINUATION  LONG       56.9%   5.00    1.50   BULLISH   BULLISH
OUSDT          CONTINUATION  UNKNOWN     0.0%   0.00    1.50     MIXED     MIXED
HYPEUSDT       REVERSAL      LONG       68.8%   5.50    0.00   BULLISH   BULLISH
ZECUSDT        REVERSAL      LONG       50.0%   4.00    0.00   BULLISH   BULLISH
1000RATSUSDT   REVERSAL      SHORT      81.2%   0.00    6.50   BEARISH   BEARISH
ETHUSDT        CONTINUATION  LONG       56.9%   5.00    1.50   BULLISH   BULLISH
BTCUSDT        CONTINUATION  LONG       81.2%   6.50    0.00   BULLISH   BULLISH
AEONUSDT       REVERSAL      UNKNOWN     0.0%   3.50    1.50   BULLISH     MIXED
REDUSDT        REVERSAL      UNKNOWN     0.0%   0.00    1.00   BEARISH     MIXED
SOLUSDT        CONTINUATION  LONG       68.8%   5.50    0.00   BULLISH   BULLISH
TRXUSDT        REVERSAL      UNKNOWN     0.0%   3.50    0.00     MIXED   BULLISH
ONGUSDT        CONTINUATION  UNKNOWN     0.0%   2.50    3.50   BEARISH     MIXED
CAPUSDT        REVERSAL      SHORT     100.0%   0.00    8.00   BEARISH   BEARISH
LAUSDT         REVERSAL      LONG       56.2%   4.50    0.00   BULLISH   BULLISH
AEONUSDT       REVERSAL      UNKNOWN     0.0%   3.50    1.50   BULLISH     MIXED
VVVUSDT        REVERSAL      LONG       44.4%   4.00    1.50     MIXED   BULLISH
XMRUSDT        REVERSAL      UNKNOWN     0.0%   1.50    3.00     MIXED   BEARISH
1000RATSUSDT   CONTINUATION  SHORT      81.2%   0.00    6.50   BEARISH   BEARISH
LAUSDT         CONTINUATION  LONG       56.2%   4.50    0.00   BULLISH   BULLISH
XMRUSDT        REVERSAL      UNKNOWN     0.0%   1.50    3.00     MIXED   BEARISH
ONGUSDT        REVERSAL      UNKNOWN     0.0%   2.50    3.50   BEARISH     MIXED
WLFIUSDT       REVERSAL      SHORT      87.5%   0.00    7.00   BEARISH   BEARISH
VVVUSDT        REVERSAL      LONG       44.4%   4.00    1.50     MIXED   BULLISH
BRUSDT         CONTINUATION  LONG       56.2%   4.50    0.00   BULLISH   BULLISH
CAPUSDT        REVERSAL      SHORT     100.0%   0.00    8.00   BEARISH   BEARISH
WLDUSDT        CONTINUATION  LONG       75.6%   6.50    1.50   BULLISH   BULLISH
ZROUSDT        CONTINUATION  LONG       71.2%   6.00    1.00   BULLISH   BULLISH
TREEUSDT       REVERSAL      LONG       50.6%   4.50    1.50   BULLISH     MIXED
MUBARAKUSDT    REVERSAL      LONG       56.2%   4.50    0.00   BULLISH     MIXED
VVVUSDT        CONTINUATION  LONG       44.4%   4.00    1.50     MIXED   BULLISH
LAUSDT         CONTINUATION  LONG       56.2%   4.50    0.00   BULLISH   BULLISH
1000RATSUSDT   CONTINUATION  SHORT      81.2%   0.00    6.50   BEARISH   BEARISH
ACUUSDT        REVERSAL      LONG       62.5%   5.00    0.00   BULLISH     MIXED
UNIUSDT        CONTINUATION  LONG      100.0%   8.00    0.00   BULLISH   BULLISH
LAUSDT         CONTINUATION  LONG       56.2%   4.50    0.00   BULLISH   BULLISH
ZROUSDT        REVERSAL      LONG       71.2%   6.00    1.00   BULLISH   BULLISH
NEARUSDT       CONTINUATION  LONG       87.5%   7.00    0.00   BULLISH   BULLISH
ONDOUSDT       CONTINUATION  LONG       81.2%   6.50    0.00   BULLISH   BULLISH
LITUSDT        CONTINUATION  UNKNOWN     0.0%   0.00    2.00     MIXED   BEARISH
BTWUSDT        REVERSAL      UNKNOWN     0.0%   3.50    0.00     MIXED   BULLISH
OPUSDT         CONTINUATION  LONG      100.0%   8.00    0.00   BULLISH   BULLISH
WLFIUSDT       REVERSAL      SHORT      87.5%   0.00    7.00   BEARISH   BEARISH
WLDUSDT        CONTINUATION  LONG       75.6%   6.50    1.50   BULLISH   BULLISH
TREEUSDT       REVERSAL      LONG       50.6%   4.50    1.50   BULLISH     MIXED
NEARUSDT       REVERSAL      LONG       87.5%   7.00    0.00   BULLISH   BULLISH
LITUSDT        REVERSAL      UNKNOWN     0.0%   0.00    0.00     MIXED     MIXED
XMRUSDT        REVERSAL      UNKNOWN     0.0%   1.50    3.00     MIXED   BEARISH
LDOUSDT        CONTINUATION  LONG       75.6%   6.50    1.50   BULLISH   BULLISH
LUMIAUSDT      CONTINUATION  UNKNOWN     0.0%   2.00    0.00     MIXED   BULLISH
ONDOUSDT       REVERSAL      LONG       81.2%   6.50    0.00   BULLISH   BULLISH
TRUMPUSDT      CONTINUATION  UNKNOWN     0.0%   1.00    1.50     MIXED     MIXED
NEARUSDT       CONTINUATION  LONG       87.5%   7.00    0.00   BULLISH   BULLISH
ZECUSDT        CONTINUATION  LONG       50.0%   4.00    0.00   BULLISH   BULLISH
WLDUSDT        CONTINUATION  LONG       75.6%   6.50    1.50   BULLISH   BULLISH
LINKUSDT       CONTINUATION  LONG       56.9%   5.00    1.50   BULLISH   BULLISH
TREEUSDT       REVERSAL      LONG       50.6%   4.50    1.50   BULLISH     MIXED
VVVUSDT        REVERSAL      LONG       44.4%   4.00    1.50     MIXED   BULLISH
UNIUSDT        CONTINUATION  LONG      100.0%   8.00    0.00   BULLISH   BULLISH
AAVEUSDT       CONTINUATION  LONG      100.0%   8.00    0.00   BULLISH   BULLISH

======================================================================================================================
V7.6 SHADOW SUMMARY
======================================================================================================================
Evaluated: 59
LONG: 37
SHORT: 7
UNKNOWN: 15
Failures: 0
Supabase shadow rows saved: 59
Direction state rows saved: 59
Immutable transition rows saved: 59
Transition run ID: cloud5d-20260820T232821Z
Direction emerging: 28
Direction confirmed: 15
Lost confirmation: 6

IMPORTANT: V7.6 IS SHADOW ONLY.
No trade permission was generated.

V7.6 DIRECTION SHADOW: PASS
