
======================================================================================================================
ALPHA HUNTER V7.7 HUGE-RR EXECUTION FEASIBILITY — SHADOW
======================================================================================================================
Confirmed direction states: 181

SKIP   ACEUSDT        insufficient closed history at confirmation
SKIP   ALICEUSDT      insufficient closed history at confirmation
SKIP   ALICEUSDT      insufficient closed history at confirmation
SKIP   HYPEUSDT       insufficient closed history at confirmation
SKIP   VELVETUSDT     insufficient closed history at confirmation
SKIP   VELVETUSDT     insufficient closed history at confirmation
SKIP   WLDUSDT        insufficient closed history at confirmation
SKIP   WLDUSDT        insufficient closed history at confirmation
SKIP   BRUSDT         insufficient closed history at confirmation
SKIP   CYSUSDT        insufficient closed history at confirmation
SKIP   ACUUSDT        insufficient closed history at confirmation
SKIP   AVNTUSDT       insufficient closed history at confirmation
SKIP   AVAXUSDT       insufficient closed history at confirmation
SKIP   ROBOUSDT       insufficient closed history at confirmation
SKIP   CAPUSDT        insufficient closed history at confirmation
SKIP   CAPUSDT        insufficient closed history at confirmation
SKIP   CAPUSDT        insufficient closed history at confirmation
SKIP   CAPUSDT        insufficient closed history at confirmation
SKIP   PUMPUSDT       insufficient closed history at confirmation
SKIP   WLFIUSDT       insufficient closed history at confirmation
SKIP   ALICEUSDT      insufficient closed history at confirmation
SKIP   CAPUSDT        insufficient closed history at confirmation
SKIP   BRUSDT         insufficient closed history at confirmation
SKIP   HYPEUSDT       insufficient closed history at confirmation
SKIP   NILUSDT        insufficient closed history at confirmation
SKIP   VELVETUSDT     insufficient closed history at confirmation
SKIP   COWUSDT        insufficient closed history at confirmation
SKIP   PUMPUSDT       insufficient closed history at confirmation
SKIP   AEONUSDT       insufficient closed history at confirmation
SKIP   FOLKSUSDT      insufficient closed history at confirmation
SKIP   PRLUSDT        insufficient closed history at confirmation
SKIP   AEONUSDT       insufficient closed history at confirmation
SKIP   DOLOUSDT       insufficient closed history at confirmation
SKIP   BTWUSDT        insufficient closed history at confirmation
SKIP   HUSDT          insufficient closed history at confirmation
SKIP   HYPEUSDT       insufficient closed history at confirmation
SKIP   WLDUSDT        insufficient closed history at confirmation
SKIP   WLDUSDT        insufficient closed history at confirmation
SKIP   WLDUSDT        insufficient closed history at confirmation
SKIP   WLDUSDT        insufficient closed history at confirmation
SKIP   AEONUSDT       insufficient closed history at confirmation
SKIP   BOMEUSDT       insufficient closed history at confirmation
SKIP   ROBOUSDT       insufficient closed history at confirmation
SKIP   VELVETUSDT     insufficient closed history at confirmation
SKIP   ONGUSDT        insufficient closed history at confirmation
SKIP   REDUSDT        insufficient closed history at confirmation
SKIP   REDUSDT        insufficient closed history at confirmation
SKIP   AIOUSDT        insufficient closed history at confirmation
SKIP   NILUSDT        insufficient closed history at confirmation
SKIP   PRLUSDT        insufficient closed history at confirmation
SKIP   PRLUSDT        insufficient closed history at confirmation
SKIP   VELVETUSDT     insufficient closed history at confirmation
SKIP   HUSDT          insufficient closed history at confirmation
SKIP   AEONUSDT       insufficient closed history at confirmation
SKIP   CHIPUSDT       insufficient closed history at confirmation
SKIP   PIXELUSDT      insufficient closed history at confirmation
SKIP   ACUUSDT        insufficient closed history at confirmation
SKIP   AIOUSDT        insufficient closed history at confirmation
SKIP   AIOUSDT        insufficient closed history at confirmation
SKIP   COWUSDT        insufficient closed history at confirmation
SKIP   PRLUSDT        insufficient closed history at confirmation
SKIP   BASEDUSDT      insufficient closed history at confirmation
SKIP   AEONUSDT       insufficient closed history at confirmation
SKIP   AIOUSDT        insufficient closed history at confirmation
SKIP   CHIPUSDT       insufficient closed history at confirmation
SKIP   NILUSDT        insufficient closed history at confirmation
SKIP   NILUSDT        insufficient closed history at confirmation
SKIP   CHIPUSDT       insufficient closed history at confirmation
SKIP   WLDUSDT        insufficient closed history at confirmation
SKIP   WLDUSDT        insufficient closed history at confirmation
SKIP   DOLOUSDT       insufficient closed history at confirmation
SKIP   BTWUSDT        insufficient closed history at confirmation
SKIP   BTWUSDT        insufficient closed history at confirmation
SKIP   CHIPUSDT       insufficient closed history at confirmation
SKIP   PRLUSDT        insufficient closed history at confirmation
SKIP   GPSUSDT        insufficient closed history at confirmation
SKIP   BTWUSDT        insufficient closed history at confirmation
SKIP   BTWUSDT        insufficient closed history at confirmation
SKIP   HUSDT          insufficient closed history at confirmation
SKIP   SOLUSDT        insufficient closed history at confirmation
SKIP   BTCUSDT        insufficient closed history at confirmation
SKIP   DIAUSDT        insufficient closed history at confirmation
SKIP   DIAUSDT        insufficient closed history at confirmation
SKIP   AEONUSDT       insufficient closed history at confirmation
SKIP   BTWUSDT        insufficient closed history at confirmation
SKIP   CHIPUSDT       insufficient closed history at confirmation
SKIP   CHIPUSDT       insufficient closed history at confirmation
SKIP   ETHUSDT        insufficient closed history at confirmation
SKIP   ETHUSDT        insufficient closed history at confirmation
SKIP   GPSUSDT        insufficient closed history at confirmation
SKIP   LINKUSDT       insufficient closed history at confirmation
SKIP   LINKUSDT       insufficient closed history at confirmation
SKIP   LINKUSDT       insufficient closed history at confirmation
SKIP   LINKUSDT       insufficient closed history at confirmation
SKIP   PUMPUSDT       insufficient closed history at confirmation
SKIP   PUMPUSDT       insufficient closed history at confirmation
SKIP   PUMPUSDT       insufficient closed history at confirmation
SKIP   BTWUSDT        insufficient closed history at confirmation
SKIP   GPSUSDT        insufficient closed history at confirmation
SKIP   LUMIAUSDT      insufficient closed history at confirmation
SKIP   HYPEUSDT       insufficient closed history at confirmation
SKIP   HYPEUSDT       insufficient closed history at confirmation
SKIP   HYPEUSDT       insufficient closed history at confirmation
SKIP   HYPEUSDT       insufficient closed history at confirmation
SKIP   HYPEUSDT       insufficient closed history at confirmation
SKIP   ONGUSDT        insufficient closed history at confirmation
SKIP   PUMPUSDT       insufficient closed history at confirmation
SKIP   GPSUSDT        insufficient closed history at confirmation
SKIP   ZECUSDT        insufficient closed history at confirmation
SKIP   ZECUSDT        insufficient closed history at confirmation
SKIP   ZECUSDT        insufficient closed history at confirmation
SKIP   ZECUSDT        insufficient closed history at confirmation
SKIP   ZECUSDT        insufficient closed history at confirmation
SKIP   BTCUSDT        insufficient closed history at confirmation
SKIP   BTCUSDT        insufficient closed history at confirmation
SKIP   BTCUSDT        insufficient closed history at confirmation
SKIP   LINKUSDT       insufficient closed history at confirmation
SKIP   LINKUSDT       insufficient closed history at confirmation
SKIP   ZECUSDT        insufficient closed history at confirmation
SKIP   PIEVERSEUSDT   insufficient closed history at confirmation
SKIP   SOLUSDT        insufficient closed history at confirmation
SKIP   AEONUSDT       insufficient closed history at confirmation
SKIP   OUSDT          insufficient closed history at confirmation
SKIP   1000RATSUSDT   insufficient closed history at confirmation
SKIP   BTCUSDT        insufficient closed history at confirmation
SKIP   ETHUSDT        insufficient closed history at confirmation
SKIP   SOLUSDT        insufficient closed history at confirmation
SKIP   ACEUSDT        insufficient closed history at confirmation
SKIP   ACEUSDT        insufficient closed history at confirmation
SKIP   ACEUSDT        insufficient closed history at confirmation
SKIP   ZECUSDT        insufficient closed history at confirmation
SKIP   HYPEUSDT       insufficient closed history at confirmation
SKIP   HYPEUSDT       insufficient closed history at confirmation
ACUUSDT        LONG    entry=0.14515      stop=0.13431268   risk=  7.47% structRR=0.04   status=STRUCTURE_RR_LT_3
REDUSDT        LONG    entry=0.0968       stop=0.092642857  risk=  4.29% structRR=0.14   status=STRUCTURE_RR_LT_3
REDUSDT        LONG    entry=0.0968       stop=0.092642857  risk=  4.29% structRR=0.14   status=STRUCTURE_RR_LT_3
ACEUSDT        SHORT   entry=0.1897       stop=0.19771847   risk=  4.23% structRR=1.08   status=STRUCTURE_RR_LT_3
VVVUSDT        SHORT   entry=14.058       stop=14.308308    risk=  1.78% structRR=0.05   status=STRUCTURE_RR_LT_3
CAPUSDT        SHORT   entry=0.06924      stop=0.071901926  risk=  3.84% structRR=0.18   status=STRUCTURE_RR_LT_3
CAPUSDT        SHORT   entry=0.06924      stop=0.071901926  risk=  3.84% structRR=0.18   status=STRUCTURE_RR_LT_3
PUMPUSDT       LONG    entry=0.003373     stop=0.0032483721 risk=  3.69% structRR=0.18   status=STRUCTURE_RR_LT_3
TRXUSDT        LONG    entry=0.33733      stop=0.3340413    risk=  0.97% structRR=0.02   status=STRUCTURE_RR_LT_3
1000RATSUSDT   LONG    entry=0.04564      stop=0.043407632  risk=  4.89% structRR=0.03   status=STRUCTURE_RR_LT_3
AEONUSDT       SHORT   entry=0.0732       stop=0.077982381  risk=  6.53% structRR=0.15   status=STRUCTURE_RR_LT_3
AEONUSDT       SHORT   entry=0.0732       stop=0.077982381  risk=  6.53% structRR=0.15   status=STRUCTURE_RR_LT_3
ONGUSDT        SHORT   entry=0.05993      stop=0.061837195  risk=  3.18% structRR=0.28   status=STRUCTURE_RR_LT_3
ONGUSDT        SHORT   entry=0.05993      stop=0.061837195  risk=  3.18% structRR=0.28   status=STRUCTURE_RR_LT_3
MUBARAKUSDT    SHORT   entry=0.01931      stop=0.02038365   risk=  5.56% structRR=0.08   status=STRUCTURE_RR_LT_3
TREEUSDT       SHORT   entry=0.03558      stop=0.036212944  risk=  1.78% structRR=0.82   status=STRUCTURE_RR_LT_3
WLDUSDT        SHORT   entry=0.3564       stop=0.36826926   risk=  3.33% structRR=0.01   status=STRUCTURE_RR_LT_3
LAUSDT         LONG    entry=0.05773      stop=0.055954725  risk=  3.08% structRR=0.77   status=STRUCTURE_RR_LT_3
LAUSDT         LONG    entry=0.05773      stop=0.055954725  risk=  3.08% structRR=0.77   status=STRUCTURE_RR_LT_3
LAUSDT         LONG    entry=0.05773      stop=0.055954725  risk=  3.08% structRR=0.77   status=STRUCTURE_RR_LT_3
LAUSDT         LONG    entry=0.05773      stop=0.055954725  risk=  3.08% structRR=0.77   status=STRUCTURE_RR_LT_3
LAUSDT         LONG    entry=0.05773      stop=0.055954725  risk=  3.08% structRR=0.77   status=STRUCTURE_RR_LT_3
LAUSDT         LONG    entry=0.05773      stop=0.055954725  risk=  3.08% structRR=0.77   status=STRUCTURE_RR_LT_3
VVVUSDT        LONG    entry=14.618       stop=14.128831    risk=  3.35% structRR=0.70   status=STRUCTURE_RR_LT_3
VVVUSDT        LONG    entry=14.618       stop=14.128831    risk=  3.35% structRR=0.70   status=STRUCTURE_RR_LT_3
VVVUSDT        LONG    entry=14.618       stop=14.128831    risk=  3.35% structRR=0.70   status=STRUCTURE_RR_LT_3
WLFIUSDT       LONG    entry=0.06147      stop=0.060605926  risk=  1.41% structRR=0.78   status=STRUCTURE_RR_LT_3
XMRUSDT        LONG    entry=423.47       stop=414.21767    risk=  2.18% structRR=0.35   status=STRUCTURE_RR_LT_3
XMRUSDT        LONG    entry=423.47       stop=414.21767    risk=  2.18% structRR=0.35   status=STRUCTURE_RR_LT_3
1000RATSUSDT   SHORT   entry=0.04321      stop=0.045318245  risk=  4.88% structRR=0.19   status=STRUCTURE_RR_LT_3
ACUUSDT        SHORT   entry=0.12193      stop=0.13037594   risk=  6.93% structRR=0.41   status=STRUCTURE_RR_LT_3
NEARUSDT       LONG    entry=1.7614       stop=1.699374     risk=  3.52% structRR=0.11   status=STRUCTURE_RR_LT_3
ONDOUSDT       LONG    entry=0.3586       stop=0.34856556   risk=  2.80% structRR=0.02   status=STRUCTURE_RR_LT_3
POLUSDT        LONG    entry=0.08239      stop=0.081243189  risk=  1.39% structRR=0.37   status=STRUCTURE_RR_LT_3
LAUSDT         LONG    entry=0.05835      stop=0.057531275  risk=  1.40% structRR=0.53   status=STRUCTURE_RR_LT_3
NEARUSDT       LONG    entry=1.7764       stop=1.7257973    risk=  2.85% structRR=0.06   status=STRUCTURE_RR_LT_3
OPUSDT         LONG    entry=0.0977       stop=0.094245872  risk=  3.54% structRR=0.06   status=STRUCTURE_RR_LT_3
WLDUSDT        LONG    entry=0.3718       stop=0.36287838   risk=  2.40% structRR=0.04   status=STRUCTURE_RR_LT_3
ZROUSDT        LONG    entry=0.8833       stop=0.86138827   risk=  2.48% structRR=0.33   status=STRUCTURE_RR_LT_3

======================================================================================================================
V7.7 EXECUTION SHADOW SUMMARY
======================================================================================================================
Confirmed direction states: 181
Execution snapshots: 39
Skipped: 142
Failures: 0
Supabase rows upserted: 39
Structure >=1:3: 0
Structure >=1:5: 0
Structure >=1:10: 0

IMPORTANT: V7.7 IS EXECUTION FEASIBILITY SHADOW ONLY.
3% / 5% / 10% are scenarios, not predicted targets.
No trade permission was generated.

V7.7 EXECUTION FEASIBILITY: PASS
