V7.4 HOURLY PERFORMANCE TRACKER
Run ID: 3f0ce67bd80fe8839cf214da7c6d3fa6

V7.4.1 SHADOW REVERSAL
 SH SYMBOL           V74     OLD   SHADOW
--------------------------------------------------
  1 ACEUSDT            1   13.61    14.61
  2 CAPUSDT            4   10.45     7.79
  3 OPNUSDT            2   12.26     5.98
  4 LAUSDT             3   11.34     5.13
PERFORMANCE SIGNALS SAVED: 30
FEATURE ROWS SAVED: 30
V7.4 OUTCOMES 1H: saved=3 failed=0
V7.4 OUTCOMES 4H: saved=5 failed=0
V7.4 OUTCOMES 12H: saved=6 failed=0
V7.4 OUTCOMES 24H: saved=10 failed=0
OUTCOME EVALUATION COMPLETE: saved=24 failed=0

==========================================================================================
V7.4 CURRENT SURVEILLANCE COHORT
==========================================================================================
RANK SYMBOL         TIER      PATH            SCORE STATE
------------------------------------------------------------------------------------------
   1 ACEUSDT        PRIMARY   REVERSAL        13.61 WATCH_SHORT
   2 OPNUSDT        PRIMARY   REVERSAL        12.26 WATCH_LONG
   3 LAUSDT         PRIMARY   REVERSAL        11.34 NEUTRAL
   4 CAPUSDT        PRIMARY   REVERSAL        10.45 NEUTRAL
   5 POLUSDT        PRIMARY   CONTINUATION     9.94 NEUTRAL
   6 PUMPUSDT       RESERVE   CONTINUATION     9.71 WATCH_LONG

================================================================================================================================
V7.4 FORWARD PERFORMANCE — RAW PRICE EXPANSION
================================================================================================================================

PRIMARY / RESERVE + PATH
  H TIER      PATH              N    POS%   AVG RAW   AVG ABS    EXP3%    EXP5%   EXP10%    UP5%    DN5%
--------------------------------------------------------------------------------------------------------------------------------
  1 PRIMARY   CONTINUATION     42   57.1%   -1.511%    3.358%    23.8%    11.9%     4.8%    2.4%    9.5%
  1 PRIMARY   REVERSAL         88   55.7%   -0.055%    1.533%    15.9%     6.8%     0.0%    1.1%    5.7%
  1 RESERVE   CONTINUATION      9   77.8%    0.823%    0.911%     0.0%     0.0%     0.0%    0.0%    0.0%
  1 RESERVE   REVERSAL          6   66.7%   -0.240%    0.950%     0.0%     0.0%     0.0%    0.0%    0.0%
  4 PRIMARY   CONTINUATION     39   43.6%   -3.243%    7.067%    56.4%    35.9%    20.5%   15.4%   20.5%
  4 PRIMARY   REVERSAL         75   64.0%    0.480%    2.804%    26.7%    22.7%     2.7%   10.7%   12.0%
  4 RESERVE   CONTINUATION      8   75.0%    5.674%    5.773%    75.0%    75.0%     0.0%   75.0%    0.0%
  4 RESERVE   REVERSAL          6   66.7%    2.911%    5.243%    83.3%    50.0%     0.0%   50.0%    0.0%
 12 PRIMARY   CONTINUATION     20   45.0%   -8.285%   12.163%    60.0%    55.0%    50.0%   10.0%   45.0%
 12 PRIMARY   REVERSAL         48   89.6%    8.674%    9.737%    75.0%    66.7%    41.7%   64.6%    2.1%
 12 RESERVE   CONTINUATION      2  100.0%    0.889%    0.889%     0.0%     0.0%     0.0%    0.0%    0.0%
 12 RESERVE   REVERSAL          1  100.0%    7.337%    7.337%   100.0%   100.0%     0.0%  100.0%    0.0%
 24 PRIMARY   CONTINUATION      1  100.0%    7.067%    7.067%   100.0%   100.0%     0.0%  100.0%    0.0%
 24 PRIMARY   REVERSAL          1  100.0%   12.463%   12.463%   100.0%   100.0%   100.0%  100.0%    0.0%

RANK QUALITY
  H RANK BUCKET         N    POS%   AVG RAW   AVG ABS    EXP3%    EXP5%   EXP10%    UP5%    DN5%
----------------------------------------------------------------------------------------------------------------
  1 TOP_1_3           102   51.0%   -0.892%    2.423%    21.6%     9.8%     2.0%    1.0%    8.8%
  1 TOP_4_5            28   75.0%    0.811%    1.030%     7.1%     3.6%     0.0%    3.6%    0.0%
  1 RESERVE_6_10       15   73.3%    0.398%    0.927%     0.0%     0.0%     0.0%    0.0%    0.0%
  4 TOP_1_3            90   54.4%   -1.645%    4.435%    36.7%    26.7%    10.0%   10.0%   16.7%
  4 TOP_4_5            24   66.7%    2.398%    3.615%    37.5%    29.2%     4.2%   20.8%    8.3%
  4 RESERVE_6_10       14   71.4%    4.490%    5.546%    78.6%    64.3%     0.0%   64.3%    0.0%
 12 TOP_1_3            53   73.6%    2.814%   10.960%    77.4%    67.9%    45.3%   50.9%   17.0%
 12 TOP_4_5            15   86.7%    6.767%    8.654%    46.7%    46.7%    40.0%   40.0%    6.7%
 12 RESERVE_6_10        3  100.0%    3.038%    3.038%    33.3%    33.3%     0.0%   33.3%    0.0%
 24 TOP_1_3             2  100.0%    9.765%    9.765%   100.0%   100.0%    50.0%  100.0%    0.0%

Metric definitions:
AVG RAW = average raw market return from detection price.
AVG ABS = average absolute price movement regardless of direction.
EXP3/5/10 = percentage of candidates moving at least 3% / 5% / 10% in either direction.
UP5 = raw upside move >= +5%; DN5 = raw downside move <= -5%.
No V7.4 trade-direction assumption is used in these metrics.

V7.4 TRACKING JOB: PASS
