
==============================================================================================================
ALPHA HUNTER V7.5 INDEPENDENT EPISODE MARKET TRACKER
==============================================================================================================
Episodes stored: 180
Active episodes: 55

ADAUSDT        REVERSAL      now=   -4.40% UP=    0.00% DOWN=  -12.70% 3=Y 5=Y 10=Y checks=55
DOGEUSDT       CONTINUATION  now=    5.93% UP=    8.04% DOWN=   -2.32% 3=Y 5=Y 10=- checks=55
SKYAIUSDT      REVERSAL      now=  -35.13% UP=    0.00% DOWN=  -53.06% 3=Y 5=Y 10=Y checks=55
SOLUSDT        CONTINUATION  now=   10.59% UP=   13.03% DOWN=   -4.13% 3=Y 5=Y 10=Y checks=55
SUIUSDT        CONTINUATION  now=    1.14% UP=    3.26% DOWN=   -7.92% 3=Y 5=Y 10=- checks=55
COOKIEUSDT     CONTINUATION  now=  -12.04% UP=    0.00% DOWN=  -19.43% 3=Y 5=Y 10=Y checks=55
BTWUSDT        CONTINUATION  now=   90.82% UP=  268.12% DOWN=    0.00% 3=Y 5=Y 10=Y checks=55
CYSUSDT        CONTINUATION  now=  -44.92% UP=   78.38% DOWN=  -50.85% 3=Y 5=Y 10=Y checks=55
GWEIUSDT       REVERSAL      now=   -2.80% UP=   17.67% DOWN=   -7.43% 3=Y 5=Y 10=Y checks=55
BICOUSDT       REVERSAL      now=  -63.42% UP=    0.00% DOWN=  -66.13% 3=Y 5=Y 10=Y checks=55
SUIUSDT        CONTINUATION  now=    2.35% UP=    4.50% DOWN=   -6.82% 3=Y 5=Y 10=- checks=55
MMTUSDT        REVERSAL      now=  -10.22% UP=    0.00% DOWN=  -20.84% 3=Y 5=Y 10=Y checks=55
IOTXUSDT       REVERSAL      now=   -7.54% UP=    0.00% DOWN=  -11.34% 3=Y 5=Y 10=Y checks=55
FORMUSDT       REVERSAL      now=   -1.15% UP=    0.00% DOWN=   -7.88% 3=Y 5=Y 10=- checks=55
JTOUSDT        REVERSAL      now=    2.84% UP=    8.18% DOWN=   -2.16% 3=Y 5=Y 10=- checks=55
4USDT          REVERSAL      now=  -14.01% UP=    0.00% DOWN=  -22.21% 3=Y 5=Y 10=Y checks=55
MUBARAKUSDT    REVERSAL      now=    4.41% UP=   25.90% DOWN=  -24.10% 3=Y 5=Y 10=Y checks=55
PUMPUSDT       REVERSAL      now=    8.26% UP=   14.29% DOWN=   -5.65% 3=Y 5=Y 10=Y checks=55
HYPEUSDT       REVERSAL      now=   26.70% UP=   29.15% DOWN=   -0.62% 3=Y 5=Y 10=Y checks=55
ACUUSDT        REVERSAL      now=   23.88% UP=   29.06% DOWN=   -4.40% 3=Y 5=Y 10=Y checks=55
BTWUSDT        CONTINUATION  now=   28.10% UP=  146.86% DOWN=  -10.16% 3=Y 5=Y 10=Y checks=55
AEONUSDT       CONTINUATION  now=   11.93% UP=   28.99% DOWN=   -6.91% 3=Y 5=Y 10=Y checks=55
BTCUSDT        CONTINUATION  now=    7.09% UP=    8.47% DOWN=   -0.67% 3=Y 5=Y 10=- checks=14
ZECUSDT        CONTINUATION  now=   10.73% UP=   13.95% DOWN=   -1.66% 3=Y 5=Y 10=Y checks=14
GPSUSDT        CONTINUATION  now=  -33.60% UP=    4.50% DOWN=  -37.64% 3=Y 5=Y 10=Y checks=13
LINKUSDT       CONTINUATION  now=   12.34% UP=   14.63% DOWN=    0.00% 3=Y 5=Y 10=Y checks=12
OUSDT          CONTINUATION  now=   -0.35% UP=    1.24% DOWN=   -6.18% 3=Y 5=Y 10=- checks=12
HYPEUSDT       REVERSAL      now=   21.31% UP=   23.77% DOWN=   -1.10% 3=Y 5=Y 10=Y checks=12
ZECUSDT        REVERSAL      now=   11.79% UP=   15.05% DOWN=   -0.72% 3=Y 5=Y 10=Y checks=12
PIEVERSEUSDT   REVERSAL      now=    6.74% UP=    9.10% DOWN=   -1.00% 3=Y 5=Y 10=- checks=11
ZECUSDT        REVERSAL      now=   12.08% UP=   15.34% DOWN=   -0.46% 3=Y 5=Y 10=Y checks=11
HYPEUSDT       REVERSAL      now=   21.45% UP=   23.94% DOWN=   -0.97% 3=Y 5=Y 10=Y checks=11
BTCUSDT        REVERSAL      now=    7.52% UP=    8.90% DOWN=   -0.27% 3=Y 5=Y 10=- checks=11
REDUSDT        REVERSAL      now=    8.39% UP=   16.67% DOWN=   -1.93% 3=Y 5=Y 10=Y checks=9
AEONUSDT       REVERSAL      now=   -3.31% UP=    1.33% DOWN=  -10.30% 3=Y 5=Y 10=Y checks=9
ACEUSDT        REVERSAL      now=  -13.76% UP=    6.05% DOWN=  -17.97% 3=Y 5=Y 10=Y checks=9
ACEUSDT        CONTINUATION  now=  -14.03% UP=    5.72% DOWN=  -18.23% 3=Y 5=Y 10=Y checks=8
1000RATSUSDT   REVERSAL      now=    0.05% UP=    2.71% DOWN=   -4.96% 3=Y 5=- 10=- checks=7
ETHUSDT        CONTINUATION  now=   17.59% UP=   21.67% DOWN=   -0.01% 3=Y 5=Y 10=Y checks=7
BTCUSDT        CONTINUATION  now=    7.26% UP=    8.63% DOWN=   -0.08% 3=Y 5=Y 10=- checks=7
AEONUSDT       REVERSAL      now=   -0.27% UP=    4.51% DOWN=   -7.49% 3=Y 5=Y 10=- checks=7
REDUSDT        REVERSAL      now=    8.51% UP=   16.80% DOWN=   -1.25% 3=Y 5=Y 10=Y checks=7
SOLUSDT        CONTINUATION  now=   10.18% UP=   12.58% DOWN=   -0.19% 3=Y 5=Y 10=Y checks=7
ZECUSDT        CONTINUATION  now=    9.96% UP=   13.17% DOWN=   -0.73% 3=Y 5=Y 10=Y checks=6
ACEUSDT        REVERSAL      now=   -7.46% UP=    0.72% DOWN=  -11.98% 3=Y 5=Y 10=Y checks=6
ACUUSDT        CONTINUATION  now=    8.32% UP=   12.85% DOWN=    0.00% 3=Y 5=Y 10=Y checks=4
LAUSDT         CONTINUATION  now=   -3.41% UP=    0.00% DOWN=   -5.57% 3=Y 5=Y 10=- checks=3
VVVUSDT        REVERSAL      now=    1.25% UP=    6.66% DOWN=    0.00% 3=Y 5=Y 10=- checks=3
CAPUSDT        REVERSAL      now=   -0.75% UP=    0.00% DOWN=   -1.90% 3=- 5=- 10=- checks=2
LAUSDT         CONTINUATION  now=   -0.11% UP=    0.68% DOWN=   -0.93% 3=- 5=- 10=- checks=2
ACEUSDT        REVERSAL      now=    0.00% UP=    1.40% DOWN=   -1.25% 3=- 5=- 10=- checks=2
PUMPUSDT       CONTINUATION  now=   -0.29% UP=    0.00% DOWN=   -0.32% 3=- 5=- 10=- checks=1
LAUSDT         REVERSAL      now=   -0.09% UP=    0.00% DOWN=   -0.09% 3=- 5=- 10=- checks=1
POLUSDT        CONTINUATION  now=    0.04% UP=    0.04% DOWN=    0.00% 3=- 5=- 10=- checks=1
OPNUSDT        REVERSAL      now=   -0.02% UP=    0.00% DOWN=   -0.02% 3=- 5=- 10=- checks=1

==============================================================================================================
TRACKER SUMMARY
==============================================================================================================
Checked: 55
Failed: 0
Supabase rows upserted: 180
3% episodes: 146
5% episodes: 138
10% episodes: 99

V7.5 EPISODE MARKET TRACKER: PASS
