V7.5 state restored from Supabase: 176

ALPHA HUNTER V7.5 OPPORTUNITY LIFECYCLE
Run ID: 3f0ce67bd80fe8839cf214da7c6d3fa6
Timestamp: 2026-08-19T22:28:47.519187+00:00
Lifecycle candidates: 6

NEW    PUMPUSDT       CONTINUATION  state=PRE_MOVE_DETECTED    det=1   v74= 9.71 rank=6 shadow= 0.00 provisional=ACTIVE final=PENDING
UPDATE ACEUSDT        REVERSAL      state=PRE_MOVE_DETECTED    det=2   v74=13.88 rank=1 shadow=11.14 provisional=ACTIVE final=PENDING
NEW    LAUSDT         REVERSAL      state=PRE_MOVE_DETECTED    det=1   v74=11.34 rank=3 shadow= 5.13 provisional=ACTIVE final=PENDING
NEW    POLUSDT        CONTINUATION  state=PRE_MOVE_DETECTED    det=1   v74= 9.94 rank=5 shadow= 0.00 provisional=ACTIVE final=PENDING
NEW    OPNUSDT        REVERSAL      state=PRE_MOVE_DETECTED    det=1   v74=12.26 rank=2 shadow= 5.98 provisional=ACTIVE final=PENDING
UPDATE CAPUSDT        REVERSAL      state=PRE_MOVE_DETECTED    det=2   v74=10.48 rank=2 shadow= 6.30 provisional=ACTIVE final=PENDING

Supabase lifecycle rows upserted: 180
Supabase lifecycle row count: 180

====================================================================================================
V7.5 LIFECYCLE SUMMARY
====================================================================================================
Episodes stored: 180
Created this run: 4
Updated this run: 2
Active episodes: 180

STATE COUNTS
DIRECTION_EMERGING       14
EXPANSION                1
FINALIZED                125
PRE_MOVE_DETECTED        40

State file: /home/runner/work/Alpha-Hunter/Alpha-Hunter/data/v75-lifecycle-episodes.json
History file: /home/runner/work/Alpha-Hunter/Alpha-Hunter/data/v75-lifecycle-history.jsonl

V7.5 LIFECYCLE JOB: PASS
