
======================================================================================================================
ALPHA HUNTER V7.6 POST-CONFIRMATION OUTCOME TRACKER — SHADOW
======================================================================================================================
Confirmed outcome rows: 136
Created this run: 0

ACEUSDT        SHORT  quality=FORWARD_COMPLETE now=   6.05% MFE=  10.73% MAE=  -0.93% lost=Y done=-
ZECUSDT        SHORT  quality=FORWARD_COMPLETE now= -11.94% MFE=   0.24% MAE= -15.36% lost=Y done=-
ZECUSDT        LONG   quality=FORWARD_COMPLETE now=  10.03% MFE=  13.38% MAE=  -0.20% lost=Y done=-
ZECUSDT        SHORT  quality=FORWARD_COMPLETE now= -11.90% MFE=   0.49% MAE= -15.31% lost=Y done=-
HYPEUSDT       SHORT  quality=FORWARD_COMPLETE now= -21.15% MFE=   1.06% MAE= -23.82% lost=Y done=Y
HYPEUSDT       SHORT  quality=FORWARD_COMPLETE now= -21.20% MFE=   1.02% MAE= -23.87% lost=- done=Y
BTCUSDT        LONG   quality=FORWARD_COMPLETE now=   6.65% MFE=   8.08% MAE=  -0.10% lost=- done=-
ZECUSDT        SHORT  quality=FORWARD_COMPLETE now= -11.88% MFE=   0.49% MAE= -15.31% lost=- done=-
BTCUSDT        SHORT  quality=FORWARD_COMPLETE now=  -7.55% MFE=   0.06% MAE=  -9.00% lost=Y done=-
LINKUSDT       LONG   quality=FORWARD_COMPLETE now=  10.67% MFE=  12.75% MAE=  -0.33% lost=Y done=-
BTCUSDT        SHORT  quality=FORWARD_COMPLETE now=  -7.55% MFE=   0.06% MAE=  -9.01% lost=Y done=-
BTCUSDT        SHORT  quality=FORWARD_COMPLETE now=  -7.55% MFE=   0.06% MAE=  -9.01% lost=Y done=-
HYPEUSDT       SHORT  quality=FORWARD_COMPLETE now= -21.24% MFE=   1.02% MAE= -23.87% lost=Y done=Y
ONGUSDT        LONG   quality=FORWARD_COMPLETE now=   5.31% MFE=  12.00% MAE=  -2.14% lost=Y done=Y
PUMPUSDT       LONG   quality=FORWARD_COMPLETE now=   1.52% MFE=   7.18% MAE=  -3.04% lost=Y done=Y
ETHUSDT        LONG   quality=FORWARD_COMPLETE now=  16.50% MFE=  20.78% MAE=  -0.43% lost=- done=-
ACEUSDT        SHORT  quality=FORWARD_COMPLETE now=   6.39% MFE=  10.69% MAE=  -0.98% lost=Y done=-
ACEUSDT        SHORT  quality=FORWARD_COMPLETE now=   6.30% MFE=  10.60% MAE=  -1.07% lost=Y done=-
HYPEUSDT       SHORT  quality=FORWARD_COMPLETE now= -21.16% MFE=   1.06% MAE= -23.82% lost=Y done=Y
HYPEUSDT       SHORT  quality=FORWARD_COMPLETE now= -21.19% MFE=   1.09% MAE= -23.78% lost=Y done=Y
GPSUSDT        LONG   quality=FORWARD_COMPLETE now= -35.47% MFE=   0.00% MAE= -39.33% lost=Y done=-
ZECUSDT        SHORT  quality=FORWARD_COMPLETE now= -11.92% MFE=   0.48% MAE= -15.32% lost=Y done=-
ZECUSDT        SHORT  quality=FORWARD_COMPLETE now= -11.92% MFE=   0.48% MAE= -15.32% lost=Y done=-
ZECUSDT        SHORT  quality=FORWARD_COMPLETE now= -11.90% MFE=   0.50% MAE= -15.30% lost=- done=-
LINKUSDT       LONG   quality=FORWARD_COMPLETE now=  10.59% MFE=  12.75% MAE=  -0.33% lost=Y done=-
SOLUSDT        LONG   quality=FORWARD_COMPLETE now=  10.16% MFE=  12.68% MAE=  -0.37% lost=Y done=-
PIEVERSEUSDT   SHORT  quality=FORWARD_COMPLETE now=  -5.76% MFE=   2.00% MAE=  -7.97% lost=Y done=-
OUSDT          SHORT  quality=FORWARD_COMPLETE now=  -3.26% MFE=   0.00% MAE=  -5.04% lost=Y done=-
AEONUSDT       SHORT  quality=FORWARD_COMPLETE now=   0.39% MFE=   7.51% MAE=  -4.48% lost=Y done=-
1000RATSUSDT   SHORT  quality=FORWARD_COMPLETE now=  -1.52% MFE=   3.57% MAE=  -4.22% lost=Y done=-
SOLUSDT        LONG   quality=FORWARD_COMPLETE now=   8.86% MFE=  11.35% MAE=  -0.33% lost=Y done=-
HYPEUSDT       LONG   quality=FORWARD_COMPLETE now=  15.29% MFE=  17.72% MAE=  -0.19% lost=- done=-
HYPEUSDT       LONG   quality=FORWARD_COMPLETE now=  15.34% MFE=  17.79% MAE=  -0.12% lost=- done=-
REDUSDT        LONG   quality=FORWARD_COMPLETE now=  -1.55% MFE=   0.41% MAE=  -1.55% lost=- done=-
REDUSDT        LONG   quality=FORWARD_COMPLETE now=  -1.55% MFE=   0.41% MAE=  -1.55% lost=- done=-
ACUUSDT        LONG   quality=FORWARD_COMPLETE now=  -2.32% MFE=   1.67% MAE=  -2.56% lost=- done=-

======================================================================================================================
POST-CONFIRMATION TRACKER SUMMARY
======================================================================================================================
Outcome rows: 136
Created this run: 0
Tracked this run: 36
Failed: 0
Supabase rows upserted: 136
Forward complete: 136
Completed 24H: 107

IMPORTANT: OUTCOME TRACKER IS MEASUREMENT ONLY.
No trade permission was generated.

V7.6 POST-CONFIRMATION OUTCOME TRACKER: PASS
