
======================================================================================================================
ALPHA HUNTER V7.6 DIRECTION-PROOF ENGINE — SHADOW
======================================================================================================================
Eligible forward episodes: 30

SYMBOL         PATH          DIR         CONF   LONG   SHORT       15M        1H
----------------------------------------------------------------------------------------------------------------------
LINKUSDT       CONTINUATION  LONG       71.2%   6.00    1.00   BULLISH   BULLISH
OUSDT          CONTINUATION  LONG       87.5%   7.00    0.00   BULLISH   BULLISH
HYPEUSDT       REVERSAL      LONG       83.8%   7.00    1.00   BULLISH   BULLISH
ZECUSDT        REVERSAL      LONG       75.0%   6.00    0.00     MIXED   BULLISH
PIEVERSEUSDT   REVERSAL      LONG       59.4%   5.50    2.50   BULLISH   BULLISH
ZECUSDT        REVERSAL      LONG       75.0%   6.00    0.00     MIXED   BULLISH
HYPEUSDT       REVERSAL      LONG       83.8%   7.00    1.00   BULLISH   BULLISH
BTCUSDT        REVERSAL      LONG       71.2%   6.00    1.00     MIXED   BULLISH
REDUSDT        REVERSAL      LONG       71.2%   6.00    1.00     MIXED   BULLISH
AEONUSDT       REVERSAL      LONG       50.6%   4.50    1.50   BULLISH     MIXED
ACEUSDT        REVERSAL      SHORT      46.9%   2.50    4.50   BEARISH   BEARISH
ACEUSDT        CONTINUATION  SHORT      46.9%   2.50    4.50   BEARISH   BEARISH
1000RATSUSDT   REVERSAL      UNKNOWN     0.0%   1.50    2.00     MIXED     MIXED
ETHUSDT        CONTINUATION  LONG       83.8%   7.00    1.00   BULLISH   BULLISH
BTCUSDT        CONTINUATION  LONG       71.2%   6.00    1.00     MIXED   BULLISH
AEONUSDT       REVERSAL      LONG       50.6%   4.50    1.50   BULLISH     MIXED
REDUSDT        REVERSAL      LONG       71.2%   6.00    1.00     MIXED   BULLISH
SOLUSDT        CONTINUATION  LONG       71.2%   6.00    1.00   BULLISH   BULLISH
ZECUSDT        CONTINUATION  LONG       75.0%   6.00    0.00     MIXED   BULLISH
ACEUSDT        REVERSAL      SHORT      46.9%   2.50    4.50   BEARISH   BEARISH
ACUUSDT        CONTINUATION  LONG       46.9%   4.50    2.50     MIXED   BULLISH
LAUSDT         CONTINUATION  UNKNOWN     0.0%   2.00    1.50     MIXED   BULLISH
VVVUSDT        REVERSAL      UNKNOWN     0.0%   1.50    3.50     MIXED     MIXED
CAPUSDT        REVERSAL      UNKNOWN     0.0%   1.50    1.50     MIXED     MIXED
LAUSDT         CONTINUATION  UNKNOWN     0.0%   2.00    1.50     MIXED   BULLISH
ACEUSDT        REVERSAL      SHORT      46.9%   2.50    4.50   BEARISH   BEARISH
PUMPUSDT       CONTINUATION  SHORT      62.5%   0.00    5.00     MIXED     MIXED
LAUSDT         REVERSAL      UNKNOWN     0.0%   2.00    1.50     MIXED   BULLISH
POLUSDT        CONTINUATION  UNKNOWN     0.0%   3.50    0.00     MIXED   BULLISH
OPNUSDT        REVERSAL      UNKNOWN     0.0%   3.50    1.00   BULLISH     MIXED

======================================================================================================================
V7.6 SHADOW SUMMARY
======================================================================================================================
Evaluated: 30
LONG: 17
SHORT: 5
UNKNOWN: 8
Failures: 0
Supabase shadow rows saved: 30
Direction state rows saved: 30
Immutable transition rows saved: 30
Transition run ID: cloud5d-20260819T222750Z
Direction emerging: 9
Direction confirmed: 13
Lost confirmation: 0

IMPORTANT: V7.6 IS SHADOW ONLY.
No trade permission was generated.

V7.6 DIRECTION SHADOW: PASS
