
ALPHA HUNTER V7.1 — 2026-08-19T10:33:06.574691+00:00

Universe: 27 deep-scanned of 756 contracts
Eligible after prefilter: 282
Non-crypto rejected: 291

SYMBOL                  PHASE    TIME   BEHAV                     STATE      RR   DISC  TRADE
---------------------------------------------------------------------------------------------
ACEUSDT             EXPANSION    LATE    6.62                WATCH_LONG       —     NO     NO
MUBARAKUSDT    DISTRIBUTION_RISK    FAIR    6.05   DIRECTION_EMERGING_LONG    0.08     NO     NO
BRUSDT         DISTRIBUTION_RISK    FAIR    5.83   DIRECTION_EMERGING_LONG    0.02     NO     NO
龙虾USDT         EXPANSION_MANAGEMENT    FAIR    5.71   DIRECTION_EMERGING_LONG    0.36     NO     NO
TUTUSDT             BREAKDOWN    FAIR    5.36  DIRECTION_EMERGING_SHORT    0.14     NO     NO
AIOUSDT          ACCUMULATION    FAIR    5.04               WATCH_SHORT       —    YES     NO
PROMUSDT             RECOVERY    FAIR    4.89                WATCH_LONG       —     NO     NO
ZROUSDT        DISTRIBUTION_RISK    FAIR    4.25   DIRECTION_EMERGING_LONG    0.05     NO     NO
CHIPUSDT         ACCUMULATION    FAIR    4.22                   NEUTRAL       —     NO     NO
SOLUSDT           COMPRESSION   EARLY    4.15                WATCH_LONG       —     NO     NO
ARIAUSDT         ACCUMULATION    FAIR    4.15                WATCH_LONG       —     NO     NO
ETHUSDT           COMPRESSION   EARLY    4.05                WATCH_LONG       —     NO     NO
REDUSDT          ACCUMULATION    FAIR    4.04                   NEUTRAL       —     NO     NO
NILUSDT             BREAKDOWN    FAIR    4.00  DIRECTION_EMERGING_SHORT    0.03     NO     NO
AEONUSDT         ACCUMULATION    FAIR    3.92                   NEUTRAL       —     NO     NO
WLDUSDT           COMPRESSION   EARLY    3.65                   NEUTRAL       —     NO     NO
HYPEUSDT          COMPRESSION   EARLY    3.60               WATCH_SHORT       —     NO     NO
ADAUSDT           COMPRESSION   EARLY    3.60                   NEUTRAL       —     NO     NO
XPINUSDT         ACCUMULATION    FAIR    3.49                   NEUTRAL       —     NO     NO
ZECUSDT           COMPRESSION   EARLY    3.44                   NEUTRAL       —     NO     NO
SUIUSDT           COMPRESSION   EARLY    3.43                   NEUTRAL       —     NO     NO
BTCUSDT           COMPRESSION   EARLY    3.11                   NEUTRAL       —     NO     NO
BICOUSDT            BREAKDOWN    FAIR    2.95  DIRECTION_EMERGING_SHORT    0.03     NO     NO
DOGEUSDT          COMPRESSION   EARLY    2.94               WATCH_SHORT       —     NO     NO
LINKUSDT         ACCUMULATION   EARLY    2.69                WATCH_LONG       —     NO     NO
NEARUSDT         ACCUMULATION   EARLY    2.28  DIRECTION_EMERGING_SHORT    0.61     NO     NO
XRPUSDT           COMPRESSION   EARLY    2.25                   NEUTRAL       —     NO     NO

V7.4 PRE-MOVE SURVEILLANCE
Eligible: 8 | Primary: 5 | Reserve: 3

PRIMARY
 1 REDUSDT        REVERSAL       13.88 state=NEUTRAL
 2 AEONUSDT       REVERSAL       12.24 state=NEUTRAL
 3 ACEUSDT        CONTINUATION   12.00 state=WATCH_LONG
 4 ZECUSDT        REVERSAL       10.90 state=NEUTRAL
 5 SOLUSDT        CONTINUATION   10.15 state=WATCH_LONG

RESERVE
 6 ETHUSDT        CONTINUATION    9.95 state=WATCH_LONG
 7 HYPEUSDT       REVERSAL        9.93 state=WATCH_SHORT
 8 BTCUSDT        REVERSAL        9.81 state=NEUTRAL

Run ID: cdbc625ce01481cb340561abc4ee65b3
Snapshot saved: /home/runner/work/Alpha-Hunter/Alpha-Hunter/data/snapshots/snapshot-20260819T103306Z.json
State history: /home/runner/work/Alpha-Hunter/Alpha-Hunter/data/state-history.jsonl
Supabase: SAVED
Qualified discovery candidates: 1
EARLY candidates: 0
V7 Trade Ready: 0
Bitget private API: NOT_CONFIGURED
