
======================================================================================================================
ALPHA HUNTER V7.9 FULL-UNIVERSE HOURLY LEDGER — SHADOW
======================================================================================================================
Observed: 2026-08-19T10:33:08.358810+00:00
Hour bucket: 2026-08-19T10:00:00+00:00
Contract tickers: 756
Rows attempted: 756
Deep-scan selected: 27
Selection snapshot: 2026-08-19T10:33:06.574691+00:00
Selection run ID: cdbc625ce01481cb340561abc4ee65b3
Prefilter eligible: 281
Eligible not selected: 254
Non-crypto: 291
Low liquidity: 180
Over-extended: 4
Invalid price skipped: 0
Rows purged >7d: 0

TOP ABSOLUTE 24H MOVERS
SYMBOL                  24H    ELIG    SCAN  STATUS
------------------------------------------------------------------------
BTWUSDT             +81.00%       N       N  OVER_EXTENDED
JCTUSDT             -31.94%       N       N  OVER_EXTENDED
GPSUSDT             -30.89%       N       N  OVER_EXTENDED
VELVETUSDT          +25.49%       N       N  OVER_EXTENDED
BEATUSDT            -24.20%       Y       N  ELIGIBLE_NOT_SELECTED
ACEUSDT             +21.42%       Y       Y  DEEP_SCAN_SELECTED
HUSDT               -19.09%       Y       N  ELIGIBLE_NOT_SELECTED
DOSUSDT             +18.46%       Y       N  ELIGIBLE_NOT_SELECTED
CFGUSDT             -17.61%       Y       N  ELIGIBLE_NOT_SELECTED
BRUSDT              +17.47%       Y       Y  DEEP_SCAN_SELECTED
NILUSDT             -16.33%       Y       Y  DEEP_SCAN_SELECTED
MUBARAKUSDT         +15.02%       Y       Y  DEEP_SCAN_SELECTED
REDUSDT             -12.86%       Y       Y  DEEP_SCAN_SELECTED
XPINUSDT            -12.23%       Y       Y  DEEP_SCAN_SELECTED
龙虾USDT              +12.13%       Y       Y  DEEP_SCAN_SELECTED

IMPORTANT: V7.9 IS MEASUREMENT/AUDIT ONLY.
Same-hour reruns do not overwrite the first stored universe snapshot.
Raw universe evidence is retained for 7 days.
No trade permission was generated.

V7.9 FULL-UNIVERSE LEDGER: PASS
