
======================================================================================================================
ALPHA HUNTER V7.9 FULL-UNIVERSE HOURLY LEDGER — SHADOW
======================================================================================================================
Observed: 2026-08-18T20:28:38.315410+00:00
Hour bucket: 2026-08-18T20:00:00+00:00
Contract tickers: 759
Rows attempted: 759
Deep-scan selected: 26
Selection snapshot: 2026-08-18T20:28:35.937948+00:00
Selection run ID: 7fb03e3dc328eb6d8111a0bdb6eedbcd
Prefilter eligible: 322
Eligible not selected: 296
Non-crypto: 290
Low liquidity: 146
Over-extended: 1
Invalid price skipped: 0
Rows purged >7d: 0

TOP ABSOLUTE 24H MOVERS
SYMBOL                  24H    ELIG    SCAN  STATUS
------------------------------------------------------------------------
ACEUSDT             +41.13%       N       N  OVER_EXTENDED
KORUUSDT            -24.63%       N       N  NON_CRYPTO
JCTUSDT             -23.28%       Y       N  ELIGIBLE_NOT_SELECTED
SKYAIUSDT           -20.86%       Y       N  ELIGIBLE_NOT_SELECTED
UNITASUSDT          -20.20%       Y       N  ELIGIBLE_NOT_SELECTED
BEATUSDT            -19.04%       Y       N  ELIGIBLE_NOT_SELECTED
SKDDUSDT            +18.64%       N       N  NON_CRYPTO
SNXXUSDT            -18.62%       N       N  NON_CRYPTO
SKUUUSDT            -18.49%       N       N  NON_CRYPTO
PRLUSDT             +17.80%       Y       N  ELIGIBLE_NOT_SELECTED
XPINUSDT            -17.75%       Y       Y  DEEP_SCAN_SELECTED
RAMUSDT             -17.19%       N       N  NON_CRYPTO
BTWUSDT             +16.21%       Y       Y  DEEP_SCAN_SELECTED
AEHRUSDT            -15.72%       N       N  NON_CRYPTO
MVLLUSDT            -15.60%       N       N  NON_CRYPTO

IMPORTANT: V7.9 IS MEASUREMENT/AUDIT ONLY.
Same-hour reruns do not overwrite the first stored universe snapshot.
Raw universe evidence is retained for 7 days.
No trade permission was generated.

V7.9 FULL-UNIVERSE LEDGER: PASS
