
ALPHA HUNTER V7.1 — 2026-08-21T09:41:18.216666+00:00

Universe: 30 deep-scanned of 759 contracts
Eligible after prefilter: 379
Non-crypto rejected: 294

SYMBOL                  PHASE    TIME   BEHAV                     STATE      RR   DISC  TRADE
---------------------------------------------------------------------------------------------
XRPUSDT             EXPANSION    LATE    6.66   DIRECTION_EMERGING_LONG    0.05     NO     NO
TRXUSDT           COMPRESSION   EARLY    6.53   DIRECTION_EMERGING_LONG    0.02    YES     NO
ETHFIUSDT         COMPRESSION   EARLY    5.95                WATCH_LONG       —    YES     NO
ONEUSDT        DISTRIBUTION_RISK    FAIR    5.87   DIRECTION_EMERGING_LONG    0.25     NO     NO
BRETTUSDT            IGNITION    LATE    5.80   DIRECTION_EMERGING_LONG    0.07    YES     NO
HYPEUSDT          COMPRESSION    FAIR    5.66                WATCH_LONG       —    YES     NO
INJUSDT           COMPRESSION   EARLY    5.60                WATCH_LONG       —    YES     NO
WLFIUSDT          COMPRESSION   EARLY    5.59                WATCH_LONG       —    YES     NO
ETHUSDT           COMPRESSION    FAIR    5.54                WATCH_LONG       —    YES     NO
LDOUSDT              IGNITION   EARLY    5.49   DIRECTION_EMERGING_LONG    0.08    YES     NO
SANDUSDT       DISTRIBUTION_RISK    FAIR    5.44   DIRECTION_EMERGING_LONG    0.01     NO     NO
JASMYUSDT            IGNITION    FAIR    5.39   DIRECTION_EMERGING_LONG    0.06    YES     NO
BIOUSDT           COMPRESSION    FAIR    5.37                WATCH_LONG       —    YES     NO
PLUMEUSDT      DISTRIBUTION_RISK    FAIR    5.06   DIRECTION_EMERGING_LONG    0.00     NO     NO
MOODENGUSDT      ACCUMULATION    LATE    5.04                WATCH_LONG       —    YES     NO
SOLUSDT          ACCUMULATION   EARLY    5.02                WATCH_LONG       —    YES     NO
SPXUSDT          ACCUMULATION    LATE    4.82                WATCH_LONG       —     NO     NO
ROBOUSDT             IGNITION    FAIR    4.78   DIRECTION_EMERGING_LONG    0.31     NO     NO
MINAUSDT             IGNITION    FAIR    4.72   DIRECTION_EMERGING_LONG    0.05     NO     NO
KAIAUSDT         ACCUMULATION    FAIR    4.44   DIRECTION_EMERGING_LONG    0.04     NO     NO
BTCUSDT              IGNITION    FAIR    4.37   DIRECTION_EMERGING_LONG    0.16     NO     NO
PRLUSDT             EXPANSION    FAIR    4.21                   NEUTRAL       —     NO     NO
ASTERUSDT        ACCUMULATION    FAIR    4.13                WATCH_LONG       —     NO     NO
SKYAIUSDT         COMPRESSION   EARLY    4.06                   NEUTRAL       —     NO     NO
BGBUSDT          ACCUMULATION   EARLY    3.95                   NEUTRAL       —     NO     NO
ZROUSDT           COMPRESSION   EARLY    3.85                WATCH_LONG       —     NO     NO
XMRUSDT           COMPRESSION   EARLY    3.67               WATCH_SHORT       —     NO     NO
KAITOUSDT        ACCUMULATION   EARLY    3.53                   NEUTRAL       —     NO     NO
SANTOSUSDT       ACCUMULATION   EARLY    2.70               WATCH_SHORT       —     NO     NO
LABUSDT          ACCUMULATION   EARLY    2.53                   NEUTRAL       —     NO     NO

V7.4 PRE-MOVE SURVEILLANCE
Eligible: 4 | Primary: 4 | Reserve: 0

PRIMARY
 1 ETHFIUSDT      CONTINUATION   10.00 state=WATCH_LONG
 2 BIOUSDT        CONTINUATION   10.00 state=WATCH_LONG
 3 WLFIUSDT       CONTINUATION    9.96 state=WATCH_LONG
 4 INJUSDT        CONTINUATION    9.84 state=WATCH_LONG

Run ID: 575fa690af602fb8d15c4d6b08051348
Snapshot saved: /home/runner/work/Alpha-Hunter/Alpha-Hunter/data/snapshots/snapshot-20260821T094118Z.json
State history: /home/runner/work/Alpha-Hunter/Alpha-Hunter/data/state-history.jsonl
Supabase: SAVED
Qualified discovery candidates: 12
EARLY candidates: 6
V7 Trade Ready: 0
Bitget private API: NOT_CONFIGURED
