V7.4 HOURLY PERFORMANCE TRACKER
Run ID: 575fa690af602fb8d15c4d6b08051348

V7.4.1 SHADOW REVERSAL
 SH SYMBOL           V74     OLD   SHADOW
--------------------------------------------------
PERFORMANCE SIGNALS SAVED: 30
FEATURE ROWS SAVED: 30
V7.4 OUTCOMES 1H: saved=12 failed=0
V7.4 OUTCOMES 4H: saved=13 failed=0
V7.4 OUTCOMES 12H: saved=20 failed=0
V7.4 OUTCOMES 24H: saved=4 failed=0
OUTCOME EVALUATION COMPLETE: saved=49 failed=0

==========================================================================================
V7.4 CURRENT SURVEILLANCE COHORT
==========================================================================================
RANK SYMBOL         TIER      PATH            SCORE STATE
------------------------------------------------------------------------------------------
   1 ETHFIUSDT      PRIMARY   CONTINUATION    10.00 WATCH_LONG
   2 BIOUSDT        PRIMARY   CONTINUATION    10.00 WATCH_LONG
   3 WLFIUSDT       PRIMARY   CONTINUATION     9.96 WATCH_LONG
   4 INJUSDT        PRIMARY   CONTINUATION     9.84 WATCH_LONG

================================================================================================================================
V7.4 FORWARD PERFORMANCE — RAW PRICE EXPANSION
================================================================================================================================

PRIMARY / RESERVE + PATH
  H TIER      PATH              N    POS%   AVG RAW   AVG ABS    EXP3%    EXP5%   EXP10%    UP5%    DN5%
--------------------------------------------------------------------------------------------------------------------------------
  1 PRIMARY   CONTINUATION     88   71.6%    0.711%    1.559%    17.0%     5.7%     0.0%    2.3%    3.4%
  1 PRIMARY   REVERSAL         62   69.4%    0.642%    1.522%     8.1%     4.8%     0.0%    3.2%    1.6%
  1 RESERVE   CONTINUATION     52   76.9%    0.809%    1.434%     7.7%     3.8%     0.0%    1.9%    1.9%
  1 RESERVE   REVERSAL         10   60.0%    0.134%    0.664%     0.0%     0.0%     0.0%    0.0%    0.0%
  4 PRIMARY   CONTINUATION     76   75.0%    2.293%    3.022%    31.6%    19.7%     3.9%   17.1%    2.6%
  4 PRIMARY   REVERSAL         55   76.4%    1.238%    2.497%    23.6%    10.9%     0.0%    9.1%    1.8%
  4 RESERVE   CONTINUATION     48   79.2%    2.655%    3.254%    41.7%    20.8%     6.2%   18.8%    2.1%
  4 RESERVE   REVERSAL         10   60.0%    0.080%    1.209%     0.0%     0.0%     0.0%    0.0%    0.0%
 12 PRIMARY   CONTINUATION     32   81.2%    3.040%    4.271%    56.2%    40.6%     9.4%   34.4%    6.2%
 12 PRIMARY   REVERSAL         35   77.1%    2.894%    3.387%    37.1%    25.7%     8.6%   25.7%    0.0%
 12 RESERVE   CONTINUATION     22   95.5%    6.227%    6.363%    77.3%    68.2%    18.2%   68.2%    0.0%
 12 RESERVE   REVERSAL          7   71.4%    0.198%    0.732%     0.0%     0.0%     0.0%    0.0%    0.0%

RANK QUALITY
  H RANK BUCKET         N    POS%   AVG RAW   AVG ABS    EXP3%    EXP5%   EXP10%    UP5%    DN5%
----------------------------------------------------------------------------------------------------------------
  1 TOP_1_3            93   64.5%    0.523%    1.682%    14.0%     8.6%     0.0%    4.3%    4.3%
  1 TOP_4_5            57   80.7%    0.943%    1.319%    12.3%     0.0%     0.0%    0.0%    0.0%
  1 RESERVE_6_10       62   74.2%    0.700%    1.310%     6.5%     3.2%     0.0%    1.6%    1.6%
  4 TOP_1_3            81   75.3%    1.604%    2.773%    28.4%    13.6%     2.5%   11.1%    2.5%
  4 TOP_4_5            50   76.0%    2.249%    2.848%    28.0%    20.0%     2.0%   18.0%    2.0%
  4 RESERVE_6_10       58   75.9%    2.211%    2.901%    34.5%    17.2%     5.2%   15.5%    1.7%
 12 TOP_1_3            42   78.6%    2.526%    3.264%    38.1%    23.8%     7.1%   21.4%    2.4%
 12 TOP_4_5            25   80.0%    3.700%    4.725%    60.0%    48.0%    12.0%   44.0%    4.0%
 12 RESERVE_6_10       29   89.7%    4.772%    5.003%    58.6%    51.7%    13.8%   51.7%    0.0%

Metric definitions:
AVG RAW = average raw market return from detection price.
AVG ABS = average absolute price movement regardless of direction.
EXP3/5/10 = percentage of candidates moving at least 3% / 5% / 10% in either direction.
UP5 = raw upside move >= +5%; DN5 = raw downside move <= -5%.
No V7.4 trade-direction assumption is used in these metrics.

V7.4 TRACKING JOB: PASS
