
==============================================================================================================
ALPHA HUNTER V7.5 INDEPENDENT EPISODE MARKET TRACKER
==============================================================================================================
Episodes stored: 254
Active episodes: 99

ADAUSDT        REVERSAL      now=    8.04% UP=   10.22% DOWN=  -12.70% 3=Y 5=Y 10=Y checks=51
DOGEUSDT       CONTINUATION  now=   18.66% UP=   21.34% DOWN=   -2.32% 3=Y 5=Y 10=Y checks=51
SKYAIUSDT      REVERSAL      now=  -31.33% UP=    0.00% DOWN=  -48.62% 3=Y 5=Y 10=Y checks=51
SOLUSDT        CONTINUATION  now=   18.72% UP=   21.00% DOWN=   -4.13% 3=Y 5=Y 10=Y checks=51
SUIUSDT        CONTINUATION  now=   12.05% UP=   16.03% DOWN=   -7.26% 3=Y 5=Y 10=Y checks=51
COOKIEUSDT     CONTINUATION  now=   -8.78% UP=    0.00% DOWN=  -18.26% 3=Y 5=Y 10=Y checks=51
BTWUSDT        CONTINUATION  now=  130.97% UP=  157.09% DOWN=    0.00% 3=Y 5=Y 10=Y checks=51
CYSUSDT        CONTINUATION  now=  -47.49% UP=   78.38% DOWN=  -50.85% 3=Y 5=Y 10=Y checks=51
GWEIUSDT       REVERSAL      now=   13.54% UP=   24.28% DOWN=   -2.98% 3=Y 5=Y 10=Y checks=51
BICOUSDT       REVERSAL      now=  -60.92% UP=    0.00% DOWN=  -62.36% 3=Y 5=Y 10=Y checks=51
SUIUSDT        CONTINUATION  now=   13.39% UP=   17.41% DOWN=   -6.16% 3=Y 5=Y 10=Y checks=51
MMTUSDT        REVERSAL      now=  -12.83% UP=    0.00% DOWN=  -17.89% 3=Y 5=Y 10=Y checks=51
IOTXUSDT       REVERSAL      now=    0.04% UP=    0.63% DOWN=  -11.34% 3=Y 5=Y 10=Y checks=51
FORMUSDT       REVERSAL      now=   19.25% UP=   21.37% DOWN=   -7.88% 3=Y 5=Y 10=Y checks=51
JTOUSDT        REVERSAL      now=   10.46% UP=   10.46% DOWN=   -0.43% 3=Y 5=Y 10=Y checks=51
4USDT          REVERSAL      now=   -6.78% UP=    0.00% DOWN=  -22.21% 3=Y 5=Y 10=Y checks=51
MUBARAKUSDT    REVERSAL      now=    7.72% UP=   14.53% DOWN=  -24.10% 3=Y 5=Y 10=Y checks=51
PUMPUSDT       REVERSAL      now=   37.97% UP=   39.98% DOWN=   -5.65% 3=Y 5=Y 10=Y checks=51
HYPEUSDT       REVERSAL      now=   32.37% UP=   35.40% DOWN=   -0.62% 3=Y 5=Y 10=Y checks=51
ACUUSDT        REVERSAL      now=    8.02% UP=   16.62% DOWN=   -4.40% 3=Y 5=Y 10=Y checks=51
BTWUSDT        CONTINUATION  now=   55.39% UP=   72.40% DOWN=  -10.16% 3=Y 5=Y 10=Y checks=51
AEONUSDT       CONTINUATION  now=    5.47% UP=   28.99% DOWN=   -6.91% 3=Y 5=Y 10=Y checks=51
LINKUSDT       CONTINUATION  now=   20.98% UP=   25.07% DOWN=    0.00% 3=Y 5=Y 10=Y checks=28
OUSDT          CONTINUATION  now=    1.57% UP=    3.69% DOWN=   -6.18% 3=Y 5=Y 10=- checks=28
HYPEUSDT       REVERSAL      now=   26.84% UP=   29.76% DOWN=   -1.10% 3=Y 5=Y 10=Y checks=28
ZECUSDT        REVERSAL      now=   28.29% UP=   30.70% DOWN=   -0.72% 3=Y 5=Y 10=Y checks=28
1000RATSUSDT   REVERSAL      now=   -0.90% UP=    9.83% DOWN=   -4.96% 3=Y 5=Y 10=- checks=23
ETHUSDT        CONTINUATION  now=   24.97% UP=   27.50% DOWN=   -0.01% 3=Y 5=Y 10=Y checks=23
BTCUSDT        CONTINUATION  now=   20.90% UP=   23.41% DOWN=   -0.08% 3=Y 5=Y 10=Y checks=23
AEONUSDT       REVERSAL      now=   -6.09% UP=    5.43% DOWN=  -13.04% 3=Y 5=Y 10=Y checks=23
REDUSDT        REVERSAL      now=   21.57% UP=   35.87% DOWN=   -1.25% 3=Y 5=Y 10=Y checks=23
SOLUSDT        CONTINUATION  now=   18.27% UP=   20.51% DOWN=   -0.19% 3=Y 5=Y 10=Y checks=23
LAUSDT         CONTINUATION  now=    9.83% UP=   10.10% DOWN=   -0.60% 3=Y 5=Y 10=Y checks=14
WLFIUSDT       REVERSAL      now=    0.95% UP=    2.68% DOWN=   -2.27% 3=- 5=- 10=- checks=14
1000RATSUSDT   CONTINUATION  now=   -7.32% UP=    2.60% DOWN=   -9.56% 3=Y 5=Y 10=- checks=14
XMRUSDT        REVERSAL      now=   -1.62% UP=    1.64% DOWN=   -2.64% 3=- 5=- 10=- checks=14
ONGUSDT        REVERSAL      now=   41.65% UP=  166.67% DOWN=   -1.60% 3=Y 5=Y 10=Y checks=14
VVVUSDT        REVERSAL      now=   11.66% UP=   15.75% DOWN=   -0.08% 3=Y 5=Y 10=Y checks=13
BRUSDT         CONTINUATION  now=    2.03% UP=    9.22% DOWN=   -5.87% 3=Y 5=Y 10=- checks=13
CAPUSDT        REVERSAL      now=    4.21% UP=    6.19% DOWN=   -8.68% 3=Y 5=Y 10=- checks=13
WLDUSDT        CONTINUATION  now=    7.84% UP=    9.76% DOWN=   -1.33% 3=Y 5=Y 10=- checks=13
ZROUSDT        CONTINUATION  now=    2.53% UP=    3.98% DOWN=   -3.38% 3=Y 5=- 10=- checks=12
TREEUSDT       REVERSAL      now=    5.58% UP=    6.00% DOWN=   -0.25% 3=Y 5=Y 10=- checks=12
MUBARAKUSDT    REVERSAL      now=   10.77% UP=   17.77% DOWN=   -4.22% 3=Y 5=Y 10=Y checks=12
VVVUSDT        CONTINUATION  now=    9.13% UP=   13.13% DOWN=   -1.05% 3=Y 5=Y 10=Y checks=11
LAUSDT         CONTINUATION  now=    8.46% UP=    8.73% DOWN=   -0.98% 3=Y 5=Y 10=- checks=11
1000RATSUSDT   CONTINUATION  now=   -6.70% UP=    0.63% DOWN=   -8.95% 3=Y 5=Y 10=- checks=11
ACUUSDT        REVERSAL      now=   -3.85% UP=    1.11% DOWN=   -7.79% 3=Y 5=Y 10=- checks=11
UNIUSDT        CONTINUATION  now=    6.81% UP=   10.60% DOWN=    0.00% 3=Y 5=Y 10=Y checks=9
LAUSDT         CONTINUATION  now=    7.71% UP=    7.97% DOWN=   -1.67% 3=Y 5=Y 10=- checks=9
ZROUSDT        REVERSAL      now=    5.58% UP=    7.07% DOWN=   -0.44% 3=Y 5=Y 10=- checks=9
NEARUSDT       CONTINUATION  now=    8.71% UP=   11.41% DOWN=   -1.95% 3=Y 5=Y 10=Y checks=9
ONDOUSDT       CONTINUATION  now=    5.37% UP=    7.45% DOWN=   -2.64% 3=Y 5=Y 10=- checks=10
LITUSDT        CONTINUATION  now=   -2.73% UP=    0.71% DOWN=   -7.55% 3=Y 5=Y 10=- checks=10
OPUSDT         CONTINUATION  now=    4.56% UP=    5.29% DOWN=   -3.53% 3=Y 5=Y 10=- checks=9
BTWUSDT        REVERSAL      now=   19.87% UP=   32.94% DOWN=   -2.37% 3=Y 5=Y 10=Y checks=9
WLFIUSDT       REVERSAL      now=   -0.10% UP=    1.56% DOWN=   -3.33% 3=Y 5=- 10=- checks=8
LDOUSDT        CONTINUATION  now=    7.76% UP=    8.69% DOWN=   -0.18% 3=Y 5=Y 10=- checks=8
WLDUSDT        CONTINUATION  now=    5.84% UP=    7.69% DOWN=   -0.44% 3=Y 5=Y 10=- checks=8
TREEUSDT       REVERSAL      now=    3.35% UP=    3.77% DOWN=   -1.80% 3=Y 5=- 10=- checks=8
NEARUSDT       REVERSAL      now=    9.73% UP=   12.48% DOWN=   -0.02% 3=Y 5=Y 10=Y checks=8
LITUSDT        REVERSAL      now=    3.16% UP=    5.83% DOWN=   -1.95% 3=Y 5=Y 10=- checks=8
XMRUSDT        REVERSAL      now=    0.09% UP=    2.88% DOWN=   -0.82% 3=- 5=- 10=- checks=8
TRUMPUSDT      CONTINUATION  now=    5.54% UP=    8.07% DOWN=   -2.65% 3=Y 5=Y 10=- checks=8
ZECUSDT        CONTINUATION  now=   13.36% UP=   15.32% DOWN=   -1.11% 3=Y 5=Y 10=Y checks=8
WLDUSDT        CONTINUATION  now=    5.72% UP=    7.57% DOWN=   -0.54% 3=Y 5=Y 10=- checks=8
LINKUSDT       CONTINUATION  now=    8.62% UP=   12.32% DOWN=   -0.89% 3=Y 5=Y 10=Y checks=8
TREEUSDT       REVERSAL      now=    4.81% UP=    5.23% DOWN=   -0.42% 3=Y 5=Y 10=- checks=8
VVVUSDT        REVERSAL      now=    8.88% UP=   12.87% DOWN=   -1.28% 3=Y 5=Y 10=Y checks=8
NEARUSDT       CONTINUATION  now=    8.93% UP=   11.60% DOWN=   -0.46% 3=Y 5=Y 10=Y checks=8
UNIUSDT        CONTINUATION  now=    5.40% UP=    9.12% DOWN=   -0.65% 3=Y 5=Y 10=- checks=8
LUMIAUSDT      CONTINUATION  now=    1.82% UP=    1.82% DOWN=   -1.05% 3=- 5=- 10=- checks=8
ONDOUSDT       REVERSAL      now=    6.66% UP=    8.76% DOWN=   -0.11% 3=Y 5=Y 10=- checks=8
AAVEUSDT       CONTINUATION  now=    8.38% UP=   11.10% DOWN=   -0.48% 3=Y 5=Y 10=Y checks=7
BTWUSDT        REVERSAL      now=   14.91% UP=   27.47% DOWN=   -2.82% 3=Y 5=Y 10=Y checks=6
INJUSDT        CONTINUATION  now=    3.36% UP=    6.06% DOWN=   -0.27% 3=Y 5=Y 10=- checks=6
MAGMAUSDT      CONTINUATION  now=    3.95% UP=    6.83% DOWN=   -0.21% 3=Y 5=Y 10=- checks=6
RENDERUSDT     CONTINUATION  now=    4.76% UP=    6.58% DOWN=   -0.16% 3=Y 5=Y 10=- checks=6
LDOUSDT        CONTINUATION  now=    6.48% UP=    7.37% DOWN=   -0.06% 3=Y 5=Y 10=- checks=5
TRUMPUSDT      REVERSAL      now=    6.83% UP=    9.38% DOWN=   -0.18% 3=Y 5=Y 10=- checks=5
MONUSDT        CONTINUATION  now=    4.72% UP=    8.80% DOWN=   -0.99% 3=Y 5=Y 10=- checks=5
HYPEUSDT       CONTINUATION  now=    2.54% UP=    4.78% DOWN=   -1.93% 3=Y 5=- 10=- checks=5
USELESSUSDT    CONTINUATION  now=   19.44% UP=   19.86% DOWN=   -0.47% 3=Y 5=Y 10=Y checks=5
TRUMPUSDT      CONTINUATION  now=    4.97% UP=    7.49% DOWN=   -0.24% 3=Y 5=Y 10=- checks=4
INJUSDT        CONTINUATION  now=    3.03% UP=    5.72% DOWN=   -0.11% 3=Y 5=Y 10=- checks=4
REUSDT         CONTINUATION  now=   -5.83% UP=    5.20% DOWN=   -9.86% 3=Y 5=Y 10=- checks=4
XMRUSDT        REVERSAL      now=   -1.64% UP=    0.47% DOWN=   -2.62% 3=- 5=- 10=- checks=4
ONDOUSDT       CONTINUATION  now=    2.60% UP=    4.63% DOWN=   -0.74% 3=Y 5=- 10=- checks=4
MAGMAUSDT      CONTINUATION  now=    1.39% UP=    2.98% DOWN=   -2.40% 3=- 5=- 10=- checks=3
BRETTUSDT      CONTINUATION  now=    6.34% UP=    7.83% DOWN=   -0.02% 3=Y 5=Y 10=- checks=3
AAVEUSDT       CONTINUATION  now=    6.76% UP=    9.40% DOWN=   -0.33% 3=Y 5=Y 10=- checks=3
1000SATSUSDT   CONTINUATION  now=   -1.56% UP=    0.62% DOWN=   -4.67% 3=Y 5=- 10=- checks=2
ETHFIUSDT      CONTINUATION  now=   -1.56% UP=    1.68% DOWN=   -4.21% 3=Y 5=- 10=- checks=2
INJUSDT        CONTINUATION  now=   -1.76% UP=    0.80% DOWN=   -3.13% 3=Y 5=- 10=- checks=2
TRUMPUSDT      CONTINUATION  now=   -0.23% UP=    2.16% DOWN=   -3.13% 3=Y 5=- 10=- checks=2
TRXUSDT        CONTINUATION  now=    0.33% UP=    0.35% DOWN=   -0.05% 3=- 5=- 10=- checks=2
LDOUSDT        CONTINUATION  now=    1.38% UP=    2.17% DOWN=   -1.52% 3=- 5=- 10=- checks=2
WLFIUSDT       CONTINUATION  now=    0.02% UP=    0.13% DOWN=   -0.07% 3=- 5=- 10=- checks=1
BIOUSDT        CONTINUATION  now=    0.03% UP=    0.06% DOWN=    0.00% 3=- 5=- 10=- checks=1

==============================================================================================================
TRACKER SUMMARY
==============================================================================================================
Checked: 99
Failed: 0
Supabase rows upserted: 254
3% episodes: 215
5% episodes: 195
10% episodes: 129

V7.5 EPISODE MARKET TRACKER: PASS
