
======================================================================================================================
ALPHA HUNTER V7.6 DIRECTION-PROOF ENGINE — SHADOW
======================================================================================================================
Eligible forward episodes: 77

SYMBOL         PATH          DIR         CONF   LONG   SHORT       15M        1H
----------------------------------------------------------------------------------------------------------------------
LINKUSDT       CONTINUATION  LONG       71.2%   6.00    1.00   BULLISH   BULLISH
OUSDT          CONTINUATION  LONG      100.0%   8.00    0.00   BULLISH   BULLISH
HYPEUSDT       REVERSAL      LONG       83.8%   7.00    1.00   BULLISH   BULLISH
ZECUSDT        REVERSAL      LONG       87.5%   7.00    0.00   BULLISH   BULLISH
1000RATSUSDT   REVERSAL      UNKNOWN     0.0%   1.50    3.50     MIXED   BEARISH
ETHUSDT        CONTINUATION  LONG       83.8%   7.00    1.00   BULLISH   BULLISH
BTCUSDT        CONTINUATION  LONG       83.8%   7.00    1.00   BULLISH   BULLISH
AEONUSDT       REVERSAL      LONG       75.0%   6.00    0.00   BULLISH     MIXED
REDUSDT        REVERSAL      LONG       52.5%   4.50    1.00     MIXED   BULLISH
SOLUSDT        CONTINUATION  LONG       83.8%   7.00    1.00   BULLISH   BULLISH
LAUSDT         CONTINUATION  LONG      100.0%   8.00    0.00   BULLISH   BULLISH
WLFIUSDT       REVERSAL      LONG       65.0%   5.50    1.00   BULLISH   BULLISH
1000RATSUSDT   CONTINUATION  UNKNOWN     0.0%   1.50    3.50     MIXED   BEARISH
XMRUSDT        REVERSAL      SHORT      87.5%   0.00    7.00   BEARISH   BEARISH
ONGUSDT        REVERSAL      SHORT      62.5%   0.00    5.00   BEARISH     MIXED
VVVUSDT        REVERSAL      UNKNOWN     0.0%   3.50    2.00     MIXED   BULLISH
BRUSDT         CONTINUATION  LONG       87.5%   7.00    0.00   BULLISH   BULLISH
CAPUSDT        REVERSAL      LONG      100.0%   8.00    0.00   BULLISH   BULLISH
WLDUSDT        CONTINUATION  LONG       83.8%   7.00    1.00   BULLISH   BULLISH
ZROUSDT        CONTINUATION  LONG       67.5%   6.00    2.00   BULLISH   BULLISH
TREEUSDT       REVERSAL      LONG       75.0%   6.00    0.00   BULLISH   BULLISH
MUBARAKUSDT    REVERSAL      UNKNOWN     0.0%   3.50    3.50     MIXED   BULLISH
VVVUSDT        CONTINUATION  UNKNOWN     0.0%   3.50    2.00     MIXED   BULLISH
LAUSDT         CONTINUATION  LONG      100.0%   8.00    0.00   BULLISH   BULLISH
1000RATSUSDT   CONTINUATION  UNKNOWN     0.0%   1.50    3.50     MIXED   BEARISH
ACUUSDT        REVERSAL      SHORT      87.5%   0.00    7.00   BEARISH   BEARISH
UNIUSDT        CONTINUATION  LONG       58.8%   5.00    1.00     MIXED   BULLISH
LAUSDT         CONTINUATION  LONG      100.0%   8.00    0.00   BULLISH   BULLISH
ZROUSDT        REVERSAL      LONG       67.5%   6.00    2.00   BULLISH   BULLISH
NEARUSDT       CONTINUATION  LONG       71.2%   6.00    1.00   BULLISH   BULLISH
ONDOUSDT       CONTINUATION  LONG       71.2%   6.00    1.00   BULLISH   BULLISH
LITUSDT        CONTINUATION  LONG       71.2%   6.00    1.00   BULLISH   BULLISH
OPUSDT         CONTINUATION  LONG       87.5%   7.00    0.00   BULLISH   BULLISH
BTWUSDT        REVERSAL      LONG       83.8%   7.00    1.00   BULLISH   BULLISH
WLFIUSDT       REVERSAL      LONG       65.0%   5.50    1.00   BULLISH   BULLISH
LDOUSDT        CONTINUATION  LONG       87.5%   7.00    0.00   BULLISH   BULLISH
WLDUSDT        CONTINUATION  LONG       83.8%   7.00    1.00   BULLISH   BULLISH
TREEUSDT       REVERSAL      LONG       75.0%   6.00    0.00   BULLISH   BULLISH
NEARUSDT       REVERSAL      LONG       71.2%   6.00    1.00   BULLISH   BULLISH
LITUSDT        REVERSAL      LONG       71.2%   6.00    1.00   BULLISH   BULLISH
XMRUSDT        REVERSAL      SHORT      87.5%   0.00    7.00   BEARISH   BEARISH
TRUMPUSDT      CONTINUATION  LONG       83.8%   7.00    1.00   BULLISH   BULLISH
ZECUSDT        CONTINUATION  LONG       87.5%   7.00    0.00   BULLISH   BULLISH
WLDUSDT        CONTINUATION  LONG       83.8%   7.00    1.00   BULLISH   BULLISH
LINKUSDT       CONTINUATION  LONG       71.2%   6.00    1.00   BULLISH   BULLISH
TREEUSDT       REVERSAL      LONG       75.0%   6.00    0.00   BULLISH   BULLISH
VVVUSDT        REVERSAL      UNKNOWN     0.0%   3.50    2.00     MIXED   BULLISH
NEARUSDT       CONTINUATION  LONG       71.2%   6.00    1.00   BULLISH   BULLISH
UNIUSDT        CONTINUATION  LONG       58.8%   5.00    1.00     MIXED   BULLISH
LUMIAUSDT      CONTINUATION  LONG       87.5%   7.00    0.00   BULLISH   BULLISH
ONDOUSDT       REVERSAL      LONG       71.2%   6.00    1.00   BULLISH   BULLISH
AAVEUSDT       CONTINUATION  LONG       52.5%   4.50    1.00   BULLISH   BULLISH
BTWUSDT        REVERSAL      LONG       83.8%   7.00    1.00   BULLISH   BULLISH
INJUSDT        CONTINUATION  LONG       58.8%   5.00    1.00     MIXED   BULLISH
MAGMAUSDT      CONTINUATION  LONG       75.6%   6.50    1.50   BULLISH   BULLISH
RENDERUSDT     CONTINUATION  LONG       71.2%   6.00    1.00   BULLISH   BULLISH
LDOUSDT        CONTINUATION  LONG       87.5%   7.00    0.00   BULLISH   BULLISH
TRUMPUSDT      REVERSAL      LONG       83.8%   7.00    1.00   BULLISH   BULLISH
MONUSDT        CONTINUATION  UNKNOWN     0.0%   3.50    3.50     MIXED   BULLISH
HYPEUSDT       CONTINUATION  LONG       83.8%   7.00    1.00   BULLISH   BULLISH
USELESSUSDT    CONTINUATION  LONG      100.0%   8.00    0.00   BULLISH   BULLISH
TRUMPUSDT      CONTINUATION  LONG       83.8%   7.00    1.00   BULLISH   BULLISH
INJUSDT        CONTINUATION  LONG       58.8%   5.00    1.00     MIXED   BULLISH
REUSDT         CONTINUATION  SHORT      50.6%   1.50    4.50     MIXED   BEARISH
XMRUSDT        REVERSAL      SHORT      87.5%   0.00    7.00   BEARISH   BEARISH
ONDOUSDT       CONTINUATION  LONG       71.2%   6.00    1.00   BULLISH   BULLISH
MAGMAUSDT      CONTINUATION  LONG       75.6%   6.50    1.50   BULLISH   BULLISH
BRETTUSDT      CONTINUATION  LONG       83.8%   7.00    1.00   BULLISH   BULLISH
AAVEUSDT       CONTINUATION  LONG       52.5%   4.50    1.00   BULLISH   BULLISH
1000SATSUSDT   CONTINUATION  LONG       71.2%   6.00    1.00   BULLISH   BULLISH
ETHFIUSDT      CONTINUATION  UNKNOWN     0.0%   3.50    1.00     MIXED   BULLISH
INJUSDT        CONTINUATION  LONG       58.8%   5.00    1.00     MIXED   BULLISH
TRUMPUSDT      CONTINUATION  LONG       83.8%   7.00    1.00   BULLISH   BULLISH
TRXUSDT        CONTINUATION  LONG       68.8%   5.50    0.00   BULLISH   BULLISH
LDOUSDT        CONTINUATION  LONG       87.5%   7.00    0.00   BULLISH   BULLISH
WLFIUSDT       CONTINUATION  LONG       65.0%   5.50    1.00   BULLISH   BULLISH
BIOUSDT        CONTINUATION  LONG       58.8%   5.00    1.00     MIXED   BULLISH

======================================================================================================================
V7.6 SHADOW SUMMARY
======================================================================================================================
Evaluated: 77
LONG: 62
SHORT: 6
UNKNOWN: 9
Failures: 0
Supabase shadow rows saved: 77
Direction state rows saved: 77
Immutable transition rows saved: 77
Transition run ID: cloud5d-20260821T094020Z
Direction emerging: 11
Direction confirmed: 57
Lost confirmation: 5

IMPORTANT: V7.6 IS SHADOW ONLY.
No trade permission was generated.

V7.6 DIRECTION SHADOW: PASS
