
======================================================================================================================
ALPHA HUNTER V7.6 POST-CONFIRMATION OUTCOME TRACKER — SHADOW
======================================================================================================================
Confirmed outcome rows: 212
Created this run: 9

LITUSDT        SHORT  quality=FORWARD_COMPLETE now=  -5.40% MFE=   0.15% MAE=  -7.77% lost=Y done=-
LITUSDT        SHORT  quality=FORWARD_COMPLETE now=  -5.28% MFE=   0.27% MAE=  -7.65% lost=Y done=-
CAPUSDT        SHORT  quality=FORWARD_COMPLETE now=  -3.34% MFE=   8.88% MAE=  -5.96% lost=Y done=-
LAUSDT         LONG   quality=FORWARD_COMPLETE now=   7.43% MFE=   7.48% MAE=  -2.30% lost=Y done=-
LAUSDT         LONG   quality=FORWARD_COMPLETE now=   7.43% MFE=   7.48% MAE=  -2.30% lost=Y done=-
WLDUSDT        SHORT  quality=FORWARD_COMPLETE now=  -9.60% MFE=   0.36% MAE= -10.80% lost=Y done=-
CAPUSDT        SHORT  quality=FORWARD_COMPLETE now=  -3.34% MFE=   8.88% MAE=  -5.96% lost=- done=-
LAUSDT         LONG   quality=FORWARD_COMPLETE now=   7.40% MFE=   7.48% MAE=  -2.30% lost=- done=-
LAUSDT         LONG   quality=FORWARD_COMPLETE now=   7.40% MFE=   7.48% MAE=  -2.30% lost=- done=-
TREEUSDT       SHORT  quality=FORWARD_COMPLETE now=  -4.81% MFE=   0.42% MAE=  -5.23% lost=Y done=-
MUBARAKUSDT    SHORT  quality=FORWARD_COMPLETE now= -11.34% MFE=   3.73% MAE= -18.38% lost=Y done=-
PUMPUSDT       LONG   quality=FORWARD_COMPLETE now=  16.04% MFE=  17.40% MAE=  -0.83% lost=- done=-
TRXUSDT        LONG   quality=FORWARD_COMPLETE now=   1.32% MFE=   1.32% MAE=  -0.21% lost=Y done=-
AEONUSDT       SHORT  quality=FORWARD_COMPLETE now=  -2.72% MFE=   4.63% MAE=  -4.85% lost=Y done=-
ONDOUSDT       LONG   quality=FORWARD_COMPLETE now=   4.80% MFE=   6.61% MAE=  -3.40% lost=Y done=-
TRUMPUSDT      LONG   quality=FORWARD_COMPLETE now=   3.83% MFE=   5.71% MAE=   0.00% lost=- done=-
ZECUSDT        LONG   quality=FORWARD_COMPLETE now=   6.51% MFE=   8.44% MAE=  -1.39% lost=- done=-
ONGUSDT        SHORT  quality=FORWARD_COMPLETE now= -41.62% MFE=   0.18% MAE=-166.98% lost=Y done=-
AEONUSDT       SHORT  quality=FORWARD_COMPLETE now=  -2.72% MFE=   4.63% MAE=  -4.85% lost=Y done=-
ZROUSDT        LONG   quality=FORWARD_COMPLETE now=   2.89% MFE=   3.91% MAE=  -3.10% lost=Y done=-
UNIUSDT        LONG   quality=FORWARD_COMPLETE now=   3.09% MFE=   6.37% MAE=  -0.79% lost=Y done=-
LDOUSDT        LONG   quality=FORWARD_COMPLETE now=   5.73% MFE=   6.64% MAE=  -0.76% lost=Y done=-
ONGUSDT        SHORT  quality=FORWARD_COMPLETE now= -42.05% MFE=   0.18% MAE=-166.98% lost=Y done=-
1000RATSUSDT   LONG   quality=FORWARD_COMPLETE now=  -8.59% MFE=   0.79% MAE= -10.67% lost=Y done=-
VVVUSDT        LONG   quality=FORWARD_COMPLETE now=   8.53% MFE=  12.21% MAE=  -1.85% lost=Y done=-
OPUSDT         LONG   quality=FORWARD_COMPLETE now=   3.28% MFE=   3.89% MAE=  -1.43% lost=Y done=-
LAUSDT         LONG   quality=FORWARD_COMPLETE now=   6.26% MFE=   6.34% MAE=  -3.34% lost=Y done=-
LAUSDT         LONG   quality=FORWARD_COMPLETE now=   7.40% MFE=   7.48% MAE=  -2.30% lost=- done=-
XMRUSDT        LONG   quality=FORWARD_COMPLETE now=  -2.78% MFE=   0.47% MAE=  -3.77% lost=Y done=-
LDOUSDT        LONG   quality=FORWARD_COMPLETE now=   5.24% MFE=   6.14% MAE=  -0.12% lost=- done=-
VVVUSDT        LONG   quality=FORWARD_COMPLETE now=   8.53% MFE=  12.21% MAE=  -1.85% lost=- done=-
LAUSDT         LONG   quality=FORWARD_COMPLETE now=   7.40% MFE=   7.48% MAE=  -2.30% lost=Y done=-
VVVUSDT        LONG   quality=FORWARD_COMPLETE now=   8.53% MFE=  12.21% MAE=  -1.85% lost=Y done=-
WLFIUSDT       LONG   quality=FORWARD_COMPLETE now=   0.24% MFE=   1.76% MAE=  -3.14% lost=- done=-
XMRUSDT        LONG   quality=FORWARD_COMPLETE now=  -2.78% MFE=   0.47% MAE=  -3.77% lost=Y done=-
NEARUSDT       LONG   quality=FORWARD_COMPLETE now=   7.57% MFE=  10.00% MAE=  -0.89% lost=- done=-
TREEUSDT       LONG   quality=FORWARD_COMPLETE now=   1.00% MFE=   1.41% MAE=  -3.41% lost=Y done=-
1000RATSUSDT   SHORT  quality=FORWARD_COMPLETE now=   3.45% MFE=   5.65% MAE=  -2.06% lost=Y done=-
ACUUSDT        SHORT  quality=FORWARD_COMPLETE now=  -1.61% MFE=   1.81% MAE=  -6.54% lost=Y done=-
NEARUSDT       LONG   quality=FORWARD_COMPLETE now=   8.20% MFE=  10.65% MAE=  -2.78% lost=Y done=-
POLUSDT        LONG   quality=FORWARD_COMPLETE now=   7.77% MFE=  11.98% MAE=  -4.41% lost=Y done=-
WLDUSDT        LONG   quality=FORWARD_COMPLETE now=   5.38% MFE=   6.21% MAE=  -0.81% lost=Y done=-
NEARUSDT       LONG   quality=FORWARD_COMPLETE now=   7.31% MFE=   9.72% MAE=  -1.15% lost=- done=-
TREEUSDT       LONG   quality=FORWARD_COMPLETE now=   1.00% MFE=   1.41% MAE=  -3.41% lost=Y done=-
LINKUSDT       LONG   quality=FORWARD_COMPLETE now=   7.04% MFE=  10.60% MAE=  -0.05% lost=Y done=-
WLDUSDT        LONG   quality=FORWARD_COMPLETE now=   5.15% MFE=   5.96% MAE=  -1.05% lost=Y done=-
UNIUSDT        LONG   quality=FORWARD_COMPLETE now=   3.09% MFE=   6.37% MAE=  -0.79% lost=Y done=-
ONDOUSDT       LONG   quality=FORWARD_COMPLETE now=   4.53% MFE=   6.31% MAE=  -0.33% lost=- done=-
AAVEUSDT       LONG   quality=FORWARD_COMPLETE now=   9.01% MFE=  11.31% MAE=  -0.21% lost=Y done=-
BTWUSDT        LONG   quality=FORWARD_COMPLETE now=   6.77% MFE=  18.69% MAE=  -7.76% lost=- done=-
BTWUSDT        LONG   quality=FORWARD_COMPLETE now=   6.82% MFE=  18.74% MAE=  -7.72% lost=- done=-
MAGMAUSDT      LONG   quality=FORWARD_COMPLETE now=  -0.39% MFE=   1.63% MAE=  -3.68% lost=Y done=-
RENDERUSDT     LONG   quality=FORWARD_COMPLETE now=   4.46% MFE=   5.94% MAE=  -0.31% lost=Y done=-
TRUMPUSDT      LONG   quality=FORWARD_COMPLETE now=   3.64% MFE=   5.40% MAE=  -0.29% lost=- done=-
USELESSUSDT    LONG   quality=FORWARD_COMPLETE now=  13.82% MFE=  14.34% MAE=  -0.76% lost=- done=-
TRUMPUSDT      LONG   quality=FORWARD_COMPLETE now=   3.64% MFE=   5.40% MAE=  -0.29% lost=- done=-
REUSDT         LONG   quality=FORWARD_COMPLETE now=  -9.30% MFE=   0.14% MAE= -13.23% lost=Y done=-
HYPEUSDT       LONG   quality=FORWARD_COMPLETE now=  -1.96% MFE=   0.36% MAE=  -3.57% lost=- done=-
MONUSDT        LONG   quality=FORWARD_COMPLETE now=  -3.14% MFE=   0.70% MAE=  -4.41% lost=Y done=-
ONDOUSDT       LONG   quality=FORWARD_COMPLETE now=  -0.56% MFE=   1.11% MAE=  -2.86% lost=- done=-
INJUSDT        LONG   quality=FORWARD_COMPLETE now=  -1.62% MFE=   0.82% MAE=  -3.11% lost=- done=-
INJUSDT        LONG   quality=FORWARD_COMPLETE now=  -1.64% MFE=   0.80% MAE=  -3.13% lost=- done=-
BRETTUSDT      LONG   quality=FORWARD_COMPLETE now=   0.26% MFE=   1.67% MAE=  -3.00% lost=- done=-
VVVUSDT        LONG   quality=FORWARD_COMPLETE now=  -2.26% MFE=   0.18% MAE=  -3.67% lost=Y done=-
LUMIAUSDT      LONG   quality=FORWARD_COMPLETE now=   0.66% MFE=   0.66% MAE=  -1.22% lost=- done=-
ZROUSDT        LONG   quality=FORWARD_COMPLETE now=   0.21% MFE=   0.28% MAE=   0.00% lost=- done=-
WLFIUSDT       LONG   quality=FORWARD_COMPLETE now=   0.20% MFE=   0.20% MAE=   0.00% lost=- done=-
XMRUSDT        SHORT  quality=FORWARD_COMPLETE now=  -0.06% MFE=   0.00% MAE=  -0.08% lost=- done=-
XMRUSDT        SHORT  quality=FORWARD_COMPLETE now=   0.02% MFE=   0.08% MAE=   0.00% lost=- done=-
1000SATSUSDT   LONG   quality=FORWARD_COMPLETE now=   0.08% MFE=   0.16% MAE=  -0.08% lost=- done=-
INJUSDT        LONG   quality=FORWARD_COMPLETE now=   0.08% MFE=   0.08% MAE=   0.00% lost=- done=-
TRUMPUSDT      LONG   quality=FORWARD_COMPLETE now=   0.46% MFE=   0.46% MAE=  -0.17% lost=- done=-
TRXUSDT        LONG   quality=FORWARD_COMPLETE now=   0.03% MFE=   0.08% MAE=  -0.17% lost=- done=-
LDOUSDT        LONG   quality=FORWARD_COMPLETE now=   0.11% MFE=   0.11% MAE=  -0.14% lost=- done=-

======================================================================================================================
POST-CONFIRMATION TRACKER SUMMARY
======================================================================================================================
Outcome rows: 212
Created this run: 9
Tracked this run: 74
Failed: 0
Supabase rows upserted: 212
Forward complete: 212
Completed 24H: 138

IMPORTANT: OUTCOME TRACKER IS MEASUREMENT ONLY.
No trade permission was generated.

V7.6 POST-CONFIRMATION OUTCOME TRACKER: PASS
