
==============================================================================================================================
ALPHA HUNTER V7.9 MISSED-MOVER RECALL AUDITOR — SHADOW
==============================================================================================================================
Universe ledger rows loaded: 18216
Symbols with ledger history: 759
Audit rows: 460
Supabase rows upserted: 460

SYMBOL               MOVE    THR              QUAL         STAGE  REASON
------------------------------------------------------------------------------------------------------------------------------
PEOPLEUSDT        +44.33%     5%FORWARD_24H_COMPLETE     DISCOVERY  SELECTED_WITHOUT_LIFECYCLE_EPISODE
PEOPLEUSDT        +44.33%    10%FORWARD_24H_COMPLETE     DISCOVERY  SELECTED_WITHOUT_LIFECYCLE_EPISODE
PEOPLEUSDT        +44.33%    20%FORWARD_24H_COMPLETE     SELECTION  ELIGIBLE_NOT_DEEP_SCANNED
ENAUSDT           +41.66%     5%FORWARD_24H_COMPLETE     DISCOVERY  SELECTED_WITHOUT_LIFECYCLE_EPISODE
ENAUSDT           +41.66%    10%FORWARD_24H_COMPLETE     DISCOVERY  SELECTED_WITHOUT_LIFECYCLE_EPISODE
ENAUSDT           +41.66%    20%FORWARD_24H_COMPLETE     DISCOVERY  SELECTED_WITHOUT_LIFECYCLE_EPISODE
ONGUSDT           +38.70%     5%FORWARD_24H_COMPLETE     DIRECTION  CONFIRMED_DIRECTION_UNAVAILABLE
ONGUSDT           +38.70%    10%FORWARD_24H_COMPLETE     DIRECTION  CONFIRMED_DIRECTION_UNAVAILABLE
ONGUSDT           +38.70%    20%FORWARD_24H_COMPLETE     DIRECTION  CONFIRMED_DIRECTION_UNAVAILABLE
NEIROCTOUSDT      +36.95%     5%FORWARD_24H_COMPLETE     DISCOVERY  SELECTED_WITHOUT_LIFECYCLE_EPISODE
NEIROCTOUSDT      +36.95%    10%FORWARD_24H_COMPLETE     DISCOVERY  SELECTED_WITHOUT_LIFECYCLE_EPISODE
NEIROCTOUSDT      +36.95%    20%FORWARD_24H_COMPLETE     SELECTION  ELIGIBLE_NOT_DEEP_SCANNED
PROMUSDT          +29.53%     5%FORWARD_24H_COMPLETE     DISCOVERY  SELECTED_WITHOUT_LIFECYCLE_EPISODE
PROMUSDT          +29.53%    10%FORWARD_24H_COMPLETE     SELECTION  ELIGIBLE_NOT_DEEP_SCANNED
PROMUSDT          +29.53%    20%FORWARD_24H_COMPLETE     SELECTION  ELIGIBLE_NOT_DEEP_SCANNED
BBUSDT            +29.35%     5%FORWARD_24H_COMPLETE     DISCOVERY  SELECTED_WITHOUT_LIFECYCLE_EPISODE
BBUSDT            +29.35%    10%FORWARD_24H_COMPLETE     DISCOVERY  SELECTED_WITHOUT_LIFECYCLE_EPISODE
BBUSDT            +29.35%    20%FORWARD_24H_COMPLETE     SELECTION  ELIGIBLE_NOT_DEEP_SCANNED
GALAUSDT          +28.32%     5%FORWARD_24H_COMPLETE     DISCOVERY  SELECTED_WITHOUT_LIFECYCLE_EPISODE
GALAUSDT          +28.32%    10%FORWARD_24H_COMPLETE     SELECTION  ELIGIBLE_NOT_DEEP_SCANNED
GALAUSDT          +28.32%    20%FORWARD_24H_COMPLETE     DISCOVERY  SELECTED_WITHOUT_LIFECYCLE_EPISODE
XPINUSDT          +26.90%     5%FORWARD_24H_COMPLETE     SELECTION  ELIGIBLE_NOT_DEEP_SCANNED
XPINUSDT          +26.90%    10%FORWARD_24H_COMPLETE     SELECTION  ELIGIBLE_NOT_DEEP_SCANNED
XPINUSDT          +26.90%    20%FORWARD_24H_COMPLETE     SELECTION  ELIGIBLE_NOT_DEEP_SCANNED
TURBOUSDT         +23.53%     5%FORWARD_24H_COMPLETE     DISCOVERY  SELECTED_WITHOUT_LIFECYCLE_EPISODE
TURBOUSDT         +23.53%    10%FORWARD_24H_COMPLETE     DISCOVERY  SELECTED_WITHOUT_LIFECYCLE_EPISODE
TURBOUSDT         +23.53%    20%FORWARD_24H_COMPLETE     DISCOVERY  SELECTED_WITHOUT_LIFECYCLE_EPISODE
SSVUSDT           +22.27%     5%FORWARD_24H_COMPLETE     SELECTION  ELIGIBLE_NOT_DEEP_SCANNED
SSVUSDT           +22.27%    10%FORWARD_24H_COMPLETE     SELECTION  ELIGIBLE_NOT_DEEP_SCANNED
SSVUSDT           +22.27%    20%FORWARD_24H_COMPLETE     SELECTION  ELIGIBLE_NOT_DEEP_SCANNED
BTWUSDT           +21.70%     5%FORWARD_24H_COMPLETE     DIRECTION  CONFIRMED_DIRECTION_UNAVAILABLE
BTWUSDT           +21.70%    10%FORWARD_24H_COMPLETE     DIRECTION  CONFIRMED_DIRECTION_UNAVAILABLE
BTWUSDT           +21.70%    20%FORWARD_24H_COMPLETE     DIRECTION  CONFIRMED_DIRECTION_UNAVAILABLE
XPLUSDT           +21.41%     5%FORWARD_24H_COMPLETE     DISCOVERY  SELECTED_WITHOUT_LIFECYCLE_EPISODE
XPLUSDT           +21.41%    10%FORWARD_24H_COMPLETE     SELECTION  ELIGIBLE_NOT_DEEP_SCANNED
XPLUSDT           +21.41%    20%FORWARD_24H_COMPLETE     DISCOVERY  SELECTED_WITHOUT_LIFECYCLE_EPISODE
BCHUSDT           +20.75%     5%FORWARD_24H_COMPLETE     DISCOVERY  SELECTED_WITHOUT_LIFECYCLE_EPISODE
BCHUSDT           +20.75%    10%FORWARD_24H_COMPLETE     SELECTION  ELIGIBLE_NOT_DEEP_SCANNED
BCHUSDT           +20.75%    20%FORWARD_24H_COMPLETE     SELECTION  ELIGIBLE_NOT_DEEP_SCANNED
XRPUSDT           +20.30%     5%FORWARD_24H_COMPLETE     DISCOVERY  SELECTED_WITHOUT_LIFECYCLE_EPISODE

Forward 24H complete audits: 460
Partial-history audits: 0

IMPORTANT: PARTIAL_HISTORY rows are evidence collection only.
Do not tune Alpha Hunter from partial-history failure labels.
No trade permission was generated.

V7.9 MISSED-MOVER RECALL AUDITOR: PASS
