
ALPHA HUNTER V7.1 — 2026-08-18T23:25:48.127725+00:00

Universe: 26 deep-scanned of 759 contracts
Eligible after prefilter: 320
Non-crypto rejected: 290

SYMBOL                  PHASE    TIME   BEHAV                     STATE      RR   DISC  TRADE
---------------------------------------------------------------------------------------------
CYSUSDT          ACCUMULATION    FAIR    6.45  DIRECTION_EMERGING_SHORT    0.80    YES     NO
GPSUSDT             EXPANSION    LATE    5.78                   NEUTRAL       —     NO     NO
PUMPUSDT       DISTRIBUTION_RISK    FAIR    5.44                WATCH_LONG       —     NO     NO
ADAUSDT          ACCUMULATION   EARLY    5.28                   NEUTRAL       —    YES     NO
VELVETUSDT          EXPANSION    LATE    4.93                   NEUTRAL       —     NO     NO
AIOUSDT          ACCUMULATION    FAIR    4.77               WATCH_SHORT       —     NO     NO
TUTUSDT          ACCUMULATION    FAIR    4.47                   NEUTRAL       —     NO     NO
1000RATSUSDT     ACCUMULATION    FAIR    4.15                   NEUTRAL       —     NO     NO
LINKUSDT          COMPRESSION   EARLY    4.03   DIRECTION_EMERGING_LONG    0.16     NO     NO
ETHUSDT          ACCUMULATION   EARLY    4.00   DIRECTION_EMERGING_LONG    0.13     NO     NO
GALAUSDT         ACCUMULATION    FAIR    3.95               WATCH_SHORT       —     NO     NO
XRPUSDT           COMPRESSION   EARLY    3.87                WATCH_LONG       —     NO     NO
BTCUSDT           COMPRESSION   EARLY    3.72   DIRECTION_EMERGING_LONG    0.22     NO     NO
IRYSUSDT         ACCUMULATION    FAIR    3.52               WATCH_SHORT       —     NO     NO
LAUSDT           ACCUMULATION    FAIR    3.49                   NEUTRAL       —     NO     NO
GWEIUSDT            BREAKDOWN    FAIR    3.44  DIRECTION_EMERGING_SHORT    0.10     NO     NO
DOGEUSDT         ACCUMULATION   EARLY    3.33                   NEUTRAL       —     NO     NO
NEARUSDT         ACCUMULATION   EARLY    3.00  DIRECTION_EMERGING_SHORT    0.06     NO     NO
SOLUSDT          ACCUMULATION   EARLY    2.98                WATCH_LONG       —     NO     NO
BNBUSDT          ACCUMULATION   EARLY    2.82                   NEUTRAL       —     NO     NO
HYPEUSDT         ACCUMULATION   EARLY    2.75               WATCH_SHORT       —     NO     NO
USELESSUSDT         BREAKDOWN    FAIR    2.74  DIRECTION_EMERGING_SHORT    0.04     NO     NO
USUSDT           ACCUMULATION    FAIR    2.74               WATCH_SHORT       —     NO     NO
ZECUSDT          ACCUMULATION   EARLY    2.73                   NEUTRAL       —     NO     NO
PEPEUSDT         ACCUMULATION   EARLY    2.51                   NEUTRAL       —     NO     NO
FIGHTUSDT        ACCUMULATION    FAIR    2.09               WATCH_SHORT       —     NO     NO

V7.4 PRE-MOVE SURVEILLANCE
Eligible: 4 | Primary: 4 | Reserve: 0

PRIMARY
 1 GPSUSDT        CONTINUATION   11.79 state=NEUTRAL
 2 LINKUSDT       CONTINUATION    9.76 state=DIRECTION_EMERGING_LONG
 3 ZECUSDT        REVERSAL        9.62 state=NEUTRAL
 4 BTCUSDT        CONTINUATION    8.73 state=DIRECTION_EMERGING_LONG

Run ID: a10a8c31674ced54f5e7d38f41ac974c
Snapshot saved: /home/runner/work/Alpha-Hunter/Alpha-Hunter/data/snapshots/snapshot-20260818T232548Z.json
State history: /home/runner/work/Alpha-Hunter/Alpha-Hunter/data/state-history.jsonl
Supabase: SAVED
Qualified discovery candidates: 2
EARLY candidates: 1
V7 Trade Ready: 0
Bitget private API: NOT_CONFIGURED
