
ALPHA HUNTER V7.1 — 2026-08-17T23:27:25.098531+00:00

Universe: 27 deep-scanned of 759 contracts
Eligible after prefilter: 298
Non-crypto rejected: 290

SYMBOL                  PHASE    TIME   BEHAV                     STATE      RR   DISC  TRADE
---------------------------------------------------------------------------------------------
ACEUSDT          ACCUMULATION    FAIR    5.75               WATCH_SHORT       —    YES     NO
ACUUSDT             EXPANSION    LATE    5.57   DIRECTION_EMERGING_LONG    0.02     NO     NO
HUSDT            ACCUMULATION    FAIR    5.37                   NEUTRAL       —    YES     NO
SOPHUSDT            BREAKDOWN    LATE    5.05  DIRECTION_EMERGING_SHORT    0.02     NO     NO
COMPUSDT         ACCUMULATION    FAIR    5.05                   NEUTRAL       —    YES     NO
VVVUSDT        DISTRIBUTION_RISK    FAIR    4.83   DIRECTION_EMERGING_LONG    0.01     NO     NO
ETHUSDT           COMPRESSION   EARLY    4.38   DIRECTION_EMERGING_LONG    0.06     NO     NO
HYPEUSDT          COMPRESSION   EARLY    4.31                WATCH_LONG       —     NO     NO
BTWUSDT          ACCUMULATION    FAIR    4.25                   NEUTRAL       —     NO     NO
PIEVERSEUSDT     ACCUMULATION    FAIR    4.22   DIRECTION_EMERGING_LONG    0.10     NO     NO
HOMEUSDT            BREAKDOWN    FAIR    4.03  DIRECTION_EMERGING_SHORT    0.00     NO     NO
SUIUSDT           COMPRESSION   EARLY    3.86               WATCH_SHORT       —     NO     NO
LINKUSDT          COMPRESSION   EARLY    3.76                WATCH_LONG       —     NO     NO
DOGEUSDT          COMPRESSION   EARLY    3.62                WATCH_LONG       —     NO     NO
ROBOUSDT         ACCUMULATION   EARLY    3.47                   NEUTRAL       —     NO     NO
PEPEUSDT          COMPRESSION   EARLY    3.45                   NEUTRAL       —     NO     NO
SOLUSDT           COMPRESSION   EARLY    3.28                WATCH_LONG       —     NO     NO
CHIPUSDT         ACCUMULATION   EARLY    3.28               WATCH_SHORT       —     NO     NO
TLMUSDT          ACCUMULATION    FAIR    3.25               WATCH_SHORT       —     NO     NO
XRPUSDT           COMPRESSION   EARLY    3.06                   NEUTRAL       —     NO     NO
ADAUSDT          ACCUMULATION   EARLY    2.96                   NEUTRAL       —     NO     NO
BTCUSDT          ACCUMULATION   EARLY    2.87   DIRECTION_EMERGING_LONG    0.09     NO     NO
BNBUSDT           COMPRESSION   EARLY    2.81                   NEUTRAL       —     NO     NO
NEARUSDT             RECOVERY   EARLY    2.44                WATCH_LONG       —     NO     NO
BLESSUSDT        ACCUMULATION    FAIR    2.01               WATCH_SHORT       —     NO     NO
SQDUSDT          ACCUMULATION    FAIR    2.01               WATCH_SHORT       —     NO     NO
ZECUSDT          ACCUMULATION   EARLY    2.01                   NEUTRAL       —     NO     NO

V7.4 PRE-MOVE SURVEILLANCE
Eligible: 4 | Primary: 4 | Reserve: 0

PRIMARY
 1 HYPEUSDT       CONTINUATION   10.95 state=WATCH_LONG
 2 LINKUSDT       CONTINUATION    9.74 state=WATCH_LONG
 3 ETHUSDT        CONTINUATION    8.89 state=DIRECTION_EMERGING_LONG
 4 BTWUSDT        CONTINUATION    8.82 state=NEUTRAL

Run ID: 6403bdc6ffcb5017b5478ae22611668d
Snapshot saved: /home/runner/work/Alpha-Hunter/Alpha-Hunter/data/snapshots/snapshot-20260817T232725Z.json
State history: /home/runner/work/Alpha-Hunter/Alpha-Hunter/data/state-history.jsonl
Supabase: SAVED
Qualified discovery candidates: 3
EARLY candidates: 0
V7 Trade Ready: 0
Bitget private API: NOT_CONFIGURED
