V7.4 HOURLY PERFORMANCE TRACKER
Run ID: 6403bdc6ffcb5017b5478ae22611668d

V7.4.1 SHADOW REVERSAL
 SH SYMBOL           V74     OLD   SHADOW
--------------------------------------------------
PERFORMANCE SIGNALS SAVED: 27
FEATURE ROWS SAVED: 27
V7.4 OUTCOMES 1H: saved=11 failed=0
V7.4 OUTCOMES 4H: saved=9 failed=0
V7.4 OUTCOMES 12H: saved=5 failed=0
V7.4 OUTCOMES 24H: saved=6 failed=0
OUTCOME EVALUATION COMPLETE: saved=31 failed=0

==========================================================================================
V7.4 CURRENT SURVEILLANCE COHORT
==========================================================================================
RANK SYMBOL         TIER      PATH            SCORE STATE
------------------------------------------------------------------------------------------
   1 HYPEUSDT       PRIMARY   CONTINUATION    10.95 WATCH_LONG
   2 LINKUSDT       PRIMARY   CONTINUATION     9.74 WATCH_LONG
   3 ETHUSDT        PRIMARY   CONTINUATION     8.89 DIRECTION_EMERGING_LONG
   4 BTWUSDT        PRIMARY   CONTINUATION     8.82 NEUTRAL

================================================================================================================================
V7.4 FORWARD PERFORMANCE — RAW PRICE EXPANSION
================================================================================================================================

PRIMARY / RESERVE + PATH
  H TIER      PATH              N    POS%   AVG RAW   AVG ABS    EXP3%    EXP5%   EXP10%    UP5%    DN5%
--------------------------------------------------------------------------------------------------------------------------------
  1 PRIMARY   CONTINUATION     35   62.9%    0.460%    2.395%    31.4%     8.6%     2.9%    5.7%    2.9%
  1 PRIMARY   REVERSAL         88   48.9%    0.028%    2.347%    23.9%     9.1%     2.3%    4.5%    4.5%
  1 RESERVE   CONTINUATION      2  100.0%    0.339%    0.339%     0.0%     0.0%     0.0%    0.0%    0.0%
  1 RESERVE   REVERSAL          1    0.0%   -0.378%    0.378%     0.0%     0.0%     0.0%    0.0%    0.0%
  4 PRIMARY   CONTINUATION     32   37.5%   -2.513%    4.618%    37.5%    31.2%    18.8%   12.5%   18.8%
  4 PRIMARY   REVERSAL         72   61.1%    0.799%    4.415%    51.4%    31.9%     9.7%   22.2%    9.7%
  4 RESERVE   REVERSAL          1  100.0%    0.032%    0.032%     0.0%     0.0%     0.0%    0.0%    0.0%
 12 PRIMARY   CONTINUATION     20   10.0%  -12.968%   13.792%    85.0%    80.0%    45.0%    5.0%   75.0%
 12 PRIMARY   REVERSAL         29   72.4%    1.296%    7.708%    55.2%    51.7%    37.9%   31.0%   20.7%

RANK QUALITY
  H RANK BUCKET         N    POS%   AVG RAW   AVG ABS    EXP3%    EXP5%   EXP10%    UP5%    DN5%
----------------------------------------------------------------------------------------------------------------
  1 TOP_1_3            96   53.1%    0.111%    2.554%    28.1%    10.4%     3.1%    5.2%    5.2%
  1 TOP_4_5            27   51.9%    0.294%    1.674%    18.5%     3.7%     0.0%    3.7%    0.0%
  1 RESERVE_6_10        3   66.7%    0.100%    0.352%     0.0%     0.0%     0.0%    0.0%    0.0%
  4 TOP_1_3            81   51.9%   -0.402%    4.995%    48.1%    35.8%    16.0%   21.0%   14.8%
  4 TOP_4_5            23   60.9%    0.420%    2.655%    43.5%    17.4%     0.0%   13.0%    4.3%
  4 RESERVE_6_10        1  100.0%    0.032%    0.032%     0.0%     0.0%     0.0%    0.0%    0.0%
 12 TOP_1_3            39   38.5%   -6.040%   11.021%    71.8%    66.7%    43.6%   17.9%   48.7%
 12 TOP_4_5            10   80.0%    1.377%    6.956%    50.0%    50.0%    30.0%   30.0%   20.0%

Metric definitions:
AVG RAW = average raw market return from detection price.
AVG ABS = average absolute price movement regardless of direction.
EXP3/5/10 = percentage of candidates moving at least 3% / 5% / 10% in either direction.
UP5 = raw upside move >= +5%; DN5 = raw downside move <= -5%.
No V7.4 trade-direction assumption is used in these metrics.

V7.4 TRACKING JOB: PASS
