
==============================================================================================================
ALPHA HUNTER V7.5 24H EPISODE FINALIZER
==============================================================================================================
SKIP   ADAUSDT        quality=LEGACY_PARTIAL    age= 198.62H
SKIP   DOGEUSDT       quality=LEGACY_PARTIAL    age= 198.62H
SKIP   SKYAIUSDT      quality=LEGACY_PARTIAL    age= 198.62H
SKIP   SOLUSDT        quality=LEGACY_PARTIAL    age= 198.62H
SKIP   SUIUSDT        quality=LEGACY_PARTIAL    age= 198.62H
SKIP   COOKIEUSDT     quality=LEGACY_PARTIAL    age= 198.62H
SKIP   BTWUSDT        quality=LEGACY_PARTIAL    age= 198.62H
SKIP   CYSUSDT        quality=LEGACY_PARTIAL    age= 198.62H
SKIP   GWEIUSDT       quality=LEGACY_PARTIAL    age= 192.45H
SKIP   BICOUSDT       quality=LEGACY_PARTIAL    age= 192.45H
SKIP   SUIUSDT        quality=LEGACY_PARTIAL    age= 192.45H
SKIP   MMTUSDT        quality=LEGACY_PARTIAL    age= 192.45H
SKIP   IOTXUSDT       quality=LEGACY_PARTIAL    age= 192.45H
SKIP   FORMUSDT       quality=LEGACY_PARTIAL    age=  75.21H
SKIP   JTOUSDT        quality=LEGACY_PARTIAL    age=  75.21H
SKIP   4USDT          quality=LEGACY_PARTIAL    age=  75.21H
SKIP   MUBARAKUSDT    quality=LEGACY_PARTIAL    age=  75.21H
SKIP   PUMPUSDT       quality=LEGACY_PARTIAL    age=  74.14H
SKIP   HYPEUSDT       quality=LEGACY_PARTIAL    age=  65.35H
SKIP   ACUUSDT        quality=LEGACY_PARTIAL    age=  65.35H
SKIP   BTWUSDT        quality=LEGACY_PARTIAL    age=  64.32H
SKIP   AEONUSDT       quality=LEGACY_PARTIAL    age=  64.32H
WAIT   NILUSDT        age=  20.41H UP=    4.46% DOWN=   -9.23%
WAIT   HUSDT          age=  20.41H UP=    3.58% DOWN=  -27.00%
WAIT   AIOUSDT        age=  20.41H UP=   10.78% DOWN=  -28.78%
WAIT   VELVETUSDT     age=  18.69H UP=    3.94% DOWN=  -42.55%
WAIT   LINKUSDT       age=  17.82H UP=    1.45% DOWN=   -0.71%
WAIT   AEONUSDT       age=  17.82H UP=   25.36% DOWN=   -1.36%
WAIT   BASEDUSDT      age=  17.82H UP=    3.02% DOWN=   -1.56%
WAIT   NILUSDT        age=  17.82H UP=    7.26% DOWN=   -6.39%
WAIT   CHIPUSDT       age=  16.43H UP=    5.56% DOWN=  -12.97%
WAIT   PIXELUSDT      age=  16.43H UP=    8.12% DOWN=   -0.81%
WAIT   AIOUSDT        age=  16.43H UP=   16.26% DOWN=  -25.25%
WAIT   NILUSDT        age=  14.67H UP=    5.53% DOWN=   -7.89%
WAIT   AIOUSDT        age=  14.67H UP=    9.09% DOWN=  -29.87%
WAIT   ACUUSDT        age=  14.67H UP=   18.36% DOWN=   -0.93%
WAIT   PRLUSDT        age=  14.67H UP=    4.27% DOWN=   -6.51%
WAIT   DOLOUSDT       age=  13.70H UP=    9.76% DOWN=   -0.49%
WAIT   LINKUSDT       age=  11.97H UP=    0.77% DOWN=   -0.63%
WAIT   BTWUSDT        age=  11.97H UP=    9.87% DOWN=   -3.90%
WAIT   COWUSDT        age=  10.62H UP=    0.27% DOWN=   -3.85%
WAIT   WLDUSDT        age=   8.94H UP=    2.07% DOWN=   -3.59%
WAIT   AEONUSDT       age=   8.94H UP=   14.00% DOWN=   -1.79%
WAIT   CHIPUSDT       age=   7.99H UP=    0.20% DOWN=   -9.61%
WAIT   AIOUSDT        age=   7.99H UP=    1.88% DOWN=  -19.01%
WAIT   WLDUSDT        age=   7.99H UP=    1.04% DOWN=   -4.56%
WAIT   PRLUSDT        age=   6.93H UP=    6.87% DOWN=   -0.05%
WAIT   HUSDT          age=   4.73H UP=    4.23% DOWN=   -2.76%
WAIT   CHIPUSDT       age=   4.73H UP=    0.84% DOWN=   -4.71%
WAIT   LINKUSDT       age=   4.73H UP=    0.15% DOWN=   -0.57%
WAIT   HYPEUSDT       age=   1.98H UP=    1.04% DOWN=    0.00%
WAIT   LINKUSDT       age=   1.98H UP=    0.18% DOWN=   -0.34%
WAIT   HYPEUSDT       age=   0.99H UP=    0.62% DOWN=   -0.06%
WAIT   CHIPUSDT       age=   0.99H UP=    0.58% DOWN=   -1.88%
WAIT   ETHUSDT        age=   0.99H UP=    0.54% DOWN=   -0.03%
WAIT   BTWUSDT        age=   0.99H UP=    0.27% DOWN=   -2.33%

==============================================================================================================
FINALIZER SUMMARY
==============================================================================================================
Episodes: 111
Finalized this run: 0
Waiting for 24H: 34
Legacy partial skipped: 22
Already finalized: 55
Supabase rows upserted: 111

V7.5 EPISODE FINALIZER: PASS
