
==============================================================================================================
ALPHA HUNTER V7.5 INDEPENDENT EPISODE MARKET TRACKER
==============================================================================================================
Episodes stored: 111
Active episodes: 56

ADAUSDT        REVERSAL      now=  -11.94% UP=    0.00% DOWN=  -12.90% 3=Y 5=Y 10=Y checks=57
DOGEUSDT       CONTINUATION  now=   -0.52% UP=    0.00% DOWN=   -2.32% 3=- 5=- 10=- checks=57
SKYAIUSDT      REVERSAL      now=  -29.82% UP=    0.00% DOWN=  -42.50% 3=Y 5=Y 10=Y checks=57
SOLUSDT        CONTINUATION  now=   -1.69% UP=    0.00% DOWN=   -4.13% 3=Y 5=- 10=- checks=57
SUIUSDT        CONTINUATION  now=   -3.80% UP=    0.00% DOWN=   -5.00% 3=Y 5=- 10=- checks=57
COOKIEUSDT     CONTINUATION  now=  -12.20% UP=    0.00% DOWN=  -15.46% 3=Y 5=Y 10=Y checks=57
BTWUSDT        CONTINUATION  now=   73.72% UP=  113.81% DOWN=    0.00% 3=Y 5=Y 10=Y checks=57
CYSUSDT        CONTINUATION  now=  -54.54% UP=   78.38% DOWN=  -57.84% 3=Y 5=Y 10=Y checks=57
GWEIUSDT       REVERSAL      now=    7.62% UP=   17.67% DOWN=    0.00% 3=Y 5=Y 10=Y checks=57
BICOUSDT       REVERSAL      now=  -59.21% UP=    0.00% DOWN=  -59.80% 3=Y 5=Y 10=Y checks=57
SUIUSDT        CONTINUATION  now=   -2.65% UP=    0.00% DOWN=   -3.86% 3=Y 5=- 10=- checks=57
MMTUSDT        REVERSAL      now=  -18.48% UP=    0.00% DOWN=  -18.53% 3=Y 5=Y 10=Y checks=57
IOTXUSDT       REVERSAL      now=   -9.58% UP=    0.00% DOWN=  -10.53% 3=Y 5=Y 10=Y checks=57
FORMUSDT       REVERSAL      now=   -6.63% UP=    0.00% DOWN=   -7.88% 3=Y 5=Y 10=- checks=57
JTOUSDT        REVERSAL      now=    4.31% UP=   11.45% DOWN=    0.00% 3=Y 5=Y 10=Y checks=57
4USDT          REVERSAL      now=  -11.77% UP=    0.00% DOWN=  -22.21% 3=Y 5=Y 10=Y checks=57
MUBARAKUSDT    REVERSAL      now=  -16.53% UP=    0.00% DOWN=  -24.10% 3=Y 5=Y 10=Y checks=57
PUMPUSDT       REVERSAL      now=   -2.51% UP=    5.86% DOWN=   -6.03% 3=Y 5=Y 10=- checks=57
HYPEUSDT       REVERSAL      now=    5.61% UP=    6.56% DOWN=   -0.62% 3=Y 5=Y 10=- checks=57
ACUUSDT        REVERSAL      now=   15.30% UP=   16.62% DOWN=  -12.33% 3=Y 5=Y 10=Y checks=57
BTWUSDT        CONTINUATION  now=   16.50% UP=   43.38% DOWN=  -10.16% 3=Y 5=Y 10=Y checks=57
AEONUSDT       CONTINUATION  now=   14.11% UP=   31.04% DOWN=   -6.91% 3=Y 5=Y 10=Y checks=57
NILUSDT        CONTINUATION  now=   -4.48% UP=    4.46% DOWN=   -9.23% 3=Y 5=Y 10=- checks=16
HUSDT          REVERSAL      now=  -13.50% UP=    3.58% DOWN=  -27.00% 3=Y 5=Y 10=Y checks=16
AIOUSDT        CONTINUATION  now=  -26.52% UP=   10.78% DOWN=  -28.78% 3=Y 5=Y 10=Y checks=16
VELVETUSDT     CONTINUATION  now=  -42.40% UP=    3.94% DOWN=  -42.55% 3=Y 5=Y 10=Y checks=15
LINKUSDT       REVERSAL      now=    0.91% UP=    1.45% DOWN=   -0.71% 3=- 5=- 10=- checks=14
AEONUSDT       REVERSAL      now=    9.17% UP=   25.36% DOWN=   -1.36% 3=Y 5=Y 10=Y checks=14
BASEDUSDT      REVERSAL      now=   -0.41% UP=    3.02% DOWN=   -1.56% 3=Y 5=- 10=- checks=14
NILUSDT        REVERSAL      now=   -1.49% UP=    7.26% DOWN=   -6.39% 3=Y 5=Y 10=- checks=14
CHIPUSDT       CONTINUATION  now=  -11.85% UP=    5.56% DOWN=  -12.97% 3=Y 5=Y 10=Y checks=13
PIXELUSDT      REVERSAL      now=    0.00% UP=    8.12% DOWN=   -0.81% 3=Y 5=Y 10=- checks=13
AIOUSDT        REVERSAL      now=  -22.68% UP=   16.26% DOWN=  -25.25% 3=Y 5=Y 10=Y checks=13
NILUSDT        REVERSAL      now=   -3.08% UP=    5.53% DOWN=   -7.89% 3=Y 5=Y 10=- checks=12
AIOUSDT        CONTINUATION  now=  -27.45% UP=    9.09% DOWN=  -29.87% 3=Y 5=Y 10=Y checks=12
ACUUSDT        REVERSAL      now=   17.75% UP=   18.36% DOWN=   -0.93% 3=Y 5=Y 10=Y checks=12
PRLUSDT        CONTINUATION  now=   -1.08% UP=    4.27% DOWN=   -6.51% 3=Y 5=Y 10=- checks=12
DOLOUSDT       REVERSAL      now=    7.05% UP=    9.76% DOWN=   -0.49% 3=Y 5=Y 10=- checks=11
LINKUSDT       CONTINUATION  now=    0.23% UP=    0.77% DOWN=   -0.63% 3=- 5=- 10=- checks=10
BTWUSDT        REVERSAL      now=    6.45% UP=    9.87% DOWN=   -3.90% 3=Y 5=Y 10=- checks=10
COWUSDT        REVERSAL      now=   -2.95% UP=    0.27% DOWN=   -3.85% 3=Y 5=- 10=- checks=9
WLDUSDT        REVERSAL      now=   -2.91% UP=    2.07% DOWN=   -3.59% 3=Y 5=- 10=- checks=8
AEONUSDT       CONTINUATION  now=   -0.71% UP=   14.00% DOWN=   -1.79% 3=Y 5=Y 10=Y checks=8
CHIPUSDT       REVERSAL      now=   -8.44% UP=    0.20% DOWN=   -9.61% 3=Y 5=Y 10=- checks=7
AIOUSDT        REVERSAL      now=  -16.50% UP=    1.88% DOWN=  -19.01% 3=Y 5=Y 10=Y checks=7
WLDUSDT        CONTINUATION  now=   -3.89% UP=    1.04% DOWN=   -4.56% 3=Y 5=- 10=- checks=7
PRLUSDT        REVERSAL      now=    4.00% UP=    6.87% DOWN=   -0.05% 3=Y 5=Y 10=- checks=6
HUSDT          REVERSAL      now=    0.59% UP=    4.23% DOWN=   -2.76% 3=Y 5=- 10=- checks=5
CHIPUSDT       REVERSAL      now=   -3.48% UP=    0.84% DOWN=   -4.71% 3=Y 5=- 10=- checks=5
LINKUSDT       REVERSAL      now=    0.06% UP=    0.15% DOWN=   -0.57% 3=- 5=- 10=- checks=5
HYPEUSDT       REVERSAL      now=    0.99% UP=    1.04% DOWN=    0.00% 3=- 5=- 10=- checks=3
LINKUSDT       CONTINUATION  now=    0.18% UP=    0.18% DOWN=   -0.34% 3=- 5=- 10=- checks=3
HYPEUSDT       CONTINUATION  now=    0.57% UP=    0.62% DOWN=   -0.06% 3=- 5=- 10=- checks=2
CHIPUSDT       REVERSAL      now=   -0.62% UP=    0.58% DOWN=   -1.88% 3=- 5=- 10=- checks=2
ETHUSDT        CONTINUATION  now=    0.50% UP=    0.54% DOWN=   -0.03% 3=- 5=- 10=- checks=2
BTWUSDT        CONTINUATION  now=   -0.67% UP=    0.27% DOWN=   -2.33% 3=- 5=- 10=- checks=2

==============================================================================================================
TRACKER SUMMARY
==============================================================================================================
Checked: 56
Failed: 0
Supabase rows upserted: 111
3% episodes: 92
5% episodes: 78
10% episodes: 50

V7.5 EPISODE MARKET TRACKER: PASS
