
======================================================================================================================
ALPHA HUNTER V7.6 DIRECTION-PROOF ENGINE — SHADOW
======================================================================================================================
Eligible forward episodes: 34

SYMBOL         PATH          DIR         CONF   LONG   SHORT       15M        1H
----------------------------------------------------------------------------------------------------------------------
NILUSDT        CONTINUATION  UNKNOWN     0.0%   1.00    3.50   BEARISH     MIXED
HUSDT          REVERSAL      UNKNOWN     0.0%   2.50    0.00     MIXED     MIXED
AIOUSDT        CONTINUATION  SHORT      75.0%   0.00    6.00   BEARISH   BEARISH
VELVETUSDT     CONTINUATION  SHORT     100.0%   0.00    8.00   BEARISH   BEARISH
LINKUSDT       REVERSAL      UNKNOWN     0.0%   3.00    0.00   BULLISH   BULLISH
AEONUSDT       REVERSAL      SHORT      75.0%   0.00    6.00   BEARISH     MIXED
BASEDUSDT      REVERSAL      SHORT      65.0%   1.00    5.50   BEARISH   BEARISH
NILUSDT        REVERSAL      UNKNOWN     0.0%   1.00    3.50   BEARISH     MIXED
CHIPUSDT       CONTINUATION  SHORT      87.5%   0.00    7.00   BEARISH   BEARISH
PIXELUSDT      REVERSAL      SHORT      68.8%   0.00    5.50   BEARISH   BEARISH
AIOUSDT        REVERSAL      SHORT      75.0%   0.00    6.00   BEARISH   BEARISH
NILUSDT        REVERSAL      UNKNOWN     0.0%   1.00    3.50   BEARISH     MIXED
AIOUSDT        CONTINUATION  SHORT      75.0%   0.00    6.00   BEARISH   BEARISH
ACUUSDT        REVERSAL      LONG       87.5%   7.00    0.00   BULLISH   BULLISH
PRLUSDT        CONTINUATION  UNKNOWN     0.0%   1.50    3.00     MIXED   BEARISH
DOLOUSDT       REVERSAL      LONG       75.0%   6.00    0.00   BULLISH   BULLISH
LINKUSDT       CONTINUATION  UNKNOWN     0.0%   3.00    0.00   BULLISH   BULLISH
BTWUSDT        REVERSAL      LONG       71.2%   6.00    1.00   BULLISH   BULLISH
COWUSDT        REVERSAL      SHORT      68.8%   0.00    5.50   BEARISH   BEARISH
WLDUSDT        REVERSAL      SHORT      87.5%   0.00    7.00   BEARISH   BEARISH
AEONUSDT       CONTINUATION  SHORT      75.0%   0.00    6.00   BEARISH     MIXED
CHIPUSDT       REVERSAL      SHORT      87.5%   0.00    7.00   BEARISH   BEARISH
AIOUSDT        REVERSAL      SHORT      75.0%   0.00    6.00   BEARISH   BEARISH
WLDUSDT        CONTINUATION  SHORT      87.5%   0.00    7.00   BEARISH   BEARISH
PRLUSDT        REVERSAL      UNKNOWN     0.0%   1.50    3.00     MIXED   BEARISH
HUSDT          REVERSAL      UNKNOWN     0.0%   2.50    0.00     MIXED     MIXED
CHIPUSDT       REVERSAL      SHORT      87.5%   0.00    7.00   BEARISH   BEARISH
LINKUSDT       REVERSAL      UNKNOWN     0.0%   3.00    0.00   BULLISH   BULLISH
HYPEUSDT       REVERSAL      LONG       68.8%   5.50    0.00   BULLISH   BULLISH
LINKUSDT       CONTINUATION  UNKNOWN     0.0%   3.00    0.00   BULLISH   BULLISH
HYPEUSDT       CONTINUATION  LONG       68.8%   5.50    0.00   BULLISH   BULLISH
CHIPUSDT       REVERSAL      SHORT      87.5%   0.00    7.00   BEARISH   BEARISH
ETHUSDT        CONTINUATION  LONG       50.0%   4.00    0.00   BULLISH   BULLISH
BTWUSDT        CONTINUATION  LONG       71.2%   6.00    1.00   BULLISH   BULLISH

======================================================================================================================
V7.6 SHADOW SUMMARY
======================================================================================================================
Evaluated: 34
LONG: 7
SHORT: 16
UNKNOWN: 11
Failures: 0
Supabase shadow rows saved: 34
Direction state rows saved: 34
Immutable transition rows saved: 34
Transition run ID: cloud5d-20260817T232632Z
Direction emerging: 4
Direction confirmed: 19
Lost confirmation: 0

IMPORTANT: V7.6 IS SHADOW ONLY.
No trade permission was generated.

V7.6 DIRECTION SHADOW: PASS
