
======================================================================================================================
ALPHA HUNTER V7.6 POST-CONFIRMATION OUTCOME TRACKER — SHADOW
======================================================================================================================
Confirmed outcome rows: 74
Created this run: 3

CHIPUSDT       SHORT  quality=FORWARD_COMPLETE now=   3.21% MFE=   4.44% MAE=  -1.13% lost=Y done=-
VELVETUSDT     SHORT  quality=FORWARD_COMPLETE now=  41.31% MFE=  41.95% MAE=  -5.03% lost=Y done=-
PRLUSDT        LONG   quality=FORWARD_COMPLETE now=  -7.33% MFE=   0.29% MAE= -12.41% lost=Y done=-
PRLUSDT        SHORT  quality=FORWARD_COMPLETE now=  -1.85% MFE=   3.73% MAE=  -4.66% lost=Y done=-
COWUSDT        SHORT  quality=FORWARD_COMPLETE now=   0.82% MFE=   1.83% MAE=  -1.37% lost=Y done=-
WLDUSDT        SHORT  quality=FORWARD_COMPLETE now=   2.25% MFE=   2.99% MAE=  -0.77% lost=- done=-
WLDUSDT        SHORT  quality=FORWARD_COMPLETE now=   2.25% MFE=   2.99% MAE=  -0.77% lost=- done=-
HUSDT          SHORT  quality=FORWARD_COMPLETE now= -11.00% MFE=   6.56% MAE= -15.09% lost=Y done=-
ONGUSDT        LONG   quality=FORWARD_COMPLETE now=  -9.53% MFE=   1.77% MAE= -14.11% lost=Y done=-
REDUSDT        SHORT  quality=FORWARD_COMPLETE now=  -0.93% MFE=   3.96% MAE=  -1.86% lost=Y done=-
REDUSDT        SHORT  quality=FORWARD_COMPLETE now=  -0.93% MFE=   3.96% MAE=  -1.86% lost=Y done=-
PRLUSDT        LONG   quality=FORWARD_COMPLETE now=  -7.33% MFE=   0.29% MAE= -12.41% lost=Y done=-
PIXELUSDT      SHORT  quality=FORWARD_COMPLETE now=  -0.28% MFE=   0.26% MAE=  -8.42% lost=Y done=-
NILUSDT        LONG   quality=FORWARD_COMPLETE now=  -7.17% MFE=   1.07% MAE= -11.78% lost=Y done=-
AIOUSDT        LONG   quality=FORWARD_COMPLETE now= -29.48% MFE=   6.48% MAE= -31.54% lost=Y done=-
CHIPUSDT       LONG   quality=FORWARD_COMPLETE now=  -8.32% MFE=   5.31% MAE=  -9.49% lost=Y done=-
AEONUSDT       LONG   quality=FORWARD_COMPLETE now=  -0.56% MFE=  13.72% MAE=  -2.24% lost=Y done=-
AIOUSDT        LONG   quality=FORWARD_COMPLETE now= -27.37% MFE=   9.66% MAE= -29.50% lost=Y done=-
DOLOUSDT       LONG   quality=FORWARD_COMPLETE now=   1.77% MFE=   4.25% MAE=   0.00% lost=- done=-
AIOUSDT        LONG   quality=FORWARD_COMPLETE now= -27.37% MFE=   9.66% MAE= -29.50% lost=Y done=-
ACUUSDT        LONG   quality=FORWARD_COMPLETE now=  15.04% MFE=  15.63% MAE=  -2.76% lost=Y done=-
BASEDUSDT      SHORT  quality=FORWARD_COMPLETE now=   1.49% MFE=   2.63% MAE=  -0.41% lost=Y done=-
AEONUSDT       LONG   quality=FORWARD_COMPLETE now=  -7.34% MFE=   0.64% MAE=  -8.66% lost=Y done=-
AIOUSDT        SHORT  quality=FORWARD_COMPLETE now=  15.44% MFE=  17.91% MAE=  -0.81% lost=- done=-
CHIPUSDT       SHORT  quality=FORWARD_COMPLETE now=   5.57% MFE=   6.78% MAE=  -0.76% lost=Y done=-
NILUSDT        SHORT  quality=FORWARD_COMPLETE now=  -3.64% MFE=   0.04% MAE= -12.85% lost=Y done=-
NILUSDT        SHORT  quality=FORWARD_COMPLETE now=  -3.64% MFE=   0.04% MAE= -12.85% lost=Y done=-
CHIPUSDT       SHORT  quality=FORWARD_COMPLETE now=  -0.00% MFE=   0.00% MAE=   0.00% lost=- done=-
BTWUSDT        LONG   quality=FORWARD_COMPLETE now=  -0.05% MFE=   0.00% MAE=  -0.05% lost=- done=-
BTWUSDT        LONG   quality=FORWARD_COMPLETE now=  -0.05% MFE=   0.00% MAE=  -0.05% lost=- done=-

======================================================================================================================
POST-CONFIRMATION TRACKER SUMMARY
======================================================================================================================
Outcome rows: 74
Created this run: 3
Tracked this run: 30
Failed: 0
Supabase rows upserted: 74
Forward complete: 74
Completed 24H: 44

IMPORTANT: OUTCOME TRACKER IS MEASUREMENT ONLY.
No trade permission was generated.

V7.6 POST-CONFIRMATION OUTCOME TRACKER: PASS
