
======================================================================================================================
ALPHA HUNTER V7.9 FULL-UNIVERSE HOURLY LEDGER — SHADOW
======================================================================================================================
Observed: 2026-08-17T23:27:27.380957+00:00
Hour bucket: 2026-08-17T23:00:00+00:00
Contract tickers: 759
Rows attempted: 759
Deep-scan selected: 27
Selection snapshot: 2026-08-17T23:27:25.098531+00:00
Selection run ID: 6403bdc6ffcb5017b5478ae22611668d
Prefilter eligible: 298
Eligible not selected: 271
Non-crypto: 290
Low liquidity: 165
Over-extended: 6
Invalid price skipped: 0
Rows purged >7d: 0

TOP ABSOLUTE 24H MOVERS
SYMBOL                  24H    ELIG    SCAN  STATUS
------------------------------------------------------------------------
GPSUSDT             +58.66%       N       N  OVER_EXTENDED
VELVETUSDT          -44.65%       N       N  OVER_EXTENDED
CYSUSDT             -40.41%       N       N  OVER_EXTENDED
TUTUSDT             +37.96%       N       N  OVER_EXTENDED
BEATUSDT            -34.91%       N       N  OVER_EXTENDED
AIOUSDT             -26.43%       N       N  OVER_EXTENDED
QUSDT               -22.79%       Y       N  ELIGIBLE_NOT_SELECTED
SNXXUSDT            +18.95%       N       N  NON_CRYPTO
SOPHUSDT            -17.86%       Y       Y  DEEP_SCAN_SELECTED
AXTIUSDT            +17.71%       N       N  NON_CRYPTO
BICOUSDT            -16.44%       Y       N  ELIGIBLE_NOT_SELECTED
KIOXIAUSDT          +15.92%       N       N  NON_CRYPTO
ACEUSDT             +15.47%       Y       Y  DEEP_SCAN_SELECTED
ACUUSDT             +14.42%       Y       Y  DEEP_SCAN_SELECTED
VVVUSDT             +14.03%       Y       Y  DEEP_SCAN_SELECTED

IMPORTANT: V7.9 IS MEASUREMENT/AUDIT ONLY.
Same-hour reruns do not overwrite the first stored universe snapshot.
Raw universe evidence is retained for 7 days.
No trade permission was generated.

V7.9 FULL-UNIVERSE LEDGER: PASS
