
====================================================================================================
ALPHA HUNTER P0-3 PRODUCTION DATA GUARDRAILS
====================================================================================================
PASS     snapshot_freshness                 snapshot age 6.3s
PASS     snapshot_run_id                    run_id=d48ffc8c82fdf7dfb5a7fccf577e99b4
PASS     contract_universe_size             contracts=760
PASS     ticker_coverage                    ticker coverage=100.0%
PASS     selected_symbol_consistency        selected_count=28, selected_symbols=28, result_rows=28
PASS     selected_symbol_uniqueness         unique=28, listed=28
PASS     deep_scan_success_ratio            deep-scan success=100.0%
WARN     bitget_private_api                 private API=NOT_CONFIGURED
PASS     universe_ledger_presence           rows=760
PASS     universe_ledger_coverage           ledger coverage=100.0%
PASS     universe_symbol_uniqueness         unique=760, rows=760
PASS     universe_hour_bucket               expected=2026-08-19 06:00:00+00:00, observed=['2026-08-19T06:00:00+00:00']
PASS     ledger_selection_context           selection_run_ids=['d48ffc8c82fdf7dfb5a7fccf577e99b4']
PASS     ledger_capture_mode                ledger selection context matches current scan
PASS     ledger_freshness                   ledger age=3.6s, spread=0.000s
PASS     ledger_source                      source=BITGET_ALL_TICKERS
PASS     ledger_measurement_quality         quality=HOURLY_TICKER_SNAPSHOT
PASS     v79_trade_permission               all V7.9 rows have trade_permission=false
PASS     ledger_scan_count_consistency      selected=28/28, eligible=293/293

Overall guardrail status: DEGRADED
Ledger capture mode: FIRST_CAPTURE_MATCH
Current scan run ID: d48ffc8c82fdf7dfb5a7fccf577e99b4
Ledger selection run ID: d48ffc8c82fdf7dfb5a7fccf577e99b4
====================================================================================================
