
==============================================================================================================
ALPHA HUNTER V7.5 24H EPISODE FINALIZER
==============================================================================================================
SKIP   CYSUSDT        quality=LEGACY_PARTIAL    age= 230.01H
SKIP   BTWUSDT        quality=LEGACY_PARTIAL    age= 230.01H
SKIP   COOKIEUSDT     quality=LEGACY_PARTIAL    age= 230.01H
SKIP   SUIUSDT        quality=LEGACY_PARTIAL    age= 230.01H
SKIP   SOLUSDT        quality=LEGACY_PARTIAL    age= 230.01H
SKIP   SKYAIUSDT      quality=LEGACY_PARTIAL    age= 230.01H
SKIP   DOGEUSDT       quality=LEGACY_PARTIAL    age= 230.01H
SKIP   ADAUSDT        quality=LEGACY_PARTIAL    age= 230.01H
SKIP   GWEIUSDT       quality=LEGACY_PARTIAL    age= 223.85H
SKIP   BICOUSDT       quality=LEGACY_PARTIAL    age= 223.85H
SKIP   IOTXUSDT       quality=LEGACY_PARTIAL    age= 223.85H
SKIP   MMTUSDT        quality=LEGACY_PARTIAL    age= 223.85H
SKIP   SUIUSDT        quality=LEGACY_PARTIAL    age= 223.85H
SKIP   MUBARAKUSDT    quality=LEGACY_PARTIAL    age= 106.60H
SKIP   4USDT          quality=LEGACY_PARTIAL    age= 106.60H
SKIP   JTOUSDT        quality=LEGACY_PARTIAL    age= 106.60H
SKIP   FORMUSDT       quality=LEGACY_PARTIAL    age= 106.60H
SKIP   PUMPUSDT       quality=LEGACY_PARTIAL    age= 105.54H
SKIP   ACUUSDT        quality=LEGACY_PARTIAL    age=  96.74H
SKIP   HYPEUSDT       quality=LEGACY_PARTIAL    age=  96.74H
SKIP   AEONUSDT       quality=LEGACY_PARTIAL    age=  95.72H
SKIP   BTWUSDT        quality=LEGACY_PARTIAL    age=  95.72H
FINAL  BTWUSDT        direction=UP    UP=   74.02% DOWN=   -0.30% class=HUGE_EXPANSION_UP
WAIT   DIAUSDT        age=  23.18H UP=    7.04% DOWN=   -0.49%
WAIT   SOLUSDT        age=  23.18H UP=    1.71% DOWN=   -0.38%
WAIT   BTCUSDT        age=  19.38H UP=    1.07% DOWN=   -0.52%
WAIT   AEONUSDT       age=  19.38H UP=    2.13% DOWN=  -12.91%
WAIT   ZECUSDT        age=  19.38H UP=    1.52% DOWN=   -1.19%
WAIT   PUMPUSDT       age=  19.38H UP=   11.40% DOWN=   -1.46%
WAIT   DIAUSDT        age=  19.38H UP=    2.40% DOWN=   -2.71%
WAIT   GPSUSDT        age=  16.24H UP=    8.42% DOWN=  -33.81%
WAIT   BTWUSDT        age=  16.24H UP=   58.68% DOWN=   -2.97%
WAIT   PUMPUSDT       age=  16.24H UP=   10.34% DOWN=   -1.91%
WAIT   HYPEUSDT       age=  16.24H UP=    0.14% DOWN=   -2.44%
WAIT   LINKUSDT       age=  16.24H UP=    2.58% DOWN=   -0.31%
WAIT   CHIPUSDT       age=  16.24H UP=    2.86% DOWN=   -5.72%
WAIT   ZECUSDT        age=  16.24H UP=    1.38% DOWN=   -1.19%
WAIT   BTCUSDT        age=  12.15H UP=    0.08% DOWN=   -0.89%
WAIT   ZECUSDT        age=  12.15H UP=    1.02% DOWN=   -1.09%
WAIT   GPSUSDT        age=  12.15H UP=    3.28% DOWN=  -36.62%
WAIT   BTWUSDT        age=  12.15H UP=   51.09% DOWN=    0.00%
WAIT   HYPEUSDT       age=  11.35H UP=    0.43% DOWN=   -1.42%
WAIT   ONGUSDT        age=  11.29H UP=    6.98% DOWN=   -4.75%
WAIT   SOLUSDT        age=  11.29H UP=    1.29% DOWN=    0.00%
WAIT   LUMIAUSDT      age=  11.29H UP=    4.87% DOWN=   -0.25%
WAIT   LINKUSDT       age=  11.29H UP=    3.03% DOWN=    0.00%
WAIT   HYPEUSDT       age=  11.29H UP=    0.22% DOWN=   -1.62%
WAIT   PUMPUSDT       age=   9.39H UP=    7.86% DOWN=   -0.14%
WAIT   ZECUSDT        age=   9.26H UP=    0.39% DOWN=   -1.66%
WAIT   BTCUSDT        age=   9.26H UP=    0.27% DOWN=   -0.67%
WAIT   GPSUSDT        age=   8.40H UP=    4.50% DOWN=  -35.88%
WAIT   OUSDT          age=   0.00H UP=    0.06% DOWN=   -6.18%
WAIT   LINKUSDT       age=   0.00H UP=    2.24% DOWN=    0.00%
WAIT   ZECUSDT        age=   0.00H UP=    0.20% DOWN=   -0.72%
WAIT   HYPEUSDT       age=   0.00H UP=    0.09% DOWN=   -1.10%
WAIT   HYPEUSDT       age=   1.29H UP=    0.04% DOWN=   -0.97%
WAIT   ZECUSDT        age=   1.29H UP=    0.30% DOWN=   -0.46%
WAIT   PIEVERSEUSDT   age=   1.29H UP=    2.55% DOWN=   -1.00%
WAIT   BTCUSDT        age=   1.29H UP=    0.00% DOWN=   -0.27%

==============================================================================================================
FINALIZER SUMMARY
==============================================================================================================
Episodes: 158
Finalized this run: 1
Waiting for 24H: 36
Legacy partial skipped: 22
Already finalized: 99
Supabase rows upserted: 158

V7.5 EPISODE FINALIZER: PASS
