
==============================================================================================================
ALPHA HUNTER V7.5 INDEPENDENT EPISODE MARKET TRACKER
==============================================================================================================
Episodes stored: 158
Active episodes: 59

CYSUSDT        CONTINUATION  now=  -48.90% UP=   78.38% DOWN=  -50.85% 3=Y 5=Y 10=Y checks=46
BTWUSDT        CONTINUATION  now=  192.64% UP=  199.87% DOWN=    0.00% 3=Y 5=Y 10=Y checks=46
COOKIEUSDT     CONTINUATION  now=  -18.34% UP=    0.00% DOWN=  -19.43% 3=Y 5=Y 10=Y checks=46
SUIUSDT        CONTINUATION  now=   -6.54% UP=    0.00% DOWN=   -7.92% 3=Y 5=Y 10=- checks=46
SOLUSDT        CONTINUATION  now=   -0.32% UP=    0.19% DOWN=   -4.13% 3=Y 5=- 10=- checks=46
SKYAIUSDT      REVERSAL      now=  -47.92% UP=    0.00% DOWN=  -53.06% 3=Y 5=Y 10=Y checks=46
DOGEUSDT       CONTINUATION  now=   -0.92% UP=    0.00% DOWN=   -2.32% 3=- 5=- 10=- checks=46
ADAUSDT        REVERSAL      now=  -11.13% UP=    0.00% DOWN=  -12.70% 3=Y 5=Y 10=Y checks=46
GWEIUSDT       REVERSAL      now=   -4.64% UP=   17.67% DOWN=   -7.43% 3=Y 5=Y 10=Y checks=46
BICOUSDT       REVERSAL      now=  -63.11% UP=    0.00% DOWN=  -63.59% 3=Y 5=Y 10=Y checks=46
IOTXUSDT       REVERSAL      now=  -10.85% UP=    0.00% DOWN=  -11.34% 3=Y 5=Y 10=Y checks=46
MMTUSDT        REVERSAL      now=  -19.90% UP=    0.00% DOWN=  -20.29% 3=Y 5=Y 10=Y checks=46
SUIUSDT        CONTINUATION  now=   -5.45% UP=    0.00% DOWN=   -6.82% 3=Y 5=Y 10=- checks=46
MUBARAKUSDT    REVERSAL      now=  -11.72% UP=    0.00% DOWN=  -24.10% 3=Y 5=Y 10=Y checks=46
4USDT          REVERSAL      now=  -18.76% UP=    0.00% DOWN=  -22.21% 3=Y 5=Y 10=Y checks=46
JTOUSDT        REVERSAL      now=   -1.24% UP=    8.18% DOWN=   -2.16% 3=Y 5=Y 10=- checks=46
FORMUSDT       REVERSAL      now=   -6.22% UP=    0.00% DOWN=   -7.88% 3=Y 5=Y 10=- checks=46
PUMPUSDT       REVERSAL      now=    5.47% UP=   10.34% DOWN=   -5.65% 3=Y 5=Y 10=Y checks=46
ACUUSDT        REVERSAL      now=    3.55% UP=   16.62% DOWN=   -4.40% 3=Y 5=Y 10=Y checks=46
HYPEUSDT       REVERSAL      now=    3.89% UP=    5.13% DOWN=   -0.62% 3=Y 5=Y 10=- checks=46
AEONUSDT       CONTINUATION  now=   16.47% UP=   28.99% DOWN=   -6.91% 3=Y 5=Y 10=Y checks=46
BTWUSDT        CONTINUATION  now=   96.26% UP=  101.09% DOWN=  -10.16% 3=Y 5=Y 10=Y checks=46
BTWUSDT        CONTINUATION  now=   69.83% UP=   74.02% DOWN=   -0.30% 3=Y 5=Y 10=Y checks=13
DIAUSDT        REVERSAL      now=    3.48% UP=    7.04% DOWN=   -0.49% 3=Y 5=Y 10=- checks=12
SOLUSDT        CONTINUATION  now=    1.20% UP=    1.71% DOWN=   -0.38% 3=- 5=- 10=- checks=12
BTCUSDT        CONTINUATION  now=   -0.13% UP=    1.07% DOWN=   -0.52% 3=- 5=- 10=- checks=10
AEONUSDT       CONTINUATION  now=   -9.33% UP=    2.13% DOWN=  -12.91% 3=Y 5=Y 10=Y checks=10
ZECUSDT        REVERSAL      now=   -0.59% UP=    1.52% DOWN=   -1.19% 3=- 5=- 10=- checks=10
PUMPUSDT       REVERSAL      now=    6.48% UP=   11.40% DOWN=   -1.46% 3=Y 5=Y 10=Y checks=10
DIAUSDT        REVERSAL      now=   -1.01% UP=    2.40% DOWN=   -2.71% 3=- 5=- 10=- checks=10
GPSUSDT        CONTINUATION  now=  -29.38% UP=    8.42% DOWN=  -33.81% 3=Y 5=Y 10=Y checks=9
BTWUSDT        CONTINUATION  now=   54.83% UP=   58.68% DOWN=   -2.97% 3=Y 5=Y 10=Y checks=9
PUMPUSDT       REVERSAL      now=    5.40% UP=   10.34% DOWN=   -1.91% 3=Y 5=Y 10=Y checks=9
HYPEUSDT       REVERSAL      now=   -1.80% UP=    0.14% DOWN=   -2.44% 3=- 5=- 10=- checks=9
LINKUSDT       REVERSAL      now=    2.03% UP=    2.58% DOWN=   -0.31% 3=- 5=- 10=- checks=9
CHIPUSDT       REVERSAL      now=   -4.57% UP=    2.86% DOWN=   -5.72% 3=Y 5=Y 10=- checks=9
ZECUSDT        REVERSAL      now=   -0.73% UP=    1.38% DOWN=   -1.19% 3=- 5=- 10=- checks=9
BTCUSDT        CONTINUATION  now=   -0.71% UP=    0.08% DOWN=   -0.89% 3=- 5=- 10=- checks=7
ZECUSDT        REVERSAL      now=   -0.63% UP=    1.02% DOWN=   -1.09% 3=- 5=- 10=- checks=7
GPSUSDT        CONTINUATION  now=  -32.40% UP=    3.28% DOWN=  -36.62% 3=Y 5=Y 10=Y checks=7
BTWUSDT        CONTINUATION  now=   47.26% UP=   51.09% DOWN=    0.00% 3=Y 5=Y 10=Y checks=7
HYPEUSDT       REVERSAL      now=   -0.77% UP=    0.43% DOWN=   -1.42% 3=- 5=- 10=- checks=6
ONGUSDT        CONTINUATION  now=    4.28% UP=    6.98% DOWN=   -4.75% 3=Y 5=Y 10=- checks=6
SOLUSDT        CONTINUATION  now=    0.95% UP=    1.29% DOWN=    0.00% 3=- 5=- 10=- checks=6
LUMIAUSDT      REVERSAL      now=    3.01% UP=    4.87% DOWN=   -0.25% 3=Y 5=- 10=- checks=6
LINKUSDT       REVERSAL      now=    2.48% UP=    3.03% DOWN=    0.00% 3=Y 5=- 10=- checks=6
HYPEUSDT       REVERSAL      now=   -0.94% UP=    0.22% DOWN=   -1.62% 3=- 5=- 10=- checks=6
PUMPUSDT       CONTINUATION  now=    2.93% UP=    7.86% DOWN=   -0.14% 3=Y 5=Y 10=- checks=5
ZECUSDT        CONTINUATION  now=   -1.20% UP=    0.39% DOWN=   -1.66% 3=- 5=- 10=- checks=5
BTCUSDT        CONTINUATION  now=   -0.49% UP=    0.27% DOWN=   -0.67% 3=- 5=- 10=- checks=5
GPSUSDT        CONTINUATION  now=  -31.61% UP=    4.50% DOWN=  -35.88% 3=Y 5=Y 10=Y checks=4
OUSDT          CONTINUATION  now=   -1.00% UP=    0.06% DOWN=   -6.18% 3=Y 5=Y 10=- checks=3
LINKUSDT       CONTINUATION  now=    1.69% UP=    2.24% DOWN=    0.00% 3=- 5=- 10=- checks=3
ZECUSDT        REVERSAL      now=   -0.25% UP=    0.20% DOWN=   -0.72% 3=- 5=- 10=- checks=3
HYPEUSDT       REVERSAL      now=   -0.45% UP=    0.09% DOWN=   -1.10% 3=- 5=- 10=- checks=3
HYPEUSDT       REVERSAL      now=   -0.31% UP=    0.04% DOWN=   -0.97% 3=- 5=- 10=- checks=2
ZECUSDT        REVERSAL      now=    0.01% UP=    0.30% DOWN=   -0.46% 3=- 5=- 10=- checks=2
PIEVERSEUSDT   REVERSAL      now=    2.34% UP=    2.55% DOWN=   -1.00% 3=- 5=- 10=- checks=2
BTCUSDT        REVERSAL      now=   -0.09% UP=    0.00% DOWN=   -0.27% 3=- 5=- 10=- checks=2

==============================================================================================================
TRACKER SUMMARY
==============================================================================================================
Checked: 59
Failed: 0
Supabase rows upserted: 158
3% episodes: 115
5% episodes: 106
10% episodes: 74

V7.5 EPISODE MARKET TRACKER: PASS
