
ALPHA HUNTER V7.1 — 2026-08-21T08:45:30.521804+00:00

Universe: 30 deep-scanned of 759 contracts
Eligible after prefilter: 372
Non-crypto rejected: 294

SYMBOL                  PHASE    TIME   BEHAV                     STATE      RR   DISC  TRADE
---------------------------------------------------------------------------------------------
ASTERUSDT      DISTRIBUTION_RISK    FAIR    6.41   DIRECTION_EMERGING_LONG    0.03     NO     NO
MONUSDT             EXPANSION    LATE    6.21   DIRECTION_EMERGING_LONG    0.00     NO     NO
ETHUSDT        DISTRIBUTION_RISK    FAIR    5.89   DIRECTION_EMERGING_LONG    0.01     NO     NO
TRUMPUSDT         COMPRESSION    FAIR    5.82   DIRECTION_EMERGING_LONG    0.34    YES     NO
XMRUSDT           COMPRESSION   EARLY    5.80  DIRECTION_EMERGING_SHORT    0.15    YES     NO
INJUSDT              IGNITION   EARLY    5.69   DIRECTION_EMERGING_LONG    0.02    YES     NO
ETHFIUSDT         COMPRESSION   EARLY    5.63   DIRECTION_EMERGING_LONG    0.28    YES     NO
SPXUSDT             EXPANSION    LATE    5.39   DIRECTION_EMERGING_LONG    0.01     NO     NO
1000SATSUSDT   DISTRIBUTION_RISK    FAIR    5.33   DIRECTION_EMERGING_LONG    0.00     NO     NO
LDOUSDT           COMPRESSION   EARLY    5.30   DIRECTION_EMERGING_LONG    0.01     NO     NO
ONEUSDT        DISTRIBUTION_RISK    FAIR    5.07   DIRECTION_EMERGING_LONG    0.04     NO     NO
KAIAUSDT       DISTRIBUTION_RISK    FAIR    4.95   DIRECTION_EMERGING_LONG    0.01     NO     NO
WIFUSDT        DISTRIBUTION_RISK    LATE    4.95   DIRECTION_EMERGING_LONG    0.01     NO     NO
ZROUSDT           COMPRESSION   EARLY    4.94   DIRECTION_EMERGING_LONG    0.01     NO     NO
1000000MOGUSDT DISTRIBUTION_RISK    FAIR    4.93   DIRECTION_EMERGING_LONG    0.01     NO     NO
ZECUSDT        DISTRIBUTION_RISK    FAIR    4.83                WATCH_LONG       —     NO     NO
BIOUSDT           COMPRESSION    FAIR    4.65   DIRECTION_EMERGING_LONG    0.21     NO     NO
GPSUSDT           COMPRESSION   EARLY    4.60                   NEUTRAL       —     NO     NO
TRXUSDT           COMPRESSION   EARLY    4.59   DIRECTION_EMERGING_LONG    0.09     NO     NO
TRIAUSDT          COMPRESSION   EARLY    4.56                   NEUTRAL       —     NO     NO
RSRUSDT        DISTRIBUTION_RISK    FAIR    4.46   DIRECTION_EMERGING_LONG    0.06     NO     NO
SUIUSDT        DISTRIBUTION_RISK    FAIR    4.43   DIRECTION_EMERGING_LONG    0.01     NO     NO
DOSUSDT           COMPRESSION   EARLY    4.28                   NEUTRAL       —     NO     NO
SKYAIUSDT         COMPRESSION   EARLY    4.25                   NEUTRAL       —     NO     NO
DEEPUSDT       DISTRIBUTION_RISK    FAIR    3.90   DIRECTION_EMERGING_LONG    0.03     NO     NO
LABUSDT              IGNITION   EARLY    3.76               WATCH_SHORT       —     NO     NO
FILUSDT        DISTRIBUTION_RISK    FAIR    3.49   DIRECTION_EMERGING_LONG    0.01     NO     NO
YBUSDT           ACCUMULATION    FAIR    3.43                WATCH_LONG       —     NO     NO
PIEVERSEUSDT     ACCUMULATION   EARLY    3.29                WATCH_LONG       —     NO     NO
BANKUSDT         ACCUMULATION   EARLY    2.43                   NEUTRAL       —     NO     NO

V7.4 PRE-MOVE SURVEILLANCE
Eligible: 6 | Primary: 5 | Reserve: 1

PRIMARY
 1 1000SATSUSDT   CONTINUATION   10.32 state=DIRECTION_EMERGING_LONG
 2 ETHFIUSDT      CONTINUATION   10.00 state=DIRECTION_EMERGING_LONG
 3 TRUMPUSDT      CONTINUATION    9.00 state=DIRECTION_EMERGING_LONG
 4 TRXUSDT        CONTINUATION    8.96 state=DIRECTION_EMERGING_LONG
 5 INJUSDT        CONTINUATION    8.93 state=DIRECTION_EMERGING_LONG

RESERVE
 6 LDOUSDT        CONTINUATION    8.74 state=DIRECTION_EMERGING_LONG

Run ID: d12d7fa1a0a66706568d72b014a98655
Snapshot saved: /home/runner/work/Alpha-Hunter/Alpha-Hunter/data/snapshots/snapshot-20260821T084530Z.json
State history: /home/runner/work/Alpha-Hunter/Alpha-Hunter/data/state-history.jsonl
Supabase: SAVED
Qualified discovery candidates: 4
EARLY candidates: 3
V7 Trade Ready: 0
Bitget private API: NOT_CONFIGURED
