V7.4 HOURLY PERFORMANCE TRACKER
Run ID: d12d7fa1a0a66706568d72b014a98655

V7.4.1 SHADOW REVERSAL
 SH SYMBOL           V74     OLD   SHADOW
--------------------------------------------------
PERFORMANCE SIGNALS SAVED: 30
FEATURE ROWS SAVED: 30
V7.4 OUTCOMES 1H: saved=6 failed=0
V7.4 OUTCOMES 4H: saved=37 failed=0
V7.4 OUTCOMES 12H: saved=33 failed=0
V7.4 OUTCOMES 24H: saved=17 failed=0
OUTCOME EVALUATION COMPLETE: saved=93 failed=0

==========================================================================================
V7.4 CURRENT SURVEILLANCE COHORT
==========================================================================================
RANK SYMBOL         TIER      PATH            SCORE STATE
------------------------------------------------------------------------------------------
   1 1000SATSUSDT   PRIMARY   CONTINUATION    10.32 DIRECTION_EMERGING_LONG
   2 ETHFIUSDT      PRIMARY   CONTINUATION    10.00 DIRECTION_EMERGING_LONG
   3 TRUMPUSDT      PRIMARY   CONTINUATION     9.00 DIRECTION_EMERGING_LONG
   4 TRXUSDT        PRIMARY   CONTINUATION     8.96 DIRECTION_EMERGING_LONG
   5 INJUSDT        PRIMARY   CONTINUATION     8.93 DIRECTION_EMERGING_LONG
   6 LDOUSDT        RESERVE   CONTINUATION     8.74 DIRECTION_EMERGING_LONG

================================================================================================================================
V7.4 FORWARD PERFORMANCE — RAW PRICE EXPANSION
================================================================================================================================

PRIMARY / RESERVE + PATH
  H TIER      PATH              N    POS%   AVG RAW   AVG ABS    EXP3%    EXP5%   EXP10%    UP5%    DN5%
--------------------------------------------------------------------------------------------------------------------------------
  1 PRIMARY   CONTINUATION     85   70.6%    0.668%    1.580%    17.6%     5.9%     0.0%    2.4%    3.5%
  1 PRIMARY   REVERSAL         65   70.8%    1.167%    2.083%    10.8%     6.2%     1.5%    4.6%    1.5%
  1 RESERVE   CONTINUATION     51   74.5%    0.736%    1.481%     7.8%     3.9%     0.0%    2.0%    2.0%
  1 RESERVE   REVERSAL         12   66.7%    0.259%    0.701%     0.0%     0.0%     0.0%    0.0%    0.0%
  4 PRIMARY   CONTINUATION     71   73.2%    2.184%    2.841%    28.2%    15.5%     4.2%   14.1%    1.4%
  4 PRIMARY   REVERSAL         59   74.6%    1.738%    3.101%    27.1%    13.6%     1.7%   10.2%    3.4%
  4 RESERVE   CONTINUATION     47   74.5%    2.267%    3.007%    38.3%    17.0%     6.4%   14.9%    2.1%
  4 RESERVE   REVERSAL         12   58.3%    0.011%    1.140%     0.0%     0.0%     0.0%    0.0%    0.0%
 12 PRIMARY   CONTINUATION     32   78.1%    2.275%    3.677%    46.9%    31.2%     9.4%   25.0%    6.2%
 12 PRIMARY   REVERSAL         34   70.6%    5.592%    6.740%    29.4%    20.6%    11.8%   17.6%    2.9%
 12 RESERVE   CONTINUATION     14   78.6%    4.389%    4.840%    57.1%    42.9%    14.3%   42.9%    0.0%
 12 RESERVE   REVERSAL          9   55.6%    0.073%    0.650%     0.0%     0.0%     0.0%    0.0%    0.0%

RANK QUALITY
  H RANK BUCKET         N    POS%   AVG RAW   AVG ABS    EXP3%    EXP5%   EXP10%    UP5%    DN5%
----------------------------------------------------------------------------------------------------------------
  1 TOP_1_3            92   65.2%    0.914%    2.105%    16.3%     9.8%     1.1%    5.4%    4.3%
  1 TOP_4_5            58   79.3%    0.837%    1.311%    12.1%     0.0%     0.0%    0.0%    0.0%
  1 RESERVE_6_10       63   73.0%    0.645%    1.333%     6.3%     3.2%     0.0%    1.6%    1.6%
  4 TOP_1_3            80   73.8%    1.967%    3.146%    28.7%    13.8%     3.8%   11.2%    2.5%
  4 TOP_4_5            50   74.0%    2.004%    2.659%    26.0%    16.0%     2.0%   14.0%    2.0%
  4 RESERVE_6_10       59   71.2%    1.808%    2.627%    30.5%    13.6%     5.1%   11.9%    1.7%
 12 TOP_1_3            41   75.6%    4.975%    6.172%    34.1%    22.0%     9.8%   17.1%    4.9%
 12 TOP_4_5            25   72.0%    2.357%    3.751%    44.0%    32.0%    12.0%   28.0%    4.0%
 12 RESERVE_6_10       23   69.6%    2.700%    3.200%    34.8%    26.1%     8.7%   26.1%    0.0%

Metric definitions:
AVG RAW = average raw market return from detection price.
AVG ABS = average absolute price movement regardless of direction.
EXP3/5/10 = percentage of candidates moving at least 3% / 5% / 10% in either direction.
UP5 = raw upside move >= +5%; DN5 = raw downside move <= -5%.
No V7.4 trade-direction assumption is used in these metrics.

V7.4 TRACKING JOB: PASS
