
==============================================================================================================
ALPHA HUNTER V7.5 INDEPENDENT EPISODE MARKET TRACKER
==============================================================================================================
Episodes stored: 252
Active episodes: 102

CYSUSDT        CONTINUATION  now=  -46.83% UP=   78.38% DOWN=  -50.85% 3=Y 5=Y 10=Y checks=50
BTWUSDT        CONTINUATION  now=  122.53% UP=  157.09% DOWN=    0.00% 3=Y 5=Y 10=Y checks=50
COOKIEUSDT     CONTINUATION  now=   -8.08% UP=    0.00% DOWN=  -18.26% 3=Y 5=Y 10=Y checks=50
SUIUSDT        CONTINUATION  now=   13.39% UP=   13.49% DOWN=   -7.26% 3=Y 5=Y 10=Y checks=50
SOLUSDT        CONTINUATION  now=   19.54% UP=   19.58% DOWN=   -4.13% 3=Y 5=Y 10=Y checks=50
SKYAIUSDT      REVERSAL      now=  -31.80% UP=    0.00% DOWN=  -48.62% 3=Y 5=Y 10=Y checks=50
DOGEUSDT       CONTINUATION  now=   19.90% UP=   20.02% DOWN=   -2.32% 3=Y 5=Y 10=Y checks=50
ADAUSDT        REVERSAL      now=    8.24% UP=    8.50% DOWN=  -12.70% 3=Y 5=Y 10=Y checks=50
GWEIUSDT       REVERSAL      now=   11.66% UP=   24.28% DOWN=   -2.98% 3=Y 5=Y 10=Y checks=50
BICOUSDT       REVERSAL      now=  -61.44% UP=    0.00% DOWN=  -62.36% 3=Y 5=Y 10=Y checks=50
IOTXUSDT       REVERSAL      now=   -0.56% UP=    0.39% DOWN=  -11.34% 3=Y 5=Y 10=Y checks=50
MMTUSDT        REVERSAL      now=  -12.68% UP=    0.00% DOWN=  -17.89% 3=Y 5=Y 10=Y checks=50
SUIUSDT        CONTINUATION  now=   14.76% UP=   14.85% DOWN=   -6.16% 3=Y 5=Y 10=Y checks=50
MUBARAKUSDT    REVERSAL      now=   12.93% UP=   14.53% DOWN=  -24.10% 3=Y 5=Y 10=Y checks=50
4USDT          REVERSAL      now=   -5.38% UP=    0.00% DOWN=  -22.21% 3=Y 5=Y 10=Y checks=50
JTOUSDT        REVERSAL      now=    8.92% UP=    9.10% DOWN=   -0.43% 3=Y 5=Y 10=- checks=50
FORMUSDT       REVERSAL      now=   19.81% UP=   21.37% DOWN=   -7.88% 3=Y 5=Y 10=Y checks=50
PUMPUSDT       REVERSAL      now=   37.69% UP=   39.98% DOWN=   -5.65% 3=Y 5=Y 10=Y checks=50
ACUUSDT        REVERSAL      now=    7.07% UP=   16.62% DOWN=   -4.40% 3=Y 5=Y 10=Y checks=50
HYPEUSDT       REVERSAL      now=   34.92% UP=   35.40% DOWN=   -0.62% 3=Y 5=Y 10=Y checks=50
AEONUSDT       CONTINUATION  now=    2.95% UP=   28.99% DOWN=   -6.91% 3=Y 5=Y 10=Y checks=50
BTWUSDT        CONTINUATION  now=   49.80% UP=   72.40% DOWN=  -10.16% 3=Y 5=Y 10=Y checks=50
ZECUSDT        REVERSAL      now=   26.53% UP=   28.35% DOWN=   -0.72% 3=Y 5=Y 10=Y checks=27
HYPEUSDT       REVERSAL      now=   29.27% UP=   29.76% DOWN=   -1.10% 3=Y 5=Y 10=Y checks=27
OUSDT          CONTINUATION  now=   -1.22% UP=    3.69% DOWN=   -6.18% 3=Y 5=Y 10=- checks=27
LINKUSDT       CONTINUATION  now=   22.48% UP=   25.07% DOWN=    0.00% 3=Y 5=Y 10=Y checks=27
1000RATSUSDT   REVERSAL      now=   -1.47% UP=    9.83% DOWN=   -4.96% 3=Y 5=Y 10=- checks=22
SOLUSDT        CONTINUATION  now=   19.19% UP=   19.42% DOWN=   -0.19% 3=Y 5=Y 10=Y checks=22
REDUSDT        REVERSAL      now=   22.47% UP=   35.87% DOWN=   -1.25% 3=Y 5=Y 10=Y checks=22
AEONUSDT       REVERSAL      now=   -8.27% UP=    5.43% DOWN=  -13.04% 3=Y 5=Y 10=Y checks=22
BTCUSDT        CONTINUATION  now=   20.61% UP=   20.70% DOWN=   -0.08% 3=Y 5=Y 10=Y checks=22
ETHUSDT        CONTINUATION  now=   26.03% UP=   26.03% DOWN=   -0.01% 3=Y 5=Y 10=Y checks=22
XMRUSDT        REVERSAL      now=   -0.50% UP=    2.93% DOWN=   -1.41% 3=- 5=- 10=- checks=14
VVVUSDT        REVERSAL      now=   14.87% UP=   16.52% DOWN=   -0.75% 3=Y 5=Y 10=Y checks=14
AEONUSDT       REVERSAL      now=   -9.09% UP=    0.20% DOWN=  -13.81% 3=Y 5=Y 10=Y checks=14
LAUSDT         REVERSAL      now=    9.04% UP=   10.20% DOWN=    0.00% 3=Y 5=Y 10=Y checks=14
CAPUSDT        REVERSAL      now=   -2.92% UP=    4.34% DOWN=   -8.21% 3=Y 5=Y 10=- checks=14
WLFIUSDT       REVERSAL      now=    1.46% UP=    2.25% DOWN=   -2.27% 3=- 5=- 10=- checks=13
1000RATSUSDT   CONTINUATION  now=   -7.96% UP=    2.60% DOWN=   -9.56% 3=Y 5=Y 10=- checks=13
ONGUSDT        REVERSAL      now=   38.37% UP=  166.67% DOWN=   -1.60% 3=Y 5=Y 10=Y checks=13
XMRUSDT        REVERSAL      now=   -1.75% UP=    1.64% DOWN=   -2.64% 3=- 5=- 10=- checks=13
LAUSDT         CONTINUATION  now=    8.09% UP=    9.24% DOWN=   -0.60% 3=Y 5=Y 10=- checks=13
WLDUSDT        CONTINUATION  now=    7.25% UP=    7.28% DOWN=   -1.33% 3=Y 5=Y 10=- checks=12
CAPUSDT        REVERSAL      now=   -3.43% UP=    1.66% DOWN=   -8.68% 3=Y 5=Y 10=- checks=12
BRUSDT         CONTINUATION  now=    0.61% UP=    9.22% DOWN=   -5.87% 3=Y 5=Y 10=- checks=12
VVVUSDT        REVERSAL      now=   14.24% UP=   15.75% DOWN=   -0.08% 3=Y 5=Y 10=Y checks=12
MUBARAKUSDT    REVERSAL      now=   16.13% UP=   17.77% DOWN=   -4.22% 3=Y 5=Y 10=Y checks=11
TREEUSDT       REVERSAL      now=    5.12% UP=    5.66% DOWN=   -0.25% 3=Y 5=Y 10=- checks=11
ZROUSDT        CONTINUATION  now=    3.84% UP=    3.84% DOWN=   -3.38% 3=Y 5=- 10=- checks=11
VVVUSDT        CONTINUATION  now=   11.66% UP=   13.13% DOWN=   -1.05% 3=Y 5=Y 10=Y checks=10
ACUUSDT        REVERSAL      now=   -4.70% UP=    1.11% DOWN=   -7.79% 3=Y 5=Y 10=- checks=10
1000RATSUSDT   CONTINUATION  now=   -7.35% UP=    0.63% DOWN=   -8.95% 3=Y 5=Y 10=- checks=10
LAUSDT         CONTINUATION  now=    6.74% UP=    7.88% DOWN=   -0.98% 3=Y 5=Y 10=- checks=10
NEARUSDT       CONTINUATION  now=   10.29% UP=   10.74% DOWN=   -1.95% 3=Y 5=Y 10=Y checks=8
ZROUSDT        REVERSAL      now=    6.93% UP=    6.93% DOWN=   -0.44% 3=Y 5=Y 10=- checks=8
LAUSDT         CONTINUATION  now=    6.00% UP=    7.13% DOWN=   -1.67% 3=Y 5=Y 10=- checks=8
UNIUSDT        CONTINUATION  now=    8.94% UP=    8.97% DOWN=    0.00% 3=Y 5=Y 10=- checks=8
LITUSDT        CONTINUATION  now=   -0.89% UP=    0.71% DOWN=   -7.55% 3=Y 5=Y 10=- checks=9
ONDOUSDT       CONTINUATION  now=    6.01% UP=    6.01% DOWN=   -2.64% 3=Y 5=Y 10=- checks=9
BTWUSDT        REVERSAL      now=   15.21% UP=   32.94% DOWN=   -2.37% 3=Y 5=Y 10=Y checks=8
OPUSDT         CONTINUATION  now=    3.84% UP=    4.05% DOWN=   -3.53% 3=Y 5=- 10=- checks=8
LDOUSDT        CONTINUATION  now=    6.71% UP=    6.83% DOWN=   -0.18% 3=Y 5=Y 10=- checks=7
XMRUSDT        REVERSAL      now=    0.05% UP=    2.88% DOWN=   -0.76% 3=- 5=- 10=- checks=7
LITUSDT        REVERSAL      now=    5.04% UP=    5.19% DOWN=   -1.95% 3=Y 5=Y 10=- checks=7
NEARUSDT       REVERSAL      now=   11.48% UP=   11.81% DOWN=   -0.02% 3=Y 5=Y 10=Y checks=7
TREEUSDT       REVERSAL      now=    2.91% UP=    3.44% DOWN=   -1.80% 3=Y 5=- 10=- checks=7
WLDUSDT        CONTINUATION  now=    5.26% UP=    5.26% DOWN=   -0.44% 3=Y 5=Y 10=- checks=7
WLFIUSDT       REVERSAL      now=    0.36% UP=    0.44% DOWN=   -3.33% 3=Y 5=- 10=- checks=7
UNIUSDT        CONTINUATION  now=    7.53% UP=    7.53% DOWN=   -0.65% 3=Y 5=Y 10=- checks=7
NEARUSDT       CONTINUATION  now=   10.61% UP=   10.93% DOWN=   -0.46% 3=Y 5=Y 10=Y checks=7
VVVUSDT        REVERSAL      now=   11.39% UP=   12.87% DOWN=   -1.28% 3=Y 5=Y 10=Y checks=7
TREEUSDT       REVERSAL      now=    4.36% UP=    4.89% DOWN=   -0.42% 3=Y 5=- 10=- checks=7
LINKUSDT       CONTINUATION  now=   10.07% UP=   12.32% DOWN=   -0.89% 3=Y 5=Y 10=Y checks=7
WLDUSDT        CONTINUATION  now=    5.18% UP=    5.18% DOWN=   -0.54% 3=Y 5=Y 10=- checks=7
ZECUSDT        CONTINUATION  now=   11.86% UP=   13.24% DOWN=   -1.11% 3=Y 5=Y 10=Y checks=7
TRUMPUSDT      CONTINUATION  now=    5.90% UP=    6.08% DOWN=   -2.65% 3=Y 5=Y 10=- checks=7
ONDOUSDT       REVERSAL      now=    7.34% UP=    7.34% DOWN=   -0.11% 3=Y 5=Y 10=- checks=7
LUMIAUSDT      CONTINUATION  now=    1.15% UP=    1.35% DOWN=   -1.05% 3=- 5=- 10=- checks=7
AAVEUSDT       CONTINUATION  now=   10.95% UP=   11.01% DOWN=   -0.48% 3=Y 5=Y 10=Y checks=6
BTWUSDT        REVERSAL      now=   10.41% UP=   27.47% DOWN=   -2.82% 3=Y 5=Y 10=Y checks=5
MAGMAUSDT      CONTINUATION  now=    1.82% UP=    6.83% DOWN=   -0.21% 3=Y 5=Y 10=- checks=5
INJUSDT        CONTINUATION  now=    5.25% UP=    5.44% DOWN=   -0.27% 3=Y 5=Y 10=- checks=5
RENDERUSDT     CONTINUATION  now=    5.92% UP=    5.92% DOWN=   -0.16% 3=Y 5=Y 10=- checks=5
USELESSUSDT    CONTINUATION  now=   15.10% UP=   16.02% DOWN=   -0.47% 3=Y 5=Y 10=Y checks=4
TRUMPUSDT      REVERSAL      now=    7.31% UP=    7.37% DOWN=   -0.18% 3=Y 5=Y 10=- checks=4
HYPEUSDT       CONTINUATION  now=    4.16% UP=    4.78% DOWN=   -1.93% 3=Y 5=- 10=- checks=4
MONUSDT        CONTINUATION  now=    7.58% UP=    8.07% DOWN=   -0.99% 3=Y 5=Y 10=- checks=4
LDOUSDT        CONTINUATION  now=    5.53% UP=    5.53% DOWN=   -0.06% 3=Y 5=Y 10=- checks=4
ONDOUSDT       CONTINUATION  now=    3.31% UP=    3.31% DOWN=   -0.74% 3=Y 5=- 10=- checks=3
XMRUSDT        REVERSAL      now=   -1.76% UP=    0.47% DOWN=   -2.55% 3=- 5=- 10=- checks=3
REUSDT         CONTINUATION  now=   -5.74% UP=    5.20% DOWN=   -9.86% 3=Y 5=Y 10=- checks=3
INJUSDT        CONTINUATION  now=    4.92% UP=    5.11% DOWN=   -0.11% 3=Y 5=Y 10=- checks=3
TRUMPUSDT      CONTINUATION  now=    5.51% UP=    5.51% DOWN=   -0.24% 3=Y 5=Y 10=- checks=3
AAVEUSDT       CONTINUATION  now=    9.29% UP=    9.31% DOWN=   -0.33% 3=Y 5=Y 10=- checks=2
BRETTUSDT      CONTINUATION  now=    6.06% UP=    6.06% DOWN=   -0.02% 3=Y 5=Y 10=- checks=2
MAGMAUSDT      CONTINUATION  now=   -0.69% UP=    1.75% DOWN=   -2.40% 3=- 5=- 10=- checks=2
TRUMPUSDT      CONTINUATION  now=    0.28% UP=    0.28% DOWN=   -0.06% 3=- 5=- 10=- checks=1
INJUSDT        CONTINUATION  now=    0.04% UP=    0.04% DOWN=   -0.12% 3=- 5=- 10=- checks=1
ETHFIUSDT      CONTINUATION  now=    0.69% UP=    0.72% DOWN=    0.00% 3=- 5=- 10=- checks=1
1000SATSUSDT   CONTINUATION  now=    0.00% UP=    0.00% DOWN=   -0.31% 3=- 5=- 10=- checks=1
LDOUSDT        CONTINUATION  now=    0.42% UP=    0.42% DOWN=    0.00% 3=- 5=- 10=- checks=1
TRXUSDT        CONTINUATION  now=    0.04% UP=    0.06% DOWN=    0.00% 3=- 5=- 10=- checks=1

==============================================================================================================
TRACKER SUMMARY
==============================================================================================================
Checked: 102
Failed: 0
Supabase rows upserted: 252
3% episodes: 211
5% episodes: 193
10% episodes: 126

V7.5 EPISODE MARKET TRACKER: PASS
