
======================================================================================================================
ALPHA HUNTER V7.6 POST-CONFIRMATION OUTCOME TRACKER — SHADOW
======================================================================================================================
Confirmed outcome rows: 203
Created this run: 8

LITUSDT        SHORT  quality=FORWARD_COMPLETE now=  -7.27% MFE=   0.15% MAE=  -7.39% lost=Y done=-
CAPUSDT        SHORT  quality=FORWARD_COMPLETE now=   3.11% MFE=   8.88% MAE=  -1.44% lost=Y done=-
LAUSDT         LONG   quality=FORWARD_COMPLETE now=   5.77% MFE=   6.44% MAE=  -2.30% lost=Y done=-
LAUSDT         LONG   quality=FORWARD_COMPLETE now=   5.77% MFE=   6.44% MAE=  -2.30% lost=Y done=-
VVVUSDT        SHORT  quality=FORWARD_COMPLETE now= -15.49% MFE=   0.60% MAE= -16.68% lost=Y done=Y
WLDUSDT        SHORT  quality=FORWARD_COMPLETE now=  -8.53% MFE=   0.36% MAE=  -8.81% lost=Y done=-
CAPUSDT        SHORT  quality=FORWARD_COMPLETE now=   3.00% MFE=   8.88% MAE=  -1.44% lost=- done=-
LAUSDT         LONG   quality=FORWARD_COMPLETE now=   5.77% MFE=   6.44% MAE=  -2.30% lost=- done=-
LAUSDT         LONG   quality=FORWARD_COMPLETE now=   5.77% MFE=   6.44% MAE=  -2.30% lost=- done=-
TREEUSDT       SHORT  quality=FORWARD_COMPLETE now=  -4.75% MFE=   0.42% MAE=  -4.89% lost=Y done=-
MUBARAKUSDT    SHORT  quality=FORWARD_COMPLETE now= -16.88% MFE=   3.73% MAE= -18.38% lost=Y done=-
PUMPUSDT       LONG   quality=FORWARD_COMPLETE now=  16.57% MFE=  17.40% MAE=  -0.83% lost=- done=-
TRXUSDT        LONG   quality=FORWARD_COMPLETE now=   0.74% MFE=   0.92% MAE=  -0.21% lost=Y done=-
AEONUSDT       SHORT  quality=FORWARD_COMPLETE now=  -0.78% MFE=   4.63% MAE=  -4.85% lost=Y done=-
ONDOUSDT       LONG   quality=FORWARD_COMPLETE now=   5.27% MFE=   5.47% MAE=  -3.40% lost=Y done=-
TRUMPUSDT      LONG   quality=FORWARD_COMPLETE now=   3.83% MFE=   4.12% MAE=   0.00% lost=- done=-
ZECUSDT        LONG   quality=FORWARD_COMPLETE now=   4.99% MFE=   6.48% MAE=  -1.39% lost=- done=-
ONGUSDT        SHORT  quality=FORWARD_COMPLETE now= -38.54% MFE=   0.18% MAE=-166.98% lost=Y done=-
AEONUSDT       SHORT  quality=FORWARD_COMPLETE now=  -1.07% MFE=   4.63% MAE=  -4.85% lost=Y done=-
ZROUSDT        LONG   quality=FORWARD_COMPLETE now=   3.39% MFE=   3.85% MAE=  -3.10% lost=Y done=-
UNIUSDT        LONG   quality=FORWARD_COMPLETE now=   4.93% MFE=   5.03% MAE=  -0.79% lost=Y done=-
LDOUSDT        LONG   quality=FORWARD_COMPLETE now=   5.00% MFE=   5.41% MAE=  -0.76% lost=Y done=-
ONGUSDT        SHORT  quality=FORWARD_COMPLETE now= -39.00% MFE=   0.18% MAE=-166.98% lost=Y done=-
1000RATSUSDT   LONG   quality=FORWARD_COMPLETE now=  -8.74% MFE=   0.79% MAE= -10.67% lost=Y done=-
VVVUSDT        LONG   quality=FORWARD_COMPLETE now=  11.00% MFE=  12.21% MAE=  -1.85% lost=Y done=-
LAUSDT         LONG   quality=FORWARD_COMPLETE now=   4.63% MFE=   5.31% MAE=  -3.34% lost=Y done=-
OPUSDT         LONG   quality=FORWARD_COMPLETE now=   2.76% MFE=   2.76% MAE=  -1.43% lost=Y done=-
LAUSDT         LONG   quality=FORWARD_COMPLETE now=   5.75% MFE=   6.44% MAE=  -2.30% lost=- done=-
XMRUSDT        LONG   quality=FORWARD_COMPLETE now=  -3.01% MFE=   0.47% MAE=  -3.77% lost=Y done=-
LDOUSDT        LONG   quality=FORWARD_COMPLETE now=   4.47% MFE=   4.91% MAE=  -0.12% lost=- done=-
VVVUSDT        LONG   quality=FORWARD_COMPLETE now=  11.00% MFE=  12.21% MAE=  -1.85% lost=- done=-
LAUSDT         LONG   quality=FORWARD_COMPLETE now=   5.75% MFE=   6.44% MAE=  -2.30% lost=Y done=-
VVVUSDT        LONG   quality=FORWARD_COMPLETE now=  11.00% MFE=  12.21% MAE=  -1.85% lost=- done=-
WLFIUSDT       LONG   quality=FORWARD_COMPLETE now=   0.76% MFE=   1.33% MAE=  -3.14% lost=- done=-
XMRUSDT        LONG   quality=FORWARD_COMPLETE now=  -3.01% MFE=   0.47% MAE=  -3.77% lost=Y done=-
NEARUSDT       LONG   quality=FORWARD_COMPLETE now=   8.93% MFE=   9.34% MAE=  -0.89% lost=- done=-
TREEUSDT       LONG   quality=FORWARD_COMPLETE now=   0.95% MFE=   1.08% MAE=  -3.41% lost=Y done=-
1000RATSUSDT   SHORT  quality=FORWARD_COMPLETE now=   3.61% MFE=   5.65% MAE=  -2.06% lost=Y done=-
ACUUSDT        SHORT  quality=FORWARD_COMPLETE now=  -0.93% MFE=   1.81% MAE=  -6.54% lost=Y done=-
NEARUSDT       LONG   quality=FORWARD_COMPLETE now=   9.58% MFE=   9.99% MAE=  -2.78% lost=Y done=-
POLUSDT        LONG   quality=FORWARD_COMPLETE now=   8.07% MFE=  11.98% MAE=  -4.41% lost=Y done=-
WLDUSDT        LONG   quality=FORWARD_COMPLETE now=   3.95% MFE=   4.30% MAE=  -0.81% lost=Y done=-
NEARUSDT       LONG   quality=FORWARD_COMPLETE now=   8.65% MFE=   9.06% MAE=  -1.15% lost=- done=-
TREEUSDT       LONG   quality=FORWARD_COMPLETE now=   0.95% MFE=   1.08% MAE=  -3.41% lost=Y done=-
LINKUSDT       LONG   quality=FORWARD_COMPLETE now=   8.45% MFE=  10.60% MAE=  -0.05% lost=Y done=-
WLDUSDT        LONG   quality=FORWARD_COMPLETE now=   3.70% MFE=   4.05% MAE=  -1.05% lost=Y done=-
UNIUSDT        LONG   quality=FORWARD_COMPLETE now=   4.98% MFE=   5.03% MAE=  -0.79% lost=Y done=-
ONDOUSDT       LONG   quality=FORWARD_COMPLETE now=   5.03% MFE=   5.17% MAE=  -0.33% lost=- done=-
AAVEUSDT       LONG   quality=FORWARD_COMPLETE now=  11.00% MFE=  11.31% MAE=  -0.21% lost=Y done=-
LITUSDT        SHORT  quality=FORWARD_COMPLETE now=  -7.15% MFE=   0.27% MAE=  -7.27% lost=Y done=-
BTWUSDT        LONG   quality=FORWARD_COMPLETE now=   1.48% MFE=  18.69% MAE=  -7.76% lost=- done=-
BTWUSDT        LONG   quality=FORWARD_COMPLETE now=   1.52% MFE=  18.74% MAE=  -7.72% lost=- done=-
MAGMAUSDT      LONG   quality=FORWARD_COMPLETE now=  -2.09% MFE=   0.43% MAE=  -3.68% lost=Y done=-
RENDERUSDT     LONG   quality=FORWARD_COMPLETE now=   5.34% MFE=   5.47% MAE=  -0.31% lost=Y done=-
TRUMPUSDT      LONG   quality=FORWARD_COMPLETE now=   3.35% MFE=   3.82% MAE=  -0.29% lost=- done=-
USELESSUSDT    LONG   quality=FORWARD_COMPLETE now=  11.48% MFE=  11.48% MAE=  -0.76% lost=- done=-
TRUMPUSDT      LONG   quality=FORWARD_COMPLETE now=   3.35% MFE=   3.82% MAE=  -0.29% lost=- done=-
REUSDT         LONG   quality=FORWARD_COMPLETE now=  -9.31% MFE=   0.14% MAE= -13.23% lost=Y done=-
HYPEUSDT       LONG   quality=FORWARD_COMPLETE now=  -0.16% MFE=   0.36% MAE=  -0.29% lost=- done=-
MONUSDT        LONG   quality=FORWARD_COMPLETE now=  -0.14% MFE=   0.21% MAE=  -0.53% lost=- done=-
ONDOUSDT       LONG   quality=FORWARD_COMPLETE now=  -0.05% MFE=   0.03% MAE=  -0.24% lost=- done=-
INJUSDT        LONG   quality=FORWARD_COMPLETE now=   0.08% MFE=   0.12% MAE=  -0.04% lost=- done=-
INJUSDT        LONG   quality=FORWARD_COMPLETE now=   0.06% MFE=   0.10% MAE=  -0.06% lost=- done=-
BRETTUSDT      LONG   quality=FORWARD_COMPLETE now=   0.00% MFE=   0.00% MAE=   0.00% lost=- done=-
VVVUSDT        LONG   quality=FORWARD_COMPLETE now=  -0.39% MFE=   0.00% MAE=  -0.39% lost=- done=-
LUMIAUSDT      LONG   quality=FORWARD_COMPLETE now=   0.00% MFE=   0.00% MAE=   0.00% lost=- done=-

======================================================================================================================
POST-CONFIRMATION TRACKER SUMMARY
======================================================================================================================
Outcome rows: 203
Created this run: 8
Tracked this run: 66
Failed: 0
Supabase rows upserted: 203
Forward complete: 203
Completed 24H: 138

IMPORTANT: OUTCOME TRACKER IS MEASUREMENT ONLY.
No trade permission was generated.

V7.6 POST-CONFIRMATION OUTCOME TRACKER: PASS
