
======================================================================================================================
ALPHA HUNTER V7.6 DIRECTION-PROOF ENGINE — SHADOW
======================================================================================================================
Eligible forward episodes: 75

SYMBOL         PATH          DIR         CONF   LONG   SHORT       15M        1H
----------------------------------------------------------------------------------------------------------------------
ZECUSDT        REVERSAL      LONG       75.0%   6.00    0.00   BULLISH   BULLISH
HYPEUSDT       REVERSAL      LONG      100.0%   8.00    0.00   BULLISH   BULLISH
OUSDT          CONTINUATION  UNKNOWN     0.0%   2.50    0.00   BULLISH     MIXED
LINKUSDT       CONTINUATION  LONG      100.0%   8.00    0.00   BULLISH   BULLISH
1000RATSUSDT   REVERSAL      UNKNOWN     0.0%   2.00    3.50     MIXED   BEARISH
SOLUSDT        CONTINUATION  LONG      100.0%   8.00    0.00   BULLISH   BULLISH
REDUSDT        REVERSAL      LONG       87.5%   7.00    0.00   BULLISH   BULLISH
AEONUSDT       REVERSAL      UNKNOWN     0.0%   2.50    1.50     MIXED     MIXED
BTCUSDT        CONTINUATION  LONG      100.0%   8.00    0.00   BULLISH   BULLISH
ETHUSDT        CONTINUATION  LONG      100.0%   8.00    0.00   BULLISH   BULLISH
WLFIUSDT       REVERSAL      LONG       81.2%   6.50    0.00   BULLISH   BULLISH
1000RATSUSDT   CONTINUATION  UNKNOWN     0.0%   2.00    3.50     MIXED   BEARISH
ONGUSDT        REVERSAL      SHORT      75.0%   0.00    6.00   BEARISH     MIXED
XMRUSDT        REVERSAL      SHORT      68.8%   0.00    5.50   BEARISH   BEARISH
LAUSDT         CONTINUATION  LONG      100.0%   8.00    0.00   BULLISH   BULLISH
WLDUSDT        CONTINUATION  LONG      100.0%   8.00    0.00   BULLISH   BULLISH
CAPUSDT        REVERSAL      LONG       50.0%   4.00    0.00   BULLISH     MIXED
BRUSDT         CONTINUATION  UNKNOWN     0.0%   3.50    1.00     MIXED   BULLISH
VVVUSDT        REVERSAL      LONG       67.5%   6.00    2.00   BULLISH   BULLISH
MUBARAKUSDT    REVERSAL      LONG      100.0%   8.00    0.00   BULLISH   BULLISH
TREEUSDT       REVERSAL      LONG       87.5%   7.00    0.00   BULLISH   BULLISH
ZROUSDT        CONTINUATION  LONG      100.0%   8.00    0.00   BULLISH   BULLISH
VVVUSDT        CONTINUATION  LONG       67.5%   6.00    2.00   BULLISH   BULLISH
ACUUSDT        REVERSAL      SHORT      81.2%   0.00    6.50   BEARISH   BEARISH
1000RATSUSDT   CONTINUATION  UNKNOWN     0.0%   2.00    3.50     MIXED   BEARISH
LAUSDT         CONTINUATION  LONG      100.0%   8.00    0.00   BULLISH   BULLISH
NEARUSDT       CONTINUATION  LONG      100.0%   8.00    0.00   BULLISH   BULLISH
ZROUSDT        REVERSAL      LONG      100.0%   8.00    0.00   BULLISH   BULLISH
LAUSDT         CONTINUATION  LONG      100.0%   8.00    0.00   BULLISH   BULLISH
UNIUSDT        CONTINUATION  LONG      100.0%   8.00    0.00   BULLISH   BULLISH
LITUSDT        CONTINUATION  LONG      100.0%   8.00    0.00   BULLISH   BULLISH
ONDOUSDT       CONTINUATION  LONG      100.0%   8.00    0.00   BULLISH   BULLISH
BTWUSDT        REVERSAL      LONG       55.0%   5.00    2.00     MIXED   BULLISH
OPUSDT         CONTINUATION  LONG      100.0%   8.00    0.00   BULLISH   BULLISH
LDOUSDT        CONTINUATION  LONG      100.0%   8.00    0.00   BULLISH   BULLISH
XMRUSDT        REVERSAL      SHORT      56.2%   0.00    4.50   BEARISH   BEARISH
LITUSDT        REVERSAL      LONG      100.0%   8.00    0.00   BULLISH   BULLISH
NEARUSDT       REVERSAL      LONG      100.0%   8.00    0.00   BULLISH   BULLISH
TREEUSDT       REVERSAL      LONG      100.0%   8.00    0.00   BULLISH   BULLISH
WLDUSDT        CONTINUATION  LONG      100.0%   8.00    0.00   BULLISH   BULLISH
WLFIUSDT       REVERSAL      LONG       81.2%   6.50    0.00   BULLISH   BULLISH
UNIUSDT        CONTINUATION  LONG      100.0%   8.00    0.00   BULLISH   BULLISH
NEARUSDT       CONTINUATION  LONG      100.0%   8.00    0.00   BULLISH   BULLISH
VVVUSDT        REVERSAL      LONG       71.2%   6.00    1.00   BULLISH   BULLISH
TREEUSDT       REVERSAL      LONG      100.0%   8.00    0.00   BULLISH   BULLISH
LINKUSDT       CONTINUATION  LONG      100.0%   8.00    0.00   BULLISH   BULLISH
WLDUSDT        CONTINUATION  LONG      100.0%   8.00    0.00   BULLISH   BULLISH
ZECUSDT        CONTINUATION  LONG       87.5%   7.00    0.00   BULLISH   BULLISH
TRUMPUSDT      CONTINUATION  LONG      100.0%   8.00    0.00   BULLISH   BULLISH
ONDOUSDT       REVERSAL      LONG      100.0%   8.00    0.00   BULLISH   BULLISH
LUMIAUSDT      CONTINUATION  LONG       81.2%   6.50    0.00   BULLISH   BULLISH
AAVEUSDT       CONTINUATION  LONG      100.0%   8.00    0.00   BULLISH   BULLISH
BTWUSDT        REVERSAL      LONG       55.0%   5.00    2.00     MIXED   BULLISH
MAGMAUSDT      CONTINUATION  UNKNOWN     0.0%   1.00    3.50   BEARISH     MIXED
INJUSDT        CONTINUATION  LONG      100.0%   8.00    0.00   BULLISH   BULLISH
RENDERUSDT     CONTINUATION  LONG      100.0%   8.00    0.00   BULLISH   BULLISH
USELESSUSDT    CONTINUATION  LONG      100.0%   8.00    0.00   BULLISH   BULLISH
TRUMPUSDT      REVERSAL      LONG      100.0%   8.00    0.00   BULLISH   BULLISH
HYPEUSDT       CONTINUATION  LONG      100.0%   8.00    0.00   BULLISH   BULLISH
MONUSDT        CONTINUATION  LONG       87.5%   7.00    0.00   BULLISH   BULLISH
LDOUSDT        CONTINUATION  LONG      100.0%   8.00    0.00   BULLISH   BULLISH
ONDOUSDT       CONTINUATION  LONG      100.0%   8.00    0.00   BULLISH   BULLISH
XMRUSDT        REVERSAL      SHORT      56.2%   0.00    4.50   BEARISH   BEARISH
REUSDT         CONTINUATION  SHORT      52.5%   1.00    4.50   BEARISH   BEARISH
INJUSDT        CONTINUATION  LONG      100.0%   8.00    0.00   BULLISH   BULLISH
TRUMPUSDT      CONTINUATION  LONG      100.0%   8.00    0.00   BULLISH   BULLISH
AAVEUSDT       CONTINUATION  LONG      100.0%   8.00    0.00   BULLISH   BULLISH
BRETTUSDT      CONTINUATION  LONG      100.0%   8.00    0.00   BULLISH   BULLISH
MAGMAUSDT      CONTINUATION  UNKNOWN     0.0%   1.00    3.50   BEARISH     MIXED
TRUMPUSDT      CONTINUATION  LONG      100.0%   8.00    0.00   BULLISH   BULLISH
INJUSDT        CONTINUATION  LONG      100.0%   8.00    0.00   BULLISH   BULLISH
ETHFIUSDT      CONTINUATION  LONG      100.0%   8.00    0.00   BULLISH   BULLISH
1000SATSUSDT   CONTINUATION  LONG      100.0%   8.00    0.00   BULLISH   BULLISH
LDOUSDT        CONTINUATION  LONG      100.0%   8.00    0.00   BULLISH   BULLISH
TRXUSDT        CONTINUATION  LONG       68.8%   5.50    0.00   BULLISH   BULLISH

======================================================================================================================
V7.6 SHADOW SUMMARY
======================================================================================================================
Evaluated: 75
LONG: 61
SHORT: 6
UNKNOWN: 8
Failures: 0
Supabase shadow rows saved: 75
Direction state rows saved: 75
Immutable transition rows saved: 75
Transition run ID: cloud5d-20260821T084433Z
Direction emerging: 28
Direction confirmed: 38
Lost confirmation: 4

IMPORTANT: V7.6 IS SHADOW ONLY.
No trade permission was generated.

V7.6 DIRECTION SHADOW: PASS
