
======================================================================================================================
ALPHA HUNTER V7.7 HUGE-RR EXECUTION FEASIBILITY — SHADOW
======================================================================================================================
Confirmed direction states: 212

SKIP   ACEUSDT        insufficient closed history at confirmation
SKIP   ALICEUSDT      insufficient closed history at confirmation
SKIP   ALICEUSDT      insufficient closed history at confirmation
SKIP   HYPEUSDT       insufficient closed history at confirmation
SKIP   VELVETUSDT     insufficient closed history at confirmation
SKIP   VELVETUSDT     insufficient closed history at confirmation
SKIP   WLDUSDT        insufficient closed history at confirmation
SKIP   WLDUSDT        insufficient closed history at confirmation
SKIP   BRUSDT         insufficient closed history at confirmation
SKIP   CYSUSDT        insufficient closed history at confirmation
SKIP   ACUUSDT        insufficient closed history at confirmation
SKIP   AVNTUSDT       insufficient closed history at confirmation
SKIP   AVAXUSDT       insufficient closed history at confirmation
SKIP   ROBOUSDT       insufficient closed history at confirmation
SKIP   CAPUSDT        insufficient closed history at confirmation
SKIP   CAPUSDT        insufficient closed history at confirmation
SKIP   CAPUSDT        insufficient closed history at confirmation
SKIP   CAPUSDT        insufficient closed history at confirmation
SKIP   PUMPUSDT       insufficient closed history at confirmation
SKIP   WLFIUSDT       insufficient closed history at confirmation
SKIP   ALICEUSDT      insufficient closed history at confirmation
SKIP   CAPUSDT        insufficient closed history at confirmation
SKIP   BRUSDT         insufficient closed history at confirmation
SKIP   HYPEUSDT       insufficient closed history at confirmation
SKIP   NILUSDT        insufficient closed history at confirmation
SKIP   VELVETUSDT     insufficient closed history at confirmation
SKIP   COWUSDT        insufficient closed history at confirmation
SKIP   PUMPUSDT       insufficient closed history at confirmation
SKIP   AEONUSDT       insufficient closed history at confirmation
SKIP   FOLKSUSDT      insufficient closed history at confirmation
SKIP   PRLUSDT        insufficient closed history at confirmation
SKIP   AEONUSDT       insufficient closed history at confirmation
SKIP   DOLOUSDT       insufficient closed history at confirmation
SKIP   BTWUSDT        insufficient closed history at confirmation
SKIP   HUSDT          insufficient closed history at confirmation
SKIP   HYPEUSDT       insufficient closed history at confirmation
SKIP   WLDUSDT        insufficient closed history at confirmation
SKIP   WLDUSDT        insufficient closed history at confirmation
SKIP   WLDUSDT        insufficient closed history at confirmation
SKIP   WLDUSDT        insufficient closed history at confirmation
SKIP   AEONUSDT       insufficient closed history at confirmation
SKIP   BOMEUSDT       insufficient closed history at confirmation
SKIP   ROBOUSDT       insufficient closed history at confirmation
SKIP   VELVETUSDT     insufficient closed history at confirmation
SKIP   ONGUSDT        insufficient closed history at confirmation
SKIP   REDUSDT        insufficient closed history at confirmation
SKIP   REDUSDT        insufficient closed history at confirmation
SKIP   AIOUSDT        insufficient closed history at confirmation
SKIP   NILUSDT        insufficient closed history at confirmation
SKIP   PRLUSDT        insufficient closed history at confirmation
SKIP   PRLUSDT        insufficient closed history at confirmation
SKIP   VELVETUSDT     insufficient closed history at confirmation
SKIP   HUSDT          insufficient closed history at confirmation
SKIP   AEONUSDT       insufficient closed history at confirmation
SKIP   CHIPUSDT       insufficient closed history at confirmation
SKIP   PIXELUSDT      insufficient closed history at confirmation
SKIP   ACUUSDT        insufficient closed history at confirmation
SKIP   AIOUSDT        insufficient closed history at confirmation
SKIP   AIOUSDT        insufficient closed history at confirmation
SKIP   COWUSDT        insufficient closed history at confirmation
SKIP   PRLUSDT        insufficient closed history at confirmation
SKIP   BASEDUSDT      insufficient closed history at confirmation
SKIP   AEONUSDT       insufficient closed history at confirmation
SKIP   AIOUSDT        insufficient closed history at confirmation
SKIP   CHIPUSDT       insufficient closed history at confirmation
SKIP   NILUSDT        insufficient closed history at confirmation
SKIP   NILUSDT        insufficient closed history at confirmation
SKIP   CHIPUSDT       insufficient closed history at confirmation
SKIP   WLDUSDT        insufficient closed history at confirmation
SKIP   WLDUSDT        insufficient closed history at confirmation
SKIP   DOLOUSDT       insufficient closed history at confirmation
SKIP   BTWUSDT        insufficient closed history at confirmation
SKIP   BTWUSDT        insufficient closed history at confirmation
SKIP   CHIPUSDT       insufficient closed history at confirmation
SKIP   PRLUSDT        insufficient closed history at confirmation
SKIP   GPSUSDT        insufficient closed history at confirmation
SKIP   BTWUSDT        insufficient closed history at confirmation
SKIP   BTWUSDT        insufficient closed history at confirmation
SKIP   HUSDT          insufficient closed history at confirmation
SKIP   SOLUSDT        insufficient closed history at confirmation
SKIP   BTCUSDT        insufficient closed history at confirmation
SKIP   DIAUSDT        insufficient closed history at confirmation
SKIP   DIAUSDT        insufficient closed history at confirmation
SKIP   AEONUSDT       insufficient closed history at confirmation
SKIP   BTWUSDT        insufficient closed history at confirmation
SKIP   CHIPUSDT       insufficient closed history at confirmation
SKIP   CHIPUSDT       insufficient closed history at confirmation
SKIP   ETHUSDT        insufficient closed history at confirmation
SKIP   ETHUSDT        insufficient closed history at confirmation
SKIP   GPSUSDT        insufficient closed history at confirmation
SKIP   LINKUSDT       insufficient closed history at confirmation
SKIP   LINKUSDT       insufficient closed history at confirmation
SKIP   LINKUSDT       insufficient closed history at confirmation
SKIP   LINKUSDT       insufficient closed history at confirmation
SKIP   PUMPUSDT       insufficient closed history at confirmation
SKIP   PUMPUSDT       insufficient closed history at confirmation
SKIP   PUMPUSDT       insufficient closed history at confirmation
SKIP   BTWUSDT        insufficient closed history at confirmation
SKIP   GPSUSDT        insufficient closed history at confirmation
SKIP   LUMIAUSDT      insufficient closed history at confirmation
SKIP   HYPEUSDT       insufficient closed history at confirmation
SKIP   HYPEUSDT       insufficient closed history at confirmation
SKIP   HYPEUSDT       insufficient closed history at confirmation
SKIP   HYPEUSDT       insufficient closed history at confirmation
SKIP   HYPEUSDT       insufficient closed history at confirmation
SKIP   ONGUSDT        insufficient closed history at confirmation
SKIP   PUMPUSDT       insufficient closed history at confirmation
SKIP   GPSUSDT        insufficient closed history at confirmation
SKIP   ZECUSDT        insufficient closed history at confirmation
SKIP   ZECUSDT        insufficient closed history at confirmation
SKIP   ZECUSDT        insufficient closed history at confirmation
SKIP   ZECUSDT        insufficient closed history at confirmation
SKIP   ZECUSDT        insufficient closed history at confirmation
SKIP   BTCUSDT        insufficient closed history at confirmation
SKIP   BTCUSDT        insufficient closed history at confirmation
SKIP   BTCUSDT        insufficient closed history at confirmation
SKIP   LINKUSDT       insufficient closed history at confirmation
SKIP   LINKUSDT       insufficient closed history at confirmation
SKIP   ZECUSDT        insufficient closed history at confirmation
SKIP   PIEVERSEUSDT   insufficient closed history at confirmation
SKIP   SOLUSDT        insufficient closed history at confirmation
SKIP   AEONUSDT       insufficient closed history at confirmation
SKIP   OUSDT          insufficient closed history at confirmation
SKIP   1000RATSUSDT   insufficient closed history at confirmation
SKIP   BTCUSDT        insufficient closed history at confirmation
SKIP   ETHUSDT        insufficient closed history at confirmation
SKIP   SOLUSDT        insufficient closed history at confirmation
SKIP   ACEUSDT        insufficient closed history at confirmation
SKIP   ACEUSDT        insufficient closed history at confirmation
SKIP   ACEUSDT        insufficient closed history at confirmation
SKIP   ZECUSDT        insufficient closed history at confirmation
SKIP   HYPEUSDT       insufficient closed history at confirmation
SKIP   HYPEUSDT       insufficient closed history at confirmation
SKIP   ACUUSDT        insufficient closed history at confirmation
SKIP   REDUSDT        insufficient closed history at confirmation
SKIP   REDUSDT        insufficient closed history at confirmation
SKIP   ACEUSDT        insufficient closed history at confirmation
VVVUSDT        SHORT   entry=14.058       stop=14.30515     risk=  1.76% structRR=0.05   status=STRUCTURE_RR_LT_3
CAPUSDT        SHORT   entry=0.06924      stop=0.07190054   risk=  3.84% structRR=0.18   status=STRUCTURE_RR_LT_3
CAPUSDT        SHORT   entry=0.06924      stop=0.07190054   risk=  3.84% structRR=0.18   status=STRUCTURE_RR_LT_3
PUMPUSDT       LONG    entry=0.003373     stop=0.0032483728 risk=  3.69% structRR=0.18   status=STRUCTURE_RR_LT_3
TRXUSDT        LONG    entry=0.33733      stop=0.33404302   risk=  0.97% structRR=0.02   status=STRUCTURE_RR_LT_3
1000RATSUSDT   LONG    entry=0.04564      stop=0.043407066  risk=  4.89% structRR=0.03   status=STRUCTURE_RR_LT_3
AEONUSDT       SHORT   entry=0.0732       stop=0.077984261  risk=  6.54% structRR=0.15   status=STRUCTURE_RR_LT_3
AEONUSDT       SHORT   entry=0.0732       stop=0.077984261  risk=  6.54% structRR=0.15   status=STRUCTURE_RR_LT_3
ONGUSDT        SHORT   entry=0.05993      stop=0.061836507  risk=  3.18% structRR=0.28   status=STRUCTURE_RR_LT_3
ONGUSDT        SHORT   entry=0.05993      stop=0.061836507  risk=  3.18% structRR=0.28   status=STRUCTURE_RR_LT_3
MUBARAKUSDT    SHORT   entry=0.01931      stop=0.020383867  risk=  5.56% structRR=0.08   status=STRUCTURE_RR_LT_3
TREEUSDT       SHORT   entry=0.03558      stop=0.036214023  risk=  1.78% structRR=0.82   status=STRUCTURE_RR_LT_3
WLDUSDT        SHORT   entry=0.3564       stop=0.36826111   risk=  3.33% structRR=0.01   status=STRUCTURE_RR_LT_3
LAUSDT         LONG    entry=0.05773      stop=0.05595509   risk=  3.07% structRR=0.77   status=STRUCTURE_RR_LT_3
LAUSDT         LONG    entry=0.05773      stop=0.05595509   risk=  3.07% structRR=0.77   status=STRUCTURE_RR_LT_3
LAUSDT         LONG    entry=0.05773      stop=0.05595509   risk=  3.07% structRR=0.77   status=STRUCTURE_RR_LT_3
LAUSDT         LONG    entry=0.05773      stop=0.05595509   risk=  3.07% structRR=0.77   status=STRUCTURE_RR_LT_3
LAUSDT         LONG    entry=0.05773      stop=0.05595509   risk=  3.07% structRR=0.77   status=STRUCTURE_RR_LT_3
LAUSDT         LONG    entry=0.05773      stop=0.05595509   risk=  3.07% structRR=0.77   status=STRUCTURE_RR_LT_3
VVVUSDT        LONG    entry=14.618       stop=14.129067    risk=  3.34% structRR=0.70   status=STRUCTURE_RR_LT_3
VVVUSDT        LONG    entry=14.618       stop=14.129067    risk=  3.34% structRR=0.70   status=STRUCTURE_RR_LT_3
VVVUSDT        LONG    entry=14.618       stop=14.129067    risk=  3.34% structRR=0.70   status=STRUCTURE_RR_LT_3
WLFIUSDT       LONG    entry=0.06147      stop=0.060606325  risk=  1.41% structRR=0.78   status=STRUCTURE_RR_LT_3
XMRUSDT        LONG    entry=423.47       stop=414.21642    risk=  2.19% structRR=0.35   status=STRUCTURE_RR_LT_3
XMRUSDT        LONG    entry=423.47       stop=414.21642    risk=  2.19% structRR=0.35   status=STRUCTURE_RR_LT_3
1000RATSUSDT   SHORT   entry=0.04321      stop=0.045318383  risk=  4.88% structRR=0.19   status=STRUCTURE_RR_LT_3
ACUUSDT        SHORT   entry=0.12193      stop=0.13037573   risk=  6.93% structRR=0.41   status=STRUCTURE_RR_LT_3
NEARUSDT       LONG    entry=1.7614       stop=1.6993912    risk=  3.52% structRR=0.11   status=STRUCTURE_RR_LT_3
ONDOUSDT       LONG    entry=0.3586       stop=0.34856942   risk=  2.80% structRR=0.02   status=STRUCTURE_RR_LT_3
POLUSDT        LONG    entry=0.08239      stop=0.081243513  risk=  1.39% structRR=0.38   status=STRUCTURE_RR_LT_3
LAUSDT         LONG    entry=0.05835      stop=0.057531321  risk=  1.40% structRR=0.53   status=STRUCTURE_RR_LT_3
NEARUSDT       LONG    entry=1.7764       stop=1.7258002    risk=  2.85% structRR=0.06   status=STRUCTURE_RR_LT_3
OPUSDT         LONG    entry=0.0977       stop=0.094246046  risk=  3.54% structRR=0.06   status=STRUCTURE_RR_LT_3
WLDUSDT        LONG    entry=0.3718       stop=0.36287894   risk=  2.40% structRR=0.04   status=STRUCTURE_RR_LT_3
ZROUSDT        LONG    entry=0.8833       stop=0.86139028   risk=  2.48% structRR=0.33   status=STRUCTURE_RR_LT_3
AAVEUSDT       LONG    entry=98.8         stop=97.284444    risk=  1.53% structRR=0.39   status=STRUCTURE_RR_LT_3
LDOUSDT        LONG    entry=0.3403       stop=0.33291633   risk=  2.17% structRR=0.30   status=STRUCTURE_RR_LT_3
LINKUSDT       LONG    entry=10.746       stop=10.494894    risk=  2.34% structRR=0.18   status=STRUCTURE_RR_LT_3
NEARUSDT       LONG    entry=1.7718       stop=1.7497222    risk=  1.25% structRR=0.51   status=STRUCTURE_RR_LT_3
ONDOUSDT       LONG    entry=0.3596       stop=0.35202052   risk=  2.11% structRR=0.38   status=STRUCTURE_RR_LT_3
TREEUSDT       LONG    entry=0.03692      stop=0.03539252   risk=  4.14% structRR=0.16   status=STRUCTURE_RR_LT_3
TREEUSDT       LONG    entry=0.03692      stop=0.03539252   risk=  4.14% structRR=0.16   status=STRUCTURE_RR_LT_3
UNIUSDT        LONG    entry=3.815        stop=3.6916415    risk=  3.23% structRR=0.07   status=STRUCTURE_RR_LT_3
UNIUSDT        LONG    entry=3.815        stop=3.6916415    risk=  3.23% structRR=0.07   status=STRUCTURE_RR_LT_3
WLDUSDT        LONG    entry=0.3727       stop=0.36418879   risk=  2.28% structRR=0.66   status=STRUCTURE_RR_LT_3
LITUSDT        SHORT   entry=2.612        stop=2.723582     risk=  4.27% structRR=—      status=NO_STRUCTURAL_TARGET
LITUSDT        SHORT   entry=2.615        stop=2.723582     risk=  4.15% structRR=—      status=NO_STRUCTURAL_TARGET
BTWUSDT        LONG    entry=0.445816     stop=0.39822131   risk= 10.68% structRR=1.34   status=STRUCTURE_RR_LT_3
BTWUSDT        LONG    entry=0.445626     stop=0.39822131   risk= 10.64% structRR=1.35   status=STRUCTURE_RR_LT_3
MAGMAUSDT      LONG    entry=0.24205      stop=0.2311992    risk=  4.48% structRR=0.59   status=STRUCTURE_RR_LT_3
RENDERUSDT     LONG    entry=1.4117       stop=1.3992588    risk=  0.88% structRR=0.68   status=STRUCTURE_RR_LT_3
LDOUSDT        LONG    entry=0.3419       stop=0.33725909   risk=  1.36% structRR=0.45   status=STRUCTURE_RR_LT_3
REUSDT         LONG    entry=0.53881      stop=0.50556674   risk=  6.17% structRR=0.02   status=STRUCTURE_RR_LT_3
TRUMPUSDT      LONG    entry=1.703        stop=1.634161     risk=  4.04% structRR=0.16   status=STRUCTURE_RR_LT_3
TRUMPUSDT      LONG    entry=1.703        stop=1.634161     risk=  4.04% structRR=0.16   status=STRUCTURE_RR_LT_3
TRUMPUSDT      LONG    entry=1.698        stop=1.634161     risk=  3.76% structRR=0.25   status=STRUCTURE_RR_LT_3
USELESSUSDT    LONG    entry=0.05124      stop=0.048467293  risk=  5.41% structRR=0.20   status=STRUCTURE_RR_LT_3
ZECUSDT        LONG    entry=608.31       stop=565.55504    risk=  7.03% structRR=0.09   status=STRUCTURE_RR_LT_3
BRETTUSDT      LONG    entry=0.00497      stop=0.004687379  risk=  5.69% structRR=—      status=NO_STRUCTURAL_TARGET
HYPEUSDT       LONG    entry=75.766       stop=72.302114    risk=  4.57% structRR=0.11   status=STRUCTURE_RR_LT_3
INJUSDT        LONG    entry=4.985        stop=4.774842     risk=  4.22% structRR=0.06   status=STRUCTURE_RR_LT_3
INJUSDT        LONG    entry=4.986        stop=4.774842     risk=  4.24% structRR=0.05   status=STRUCTURE_RR_LT_3
LUMIAUSDT      LONG    entry=0.08691      stop=0.085404594  risk=  1.73% structRR=0.11   status=STRUCTURE_RR_LT_3
MONUSDT        LONG    entry=0.02837      stop=0.026925789  risk=  5.09% structRR=—      status=NO_STRUCTURAL_TARGET
ONDOUSDT       LONG    entry=0.3781       stop=0.36274939   risk=  4.06% structRR=—      status=NO_STRUCTURAL_TARGET
VVVUSDT        LONG    entry=16.258       stop=15.088458    risk=  7.19% structRR=0.12   status=STRUCTURE_RR_LT_3

======================================================================================================================
V7.7 EXECUTION SHADOW SUMMARY
======================================================================================================================
Confirmed direction states: 212
Execution snapshots: 66
Skipped: 146
Failures: 0
Supabase rows upserted: 66
Structure >=1:3: 0
Structure >=1:5: 0
Structure >=1:10: 0

IMPORTANT: V7.7 IS EXECUTION FEASIBILITY SHADOW ONLY.
3% / 5% / 10% are scenarios, not predicted targets.
No trade permission was generated.

V7.7 EXECUTION FEASIBILITY: PASS
