
======================================================================================================================
ALPHA HUNTER V7.9 FULL-UNIVERSE HOURLY LEDGER — SHADOW
======================================================================================================================
Observed: 2026-08-21T08:45:32.462698+00:00
Hour bucket: 2026-08-21T08:00:00+00:00
Contract tickers: 759
Rows attempted: 759
Deep-scan selected: 30
Selection snapshot: 2026-08-21T08:45:30.521804+00:00
Selection run ID: d12d7fa1a0a66706568d72b014a98655
Prefilter eligible: 372
Eligible not selected: 342
Non-crypto: 294
Low liquidity: 85
Over-extended: 8
Invalid price skipped: 0
Rows purged >7d: 0

TOP ABSOLUTE 24H MOVERS
SYMBOL                  24H    ELIG    SCAN  STATUS
------------------------------------------------------------------------
NEIROCTOUSDT        +52.19%       N       N  OVER_EXTENDED
PEOPLEUSDT          +50.58%       N       N  OVER_EXTENDED
ENAUSDT             +42.97%       N       N  OVER_EXTENDED
PROMUSDT            +34.35%       N       N  OVER_EXTENDED
BOMEUSDT            +33.92%       N       N  OVER_EXTENDED
ACEUSDT             +31.64%       N       N  OVER_EXTENDED
ONGUSDT             +29.56%       N       N  OVER_EXTENDED
GALAUSDT            +26.09%       N       N  OVER_EXTENDED
XPINUSDT            +24.69%       Y       N  ELIGIBLE_NOT_SELECTED
BTWUSDT             +24.59%       Y       N  ELIGIBLE_NOT_SELECTED
SSVUSDT             +24.29%       Y       N  ELIGIBLE_NOT_SELECTED
SPKUSDT             +23.92%       Y       N  ELIGIBLE_NOT_SELECTED
BCHUSDT             +22.58%       Y       N  ELIGIBLE_NOT_SELECTED
TURBOUSDT           +21.05%       Y       N  ELIGIBLE_NOT_SELECTED
CROSSUSDT           +20.51%       Y       N  ELIGIBLE_NOT_SELECTED

IMPORTANT: V7.9 IS MEASUREMENT/AUDIT ONLY.
Same-hour reruns do not overwrite the first stored universe snapshot.
Raw universe evidence is retained for 7 days.
No trade permission was generated.

V7.9 FULL-UNIVERSE LEDGER: PASS
