
ALPHA HUNTER V7.1 — 2026-08-20T12:56:19.714238+00:00

Universe: 30 deep-scanned of 759 contracts
Eligible after prefilter: 378
Non-crypto rejected: 294

SYMBOL                  PHASE    TIME   BEHAV                     STATE      RR   DISC  TRADE
---------------------------------------------------------------------------------------------
GPSUSDT             BREAKDOWN   EARLY    6.43  DIRECTION_EMERGING_SHORT    0.06     NO     NO
BRUSDT            COMPRESSION    FAIR    5.77                WATCH_LONG       —    YES     NO
XLMUSDT        DISTRIBUTION_RISK    FAIR    5.71   DIRECTION_EMERGING_LONG    0.03     NO     NO
CAPUSDT           COMPRESSION   EARLY    4.94                   NEUTRAL       —     NO     NO
TRIAUSDT          COMPRESSION   EARLY    4.81                   NEUTRAL       —     NO     NO
TURBOUSDT      DISTRIBUTION_RISK    FAIR    4.69   DIRECTION_EMERGING_LONG    0.00     NO     NO
ONGUSDT           COMPRESSION   EARLY    4.59                   NEUTRAL       —     NO     NO
TRXUSDT              IGNITION   EARLY    4.39   DIRECTION_EMERGING_LONG    0.09     NO     NO
1000RATSUSDT     ACCUMULATION    FAIR    4.33   DIRECTION_EMERGING_LONG    0.30     NO     NO
PENGUUSDT      EXPANSION_MANAGEMENT    FAIR    4.30                WATCH_LONG       —     NO     NO
1000BONKUSDT   DISTRIBUTION_RISK    FAIR    4.26   DIRECTION_EMERGING_LONG    0.06     NO     NO
MEWUSDT        DISTRIBUTION_RISK    FAIR    4.19   DIRECTION_EMERGING_LONG    0.01     NO     NO
WLDUSDT          ACCUMULATION    FAIR    4.08                   NEUTRAL       —     NO     NO
BICOUSDT          COMPRESSION   EARLY    3.95                WATCH_LONG       —     NO     NO
THETAUSDT      DISTRIBUTION_RISK    FAIR    3.73   DIRECTION_EMERGING_LONG    0.00     NO     NO
MELANIAUSDT          IGNITION    FAIR    3.72   DIRECTION_EMERGING_LONG    0.07     NO     NO
BTCUSDT          ACCUMULATION    FAIR    3.65                WATCH_LONG       —     NO     NO
JCTUSDT          ACCUMULATION    FAIR    3.56                   NEUTRAL       —     NO     NO
RPLUSDT          ACCUMULATION    FAIR    3.50                   NEUTRAL       —     NO     NO
CCUSDT           ACCUMULATION    FAIR    3.46                WATCH_LONG       —     NO     NO
VVVUSDT           COMPRESSION   EARLY    3.46                   NEUTRAL       —     NO     NO
1000SATSUSDT     ACCUMULATION    FAIR    3.45                WATCH_LONG       —     NO     NO
BANKUSDT          COMPRESSION   EARLY    3.35                   NEUTRAL       —     NO     NO
VELVETUSDT       ACCUMULATION   EARLY    3.17                   NEUTRAL       —     NO     NO
CRVUSDT          ACCUMULATION    FAIR    3.15                   NEUTRAL       —     NO     NO
CROUSDT          ACCUMULATION    FAIR    3.06                WATCH_LONG       —     NO     NO
WLFIUSDT         ACCUMULATION   EARLY    2.93                WATCH_LONG       —     NO     NO
BLESSUSDT        ACCUMULATION   EARLY    2.67                   NEUTRAL       —     NO     NO
ARBUSDT          ACCUMULATION    FAIR    2.51                   NEUTRAL       —     NO     NO
XMRUSDT          ACCUMULATION   EARLY    2.35                   NEUTRAL       —     NO     NO

V7.4 PRE-MOVE SURVEILLANCE
Eligible: 6 | Primary: 5 | Reserve: 1

PRIMARY
 1 CAPUSDT        REVERSAL       12.89 state=NEUTRAL
 2 ONGUSDT        REVERSAL       12.73 state=NEUTRAL
 3 VVVUSDT        REVERSAL       12.39 state=NEUTRAL
 4 WLDUSDT        CONTINUATION   10.80 state=NEUTRAL
 5 WLFIUSDT       REVERSAL       10.57 state=WATCH_LONG

RESERVE
 6 BRUSDT         CONTINUATION    9.82 state=WATCH_LONG

Run ID: 364cee16eab3f2337d19f371c2719cae
Snapshot saved: /home/runner/work/Alpha-Hunter/Alpha-Hunter/data/snapshots/snapshot-20260820T125619Z.json
State history: /home/runner/work/Alpha-Hunter/Alpha-Hunter/data/state-history.jsonl
Supabase: SAVED
Qualified discovery candidates: 1
EARLY candidates: 0
V7 Trade Ready: 0
Bitget private API: NOT_CONFIGURED
