V7.4 HOURLY PERFORMANCE TRACKER
Run ID: 364cee16eab3f2337d19f371c2719cae

V7.4.1 SHADOW REVERSAL
 SH SYMBOL           V74     OLD   SHADOW
--------------------------------------------------
  1 ONGUSDT            2   12.73    11.77
  2 CAPUSDT            1   12.89     8.79
  3 VVVUSDT            3   12.39     7.74
  4 WLFIUSDT           5   10.57     5.81
PERFORMANCE SIGNALS SAVED: 30
FEATURE ROWS SAVED: 30
V7.4 OUTCOMES 1H: saved=10 failed=0
V7.4 OUTCOMES 4H: saved=12 failed=0
V7.4 OUTCOMES 12H: saved=4 failed=0
V7.4 OUTCOMES 24H: saved=13 failed=0
OUTCOME EVALUATION COMPLETE: saved=39 failed=0

==========================================================================================
V7.4 CURRENT SURVEILLANCE COHORT
==========================================================================================
RANK SYMBOL         TIER      PATH            SCORE STATE
------------------------------------------------------------------------------------------
   1 CAPUSDT        PRIMARY   REVERSAL        12.89 NEUTRAL
   2 ONGUSDT        PRIMARY   REVERSAL        12.73 NEUTRAL
   3 VVVUSDT        PRIMARY   REVERSAL        12.39 NEUTRAL
   4 WLDUSDT        PRIMARY   CONTINUATION    10.80 NEUTRAL
   5 WLFIUSDT       PRIMARY   REVERSAL        10.57 WATCH_LONG
   6 BRUSDT         RESERVE   CONTINUATION     9.82 WATCH_LONG

================================================================================================================================
V7.4 FORWARD PERFORMANCE — RAW PRICE EXPANSION
================================================================================================================================

PRIMARY / RESERVE + PATH
  H TIER      PATH              N    POS%   AVG RAW   AVG ABS    EXP3%    EXP5%   EXP10%    UP5%    DN5%
--------------------------------------------------------------------------------------------------------------------------------
  1 PRIMARY   CONTINUATION     29   51.7%    0.145%    2.048%    24.1%     3.4%     0.0%    3.4%    0.0%
  1 PRIMARY   REVERSAL         85   55.3%    0.158%    2.079%    22.4%    12.9%     0.0%    3.5%    9.4%
  1 RESERVE   CONTINUATION      4   50.0%    1.203%    2.091%    25.0%     0.0%     0.0%    0.0%    0.0%
  1 RESERVE   REVERSAL          2  100.0%    1.337%    1.337%     0.0%     0.0%     0.0%    0.0%    0.0%
  4 PRIMARY   CONTINUATION     23   34.8%    0.988%    3.413%    52.2%    17.4%     8.7%   17.4%    0.0%
  4 PRIMARY   REVERSAL         73   57.5%    0.481%    3.246%    34.2%    19.2%     5.5%   11.0%    8.2%
  4 RESERVE   CONTINUATION      4   50.0%    4.190%    5.973%    75.0%    25.0%    25.0%   25.0%    0.0%
  4 RESERVE   REVERSAL          2  100.0%    0.886%    0.886%     0.0%     0.0%     0.0%    0.0%    0.0%
 12 PRIMARY   CONTINUATION     17   29.4%    1.066%    3.820%    41.2%    29.4%     5.9%   23.5%    5.9%
 12 PRIMARY   REVERSAL         45   55.6%    1.616%    3.959%    40.0%    31.1%    13.3%   22.2%    8.9%
 12 RESERVE   CONTINUATION      3  100.0%    9.009%    9.009%    66.7%    66.7%    33.3%   66.7%    0.0%

RANK QUALITY
  H RANK BUCKET         N    POS%   AVG RAW   AVG ABS    EXP3%    EXP5%   EXP10%    UP5%    DN5%
----------------------------------------------------------------------------------------------------------------
  1 TOP_1_3            88   48.9%   -0.144%    2.094%    21.6%    11.4%     0.0%    2.3%    9.1%
  1 TOP_4_5            26   73.1%    1.165%    1.996%    26.9%     7.7%     0.0%    7.7%    0.0%
  1 RESERVE_6_10        6   66.7%    1.247%    1.840%    16.7%     0.0%     0.0%    0.0%    0.0%
  4 TOP_1_3            76   47.4%    0.175%    3.363%    39.5%    21.1%     6.6%   13.2%    7.9%
  4 TOP_4_5            20   70.0%    2.226%    2.994%    35.0%    10.0%     5.0%   10.0%    0.0%
  4 RESERVE_6_10        6   66.7%    3.089%    4.277%    50.0%    16.7%    16.7%   16.7%    0.0%
 12 TOP_1_3            50   46.0%    0.784%    3.633%    44.0%    32.0%     8.0%   22.0%   10.0%
 12 TOP_4_5            12   58.3%    4.300%    5.120%    25.0%    25.0%    25.0%   25.0%    0.0%
 12 RESERVE_6_10        3  100.0%    9.009%    9.009%    66.7%    66.7%    33.3%   66.7%    0.0%

Metric definitions:
AVG RAW = average raw market return from detection price.
AVG ABS = average absolute price movement regardless of direction.
EXP3/5/10 = percentage of candidates moving at least 3% / 5% / 10% in either direction.
UP5 = raw upside move >= +5%; DN5 = raw downside move <= -5%.
No V7.4 trade-direction assumption is used in these metrics.

V7.4 TRACKING JOB: PASS
