V7.5 state restored from Supabase: 192

ALPHA HUNTER V7.5 OPPORTUNITY LIFECYCLE
Run ID: 364cee16eab3f2337d19f371c2719cae
Timestamp: 2026-08-20T12:56:19.714238+00:00
Lifecycle candidates: 6

NEW    BRUSDT         CONTINUATION  state=PRE_MOVE_DETECTED    det=1   v74= 9.82 rank=6 shadow= 0.00 provisional=ACTIVE final=PENDING
NEW    CAPUSDT        REVERSAL      state=PRE_MOVE_DETECTED    det=1   v74=12.89 rank=1 shadow= 8.79 provisional=ACTIVE final=PENDING
UPDATE ONGUSDT        REVERSAL      state=PRE_MOVE_DETECTED    det=2   v74=10.82 rank=1 shadow= 9.33 provisional=ACTIVE final=PENDING
NEW    WLDUSDT        CONTINUATION  state=PRE_MOVE_DETECTED    det=1   v74=10.80 rank=4 shadow= 0.00 provisional=ACTIVE final=PENDING
NEW    VVVUSDT        REVERSAL      state=PRE_MOVE_DETECTED    det=1   v74=12.39 rank=3 shadow= 7.74 provisional=ACTIVE final=PENDING
UPDATE WLFIUSDT       REVERSAL      state=PRE_MOVE_DETECTED    det=2   v74=10.72 rank=2 shadow= 5.82 provisional=ACTIVE final=PENDING

Supabase lifecycle rows upserted: 196
Supabase lifecycle row count: 196

====================================================================================================
V7.5 LIFECYCLE SUMMARY
====================================================================================================
Episodes stored: 196
Created this run: 4
Updated this run: 2
Active episodes: 196

STATE COUNTS
DIRECTION_EMERGING       14
EXPANSION                1
FINALIZED                136
PRE_MOVE_DETECTED        45

State file: /home/runner/work/Alpha-Hunter/Alpha-Hunter/data/v75-lifecycle-episodes.json
History file: /home/runner/work/Alpha-Hunter/Alpha-Hunter/data/v75-lifecycle-history.jsonl

V7.5 LIFECYCLE JOB: PASS
