
==============================================================================================================
ALPHA HUNTER V7.5 INDEPENDENT EPISODE MARKET TRACKER
==============================================================================================================
Episodes stored: 196
Active episodes: 60

ADAUSDT        REVERSAL      now=   -2.98% UP=    0.00% DOWN=  -12.70% 3=Y 5=Y 10=Y checks=59
DOGEUSDT       CONTINUATION  now=    9.57% UP=   10.16% DOWN=   -2.32% 3=Y 5=Y 10=Y checks=59
SKYAIUSDT      REVERSAL      now=  -31.36% UP=    0.00% DOWN=  -53.06% 3=Y 5=Y 10=Y checks=59
SOLUSDT        CONTINUATION  now=   12.77% UP=   14.08% DOWN=   -4.13% 3=Y 5=Y 10=Y checks=59
SUIUSDT        CONTINUATION  now=    2.95% UP=    4.72% DOWN=   -7.92% 3=Y 5=Y 10=- checks=59
COOKIEUSDT     CONTINUATION  now=  -10.96% UP=    0.00% DOWN=  -19.43% 3=Y 5=Y 10=Y checks=59
BTWUSDT        CONTINUATION  now=   85.61% UP=  268.12% DOWN=    0.00% 3=Y 5=Y 10=Y checks=59
CYSUSDT        CONTINUATION  now=  -45.17% UP=   78.38% DOWN=  -50.85% 3=Y 5=Y 10=Y checks=59
GWEIUSDT       REVERSAL      now=    2.48% UP=   17.67% DOWN=   -7.43% 3=Y 5=Y 10=Y checks=59
BICOUSDT       REVERSAL      now=  -63.09% UP=    0.00% DOWN=  -66.13% 3=Y 5=Y 10=Y checks=59
SUIUSDT        CONTINUATION  now=    4.19% UP=    5.97% DOWN=   -6.82% 3=Y 5=Y 10=- checks=59
MMTUSDT        REVERSAL      now=  -12.38% UP=    0.00% DOWN=  -20.84% 3=Y 5=Y 10=Y checks=59
IOTXUSDT       REVERSAL      now=   -4.47% UP=    0.00% DOWN=  -11.34% 3=Y 5=Y 10=Y checks=59
FORMUSDT       REVERSAL      now=   11.05% UP=   15.20% DOWN=   -7.88% 3=Y 5=Y 10=Y checks=59
JTOUSDT        REVERSAL      now=    4.24% UP=    8.18% DOWN=   -2.16% 3=Y 5=Y 10=- checks=59
4USDT          REVERSAL      now=  -12.57% UP=    0.00% DOWN=  -22.21% 3=Y 5=Y 10=Y checks=59
MUBARAKUSDT    REVERSAL      now=   -1.05% UP=   25.90% DOWN=  -24.10% 3=Y 5=Y 10=Y checks=59
PUMPUSDT       REVERSAL      now=   18.84% UP=   22.87% DOWN=   -5.65% 3=Y 5=Y 10=Y checks=59
HYPEUSDT       REVERSAL      now=   27.42% UP=   31.44% DOWN=   -0.62% 3=Y 5=Y 10=Y checks=59
ACUUSDT        REVERSAL      now=    6.69% UP=   29.06% DOWN=   -4.40% 3=Y 5=Y 10=Y checks=59
BTWUSDT        CONTINUATION  now=   24.56% UP=  146.86% DOWN=  -15.23% 3=Y 5=Y 10=Y checks=59
AEONUSDT       CONTINUATION  now=    2.33% UP=   28.99% DOWN=   -6.91% 3=Y 5=Y 10=Y checks=59
LINKUSDT       CONTINUATION  now=   11.53% UP=   14.63% DOWN=    0.00% 3=Y 5=Y 10=Y checks=16
OUSDT          CONTINUATION  now=   -4.59% UP=    1.24% DOWN=   -6.18% 3=Y 5=Y 10=- checks=16
HYPEUSDT       REVERSAL      now=   22.08% UP=   25.96% DOWN=   -1.10% 3=Y 5=Y 10=Y checks=16
ZECUSDT        REVERSAL      now=   12.80% UP=   15.05% DOWN=   -0.72% 3=Y 5=Y 10=Y checks=16
1000RATSUSDT   REVERSAL      now=    8.10% UP=    9.83% DOWN=   -4.96% 3=Y 5=Y 10=- checks=11
ETHUSDT        CONTINUATION  now=   19.25% UP=   21.67% DOWN=   -0.01% 3=Y 5=Y 10=Y checks=11
BTCUSDT        CONTINUATION  now=   11.53% UP=   12.41% DOWN=   -0.08% 3=Y 5=Y 10=Y checks=11
AEONUSDT       REVERSAL      now=   -8.91% UP=    5.43% DOWN=   -9.74% 3=Y 5=Y 10=- checks=11
REDUSDT        REVERSAL      now=   22.25% UP=   35.87% DOWN=   -1.25% 3=Y 5=Y 10=Y checks=11
SOLUSDT        CONTINUATION  now=   12.31% UP=   13.63% DOWN=   -0.19% 3=Y 5=Y 10=Y checks=11
ZECUSDT        CONTINUATION  now=   10.98% UP=   13.17% DOWN=   -0.73% 3=Y 5=Y 10=Y checks=10
ACEUSDT        REVERSAL      now=    9.04% UP=   11.98% DOWN=  -13.85% 3=Y 5=Y 10=Y checks=10
ACUUSDT        CONTINUATION  now=   -6.71% UP=   12.85% DOWN=   -8.37% 3=Y 5=Y 10=Y checks=8
LAUSDT         CONTINUATION  now=   -3.04% UP=    0.00% DOWN=   -5.57% 3=Y 5=Y 10=- checks=7
VVVUSDT        REVERSAL      now=    1.20% UP=    6.66% DOWN=   -0.21% 3=Y 5=Y 10=- checks=7
CAPUSDT        REVERSAL      now=   -1.76% UP=    2.43% DOWN=   -4.18% 3=Y 5=- 10=- checks=6
LAUSDT         CONTINUATION  now=    0.28% UP=    1.97% DOWN=   -2.33% 3=- 5=- 10=- checks=6
ACEUSDT        REVERSAL      now=   17.83% UP=   21.00% DOWN=   -6.91% 3=Y 5=Y 10=Y checks=6
OPNUSDT        REVERSAL      now=   -0.38% UP=    1.95% DOWN=   -2.15% 3=- 5=- 10=- checks=5
POLUSDT        CONTINUATION  now=    0.40% UP=    1.10% DOWN=   -0.88% 3=- 5=- 10=- checks=5
PUMPUSDT       CONTINUATION  now=    9.32% UP=   13.13% DOWN=   -0.32% 3=Y 5=Y 10=Y checks=5
LAUSDT         REVERSAL      now=    0.25% UP=    1.98% DOWN=   -2.32% 3=- 5=- 10=- checks=5
TRXUSDT        REVERSAL      now=    1.42% UP=    1.60% DOWN=    0.00% 3=- 5=- 10=- checks=4
ONGUSDT        CONTINUATION  now=   -3.20% UP=    3.73% DOWN=   -4.60% 3=Y 5=- 10=- checks=4
AEONUSDT       REVERSAL      now=   -9.72% UP=    0.20% DOWN=  -10.54% 3=Y 5=Y 10=Y checks=3
CAPUSDT        REVERSAL      now=    0.55% UP=    4.34% DOWN=   -1.92% 3=Y 5=- 10=- checks=3
LAUSDT         REVERSAL      now=    2.39% UP=    2.94% DOWN=    0.00% 3=- 5=- 10=- checks=3
VVVUSDT        REVERSAL      now=    0.66% UP=    1.80% DOWN=   -0.75% 3=- 5=- 10=- checks=3
XMRUSDT        REVERSAL      now=    1.14% UP=    1.81% DOWN=   -0.04% 3=- 5=- 10=- checks=3
WLFIUSDT       REVERSAL      now=    1.15% UP=    1.20% DOWN=   -0.07% 3=- 5=- 10=- checks=2
XMRUSDT        REVERSAL      now=   -0.12% UP=    0.53% DOWN=   -0.27% 3=- 5=- 10=- checks=2
LAUSDT         CONTINUATION  now=    1.49% UP=    1.60% DOWN=   -0.60% 3=- 5=- 10=- checks=2
ONGUSDT        REVERSAL      now=   -0.12% UP=    0.65% DOWN=   -1.60% 3=- 5=- 10=- checks=2
1000RATSUSDT   CONTINUATION  now=    1.24% UP=    2.60% DOWN=   -1.75% 3=- 5=- 10=- checks=2
BRUSDT         CONTINUATION  now=   -0.24% UP=    0.00% DOWN=   -0.24% 3=- 5=- 10=- checks=1
CAPUSDT        REVERSAL      now=    0.03% UP=    0.03% DOWN=    0.00% 3=- 5=- 10=- checks=1
WLDUSDT        CONTINUATION  now=    0.17% UP=    0.17% DOWN=    0.00% 3=- 5=- 10=- checks=1
VVVUSDT        REVERSAL      now=    0.00% UP=    0.00% DOWN=   -0.02% 3=- 5=- 10=- checks=1

==============================================================================================================
TRACKER SUMMARY
==============================================================================================================
Checked: 60
Failed: 0
Supabase rows upserted: 196
3% episodes: 152
5% episodes: 142
10% episodes: 105

V7.5 EPISODE MARKET TRACKER: PASS
