
======================================================================================================================
ALPHA HUNTER V7.6 DIRECTION-PROOF ENGINE — SHADOW
======================================================================================================================
Eligible forward episodes: 36

SYMBOL         PATH          DIR         CONF   LONG   SHORT       15M        1H
----------------------------------------------------------------------------------------------------------------------
LINKUSDT       CONTINUATION  UNKNOWN     0.0%   3.50    1.00     MIXED   BULLISH
OUSDT          CONTINUATION  SHORT      68.8%   0.00    5.50   BEARISH   BEARISH
HYPEUSDT       REVERSAL      UNKNOWN     0.0%   1.50    3.50   BEARISH     MIXED
ZECUSDT        REVERSAL      LONG      100.0%   8.00    0.00   BULLISH   BULLISH
1000RATSUSDT   REVERSAL      LONG      100.0%   8.00    0.00   BULLISH   BULLISH
ETHUSDT        CONTINUATION  LONG       65.0%   5.50    1.00   BULLISH   BULLISH
BTCUSDT        CONTINUATION  LONG       52.5%   4.50    1.00   BULLISH   BULLISH
AEONUSDT       REVERSAL      SHORT     100.0%   0.00    8.00   BEARISH   BEARISH
REDUSDT        REVERSAL      SHORT      62.5%   0.00    5.00   BEARISH     MIXED
SOLUSDT        CONTINUATION  UNKNOWN     0.0%   3.00    1.00   BULLISH   BULLISH
ACUUSDT        CONTINUATION  SHORT     100.0%   0.00    8.00   BEARISH   BEARISH
LAUSDT         CONTINUATION  LONG       68.8%   5.50    0.00   BULLISH   BULLISH
VVVUSDT        REVERSAL      UNKNOWN     0.0%   1.00    3.00     MIXED   BEARISH
CAPUSDT        REVERSAL      SHORT      52.5%   1.00    4.50   BEARISH   BEARISH
LAUSDT         CONTINUATION  LONG       68.8%   5.50    0.00   BULLISH   BULLISH
ACEUSDT        REVERSAL      LONG       87.5%   7.00    0.00   BULLISH   BULLISH
OPNUSDT        REVERSAL      LONG       56.2%   4.50    0.00   BULLISH     MIXED
POLUSDT        CONTINUATION  LONG       52.5%   4.50    1.00   BULLISH   BULLISH
PUMPUSDT       CONTINUATION  LONG       58.8%   5.00    1.00     MIXED   BULLISH
LAUSDT         REVERSAL      LONG       68.8%   5.50    0.00   BULLISH   BULLISH
TRXUSDT        REVERSAL      LONG       56.2%   4.50    0.00   BULLISH   BULLISH
ONGUSDT        CONTINUATION  SHORT      71.2%   1.00    6.00   BEARISH   BEARISH
AEONUSDT       REVERSAL      SHORT     100.0%   0.00    8.00   BEARISH   BEARISH
CAPUSDT        REVERSAL      SHORT      52.5%   1.00    4.50   BEARISH   BEARISH
LAUSDT         REVERSAL      LONG       68.8%   5.50    0.00   BULLISH   BULLISH
VVVUSDT        REVERSAL      UNKNOWN     0.0%   1.00    3.00     MIXED   BEARISH
XMRUSDT        REVERSAL      UNKNOWN     0.0%   1.50    0.00     MIXED     MIXED
WLFIUSDT       REVERSAL      LONG       56.2%   4.50    0.00   BULLISH     MIXED
XMRUSDT        REVERSAL      UNKNOWN     0.0%   1.50    0.00     MIXED     MIXED
LAUSDT         CONTINUATION  LONG       68.8%   5.50    0.00   BULLISH   BULLISH
ONGUSDT        REVERSAL      SHORT      71.2%   1.00    6.00   BEARISH   BEARISH
1000RATSUSDT   CONTINUATION  LONG      100.0%   8.00    0.00   BULLISH   BULLISH
BRUSDT         CONTINUATION  UNKNOWN     0.0%   1.50    3.50     MIXED     MIXED
CAPUSDT        REVERSAL      SHORT      52.5%   1.00    4.50   BEARISH   BEARISH
WLDUSDT        CONTINUATION  UNKNOWN     0.0%   0.00    2.00   BEARISH     MIXED
VVVUSDT        REVERSAL      UNKNOWN     0.0%   1.00    3.00     MIXED   BEARISH

======================================================================================================================
V7.6 SHADOW SUMMARY
======================================================================================================================
Evaluated: 36
LONG: 16
SHORT: 10
UNKNOWN: 10
Failures: 0
Supabase shadow rows saved: 36
Direction state rows saved: 36
Immutable transition rows saved: 36
Transition run ID: cloud5d-20260820T125521Z
Direction emerging: 13
Direction confirmed: 13
Lost confirmation: 1

IMPORTANT: V7.6 IS SHADOW ONLY.
No trade permission was generated.

V7.6 DIRECTION SHADOW: PASS
