
======================================================================================================================
ALPHA HUNTER V7.9 FULL-UNIVERSE HOURLY LEDGER — SHADOW
======================================================================================================================
Observed: 2026-08-20T12:56:21.701887+00:00
Hour bucket: 2026-08-20T12:00:00+00:00
Contract tickers: 759
Rows attempted: 759
Deep-scan selected: 30
Selection snapshot: 2026-08-20T12:56:19.714238+00:00
Selection run ID: 364cee16eab3f2337d19f371c2719cae
Prefilter eligible: 378
Eligible not selected: 348
Non-crypto: 294
Low liquidity: 78
Over-extended: 9
Invalid price skipped: 0
Rows purged >7d: 0

TOP ABSOLUTE 24H MOVERS
SYMBOL                  24H    ELIG    SCAN  STATUS
------------------------------------------------------------------------
BOMEUSDT            +62.90%       N       N  OVER_EXTENDED
MSTUUSDT            +43.48%       N       N  NON_CRYPTO
BTWUSDT             -38.71%       N       N  OVER_EXTENDED
MAGMAUSDT           +34.52%       N       N  OVER_EXTENDED
NEIROCTOUSDT        +32.89%       N       N  OVER_EXTENDED
BEATUSDT            -29.76%       N       N  OVER_EXTENDED
USELESSUSDT         +29.73%       N       N  OVER_EXTENDED
CONLUSDT            +28.97%       N       N  NON_CRYPTO
PRLUSDT             -25.86%       N       N  OVER_EXTENDED
PNUTUSDT            +25.09%       N       N  OVER_EXTENDED
REUSDT              +25.09%       N       N  OVER_EXTENDED
REDUSDT             +23.17%       Y       N  ELIGIBLE_NOT_SELECTED
BRETTUSDT           +22.79%       Y       N  ELIGIBLE_NOT_SELECTED
ORDIUSDT            +22.40%       Y       N  ELIGIBLE_NOT_SELECTED
METUSDT             +21.20%       Y       N  ELIGIBLE_NOT_SELECTED

IMPORTANT: V7.9 IS MEASUREMENT/AUDIT ONLY.
Same-hour reruns do not overwrite the first stored universe snapshot.
Raw universe evidence is retained for 7 days.
No trade permission was generated.

V7.9 FULL-UNIVERSE LEDGER: PASS
