
ALPHA HUNTER V7.1 — 2026-08-17T16:32:16.899277+00:00

Universe: 27 deep-scanned of 759 contracts
Eligible after prefilter: 308
Non-crypto rejected: 290

SYMBOL                  PHASE    TIME   BEHAV                     STATE      RR   DISC  TRADE
---------------------------------------------------------------------------------------------
AEONUSDT            EXPANSION    LATE    7.08   DIRECTION_EMERGING_LONG    0.23     NO     NO
BICOUSDT            BREAKDOWN    FAIR    5.54  DIRECTION_EMERGING_SHORT    0.10     NO     NO
ROBOUSDT            BREAKDOWN    FAIR    5.09  DIRECTION_EMERGING_SHORT    0.10     NO     NO
AIOUSDT             BREAKDOWN    FAIR    4.82               WATCH_SHORT       —     NO     NO
STBLUSDT         ACCUMULATION    FAIR    4.80   DIRECTION_EMERGING_LONG    0.28     NO     NO
BEATUSDT            EXPANSION    LATE    4.79               WATCH_SHORT       —     NO     NO
BSBUSDT             BREAKDOWN    FAIR    4.23  DIRECTION_EMERGING_SHORT    0.34     NO     NO
PRLUSDT             BREAKDOWN    FAIR    4.19               WATCH_SHORT       —     NO     NO
COWUSDT             BREAKDOWN    FAIR    4.04  DIRECTION_EMERGING_SHORT    0.03     NO     NO
CHIPUSDT         ACCUMULATION   EARLY    4.00                   NEUTRAL       —     NO     NO
REUSDT              BREAKDOWN   EARLY    3.94  DIRECTION_EMERGING_SHORT    0.17     NO     NO
WLDUSDT           COMPRESSION   EARLY    3.86                   NEUTRAL       —     NO     NO
TLMUSDT             BREAKDOWN    FAIR    3.58  DIRECTION_EMERGING_SHORT    0.24     NO     NO
BTWUSDT          ACCUMULATION    FAIR    3.57                   NEUTRAL       —     NO     NO
ADAUSDT          ACCUMULATION   EARLY    3.40                   NEUTRAL       —     NO     NO
LINKUSDT         ACCUMULATION   EARLY    3.36                WATCH_LONG       —     NO     NO
ZECUSDT          ACCUMULATION   EARLY    3.07   DIRECTION_EMERGING_LONG    0.24     NO     NO
BTCUSDT          ACCUMULATION   EARLY    2.85                WATCH_LONG       —     NO     NO
SQDUSDT             BREAKDOWN    FAIR    2.63  DIRECTION_EMERGING_SHORT    0.05     NO     NO
SOLUSDT          ACCUMULATION   EARLY    2.61                WATCH_LONG       —     NO     NO
ETHUSDT          ACCUMULATION   EARLY    2.56                WATCH_LONG       —     NO     NO
FIGHTUSDT           BREAKDOWN    FAIR    2.54  DIRECTION_EMERGING_SHORT    0.05     NO     NO
BLESSUSDT        ACCUMULATION   EARLY    2.42               WATCH_SHORT       —     NO     NO
HYPEUSDT         ACCUMULATION   EARLY    2.30                WATCH_LONG       —     NO     NO
SUIUSDT          ACCUMULATION   EARLY    2.30                   NEUTRAL       —     NO     NO
XRPUSDT          ACCUMULATION   EARLY    2.12                   NEUTRAL       —     NO     NO
DOGEUSDT         ACCUMULATION   EARLY    2.11                WATCH_LONG       —     NO     NO

V7.4 PRE-MOVE SURVEILLANCE
Eligible: 4 | Primary: 4 | Reserve: 0

PRIMARY
 1 AIOUSDT        REVERSAL       12.59 state=WATCH_SHORT
 2 PRLUSDT        REVERSAL       11.69 state=WATCH_SHORT
 3 BTWUSDT        REVERSAL       11.52 state=NEUTRAL
 4 WLDUSDT        REVERSAL       11.13 state=NEUTRAL

Run ID: 00b474477d39a53b0f8e4875d5ab9cb6
Snapshot saved: /home/runner/work/Alpha-Hunter/Alpha-Hunter/data/snapshots/snapshot-20260817T163216Z.json
State history: /home/runner/work/Alpha-Hunter/Alpha-Hunter/data/state-history.jsonl
Supabase: SAVED
Qualified discovery candidates: 0
EARLY candidates: 0
V7 Trade Ready: 0
Bitget private API: NOT_CONFIGURED
