V7.4 HOURLY PERFORMANCE TRACKER
Run ID: 00b474477d39a53b0f8e4875d5ab9cb6

V7.4.1 SHADOW REVERSAL
 SH SYMBOL           V74     OLD   SHADOW
--------------------------------------------------
  1 PRLUSDT            2   11.69    12.67
  2 AIOUSDT            1   12.59    12.01
  3 BTWUSDT            3   11.52     8.90
  4 WLDUSDT            4   11.13     7.36
PERFORMANCE SIGNALS SAVED: 27
FEATURE ROWS SAVED: 27
V7.4 OUTCOMES 1H: saved=13 failed=0
V7.4 OUTCOMES 4H: saved=8 failed=0
V7.4 OUTCOMES 12H: saved=2 failed=0
V7.4 OUTCOMES 24H: saved=17 failed=0
OUTCOME EVALUATION COMPLETE: saved=40 failed=0

==========================================================================================
V7.4 CURRENT SURVEILLANCE COHORT
==========================================================================================
RANK SYMBOL         TIER      PATH            SCORE STATE
------------------------------------------------------------------------------------------
   1 AIOUSDT        PRIMARY   REVERSAL        12.59 WATCH_SHORT
   2 PRLUSDT        PRIMARY   REVERSAL        11.69 WATCH_SHORT
   3 BTWUSDT        PRIMARY   REVERSAL        11.52 NEUTRAL
   4 WLDUSDT        PRIMARY   REVERSAL        11.13 NEUTRAL

================================================================================================================================
V7.4 FORWARD PERFORMANCE — RAW PRICE EXPANSION
================================================================================================================================

PRIMARY / RESERVE + PATH
  H TIER      PATH              N    POS%   AVG RAW   AVG ABS    EXP3%    EXP5%   EXP10%    UP5%    DN5%
--------------------------------------------------------------------------------------------------------------------------------
  1 PRIMARY   CONTINUATION     45   64.4%    0.748%    2.377%    31.1%     8.9%     2.2%    6.7%    2.2%
  1 PRIMARY   REVERSAL         85   58.8%    0.461%    2.223%    22.4%     7.1%     2.4%    4.7%    2.4%
  1 RESERVE   REVERSAL          1  100.0%    0.416%    0.416%     0.0%     0.0%     0.0%    0.0%    0.0%
  4 PRIMARY   CONTINUATION     38   55.3%    0.369%    3.825%    44.7%    26.3%    13.2%   15.8%   10.5%
  4 PRIMARY   REVERSAL         69   71.0%    1.731%    4.608%    53.6%    39.1%     7.2%   31.9%    7.2%
  4 RESERVE   REVERSAL          1  100.0%    1.974%    1.974%     0.0%     0.0%     0.0%    0.0%    0.0%
 12 PRIMARY   CONTINUATION     21   52.4%   -0.603%    4.954%    52.4%    52.4%    14.3%   19.0%   33.3%
 12 PRIMARY   REVERSAL         38   42.1%   -3.389%    7.993%    68.4%    55.3%    28.9%   18.4%   36.8%
 12 RESERVE   REVERSAL          1  100.0%    1.291%    1.291%     0.0%     0.0%     0.0%    0.0%    0.0%

RANK QUALITY
  H RANK BUCKET         N    POS%   AVG RAW   AVG ABS    EXP3%    EXP5%   EXP10%    UP5%    DN5%
----------------------------------------------------------------------------------------------------------------
  1 TOP_1_3           100   60.0%    0.465%    2.418%    27.0%     9.0%     3.0%    6.0%    3.0%
  1 TOP_4_5            30   63.3%    0.877%    1.804%    20.0%     3.3%     0.0%    3.3%    0.0%
  1 RESERVE_6_10        1  100.0%    0.416%    0.416%     0.0%     0.0%     0.0%    0.0%    0.0%
  4 TOP_1_3            82   58.5%    0.839%    4.751%    54.9%    37.8%    11.0%   26.8%   11.0%
  4 TOP_4_5            25   88.0%    2.585%    2.950%    36.0%    24.0%     4.0%   24.0%    0.0%
  4 RESERVE_6_10        1  100.0%    1.974%    1.974%     0.0%     0.0%     0.0%    0.0%    0.0%
 12 TOP_1_3            46   43.5%   -2.449%    7.276%    67.4%    60.9%    21.7%   21.7%   39.1%
 12 TOP_4_5            13   53.8%   -2.214%    5.620%    46.2%    30.8%    30.8%    7.7%   23.1%
 12 RESERVE_6_10        1  100.0%    1.291%    1.291%     0.0%     0.0%     0.0%    0.0%    0.0%

Metric definitions:
AVG RAW = average raw market return from detection price.
AVG ABS = average absolute price movement regardless of direction.
EXP3/5/10 = percentage of candidates moving at least 3% / 5% / 10% in either direction.
UP5 = raw upside move >= +5%; DN5 = raw downside move <= -5%.
No V7.4 trade-direction assumption is used in these metrics.

V7.4 TRACKING JOB: PASS
