
==============================================================================================================
ALPHA HUNTER V7.5 INDEPENDENT EPISODE MARKET TRACKER
==============================================================================================================
Episodes stored: 102
Active episodes: 57

CYSUSDT        CONTINUATION  now=  -54.65% UP=   78.38% DOWN=  -55.67% 3=Y 5=Y 10=Y checks=52
BTWUSDT        CONTINUATION  now=   68.34% UP=  113.81% DOWN=    0.00% 3=Y 5=Y 10=Y checks=52
COOKIEUSDT     CONTINUATION  now=  -12.43% UP=    0.00% DOWN=  -15.46% 3=Y 5=Y 10=Y checks=52
SUIUSDT        CONTINUATION  now=   -3.50% UP=    0.00% DOWN=   -5.00% 3=Y 5=- 10=- checks=52
SOLUSDT        CONTINUATION  now=   -1.58% UP=    0.00% DOWN=   -4.13% 3=Y 5=- 10=- checks=52
SKYAIUSDT      REVERSAL      now=  -30.91% UP=    0.00% DOWN=  -42.50% 3=Y 5=Y 10=Y checks=52
DOGEUSDT       CONTINUATION  now=   -0.40% UP=    0.00% DOWN=   -2.32% 3=- 5=- 10=- checks=52
ADAUSDT        REVERSAL      now=  -11.68% UP=    0.00% DOWN=  -12.90% 3=Y 5=Y 10=Y checks=52
GWEIUSDT       REVERSAL      now=    3.76% UP=   17.67% DOWN=    0.00% 3=Y 5=Y 10=Y checks=52
BICOUSDT       REVERSAL      now=  -57.29% UP=    0.00% DOWN=  -58.94% 3=Y 5=Y 10=Y checks=52
IOTXUSDT       REVERSAL      now=  -10.00% UP=    0.00% DOWN=  -10.53% 3=Y 5=Y 10=Y checks=52
MMTUSDT        REVERSAL      now=  -15.38% UP=    0.00% DOWN=  -16.81% 3=Y 5=Y 10=Y checks=52
SUIUSDT        CONTINUATION  now=   -2.35% UP=    0.00% DOWN=   -3.86% 3=Y 5=- 10=- checks=52
MUBARAKUSDT    REVERSAL      now=  -12.68% UP=    0.00% DOWN=  -24.10% 3=Y 5=Y 10=Y checks=52
4USDT          REVERSAL      now=   -9.97% UP=    0.00% DOWN=  -22.21% 3=Y 5=Y 10=Y checks=52
JTOUSDT        REVERSAL      now=    6.92% UP=   11.45% DOWN=    0.00% 3=Y 5=Y 10=Y checks=52
FORMUSDT       REVERSAL      now=   -5.39% UP=    0.00% DOWN=   -7.88% 3=Y 5=Y 10=- checks=52
PUMPUSDT       REVERSAL      now=    3.56% UP=    5.86% DOWN=   -6.03% 3=Y 5=Y 10=- checks=52
ACUUSDT        REVERSAL      now=    9.12% UP=   16.62% DOWN=  -12.33% 3=Y 5=Y 10=Y checks=52
HYPEUSDT       REVERSAL      now=    5.39% UP=    6.56% DOWN=   -0.62% 3=Y 5=Y 10=- checks=52
AEONUSDT       CONTINUATION  now=   24.02% UP=   31.04% DOWN=   -6.91% 3=Y 5=Y 10=Y checks=52
BTWUSDT        CONTINUATION  now=   12.62% UP=   43.38% DOWN=  -10.16% 3=Y 5=Y 10=Y checks=52
AEONUSDT       REVERSAL      now=   22.85% UP=   29.80% DOWN=   -7.78% 3=Y 5=Y 10=Y checks=18
ROBOUSDT       REVERSAL      now=   -9.22% UP=    4.11% DOWN=   -9.88% 3=Y 5=Y 10=- checks=16
LINKUSDT       CONTINUATION  now=    1.14% UP=    1.37% DOWN=   -1.13% 3=- 5=- 10=- checks=14
ONGUSDT        CONTINUATION  now=   -3.43% UP=   18.39% DOWN=   -4.38% 3=Y 5=Y 10=Y checks=14
PRLUSDT        CONTINUATION  now=   -6.24% UP=    5.86% DOWN=   -7.83% 3=Y 5=Y 10=- checks=13
REDUSDT        REVERSAL      now=   -1.96% UP=    0.00% DOWN=   -5.18% 3=Y 5=Y 10=- checks=13
LINKUSDT       REVERSAL      now=    1.89% UP=    2.11% DOWN=   -0.29% 3=- 5=- 10=- checks=13
LINKUSDT       REVERSAL      now=    1.89% UP=    2.11% DOWN=   -0.29% 3=- 5=- 10=- checks=13
PRLUSDT        CONTINUATION  now=   -6.24% UP=    5.86% DOWN=   -7.83% 3=Y 5=Y 10=- checks=13
REDUSDT        REVERSAL      now=   -1.96% UP=    0.00% DOWN=   -5.18% 3=Y 5=Y 10=- checks=13
HUSDT          REVERSAL      now=  -17.81% UP=    3.58% DOWN=  -27.00% 3=Y 5=Y 10=Y checks=11
NILUSDT        CONTINUATION  now=   -6.19% UP=    4.46% DOWN=   -8.44% 3=Y 5=Y 10=- checks=11
AIOUSDT        CONTINUATION  now=  -13.25% UP=   10.78% DOWN=  -15.22% 3=Y 5=Y 10=Y checks=11
VELVETUSDT     CONTINUATION  now=  -38.38% UP=    3.94% DOWN=  -38.43% 3=Y 5=Y 10=Y checks=10
NILUSDT        REVERSAL      now=   -3.26% UP=    3.79% DOWN=   -5.58% 3=Y 5=Y 10=- checks=9
BASEDUSDT      REVERSAL      now=    0.92% UP=    3.02% DOWN=   -0.32% 3=Y 5=- 10=- checks=9
AEONUSDT       REVERSAL      now=   18.64% UP=   25.36% DOWN=   -1.36% 3=Y 5=Y 10=Y checks=9
LINKUSDT       REVERSAL      now=    1.24% UP=    1.45% DOWN=   -0.71% 3=- 5=- 10=- checks=9
AIOUSDT        REVERSAL      now=   -9.01% UP=   16.26% DOWN=  -11.02% 3=Y 5=Y 10=Y checks=8
PIXELUSDT      REVERSAL      now=    1.37% UP=    8.12% DOWN=   -0.81% 3=Y 5=Y 10=- checks=8
CHIPUSDT       CONTINUATION  now=   -6.49% UP=    5.56% DOWN=   -8.29% 3=Y 5=Y 10=- checks=8
AIOUSDT        CONTINUATION  now=  -14.62% UP=    9.09% DOWN=  -16.51% 3=Y 5=Y 10=Y checks=7
NILUSDT        REVERSAL      now=   -4.81% UP=    0.86% DOWN=   -7.10% 3=Y 5=Y 10=- checks=7
PRLUSDT        CONTINUATION  now=   -4.58% UP=    4.27% DOWN=   -6.51% 3=Y 5=Y 10=- checks=7
ACUUSDT        REVERSAL      now=   11.35% UP=   15.05% DOWN=   -0.93% 3=Y 5=Y 10=Y checks=7
DOLOUSDT       REVERSAL      now=    1.33% UP=    2.39% DOWN=   -0.49% 3=- 5=- 10=- checks=6
BTWUSDT        REVERSAL      now=    3.05% UP=    6.18% DOWN=   -3.90% 3=Y 5=Y 10=- checks=5
LINKUSDT       CONTINUATION  now=    0.56% UP=    0.77% DOWN=   -0.63% 3=- 5=- 10=- checks=5
COWUSDT        REVERSAL      now=   -2.95% UP=    0.27% DOWN=   -3.31% 3=Y 5=- 10=- checks=4
AEONUSDT       CONTINUATION  now=    7.70% UP=   14.00% DOWN=    0.00% 3=Y 5=Y 10=Y checks=3
WLDUSDT        REVERSAL      now=    0.79% UP=    2.07% DOWN=   -0.17% 3=- 5=- 10=- checks=3
WLDUSDT        CONTINUATION  now=   -0.22% UP=    1.04% DOWN=   -0.67% 3=- 5=- 10=- checks=2
AIOUSDT        REVERSAL      now=   -1.66% UP=    1.88% DOWN=   -3.17% 3=Y 5=- 10=- checks=2
CHIPUSDT       REVERSAL      now=   -2.94% UP=    0.20% DOWN=   -4.74% 3=Y 5=- 10=- checks=2
PRLUSDT        REVERSAL      now=    0.32% UP=    0.32% DOWN=    0.00% 3=- 5=- 10=- checks=1

==============================================================================================================
TRACKER SUMMARY
==============================================================================================================
Checked: 57
Failed: 0
Supabase rows upserted: 102
3% episodes: 86
5% episodes: 74
10% episodes: 47

V7.5 EPISODE MARKET TRACKER: PASS
