V7.5 state restored from Supabase: 101

ALPHA HUNTER V7.5 OPPORTUNITY LIFECYCLE
Run ID: 00b474477d39a53b0f8e4875d5ab9cb6
Timestamp: 2026-08-17T16:32:16.899277+00:00
Lifecycle candidates: 4

UPDATE AIOUSDT        REVERSAL      state=PRE_MOVE_DETECTED    det=2   v74=12.75 rank=1 shadow=11.03 provisional=ACTIVE final=PENDING
NEW    PRLUSDT        REVERSAL      state=PRE_MOVE_DETECTED    det=1   v74=11.69 rank=2 shadow=12.67 provisional=ACTIVE final=PENDING
UPDATE WLDUSDT        REVERSAL      state=PRE_MOVE_DETECTED    det=2   v74= 9.96 rank=4 shadow=12.00 provisional=ACTIVE final=PENDING
UPDATE BTWUSDT        REVERSAL      state=EXPANSION            det=5   v74= 9.33 rank=4 shadow=14.68 provisional=NON_TRADEABLE_EXPANSION final=PENDING

Supabase lifecycle rows upserted: 102
Supabase lifecycle row count: 102

====================================================================================================
V7.5 LIFECYCLE SUMMARY
====================================================================================================
Episodes stored: 102
Created this run: 1
Updated this run: 3
Active episodes: 102

STATE COUNTS
DIRECTION_EMERGING       7
EXPANSION                5
FINALIZED                45
PRE_MOVE_DETECTED        45

State file: /home/runner/work/Alpha-Hunter/Alpha-Hunter/data/v75-lifecycle-episodes.json
History file: /home/runner/work/Alpha-Hunter/Alpha-Hunter/data/v75-lifecycle-history.jsonl

V7.5 LIFECYCLE JOB: PASS
