
======================================================================================================================
ALPHA HUNTER V7.6 POST-CONFIRMATION OUTCOME TRACKER — SHADOW
======================================================================================================================
Confirmed outcome rows: 65
Created this run: 3

VELVETUSDT     SHORT  quality=FORWARD_COMPLETE now=  37.46% MFE=  37.78% MAE=  -5.03% lost=Y done=-
VELVETUSDT     LONG   quality=FORWARD_COMPLETE now= -41.13% MFE=   0.51% MAE= -41.44% lost=Y done=-
PRLUSDT        SHORT  quality=FORWARD_COMPLETE now=   1.83% MFE=   3.73% MAE=  -1.17% lost=- done=-
COWUSDT        SHORT  quality=FORWARD_COMPLETE now=   0.91% MFE=   1.01% MAE=  -1.37% lost=- done=-
BTWUSDT        LONG   quality=FORWARD_COMPLETE now=   2.76% MFE=  30.90% MAE=  -5.19% lost=Y done=Y
WLDUSDT        LONG   quality=FORWARD_COMPLETE now=  -1.00% MFE=   3.14% MAE=  -2.31% lost=Y done=Y
HYPEUSDT       LONG   quality=FORWARD_COMPLETE now=   2.49% MFE=   3.64% MAE=  -1.27% lost=Y done=Y
AEONUSDT       SHORT  quality=FORWARD_COMPLETE now= -27.21% MFE=   4.19% MAE= -34.86% lost=Y done=-
ROBOUSDT       LONG   quality=FORWARD_COMPLETE now= -12.13% MFE=   0.00% MAE= -12.77% lost=Y done=-
WLDUSDT        LONG   quality=FORWARD_COMPLETE now=  -0.95% MFE=   3.20% MAE=  -2.25% lost=Y done=Y
BOMEUSDT       SHORT  quality=FORWARD_COMPLETE now=   4.58% MFE=   5.84% MAE=  -2.54% lost=Y done=-
HUSDT          SHORT  quality=FORWARD_COMPLETE now=  14.71% MFE=  23.87% MAE=  -8.16% lost=Y done=Y
HUSDT          SHORT  quality=FORWARD_COMPLETE now=  -4.68% MFE=   6.56% MAE= -15.09% lost=Y done=-
WLDUSDT        LONG   quality=FORWARD_COMPLETE now=  -0.95% MFE=   3.20% MAE=  -2.25% lost=Y done=Y
WLDUSDT        LONG   quality=FORWARD_COMPLETE now=  -1.00% MFE=   3.14% MAE=  -2.31% lost=Y done=Y
ONGUSDT        LONG   quality=FORWARD_COMPLETE now= -12.79% MFE=   1.77% MAE= -13.74% lost=Y done=-
REDUSDT        SHORT  quality=FORWARD_COMPLETE now=   0.70% MFE=   3.96% MAE=  -0.12% lost=Y done=-
REDUSDT        SHORT  quality=FORWARD_COMPLETE now=   0.70% MFE=   3.96% MAE=  -0.12% lost=Y done=-
PRLUSDT        LONG   quality=FORWARD_COMPLETE now= -10.67% MFE=   0.29% MAE= -12.41% lost=- done=-
PRLUSDT        LONG   quality=FORWARD_COMPLETE now= -10.67% MFE=   0.29% MAE= -12.41% lost=- done=-
PIXELUSDT      SHORT  quality=FORWARD_COMPLETE now=  -1.65% MFE=   0.26% MAE=  -8.42% lost=Y done=-
NILUSDT        LONG   quality=FORWARD_COMPLETE now=  -8.68% MFE=   0.72% MAE= -11.02% lost=Y done=-
AIOUSDT        LONG   quality=FORWARD_COMPLETE now= -16.61% MFE=   6.48% MAE= -18.51% lost=Y done=-
CHIPUSDT       LONG   quality=FORWARD_COMPLETE now=  -2.97% MFE=   5.31% MAE=  -4.61% lost=Y done=-
AEONUSDT       LONG   quality=FORWARD_COMPLETE now=   7.27% MFE=  13.72% MAE=  -2.24% lost=Y done=-
AIOUSDT        LONG   quality=FORWARD_COMPLETE now= -14.12% MFE=   9.66% MAE= -16.07% lost=Y done=-
AIOUSDT        LONG   quality=FORWARD_COMPLETE now= -14.12% MFE=   9.66% MAE= -16.07% lost=Y done=-
ACUUSDT        LONG   quality=FORWARD_COMPLETE now=   8.79% MFE=  12.41% MAE=  -2.76% lost=Y done=-
BASEDUSDT      SHORT  quality=FORWARD_COMPLETE now=   0.19% MFE=   0.60% MAE=   0.00% lost=- done=-
AEONUSDT       LONG   quality=FORWARD_COMPLETE now=   0.00% MFE=   0.00% MAE=   0.00% lost=- done=-
AIOUSDT        SHORT  quality=FORWARD_COMPLETE now=  -0.00% MFE=   0.00% MAE=   0.00% lost=- done=-
CHIPUSDT       SHORT  quality=FORWARD_COMPLETE now=   0.10% MFE=   0.10% MAE=   0.00% lost=- done=-

======================================================================================================================
POST-CONFIRMATION TRACKER SUMMARY
======================================================================================================================
Outcome rows: 65
Created this run: 3
Tracked this run: 32
Failed: 0
Supabase rows upserted: 65
Forward complete: 65
Completed 24H: 40

IMPORTANT: OUTCOME TRACKER IS MEASUREMENT ONLY.
No trade permission was generated.

V7.6 POST-CONFIRMATION OUTCOME TRACKER: PASS
