
ALPHA HUNTER V7.1 — 2026-08-18T09:38:00.427938+00:00

Universe: 27 deep-scanned of 759 contracts
Eligible after prefilter: 315
Non-crypto rejected: 290

SYMBOL                  PHASE    TIME   BEHAV                     STATE      RR   DISC  TRADE
---------------------------------------------------------------------------------------------
GPSUSDT             EXPANSION    LATE    7.36   DIRECTION_EMERGING_LONG    0.17     NO     NO
BTWUSDT          ACCUMULATION    FAIR    7.04   DIRECTION_EMERGING_LONG    1.38    YES     NO
HUSDT            ACCUMULATION    FAIR    6.75  DIRECTION_EMERGING_SHORT    0.55    YES     NO
JCTUSDT        DISTRIBUTION_RISK    FAIR    6.06                WATCH_LONG       —     NO     NO
CYSUSDT             EXPANSION    FAIR    5.58                   NEUTRAL       —     NO     NO
VVVUSDT        DISTRIBUTION_RISK    FAIR    5.29   DIRECTION_EMERGING_LONG    0.04     NO     NO
TUTUSDT             EXPANSION    LATE    5.27                WATCH_LONG       —     NO     NO
UNITASUSDT       ACCUMULATION    FAIR    4.83               WATCH_SHORT       —     NO     NO
OPNUSDT        DISTRIBUTION_RISK    FAIR    4.66   DIRECTION_EMERGING_LONG    0.08     NO     NO
ADAUSDT           COMPRESSION   EARLY    4.53  DIRECTION_EMERGING_SHORT    0.29     NO     NO
PRLUSDT          ACCUMULATION    FAIR    4.36                   NEUTRAL       —     NO     NO
BEATUSDT            EXPANSION    FAIR    4.18               WATCH_SHORT       —     NO     NO
HYPEUSDT          COMPRESSION   EARLY    4.04                WATCH_LONG       —     NO     NO
ZECUSDT           COMPRESSION   EARLY    3.90               WATCH_SHORT       —     NO     NO
PEPEUSDT          COMPRESSION   EARLY    3.84                   NEUTRAL       —     NO     NO
DIAUSDT          ACCUMULATION    FAIR    3.74                   NEUTRAL       —     NO     NO
SOLUSDT           COMPRESSION   EARLY    3.55                WATCH_LONG       —     NO     NO
BSBUSDT          ACCUMULATION   EARLY    3.42                   NEUTRAL       —     NO     NO
LINKUSDT         ACCUMULATION   EARLY    3.13                   NEUTRAL       —     NO     NO
NEARUSDT          COMPRESSION   EARLY    3.11                   NEUTRAL       —     NO     NO
XRPUSDT          ACCUMULATION   EARLY    3.09               WATCH_SHORT       —     NO     NO
ETHUSDT           COMPRESSION   EARLY    3.01                   NEUTRAL       —     NO     NO
DOGEUSDT          COMPRESSION   EARLY    2.90                   NEUTRAL       —     NO     NO
FIGHTUSDT           BREAKDOWN    FAIR    2.69  DIRECTION_EMERGING_SHORT    0.21     NO     NO
GALAUSDT         ACCUMULATION    FAIR    2.48               WATCH_SHORT       —     NO     NO
BTCUSDT          ACCUMULATION   EARLY    2.44                   NEUTRAL       —     NO     NO
IRYSUSDT         ACCUMULATION    FAIR    2.09               WATCH_SHORT       —     NO     NO

V7.4 PRE-MOVE SURVEILLANCE
Eligible: 5 | Primary: 5 | Reserve: 0

PRIMARY
 1 GPSUSDT        CONTINUATION   12.00 state=DIRECTION_EMERGING_LONG
 2 BTWUSDT        CONTINUATION   11.63 state=DIRECTION_EMERGING_LONG
 3 LINKUSDT       REVERSAL       10.55 state=NEUTRAL
 4 ZECUSDT        REVERSAL       10.09 state=WATCH_SHORT
 5 HYPEUSDT       CONTINUATION    9.79 state=WATCH_LONG

Run ID: 5037867a31543e2e6887e5013b49c883
Snapshot saved: /home/runner/work/Alpha-Hunter/Alpha-Hunter/data/snapshots/snapshot-20260818T093800Z.json
State history: /home/runner/work/Alpha-Hunter/Alpha-Hunter/data/state-history.jsonl
Supabase: SAVED
Qualified discovery candidates: 2
EARLY candidates: 0
V7 Trade Ready: 0
Bitget private API: NOT_CONFIGURED
