V7.4 HOURLY PERFORMANCE TRACKER
Run ID: b16b633a9e2e03c43b4e8a31cbe354d7

V7.4.1 SHADOW REVERSAL
 SH SYMBOL           V74     OLD   SHADOW
--------------------------------------------------
  1 CHIPUSDT           3   11.72     7.67
  2 HYPEUSDT           4    9.84     3.48
PERFORMANCE SIGNALS SAVED: 25
FEATURE ROWS SAVED: 25
V7.4 OUTCOMES 1H: saved=7 failed=0
V7.4 OUTCOMES 4H: saved=17 failed=0
V7.4 OUTCOMES 12H: saved=10 failed=0
V7.4 OUTCOMES 24H: saved=9 failed=0
OUTCOME EVALUATION COMPLETE: saved=43 failed=0

==========================================================================================
V7.4 CURRENT SURVEILLANCE COHORT
==========================================================================================
RANK SYMBOL         TIER      PATH            SCORE STATE
------------------------------------------------------------------------------------------
   1 BTWUSDT        PRIMARY   CONTINUATION    12.00 WATCH_LONG
   2 GPSUSDT        PRIMARY   CONTINUATION    11.88 WATCH_LONG
   3 CHIPUSDT       PRIMARY   REVERSAL        11.72 WATCH_SHORT
   4 HYPEUSDT       PRIMARY   REVERSAL         9.84 NEUTRAL

================================================================================================================================
V7.4 FORWARD PERFORMANCE — RAW PRICE EXPANSION
================================================================================================================================

PRIMARY / RESERVE + PATH
  H TIER      PATH              N    POS%   AVG RAW   AVG ABS    EXP3%    EXP5%   EXP10%    UP5%    DN5%
--------------------------------------------------------------------------------------------------------------------------------
  1 PRIMARY   CONTINUATION     66   45.5%    0.152%    1.171%     9.1%     4.5%     0.0%    4.5%    0.0%
  1 PRIMARY   REVERSAL         99   56.6%    0.092%    0.995%     6.1%     0.0%     0.0%    0.0%    0.0%
  1 RESERVE   CONTINUATION     30   60.0%    0.984%    1.493%     3.3%     3.3%     3.3%    3.3%    0.0%
  1 RESERVE   REVERSAL         17   64.7%    0.071%    0.375%     0.0%     0.0%     0.0%    0.0%    0.0%
  4 PRIMARY   CONTINUATION     62   41.9%    0.596%    1.475%    17.7%     3.2%     0.0%    3.2%    0.0%
  4 PRIMARY   REVERSAL         88   60.2%   -0.108%    1.467%    14.8%     5.7%     0.0%    1.1%    4.5%
  4 RESERVE   CONTINUATION     21   61.9%    1.079%    1.655%    14.3%     9.5%     0.0%    9.5%    0.0%
  4 RESERVE   REVERSAL         15   86.7%    0.341%    0.846%     6.7%     0.0%     0.0%    0.0%    0.0%
 12 PRIMARY   CONTINUATION     24   62.5%    0.379%    0.751%     4.2%     0.0%     0.0%    0.0%    0.0%
 12 PRIMARY   REVERSAL         48   58.3%    0.878%    4.360%    47.9%    29.2%     6.2%   10.4%   18.8%
 12 RESERVE   CONTINUATION      6   50.0%    1.973%    2.146%    16.7%    16.7%     0.0%   16.7%    0.0%
 12 RESERVE   REVERSAL          1    0.0%   -0.452%    0.452%     0.0%     0.0%     0.0%    0.0%    0.0%

RANK QUALITY
  H RANK BUCKET         N    POS%   AVG RAW   AVG ABS    EXP3%    EXP5%   EXP10%    UP5%    DN5%
----------------------------------------------------------------------------------------------------------------
  1 TOP_1_3           108   50.9%    0.196%    1.288%    11.1%     2.8%     0.0%    2.8%    0.0%
  1 TOP_4_5            57   54.4%   -0.035%    0.644%     0.0%     0.0%     0.0%    0.0%    0.0%
  1 RESERVE_6_10       47   61.7%    0.653%    1.089%     2.1%     2.1%     2.1%    2.1%    0.0%
  4 TOP_1_3            99   51.5%    0.175%    1.678%    19.2%     6.1%     0.0%    2.0%    4.0%
  4 TOP_4_5            51   54.9%    0.199%    1.066%     9.8%     2.0%     0.0%    2.0%    0.0%
  4 RESERVE_6_10       36   72.2%    0.771%    1.318%    11.1%     5.6%     0.0%    5.6%    0.0%
 12 TOP_1_3            51   52.9%    0.866%    3.711%    43.1%    25.5%     5.9%    9.8%   15.7%
 12 TOP_4_5            21   76.2%    0.337%    1.810%     9.5%     4.8%     0.0%    0.0%    4.8%
 12 RESERVE_6_10        7   42.9%    1.627%    1.904%    14.3%    14.3%     0.0%   14.3%    0.0%

Metric definitions:
AVG RAW = average raw market return from detection price.
AVG ABS = average absolute price movement regardless of direction.
EXP3/5/10 = percentage of candidates moving at least 3% / 5% / 10% in either direction.
UP5 = raw upside move >= +5%; DN5 = raw downside move <= -5%.
No V7.4 trade-direction assumption is used in these metrics.

V7.4 TRACKING JOB: PASS
