
==============================================================================================================
ALPHA HUNTER V7.5 INDEPENDENT EPISODE MARKET TRACKER
==============================================================================================================
Episodes stored: 136
Active episodes: 60

CYSUSDT        CONTINUATION  now=  -50.55% UP=   78.38% DOWN=  -57.84% 3=Y 5=Y 10=Y checks=66
BTWUSDT        CONTINUATION  now=   87.91% UP=  113.81% DOWN=    0.00% 3=Y 5=Y 10=Y checks=66
COOKIEUSDT     CONTINUATION  now=  -17.25% UP=    0.00% DOWN=  -18.88% 3=Y 5=Y 10=Y checks=66
SUIUSDT        CONTINUATION  now=   -6.45% UP=    0.00% DOWN=   -9.59% 3=Y 5=Y 10=- checks=66
SOLUSDT        CONTINUATION  now=   -0.25% UP=    0.10% DOWN=   -4.13% 3=Y 5=- 10=- checks=66
SKYAIUSDT      REVERSAL      now=  -39.04% UP=    0.00% DOWN=  -42.50% 3=Y 5=Y 10=Y checks=66
DOGEUSDT       CONTINUATION  now=   -0.55% UP=    0.00% DOWN=   -2.32% 3=- 5=- 10=- checks=66
ADAUSDT        REVERSAL      now=  -11.23% UP=    0.00% DOWN=  -13.51% 3=Y 5=Y 10=Y checks=66
GWEIUSDT       REVERSAL      now=    3.40% UP=   17.67% DOWN=    0.00% 3=Y 5=Y 10=Y checks=66
BICOUSDT       REVERSAL      now=  -58.92% UP=    0.00% DOWN=  -59.94% 3=Y 5=Y 10=Y checks=66
IOTXUSDT       REVERSAL      now=  -10.60% UP=    0.00% DOWN=  -11.73% 3=Y 5=Y 10=Y checks=66
MMTUSDT        REVERSAL      now=  -17.10% UP=    0.00% DOWN=  -21.43% 3=Y 5=Y 10=Y checks=66
SUIUSDT        CONTINUATION  now=   -5.33% UP=    0.00% DOWN=   -8.51% 3=Y 5=Y 10=- checks=66
MUBARAKUSDT    REVERSAL      now=  -16.03% UP=    0.00% DOWN=  -24.10% 3=Y 5=Y 10=Y checks=66
4USDT          REVERSAL      now=  -15.55% UP=    0.00% DOWN=  -22.21% 3=Y 5=Y 10=Y checks=66
JTOUSDT        REVERSAL      now=    0.22% UP=   11.45% DOWN=   -0.41% 3=Y 5=Y 10=Y checks=66
FORMUSDT       REVERSAL      now=   -5.44% UP=    0.00% DOWN=   -7.88% 3=Y 5=Y 10=- checks=66
PUMPUSDT       REVERSAL      now=    0.18% UP=    5.86% DOWN=   -6.03% 3=Y 5=Y 10=- checks=66
ACUUSDT        REVERSAL      now=    4.61% UP=   16.62% DOWN=  -12.33% 3=Y 5=Y 10=Y checks=66
HYPEUSDT       REVERSAL      now=    5.85% UP=    7.50% DOWN=   -0.62% 3=Y 5=Y 10=- checks=66
AEONUSDT       CONTINUATION  now=   24.51% UP=   32.48% DOWN=   -6.91% 3=Y 5=Y 10=Y checks=66
BTWUSDT        CONTINUATION  now=   26.09% UP=   43.38% DOWN=  -10.16% 3=Y 5=Y 10=Y checks=66
WLDUSDT        CONTINUATION  now=   -8.79% UP=    1.04% DOWN=  -11.12% 3=Y 5=Y 10=Y checks=16
AIOUSDT        REVERSAL      now=  -27.16% UP=    1.88% DOWN=  -34.36% 3=Y 5=Y 10=Y checks=16
CHIPUSDT       REVERSAL      now=  -12.01% UP=    0.20% DOWN=  -12.17% 3=Y 5=Y 10=Y checks=16
PRLUSDT        REVERSAL      now=   20.04% UP=   25.93% DOWN=   -0.05% 3=Y 5=Y 10=Y checks=15
LINKUSDT       REVERSAL      now=    0.15% UP=    0.20% DOWN=   -1.96% 3=- 5=- 10=- checks=14
CHIPUSDT       REVERSAL      now=   -7.24% UP=    3.66% DOWN=   -7.42% 3=Y 5=Y 10=- checks=14
HUSDT          REVERSAL      now=  -11.05% UP=    6.35% DOWN=  -11.67% 3=Y 5=Y 10=Y checks=14
LINKUSDT       CONTINUATION  now=    0.26% UP=    0.31% DOWN=   -1.85% 3=- 5=- 10=- checks=12
HYPEUSDT       REVERSAL      now=    1.23% UP=    2.82% DOWN=    0.00% 3=- 5=- 10=- checks=12
BTWUSDT        CONTINUATION  now=    7.13% UP=    9.93% DOWN=   -3.49% 3=Y 5=Y 10=- checks=11
ETHUSDT        CONTINUATION  now=    0.74% UP=    1.00% DOWN=   -0.96% 3=- 5=- 10=- checks=11
CHIPUSDT       REVERSAL      now=   -4.49% UP=    6.73% DOWN=   -4.67% 3=Y 5=Y 10=- checks=11
HYPEUSDT       CONTINUATION  now=    0.81% UP=    2.40% DOWN=   -0.31% 3=- 5=- 10=- checks=11
PUMPUSDT       REVERSAL      now=    2.90% UP=    4.35% DOWN=   -0.22% 3=Y 5=- 10=- checks=9
HYPEUSDT       CONTINUATION  now=    0.57% UP=    2.16% DOWN=   -0.53% 3=- 5=- 10=- checks=9
ZECUSDT        CONTINUATION  now=    0.60% UP=    0.76% DOWN=   -1.92% 3=- 5=- 10=- checks=9
BTWUSDT        REVERSAL      now=    8.97% UP=   11.81% DOWN=   -1.05% 3=Y 5=Y 10=Y checks=9
LINKUSDT       REVERSAL      now=    1.78% UP=    1.83% DOWN=   -0.03% 3=- 5=- 10=- checks=9
CHIPUSDT       REVERSAL      now=   -7.41% UP=    3.58% DOWN=   -7.48% 3=Y 5=Y 10=- checks=8
GPSUSDT        CONTINUATION  now=    3.79% UP=    9.06% DOWN=   -4.20% 3=Y 5=Y 10=- checks=8
AEONUSDT       CONTINUATION  now=   -3.28% UP=    2.91% DOWN=   -7.90% 3=Y 5=Y 10=- checks=7
ETHUSDT        REVERSAL      now=    1.13% UP=    1.40% DOWN=   -0.21% 3=- 5=- 10=- checks=7
DIAUSDT        REVERSAL      now=    4.25% UP=    6.10% DOWN=   -2.57% 3=Y 5=Y 10=- checks=7
BTWUSDT        CONTINUATION  now=    9.16% UP=   11.96% DOWN=   -0.30% 3=Y 5=Y 10=Y checks=6
DIAUSDT        REVERSAL      now=    5.18% UP=    7.04% DOWN=   -0.49% 3=Y 5=Y 10=- checks=5
SOLUSDT        CONTINUATION  now=    1.24% UP=    1.62% DOWN=   -0.38% 3=- 5=- 10=- checks=5
PUMPUSDT       REVERSAL      now=    1.14% UP=    2.57% DOWN=   -1.46% 3=- 5=- 10=- checks=3
ZECUSDT        REVERSAL      now=    1.31% UP=    1.52% DOWN=   -1.19% 3=- 5=- 10=- checks=3
AEONUSDT       CONTINUATION  now=   -3.07% UP=    0.76% DOWN=   -7.69% 3=Y 5=Y 10=- checks=3
BTCUSDT        CONTINUATION  now=    0.66% UP=    1.07% DOWN=   -0.52% 3=- 5=- 10=- checks=3
DIAUSDT        REVERSAL      now=    0.62% UP=    2.40% DOWN=   -2.71% 3=- 5=- 10=- checks=3
ZECUSDT        REVERSAL      now=    1.13% UP=    1.38% DOWN=   -0.42% 3=- 5=- 10=- checks=2
CHIPUSDT       REVERSAL      now=   -2.19% UP=    0.52% DOWN=   -2.26% 3=- 5=- 10=- checks=2
LINKUSDT       REVERSAL      now=    0.56% UP=    0.62% DOWN=   -0.29% 3=- 5=- 10=- checks=2
HYPEUSDT       REVERSAL      now=    0.00% UP=    0.14% DOWN=   -0.60% 3=- 5=- 10=- checks=2
PUMPUSDT       REVERSAL      now=    0.18% UP=    0.28% DOWN=   -0.81% 3=- 5=- 10=- checks=2
BTWUSDT        CONTINUATION  now=   -0.66% UP=    2.09% DOWN=   -2.97% 3=- 5=- 10=- checks=2
GPSUSDT        CONTINUATION  now=    1.13% UP=    2.55% DOWN=   -1.12% 3=- 5=- 10=- checks=2

==============================================================================================================
TRACKER SUMMARY
==============================================================================================================
Checked: 60
Failed: 0
Supabase rows upserted: 136
3% episodes: 103
5% episodes: 95
10% episodes: 60

V7.5 EPISODE MARKET TRACKER: PASS
