V7.5 state restored from Supabase: 136

ALPHA HUNTER V7.5 OPPORTUNITY LIFECYCLE
Run ID: b16b633a9e2e03c43b4e8a31cbe354d7
Timestamp: 2026-08-18T15:36:09.976746+00:00
Lifecycle candidates: 4

UPDATE BTWUSDT        CONTINUATION  state=DIRECTION_EMERGING   det=2   v74=10.97 rank=5 shadow= 0.00 provisional=ACTIVE final=PENDING
UPDATE GPSUSDT        CONTINUATION  state=PRE_MOVE_DETECTED    det=2   v74=12.00 rank=1 shadow= 0.00 provisional=ACTIVE final=PENDING
UPDATE CHIPUSDT       REVERSAL      state=PRE_MOVE_DETECTED    det=2   v74=11.75 rank=2 shadow=11.93 provisional=ACTIVE final=PENDING
UPDATE HYPEUSDT       REVERSAL      state=PRE_MOVE_DETECTED    det=2   v74= 9.85 rank=7 shadow= 5.49 provisional=ACTIVE final=PENDING

Supabase lifecycle rows upserted: 136
Supabase lifecycle row count: 136

====================================================================================================
V7.5 LIFECYCLE SUMMARY
====================================================================================================
Episodes stored: 136
Created this run: 0
Updated this run: 4
Active episodes: 136

STATE COUNTS
DIRECTION_EMERGING       12
EXPANSION                4
FINALIZED                76
PRE_MOVE_DETECTED        44

State file: /home/runner/work/Alpha-Hunter/Alpha-Hunter/data/v75-lifecycle-episodes.json
History file: /home/runner/work/Alpha-Hunter/Alpha-Hunter/data/v75-lifecycle-history.jsonl

V7.5 LIFECYCLE JOB: PASS
