
======================================================================================================================
ALPHA HUNTER V7.6 DIRECTION-PROOF ENGINE — SHADOW
======================================================================================================================
Eligible forward episodes: 35

SYMBOL         PATH          DIR         CONF   LONG   SHORT       15M        1H
----------------------------------------------------------------------------------------------------------------------
PRLUSDT        REVERSAL      UNKNOWN     0.0%   3.50    1.00     MIXED   BULLISH
LINKUSDT       REVERSAL      LONG       81.2%   6.50    0.00   BULLISH   BULLISH
CHIPUSDT       REVERSAL      SHORT     100.0%   0.00    8.00   BEARISH   BEARISH
HUSDT          REVERSAL      SHORT      87.5%   0.00    7.00   BEARISH   BEARISH
LINKUSDT       CONTINUATION  LONG       81.2%   6.50    0.00   BULLISH   BULLISH
HYPEUSDT       REVERSAL      UNKNOWN     0.0%   2.00    1.50     MIXED   BULLISH
BTWUSDT        CONTINUATION  LONG       55.0%   5.00    2.00     MIXED   BULLISH
ETHUSDT        CONTINUATION  LONG       56.2%   4.50    0.00   BULLISH   BULLISH
CHIPUSDT       REVERSAL      SHORT     100.0%   0.00    8.00   BEARISH   BEARISH
HYPEUSDT       CONTINUATION  UNKNOWN     0.0%   2.00    1.50     MIXED   BULLISH
PUMPUSDT       REVERSAL      LONG       50.0%   4.00    0.00   BULLISH   BULLISH
HYPEUSDT       CONTINUATION  UNKNOWN     0.0%   2.00    1.50     MIXED   BULLISH
ZECUSDT        CONTINUATION  LONG       56.2%   4.50    0.00   BULLISH     MIXED
BTWUSDT        REVERSAL      LONG       55.0%   5.00    2.00     MIXED   BULLISH
LINKUSDT       REVERSAL      LONG       81.2%   6.50    0.00   BULLISH   BULLISH
CHIPUSDT       REVERSAL      SHORT     100.0%   0.00    8.00   BEARISH   BEARISH
GPSUSDT        CONTINUATION  LONG       50.6%   4.50    1.50     MIXED   BULLISH
AEONUSDT       CONTINUATION  SHORT      62.5%   0.00    5.00   BEARISH     MIXED
ETHUSDT        REVERSAL      LONG       56.2%   4.50    0.00   BULLISH   BULLISH
DIAUSDT        REVERSAL      LONG       83.8%   7.00    1.00   BULLISH   BULLISH
BTWUSDT        CONTINUATION  LONG       55.0%   5.00    2.00     MIXED   BULLISH
DIAUSDT        REVERSAL      LONG       83.8%   7.00    1.00   BULLISH   BULLISH
SOLUSDT        CONTINUATION  LONG       87.5%   7.00    0.00   BULLISH   BULLISH
PUMPUSDT       REVERSAL      LONG       50.0%   4.00    0.00   BULLISH   BULLISH
ZECUSDT        REVERSAL      LONG       56.2%   4.50    0.00   BULLISH     MIXED
AEONUSDT       CONTINUATION  SHORT      62.5%   0.00    5.00   BEARISH     MIXED
BTCUSDT        CONTINUATION  LONG       56.2%   4.50    0.00   BULLISH   BULLISH
DIAUSDT        REVERSAL      LONG       83.8%   7.00    1.00   BULLISH   BULLISH
ZECUSDT        REVERSAL      LONG       56.2%   4.50    0.00   BULLISH     MIXED
CHIPUSDT       REVERSAL      SHORT     100.0%   0.00    8.00   BEARISH   BEARISH
LINKUSDT       REVERSAL      LONG       81.2%   6.50    0.00   BULLISH   BULLISH
HYPEUSDT       REVERSAL      UNKNOWN     0.0%   2.00    1.50     MIXED   BULLISH
PUMPUSDT       REVERSAL      LONG       50.0%   4.00    0.00   BULLISH   BULLISH
BTWUSDT        CONTINUATION  LONG       55.0%   5.00    2.00     MIXED   BULLISH
GPSUSDT        CONTINUATION  LONG       50.6%   4.50    1.50     MIXED   BULLISH

======================================================================================================================
V7.6 SHADOW SUMMARY
======================================================================================================================
Evaluated: 35
LONG: 23
SHORT: 7
UNKNOWN: 5
Failures: 0
Supabase shadow rows saved: 35
Direction state rows saved: 35
Immutable transition rows saved: 35
Transition run ID: cloud5d-20260818T153518Z
Direction emerging: 12
Direction confirmed: 18
Lost confirmation: 0

IMPORTANT: V7.6 IS SHADOW ONLY.
No trade permission was generated.

V7.6 DIRECTION SHADOW: PASS
