
ALPHA HUNTER V7.1 — 2026-08-19T05:34:33.727719+00:00

Universe: 29 deep-scanned of 759 contracts
Eligible after prefilter: 295
Non-crypto rejected: 290

SYMBOL                  PHASE    TIME   BEHAV                     STATE      RR   DISC  TRADE
---------------------------------------------------------------------------------------------
EULUSDT        DISTRIBUTION_RISK    FAIR    6.95   DIRECTION_EMERGING_LONG    0.31     NO     NO
VELVETUSDT          EXPANSION    LATE    5.64                   NEUTRAL       —     NO     NO
DOSUSDT        EXPANSION_MANAGEMENT    FAIR    5.61                   NEUTRAL       —     NO     NO
TUTUSDT             BREAKDOWN   EARLY    5.46  DIRECTION_EMERGING_SHORT    0.18     NO     NO
METUSDT          ACCUMULATION    FAIR    4.97   DIRECTION_EMERGING_LONG    0.07     NO     NO
SUIUSDT           COMPRESSION   EARLY    4.90                   NEUTRAL       —     NO     NO
PIEVERSEUSDT        BREAKDOWN   EARLY    4.61               WATCH_SHORT       —     NO     NO
BRUSDT           ACCUMULATION    FAIR    4.58   DIRECTION_EMERGING_LONG    0.12     NO     NO
HUSDT               BREAKDOWN    FAIR    4.52  DIRECTION_EMERGING_SHORT    0.07     NO     NO
ADAUSDT              RECOVERY   EARLY    4.45                WATCH_LONG       —     NO     NO
WLDUSDT           COMPRESSION   EARLY    4.42               WATCH_SHORT       —     NO     NO
XRPUSDT           COMPRESSION   EARLY    4.40                WATCH_LONG       —     NO     NO
GWEIUSDT         ACCUMULATION    FAIR    4.40               WATCH_SHORT       —     NO     NO
ZECUSDT           COMPRESSION   EARLY    3.98               WATCH_SHORT       —     NO     NO
LINKUSDT         ACCUMULATION   EARLY    3.95   DIRECTION_EMERGING_LONG    0.33     NO     NO
BNBUSDT           COMPRESSION   EARLY    3.83  DIRECTION_EMERGING_SHORT    0.32     NO     NO
DOGEUSDT          COMPRESSION   EARLY    3.76                   NEUTRAL       —     NO     NO
GALAUSDT          COMPRESSION   EARLY    3.73                   NEUTRAL       —     NO     NO
BICOUSDT         ACCUMULATION    FAIR    3.64               WATCH_SHORT       —     NO     NO
TAOUSDT           COMPRESSION   EARLY    3.49               WATCH_SHORT       —     NO     NO
HYPEUSDT          COMPRESSION   EARLY    3.38                   NEUTRAL       —     NO     NO
USELESSUSDT      ACCUMULATION    FAIR    3.37               WATCH_SHORT       —     NO     NO
ETHUSDT           COMPRESSION   EARLY    2.96                   NEUTRAL       —     NO     NO
OPENUSDT            BREAKDOWN    FAIR    2.73  DIRECTION_EMERGING_SHORT    0.14     NO     NO
SOLUSDT          ACCUMULATION   EARLY    2.72                   NEUTRAL       —     NO     NO
NILUSDT          ACCUMULATION    FAIR    2.63                   NEUTRAL       —     NO     NO
BTCUSDT          ACCUMULATION   EARLY    2.61                   NEUTRAL       —     NO     NO
NEARUSDT         ACCUMULATION   EARLY    2.60                   NEUTRAL       —     NO     NO
CFGUSDT             BREAKDOWN    FAIR    2.53  DIRECTION_EMERGING_SHORT    0.06     NO     NO

V7.4 PRE-MOVE SURVEILLANCE
Eligible: 4 | Primary: 4 | Reserve: 0

PRIMARY
 1 PIEVERSEUSDT   REVERSAL       11.48 state=WATCH_SHORT
 2 HYPEUSDT       REVERSAL       10.67 state=NEUTRAL
 3 ZECUSDT        REVERSAL        9.83 state=WATCH_SHORT
 4 BTCUSDT        REVERSAL        9.51 state=NEUTRAL

Run ID: 0950f0c8e41504b02a909d9833da0428
Snapshot saved: /home/runner/work/Alpha-Hunter/Alpha-Hunter/data/snapshots/snapshot-20260819T053433Z.json
State history: /home/runner/work/Alpha-Hunter/Alpha-Hunter/data/state-history.jsonl
Supabase: SAVED
Qualified discovery candidates: 0
EARLY candidates: 0
V7 Trade Ready: 0
Bitget private API: NOT_CONFIGURED
