V7.5 state restored from Supabase: 154

ALPHA HUNTER V7.5 OPPORTUNITY LIFECYCLE
Run ID: 0950f0c8e41504b02a909d9833da0428
Timestamp: 2026-08-19T05:34:33.727719+00:00
Lifecycle candidates: 4

NEW    PIEVERSEUSDT   REVERSAL      state=PRE_MOVE_DETECTED    det=1   v74=11.48 rank=1 shadow=11.90 provisional=ACTIVE final=PENDING
NEW    ZECUSDT        REVERSAL      state=PRE_MOVE_DETECTED    det=1   v74= 9.83 rank=3 shadow=11.98 provisional=ACTIVE final=PENDING
NEW    HYPEUSDT       REVERSAL      state=PRE_MOVE_DETECTED    det=1   v74=10.67 rank=2 shadow= 8.32 provisional=ACTIVE final=PENDING
NEW    BTCUSDT        REVERSAL      state=PRE_MOVE_DETECTED    det=1   v74= 9.51 rank=4 shadow= 9.70 provisional=ACTIVE final=PENDING

Supabase lifecycle rows upserted: 158
Supabase lifecycle row count: 158

====================================================================================================
V7.5 LIFECYCLE SUMMARY
====================================================================================================
Episodes stored: 158
Created this run: 4
Updated this run: 0
Active episodes: 158

STATE COUNTS
DIRECTION_EMERGING       18
EXPANSION                3
FINALIZED                89
PRE_MOVE_DETECTED        48

State file: /home/runner/work/Alpha-Hunter/Alpha-Hunter/data/v75-lifecycle-episodes.json
History file: /home/runner/work/Alpha-Hunter/Alpha-Hunter/data/v75-lifecycle-history.jsonl

V7.5 LIFECYCLE JOB: PASS
