
==============================================================================================================
ALPHA HUNTER V7.5 INDEPENDENT EPISODE MARKET TRACKER
==============================================================================================================
Episodes stored: 158
Active episodes: 69

ADAUSDT        REVERSAL      now=  -11.33% UP=    0.00% DOWN=  -12.70% 3=Y 5=Y 10=Y checks=45
DOGEUSDT       CONTINUATION  now=   -0.95% UP=    0.00% DOWN=   -2.32% 3=- 5=- 10=- checks=45
SKYAIUSDT      REVERSAL      now=  -49.18% UP=    0.00% DOWN=  -53.06% 3=Y 5=Y 10=Y checks=45
SOLUSDT        CONTINUATION  now=   -0.44% UP=    0.19% DOWN=   -4.13% 3=Y 5=- 10=- checks=45
SUIUSDT        CONTINUATION  now=   -6.54% UP=    0.00% DOWN=   -7.92% 3=Y 5=Y 10=- checks=45
COOKIEUSDT     CONTINUATION  now=  -18.88% UP=    0.00% DOWN=  -19.43% 3=Y 5=Y 10=Y checks=45
BTWUSDT        CONTINUATION  now=  162.23% UP=  199.87% DOWN=    0.00% 3=Y 5=Y 10=Y checks=45
CYSUSDT        CONTINUATION  now=  -49.77% UP=   78.38% DOWN=  -50.85% 3=Y 5=Y 10=Y checks=45
GWEIUSDT       REVERSAL      now=   -5.92% UP=   17.67% DOWN=   -7.43% 3=Y 5=Y 10=Y checks=45
BICOUSDT       REVERSAL      now=  -63.09% UP=    0.00% DOWN=  -63.59% 3=Y 5=Y 10=Y checks=45
SUIUSDT        CONTINUATION  now=   -5.42% UP=    0.00% DOWN=   -6.82% 3=Y 5=Y 10=- checks=45
MMTUSDT        REVERSAL      now=  -19.71% UP=    0.00% DOWN=  -20.05% 3=Y 5=Y 10=Y checks=45
IOTXUSDT       REVERSAL      now=  -10.39% UP=    0.00% DOWN=  -11.34% 3=Y 5=Y 10=Y checks=45
FORMUSDT       REVERSAL      now=   -5.99% UP=    0.00% DOWN=   -7.88% 3=Y 5=Y 10=- checks=45
JTOUSDT        REVERSAL      now=   -0.65% UP=    8.18% DOWN=   -1.31% 3=Y 5=Y 10=- checks=45
4USDT          REVERSAL      now=  -17.89% UP=    0.00% DOWN=  -22.21% 3=Y 5=Y 10=Y checks=45
MUBARAKUSDT    REVERSAL      now=  -15.28% UP=    0.00% DOWN=  -24.10% 3=Y 5=Y 10=Y checks=45
PUMPUSDT       REVERSAL      now=    5.65% UP=   10.34% DOWN=   -5.65% 3=Y 5=Y 10=Y checks=45
HYPEUSDT       REVERSAL      now=    4.21% UP=    5.13% DOWN=   -0.62% 3=Y 5=Y 10=- checks=45
ACUUSDT        REVERSAL      now=    2.54% UP=   16.62% DOWN=   -4.40% 3=Y 5=Y 10=Y checks=45
BTWUSDT        CONTINUATION  now=   75.89% UP=  101.09% DOWN=  -10.16% 3=Y 5=Y 10=Y checks=45
AEONUSDT       CONTINUATION  now=   14.74% UP=   28.99% DOWN=   -6.91% 3=Y 5=Y 10=Y checks=45
BTWUSDT        REVERSAL      now=   51.57% UP=   73.79% DOWN=   -1.05% 3=Y 5=Y 10=Y checks=15
LINKUSDT       REVERSAL      now=    2.80% UP=    3.80% DOWN=   -0.03% 3=Y 5=- 10=- checks=15
PUMPUSDT       REVERSAL      now=    8.63% UP=   13.34% DOWN=   -0.22% 3=Y 5=Y 10=Y checks=15
HYPEUSDT       CONTINUATION  now=   -0.97% UP=    2.16% DOWN=   -1.74% 3=- 5=- 10=- checks=15
ZECUSDT        CONTINUATION  now=   -1.27% UP=    0.76% DOWN=   -1.92% 3=- 5=- 10=- checks=15
CHIPUSDT       REVERSAL      now=   -9.91% UP=    3.58% DOWN=  -10.75% 3=Y 5=Y 10=Y checks=14
GPSUSDT        CONTINUATION  now=  -27.63% UP=   11.21% DOWN=  -30.29% 3=Y 5=Y 10=Y checks=14
AEONUSDT       CONTINUATION  now=  -10.95% UP=    2.91% DOWN=  -12.21% 3=Y 5=Y 10=Y checks=13
ETHUSDT        REVERSAL      now=    0.87% UP=    1.40% DOWN=   -0.21% 3=- 5=- 10=- checks=13
DIAUSDT        REVERSAL      now=    2.09% UP=    6.10% DOWN=   -2.57% 3=Y 5=Y 10=- checks=13
BTWUSDT        CONTINUATION  now=   51.92% UP=   74.02% DOWN=   -0.30% 3=Y 5=Y 10=Y checks=12
DIAUSDT        REVERSAL      now=    3.00% UP=    7.04% DOWN=   -0.49% 3=Y 5=Y 10=- checks=11
SOLUSDT        CONTINUATION  now=    1.08% UP=    1.71% DOWN=   -0.38% 3=- 5=- 10=- checks=11
DIAUSDT        REVERSAL      now=   -1.47% UP=    2.40% DOWN=   -2.71% 3=- 5=- 10=- checks=9
PUMPUSDT       REVERSAL      now=    6.77% UP=   11.40% DOWN=   -1.46% 3=Y 5=Y 10=Y checks=9
ZECUSDT        REVERSAL      now=   -0.55% UP=    1.52% DOWN=   -1.19% 3=- 5=- 10=- checks=9
AEONUSDT       CONTINUATION  now=  -10.75% UP=    2.13% DOWN=  -12.02% 3=Y 5=Y 10=Y checks=9
BTCUSDT        CONTINUATION  now=   -0.04% UP=    1.07% DOWN=   -0.52% 3=- 5=- 10=- checks=9
ZECUSDT        REVERSAL      now=   -0.69% UP=    1.38% DOWN=   -1.11% 3=- 5=- 10=- checks=8
CHIPUSDT       REVERSAL      now=   -4.83% UP=    2.86% DOWN=   -5.72% 3=Y 5=Y 10=- checks=8
LINKUSDT       REVERSAL      now=    1.59% UP=    2.58% DOWN=   -0.31% 3=- 5=- 10=- checks=8
HYPEUSDT       REVERSAL      now=   -1.49% UP=    0.14% DOWN=   -2.26% 3=- 5=- 10=- checks=8
PUMPUSDT       REVERSAL      now=    5.61% UP=   10.34% DOWN=   -1.91% 3=Y 5=Y 10=Y checks=8
BTWUSDT        CONTINUATION  now=   38.66% UP=   58.68% DOWN=   -2.97% 3=Y 5=Y 10=Y checks=8
GPSUSDT        CONTINUATION  now=  -29.51% UP=    8.42% DOWN=  -32.04% 3=Y 5=Y 10=Y checks=8
BTWUSDT        CONTINUATION  now=   32.02% UP=   51.09% DOWN=    0.00% 3=Y 5=Y 10=Y checks=6
GPSUSDT        CONTINUATION  now=  -32.50% UP=    3.28% DOWN=  -34.93% 3=Y 5=Y 10=Y checks=6
ZECUSDT        REVERSAL      now=   -0.59% UP=    1.02% DOWN=   -0.99% 3=- 5=- 10=- checks=6
BTCUSDT        CONTINUATION  now=   -0.63% UP=    0.08% DOWN=   -0.70% 3=- 5=- 10=- checks=6
HYPEUSDT       REVERSAL      now=   -0.46% UP=    0.43% DOWN=   -1.24% 3=- 5=- 10=- checks=5
HYPEUSDT       REVERSAL      now=   -0.66% UP=    0.22% DOWN=   -1.44% 3=- 5=- 10=- checks=5
LINKUSDT       REVERSAL      now=    2.05% UP=    3.03% DOWN=    0.00% 3=Y 5=- 10=- checks=5
LUMIAUSDT      REVERSAL      now=    2.05% UP=    4.87% DOWN=   -0.25% 3=Y 5=- 10=- checks=5
SOLUSDT        CONTINUATION  now=    0.82% UP=    1.29% DOWN=    0.00% 3=- 5=- 10=- checks=5
ONGUSDT        CONTINUATION  now=    6.74% UP=    6.92% DOWN=   -4.75% 3=Y 5=Y 10=- checks=5
PUMPUSDT       CONTINUATION  now=    3.38% UP=    7.86% DOWN=   -0.14% 3=Y 5=Y 10=- checks=4
BTCUSDT        CONTINUATION  now=   -0.41% UP=    0.27% DOWN=   -0.48% 3=- 5=- 10=- checks=4
ZECUSDT        CONTINUATION  now=   -1.17% UP=    0.39% DOWN=   -1.56% 3=- 5=- 10=- checks=4
GPSUSDT        CONTINUATION  now=  -31.75% UP=    4.50% DOWN=  -34.16% 3=Y 5=Y 10=Y checks=3
HYPEUSDT       REVERSAL      now=   -0.14% UP=    0.09% DOWN=   -0.75% 3=- 5=- 10=- checks=2
ZECUSDT        REVERSAL      now=   -0.22% UP=    0.20% DOWN=   -0.62% 3=- 5=- 10=- checks=2
LINKUSDT       CONTINUATION  now=    1.25% UP=    2.24% DOWN=    0.00% 3=- 5=- 10=- checks=2
OUSDT          CONTINUATION  now=   -1.39% UP=    0.06% DOWN=   -6.18% 3=Y 5=Y 10=- checks=2
PIEVERSEUSDT   REVERSAL      now=   -0.06% UP=    0.00% DOWN=   -0.10% 3=- 5=- 10=- checks=1
ZECUSDT        REVERSAL      now=    0.04% UP=    0.07% DOWN=    0.00% 3=- 5=- 10=- checks=1
HYPEUSDT       REVERSAL      now=   -0.01% UP=    0.01% DOWN=   -0.01% 3=- 5=- 10=- checks=1
BTCUSDT        REVERSAL      now=   -0.01% UP=    0.00% DOWN=   -0.01% 3=- 5=- 10=- checks=1

==============================================================================================================
TRACKER SUMMARY
==============================================================================================================
Checked: 69
Failed: 0
Supabase rows upserted: 158
3% episodes: 115
5% episodes: 106
10% episodes: 74

V7.5 EPISODE MARKET TRACKER: PASS
