
======================================================================================================================
ALPHA HUNTER V7.6 POST-CONFIRMATION OUTCOME TRACKER — SHADOW
======================================================================================================================
Confirmed outcome rows: 113
Created this run: 5

BTWUSDT        LONG   quality=FORWARD_COMPLETE now=  28.69% MFE=  46.43% MAE=  -2.92% lost=Y done=-
CHIPUSDT       SHORT  quality=FORWARD_COMPLETE now=   2.69% MFE=   3.61% MAE=  -5.16% lost=Y done=-
PRLUSDT        LONG   quality=FORWARD_COMPLETE now=   0.80% MFE=   8.36% MAE=  -0.99% lost=Y done=Y
GPSUSDT        LONG   quality=FORWARD_COMPLETE now= -31.85% MFE=   3.99% MAE= -34.48% lost=Y done=-
DIAUSDT        LONG   quality=FORWARD_COMPLETE now=  -2.61% MFE=   1.30% MAE=  -2.84% lost=Y done=-
CHIPUSDT       SHORT  quality=FORWARD_COMPLETE now=   2.69% MFE=   3.61% MAE=  -5.16% lost=Y done=-
DIAUSDT        LONG   quality=FORWARD_COMPLETE now=  -2.61% MFE=   1.30% MAE=  -2.84% lost=Y done=-
LINKUSDT       LONG   quality=FORWARD_COMPLETE now=   1.37% MFE=   2.36% MAE=  -0.36% lost=Y done=-
GPSUSDT        LONG   quality=FORWARD_COMPLETE now= -32.39% MFE=   3.15% MAE= -35.01% lost=Y done=-
PUMPUSDT       LONG   quality=FORWARD_COMPLETE now=   5.82% MFE=  10.38% MAE=  -0.78% lost=Y done=-
LINKUSDT       LONG   quality=FORWARD_COMPLETE now=   1.37% MFE=   2.36% MAE=  -0.36% lost=Y done=-
BTWUSDT        LONG   quality=FORWARD_COMPLETE now=  48.99% MFE=  69.41% MAE=  -0.86% lost=Y done=-
HUSDT          SHORT  quality=FORWARD_COMPLETE now=   7.14% MFE=   8.29% MAE=  -6.31% lost=- done=-
LINKUSDT       LONG   quality=FORWARD_COMPLETE now=   1.37% MFE=   2.36% MAE=  -0.36% lost=- done=-
PUMPUSDT       LONG   quality=FORWARD_COMPLETE now=   5.82% MFE=  10.38% MAE=  -0.78% lost=Y done=-
ETHUSDT        LONG   quality=FORWARD_COMPLETE now=  -0.26% MFE=   0.26% MAE=  -0.39% lost=Y done=-
HYPEUSDT       SHORT  quality=FORWARD_COMPLETE now=   0.14% MFE=   0.87% MAE=  -0.31% lost=Y done=-
HYPEUSDT       SHORT  quality=FORWARD_COMPLETE now=   0.11% MFE=   0.84% MAE=  -0.35% lost=- done=-
SOLUSDT        LONG   quality=FORWARD_COMPLETE now=   0.85% MFE=   1.52% MAE=  -0.27% lost=Y done=-
BTCUSDT        LONG   quality=FORWARD_COMPLETE now=  -0.69% MFE=   0.12% MAE=  -0.75% lost=- done=-
BTWUSDT        LONG   quality=FORWARD_COMPLETE now=  49.23% MFE=  69.41% MAE=  -0.86% lost=Y done=-
PUMPUSDT       LONG   quality=FORWARD_COMPLETE now=   5.79% MFE=  10.42% MAE=  -0.74% lost=- done=-
GPSUSDT        LONG   quality=FORWARD_COMPLETE now= -29.14% MFE=   8.81% MAE= -31.80% lost=Y done=Y
ETHUSDT        LONG   quality=FORWARD_COMPLETE now=  -0.27% MFE=   0.25% MAE=  -0.39% lost=Y done=-
AEONUSDT       SHORT  quality=FORWARD_COMPLETE now=   7.16% MFE=   9.05% MAE=  -5.58% lost=Y done=-
BTWUSDT        LONG   quality=FORWARD_COMPLETE now=  40.48% MFE=  59.53% MAE=  -0.15% lost=Y done=-
LINKUSDT       LONG   quality=FORWARD_COMPLETE now=   1.37% MFE=   2.36% MAE=  -0.36% lost=- done=-
LUMIAUSDT      SHORT  quality=FORWARD_COMPLETE now=  -1.82% MFE=   0.05% MAE=  -4.63% lost=Y done=-
HYPEUSDT       SHORT  quality=FORWARD_COMPLETE now=   0.10% MFE=   0.84% MAE=  -0.35% lost=Y done=-
ONGUSDT        LONG   quality=FORWARD_COMPLETE now=   7.07% MFE=   7.42% MAE=  -2.14% lost=- done=-
PUMPUSDT       LONG   quality=FORWARD_COMPLETE now=  -0.86% MFE=   3.47% MAE=  -0.96% lost=Y done=-
HYPEUSDT       SHORT  quality=FORWARD_COMPLETE now=   0.13% MFE=   0.87% MAE=  -0.31% lost=Y done=-
HYPEUSDT       SHORT  quality=FORWARD_COMPLETE now=   0.17% MFE=   0.91% MAE=  -0.27% lost=Y done=-
GPSUSDT        LONG   quality=FORWARD_COMPLETE now= -33.42% MFE=   0.00% MAE= -35.94% lost=Y done=-
ZECUSDT        SHORT  quality=FORWARD_COMPLETE now=   0.01% MFE=   0.01% MAE=   0.00% lost=- done=-
ZECUSDT        SHORT  quality=FORWARD_COMPLETE now=   0.01% MFE=   0.01% MAE=   0.00% lost=- done=-
ZECUSDT        SHORT  quality=FORWARD_COMPLETE now=   0.02% MFE=   0.02% MAE=   0.00% lost=- done=-
ZECUSDT        SHORT  quality=FORWARD_COMPLETE now=   0.02% MFE=   0.02% MAE=   0.00% lost=- done=-
ZECUSDT        SHORT  quality=FORWARD_COMPLETE now=   0.02% MFE=   0.02% MAE=   0.00% lost=- done=-

======================================================================================================================
POST-CONFIRMATION TRACKER SUMMARY
======================================================================================================================
Outcome rows: 113
Created this run: 5
Tracked this run: 39
Failed: 0
Supabase rows upserted: 113
Forward complete: 113
Completed 24H: 76

IMPORTANT: OUTCOME TRACKER IS MEASUREMENT ONLY.
No trade permission was generated.

V7.6 POST-CONFIRMATION OUTCOME TRACKER: PASS
