
ALPHA HUNTER V7.1 — 2026-08-17T08:48:00.458461+00:00

Universe: 30 deep-scanned of 756 contracts
Eligible after prefilter: 306
Non-crypto rejected: 287

SYMBOL                  PHASE    TIME   BEHAV                     STATE      RR   DISC  TRADE
---------------------------------------------------------------------------------------------
BEATUSDT            EXPANSION    LATE    7.42  DIRECTION_EMERGING_SHORT    0.04     NO     NO
NXPCUSDT             IGNITION    FAIR    6.75   DIRECTION_EMERGING_LONG    0.19    YES     NO
GPSUSDT             EXPANSION    LATE    6.71   DIRECTION_EMERGING_LONG    0.15     NO     NO
CHIPUSDT         ACCUMULATION    FAIR    6.46                WATCH_LONG       —    YES     NO
AIOUSDT             EXPANSION    LATE    6.41                WATCH_LONG       —     NO     NO
CYSUSDT             EXPANSION    LATE    6.11  DIRECTION_EMERGING_SHORT    0.02     NO     NO
BSBUSDT        DISTRIBUTION_RISK    FAIR    5.47   DIRECTION_EMERGING_LONG    0.29     NO     NO
DOSUSDT          ACCUMULATION   EARLY    5.30                   NEUTRAL       —     NO     NO
DIAUSDT        DISTRIBUTION_RISK    FAIR    5.19   DIRECTION_EMERGING_LONG    0.03     NO     NO
USUSDT           ACCUMULATION    FAIR    5.08                   NEUTRAL       —    YES     NO
SKYAIUSDT        ACCUMULATION    FAIR    4.94                   NEUTRAL       —     NO     NO
APRUSDT             EXPANSION    LATE    4.88  DIRECTION_EMERGING_SHORT    0.82     NO     NO
TUTUSDT             EXPANSION    LATE    4.48                   NEUTRAL       —     NO     NO
PEPEUSDT             IGNITION   EARLY    4.46  DIRECTION_EMERGING_SHORT    0.67     NO     NO
BTWUSDT          ACCUMULATION    LATE    4.27                   NEUTRAL       —     NO     NO
PRLUSDT           COMPRESSION   EARLY    3.92                   NEUTRAL       —     NO     NO
ACUUSDT          ACCUMULATION    FAIR    3.63                   NEUTRAL       —     NO     NO
STBLUSDT         ACCUMULATION    FAIR    3.62                WATCH_LONG       —     NO     NO
LINKUSDT          COMPRESSION   EARLY    3.62                   NEUTRAL       —     NO     NO
ETHUSDT          ACCUMULATION   EARLY    3.55                   NEUTRAL       —     NO     NO
ZECUSDT          ACCUMULATION   EARLY    3.41                WATCH_LONG       —     NO     NO
BNBUSDT          ACCUMULATION   EARLY    3.32               WATCH_SHORT       —     NO     NO
ADAUSDT          ACCUMULATION   EARLY    3.31  DIRECTION_EMERGING_SHORT    0.45     NO     NO
NILUSDT           COMPRESSION   EARLY    3.22                   NEUTRAL       —     NO     NO
ELSAUSDT         ACCUMULATION    FAIR    3.19               WATCH_SHORT       —     NO     NO
XRPUSDT          ACCUMULATION   EARLY    2.94               WATCH_SHORT       —     NO     NO
SUIUSDT          ACCUMULATION   EARLY    2.91               WATCH_SHORT       —     NO     NO
BTCUSDT          ACCUMULATION   EARLY    2.66                   NEUTRAL       —     NO     NO
SOLUSDT          ACCUMULATION   EARLY    2.44                   NEUTRAL       —     NO     NO
DOGEUSDT         ACCUMULATION   EARLY    2.35                   NEUTRAL       —     NO     NO

V7.4 PRE-MOVE SURVEILLANCE
Eligible: 5 | Primary: 5 | Reserve: 0

PRIMARY
 1 AIOUSDT        CONTINUATION   11.85 state=WATCH_LONG
 2 CHIPUSDT       CONTINUATION   11.51 state=WATCH_LONG
 3 PRLUSDT        CONTINUATION   10.93 state=NEUTRAL
 4 ACUUSDT        REVERSAL       10.85 state=NEUTRAL
 5 NILUSDT        REVERSAL        9.97 state=NEUTRAL

Run ID: f11015bbd038cbef3300b69c11608aa9
Snapshot saved: /home/runner/work/Alpha-Hunter/Alpha-Hunter/data/snapshots/snapshot-20260817T084800Z.json
State history: /home/runner/work/Alpha-Hunter/Alpha-Hunter/data/state-history.jsonl
Supabase: SAVED
Qualified discovery candidates: 3
EARLY candidates: 0
V7 Trade Ready: 0
Bitget private API: NOT_CONFIGURED
