V7.4 HOURLY PERFORMANCE TRACKER
Run ID: f11015bbd038cbef3300b69c11608aa9

V7.4.1 SHADOW REVERSAL
 SH SYMBOL           V74     OLD   SHADOW
--------------------------------------------------
  1 NILUSDT            5    9.97     7.25
  2 ACUUSDT            4   10.85     7.08
PERFORMANCE SIGNALS SAVED: 30
FEATURE ROWS SAVED: 30
V7.4 OUTCOMES 1H: saved=9 failed=0
V7.4 OUTCOMES 4H: saved=6 failed=0
V7.4 OUTCOMES 12H: saved=5 failed=0
V7.4 OUTCOMES 24H: saved=17 failed=0
OUTCOME EVALUATION COMPLETE: saved=37 failed=0

==========================================================================================
V7.4 CURRENT SURVEILLANCE COHORT
==========================================================================================
RANK SYMBOL         TIER      PATH            SCORE STATE
------------------------------------------------------------------------------------------
   1 AIOUSDT        PRIMARY   CONTINUATION    11.85 WATCH_LONG
   2 CHIPUSDT       PRIMARY   CONTINUATION    11.51 WATCH_LONG
   3 PRLUSDT        PRIMARY   CONTINUATION    10.93 NEUTRAL
   4 ACUUSDT        PRIMARY   REVERSAL        10.85 NEUTRAL
   5 NILUSDT        PRIMARY   REVERSAL         9.97 NEUTRAL

================================================================================================================================
V7.4 FORWARD PERFORMANCE — RAW PRICE EXPANSION
================================================================================================================================

PRIMARY / RESERVE + PATH
  H TIER      PATH              N    POS%   AVG RAW   AVG ABS    EXP3%    EXP5%   EXP10%    UP5%    DN5%
--------------------------------------------------------------------------------------------------------------------------------
  1 PRIMARY   CONTINUATION     53   64.2%    0.800%    1.907%    28.3%     5.7%     0.0%    3.8%    1.9%
  1 PRIMARY   REVERSAL         92   62.0%    0.478%    1.926%    20.7%     4.3%     2.2%    3.3%    1.1%
  1 RESERVE   CONTINUATION      1  100.0%    0.849%    0.849%     0.0%     0.0%     0.0%    0.0%    0.0%
  1 RESERVE   REVERSAL         10   60.0%   -0.609%    1.979%    30.0%    20.0%     0.0%    0.0%   20.0%
  4 PRIMARY   CONTINUATION     51   64.7%    1.443%    3.363%    39.2%    23.5%     9.8%   17.6%    5.9%
  4 PRIMARY   REVERSAL         77   61.0%    0.054%    3.245%    35.1%    19.5%     2.6%   13.0%    6.5%
  4 RESERVE   CONTINUATION      1  100.0%    0.461%    0.461%     0.0%     0.0%     0.0%    0.0%    0.0%
  4 RESERVE   REVERSAL         10   60.0%    0.195%    3.719%    60.0%    20.0%    10.0%   10.0%   10.0%
 12 PRIMARY   CONTINUATION     30   83.3%    2.769%    3.359%    30.0%    10.0%     3.3%   10.0%    0.0%
 12 PRIMARY   REVERSAL         52   50.0%   -2.135%    6.187%    61.5%    55.8%    11.5%   17.3%   38.5%
 12 RESERVE   CONTINUATION      1  100.0%    2.731%    2.731%     0.0%     0.0%     0.0%    0.0%    0.0%
 12 RESERVE   REVERSAL          9   88.9%    2.449%    3.882%    44.4%    44.4%     0.0%   33.3%   11.1%

RANK QUALITY
  H RANK BUCKET         N    POS%   AVG RAW   AVG ABS    EXP3%    EXP5%   EXP10%    UP5%    DN5%
----------------------------------------------------------------------------------------------------------------
  1 TOP_1_3           103   61.2%    0.511%    2.111%    26.2%     4.9%     1.9%    2.9%    1.9%
  1 TOP_4_5            42   66.7%    0.802%    1.450%    16.7%     4.8%     0.0%    4.8%    0.0%
  1 RESERVE_6_10       11   63.6%   -0.477%    1.876%    27.3%    18.2%     0.0%    0.0%   18.2%
  4 TOP_1_3            90   51.1%    0.057%    3.759%    43.3%    24.4%     6.7%   15.6%    8.9%
  4 TOP_4_5            38   89.5%    1.912%    2.186%    21.1%    13.2%     2.6%   13.2%    0.0%
  4 RESERVE_6_10       11   63.6%    0.220%    3.423%    54.5%    18.2%     9.1%    9.1%    9.1%
 12 TOP_1_3            53   52.8%   -1.084%    6.296%    66.0%    54.7%    11.3%   18.9%   35.8%
 12 TOP_4_5            29   79.3%    1.019%    3.063%    20.7%    10.3%     3.4%    6.9%    3.4%
 12 RESERVE_6_10       10   90.0%    2.477%    3.766%    40.0%    40.0%     0.0%   30.0%   10.0%

Metric definitions:
AVG RAW = average raw market return from detection price.
AVG ABS = average absolute price movement regardless of direction.
EXP3/5/10 = percentage of candidates moving at least 3% / 5% / 10% in either direction.
UP5 = raw upside move >= +5%; DN5 = raw downside move <= -5%.
No V7.4 trade-direction assumption is used in these metrics.

V7.4 TRACKING JOB: PASS
