V7.5 state restored from Supabase: 88

ALPHA HUNTER V7.5 OPPORTUNITY LIFECYCLE
Run ID: f11015bbd038cbef3300b69c11608aa9
Timestamp: 2026-08-17T08:48:00.458461+00:00
Lifecycle candidates: 5

UPDATE CHIPUSDT       CONTINUATION  state=EXPANSION            det=2   v74=11.81 rank=3 shadow= 0.00 provisional=GOOD_DETECTION final=PENDING
NEW    AIOUSDT        CONTINUATION  state=PRE_MOVE_DETECTED    det=1   v74=11.85 rank=1 shadow= 0.00 provisional=ACTIVE final=PENDING
NEW    PRLUSDT        CONTINUATION  state=PRE_MOVE_DETECTED    det=1   v74=10.93 rank=3 shadow= 0.00 provisional=ACTIVE final=PENDING
NEW    ACUUSDT        REVERSAL      state=PRE_MOVE_DETECTED    det=1   v74=10.85 rank=4 shadow= 7.08 provisional=ACTIVE final=PENDING
NEW    NILUSDT        REVERSAL      state=PRE_MOVE_DETECTED    det=1   v74= 9.97 rank=5 shadow= 7.25 provisional=ACTIVE final=PENDING

Supabase lifecycle rows upserted: 92
Supabase lifecycle row count: 92

====================================================================================================
V7.5 LIFECYCLE SUMMARY
====================================================================================================
Episodes stored: 92
Created this run: 4
Updated this run: 1
Active episodes: 92

STATE COUNTS
DIRECTION_EMERGING       8
EXPANSION                5
FINALIZED                31
PRE_MOVE_DETECTED        48

State file: /home/runner/work/Alpha-Hunter/Alpha-Hunter/data/v75-lifecycle-episodes.json
History file: /home/runner/work/Alpha-Hunter/Alpha-Hunter/data/v75-lifecycle-history.jsonl

V7.5 LIFECYCLE JOB: PASS
