
==============================================================================================================
ALPHA HUNTER V7.5 INDEPENDENT EPISODE MARKET TRACKER
==============================================================================================================
Episodes stored: 92
Active episodes: 61

CYSUSDT        CONTINUATION  now=  -43.32% UP=   78.38% DOWN=  -45.21% 3=Y 5=Y 10=Y checks=46
BTWUSDT        CONTINUATION  now=   72.97% UP=  113.81% DOWN=    0.00% 3=Y 5=Y 10=Y checks=46
COOKIEUSDT     CONTINUATION  now=  -10.57% UP=    0.00% DOWN=  -15.46% 3=Y 5=Y 10=Y checks=46
SUIUSDT        CONTINUATION  now=   -3.93% UP=    0.00% DOWN=   -5.00% 3=Y 5=- 10=- checks=46
SOLUSDT        CONTINUATION  now=   -2.57% UP=    0.00% DOWN=   -4.13% 3=Y 5=- 10=- checks=46
SKYAIUSDT      REVERSAL      now=  -27.10% UP=    0.00% DOWN=  -42.50% 3=Y 5=Y 10=Y checks=46
DOGEUSDT       CONTINUATION  now=   -0.83% UP=    0.00% DOWN=   -2.32% 3=- 5=- 10=- checks=46
ADAUSDT        REVERSAL      now=  -11.43% UP=    0.00% DOWN=  -11.79% 3=Y 5=Y 10=Y checks=46
GWEIUSDT       REVERSAL      now=    4.82% UP=   17.67% DOWN=    0.00% 3=Y 5=Y 10=Y checks=46
BICOUSDT       REVERSAL      now=  -53.90% UP=    0.00% DOWN=  -58.94% 3=Y 5=Y 10=Y checks=46
IOTXUSDT       REVERSAL      now=   -9.12% UP=    0.00% DOWN=  -10.53% 3=Y 5=Y 10=Y checks=46
MMTUSDT        REVERSAL      now=  -12.87% UP=    0.00% DOWN=  -14.74% 3=Y 5=Y 10=Y checks=46
SUIUSDT        CONTINUATION  now=   -2.78% UP=    0.00% DOWN=   -3.86% 3=Y 5=- 10=- checks=46
MUBARAKUSDT    REVERSAL      now=  -11.42% UP=    0.00% DOWN=  -24.10% 3=Y 5=Y 10=Y checks=46
4USDT          REVERSAL      now=  -14.01% UP=    0.00% DOWN=  -22.21% 3=Y 5=Y 10=Y checks=46
JTOUSDT        REVERSAL      now=    9.58% UP=   11.45% DOWN=    0.00% 3=Y 5=Y 10=Y checks=46
FORMUSDT       REVERSAL      now=   -4.61% UP=    0.00% DOWN=   -7.88% 3=Y 5=Y 10=- checks=46
PUMPUSDT       REVERSAL      now=    2.40% UP=    5.86% DOWN=   -6.03% 3=Y 5=Y 10=- checks=46
ACUUSDT        REVERSAL      now=   -1.98% UP=   16.62% DOWN=  -12.33% 3=Y 5=Y 10=Y checks=46
HYPEUSDT       REVERSAL      now=    5.32% UP=    6.14% DOWN=   -0.62% 3=Y 5=Y 10=- checks=46
AEONUSDT       CONTINUATION  now=   15.20% UP=   28.62% DOWN=   -6.91% 3=Y 5=Y 10=Y checks=46
BTWUSDT        CONTINUATION  now=   15.84% UP=   43.38% DOWN=  -10.16% 3=Y 5=Y 10=Y checks=46
LINKUSDT       REVERSAL      now=    0.44% UP=    2.23% DOWN=   -0.64% 3=- 5=- 10=- checks=21
FOLKSUSDT      REVERSAL      now=   -4.26% UP=    0.93% DOWN=   -4.78% 3=Y 5=- 10=- checks=20
AEONUSDT       CONTINUATION  now=    0.78% UP=    2.16% DOWN=  -18.55% 3=Y 5=Y 10=Y checks=19
WLDUSDT        REVERSAL      now=    3.82% UP=    7.47% DOWN=   -0.98% 3=Y 5=Y 10=- checks=18
PRLUSDT        CONTINUATION  now=    3.36% UP=   13.09% DOWN=   -0.61% 3=Y 5=Y 10=Y checks=18
WLDUSDT        CONTINUATION  now=    3.37% UP=    7.00% DOWN=   -1.41% 3=Y 5=Y 10=- checks=17
AEONUSDT       REVERSAL      now=    3.97% UP=    5.40% DOWN=  -15.97% 3=Y 5=Y 10=Y checks=17
HYPEUSDT       CONTINUATION  now=    3.08% UP=    3.88% DOWN=   -0.74% 3=Y 5=- 10=- checks=17
BOMEUSDT       CONTINUATION  now=   -7.67% UP=    0.50% DOWN=   -8.23% 3=Y 5=Y 10=- checks=16
DOLOUSDT       REVERSAL      now=   -3.10% UP=   18.74% DOWN=   -5.22% 3=Y 5=Y 10=Y checks=16
VELVETUSDT     REVERSAL      now=  -14.37% UP=    5.57% DOWN=  -15.39% 3=Y 5=Y 10=Y checks=15
HUSDT          REVERSAL      now=  -14.33% UP=   16.49% DOWN=  -18.01% 3=Y 5=Y 10=Y checks=14
BTWUSDT        CONTINUATION  now=    9.57% UP=   35.61% DOWN=   -0.04% 3=Y 5=Y 10=Y checks=14
WLDUSDT        CONTINUATION  now=    2.81% UP=    6.42% DOWN=    0.00% 3=Y 5=Y 10=- checks=13
AEONUSDT       REVERSAL      now=   14.11% UP=   15.68% DOWN=   -7.78% 3=Y 5=Y 10=Y checks=12
ROBOUSDT       REVERSAL      now=   -6.37% UP=    4.11% DOWN=   -8.89% 3=Y 5=Y 10=- checks=10
LINKUSDT       CONTINUATION  now=   -0.50% UP=    1.28% DOWN=   -1.13% 3=- 5=- 10=- checks=8
ONGUSDT        CONTINUATION  now=    7.22% UP=   18.39% DOWN=   -2.88% 3=Y 5=Y 10=Y checks=8
PRLUSDT        CONTINUATION  now=   -1.06% UP=    5.86% DOWN=   -4.03% 3=Y 5=Y 10=- checks=7
REDUSDT        REVERSAL      now=   -3.57% UP=    0.00% DOWN=   -3.57% 3=Y 5=- 10=- checks=7
LINKUSDT       REVERSAL      now=    0.23% UP=    2.03% DOWN=   -0.29% 3=- 5=- 10=- checks=7
PRLUSDT        CONTINUATION  now=   -1.06% UP=    5.86% DOWN=   -4.03% 3=Y 5=Y 10=- checks=7
REDUSDT        REVERSAL      now=   -3.57% UP=    0.00% DOWN=   -3.57% 3=Y 5=- 10=- checks=7
LINKUSDT       REVERSAL      now=    0.23% UP=    2.03% DOWN=   -0.29% 3=- 5=- 10=- checks=7
HUSDT          REVERSAL      now=  -23.73% UP=    3.58% DOWN=  -27.00% 3=Y 5=Y 10=Y checks=5
NILUSDT        CONTINUATION  now=   -1.45% UP=    4.46% DOWN=   -3.50% 3=Y 5=- 10=- checks=5
AIOUSDT        CONTINUATION  now=    1.32% UP=    5.03% DOWN=  -10.17% 3=Y 5=Y 10=Y checks=5
VELVETUSDT     CONTINUATION  now=  -12.02% UP=    3.94% DOWN=  -12.97% 3=Y 5=Y 10=Y checks=4
NILUSDT        REVERSAL      now=    1.64% UP=    3.79% DOWN=   -0.48% 3=Y 5=- 10=- checks=3
BASEDUSDT      REVERSAL      now=    2.62% UP=    3.02% DOWN=   -0.32% 3=Y 5=- 10=- checks=3
AEONUSDT       REVERSAL      now=   10.20% UP=   11.72% DOWN=   -1.36% 3=Y 5=Y 10=Y checks=3
LINKUSDT       REVERSAL      now=   -0.41% UP=    0.59% DOWN=   -0.71% 3=- 5=- 10=- checks=3
AIOUSDT        REVERSAL      now=    6.33% UP=    7.79% DOWN=   -4.77% 3=Y 5=Y 10=- checks=2
PIXELUSDT      REVERSAL      now=   -0.28% UP=    1.03% DOWN=   -0.81% 3=- 5=- 10=- checks=2
CHIPUSDT       CONTINUATION  now=   -3.76% UP=    5.56% DOWN=   -5.46% 3=Y 5=Y 10=- checks=2
AIOUSDT        CONTINUATION  now=   -0.23% UP=    0.00% DOWN=   -0.23% 3=- 5=- 10=- checks=1
PRLUSDT        CONTINUATION  now=    0.36% UP=    0.36% DOWN=    0.00% 3=- 5=- 10=- checks=1
ACUUSDT        REVERSAL      now=    0.04% UP=    0.04% DOWN=    0.00% 3=- 5=- 10=- checks=1
NILUSDT        REVERSAL      now=    0.00% UP=    0.00% DOWN=    0.00% 3=- 5=- 10=- checks=1

==============================================================================================================
TRACKER SUMMARY
==============================================================================================================
Checked: 61
Failed: 0
Supabase rows upserted: 92
3% episodes: 76
5% episodes: 63
10% episodes: 43

V7.5 EPISODE MARKET TRACKER: PASS
