
======================================================================================================================
ALPHA HUNTER V7.6 POST-CONFIRMATION OUTCOME TRACKER — SHADOW
======================================================================================================================
Confirmed outcome rows: 56
Created this run: 3

ALICEUSDT      LONG   quality=FORWARD_COMPLETE now=   4.48% MFE=  12.97% MAE=  -1.49% lost=Y done=Y
CAPUSDT        LONG   quality=FORWARD_COMPLETE now=   2.84% MFE=   8.29% MAE=  -4.41% lost=Y done=Y
VELVETUSDT     SHORT  quality=FORWARD_COMPLETE now=  11.05% MFE=  12.05% MAE=  -5.03% lost=Y done=-
VELVETUSDT     LONG   quality=FORWARD_COMPLETE now= -16.27% MFE=   0.51% MAE= -17.22% lost=Y done=-
FOLKSUSDT      SHORT  quality=FORWARD_COMPLETE now=   3.25% MFE=   3.77% MAE=  -0.55% lost=Y done=-
AEONUSDT       SHORT  quality=FORWARD_COMPLETE now=  -3.63% MFE=  16.26% MAE=  -5.04% lost=Y done=-
COWUSDT        SHORT  quality=FORWARD_COMPLETE now=   8.40% MFE=   9.88% MAE=  -4.78% lost=Y done=-
NILUSDT        LONG   quality=FORWARD_COMPLETE now=   3.75% MFE=  10.13% MAE=  -4.77% lost=Y done=-
AEONUSDT       SHORT  quality=FORWARD_COMPLETE now= -14.06% MFE=   7.83% MAE= -15.61% lost=Y done=-
DOLOUSDT       LONG   quality=FORWARD_COMPLETE now=  -9.15% MFE=  11.33% MAE= -11.13% lost=Y done=-
HYPEUSDT       LONG   quality=FORWARD_COMPLETE now=   3.01% MFE=   3.83% MAE=  -0.80% lost=Y done=Y
VELVETUSDT     LONG   quality=FORWARD_COMPLETE now= -22.31% MFE=   3.52% MAE= -23.19% lost=Y done=-
PUMPUSDT       SHORT  quality=FORWARD_COMPLETE now=  -5.53% MFE=   3.13% MAE=  -9.13% lost=Y done=-
BTWUSDT        LONG   quality=FORWARD_COMPLETE now=   5.11% MFE=  30.90% MAE=  -1.19% lost=Y done=-
BRUSDT         SHORT  quality=FORWARD_COMPLETE now=  -0.31% MFE=   7.06% MAE=  -9.40% lost=Y done=Y
WLDUSDT        LONG   quality=FORWARD_COMPLETE now=  -0.31% MFE=   3.14% MAE=  -2.31% lost=Y done=-
HYPEUSDT       LONG   quality=FORWARD_COMPLETE now=   2.42% MFE=   3.23% MAE=  -1.27% lost=Y done=-
AEONUSDT       SHORT  quality=FORWARD_COMPLETE now= -18.46% MFE=   4.19% MAE= -20.19% lost=Y done=-
ROBOUSDT       LONG   quality=FORWARD_COMPLETE now=  -9.37% MFE=   0.00% MAE= -11.81% lost=Y done=-
WLDUSDT        LONG   quality=FORWARD_COMPLETE now=  -0.31% MFE=   3.20% MAE=  -2.25% lost=Y done=-
BOMEUSDT       SHORT  quality=FORWARD_COMPLETE now=   4.61% MFE=   4.98% MAE=  -2.54% lost=Y done=-
HUSDT          SHORT  quality=FORWARD_COMPLETE now=  19.16% MFE=  23.87% MAE=  -8.16% lost=Y done=-
PRLUSDT        LONG   quality=FORWARD_COMPLETE now=  -4.81% MFE=   4.15% MAE=  -7.66% lost=Y done=-
HUSDT          SHORT  quality=FORWARD_COMPLETE now=   0.78% MFE=   6.56% MAE=  -4.89% lost=- done=-
WLDUSDT        LONG   quality=FORWARD_COMPLETE now=  -0.31% MFE=   3.20% MAE=  -2.25% lost=Y done=-
WLDUSDT        LONG   quality=FORWARD_COMPLETE now=  -0.36% MFE=   3.14% MAE=  -2.31% lost=Y done=-
ONGUSDT        LONG   quality=FORWARD_COMPLETE now=  -3.26% MFE=   1.77% MAE=  -5.93% lost=Y done=-
REDUSDT        SHORT  quality=FORWARD_COMPLETE now=   2.33% MFE=   2.33% MAE=  -0.12% lost=- done=-
REDUSDT        SHORT  quality=FORWARD_COMPLETE now=   2.33% MFE=   2.33% MAE=  -0.12% lost=- done=-
PRLUSDT        LONG   quality=FORWARD_COMPLETE now=  -5.98% MFE=   0.29% MAE=  -8.80% lost=- done=-
PRLUSDT        LONG   quality=FORWARD_COMPLETE now=  -5.98% MFE=   0.29% MAE=  -8.80% lost=- done=-
NILUSDT        LONG   quality=FORWARD_COMPLETE now=  -4.32% MFE=   0.72% MAE=  -6.21% lost=Y done=-
AIOUSDT        LONG   quality=FORWARD_COMPLETE now=  -2.56% MFE=   0.46% MAE= -13.65% lost=Y done=-
PIXELUSDT      SHORT  quality=FORWARD_COMPLETE now=   0.02% MFE=   0.17% MAE=   0.00% lost=- done=-
CHIPUSDT       LONG   quality=FORWARD_COMPLETE now=   0.30% MFE=   0.30% MAE=   0.00% lost=- done=-
AEONUSDT       LONG   quality=FORWARD_COMPLETE now=  -0.22% MFE=   0.00% MAE=  -0.22% lost=- done=-

======================================================================================================================
POST-CONFIRMATION TRACKER SUMMARY
======================================================================================================================
Outcome rows: 56
Created this run: 3
Tracked this run: 36
Failed: 0
Supabase rows upserted: 56
Forward complete: 56
Completed 24H: 24

IMPORTANT: OUTCOME TRACKER IS MEASUREMENT ONLY.
No trade permission was generated.

V7.6 POST-CONFIRMATION OUTCOME TRACKER: PASS
