
======================================================================================================================
ALPHA HUNTER V7.7 HUGE-RR EXECUTION FEASIBILITY — SHADOW
======================================================================================================================
Confirmed direction states: 56

SKIP   ACEUSDT        insufficient closed history at confirmation
SKIP   ALICEUSDT      insufficient closed history at confirmation
SKIP   ALICEUSDT      insufficient closed history at confirmation
SKIP   HYPEUSDT       insufficient closed history at confirmation
SKIP   VELVETUSDT     insufficient closed history at confirmation
SKIP   VELVETUSDT     insufficient closed history at confirmation
SKIP   WLDUSDT        insufficient closed history at confirmation
SKIP   WLDUSDT        insufficient closed history at confirmation
SKIP   BRUSDT         insufficient closed history at confirmation
SKIP   CYSUSDT        insufficient closed history at confirmation
SKIP   ACUUSDT        insufficient closed history at confirmation
SKIP   AVNTUSDT       insufficient closed history at confirmation
SKIP   AVAXUSDT       insufficient closed history at confirmation
SKIP   ROBOUSDT       insufficient closed history at confirmation
SKIP   CAPUSDT        insufficient closed history at confirmation
SKIP   CAPUSDT        insufficient closed history at confirmation
SKIP   CAPUSDT        insufficient closed history at confirmation
SKIP   CAPUSDT        insufficient closed history at confirmation
SKIP   PUMPUSDT       insufficient closed history at confirmation
SKIP   WLFIUSDT       insufficient closed history at confirmation
ALICEUSDT      LONG    entry=0.1272       stop=0.12160992   risk=  4.39% structRR=0.09   status=STRUCTURE_RR_LT_3
CAPUSDT        LONG    entry=0.06717      stop=0.06551733   risk=  2.46% structRR=1.66   status=STRUCTURE_RR_LT_3
BRUSDT         SHORT   entry=0.19607      stop=0.21346416   risk=  8.87% structRR=—      status=NO_STRUCTURAL_TARGET
HYPEUSDT       LONG    entry=57.488       stop=56.723629    risk=  1.33% structRR=0.06   status=STRUCTURE_RR_LT_3
NILUSDT        LONG    entry=0.04718      stop=0.043423059  risk=  7.96% structRR=0.02   status=STRUCTURE_RR_LT_3
VELVETUSDT     LONG    entry=1.12535      stop=0.85196757   risk= 24.29% structRR=—      status=NO_STRUCTURAL_TARGET
COWUSDT        SHORT   entry=0.1214       stop=0.13193217   risk=  8.68% structRR=0.10   status=STRUCTURE_RR_LT_3
PUMPUSDT       SHORT   entry=0.002749     stop=0.0027916031 risk=  1.55% structRR=0.23   status=STRUCTURE_RR_LT_3
AEONUSDT       SHORT   entry=0.07952      stop=0.085595104  risk=  7.64% structRR=0.50   status=STRUCTURE_RR_LT_3
FOLKSUSDT      SHORT   entry=1.8875       stop=1.9282737    risk=  2.16% structRR=0.29   status=STRUCTURE_RR_LT_3
PRLUSDT        LONG    entry=0.4099       stop=0.37055442   risk=  9.60% structRR=—      status=NO_STRUCTURAL_TARGET
AEONUSDT       SHORT   entry=0.07225      stop=0.082431118  risk= 14.09% structRR=0.11   status=STRUCTURE_RR_LT_3
DOLOUSDT       LONG    entry=0.02515      stop=0.022745819  risk=  9.56% structRR=0.51   status=STRUCTURE_RR_LT_3
BTWUSDT        LONG    entry=0.33617      stop=0.30898863   risk=  8.09% structRR=0.73   status=STRUCTURE_RR_LT_3
HUSDT          SHORT   entry=0.13457      stop=0.16211342   risk= 20.47% structRR=1.23   status=STRUCTURE_RR_LT_3
HYPEUSDT       LONG    entry=57.817       stop=56.994677    risk=  1.42% structRR=—      status=NO_STRUCTURAL_TARGET
WLDUSDT        LONG    entry=0.3597       stop=0.34224531   risk=  4.85% structRR=0.01   status=STRUCTURE_RR_LT_3
WLDUSDT        LONG    entry=0.3597       stop=0.34224531   risk=  4.85% structRR=0.01   status=STRUCTURE_RR_LT_3
WLDUSDT        LONG    entry=0.3599       stop=0.34224531   risk=  4.91% structRR=—      status=NO_STRUCTURAL_TARGET
WLDUSDT        LONG    entry=0.3599       stop=0.34224531   risk=  4.91% structRR=—      status=NO_STRUCTURAL_TARGET
AEONUSDT       SHORT   entry=0.0695       stop=0.074117375  risk=  6.64% structRR=0.20   status=STRUCTURE_RR_LT_3
BOMEUSDT       SHORT   entry=0.0008301    stop=0.0008442873 risk=  1.71% structRR=1.01   status=STRUCTURE_RR_LT_3
ROBOUSDT       LONG    entry=0.01558      stop=0.014781724  risk=  5.12% structRR=0.48   status=STRUCTURE_RR_LT_3
VELVETUSDT     LONG    entry=1.04423      stop=1.0181716    risk=  2.50% structRR=1.32   status=STRUCTURE_RR_LT_3
ONGUSDT        LONG    entry=0.06004      stop=0.052641342  risk= 12.32% structRR=0.55   status=STRUCTURE_RR_LT_3
REDUSDT        SHORT   entry=0.0858       stop=0.086874275  risk=  1.25% structRR=0.19   status=STRUCTURE_RR_LT_3
REDUSDT        SHORT   entry=0.0858       stop=0.086874275  risk=  1.25% structRR=0.19   status=STRUCTURE_RR_LT_3
AIOUSDT        LONG    entry=0.07419      stop=0.068180561  risk=  8.10% structRR=0.04   status=STRUCTURE_RR_LT_3
NILUSDT        LONG    entry=0.05118      stop=0.048482038  risk=  5.27% structRR=0.29   status=STRUCTURE_RR_LT_3
PRLUSDT        LONG    entry=0.415        stop=0.37920571   risk=  8.63% structRR=0.07   status=STRUCTURE_RR_LT_3
PRLUSDT        LONG    entry=0.415        stop=0.37920571   risk=  8.63% structRR=0.07   status=STRUCTURE_RR_LT_3
VELVETUSDT     SHORT   entry=0.98289      stop=1.0371803    risk=  5.52% structRR=0.12   status=STRUCTURE_RR_LT_3
HUSDT          SHORT   entry=0.10964      stop=0.14290944   risk= 30.34% structRR=0.15   status=STRUCTURE_RR_LT_3
AEONUSDT       LONG    entry=0.08242      stop=0.073328534  risk= 11.03% structRR=0.12   status=STRUCTURE_RR_LT_3
CHIPUSDT       LONG    entry=0.02994      stop=0.028573694  risk=  4.56% structRR=1.99   status=STRUCTURE_RR_LT_3
PIXELUSDT      SHORT   entry=0.004666     stop=0.0047357469 risk=  1.49% structRR=0.36   status=STRUCTURE_RR_LT_3

======================================================================================================================
V7.7 EXECUTION SHADOW SUMMARY
======================================================================================================================
Confirmed direction states: 56
Execution snapshots: 36
Skipped: 20
Failures: 0
Supabase rows upserted: 36
Structure >=1:3: 0
Structure >=1:5: 0
Structure >=1:10: 0

IMPORTANT: V7.7 IS EXECUTION FEASIBILITY SHADOW ONLY.
3% / 5% / 10% are scenarios, not predicted targets.
No trade permission was generated.

V7.7 EXECUTION FEASIBILITY: PASS
