
======================================================================================================================
ALPHA HUNTER V7.9 FULL-UNIVERSE HOURLY LEDGER — SHADOW
======================================================================================================================
Observed: 2026-08-17T08:48:03.884728+00:00
Hour bucket: 2026-08-17T08:00:00+00:00
Contract tickers: 756
Rows attempted: 756
Deep-scan selected: 30
Selection snapshot: 2026-08-17T08:48:00.458461+00:00
Selection run ID: f11015bbd038cbef3300b69c11608aa9
Prefilter eligible: 306
Eligible not selected: 278
Non-crypto: 287
Low liquidity: 160
Over-extended: 3
Invalid price skipped: 0
Rows purged >7d: 0

TOP ABSOLUTE 24H MOVERS
SYMBOL                  24H    ELIG    SCAN  STATUS
------------------------------------------------------------------------
GPSUSDT             +37.11%       N       Y  OVER_EXTENDED
HUSDT               -35.19%       N       N  OVER_EXTENDED
BEATUSDT            -31.42%       N       Y  OVER_EXTENDED
CYSUSDT             -22.36%       Y       Y  DEEP_SCAN_SELECTED
VELVETUSDT          -20.49%       Y       N  ELIGIBLE_NOT_SELECTED
XPINUSDT            -20.31%       Y       N  ELIGIBLE_NOT_SELECTED
ONGUSDT             +19.68%       Y       N  ELIGIBLE_NOT_SELECTED
QUSDT               -17.86%       Y       N  ELIGIBLE_NOT_SELECTED
BSBUSDT             +15.13%       Y       Y  DEEP_SCAN_SELECTED
KIOXIAUSDT          +14.04%       N       N  NON_CRYPTO
USUSDT              +12.77%       Y       Y  DEEP_SCAN_SELECTED
DIAUSDT             +12.76%       Y       Y  DEEP_SCAN_SELECTED
BTWUSDT             +12.59%       Y       Y  DEEP_SCAN_SELECTED
SKYAIUSDT           +12.47%       Y       Y  DEEP_SCAN_SELECTED
ACUUSDT             -12.42%       Y       Y  DEEP_SCAN_SELECTED

IMPORTANT: V7.9 IS MEASUREMENT/AUDIT ONLY.
Same-hour reruns do not overwrite the first stored universe snapshot.
Raw universe evidence is retained for 7 days.
No trade permission was generated.

V7.9 FULL-UNIVERSE LEDGER: PASS
