
ALPHA HUNTER V7.1 — 2026-08-20T14:40:53.871718+00:00

Universe: 30 deep-scanned of 759 contracts
Eligible after prefilter: 378
Non-crypto rejected: 294

SYMBOL                  PHASE    TIME   BEHAV                     STATE      RR   DISC  TRADE
---------------------------------------------------------------------------------------------
SKYAIUSDT           EXPANSION    LATE    6.68   DIRECTION_EMERGING_LONG    0.06     NO     NO
XRPUSDT        DISTRIBUTION_RISK    LATE    5.78   DIRECTION_EMERGING_LONG    0.03     NO     NO
HUSDT               BREAKDOWN    FAIR    5.47  DIRECTION_EMERGING_SHORT    0.01     NO     NO
ROBOUSDT       DISTRIBUTION_RISK    FAIR    5.36   DIRECTION_EMERGING_LONG    0.09     NO     NO
SUSDT            ACCUMULATION    FAIR    5.12                WATCH_LONG       —    YES     NO
GPSUSDT           COMPRESSION   EARLY    5.10                   NEUTRAL       —    YES     NO
VVVUSDT           COMPRESSION   EARLY    4.68   DIRECTION_EMERGING_LONG    0.45     NO     NO
CROUSDT          ACCUMULATION    FAIR    4.61   DIRECTION_EMERGING_LONG    0.06     NO     NO
TUTUSDT          ACCUMULATION    FAIR    4.56               WATCH_SHORT       —     NO     NO
MUBARAKUSDT       COMPRESSION   EARLY    4.51               WATCH_SHORT       —     NO     NO
ETHUSDT          ACCUMULATION    FAIR    4.51                   NEUTRAL       —     NO     NO
XLMUSDT          ACCUMULATION    FAIR    4.36   DIRECTION_EMERGING_LONG    0.07     NO     NO
TRIAUSDT          COMPRESSION   EARLY    4.30                   NEUTRAL       —     NO     NO
LAUSDT            COMPRESSION   EARLY    4.24   DIRECTION_EMERGING_LONG    0.91     NO     NO
STXUSDT              IGNITION    FAIR    4.11   DIRECTION_EMERGING_LONG    0.14     NO     NO
CYSUSDT           COMPRESSION   EARLY    4.07                   NEUTRAL       —     NO     NO
VELVETUSDT           RECOVERY   EARLY    4.04                WATCH_LONG       —     NO     NO
GALAUSDT       DISTRIBUTION_RISK    FAIR    4.04                WATCH_LONG       —     NO     NO
BIOUSDT          ACCUMULATION    FAIR    4.01                   NEUTRAL       —     NO     NO
1000RATSUSDT     ACCUMULATION    FAIR    4.00                   NEUTRAL       —     NO     NO
SOLUSDT          ACCUMULATION    FAIR    3.93                   NEUTRAL       —     NO     NO
THETAUSDT        ACCUMULATION    FAIR    3.92   DIRECTION_EMERGING_LONG    0.06     NO     NO
TREEUSDT         ACCUMULATION    FAIR    3.80                   NEUTRAL       —     NO     NO
WLFIUSDT         ACCUMULATION   EARLY    3.54   DIRECTION_EMERGING_LONG    0.36     NO     NO
BANKUSDT          COMPRESSION   EARLY    3.54                   NEUTRAL       —     NO     NO
BTCUSDT          ACCUMULATION    FAIR    3.18                   NEUTRAL       —     NO     NO
TURBOUSDT        ACCUMULATION    FAIR    3.11   DIRECTION_EMERGING_LONG    0.07     NO     NO
TRXUSDT          ACCUMULATION   EARLY    3.03   DIRECTION_EMERGING_LONG    0.09     NO     NO
XMRUSDT              RECOVERY   EARLY    2.81                WATCH_LONG       —     NO     NO
ACUUSDT          ACCUMULATION   EARLY    2.39                   NEUTRAL       —     NO     NO

V7.4 PRE-MOVE SURVEILLANCE
Eligible: 6 | Primary: 5 | Reserve: 1

PRIMARY
 1 TREEUSDT       REVERSAL       13.97 state=NEUTRAL
 2 MUBARAKUSDT    REVERSAL       12.74 state=WATCH_SHORT
 3 ACUUSDT        REVERSAL       12.09 state=NEUTRAL
 4 LAUSDT         CONTINUATION    9.95 state=DIRECTION_EMERGING_LONG
 5 1000RATSUSDT   CONTINUATION    9.80 state=NEUTRAL

RESERVE
 6 VVVUSDT        CONTINUATION    9.70 state=DIRECTION_EMERGING_LONG

Run ID: 911ca7b8b14dfb0add783430bd8a8315
Snapshot saved: /home/runner/work/Alpha-Hunter/Alpha-Hunter/data/snapshots/snapshot-20260820T144053Z.json
State history: /home/runner/work/Alpha-Hunter/Alpha-Hunter/data/state-history.jsonl
Supabase: SAVED
Qualified discovery candidates: 2
EARLY candidates: 1
V7 Trade Ready: 0
Bitget private API: NOT_CONFIGURED
