V7.4 HOURLY PERFORMANCE TRACKER
Run ID: 911ca7b8b14dfb0add783430bd8a8315

V7.4.1 SHADOW REVERSAL
 SH SYMBOL           V74     OLD   SHADOW
--------------------------------------------------
  1 MUBARAKUSDT        2   12.74    14.27
  2 TREEUSDT           1   13.97    12.65
  3 ACUUSDT            3   12.09     7.96
PERFORMANCE SIGNALS SAVED: 30
FEATURE ROWS SAVED: 30
V7.4 OUTCOMES 1H: saved=12 failed=0
V7.4 OUTCOMES 4H: saved=4 failed=0
V7.4 OUTCOMES 12H: saved=4 failed=0
V7.4 OUTCOMES 24H: saved=6 failed=0
OUTCOME EVALUATION COMPLETE: saved=26 failed=0

==========================================================================================
V7.4 CURRENT SURVEILLANCE COHORT
==========================================================================================
RANK SYMBOL         TIER      PATH            SCORE STATE
------------------------------------------------------------------------------------------
   1 TREEUSDT       PRIMARY   REVERSAL        13.97 NEUTRAL
   2 MUBARAKUSDT    PRIMARY   REVERSAL        12.74 WATCH_SHORT
   3 ACUUSDT        PRIMARY   REVERSAL        12.09 NEUTRAL
   4 LAUSDT         PRIMARY   CONTINUATION     9.95 DIRECTION_EMERGING_LONG
   5 1000RATSUSDT   PRIMARY   CONTINUATION     9.80 NEUTRAL
   6 VVVUSDT        RESERVE   CONTINUATION     9.70 DIRECTION_EMERGING_LONG

================================================================================================================================
V7.4 FORWARD PERFORMANCE — RAW PRICE EXPANSION
================================================================================================================================

PRIMARY / RESERVE + PATH
  H TIER      PATH              N    POS%   AVG RAW   AVG ABS    EXP3%    EXP5%   EXP10%    UP5%    DN5%
--------------------------------------------------------------------------------------------------------------------------------
  1 PRIMARY   CONTINUATION     30   43.3%   -0.392%    1.711%    20.0%     0.0%     0.0%    0.0%    0.0%
  1 PRIMARY   REVERSAL         85   62.4%    1.497%    2.505%    18.8%     8.2%     2.4%    4.7%    3.5%
  1 RESERVE   CONTINUATION      5   60.0%    1.618%    2.329%    40.0%     0.0%     0.0%    0.0%    0.0%
  1 RESERVE   REVERSAL          3  100.0%    1.008%    1.008%     0.0%     0.0%     0.0%    0.0%    0.0%
  4 PRIMARY   CONTINUATION     20   25.0%    0.440%    3.229%    45.0%    10.0%     5.0%   10.0%    0.0%
  4 PRIMARY   REVERSAL         71   62.0%    1.055%    3.244%    29.6%    18.3%     5.6%   12.7%    5.6%
  4 RESERVE   CONTINUATION      4   50.0%    4.190%    5.973%    75.0%    25.0%    25.0%   25.0%    0.0%
  4 RESERVE   REVERSAL          2  100.0%    0.886%    0.886%     0.0%     0.0%     0.0%    0.0%    0.0%
 12 PRIMARY   CONTINUATION     14   14.3%   -0.722%    2.622%    28.6%    14.3%     7.1%    7.1%    7.1%
 12 PRIMARY   REVERSAL         43   53.5%    2.210%    4.372%    39.5%    27.9%    16.3%   23.3%    4.7%
 12 RESERVE   CONTINUATION      3  100.0%    9.009%    9.009%    66.7%    66.7%    33.3%   66.7%    0.0%

RANK QUALITY
  H RANK BUCKET         N    POS%   AVG RAW   AVG ABS    EXP3%    EXP5%   EXP10%    UP5%    DN5%
----------------------------------------------------------------------------------------------------------------
  1 TOP_1_3            86   53.5%    1.093%    2.509%    18.6%     7.0%     2.3%    3.5%    3.5%
  1 TOP_4_5            29   69.0%    0.740%    1.672%    20.7%     3.4%     0.0%    3.4%    0.0%
  1 RESERVE_6_10        8   75.0%    1.390%    1.834%    25.0%     0.0%     0.0%    0.0%    0.0%
  4 TOP_1_3            71   49.3%    0.620%    3.379%    33.8%    18.3%     5.6%   12.7%    5.6%
  4 TOP_4_5            20   70.0%    1.981%    2.749%    30.0%    10.0%     5.0%   10.0%    0.0%
  4 RESERVE_6_10        6   66.7%    3.089%    4.277%    50.0%    16.7%    16.7%   16.7%    0.0%
 12 TOP_1_3            45   40.0%    1.072%    3.960%    40.0%    24.4%    11.1%   17.8%    6.7%
 12 TOP_4_5            12   58.3%    3.057%    3.876%    25.0%    25.0%    25.0%   25.0%    0.0%
 12 RESERVE_6_10        3  100.0%    9.009%    9.009%    66.7%    66.7%    33.3%   66.7%    0.0%

Metric definitions:
AVG RAW = average raw market return from detection price.
AVG ABS = average absolute price movement regardless of direction.
EXP3/5/10 = percentage of candidates moving at least 3% / 5% / 10% in either direction.
UP5 = raw upside move >= +5%; DN5 = raw downside move <= -5%.
No V7.4 trade-direction assumption is used in these metrics.

V7.4 TRACKING JOB: PASS
