
==============================================================================================================
ALPHA HUNTER V7.5 INDEPENDENT EPISODE MARKET TRACKER
==============================================================================================================
Episodes stored: 203
Active episodes: 65

ADAUSDT        REVERSAL      now=   -2.18% UP=    0.00% DOWN=  -12.70% 3=Y 5=Y 10=Y checks=61
DOGEUSDT       CONTINUATION  now=   10.02% UP=   10.64% DOWN=   -2.32% 3=Y 5=Y 10=Y checks=61
SKYAIUSDT      REVERSAL      now=  -28.43% UP=    0.00% DOWN=  -53.06% 3=Y 5=Y 10=Y checks=61
SOLUSDT        CONTINUATION  now=   11.93% UP=   14.08% DOWN=   -4.13% 3=Y 5=Y 10=Y checks=61
SUIUSDT        CONTINUATION  now=    3.13% UP=    4.72% DOWN=   -7.92% 3=Y 5=Y 10=- checks=61
COOKIEUSDT     CONTINUATION  now=  -11.19% UP=    0.00% DOWN=  -19.43% 3=Y 5=Y 10=Y checks=61
BTWUSDT        CONTINUATION  now=   87.33% UP=  268.12% DOWN=    0.00% 3=Y 5=Y 10=Y checks=61
CYSUSDT        CONTINUATION  now=  -44.35% UP=   78.38% DOWN=  -50.85% 3=Y 5=Y 10=Y checks=61
GWEIUSDT       REVERSAL      now=    4.18% UP=   17.67% DOWN=   -7.43% 3=Y 5=Y 10=Y checks=61
BICOUSDT       REVERSAL      now=  -60.07% UP=    0.00% DOWN=  -66.13% 3=Y 5=Y 10=Y checks=61
SUIUSDT        CONTINUATION  now=    4.41% UP=    5.97% DOWN=   -6.82% 3=Y 5=Y 10=- checks=61
MMTUSDT        REVERSAL      now=  -12.97% UP=    0.00% DOWN=  -20.84% 3=Y 5=Y 10=Y checks=61
IOTXUSDT       REVERSAL      now=   -4.05% UP=    0.00% DOWN=  -11.34% 3=Y 5=Y 10=Y checks=61
FORMUSDT       REVERSAL      now=   11.47% UP=   15.20% DOWN=   -7.88% 3=Y 5=Y 10=Y checks=61
JTOUSDT        REVERSAL      now=    3.36% UP=    8.18% DOWN=   -2.16% 3=Y 5=Y 10=- checks=61
4USDT          REVERSAL      now=  -13.94% UP=    0.00% DOWN=  -22.21% 3=Y 5=Y 10=Y checks=61
MUBARAKUSDT    REVERSAL      now=   -3.36% UP=   25.90% DOWN=  -24.10% 3=Y 5=Y 10=Y checks=61
PUMPUSDT       REVERSAL      now=   25.62% UP=   29.32% DOWN=   -5.65% 3=Y 5=Y 10=Y checks=61
HYPEUSDT       REVERSAL      now=   27.56% UP=   31.44% DOWN=   -0.62% 3=Y 5=Y 10=Y checks=61
ACUUSDT        REVERSAL      now=   12.57% UP=   29.06% DOWN=   -4.40% 3=Y 5=Y 10=Y checks=61
BTWUSDT        CONTINUATION  now=   25.49% UP=  146.86% DOWN=  -15.23% 3=Y 5=Y 10=Y checks=61
AEONUSDT       CONTINUATION  now=    2.75% UP=   28.99% DOWN=   -6.91% 3=Y 5=Y 10=Y checks=61
LINKUSDT       CONTINUATION  now=   11.24% UP=   14.63% DOWN=    0.00% 3=Y 5=Y 10=Y checks=18
OUSDT          CONTINUATION  now=   -4.57% UP=    1.24% DOWN=   -6.18% 3=Y 5=Y 10=- checks=18
HYPEUSDT       REVERSAL      now=   22.25% UP=   25.96% DOWN=   -1.10% 3=Y 5=Y 10=Y checks=18
ZECUSDT        REVERSAL      now=   11.34% UP=   15.05% DOWN=   -0.72% 3=Y 5=Y 10=Y checks=18
1000RATSUSDT   REVERSAL      now=    7.01% UP=    9.83% DOWN=   -4.96% 3=Y 5=Y 10=- checks=13
ETHUSDT        CONTINUATION  now=   18.66% UP=   21.67% DOWN=   -0.01% 3=Y 5=Y 10=Y checks=13
BTCUSDT        CONTINUATION  now=   10.97% UP=   12.41% DOWN=   -0.08% 3=Y 5=Y 10=Y checks=13
AEONUSDT       REVERSAL      now=   -8.45% UP=    5.43% DOWN=  -10.95% 3=Y 5=Y 10=Y checks=13
REDUSDT        REVERSAL      now=   18.39% UP=   35.87% DOWN=   -1.25% 3=Y 5=Y 10=Y checks=13
SOLUSDT        CONTINUATION  now=   11.45% UP=   13.63% DOWN=   -0.19% 3=Y 5=Y 10=Y checks=13
ACUUSDT        CONTINUATION  now=   -1.58% UP=   12.85% DOWN=   -8.37% 3=Y 5=Y 10=Y checks=10
LAUSDT         CONTINUATION  now=   -2.67% UP=    0.00% DOWN=   -5.57% 3=Y 5=Y 10=- checks=9
VVVUSDT        REVERSAL      now=    3.96% UP=    6.66% DOWN=   -0.21% 3=Y 5=Y 10=- checks=9
CAPUSDT        REVERSAL      now=   -1.95% UP=    2.43% DOWN=   -4.18% 3=Y 5=- 10=- checks=8
LAUSDT         CONTINUATION  now=    0.67% UP=    1.97% DOWN=   -2.33% 3=- 5=- 10=- checks=8
ACEUSDT        REVERSAL      now=   29.05% UP=   30.61% DOWN=   -6.91% 3=Y 5=Y 10=Y checks=8
OPNUSDT        REVERSAL      now=   -0.09% UP=    1.95% DOWN=   -2.15% 3=- 5=- 10=- checks=7
POLUSDT        CONTINUATION  now=   -0.21% UP=    1.10% DOWN=   -0.88% 3=- 5=- 10=- checks=7
PUMPUSDT       CONTINUATION  now=   15.37% UP=   19.07% DOWN=   -0.32% 3=Y 5=Y 10=Y checks=7
LAUSDT         REVERSAL      now=    0.68% UP=    1.98% DOWN=   -2.32% 3=- 5=- 10=- checks=7
TRXUSDT        REVERSAL      now=    1.85% UP=    1.97% DOWN=    0.00% 3=- 5=- 10=- checks=6
ONGUSDT        CONTINUATION  now=   31.60% UP=   36.50% DOWN=   -4.60% 3=Y 5=Y 10=Y checks=6
CAPUSDT        REVERSAL      now=    0.39% UP=    4.34% DOWN=   -1.92% 3=Y 5=- 10=- checks=5
LAUSDT         REVERSAL      now=    2.83% UP=    2.94% DOWN=    0.00% 3=- 5=- 10=- checks=5
AEONUSDT       REVERSAL      now=   -9.26% UP=    0.20% DOWN=  -11.74% 3=Y 5=Y 10=Y checks=5
VVVUSDT        REVERSAL      now=    3.27% UP=    3.49% DOWN=   -0.75% 3=Y 5=- 10=- checks=5
XMRUSDT        REVERSAL      now=    1.50% UP=    1.81% DOWN=   -0.04% 3=- 5=- 10=- checks=5
LAUSDT         CONTINUATION  now=    1.94% UP=    2.04% DOWN=   -0.60% 3=- 5=- 10=- checks=4
XMRUSDT        REVERSAL      now=    0.23% UP=    0.53% DOWN=   -0.92% 3=- 5=- 10=- checks=4
ONGUSDT        REVERSAL      now=   35.73% UP=   40.80% DOWN=   -1.60% 3=Y 5=Y 10=Y checks=4
WLFIUSDT       REVERSAL      now=    1.15% UP=    2.00% DOWN=   -0.31% 3=- 5=- 10=- checks=4
1000RATSUSDT   CONTINUATION  now=   -0.07% UP=    2.60% DOWN=   -1.75% 3=- 5=- 10=- checks=4
BRUSDT         CONTINUATION  now=    3.21% UP=    3.60% DOWN=   -0.93% 3=Y 5=- 10=- checks=3
CAPUSDT        REVERSAL      now=   -0.13% UP=    1.66% DOWN=   -1.53% 3=- 5=- 10=- checks=3
WLDUSDT        CONTINUATION  now=   -1.00% UP=    1.00% DOWN=   -1.33% 3=- 5=- 10=- checks=3
VVVUSDT        REVERSAL      now=    2.59% UP=    2.81% DOWN=   -0.08% 3=- 5=- 10=- checks=3
ZROUSDT        CONTINUATION  now=   -0.06% UP=    0.57% DOWN=   -0.23% 3=- 5=- 10=- checks=2
TREEUSDT       REVERSAL      now=    0.74% UP=    0.91% DOWN=   -0.25% 3=- 5=- 10=- checks=2
MUBARAKUSDT    REVERSAL      now=   -0.62% UP=    0.46% DOWN=   -1.08% 3=- 5=- 10=- checks=2
VVVUSDT        CONTINUATION  now=    0.27% UP=    0.48% DOWN=    0.00% 3=- 5=- 10=- checks=1
LAUSDT         CONTINUATION  now=    0.77% UP=    0.77% DOWN=   -0.09% 3=- 5=- 10=- checks=1
1000RATSUSDT   CONTINUATION  now=    0.60% UP=    0.63% DOWN=    0.00% 3=- 5=- 10=- checks=1
ACUUSDT        REVERSAL      now=    0.05% UP=    0.19% DOWN=   -0.09% 3=- 5=- 10=- checks=1

==============================================================================================================
TRACKER SUMMARY
==============================================================================================================
Checked: 65
Failed: 0
Supabase rows upserted: 203
3% episodes: 155
5% episodes: 144
10% episodes: 108

V7.5 EPISODE MARKET TRACKER: PASS
