
======================================================================================================================
ALPHA HUNTER V7.6 POST-CONFIRMATION OUTCOME TRACKER — SHADOW
======================================================================================================================
Confirmed outcome rows: 150
Created this run: 3

REDUSDT        LONG   quality=FORWARD_COMPLETE now=   7.54% MFE=  23.66% MAE=  -1.55% lost=Y done=-
REDUSDT        LONG   quality=FORWARD_COMPLETE now=   7.54% MFE=  23.66% MAE=  -1.55% lost=- done=-
HYPEUSDT       LONG   quality=FORWARD_COMPLETE now=  16.46% MFE=  19.88% MAE=  -0.12% lost=- done=-
CAPUSDT        SHORT  quality=FORWARD_COMPLETE now=   0.42% MFE=   2.64% MAE=  -1.44% lost=- done=-
HYPEUSDT       LONG   quality=FORWARD_COMPLETE now=  16.39% MFE=  19.80% MAE=  -0.19% lost=- done=-
ACUUSDT        LONG   quality=FORWARD_COMPLETE now= -11.31% MFE=   1.67% MAE= -17.44% lost=Y done=-
ACEUSDT        SHORT  quality=FORWARD_COMPLETE now= -32.47% MFE=   5.59% MAE= -33.47% lost=Y done=-
VVVUSDT        SHORT  quality=FORWARD_COMPLETE now=  -3.04% MFE=   0.60% MAE=  -3.63% lost=Y done=-
CAPUSDT        SHORT  quality=FORWARD_COMPLETE now=   0.42% MFE=   2.64% MAE=  -1.44% lost=- done=-
PUMPUSDT       LONG   quality=FORWARD_COMPLETE now=   4.86% MFE=   8.66% MAE=  -0.83% lost=- done=-
TRXUSDT        LONG   quality=FORWARD_COMPLETE now=   0.52% MFE=   0.56% MAE=  -0.21% lost=- done=-
AEONUSDT       SHORT  quality=FORWARD_COMPLETE now=  -0.41% MFE=   2.34% MAE=  -1.68% lost=- done=-
ONGUSDT        SHORT  quality=FORWARD_COMPLETE now= -33.67% MFE=   0.18% MAE= -40.96% lost=Y done=-
AEONUSDT       SHORT  quality=FORWARD_COMPLETE now=  -0.41% MFE=   2.34% MAE=  -1.68% lost=- done=-
ONGUSDT        SHORT  quality=FORWARD_COMPLETE now= -34.12% MFE=   0.18% MAE= -40.96% lost=Y done=-
1000RATSUSDT   LONG   quality=FORWARD_COMPLETE now=  -1.38% MFE=   0.79% MAE=  -2.02% lost=Y done=-
WLDUSDT        SHORT  quality=FORWARD_COMPLETE now=   0.08% MFE=   0.08% MAE=  -0.03% lost=- done=-
TREEUSDT       SHORT  quality=FORWARD_COMPLETE now=  -0.28% MFE=   0.00% MAE=  -0.48% lost=- done=-
MUBARAKUSDT    SHORT  quality=FORWARD_COMPLETE now=  -0.00% MFE=   0.00% MAE=  -0.05% lost=- done=-

======================================================================================================================
POST-CONFIRMATION TRACKER SUMMARY
======================================================================================================================
Outcome rows: 150
Created this run: 3
Tracked this run: 19
Failed: 0
Supabase rows upserted: 150
Forward complete: 150
Completed 24H: 131

IMPORTANT: OUTCOME TRACKER IS MEASUREMENT ONLY.
No trade permission was generated.

V7.6 POST-CONFIRMATION OUTCOME TRACKER: PASS
