
ALPHA HUNTER V7.1 — 2026-08-18T19:31:06.542157+00:00

Universe: 26 deep-scanned of 759 contracts
Eligible after prefilter: 317
Non-crypto rejected: 290

SYMBOL                  PHASE    TIME   BEHAV                     STATE      RR   DISC  TRADE
---------------------------------------------------------------------------------------------
BTWUSDT             EXPANSION    LATE    7.06   DIRECTION_EMERGING_LONG    0.05     NO     NO
GPSUSDT             EXPANSION    LATE    6.82                WATCH_LONG       —     NO     NO
CYSUSDT             EXPANSION    FAIR    6.71                WATCH_LONG       —     NO     NO
XPINUSDT            BREAKDOWN    LATE    5.95  DIRECTION_EMERGING_SHORT    0.34     NO     NO
HUSDT               BREAKDOWN    FAIR    4.90  DIRECTION_EMERGING_SHORT    0.11     NO     NO
TUTUSDT             BREAKDOWN    FAIR    4.70               WATCH_SHORT       —     NO     NO
PRLUSDT          ACCUMULATION    FAIR    4.57                WATCH_LONG       —     NO     NO
PUMPUSDT          COMPRESSION   EARLY    4.30                WATCH_LONG       —     NO     NO
ZECUSDT           COMPRESSION   EARLY    4.18                   NEUTRAL       —     NO     NO
TRIAUSDT       DISTRIBUTION_RISK    FAIR    4.17   DIRECTION_EMERGING_LONG    0.00     NO     NO
LAUSDT           ACCUMULATION    FAIR    4.16                WATCH_LONG       —     NO     NO
VVVUSDT          ACCUMULATION    FAIR    3.82                   NEUTRAL       —     NO     NO
OPNUSDT          ACCUMULATION    FAIR    3.68                   NEUTRAL       —     NO     NO
BTCUSDT           COMPRESSION   EARLY    3.64                WATCH_LONG       —     NO     NO
SOLUSDT          ACCUMULATION   EARLY    3.08   DIRECTION_EMERGING_LONG    0.03     NO     NO
LINKUSDT         ACCUMULATION   EARLY    3.06   DIRECTION_EMERGING_LONG    0.29     NO     NO
IRYSUSDT            BREAKDOWN    FAIR    2.98  DIRECTION_EMERGING_SHORT    0.01     NO     NO
ETHUSDT          ACCUMULATION   EARLY    2.72                WATCH_LONG       —     NO     NO
ADAUSDT          ACCUMULATION   EARLY    2.50                   NEUTRAL       —     NO     NO
DOGEUSDT         ACCUMULATION   EARLY    2.40   DIRECTION_EMERGING_LONG    0.09     NO     NO
HYPEUSDT         ACCUMULATION   EARLY    2.22                   NEUTRAL       —     NO     NO
FIGHTUSDT           BREAKDOWN    FAIR    2.21  DIRECTION_EMERGING_SHORT    0.13     NO     NO
GALAUSDT         ACCUMULATION    FAIR    2.20                   NEUTRAL       —     NO     NO
SUIUSDT          ACCUMULATION   EARLY    2.19                   NEUTRAL       —     NO     NO
NEARUSDT         ACCUMULATION   EARLY    2.03               WATCH_SHORT       —     NO     NO
XRPUSDT          ACCUMULATION   EARLY    1.67                   NEUTRAL       —     NO     NO

V7.4 PRE-MOVE SURVEILLANCE
Eligible: 3 | Primary: 3 | Reserve: 0

PRIMARY
 1 ZECUSDT        REVERSAL       11.02 state=NEUTRAL
 2 HYPEUSDT       REVERSAL        9.12 state=NEUTRAL
 3 BTCUSDT        CONTINUATION    8.73 state=WATCH_LONG

Run ID: 54755dfe82d81a27ae82671b8e14638d
Snapshot saved: /home/runner/work/Alpha-Hunter/Alpha-Hunter/data/snapshots/snapshot-20260818T193106Z.json
State history: /home/runner/work/Alpha-Hunter/Alpha-Hunter/data/state-history.jsonl
Supabase: SAVED
Qualified discovery candidates: 0
EARLY candidates: 0
V7 Trade Ready: 0
Bitget private API: NOT_CONFIGURED
