V7.4 HOURLY PERFORMANCE TRACKER
Run ID: 54755dfe82d81a27ae82671b8e14638d

V7.4.1 SHADOW REVERSAL
 SH SYMBOL           V74     OLD   SHADOW
--------------------------------------------------
  1 HYPEUSDT           2    9.12     8.66
  2 ZECUSDT            1   11.02     6.10
PERFORMANCE SIGNALS SAVED: 26
FEATURE ROWS SAVED: 26
V7.4 OUTCOMES 1H: saved=6 failed=0
V7.4 OUTCOMES 4H: saved=7 failed=0
V7.4 OUTCOMES 12H: saved=13 failed=0
V7.4 OUTCOMES 24H: saved=9 failed=0
OUTCOME EVALUATION COMPLETE: saved=35 failed=0

==========================================================================================
V7.4 CURRENT SURVEILLANCE COHORT
==========================================================================================
RANK SYMBOL         TIER      PATH            SCORE STATE
------------------------------------------------------------------------------------------
   1 ZECUSDT        PRIMARY   REVERSAL        11.02 NEUTRAL
   2 HYPEUSDT       PRIMARY   REVERSAL         9.12 NEUTRAL
   3 BTCUSDT        PRIMARY   CONTINUATION     8.73 WATCH_LONG

================================================================================================================================
V7.4 FORWARD PERFORMANCE — RAW PRICE EXPANSION
================================================================================================================================

PRIMARY / RESERVE + PATH
  H TIER      PATH              N    POS%   AVG RAW   AVG ABS    EXP3%    EXP5%   EXP10%    UP5%    DN5%
--------------------------------------------------------------------------------------------------------------------------------
  1 PRIMARY   CONTINUATION     81   50.6%    0.655%    1.652%    19.8%     9.9%     0.0%    9.9%    0.0%
  1 PRIMARY   REVERSAL         92   63.0%    0.198%    0.899%     5.4%     0.0%     0.0%    0.0%    0.0%
  1 RESERVE   CONTINUATION     32   62.5%    0.929%    1.406%     3.1%     3.1%     3.1%    3.1%    0.0%
  1 RESERVE   REVERSAL         19   63.2%   -0.044%    0.461%     0.0%     0.0%     0.0%    0.0%    0.0%
  4 PRIMARY   CONTINUATION     70   47.1%    1.127%    1.934%    24.3%     8.6%     1.4%    8.6%    0.0%
  4 PRIMARY   REVERSAL         85   70.6%    0.225%    1.209%    10.6%     4.7%     0.0%    1.2%    3.5%
  4 RESERVE   CONTINUATION     31   67.7%    1.339%    1.945%    12.9%     9.7%     3.2%    9.7%    0.0%
  4 RESERVE   REVERSAL         19   78.9%    0.244%    0.861%     5.3%     0.0%     0.0%    0.0%    0.0%
 12 PRIMARY   CONTINUATION     44   54.5%    1.388%    2.082%    20.5%    18.2%     0.0%   18.2%    0.0%
 12 PRIMARY   REVERSAL         47   68.1%    1.121%    3.549%    44.7%    21.3%     4.3%    8.5%   12.8%
 12 RESERVE   CONTINUATION     11   36.4%    2.344%    3.257%    18.2%    18.2%     9.1%   18.2%    0.0%
 12 RESERVE   REVERSAL          9  100.0%    4.282%    4.282%    22.2%    22.2%    22.2%   22.2%    0.0%

RANK QUALITY
  H RANK BUCKET         N    POS%   AVG RAW   AVG ABS    EXP3%    EXP5%   EXP10%    UP5%    DN5%
----------------------------------------------------------------------------------------------------------------
  1 TOP_1_3           109   57.8%    0.563%    1.526%    17.4%     5.5%     0.0%    5.5%    0.0%
  1 TOP_4_5            64   56.2%    0.155%    0.783%     3.1%     3.1%     0.0%    3.1%    0.0%
  1 RESERVE_6_10       51   62.7%    0.566%    1.054%     2.0%     2.0%     2.0%    2.0%    0.0%
  4 TOP_1_3            97   58.8%    0.713%    1.889%    23.7%     8.2%     1.0%    5.2%    3.1%
  4 TOP_4_5            58   62.1%    0.498%    0.947%     5.2%     3.4%     0.0%    3.4%    0.0%
  4 RESERVE_6_10       50   72.0%    0.923%    1.533%    10.0%     6.0%     2.0%    6.0%    0.0%
 12 TOP_1_3            58   58.6%    1.773%    3.524%    43.1%    29.3%     3.4%   19.0%   10.3%
 12 TOP_4_5            33   66.7%    0.332%    1.637%    15.2%     3.0%     0.0%    3.0%    0.0%
 12 RESERVE_6_10       20   65.0%    3.216%    3.718%    20.0%    20.0%    15.0%   20.0%    0.0%

Metric definitions:
AVG RAW = average raw market return from detection price.
AVG ABS = average absolute price movement regardless of direction.
EXP3/5/10 = percentage of candidates moving at least 3% / 5% / 10% in either direction.
UP5 = raw upside move >= +5%; DN5 = raw downside move <= -5%.
No V7.4 trade-direction assumption is used in these metrics.

V7.4 TRACKING JOB: PASS
