
==============================================================================================================
ALPHA HUNTER V7.5 INDEPENDENT EPISODE MARKET TRACKER
==============================================================================================================
Episodes stored: 141
Active episodes: 61

CYSUSDT        CONTINUATION  now=  -48.91% UP=   78.38% DOWN=  -57.84% 3=Y 5=Y 10=Y checks=68
BTWUSDT        CONTINUATION  now=  104.82% UP=  113.81% DOWN=    0.00% 3=Y 5=Y 10=Y checks=68
COOKIEUSDT     CONTINUATION  now=  -15.54% UP=    0.00% DOWN=  -18.88% 3=Y 5=Y 10=Y checks=68
SUIUSDT        CONTINUATION  now=   -6.25% UP=    0.00% DOWN=   -9.59% 3=Y 5=Y 10=- checks=68
SOLUSDT        CONTINUATION  now=    0.12% UP=    0.19% DOWN=   -4.13% 3=Y 5=- 10=- checks=68
SKYAIUSDT      REVERSAL      now=  -43.51% UP=    0.00% DOWN=  -43.78% 3=Y 5=Y 10=Y checks=68
DOGEUSDT       CONTINUATION  now=   -0.24% UP=    0.00% DOWN=   -2.32% 3=- 5=- 10=- checks=68
ADAUSDT        REVERSAL      now=  -11.73% UP=    0.00% DOWN=  -13.51% 3=Y 5=Y 10=Y checks=68
GWEIUSDT       REVERSAL      now=   -1.47% UP=   17.67% DOWN=   -2.39% 3=Y 5=Y 10=Y checks=68
BICOUSDT       REVERSAL      now=  -59.69% UP=    0.00% DOWN=  -59.94% 3=Y 5=Y 10=Y checks=68
IOTXUSDT       REVERSAL      now=  -10.39% UP=    0.00% DOWN=  -11.73% 3=Y 5=Y 10=Y checks=68
MMTUSDT        REVERSAL      now=  -17.30% UP=    0.00% DOWN=  -21.43% 3=Y 5=Y 10=Y checks=68
SUIUSDT        CONTINUATION  now=   -5.13% UP=    0.00% DOWN=   -8.51% 3=Y 5=Y 10=- checks=68
MUBARAKUSDT    REVERSAL      now=  -14.98% UP=    0.00% DOWN=  -24.10% 3=Y 5=Y 10=Y checks=68
4USDT          REVERSAL      now=  -16.80% UP=    0.00% DOWN=  -22.21% 3=Y 5=Y 10=Y checks=68
JTOUSDT        REVERSAL      now=    0.18% UP=   11.45% DOWN=   -0.79% 3=Y 5=Y 10=Y checks=68
FORMUSDT       REVERSAL      now=   -6.31% UP=    0.00% DOWN=   -7.88% 3=Y 5=Y 10=- checks=68
PUMPUSDT       REVERSAL      now=   -0.28% UP=    5.86% DOWN=   -6.03% 3=Y 5=Y 10=- checks=68
ACUUSDT        REVERSAL      now=    6.95% UP=   16.62% DOWN=  -12.33% 3=Y 5=Y 10=Y checks=68
HYPEUSDT       REVERSAL      now=    4.75% UP=    7.50% DOWN=   -0.62% 3=Y 5=Y 10=- checks=68
AEONUSDT       CONTINUATION  now=   25.32% UP=   32.48% DOWN=   -6.91% 3=Y 5=Y 10=Y checks=68
BTWUSDT        CONTINUATION  now=   37.28% UP=   43.38% DOWN=  -10.16% 3=Y 5=Y 10=Y checks=68
HUSDT          REVERSAL      now=  -11.87% UP=    6.35% DOWN=  -12.07% 3=Y 5=Y 10=Y checks=16
LINKUSDT       REVERSAL      now=    0.06% UP=    0.25% DOWN=   -1.96% 3=- 5=- 10=- checks=16
CHIPUSDT       REVERSAL      now=   -6.33% UP=    3.66% DOWN=   -7.42% 3=Y 5=Y 10=- checks=16
LINKUSDT       CONTINUATION  now=    0.17% UP=    0.36% DOWN=   -1.85% 3=- 5=- 10=- checks=14
HYPEUSDT       REVERSAL      now=    0.19% UP=    2.82% DOWN=   -0.94% 3=- 5=- 10=- checks=14
BTWUSDT        CONTINUATION  now=   16.69% UP=   18.01% DOWN=   -3.49% 3=Y 5=Y 10=Y checks=13
ETHUSDT        CONTINUATION  now=    0.66% UP=    1.00% DOWN=   -0.96% 3=- 5=- 10=- checks=13
CHIPUSDT       REVERSAL      now=   -3.55% UP=    6.73% DOWN=   -4.67% 3=Y 5=Y 10=- checks=13
HYPEUSDT       CONTINUATION  now=   -0.23% UP=    2.40% DOWN=   -1.35% 3=- 5=- 10=- checks=13
PUMPUSDT       REVERSAL      now=    2.50% UP=    4.35% DOWN=   -0.22% 3=Y 5=- 10=- checks=11
HYPEUSDT       CONTINUATION  now=   -0.45% UP=    2.16% DOWN=   -1.57% 3=- 5=- 10=- checks=11
ZECUSDT        CONTINUATION  now=   -0.07% UP=    0.76% DOWN=   -1.92% 3=- 5=- 10=- checks=11
BTWUSDT        REVERSAL      now=   18.56% UP=   20.03% DOWN=   -1.05% 3=Y 5=Y 10=Y checks=11
LINKUSDT       REVERSAL      now=    1.69% UP=    1.88% DOWN=   -0.03% 3=- 5=- 10=- checks=11
CHIPUSDT       REVERSAL      now=   -6.39% UP=    3.58% DOWN=   -7.48% 3=Y 5=Y 10=- checks=10
GPSUSDT        CONTINUATION  now=    6.71% UP=   11.21% DOWN=   -4.20% 3=Y 5=Y 10=Y checks=10
AEONUSDT       CONTINUATION  now=   -2.65% UP=    2.91% DOWN=   -7.90% 3=Y 5=Y 10=- checks=9
ETHUSDT        REVERSAL      now=    1.07% UP=    1.40% DOWN=   -0.21% 3=- 5=- 10=- checks=9
DIAUSDT        REVERSAL      now=    2.25% UP=    6.10% DOWN=   -2.57% 3=Y 5=Y 10=- checks=9
BTWUSDT        CONTINUATION  now=   18.84% UP=   20.19% DOWN=   -0.30% 3=Y 5=Y 10=Y checks=8
SOLUSDT        CONTINUATION  now=    1.65% UP=    1.71% DOWN=   -0.38% 3=- 5=- 10=- checks=7
DIAUSDT        REVERSAL      now=    3.16% UP=    7.04% DOWN=   -0.49% 3=Y 5=Y 10=- checks=7
PUMPUSDT       REVERSAL      now=    0.75% UP=    2.57% DOWN=   -1.46% 3=- 5=- 10=- checks=5
ZECUSDT        REVERSAL      now=    0.68% UP=    1.52% DOWN=   -1.19% 3=- 5=- 10=- checks=5
AEONUSDT       CONTINUATION  now=   -2.44% UP=    2.13% DOWN=   -7.69% 3=Y 5=Y 10=- checks=5
BTCUSDT        CONTINUATION  now=    0.61% UP=    1.07% DOWN=   -0.52% 3=- 5=- 10=- checks=5
DIAUSDT        REVERSAL      now=   -1.32% UP=    2.40% DOWN=   -2.71% 3=- 5=- 10=- checks=5
ZECUSDT        REVERSAL      now=    0.56% UP=    1.38% DOWN=   -1.11% 3=- 5=- 10=- checks=4
CHIPUSDT       REVERSAL      now=   -1.11% UP=    2.86% DOWN=   -2.26% 3=- 5=- 10=- checks=4
LINKUSDT       REVERSAL      now=    0.49% UP=    0.68% DOWN=   -0.31% 3=- 5=- 10=- checks=4
HYPEUSDT       REVERSAL      now=   -0.94% UP=    0.14% DOWN=   -2.09% 3=- 5=- 10=- checks=4
PUMPUSDT       REVERSAL      now=   -0.28% UP=    0.46% DOWN=   -1.91% 3=- 5=- 10=- checks=4
BTWUSDT        CONTINUATION  now=    8.31% UP=    9.60% DOWN=   -2.97% 3=Y 5=Y 10=- checks=4
GPSUSDT        CONTINUATION  now=    3.89% UP=    8.42% DOWN=   -1.12% 3=Y 5=Y 10=- checks=4
ZECUSDT        REVERSAL      now=    0.66% UP=    0.82% DOWN=   -0.10% 3=- 5=- 10=- checks=2
BTCUSDT        CONTINUATION  now=    0.02% UP=    0.08% DOWN=   -0.08% 3=- 5=- 10=- checks=2
BTWUSDT        CONTINUATION  now=    3.13% UP=    4.35% DOWN=    0.00% 3=Y 5=- 10=- checks=2
GPSUSDT        CONTINUATION  now=   -0.73% UP=    1.02% DOWN=   -0.74% 3=- 5=- 10=- checks=2
HYPEUSDT       REVERSAL      now=    0.14% UP=    0.14% DOWN=    0.00% 3=- 5=- 10=- checks=1

==============================================================================================================
TRACKER SUMMARY
==============================================================================================================
Checked: 61
Failed: 0
Supabase rows upserted: 141
3% episodes: 106
5% episodes: 97
10% episodes: 62

V7.5 EPISODE MARKET TRACKER: PASS
