V7.5 state restored from Supabase: 140

ALPHA HUNTER V7.5 OPPORTUNITY LIFECYCLE
Run ID: 54755dfe82d81a27ae82671b8e14638d
Timestamp: 2026-08-18T19:31:06.542157+00:00
Lifecycle candidates: 3

UPDATE ZECUSDT        REVERSAL      state=PRE_MOVE_DETECTED    det=2   v74=11.08 rank=2 shadow= 7.36 provisional=ACTIVE final=PENDING
UPDATE BTCUSDT        CONTINUATION  state=DIRECTION_EMERGING   det=2   v74= 8.73 rank=4 shadow= 0.00 provisional=ACTIVE final=PENDING
NEW    HYPEUSDT       REVERSAL      state=PRE_MOVE_DETECTED    det=1   v74= 9.12 rank=2 shadow= 8.66 provisional=ACTIVE final=PENDING

Supabase lifecycle rows upserted: 141
Supabase lifecycle row count: 141

====================================================================================================
V7.5 LIFECYCLE SUMMARY
====================================================================================================
Episodes stored: 141
Created this run: 1
Updated this run: 2
Active episodes: 141

STATE COUNTS
DIRECTION_EMERGING       15
EXPANSION                3
FINALIZED                80
PRE_MOVE_DETECTED        43

State file: /home/runner/work/Alpha-Hunter/Alpha-Hunter/data/v75-lifecycle-episodes.json
History file: /home/runner/work/Alpha-Hunter/Alpha-Hunter/data/v75-lifecycle-history.jsonl

V7.5 LIFECYCLE JOB: PASS
