
======================================================================================================================
ALPHA HUNTER V7.6 DIRECTION-PROOF ENGINE — SHADOW
======================================================================================================================
Eligible forward episodes: 36

SYMBOL         PATH          DIR         CONF   LONG   SHORT       15M        1H
----------------------------------------------------------------------------------------------------------------------
LINKUSDT       CONTINUATION  LONG       68.8%   5.50    0.00   BULLISH   BULLISH
HYPEUSDT       REVERSAL      UNKNOWN     0.0%   1.00    3.50     MIXED   BEARISH
BTWUSDT        CONTINUATION  LONG       87.5%   7.00    0.00   BULLISH   BULLISH
ETHUSDT        CONTINUATION  LONG       68.8%   5.50    0.00   BULLISH   BULLISH
CHIPUSDT       REVERSAL      SHORT     100.0%   0.00    8.00   BEARISH   BEARISH
HYPEUSDT       CONTINUATION  UNKNOWN     0.0%   1.00    3.50     MIXED   BEARISH
PUMPUSDT       REVERSAL      LONG       56.2%   4.50    0.00   BULLISH   BULLISH
HYPEUSDT       CONTINUATION  UNKNOWN     0.0%   1.00    3.50     MIXED   BEARISH
ZECUSDT        CONTINUATION  UNKNOWN     0.0%   3.50    0.00   BULLISH     MIXED
BTWUSDT        REVERSAL      LONG       87.5%   7.00    0.00   BULLISH   BULLISH
LINKUSDT       REVERSAL      LONG       68.8%   5.50    0.00   BULLISH   BULLISH
CHIPUSDT       REVERSAL      SHORT     100.0%   0.00    8.00   BEARISH   BEARISH
GPSUSDT        CONTINUATION  LONG       71.2%   6.00    1.00     MIXED   BULLISH
AEONUSDT       CONTINUATION  UNKNOWN     0.0%   1.50    3.50   BEARISH     MIXED
ETHUSDT        REVERSAL      LONG       68.8%   5.50    0.00   BULLISH   BULLISH
DIAUSDT        REVERSAL      UNKNOWN     0.0%   2.00    1.00   BEARISH   BULLISH
BTWUSDT        CONTINUATION  LONG       87.5%   7.00    0.00   BULLISH   BULLISH
SOLUSDT        CONTINUATION  LONG       68.8%   5.50    0.00   BULLISH   BULLISH
DIAUSDT        REVERSAL      UNKNOWN     0.0%   2.00    1.00   BEARISH   BULLISH
PUMPUSDT       REVERSAL      LONG       56.2%   4.50    0.00   BULLISH   BULLISH
ZECUSDT        REVERSAL      UNKNOWN     0.0%   3.50    0.00   BULLISH     MIXED
AEONUSDT       CONTINUATION  UNKNOWN     0.0%   1.50    3.50   BEARISH     MIXED
BTCUSDT        CONTINUATION  UNKNOWN     0.0%   3.00    0.00   BULLISH   BULLISH
DIAUSDT        REVERSAL      UNKNOWN     0.0%   2.00    1.00   BEARISH   BULLISH
ZECUSDT        REVERSAL      UNKNOWN     0.0%   3.50    0.00   BULLISH     MIXED
CHIPUSDT       REVERSAL      SHORT     100.0%   0.00    8.00   BEARISH   BEARISH
LINKUSDT       REVERSAL      LONG       68.8%   5.50    0.00   BULLISH   BULLISH
HYPEUSDT       REVERSAL      UNKNOWN     0.0%   1.00    3.50     MIXED   BEARISH
PUMPUSDT       REVERSAL      LONG       56.2%   4.50    0.00   BULLISH   BULLISH
BTWUSDT        CONTINUATION  LONG       87.5%   7.00    0.00   BULLISH   BULLISH
GPSUSDT        CONTINUATION  LONG       71.2%   6.00    1.00     MIXED   BULLISH
ZECUSDT        REVERSAL      LONG       56.2%   4.50    0.00   BULLISH     MIXED
BTCUSDT        CONTINUATION  UNKNOWN     0.0%   3.00    0.00   BULLISH   BULLISH
BTWUSDT        CONTINUATION  LONG       87.5%   7.00    0.00   BULLISH   BULLISH
GPSUSDT        CONTINUATION  LONG       71.2%   6.00    1.00     MIXED   BULLISH
HYPEUSDT       REVERSAL      UNKNOWN     0.0%   1.00    3.50     MIXED   BEARISH

======================================================================================================================
V7.6 SHADOW SUMMARY
======================================================================================================================
Evaluated: 36
LONG: 18
SHORT: 3
UNKNOWN: 15
Failures: 0
Supabase shadow rows saved: 36
Direction state rows saved: 36
Immutable transition rows saved: 36
Transition run ID: cloud5d-20260818T193011Z
Direction emerging: 1
Direction confirmed: 20
Lost confirmation: 0

IMPORTANT: V7.6 IS SHADOW ONLY.
No trade permission was generated.

V7.6 DIRECTION SHADOW: PASS
