
======================================================================================================================
ALPHA HUNTER V7.6 POST-CONFIRMATION OUTCOME TRACKER — SHADOW
======================================================================================================================
Confirmed outcome rows: 99
Created this run: 2

CHIPUSDT       SHORT  quality=FORWARD_COMPLETE now=  -1.10% MFE=   0.00% MAE=  -5.16% lost=- done=-
PRLUSDT        LONG   quality=FORWARD_COMPLETE now=   2.85% MFE=   6.91% MAE=  -0.99% lost=Y done=-
CHIPUSDT       SHORT  quality=FORWARD_COMPLETE now=   6.06% MFE=   7.16% MAE=  -3.95% lost=Y done=-
BTWUSDT        LONG   quality=FORWARD_COMPLETE now=  16.81% MFE=  18.49% MAE=  -3.10% lost=Y done=-
WLDUSDT        SHORT  quality=FORWARD_COMPLETE now=   7.37% MFE=   9.65% MAE=  -0.77% lost=- done=-
WLDUSDT        SHORT  quality=FORWARD_COMPLETE now=   7.37% MFE=   9.65% MAE=  -0.77% lost=- done=-
CHIPUSDT       SHORT  quality=FORWARD_COMPLETE now=   2.95% MFE=   4.08% MAE=  -7.40% lost=Y done=-
DIAUSDT        LONG   quality=FORWARD_COMPLETE now=  -2.38% MFE=   1.30% MAE=  -2.84% lost=Y done=-
BTWUSDT        LONG   quality=FORWARD_COMPLETE now=  16.81% MFE=  18.49% MAE=  -3.10% lost=Y done=-
DIAUSDT        LONG   quality=FORWARD_COMPLETE now=  -2.38% MFE=   1.30% MAE=  -2.84% lost=Y done=-
ETHUSDT        LONG   quality=FORWARD_COMPLETE now=  -0.03% MFE=   0.26% MAE=  -0.37% lost=- done=-
DOLOUSDT       LONG   quality=FORWARD_COMPLETE now=  -4.30% MFE=   8.59% MAE=  -6.66% lost=Y done=-
BTWUSDT        LONG   quality=FORWARD_COMPLETE now=  15.56% MFE=  17.00% MAE=  -0.86% lost=- done=-
NILUSDT        SHORT  quality=FORWARD_COMPLETE now=   1.90% MFE=   2.81% MAE= -12.85% lost=Y done=Y
NILUSDT        SHORT  quality=FORWARD_COMPLETE now=   1.90% MFE=   2.81% MAE= -12.85% lost=Y done=Y
GPSUSDT        LONG   quality=FORWARD_COMPLETE now=   4.05% MFE=   8.81% MAE=  -6.27% lost=Y done=-
BTWUSDT        LONG   quality=FORWARD_COMPLETE now=  15.48% MFE=  17.00% MAE=  -0.86% lost=- done=-
HUSDT          SHORT  quality=FORWARD_COMPLETE now=   6.88% MFE=   7.11% MAE=  -0.20% lost=- done=-
SOLUSDT        LONG   quality=FORWARD_COMPLETE now=   1.47% MFE=   1.52% MAE=  -0.27% lost=- done=-
BTCUSDT        LONG   quality=FORWARD_COMPLETE now=  -0.01% MFE=   0.12% MAE=  -0.22% lost=- done=-
ETHUSDT        LONG   quality=FORWARD_COMPLETE now=  -0.04% MFE=   0.25% MAE=  -0.37% lost=- done=-
AEONUSDT       SHORT  quality=FORWARD_COMPLETE now=  -0.55% MFE=   0.00% MAE=  -5.58% lost=Y done=-
CHIPUSDT       SHORT  quality=FORWARD_COMPLETE now=  -1.10% MFE=   0.00% MAE=  -5.16% lost=- done=-
BTWUSDT        LONG   quality=FORWARD_COMPLETE now=   8.74% MFE=  10.18% MAE=  -0.15% lost=- done=-
LINKUSDT       LONG   quality=FORWARD_COMPLETE now=   0.23% MFE=   0.36% MAE=  -0.02% lost=- done=-
LINKUSDT       LONG   quality=FORWARD_COMPLETE now=   0.23% MFE=   0.36% MAE=  -0.02% lost=- done=-
PUMPUSDT       LONG   quality=FORWARD_COMPLETE now=  -0.28% MFE=   0.07% MAE=  -0.78% lost=- done=-
PUMPUSDT       LONG   quality=FORWARD_COMPLETE now=  -0.25% MFE=   0.11% MAE=  -0.74% lost=- done=-
LINKUSDT       LONG   quality=FORWARD_COMPLETE now=   0.21% MFE=   0.36% MAE=  -0.02% lost=- done=-
GPSUSDT        LONG   quality=FORWARD_COMPLETE now=  -0.91% MFE=   0.90% MAE=  -0.92% lost=- done=-
PUMPUSDT       LONG   quality=FORWARD_COMPLETE now=  -0.28% MFE=   0.07% MAE=  -0.78% lost=- done=-
LINKUSDT       LONG   quality=FORWARD_COMPLETE now=   0.21% MFE=   0.36% MAE=  -0.02% lost=- done=-
BTWUSDT        LONG   quality=FORWARD_COMPLETE now=  -0.31% MFE=   0.00% MAE=  -0.31% lost=- done=-
GPSUSDT        LONG   quality=FORWARD_COMPLETE now=   0.04% MFE=   0.04% MAE=   0.00% lost=- done=-

======================================================================================================================
POST-CONFIRMATION TRACKER SUMMARY
======================================================================================================================
Outcome rows: 99
Created this run: 2
Tracked this run: 34
Failed: 0
Supabase rows upserted: 99
Forward complete: 99
Completed 24H: 67

IMPORTANT: OUTCOME TRACKER IS MEASUREMENT ONLY.
No trade permission was generated.

V7.6 POST-CONFIRMATION OUTCOME TRACKER: PASS
