
======================================================================================================================
ALPHA HUNTER V7.9 FULL-UNIVERSE HOURLY LEDGER — SHADOW
======================================================================================================================
Observed: 2026-08-18T19:31:09.225559+00:00
Hour bucket: 2026-08-18T19:00:00+00:00
Contract tickers: 759
Rows attempted: 759
Deep-scan selected: 26
Selection snapshot: 2026-08-18T19:31:06.542157+00:00
Selection run ID: 54755dfe82d81a27ae82671b8e14638d
Prefilter eligible: 317
Eligible not selected: 291
Non-crypto: 290
Low liquidity: 150
Over-extended: 2
Invalid price skipped: 0
Rows purged >7d: 0

TOP ABSOLUTE 24H MOVERS
SYMBOL                  24H    ELIG    SCAN  STATUS
------------------------------------------------------------------------
ACEUSDT             +32.90%       N       N  OVER_EXTENDED
JCTUSDT             -30.35%       N       N  OVER_EXTENDED
KORUUSDT            -22.44%       N       N  NON_CRYPTO
BEATUSDT            -21.51%       Y       N  ELIGIBLE_NOT_SELECTED
UNITASUSDT          -19.29%       Y       N  ELIGIBLE_NOT_SELECTED
SKDDUSDT            +18.49%       N       N  NON_CRYPTO
SKUUUSDT            -18.30%       N       N  NON_CRYPTO
XPINUSDT            -18.12%       Y       Y  DEEP_SCAN_SELECTED
SNXXUSDT            -17.61%       N       N  NON_CRYPTO
SKYAIUSDT           -17.52%       Y       N  ELIGIBLE_NOT_SELECTED
RAMUSDT             -17.03%       N       N  NON_CRYPTO
AIOUSDT             -16.84%       Y       N  ELIGIBLE_NOT_SELECTED
BTWUSDT             +16.69%       Y       Y  DEEP_SCAN_SELECTED
SOXSUSDT            +16.29%       N       N  NON_CRYPTO
MVLLUSDT            -16.19%       N       N  NON_CRYPTO

IMPORTANT: V7.9 IS MEASUREMENT/AUDIT ONLY.
Same-hour reruns do not overwrite the first stored universe snapshot.
Raw universe evidence is retained for 7 days.
No trade permission was generated.

V7.9 FULL-UNIVERSE LEDGER: PASS
