
ALPHA HUNTER V7.1 — 2026-08-18T13:46:24.147647+00:00

Universe: 27 deep-scanned of 759 contracts
Eligible after prefilter: 311
Non-crypto rejected: 290

SYMBOL                  PHASE    TIME   BEHAV                     STATE      RR   DISC  TRADE
---------------------------------------------------------------------------------------------
GPSUSDT             EXPANSION    LATE    8.22   DIRECTION_EMERGING_LONG    0.04     NO     NO
BTWUSDT          ACCUMULATION    FAIR    7.09   DIRECTION_EMERGING_LONG    0.76    YES     NO
SKYAIUSDT           BREAKDOWN    FAIR    5.96  DIRECTION_EMERGING_SHORT    0.01     NO     NO
HUSDT               BREAKDOWN    FAIR    5.87  DIRECTION_EMERGING_SHORT    0.27     NO     NO
TUTUSDT             EXPANSION    LATE    5.74                   NEUTRAL       —     NO     NO
BEATUSDT            EXPANSION    FAIR    5.18               WATCH_SHORT       —     NO     NO
VELVETUSDT          EXPANSION    LATE    5.18                   NEUTRAL       —     NO     NO
MAGMAUSDT      EXPANSION_MANAGEMENT    FAIR    5.12                   NEUTRAL       —     NO     NO
OPNUSDT        EXPANSION_MANAGEMENT    FAIR    5.06                   NEUTRAL       —     NO     NO
BTCUSDT           COMPRESSION   EARLY    4.83                   NEUTRAL       —     NO     NO
CHIPUSDT            BREAKDOWN    FAIR    4.80               WATCH_SHORT       —     NO     NO
BNBUSDT              IGNITION   EARLY    4.63  DIRECTION_EMERGING_SHORT    0.13     NO     NO
ADAUSDT           COMPRESSION   EARLY    4.41                   NEUTRAL       —     NO     NO
OUSDT            ACCUMULATION    FAIR    4.35                WATCH_LONG       —     NO     NO
HYPEUSDT          COMPRESSION   EARLY    4.33                   NEUTRAL       —     NO     NO
SOLUSDT           COMPRESSION   EARLY    4.31                WATCH_LONG       —     NO     NO
PEPEUSDT         ACCUMULATION   EARLY    4.28  DIRECTION_EMERGING_SHORT    0.39     NO     NO
ZECUSDT           COMPRESSION   EARLY    4.25               WATCH_SHORT       —     NO     NO
ETHUSDT           COMPRESSION   EARLY    4.17                   NEUTRAL       —     NO     NO
XRPUSDT           COMPRESSION   EARLY    4.06                   NEUTRAL       —     NO     NO
DOGEUSDT          COMPRESSION   EARLY    3.83  DIRECTION_EMERGING_SHORT    0.71     NO     NO
LUMIAUSDT           BREAKDOWN    FAIR    3.74               WATCH_SHORT       —     NO     NO
LINKUSDT         ACCUMULATION   EARLY    3.70               WATCH_SHORT       —     NO     NO
NEARUSDT          COMPRESSION   EARLY    3.70                   NEUTRAL       —     NO     NO
GALAUSDT            BREAKDOWN    FAIR    2.94  DIRECTION_EMERGING_SHORT    0.19     NO     NO
FIGHTUSDT        ACCUMULATION    FAIR    2.41               WATCH_SHORT       —     NO     NO
IRYSUSDT         ACCUMULATION    FAIR    2.08                   NEUTRAL       —     NO     NO

V7.4 PRE-MOVE SURVEILLANCE
Eligible: 9 | Primary: 5 | Reserve: 4

PRIMARY
 1 OUSDT          REVERSAL       12.53 state=WATCH_LONG
 2 CHIPUSDT       REVERSAL       11.80 state=WATCH_SHORT
 3 LUMIAUSDT      REVERSAL       11.69 state=WATCH_SHORT
 4 BTWUSDT        CONTINUATION   11.00 state=DIRECTION_EMERGING_LONG
 5 ZECUSDT        REVERSAL       10.13 state=WATCH_SHORT

RESERVE
 6 HYPEUSDT       REVERSAL        9.82 state=NEUTRAL
 7 LINKUSDT       REVERSAL        9.61 state=WATCH_SHORT
 8 BTCUSDT        CONTINUATION    9.00 state=NEUTRAL
 9 SOLUSDT        CONTINUATION    8.87 state=WATCH_LONG

Run ID: ecd3c4833fdb578add2412b6cd5099d8
Snapshot saved: /home/runner/work/Alpha-Hunter/Alpha-Hunter/data/snapshots/snapshot-20260818T134624Z.json
State history: /home/runner/work/Alpha-Hunter/Alpha-Hunter/data/state-history.jsonl
Supabase: SAVED
Qualified discovery candidates: 1
EARLY candidates: 0
V7 Trade Ready: 0
Bitget private API: NOT_CONFIGURED
