
======================================================================================================================
ALPHA HUNTER V7.9 FULL-UNIVERSE HOURLY LEDGER — SHADOW
======================================================================================================================
Observed: 2026-08-18T13:46:27.245130+00:00
Hour bucket: 2026-08-18T13:00:00+00:00
Contract tickers: 759
Rows attempted: 759
Deep-scan selected: 27
Selection snapshot: 2026-08-18T13:46:24.147647+00:00
Selection run ID: ecd3c4833fdb578add2412b6cd5099d8
Prefilter eligible: 311
Eligible not selected: 284
Non-crypto: 290
Low liquidity: 157
Over-extended: 1
Invalid price skipped: 0
Rows purged >7d: 0

TOP ABSOLUTE 24H MOVERS
SYMBOL                  24H    ELIG    SCAN  STATUS
------------------------------------------------------------------------
AIOUSDT             -35.19%       N       N  OVER_EXTENDED
ACEUSDT             +23.97%       Y       N  ELIGIBLE_NOT_SELECTED
UNITASUSDT          -21.36%       Y       N  ELIGIBLE_NOT_SELECTED
VVVUSDT             +19.48%       Y       N  ELIGIBLE_NOT_SELECTED
TUTUSDT             +18.99%       Y       Y  DEEP_SCAN_SELECTED
APRUSDT             +18.11%       Y       N  ELIGIBLE_NOT_SELECTED
PRLUSDT             +16.99%       Y       N  ELIGIBLE_NOT_SELECTED
JCTUSDT             +15.42%       Y       N  ELIGIBLE_NOT_SELECTED
REDUSDT             +15.38%       Y       N  ELIGIBLE_NOT_SELECTED
KORUUSDT            -15.10%       N       N  NON_CRYPTO
BEATUSDT            -14.29%       Y       Y  DEEP_SCAN_SELECTED
FIGHTUSDT           -14.04%       Y       Y  DEEP_SCAN_SELECTED
GALAUSDT            -13.87%       Y       Y  DEEP_SCAN_SELECTED
OPNUSDT             +13.68%       Y       Y  DEEP_SCAN_SELECTED
GPSUSDT             +13.64%       Y       Y  DEEP_SCAN_SELECTED

IMPORTANT: V7.9 IS MEASUREMENT/AUDIT ONLY.
Same-hour reruns do not overwrite the first stored universe snapshot.
Raw universe evidence is retained for 7 days.
No trade permission was generated.

V7.9 FULL-UNIVERSE LEDGER: PASS
