
ALPHA HUNTER V7.1 — 2026-08-21T12:55:14.125144+00:00

Universe: 30 deep-scanned of 759 contracts
Eligible after prefilter: 387
Non-crypto rejected: 294

SYMBOL                  PHASE    TIME   BEHAV                     STATE      RR   DISC  TRADE
---------------------------------------------------------------------------------------------
MAGMAUSDT            IGNITION    FAIR    5.80   DIRECTION_EMERGING_LONG    0.58    YES     NO
SCRTUSDT       DISTRIBUTION_RISK    LATE    5.75                WATCH_LONG       —     NO     NO
SYRUPUSDT        ACCUMULATION    FAIR    5.27   DIRECTION_EMERGING_LONG    0.02    YES     NO
MOODENGUSDT      ACCUMULATION    LATE    5.20                WATCH_LONG       —    YES     NO
TIAUSDT        DISTRIBUTION_RISK    FAIR    5.14   DIRECTION_EMERGING_LONG    0.02     NO     NO
BASEDUSDT      DISTRIBUTION_RISK    FAIR    5.11   DIRECTION_EMERGING_LONG    0.05     NO     NO
FORMUSDT            EXPANSION    LATE    5.11   DIRECTION_EMERGING_LONG    0.00     NO     NO
AVNTUSDT       DISTRIBUTION_RISK    FAIR    5.05   DIRECTION_EMERGING_LONG    0.01     NO     NO
BIOUSDT          ACCUMULATION    FAIR    5.02                WATCH_LONG       —    YES     NO
SANDUSDT         ACCUMULATION    FAIR    5.02   DIRECTION_EMERGING_LONG    0.05    YES     NO
IOUSDT               IGNITION    FAIR    5.01   DIRECTION_EMERGING_LONG    0.21    YES     NO
XRPUSDT          ACCUMULATION    LATE    5.01                WATCH_LONG       —    YES     NO
XMRUSDT           COMPRESSION   EARLY    4.97               WATCH_SHORT       —     NO     NO
AAVEUSDT         ACCUMULATION    FAIR    4.93   DIRECTION_EMERGING_LONG    0.25     NO     NO
ACEUSDT           COMPRESSION    LATE    4.90               WATCH_SHORT       —     NO     NO
TRXUSDT           COMPRESSION   EARLY    4.86   DIRECTION_EMERGING_LONG    0.13     NO     NO
FLOKIUSDT        ACCUMULATION    FAIR    4.73                WATCH_LONG       —     NO     NO
DEEPUSDT         ACCUMULATION    FAIR    4.64   DIRECTION_EMERGING_LONG    0.00     NO     NO
ZENUSDT          ACCUMULATION    FAIR    4.63   DIRECTION_EMERGING_LONG    0.12     NO     NO
BEATUSDT            EXPANSION    FAIR    4.57                   NEUTRAL       —     NO     NO
SKYAIUSDT         COMPRESSION   EARLY    4.51                WATCH_LONG       —     NO     NO
WLFIUSDT          COMPRESSION   EARLY    4.36                WATCH_LONG       —     NO     NO
BOMEUSDT            EXPANSION    LATE    4.19                   NEUTRAL       —     NO     NO
HYPEUSDT          COMPRESSION   EARLY    4.17                   NEUTRAL       —     NO     NO
SPXUSDT          ACCUMULATION    FAIR    4.07                WATCH_LONG       —     NO     NO
CAPUSDT          ACCUMULATION   EARLY    3.83   DIRECTION_EMERGING_LONG    0.49     NO     NO
LITUSDT           COMPRESSION   EARLY    3.70                   NEUTRAL       —     NO     NO
KAITOUSDT        ACCUMULATION   EARLY    3.11                   NEUTRAL       —     NO     NO
BANKUSDT         ACCUMULATION   EARLY    2.80                WATCH_LONG       —     NO     NO
LABUSDT          ACCUMULATION   EARLY    2.41                   NEUTRAL       —     NO     NO

V7.4 PRE-MOVE SURVEILLANCE
Eligible: 6 | Primary: 5 | Reserve: 1

PRIMARY
 1 ACEUSDT        REVERSAL       12.46 state=WATCH_SHORT
 2 WLFIUSDT       REVERSAL       11.45 state=WATCH_LONG
 3 LITUSDT        REVERSAL       11.38 state=NEUTRAL
 4 MAGMAUSDT      CONTINUATION   10.00 state=DIRECTION_EMERGING_LONG
 5 BIOUSDT        CONTINUATION   10.00 state=WATCH_LONG

RESERVE
 6 TRXUSDT        CONTINUATION    8.87 state=DIRECTION_EMERGING_LONG

Run ID: 83dd28e37780f1adfbddcbb646ae8a94
Snapshot saved: /home/runner/work/Alpha-Hunter/Alpha-Hunter/data/snapshots/snapshot-20260821T125514Z.json
State history: /home/runner/work/Alpha-Hunter/Alpha-Hunter/data/state-history.jsonl
Supabase: SAVED
Qualified discovery candidates: 7
EARLY candidates: 0
V7 Trade Ready: 0
Bitget private API: NOT_CONFIGURED
