
======================================================================================================================
ALPHA HUNTER V7.9 FULL-UNIVERSE HOURLY LEDGER — SHADOW
======================================================================================================================
Observed: 2026-08-19T09:37:59.282367+00:00
Hour bucket: 2026-08-19T09:00:00+00:00
Contract tickers: 756
Rows attempted: 756
Deep-scan selected: 26
Selection snapshot: 2026-08-19T09:37:56.333025+00:00
Selection run ID: 7dcd575a31711ecdd858e177a5f5379a
Prefilter eligible: 285
Eligible not selected: 259
Non-crypto: 291
Low liquidity: 176
Over-extended: 4
Invalid price skipped: 0
Rows purged >7d: 0

TOP ABSOLUTE 24H MOVERS
SYMBOL                  24H    ELIG    SCAN  STATUS
------------------------------------------------------------------------
BTWUSDT             +96.41%       N       N  OVER_EXTENDED
JCTUSDT             -30.86%       N       N  OVER_EXTENDED
GPSUSDT             -30.20%       N       N  OVER_EXTENDED
VELVETUSDT          +25.61%       N       N  OVER_EXTENDED
BEATUSDT            -24.81%       Y       N  ELIGIBLE_NOT_SELECTED
ACEUSDT             +23.85%       Y       Y  DEEP_SCAN_SELECTED
SKYAIUSDT           -18.06%       Y       N  ELIGIBLE_NOT_SELECTED
CFGUSDT             -16.50%       Y       N  ELIGIBLE_NOT_SELECTED
HUSDT               -16.05%       Y       N  ELIGIBLE_NOT_SELECTED
BRUSDT              +15.75%       Y       Y  DEEP_SCAN_SELECTED
NILUSDT             -15.05%       Y       Y  DEEP_SCAN_SELECTED
APRUSDT             +13.50%       Y       Y  DEEP_SCAN_SELECTED
REDUSDT             -13.48%       Y       Y  DEEP_SCAN_SELECTED
XPINUSDT            -13.33%       Y       Y  DEEP_SCAN_SELECTED
DOSUSDT             +13.33%       Y       Y  DEEP_SCAN_SELECTED

IMPORTANT: V7.9 IS MEASUREMENT/AUDIT ONLY.
Same-hour reruns do not overwrite the first stored universe snapshot.
Raw universe evidence is retained for 7 days.
No trade permission was generated.

V7.9 FULL-UNIVERSE LEDGER: PASS
