
ALPHA HUNTER V7.1 — 2026-08-19T07:42:03.920535+00:00

Universe: 27 deep-scanned of 756 contracts
Eligible after prefilter: 294
Non-crypto rejected: 291

SYMBOL                  PHASE    TIME   BEHAV                     STATE      RR   DISC  TRADE
---------------------------------------------------------------------------------------------
ACEUSDT             EXPANSION    LATE    6.00                   NEUTRAL       —     NO     NO
ARIAUSDT             IGNITION    FAIR    5.92   DIRECTION_EMERGING_LONG    0.36    YES     NO
CYSUSDT           COMPRESSION    FAIR    5.41                WATCH_LONG       —    YES     NO
BRUSDT         DISTRIBUTION_RISK    FAIR    5.33   DIRECTION_EMERGING_LONG    0.23     NO     NO
HUSDT               BREAKDOWN    FAIR    5.25  DIRECTION_EMERGING_SHORT    0.16     NO     NO
TUTUSDT          ACCUMULATION   EARLY    5.24                   NEUTRAL       —    YES     NO
EULUSDT        DISTRIBUTION_RISK    FAIR    5.16   DIRECTION_EMERGING_LONG    0.13     NO     NO
ETHUSDT           COMPRESSION   EARLY    4.70   DIRECTION_EMERGING_LONG    0.06     NO     NO
SUIUSDT           COMPRESSION   EARLY    4.36                   NEUTRAL       —     NO     NO
REDUSDT          ACCUMULATION    FAIR    4.34                   NEUTRAL       —     NO     NO
LINKUSDT         ACCUMULATION   EARLY    4.08                WATCH_LONG       —     NO     NO
ZECUSDT           COMPRESSION   EARLY    4.01               WATCH_SHORT       —     NO     NO
NILUSDT             BREAKDOWN    FAIR    3.81  DIRECTION_EMERGING_SHORT    0.03     NO     NO
ADAUSDT              RECOVERY   EARLY    3.66                WATCH_LONG       —     NO     NO
XRPUSDT           COMPRESSION   EARLY    3.64                WATCH_LONG       —     NO     NO
OPENUSDT            BREAKDOWN    FAIR    3.56  DIRECTION_EMERGING_SHORT    0.04     NO     NO
HYPEUSDT         ACCUMULATION   EARLY    3.44               WATCH_SHORT       —     NO     NO
SOLUSDT              RECOVERY   EARLY    3.28                WATCH_LONG       —     NO     NO
AEONUSDT            BREAKDOWN    FAIR    3.27               WATCH_SHORT       —     NO     NO
USELESSUSDT      ACCUMULATION    FAIR    3.10                   NEUTRAL       —     NO     NO
CHIPUSDT         ACCUMULATION    FAIR    3.06               WATCH_SHORT       —     NO     NO
DOGEUSDT          COMPRESSION   EARLY    2.96                   NEUTRAL       —     NO     NO
BICOUSDT         ACCUMULATION    FAIR    2.92               WATCH_SHORT       —     NO     NO
METUSDT          ACCUMULATION   EARLY    2.77                   NEUTRAL       —     NO     NO
NEARUSDT         ACCUMULATION   EARLY    2.35                   NEUTRAL       —     NO     NO
CFGUSDT          ACCUMULATION    FAIR    1.94               WATCH_SHORT       —     NO     NO
BTCUSDT          ACCUMULATION   EARLY    1.76                   NEUTRAL       —     NO     NO

V7.4 PRE-MOVE SURVEILLANCE
Eligible: 5 | Primary: 5 | Reserve: 0

PRIMARY
 1 REDUSDT        REVERSAL       13.71 state=NEUTRAL
 2 AEONUSDT       REVERSAL       11.25 state=WATCH_SHORT
 3 HYPEUSDT       REVERSAL       10.75 state=WATCH_SHORT
 4 ACEUSDT        REVERSAL       10.66 state=NEUTRAL
 5 ZECUSDT        REVERSAL        9.84 state=WATCH_SHORT

Run ID: 8c1441871b8c42c1921bc92555ebaf7b
Snapshot saved: /home/runner/work/Alpha-Hunter/Alpha-Hunter/data/snapshots/snapshot-20260819T074203Z.json
State history: /home/runner/work/Alpha-Hunter/Alpha-Hunter/data/state-history.jsonl
Supabase: SAVED
Qualified discovery candidates: 3
EARLY candidates: 1
V7 Trade Ready: 0
Bitget private API: NOT_CONFIGURED
