V7.4 HOURLY PERFORMANCE TRACKER
Run ID: 8c1441871b8c42c1921bc92555ebaf7b

V7.4.1 SHADOW REVERSAL
 SH SYMBOL           V74     OLD   SHADOW
--------------------------------------------------
  1 AEONUSDT           2   11.25    14.38
  2 ZECUSDT            5    9.84    10.48
  3 REDUSDT            1   13.71     9.62
  4 ACEUSDT            4   10.66     9.57
  5 HYPEUSDT           3   10.75     9.32
PERFORMANCE SIGNALS SAVED: 27
FEATURE ROWS SAVED: 27
V7.4 OUTCOMES 1H: saved=3 failed=0
V7.4 OUTCOMES 4H: saved=3 failed=0
V7.4 OUTCOMES 12H: saved=12 failed=0
V7.4 OUTCOMES 24H: saved=14 failed=0
OUTCOME EVALUATION COMPLETE: saved=32 failed=0

==========================================================================================
V7.4 CURRENT SURVEILLANCE COHORT
==========================================================================================
RANK SYMBOL         TIER      PATH            SCORE STATE
------------------------------------------------------------------------------------------
   1 REDUSDT        PRIMARY   REVERSAL        13.71 NEUTRAL
   2 AEONUSDT       PRIMARY   REVERSAL        11.25 WATCH_SHORT
   3 HYPEUSDT       PRIMARY   REVERSAL        10.75 WATCH_SHORT
   4 ACEUSDT        PRIMARY   REVERSAL        10.66 NEUTRAL
   5 ZECUSDT        PRIMARY   REVERSAL         9.84 WATCH_SHORT

================================================================================================================================
V7.4 FORWARD PERFORMANCE — RAW PRICE EXPANSION
================================================================================================================================

PRIMARY / RESERVE + PATH
  H TIER      PATH              N    POS%   AVG RAW   AVG ABS    EXP3%    EXP5%   EXP10%    UP5%    DN5%
--------------------------------------------------------------------------------------------------------------------------------
  1 PRIMARY   CONTINUATION     69   56.5%    0.164%    2.975%    30.4%    15.9%     2.9%   13.0%    2.9%
  1 PRIMARY   REVERSAL         88   56.8%    0.138%    0.584%     2.3%     0.0%     0.0%    0.0%    0.0%
  1 RESERVE   CONTINUATION     23   65.2%    1.224%    1.493%     4.3%     4.3%     4.3%    4.3%    0.0%
  1 RESERVE   REVERSAL         10   70.0%    0.021%    0.545%     0.0%     0.0%     0.0%    0.0%    0.0%
  4 PRIMARY   CONTINUATION     69   47.8%   -1.380%    5.042%    37.7%    23.2%    10.1%   14.5%    8.7%
  4 PRIMARY   REVERSAL         75   60.0%    0.327%    0.846%     4.0%     2.7%     0.0%    2.7%    0.0%
  4 RESERVE   CONTINUATION     23   60.9%    1.634%    2.094%    13.0%    13.0%     4.3%   13.0%    0.0%
  4 RESERVE   REVERSAL         10   80.0%    0.355%    0.769%     0.0%     0.0%     0.0%    0.0%    0.0%
 12 PRIMARY   CONTINUATION     45   53.3%    3.486%   15.771%    71.1%    62.2%    46.7%   40.0%   22.2%
 12 PRIMARY   REVERSAL         54   57.4%    0.555%    1.811%    18.5%     9.3%     1.9%    7.4%    1.9%
 12 RESERVE   CONTINUATION     21   61.9%    2.496%    3.612%    19.0%    19.0%    14.3%   19.0%    0.0%
 12 RESERVE   REVERSAL         10   80.0%    0.409%    0.918%     0.0%     0.0%     0.0%    0.0%    0.0%
 24 PRIMARY   CONTINUATION      4    0.0%  -14.534%   14.534%    50.0%    50.0%    50.0%    0.0%   50.0%
 24 PRIMARY   REVERSAL          2  100.0%    1.971%    1.971%     0.0%     0.0%     0.0%    0.0%    0.0%
 24 RESERVE   CONTINUATION      2  100.0%   40.166%   40.166%    50.0%    50.0%    50.0%   50.0%    0.0%
 24 RESERVE   REVERSAL          1  100.0%    2.960%    2.960%     0.0%     0.0%     0.0%    0.0%    0.0%

RANK QUALITY
  H RANK BUCKET         N    POS%   AVG RAW   AVG ABS    EXP3%    EXP5%   EXP10%    UP5%    DN5%
----------------------------------------------------------------------------------------------------------------
  1 TOP_1_3           110   59.1%    0.087%    2.080%    19.1%     8.2%     1.8%    6.4%    1.8%
  1 TOP_4_5            47   51.1%    0.295%    0.592%     4.3%     4.3%     0.0%    4.3%    0.0%
  1 RESERVE_6_10       33   66.7%    0.860%    1.206%     3.0%     3.0%     3.0%    3.0%    0.0%
  4 TOP_1_3            98   55.1%   -0.956%    3.763%    26.5%    15.3%     7.1%    9.2%    6.1%
  4 TOP_4_5            46   52.2%    0.500%    0.926%     6.5%     6.5%     0.0%    6.5%    0.0%
  4 RESERVE_6_10       33   66.7%    1.246%    1.693%     9.1%     9.1%     3.0%    9.1%    0.0%
 12 TOP_1_3            64   59.4%    1.496%   10.671%    59.4%    45.3%    28.1%   28.1%   17.2%
 12 TOP_4_5            35   48.6%    2.603%    3.558%    11.4%    11.4%    11.4%   11.4%    0.0%
 12 RESERVE_6_10       31   67.7%    1.823%    2.743%    12.9%    12.9%     9.7%   12.9%    0.0%
 24 TOP_1_3             4   25.0%  -13.120%   14.578%    50.0%    50.0%    50.0%    0.0%   50.0%
 24 TOP_4_5             2   50.0%   -0.855%    1.883%     0.0%     0.0%     0.0%    0.0%    0.0%
 24 RESERVE_6_10        3  100.0%   27.764%   27.764%    33.3%    33.3%    33.3%   33.3%    0.0%

Metric definitions:
AVG RAW = average raw market return from detection price.
AVG ABS = average absolute price movement regardless of direction.
EXP3/5/10 = percentage of candidates moving at least 3% / 5% / 10% in either direction.
UP5 = raw upside move >= +5%; DN5 = raw downside move <= -5%.
No V7.4 trade-direction assumption is used in these metrics.

V7.4 TRACKING JOB: PASS
