
==============================================================================================================
ALPHA HUNTER V7.5 INDEPENDENT EPISODE MARKET TRACKER
==============================================================================================================
Episodes stored: 161
Active episodes: 61

ADAUSDT        REVERSAL      now=  -11.38% UP=    0.00% DOWN=  -12.70% 3=Y 5=Y 10=Y checks=47
DOGEUSDT       CONTINUATION  now=   -0.92% UP=    0.00% DOWN=   -2.32% 3=- 5=- 10=- checks=47
SKYAIUSDT      REVERSAL      now=  -44.73% UP=    0.00% DOWN=  -53.06% 3=Y 5=Y 10=Y checks=47
SOLUSDT        CONTINUATION  now=   -0.31% UP=    0.19% DOWN=   -4.13% 3=Y 5=- 10=- checks=47
SUIUSDT        CONTINUATION  now=   -6.47% UP=    0.00% DOWN=   -7.92% 3=Y 5=Y 10=- checks=47
COOKIEUSDT     CONTINUATION  now=  -17.56% UP=    0.00% DOWN=  -19.43% 3=Y 5=Y 10=Y checks=47
BTWUSDT        CONTINUATION  now=  213.47% UP=  215.56% DOWN=    0.00% 3=Y 5=Y 10=Y checks=47
CYSUSDT        CONTINUATION  now=  -47.65% UP=   78.38% DOWN=  -50.85% 3=Y 5=Y 10=Y checks=47
GWEIUSDT       REVERSAL      now=   -1.47% UP=   17.67% DOWN=   -7.43% 3=Y 5=Y 10=Y checks=47
BICOUSDT       REVERSAL      now=  -62.96% UP=    0.00% DOWN=  -63.59% 3=Y 5=Y 10=Y checks=47
SUIUSDT        CONTINUATION  now=   -5.35% UP=    0.00% DOWN=   -6.82% 3=Y 5=Y 10=- checks=47
MMTUSDT        REVERSAL      now=  -19.75% UP=    0.00% DOWN=  -20.29% 3=Y 5=Y 10=Y checks=47
IOTXUSDT       REVERSAL      now=  -10.46% UP=    0.00% DOWN=  -11.34% 3=Y 5=Y 10=Y checks=47
FORMUSDT       REVERSAL      now=   -6.73% UP=    0.00% DOWN=   -7.88% 3=Y 5=Y 10=- checks=47
JTOUSDT        REVERSAL      now=   -1.31% UP=    8.18% DOWN=   -2.16% 3=Y 5=Y 10=- checks=47
4USDT          REVERSAL      now=  -18.96% UP=    0.00% DOWN=  -22.21% 3=Y 5=Y 10=Y checks=47
MUBARAKUSDT    REVERSAL      now=  -11.17% UP=    0.00% DOWN=  -24.10% 3=Y 5=Y 10=Y checks=47
PUMPUSDT       REVERSAL      now=    5.33% UP=   10.34% DOWN=   -5.65% 3=Y 5=Y 10=Y checks=47
HYPEUSDT       REVERSAL      now=    3.71% UP=    5.13% DOWN=   -0.62% 3=Y 5=Y 10=- checks=47
ACUUSDT        REVERSAL      now=    4.58% UP=   16.62% DOWN=   -4.40% 3=Y 5=Y 10=Y checks=47
BTWUSDT        CONTINUATION  now=  109.87% UP=  111.61% DOWN=  -10.16% 3=Y 5=Y 10=Y checks=47
AEONUSDT       CONTINUATION  now=   15.84% UP=   28.99% DOWN=   -6.91% 3=Y 5=Y 10=Y checks=47
DIAUSDT        REVERSAL      now=    2.91% UP=    7.04% DOWN=   -0.49% 3=Y 5=Y 10=- checks=13
SOLUSDT        CONTINUATION  now=    1.18% UP=    1.71% DOWN=   -0.38% 3=- 5=- 10=- checks=13
DIAUSDT        REVERSAL      now=   -1.55% UP=    2.40% DOWN=   -2.71% 3=- 5=- 10=- checks=11
PUMPUSDT       REVERSAL      now=    6.31% UP=   11.40% DOWN=   -1.46% 3=Y 5=Y 10=Y checks=11
ZECUSDT        REVERSAL      now=   -0.76% UP=    1.52% DOWN=   -1.19% 3=- 5=- 10=- checks=11
AEONUSDT       CONTINUATION  now=   -9.82% UP=    2.13% DOWN=  -12.91% 3=Y 5=Y 10=Y checks=11
BTCUSDT        CONTINUATION  now=    0.01% UP=    1.07% DOWN=   -0.52% 3=- 5=- 10=- checks=11
ZECUSDT        REVERSAL      now=   -0.90% UP=    1.38% DOWN=   -1.19% 3=- 5=- 10=- checks=10
CHIPUSDT       REVERSAL      now=   -4.45% UP=    2.86% DOWN=   -5.72% 3=Y 5=Y 10=- checks=10
LINKUSDT       REVERSAL      now=    2.08% UP=    2.58% DOWN=   -0.31% 3=- 5=- 10=- checks=10
HYPEUSDT       REVERSAL      now=   -1.96% UP=    0.14% DOWN=   -2.44% 3=- 5=- 10=- checks=10
PUMPUSDT       REVERSAL      now=    5.29% UP=   10.34% DOWN=   -1.91% 3=Y 5=Y 10=Y checks=10
BTWUSDT        CONTINUATION  now=   65.60% UP=   66.99% DOWN=   -2.97% 3=Y 5=Y 10=Y checks=10
GPSUSDT        CONTINUATION  now=  -29.25% UP=    8.42% DOWN=  -33.81% 3=Y 5=Y 10=Y checks=10
BTWUSDT        CONTINUATION  now=   57.67% UP=   58.99% DOWN=    0.00% 3=Y 5=Y 10=Y checks=8
GPSUSDT        CONTINUATION  now=  -32.29% UP=    3.28% DOWN=  -36.62% 3=Y 5=Y 10=Y checks=8
ZECUSDT        REVERSAL      now=   -0.82% UP=    1.02% DOWN=   -1.09% 3=- 5=- 10=- checks=8
BTCUSDT        CONTINUATION  now=   -0.58% UP=    0.08% DOWN=   -0.89% 3=- 5=- 10=- checks=8
HYPEUSDT       REVERSAL      now=   -0.93% UP=    0.43% DOWN=   -1.42% 3=- 5=- 10=- checks=7
HYPEUSDT       REVERSAL      now=   -1.13% UP=    0.22% DOWN=   -1.62% 3=- 5=- 10=- checks=7
LINKUSDT       REVERSAL      now=    2.53% UP=    3.03% DOWN=    0.00% 3=Y 5=- 10=- checks=7
LUMIAUSDT      REVERSAL      now=    2.60% UP=    4.87% DOWN=   -0.25% 3=Y 5=- 10=- checks=7
SOLUSDT        CONTINUATION  now=    0.93% UP=    1.29% DOWN=    0.00% 3=- 5=- 10=- checks=7
ONGUSDT        CONTINUATION  now=    6.48% UP=    8.63% DOWN=   -4.75% 3=Y 5=Y 10=- checks=7
PUMPUSDT       CONTINUATION  now=    2.93% UP=    7.86% DOWN=   -0.14% 3=Y 5=Y 10=- checks=6
BTCUSDT        CONTINUATION  now=   -0.36% UP=    0.27% DOWN=   -0.67% 3=- 5=- 10=- checks=6
ZECUSDT        CONTINUATION  now=   -1.42% UP=    0.39% DOWN=   -1.66% 3=- 5=- 10=- checks=6
GPSUSDT        CONTINUATION  now=  -31.54% UP=    4.50% DOWN=  -35.88% 3=Y 5=Y 10=Y checks=5
HYPEUSDT       REVERSAL      now=   -0.61% UP=    0.09% DOWN=   -1.10% 3=- 5=- 10=- checks=4
ZECUSDT        REVERSAL      now=   -0.47% UP=    0.20% DOWN=   -0.72% 3=- 5=- 10=- checks=4
LINKUSDT       CONTINUATION  now=    1.75% UP=    2.24% DOWN=    0.00% 3=- 5=- 10=- checks=4
OUSDT          CONTINUATION  now=   -1.84% UP=    0.06% DOWN=   -6.18% 3=Y 5=Y 10=- checks=4
PIEVERSEUSDT   REVERSAL      now=    1.45% UP=    4.39% DOWN=   -1.00% 3=Y 5=- 10=- checks=3
ZECUSDT        REVERSAL      now=   -0.18% UP=    0.30% DOWN=   -0.46% 3=- 5=- 10=- checks=3
HYPEUSDT       REVERSAL      now=   -0.50% UP=    0.04% DOWN=   -0.97% 3=- 5=- 10=- checks=3
BTCUSDT        REVERSAL      now=    0.03% UP=    0.08% DOWN=   -0.27% 3=- 5=- 10=- checks=3
ACEUSDT        REVERSAL      now=   -0.31% UP=    0.00% DOWN=   -0.31% 3=- 5=- 10=- checks=1
REDUSDT        REVERSAL      now=   -0.34% UP=    0.00% DOWN=   -0.34% 3=- 5=- 10=- checks=1
AEONUSDT       REVERSAL      now=   -0.13% UP=    0.00% DOWN=   -0.13% 3=- 5=- 10=- checks=1

==============================================================================================================
TRACKER SUMMARY
==============================================================================================================
Checked: 61
Failed: 0
Supabase rows upserted: 161
3% episodes: 116
5% episodes: 106
10% episodes: 74

V7.5 EPISODE MARKET TRACKER: PASS
