V7.5 state restored from Supabase: 158

ALPHA HUNTER V7.5 OPPORTUNITY LIFECYCLE
Run ID: 8c1441871b8c42c1921bc92555ebaf7b
Timestamp: 2026-08-19T07:42:03.920535+00:00
Lifecycle candidates: 5

NEW    ACEUSDT        REVERSAL      state=PRE_MOVE_DETECTED    det=1   v74=10.66 rank=4 shadow= 9.57 provisional=ACTIVE final=PENDING
NEW    REDUSDT        REVERSAL      state=PRE_MOVE_DETECTED    det=1   v74=13.71 rank=1 shadow= 9.62 provisional=ACTIVE final=PENDING
UPDATE ZECUSDT        REVERSAL      state=PRE_MOVE_DETECTED    det=3   v74= 9.83 rank=3 shadow=11.98 provisional=ACTIVE final=PENDING
UPDATE HYPEUSDT       REVERSAL      state=PRE_MOVE_DETECTED    det=3   v74=10.67 rank=2 shadow= 8.32 provisional=ACTIVE final=PENDING
NEW    AEONUSDT       REVERSAL      state=PRE_MOVE_DETECTED    det=1   v74=11.25 rank=2 shadow=14.38 provisional=ACTIVE final=PENDING

Supabase lifecycle rows upserted: 161
Supabase lifecycle row count: 161

====================================================================================================
V7.5 LIFECYCLE SUMMARY
====================================================================================================
Episodes stored: 161
Created this run: 3
Updated this run: 2
Active episodes: 161

STATE COUNTS
DIRECTION_EMERGING       16
FINALIZED                100
PRE_MOVE_DETECTED        45

State file: /home/runner/work/Alpha-Hunter/Alpha-Hunter/data/v75-lifecycle-episodes.json
History file: /home/runner/work/Alpha-Hunter/Alpha-Hunter/data/v75-lifecycle-history.jsonl

V7.5 LIFECYCLE JOB: PASS
