
==============================================================================================================
ALPHA HUNTER V7.5 24H EPISODE FINALIZER
==============================================================================================================
SKIP   ADAUSDT        quality=LEGACY_PARTIAL    age= 230.87H
SKIP   DOGEUSDT       quality=LEGACY_PARTIAL    age= 230.87H
SKIP   SKYAIUSDT      quality=LEGACY_PARTIAL    age= 230.87H
SKIP   SOLUSDT        quality=LEGACY_PARTIAL    age= 230.87H
SKIP   SUIUSDT        quality=LEGACY_PARTIAL    age= 230.87H
SKIP   COOKIEUSDT     quality=LEGACY_PARTIAL    age= 230.87H
SKIP   BTWUSDT        quality=LEGACY_PARTIAL    age= 230.87H
SKIP   CYSUSDT        quality=LEGACY_PARTIAL    age= 230.87H
SKIP   GWEIUSDT       quality=LEGACY_PARTIAL    age= 224.70H
SKIP   BICOUSDT       quality=LEGACY_PARTIAL    age= 224.70H
SKIP   SUIUSDT        quality=LEGACY_PARTIAL    age= 224.70H
SKIP   MMTUSDT        quality=LEGACY_PARTIAL    age= 224.70H
SKIP   IOTXUSDT       quality=LEGACY_PARTIAL    age= 224.70H
SKIP   FORMUSDT       quality=LEGACY_PARTIAL    age= 107.46H
SKIP   JTOUSDT        quality=LEGACY_PARTIAL    age= 107.46H
SKIP   4USDT          quality=LEGACY_PARTIAL    age= 107.46H
SKIP   MUBARAKUSDT    quality=LEGACY_PARTIAL    age= 107.46H
SKIP   PUMPUSDT       quality=LEGACY_PARTIAL    age= 106.39H
SKIP   HYPEUSDT       quality=LEGACY_PARTIAL    age=  97.59H
SKIP   ACUUSDT        quality=LEGACY_PARTIAL    age=  97.59H
SKIP   BTWUSDT        quality=LEGACY_PARTIAL    age=  96.57H
SKIP   AEONUSDT       quality=LEGACY_PARTIAL    age=  96.57H
FINAL  DIAUSDT        direction=UP    UP=    7.04% DOWN=   -0.49% class=MAJOR_EXPANSION_UP
FINAL  SOLUSDT        direction=NONE  UP=    1.71% DOWN=   -0.38% class=NO_EXPANSION
WAIT   DIAUSDT        age=  20.23H UP=    2.40% DOWN=   -2.71%
WAIT   PUMPUSDT       age=  20.23H UP=   11.40% DOWN=   -1.46%
WAIT   ZECUSDT        age=  20.23H UP=    1.52% DOWN=   -1.19%
WAIT   AEONUSDT       age=  20.23H UP=    2.13% DOWN=  -12.91%
WAIT   BTCUSDT        age=  20.23H UP=    1.07% DOWN=   -0.52%
WAIT   ZECUSDT        age=  17.09H UP=    1.38% DOWN=   -1.19%
WAIT   CHIPUSDT       age=  17.09H UP=    2.86% DOWN=   -5.72%
WAIT   LINKUSDT       age=  17.09H UP=    2.58% DOWN=   -0.31%
WAIT   HYPEUSDT       age=  17.09H UP=    0.14% DOWN=   -2.44%
WAIT   PUMPUSDT       age=  17.09H UP=   10.34% DOWN=   -1.91%
WAIT   BTWUSDT        age=  17.09H UP=   66.99% DOWN=   -2.97%
WAIT   GPSUSDT        age=  17.09H UP=    8.42% DOWN=  -33.81%
WAIT   BTWUSDT        age=  13.00H UP=   58.99% DOWN=    0.00%
WAIT   GPSUSDT        age=  13.00H UP=    3.28% DOWN=  -36.62%
WAIT   ZECUSDT        age=  13.00H UP=    1.02% DOWN=   -1.09%
WAIT   BTCUSDT        age=  13.00H UP=    0.08% DOWN=   -0.89%
WAIT   HYPEUSDT       age=  12.20H UP=    0.43% DOWN=   -1.42%
WAIT   HYPEUSDT       age=  12.14H UP=    0.22% DOWN=   -1.62%
WAIT   LINKUSDT       age=  12.14H UP=    3.03% DOWN=    0.00%
WAIT   LUMIAUSDT      age=  12.14H UP=    4.87% DOWN=   -0.25%
WAIT   SOLUSDT        age=  12.14H UP=    1.29% DOWN=    0.00%
WAIT   ONGUSDT        age=  12.14H UP=    8.63% DOWN=   -4.75%
WAIT   PUMPUSDT       age=  10.24H UP=    7.86% DOWN=   -0.14%
WAIT   BTCUSDT        age=  10.11H UP=    0.27% DOWN=   -0.67%
WAIT   ZECUSDT        age=  10.11H UP=    0.39% DOWN=   -1.66%
WAIT   GPSUSDT        age=   9.25H UP=    4.50% DOWN=  -35.88%
WAIT   HYPEUSDT       age=   0.00H UP=    0.09% DOWN=   -1.10%
WAIT   ZECUSDT        age=   0.00H UP=    0.20% DOWN=   -0.72%
WAIT   LINKUSDT       age=   0.00H UP=    2.24% DOWN=    0.00%
WAIT   OUSDT          age=   0.00H UP=    0.06% DOWN=   -6.18%
WAIT   PIEVERSEUSDT   age=   2.14H UP=    4.39% DOWN=   -1.00%
WAIT   ZECUSDT        age=   2.14H UP=    0.30% DOWN=   -0.46%
WAIT   HYPEUSDT       age=   2.14H UP=    0.04% DOWN=   -0.97%
WAIT   BTCUSDT        age=   2.14H UP=    0.08% DOWN=   -0.27%
WAIT   ACEUSDT        age=   0.02H UP=    0.00% DOWN=   -0.31%
WAIT   REDUSDT        age=   0.02H UP=    0.00% DOWN=   -0.34%
WAIT   AEONUSDT       age=   0.02H UP=    0.00% DOWN=   -0.13%

==============================================================================================================
FINALIZER SUMMARY
==============================================================================================================
Episodes: 161
Finalized this run: 2
Waiting for 24H: 37
Legacy partial skipped: 22
Already finalized: 100
Supabase rows upserted: 161

V7.5 EPISODE FINALIZER: PASS
