
======================================================================================================================
ALPHA HUNTER V7.6 POST-CONFIRMATION OUTCOME TRACKER — SHADOW
======================================================================================================================
Confirmed outcome rows: 119
Created this run: 0

BTWUSDT        LONG   quality=FORWARD_COMPLETE now=  52.90% MFE=  54.09% MAE=  -2.92% lost=Y done=-
CHIPUSDT       SHORT  quality=FORWARD_COMPLETE now=   2.58% MFE=   3.61% MAE=  -5.16% lost=Y done=-
GPSUSDT        LONG   quality=FORWARD_COMPLETE now= -31.89% MFE=   3.99% MAE= -36.18% lost=Y done=-
DIAUSDT        LONG   quality=FORWARD_COMPLETE now=  -2.61% MFE=   1.30% MAE=  -2.84% lost=Y done=-
LUMIAUSDT      SHORT  quality=FORWARD_COMPLETE now=  -2.36% MFE=   0.05% MAE=  -4.63% lost=Y done=-
CHIPUSDT       SHORT  quality=FORWARD_COMPLETE now=   2.58% MFE=   3.61% MAE=  -5.16% lost=Y done=-
DIAUSDT        LONG   quality=FORWARD_COMPLETE now=  -2.61% MFE=   1.30% MAE=  -2.84% lost=Y done=-
LINKUSDT       LONG   quality=FORWARD_COMPLETE now=   1.83% MFE=   2.36% MAE=  -0.36% lost=Y done=-
GPSUSDT        LONG   quality=FORWARD_COMPLETE now= -32.49% MFE=   3.15% MAE= -36.70% lost=Y done=-
PUMPUSDT       LONG   quality=FORWARD_COMPLETE now=   5.33% MFE=  10.38% MAE=  -0.78% lost=Y done=-
LINKUSDT       LONG   quality=FORWARD_COMPLETE now=   1.83% MFE=   2.36% MAE=  -0.36% lost=Y done=-
BTWUSDT        LONG   quality=FORWARD_COMPLETE now=  76.90% MFE=  78.27% MAE=  -0.86% lost=Y done=-
HUSDT          SHORT  quality=FORWARD_COMPLETE now=  11.20% MFE=  14.16% MAE=  -6.31% lost=- done=-
LINKUSDT       LONG   quality=FORWARD_COMPLETE now=   1.83% MFE=   2.36% MAE=  -0.36% lost=- done=-
SOLUSDT        LONG   quality=FORWARD_COMPLETE now=   0.95% MFE=   1.52% MAE=  -0.27% lost=Y done=-
BTCUSDT        LONG   quality=FORWARD_COMPLETE now=  -0.64% MFE=   0.12% MAE=  -0.94% lost=Y done=-
PUMPUSDT       LONG   quality=FORWARD_COMPLETE now=   5.33% MFE=  10.38% MAE=  -0.78% lost=Y done=-
ETHUSDT        LONG   quality=FORWARD_COMPLETE now=   0.10% MFE=   0.26% MAE=  -0.57% lost=Y done=-
HYPEUSDT       SHORT  quality=FORWARD_COMPLETE now=   0.61% MFE=   1.06% MAE=  -0.31% lost=Y done=-
HYPEUSDT       SHORT  quality=FORWARD_COMPLETE now=   0.58% MFE=   1.02% MAE=  -0.35% lost=- done=-
BTWUSDT        LONG   quality=FORWARD_COMPLETE now=  76.82% MFE=  78.27% MAE=  -0.86% lost=Y done=-
PUMPUSDT       LONG   quality=FORWARD_COMPLETE now=   5.37% MFE=  10.42% MAE=  -0.74% lost=- done=-
ETHUSDT        LONG   quality=FORWARD_COMPLETE now=   0.09% MFE=   0.25% MAE=  -0.58% lost=Y done=-
AEONUSDT       SHORT  quality=FORWARD_COMPLETE now=   7.21% MFE=   9.97% MAE=  -5.58% lost=Y done=-
BTWUSDT        LONG   quality=FORWARD_COMPLETE now=  66.60% MFE=  67.87% MAE=  -0.15% lost=Y done=-
LINKUSDT       LONG   quality=FORWARD_COMPLETE now=   1.83% MFE=   2.36% MAE=  -0.36% lost=- done=-
BTCUSDT        SHORT  quality=FORWARD_COMPLETE now=  -0.11% MFE=   0.03% MAE=  -0.17% lost=Y done=-
LINKUSDT       LONG   quality=FORWARD_COMPLETE now=   0.05% MFE=   0.19% MAE=  -0.33% lost=- done=-
BTCUSDT        SHORT  quality=FORWARD_COMPLETE now=  -0.12% MFE=   0.02% MAE=  -0.18% lost=Y done=-
BTCUSDT        SHORT  quality=FORWARD_COMPLETE now=  -0.12% MFE=   0.02% MAE=  -0.18% lost=Y done=-
HYPEUSDT       SHORT  quality=FORWARD_COMPLETE now=   0.58% MFE=   1.02% MAE=  -0.35% lost=Y done=-
ONGUSDT        LONG   quality=FORWARD_COMPLETE now=   7.37% MFE=   9.14% MAE=  -2.14% lost=- done=-
PUMPUSDT       LONG   quality=FORWARD_COMPLETE now=  -1.26% MFE=   3.47% MAE=  -3.04% lost=Y done=-
HYPEUSDT       SHORT  quality=FORWARD_COMPLETE now=   0.61% MFE=   1.06% MAE=  -0.31% lost=Y done=-
HYPEUSDT       SHORT  quality=FORWARD_COMPLETE now=   0.65% MFE=   1.09% MAE=  -0.27% lost=Y done=-
GPSUSDT        LONG   quality=FORWARD_COMPLETE now= -33.34% MFE=   0.00% MAE= -37.61% lost=Y done=-
ZECUSDT        SHORT  quality=FORWARD_COMPLETE now=   0.28% MFE=   0.48% MAE=  -0.28% lost=- done=-
ZECUSDT        SHORT  quality=FORWARD_COMPLETE now=   0.28% MFE=   0.48% MAE=  -0.28% lost=- done=-
ZECUSDT        SHORT  quality=FORWARD_COMPLETE now=   0.30% MFE=   0.50% MAE=  -0.26% lost=- done=-
ZECUSDT        SHORT  quality=FORWARD_COMPLETE now=   0.29% MFE=   0.49% MAE=  -0.27% lost=- done=-
ZECUSDT        SHORT  quality=FORWARD_COMPLETE now=   0.29% MFE=   0.49% MAE=  -0.27% lost=- done=-
LINKUSDT       LONG   quality=FORWARD_COMPLETE now=   0.04% MFE=   0.19% MAE=  -0.33% lost=- done=-
ZECUSDT        SHORT  quality=FORWARD_COMPLETE now=   0.24% MFE=   0.24% MAE=  -0.30% lost=- done=-

======================================================================================================================
POST-CONFIRMATION TRACKER SUMMARY
======================================================================================================================
Outcome rows: 119
Created this run: 0
Tracked this run: 43
Failed: 0
Supabase rows upserted: 119
Forward complete: 119
Completed 24H: 76

IMPORTANT: OUTCOME TRACKER IS MEASUREMENT ONLY.
No trade permission was generated.

V7.6 POST-CONFIRMATION OUTCOME TRACKER: PASS
