
======================================================================================================================
ALPHA HUNTER V7.9 FULL-UNIVERSE HOURLY LEDGER — SHADOW
======================================================================================================================
Observed: 2026-08-19T07:42:06.317672+00:00
Hour bucket: 2026-08-19T07:00:00+00:00
Contract tickers: 756
Rows attempted: 756
Deep-scan selected: 27
Selection snapshot: 2026-08-19T07:42:03.920535+00:00
Selection run ID: 8c1441871b8c42c1921bc92555ebaf7b
Prefilter eligible: 294
Eligible not selected: 267
Non-crypto: 291
Low liquidity: 167
Over-extended: 4
Invalid price skipped: 0
Rows purged >7d: 0

TOP ABSOLUTE 24H MOVERS
SYMBOL                  24H    ELIG    SCAN  STATUS
------------------------------------------------------------------------
BTWUSDT             +76.86%       N       N  OVER_EXTENDED
VELVETUSDT          +35.52%       N       N  OVER_EXTENDED
GPSUSDT             -27.40%       N       N  OVER_EXTENDED
JCTUSDT             -25.08%       N       N  OVER_EXTENDED
BEATUSDT            -23.76%       Y       N  ELIGIBLE_NOT_SELECTED
DOSUSDT             +18.53%       Y       N  ELIGIBLE_NOT_SELECTED
HUSDT               -16.26%       Y       Y  DEEP_SCAN_SELECTED
SKYAIUSDT           -15.88%       Y       N  ELIGIBLE_NOT_SELECTED
ACEUSDT             +15.81%       Y       Y  DEEP_SCAN_SELECTED
XPINUSDT            -15.63%       Y       N  ELIGIBLE_NOT_SELECTED
BRUSDT              +15.13%       Y       Y  DEEP_SCAN_SELECTED
ARIAUSDT            +13.11%       Y       Y  DEEP_SCAN_SELECTED
NILUSDT             -13.05%       Y       Y  DEEP_SCAN_SELECTED
CFGUSDT             -12.90%       Y       Y  DEEP_SCAN_SELECTED
AEHRUSDT            -12.32%       N       N  NON_CRYPTO

IMPORTANT: V7.9 IS MEASUREMENT/AUDIT ONLY.
Same-hour reruns do not overwrite the first stored universe snapshot.
Raw universe evidence is retained for 7 days.
No trade permission was generated.

V7.9 FULL-UNIVERSE LEDGER: PASS
