
ALPHA HUNTER V7.1 — 2026-08-17T18:44:13.228089+00:00

Universe: 27 deep-scanned of 759 contracts
Eligible after prefilter: 310
Non-crypto rejected: 290

SYMBOL                  PHASE    TIME   BEHAV                     STATE      RR   DISC  TRADE
---------------------------------------------------------------------------------------------
POLUSDT        DISTRIBUTION_RISK    FAIR    5.82   DIRECTION_EMERGING_LONG    0.24     NO     NO
APRUSDT             EXPANSION    FAIR    5.40  DIRECTION_EMERGING_SHORT    0.57     NO     NO
GIGGLEUSDT     DISTRIBUTION_RISK    FAIR    5.12   DIRECTION_EMERGING_LONG    0.35     NO     NO
BICOUSDT            BREAKDOWN    FAIR    5.00  DIRECTION_EMERGING_SHORT    0.03     NO     NO
ROBOUSDT         ACCUMULATION    FAIR    4.85               WATCH_SHORT       —     NO     NO
HUSDT            ACCUMULATION    FAIR    4.63                   NEUTRAL       —     NO     NO
COMPUSDT       DISTRIBUTION_RISK    FAIR    4.61   DIRECTION_EMERGING_LONG    0.09     NO     NO
BTCUSDT              IGNITION   EARLY    4.31   DIRECTION_EMERGING_LONG    0.10     NO     NO
REUSDT           ACCUMULATION   EARLY    4.02                   NEUTRAL       —     NO     NO
CHIPUSDT         ACCUMULATION   EARLY    3.97               WATCH_SHORT       —     NO     NO
WLDUSDT           COMPRESSION   EARLY    3.80               WATCH_SHORT       —     NO     NO
ZECUSDT          ACCUMULATION   EARLY    3.70   DIRECTION_EMERGING_LONG    0.09     NO     NO
BTWUSDT          ACCUMULATION    FAIR    3.69                   NEUTRAL       —     NO     NO
TLMUSDT          ACCUMULATION    FAIR    3.65                   NEUTRAL       —     NO     NO
ADAUSDT          ACCUMULATION   EARLY    3.59               WATCH_SHORT       —     NO     NO
BSBUSDT             BREAKDOWN    FAIR    3.55  DIRECTION_EMERGING_SHORT    0.21     NO     NO
BLESSUSDT           BREAKDOWN    FAIR    3.50  DIRECTION_EMERGING_SHORT    0.01     NO     NO
SQDUSDT             BREAKDOWN    FAIR    3.50  DIRECTION_EMERGING_SHORT    0.01     NO     NO
PRLUSDT          ACCUMULATION   EARLY    3.41                   NEUTRAL       —     NO     NO
LINKUSDT         ACCUMULATION   EARLY    3.34                WATCH_LONG       —     NO     NO
SOLUSDT          ACCUMULATION   EARLY    3.33                WATCH_LONG       —     NO     NO
DOGEUSDT         ACCUMULATION   EARLY    3.28   DIRECTION_EMERGING_LONG    0.15     NO     NO
ETHUSDT          ACCUMULATION   EARLY    3.27   DIRECTION_EMERGING_LONG    0.14     NO     NO
SUIUSDT           COMPRESSION   EARLY    2.87                   NEUTRAL       —     NO     NO
HYPEUSDT         ACCUMULATION   EARLY    2.10                   NEUTRAL       —     NO     NO
FIGHTUSDT        ACCUMULATION    FAIR    2.08               WATCH_SHORT       —     NO     NO
XRPUSDT          ACCUMULATION   EARLY    1.95                   NEUTRAL       —     NO     NO

V7.4 PRE-MOVE SURVEILLANCE
Eligible: 6 | Primary: 5 | Reserve: 1

PRIMARY
 1 HUSDT          REVERSAL       13.53 state=NEUTRAL
 2 PRLUSDT        REVERSAL       12.04 state=NEUTRAL
 3 BTWUSDT        REVERSAL       10.75 state=NEUTRAL
 4 WLDUSDT        REVERSAL       10.16 state=WATCH_SHORT
 5 CHIPUSDT       REVERSAL        9.62 state=WATCH_SHORT

RESERVE
 6 LINKUSDT       REVERSAL        9.60 state=WATCH_LONG

Run ID: dbc8d101b558befb8d6ce0a2ab6c40a6
Snapshot saved: /home/runner/work/Alpha-Hunter/Alpha-Hunter/data/snapshots/snapshot-20260817T184413Z.json
State history: /home/runner/work/Alpha-Hunter/Alpha-Hunter/data/state-history.jsonl
Supabase: SAVED
Qualified discovery candidates: 0
EARLY candidates: 0
V7 Trade Ready: 0
Bitget private API: NOT_CONFIGURED
