
==============================================================================================================
ALPHA HUNTER V7.5 INDEPENDENT EPISODE MARKET TRACKER
==============================================================================================================
Episodes stored: 105
Active episodes: 59

ADAUSDT        REVERSAL      now=  -11.79% UP=    0.00% DOWN=  -12.90% 3=Y 5=Y 10=Y checks=53
DOGEUSDT       CONTINUATION  now=   -0.40% UP=    0.00% DOWN=   -2.32% 3=- 5=- 10=- checks=53
SKYAIUSDT      REVERSAL      now=  -31.29% UP=    0.00% DOWN=  -42.50% 3=Y 5=Y 10=Y checks=53
SOLUSDT        CONTINUATION  now=   -1.64% UP=    0.00% DOWN=   -4.13% 3=Y 5=- 10=- checks=53
SUIUSDT        CONTINUATION  now=   -3.48% UP=    0.00% DOWN=   -5.00% 3=Y 5=- 10=- checks=53
COOKIEUSDT     CONTINUATION  now=  -12.90% UP=    0.00% DOWN=  -15.46% 3=Y 5=Y 10=Y checks=53
BTWUSDT        CONTINUATION  now=   73.94% UP=  113.81% DOWN=    0.00% 3=Y 5=Y 10=Y checks=53
CYSUSDT        CONTINUATION  now=  -56.52% UP=   78.38% DOWN=  -57.84% 3=Y 5=Y 10=Y checks=53
GWEIUSDT       REVERSAL      now=    7.34% UP=   17.67% DOWN=    0.00% 3=Y 5=Y 10=Y checks=53
BICOUSDT       REVERSAL      now=  -57.57% UP=    0.00% DOWN=  -58.94% 3=Y 5=Y 10=Y checks=53
SUIUSDT        CONTINUATION  now=   -2.32% UP=    0.00% DOWN=   -3.86% 3=Y 5=- 10=- checks=53
MMTUSDT        REVERSAL      now=  -17.15% UP=    0.00% DOWN=  -17.69% 3=Y 5=Y 10=Y checks=53
IOTXUSDT       REVERSAL      now=   -8.95% UP=    0.00% DOWN=  -10.53% 3=Y 5=Y 10=Y checks=53
FORMUSDT       REVERSAL      now=   -5.11% UP=    0.00% DOWN=   -7.88% 3=Y 5=Y 10=- checks=53
JTOUSDT        REVERSAL      now=    5.77% UP=   11.45% DOWN=    0.00% 3=Y 5=Y 10=Y checks=53
4USDT          REVERSAL      now=  -11.94% UP=    0.00% DOWN=  -22.21% 3=Y 5=Y 10=Y checks=53
MUBARAKUSDT    REVERSAL      now=  -13.33% UP=    0.00% DOWN=  -24.10% 3=Y 5=Y 10=Y checks=53
PUMPUSDT       REVERSAL      now=    0.88% UP=    5.86% DOWN=   -6.03% 3=Y 5=Y 10=- checks=53
HYPEUSDT       REVERSAL      now=    5.29% UP=    6.56% DOWN=   -0.62% 3=Y 5=Y 10=- checks=53
ACUUSDT        REVERSAL      now=   11.63% UP=   16.62% DOWN=  -12.33% 3=Y 5=Y 10=Y checks=53
BTWUSDT        CONTINUATION  now=   16.62% UP=   43.38% DOWN=  -10.16% 3=Y 5=Y 10=Y checks=53
AEONUSDT       CONTINUATION  now=   20.77% UP=   31.04% DOWN=   -6.91% 3=Y 5=Y 10=Y checks=53
ROBOUSDT       REVERSAL      now=  -11.74% UP=    4.11% DOWN=  -12.80% 3=Y 5=Y 10=Y checks=17
ONGUSDT        CONTINUATION  now=   -2.31% UP=   18.39% DOWN=   -4.78% 3=Y 5=Y 10=Y checks=15
LINKUSDT       CONTINUATION  now=    0.81% UP=    1.37% DOWN=   -1.13% 3=- 5=- 10=- checks=15
LINKUSDT       REVERSAL      now=    1.55% UP=    2.11% DOWN=   -0.29% 3=- 5=- 10=- checks=14
REDUSDT        REVERSAL      now=   -0.58% UP=    0.23% DOWN=   -5.18% 3=Y 5=Y 10=- checks=14
PRLUSDT        CONTINUATION  now=   -1.98% UP=    5.86% DOWN=   -7.83% 3=Y 5=Y 10=- checks=14
LINKUSDT       REVERSAL      now=    1.55% UP=    2.11% DOWN=   -0.29% 3=- 5=- 10=- checks=14
REDUSDT        REVERSAL      now=   -0.58% UP=    0.23% DOWN=   -5.18% 3=Y 5=Y 10=- checks=14
PRLUSDT        CONTINUATION  now=   -1.98% UP=    5.86% DOWN=   -7.83% 3=Y 5=Y 10=- checks=14
HUSDT          REVERSAL      now=  -14.03% UP=    3.58% DOWN=  -27.00% 3=Y 5=Y 10=Y checks=12
NILUSDT        CONTINUATION  now=   -7.78% UP=    4.46% DOWN=   -9.23% 3=Y 5=Y 10=- checks=12
AIOUSDT        CONTINUATION  now=  -21.81% UP=   10.78% DOWN=  -23.42% 3=Y 5=Y 10=Y checks=12
VELVETUSDT     CONTINUATION  now=  -39.61% UP=    3.94% DOWN=  -41.18% 3=Y 5=Y 10=Y checks=11
LINKUSDT       REVERSAL      now=    0.89% UP=    1.45% DOWN=   -0.71% 3=- 5=- 10=- checks=10
AEONUSDT       REVERSAL      now=   15.54% UP=   25.36% DOWN=   -1.36% 3=Y 5=Y 10=Y checks=10
BASEDUSDT      REVERSAL      now=    0.12% UP=    3.02% DOWN=   -0.33% 3=Y 5=- 10=- checks=10
NILUSDT        REVERSAL      now=   -4.89% UP=    3.79% DOWN=   -6.39% 3=Y 5=Y 10=- checks=10
CHIPUSDT       CONTINUATION  now=   -8.67% UP=    5.56% DOWN=   -9.06% 3=Y 5=Y 10=- checks=9
PIXELUSDT      REVERSAL      now=    0.45% UP=    8.12% DOWN=   -0.81% 3=Y 5=Y 10=- checks=9
AIOUSDT        REVERSAL      now=  -17.94% UP=   16.26% DOWN=  -19.63% 3=Y 5=Y 10=Y checks=9
NILUSDT        REVERSAL      now=   -6.43% UP=    0.86% DOWN=   -7.89% 3=Y 5=Y 10=- checks=8
AIOUSDT        CONTINUATION  now=  -23.00% UP=    9.09% DOWN=  -24.59% 3=Y 5=Y 10=Y checks=8
ACUUSDT        REVERSAL      now=   13.84% UP=   15.37% DOWN=   -0.93% 3=Y 5=Y 10=Y checks=8
PRLUSDT        CONTINUATION  now=   -0.57% UP=    4.27% DOWN=   -6.51% 3=Y 5=Y 10=- checks=8
DOLOUSDT       REVERSAL      now=    4.30% UP=    4.92% DOWN=   -0.49% 3=Y 5=- 10=- checks=7
LINKUSDT       CONTINUATION  now=    0.21% UP=    0.77% DOWN=   -0.63% 3=- 5=- 10=- checks=6
BTWUSDT        REVERSAL      now=    6.52% UP=    9.87% DOWN=   -3.90% 3=Y 5=Y 10=- checks=6
COWUSDT        REVERSAL      now=   -1.43% UP=    0.27% DOWN=   -3.67% 3=Y 5=- 10=- checks=5
WLDUSDT        REVERSAL      now=    0.25% UP=    2.07% DOWN=   -0.17% 3=- 5=- 10=- checks=4
AEONUSDT       CONTINUATION  now=    5.07% UP=   14.00% DOWN=    0.00% 3=Y 5=Y 10=Y checks=4
CHIPUSDT       REVERSAL      now=   -5.14% UP=    0.20% DOWN=   -5.54% 3=Y 5=Y 10=- checks=3
AIOUSDT        REVERSAL      now=  -11.08% UP=    1.88% DOWN=  -12.92% 3=Y 5=Y 10=Y checks=3
WLDUSDT        CONTINUATION  now=   -0.76% UP=    1.04% DOWN=   -1.18% 3=- 5=- 10=- checks=3
PRLUSDT        REVERSAL      now=    4.54% UP=    6.87% DOWN=   -0.05% 3=Y 5=Y 10=- checks=2
HUSDT          REVERSAL      now=   -0.11% UP=    0.00% DOWN=   -0.11% 3=- 5=- 10=- checks=1
CHIPUSDT       REVERSAL      now=    0.00% UP=    0.00% DOWN=    0.00% 3=- 5=- 10=- checks=1
LINKUSDT       REVERSAL      now=    0.04% UP=    0.04% DOWN=    0.00% 3=- 5=- 10=- checks=1

==============================================================================================================
TRACKER SUMMARY
==============================================================================================================
Checked: 59
Failed: 0
Supabase rows upserted: 105
3% episodes: 88
5% episodes: 77
10% episodes: 49

V7.5 EPISODE MARKET TRACKER: PASS
