V7.5 state restored from Supabase: 102

ALPHA HUNTER V7.5 OPPORTUNITY LIFECYCLE
Run ID: dbc8d101b558befb8d6ce0a2ab6c40a6
Timestamp: 2026-08-17T18:44:13.228089+00:00
Lifecycle candidates: 6

NEW    HUSDT          REVERSAL      state=PRE_MOVE_DETECTED    det=1   v74=13.53 rank=1 shadow= 7.35 provisional=ACTIVE final=PENDING
NEW    CHIPUSDT       REVERSAL      state=PRE_MOVE_DETECTED    det=1   v74= 9.62 rank=5 shadow=14.96 provisional=ACTIVE final=PENDING
UPDATE WLDUSDT        REVERSAL      state=PRE_MOVE_DETECTED    det=3   v74= 9.96 rank=4 shadow=12.00 provisional=ACTIVE final=PENDING
UPDATE BTWUSDT        REVERSAL      state=EXPANSION            det=6   v74= 9.33 rank=4 shadow=14.68 provisional=NON_TRADEABLE_EXPANSION final=PENDING
UPDATE PRLUSDT        REVERSAL      state=EXPANSION            det=2   v74=11.69 rank=2 shadow=12.67 provisional=GOOD_DETECTION final=PENDING
NEW    LINKUSDT       REVERSAL      state=PRE_MOVE_DETECTED    det=1   v74= 9.60 rank=6 shadow= 4.46 provisional=ACTIVE final=PENDING

Supabase lifecycle rows upserted: 105
Supabase lifecycle row count: 105

====================================================================================================
V7.5 LIFECYCLE SUMMARY
====================================================================================================
Episodes stored: 105
Created this run: 3
Updated this run: 3
Active episodes: 105

STATE COUNTS
DIRECTION_EMERGING       7
EXPANSION                5
FINALIZED                46
PRE_MOVE_DETECTED        47

State file: /home/runner/work/Alpha-Hunter/Alpha-Hunter/data/v75-lifecycle-episodes.json
History file: /home/runner/work/Alpha-Hunter/Alpha-Hunter/data/v75-lifecycle-history.jsonl

V7.5 LIFECYCLE JOB: PASS
