
======================================================================================================================
ALPHA HUNTER V7.6 POST-CONFIRMATION OUTCOME TRACKER — SHADOW
======================================================================================================================
Confirmed outcome rows: 67
Created this run: 2

VELVETUSDT     SHORT  quality=FORWARD_COMPLETE now=  38.71% MFE=  40.56% MAE=  -5.03% lost=Y done=-
VELVETUSDT     LONG   quality=FORWARD_COMPLETE now= -42.26% MFE=   0.51% MAE= -44.05% lost=Y done=-
PRLUSDT        SHORT  quality=FORWARD_COMPLETE now=  -2.57% MFE=   3.73% MAE=  -4.66% lost=Y done=-
COWUSDT        SHORT  quality=FORWARD_COMPLETE now=  -0.64% MFE=   1.65% MAE=  -1.37% lost=Y done=-
AEONUSDT       SHORT  quality=FORWARD_COMPLETE now= -24.42% MFE=   4.19% MAE= -34.86% lost=Y done=Y
ROBOUSDT       LONG   quality=FORWARD_COMPLETE now= -14.70% MFE=   0.00% MAE= -15.60% lost=Y done=Y
BOMEUSDT       SHORT  quality=FORWARD_COMPLETE now=   5.22% MFE=   5.84% MAE=  -2.54% lost=Y done=Y
HUSDT          SHORT  quality=FORWARD_COMPLETE now= -10.04% MFE=   6.56% MAE= -15.09% lost=Y done=-
ONGUSDT        LONG   quality=FORWARD_COMPLETE now= -11.93% MFE=   1.77% MAE= -14.11% lost=Y done=-
REDUSDT        SHORT  quality=FORWARD_COMPLETE now=  -0.70% MFE=   3.96% MAE=  -1.52% lost=Y done=-
REDUSDT        SHORT  quality=FORWARD_COMPLETE now=  -0.70% MFE=   3.96% MAE=  -1.52% lost=Y done=-
PRLUSDT        LONG   quality=FORWARD_COMPLETE now=  -6.67% MFE=   0.29% MAE= -12.41% lost=Y done=-
PRLUSDT        LONG   quality=FORWARD_COMPLETE now=  -6.67% MFE=   0.29% MAE= -12.41% lost=Y done=-
PIXELUSDT      SHORT  quality=FORWARD_COMPLETE now=  -0.73% MFE=   0.26% MAE=  -8.42% lost=Y done=-
NILUSDT        LONG   quality=FORWARD_COMPLETE now= -10.43% MFE=   0.72% MAE= -11.78% lost=Y done=-
AIOUSDT        LONG   quality=FORWARD_COMPLETE now= -24.86% MFE=   6.48% MAE= -26.39% lost=Y done=-
CHIPUSDT       LONG   quality=FORWARD_COMPLETE now=  -5.14% MFE=   5.31% MAE=  -5.41% lost=Y done=-
AEONUSDT       LONG   quality=FORWARD_COMPLETE now=   4.91% MFE=  13.72% MAE=  -2.24% lost=Y done=-
AIOUSDT        LONG   quality=FORWARD_COMPLETE now= -22.61% MFE=   9.66% MAE= -24.19% lost=Y done=-
AIOUSDT        LONG   quality=FORWARD_COMPLETE now= -22.61% MFE=   9.66% MAE= -24.19% lost=Y done=-
ACUUSDT        LONG   quality=FORWARD_COMPLETE now=  11.29% MFE=  12.71% MAE=  -2.76% lost=Y done=-
BASEDUSDT      SHORT  quality=FORWARD_COMPLETE now=   0.99% MFE=   1.42% MAE=  -0.34% lost=- done=-
AEONUSDT       LONG   quality=FORWARD_COMPLETE now=  -2.19% MFE=   0.64% MAE=  -4.32% lost=Y done=-
AIOUSDT        SHORT  quality=FORWARD_COMPLETE now=   9.89% MFE=  11.73% MAE=  -0.81% lost=- done=-
CHIPUSDT       SHORT  quality=FORWARD_COMPLETE now=   2.30% MFE=   2.58% MAE=  -0.76% lost=- done=-
NILUSDT        SHORT  quality=FORWARD_COMPLETE now=  -0.00% MFE=   0.00% MAE=   0.00% lost=- done=-
NILUSDT        SHORT  quality=FORWARD_COMPLETE now=  -0.00% MFE=   0.00% MAE=   0.00% lost=- done=-

======================================================================================================================
POST-CONFIRMATION TRACKER SUMMARY
======================================================================================================================
Outcome rows: 67
Created this run: 2
Tracked this run: 27
Failed: 0
Supabase rows upserted: 67
Forward complete: 67
Completed 24H: 43

IMPORTANT: OUTCOME TRACKER IS MEASUREMENT ONLY.
No trade permission was generated.

V7.6 POST-CONFIRMATION OUTCOME TRACKER: PASS
