
======================================================================================================================
ALPHA HUNTER V7.9 FULL-UNIVERSE HOURLY LEDGER — SHADOW
======================================================================================================================
Observed: 2026-08-17T18:44:16.287504+00:00
Hour bucket: 2026-08-17T18:00:00+00:00
Contract tickers: 759
Rows attempted: 759
Deep-scan selected: 27
Selection snapshot: 2026-08-17T18:44:13.228089+00:00
Selection run ID: dbc8d101b558befb8d6ce0a2ab6c40a6
Prefilter eligible: 310
Eligible not selected: 283
Non-crypto: 290
Low liquidity: 153
Over-extended: 6
Invalid price skipped: 0
Rows purged >7d: 0

TOP ABSOLUTE 24H MOVERS
SYMBOL                  24H    ELIG    SCAN  STATUS
------------------------------------------------------------------------
GPSUSDT             +64.63%       N       N  OVER_EXTENDED
TUTUSDT             +45.25%       N       N  OVER_EXTENDED
VELVETUSDT          -42.29%       N       N  OVER_EXTENDED
CYSUSDT             -39.56%       N       N  OVER_EXTENDED
BEATUSDT            -25.53%       N       N  OVER_EXTENDED
ACEUSDT             +25.33%       N       N  OVER_EXTENDED
AEONUSDT            +21.71%       Y       N  ELIGIBLE_NOT_SELECTED
AIOUSDT             -19.95%       Y       N  ELIGIBLE_NOT_SELECTED
QUSDT               -19.72%       Y       N  ELIGIBLE_NOT_SELECTED
AXTIUSDT            +19.63%       N       N  NON_CRYPTO
XPINUSDT            -16.88%       Y       N  ELIGIBLE_NOT_SELECTED
KIOXIAUSDT          +16.19%       N       N  NON_CRYPTO
CBRSUSDT            +14.42%       N       N  NON_CRYPTO
SNXXUSDT            +14.06%       N       N  NON_CRYPTO
MVLLUSDT            +13.42%       N       N  NON_CRYPTO

IMPORTANT: V7.9 IS MEASUREMENT/AUDIT ONLY.
Same-hour reruns do not overwrite the first stored universe snapshot.
Raw universe evidence is retained for 7 days.
No trade permission was generated.

V7.9 FULL-UNIVERSE LEDGER: PASS
