V7.4 HOURLY PERFORMANCE TRACKER
Run ID: 3c7d6c19a8dc402932dfa2a812ad7150

V7.4.1 SHADOW REVERSAL
 SH SYMBOL           V74     OLD   SHADOW
--------------------------------------------------
  1 LINKUSDT           4   10.74    11.32
  2 CHIPUSDT           5   10.66     8.82
  3 BTWUSDT            6   10.22     6.77
  4 PUMPUSDT           3   10.90     5.09
PERFORMANCE SIGNALS SAVED: 27
FEATURE ROWS SAVED: 27
V7.4 OUTCOMES 1H: saved=6 failed=0
V7.4 OUTCOMES 4H: saved=8 failed=0
V7.4 OUTCOMES 12H: saved=9 failed=0
V7.4 OUTCOMES 24H: saved=5 failed=0
OUTCOME EVALUATION COMPLETE: saved=28 failed=0

==========================================================================================
V7.4 CURRENT SURVEILLANCE COHORT
==========================================================================================
RANK SYMBOL         TIER      PATH            SCORE STATE
------------------------------------------------------------------------------------------
   1 ZECUSDT        PRIMARY   CONTINUATION    11.25 NEUTRAL
   2 GPSUSDT        PRIMARY   CONTINUATION    10.98 DIRECTION_EMERGING_LONG
   3 PUMPUSDT       PRIMARY   REVERSAL        10.90 NEUTRAL
   4 LINKUSDT       PRIMARY   REVERSAL        10.74 NEUTRAL
   5 CHIPUSDT       PRIMARY   REVERSAL        10.66 NEUTRAL
   6 BTWUSDT        RESERVE   REVERSAL        10.22 NEUTRAL
   7 HYPEUSDT       RESERVE   CONTINUATION     9.93 NEUTRAL

================================================================================================================================
V7.4 FORWARD PERFORMANCE — RAW PRICE EXPANSION
================================================================================================================================

PRIMARY / RESERVE + PATH
  H TIER      PATH              N    POS%   AVG RAW   AVG ABS    EXP3%    EXP5%   EXP10%    UP5%    DN5%
--------------------------------------------------------------------------------------------------------------------------------
  1 PRIMARY   CONTINUATION     45   40.0%   -0.301%    1.719%    17.8%     6.7%     2.2%    4.4%    2.2%
  1 PRIMARY   REVERSAL         93   49.5%    0.259%    2.115%    23.7%     7.5%     1.1%    4.3%    3.2%
  1 RESERVE   CONTINUATION      6   33.3%   -0.532%    0.758%     0.0%     0.0%     0.0%    0.0%    0.0%
  1 RESERVE   REVERSAL          1    0.0%   -0.378%    0.378%     0.0%     0.0%     0.0%    0.0%    0.0%
  4 PRIMARY   CONTINUATION     36   36.1%   -2.231%    3.426%    25.0%    19.4%    11.1%    8.3%   11.1%
  4 PRIMARY   REVERSAL         87   54.0%    0.731%    3.543%    46.0%    28.7%     5.7%   18.4%   10.3%
  4 RESERVE   CONTINUATION      3    0.0%   -1.226%    1.226%     0.0%     0.0%     0.0%    0.0%    0.0%
  4 RESERVE   REVERSAL          1  100.0%    0.032%    0.032%     0.0%     0.0%     0.0%    0.0%    0.0%
 12 PRIMARY   CONTINUATION     23   13.0%  -13.400%   14.123%    78.3%    65.2%    39.1%    0.0%   65.2%
 12 PRIMARY   REVERSAL         44   70.5%    2.066%    6.966%    61.4%    50.0%    27.3%   31.8%   18.2%

RANK QUALITY
  H RANK BUCKET         N    POS%   AVG RAW   AVG ABS    EXP3%    EXP5%   EXP10%    UP5%    DN5%
----------------------------------------------------------------------------------------------------------------
  1 TOP_1_3           101   46.5%    0.073%    2.193%    24.8%     8.9%     2.0%    5.0%    4.0%
  1 TOP_4_5            37   45.9%    0.087%    1.420%    13.5%     2.7%     0.0%    2.7%    0.0%
  1 RESERVE_6_10        7   28.6%   -0.510%    0.704%     0.0%     0.0%     0.0%    0.0%    0.0%
  4 TOP_1_3            92   46.7%   -0.259%    3.961%    42.4%    30.4%     9.8%   17.4%   13.0%
  4 TOP_4_5            31   54.8%    0.230%    2.166%    32.3%    12.9%     0.0%    9.7%    3.2%
  4 RESERVE_6_10        4   25.0%   -0.911%    0.927%     0.0%     0.0%     0.0%    0.0%    0.0%
 12 TOP_1_3            50   46.0%   -4.538%   10.677%    72.0%    58.0%    36.0%   20.0%   38.0%
 12 TOP_4_5            17   64.7%    0.566%    5.734%    52.9%    47.1%    17.6%   23.5%   23.5%

Metric definitions:
AVG RAW = average raw market return from detection price.
AVG ABS = average absolute price movement regardless of direction.
EXP3/5/10 = percentage of candidates moving at least 3% / 5% / 10% in either direction.
UP5 = raw upside move >= +5%; DN5 = raw downside move <= -5%.
No V7.4 trade-direction assumption is used in these metrics.

V7.4 TRACKING JOB: PASS
