V7.5 state restored from Supabase: 116

ALPHA HUNTER V7.5 OPPORTUNITY LIFECYCLE
Run ID: 3c7d6c19a8dc402932dfa2a812ad7150
Timestamp: 2026-08-18T03:52:46.752867+00:00
Lifecycle candidates: 7

NEW    GPSUSDT        CONTINUATION  state=DIRECTION_EMERGING   det=1   v74=10.98 rank=2 shadow= 0.00 provisional=ACTIVE final=PENDING
UPDATE BTWUSDT        REVERSAL      state=PRE_MOVE_DETECTED    det=2   v74=12.00 rank=1 shadow= 6.95 provisional=ACTIVE final=PENDING
UPDATE ZECUSDT        CONTINUATION  state=PRE_MOVE_DETECTED    det=2   v74=11.24 rank=2 shadow= 0.00 provisional=ACTIVE final=PENDING
UPDATE HYPEUSDT       CONTINUATION  state=PRE_MOVE_DETECTED    det=2   v74= 9.86 rank=3 shadow= 0.00 provisional=ACTIVE final=PENDING
UPDATE PUMPUSDT       REVERSAL      state=PRE_MOVE_DETECTED    det=2   v74= 9.86 rank=4 shadow=11.24 provisional=ACTIVE final=PENDING
UPDATE LINKUSDT       REVERSAL      state=PRE_MOVE_DETECTED    det=2   v74= 9.78 rank=5 shadow=11.73 provisional=ACTIVE final=PENDING
NEW    CHIPUSDT       REVERSAL      state=PRE_MOVE_DETECTED    det=1   v74=10.66 rank=5 shadow= 8.82 provisional=ACTIVE final=PENDING

Supabase lifecycle rows upserted: 118
Supabase lifecycle row count: 118

====================================================================================================
V7.5 LIFECYCLE SUMMARY
====================================================================================================
Episodes stored: 118
Created this run: 2
Updated this run: 5
Active episodes: 118

STATE COUNTS
DIRECTION_EMERGING       9
EXPANSION                5
FINALIZED                55
PRE_MOVE_DETECTED        49

State file: /home/runner/work/Alpha-Hunter/Alpha-Hunter/data/v75-lifecycle-episodes.json
History file: /home/runner/work/Alpha-Hunter/Alpha-Hunter/data/v75-lifecycle-history.jsonl

V7.5 LIFECYCLE JOB: PASS
