
==============================================================================================================
ALPHA HUNTER V7.5 INDEPENDENT EPISODE MARKET TRACKER
==============================================================================================================
Episodes stored: 118
Active episodes: 63

ADAUSDT        REVERSAL      now=  -13.00% UP=    0.00% DOWN=  -13.51% 3=Y 5=Y 10=Y checks=59
DOGEUSDT       CONTINUATION  now=   -1.17% UP=    0.00% DOWN=   -2.32% 3=- 5=- 10=- checks=59
SKYAIUSDT      REVERSAL      now=  -33.00% UP=    0.00% DOWN=  -42.50% 3=Y 5=Y 10=Y checks=59
SOLUSDT        CONTINUATION  now=   -2.31% UP=    0.00% DOWN=   -4.13% 3=Y 5=- 10=- checks=59
SUIUSDT        CONTINUATION  now=   -7.86% UP=    0.00% DOWN=   -9.59% 3=Y 5=Y 10=- checks=59
COOKIEUSDT     CONTINUATION  now=  -17.17% UP=    0.00% DOWN=  -17.87% 3=Y 5=Y 10=Y checks=59
BTWUSDT        CONTINUATION  now=   73.20% UP=  113.81% DOWN=    0.00% 3=Y 5=Y 10=Y checks=59
CYSUSDT        CONTINUATION  now=  -48.84% UP=   78.38% DOWN=  -57.84% 3=Y 5=Y 10=Y checks=59
GWEIUSDT       REVERSAL      now=    8.12% UP=   17.67% DOWN=    0.00% 3=Y 5=Y 10=Y checks=59
BICOUSDT       REVERSAL      now=  -58.07% UP=    0.00% DOWN=  -59.94% 3=Y 5=Y 10=Y checks=59
SUIUSDT        CONTINUATION  now=   -6.76% UP=    0.00% DOWN=   -8.51% 3=Y 5=Y 10=- checks=59
MMTUSDT        REVERSAL      now=  -19.26% UP=    0.00% DOWN=  -21.43% 3=Y 5=Y 10=Y checks=59
IOTXUSDT       REVERSAL      now=  -11.45% UP=    0.00% DOWN=  -11.73% 3=Y 5=Y 10=Y checks=59
FORMUSDT       REVERSAL      now=   -6.45% UP=    0.00% DOWN=   -7.88% 3=Y 5=Y 10=- checks=59
JTOUSDT        REVERSAL      now=    3.63% UP=   11.45% DOWN=    0.00% 3=Y 5=Y 10=Y checks=59
4USDT          REVERSAL      now=  -15.07% UP=    0.00% DOWN=  -22.21% 3=Y 5=Y 10=Y checks=59
MUBARAKUSDT    REVERSAL      now=  -15.28% UP=    0.00% DOWN=  -24.10% 3=Y 5=Y 10=Y checks=59
PUMPUSDT       REVERSAL      now=   -1.98% UP=    5.86% DOWN=   -6.03% 3=Y 5=Y 10=- checks=59
HYPEUSDT       REVERSAL      now=    5.59% UP=    6.56% DOWN=   -0.62% 3=Y 5=Y 10=- checks=59
ACUUSDT        REVERSAL      now=   13.58% UP=   16.62% DOWN=  -12.33% 3=Y 5=Y 10=Y checks=59
BTWUSDT        CONTINUATION  now=   16.14% UP=   43.38% DOWN=  -10.16% 3=Y 5=Y 10=Y checks=59
AEONUSDT       CONTINUATION  now=   22.83% UP=   31.04% DOWN=   -6.91% 3=Y 5=Y 10=Y checks=59
NILUSDT        CONTINUATION  now=   -0.99% UP=    4.46% DOWN=   -9.23% 3=Y 5=Y 10=- checks=18
HUSDT          REVERSAL      now=  -12.39% UP=    3.58% DOWN=  -27.00% 3=Y 5=Y 10=Y checks=18
AIOUSDT        CONTINUATION  now=  -34.16% UP=   10.78% DOWN=  -35.02% 3=Y 5=Y 10=Y checks=18
VELVETUSDT     CONTINUATION  now=  -44.52% UP=    3.94% DOWN=  -44.92% 3=Y 5=Y 10=Y checks=17
LINKUSDT       REVERSAL      now=   -0.16% UP=    1.45% DOWN=   -1.12% 3=- 5=- 10=- checks=16
AEONUSDT       REVERSAL      now=   17.51% UP=   25.36% DOWN=   -1.36% 3=Y 5=Y 10=Y checks=16
BASEDUSDT      REVERSAL      now=   -2.25% UP=    3.02% DOWN=   -3.57% 3=Y 5=- 10=- checks=16
NILUSDT        REVERSAL      now=    2.11% UP=    7.26% DOWN=   -6.39% 3=Y 5=Y 10=- checks=16
CHIPUSDT       CONTINUATION  now=   -8.99% UP=    5.56% DOWN=  -12.97% 3=Y 5=Y 10=Y checks=15
PIXELUSDT      REVERSAL      now=    0.66% UP=    8.12% DOWN=   -2.22% 3=Y 5=Y 10=- checks=15
AIOUSDT        REVERSAL      now=  -30.91% UP=   16.26% DOWN=  -31.80% 3=Y 5=Y 10=Y checks=15
NILUSDT        REVERSAL      now=    0.47% UP=    5.53% DOWN=   -7.89% 3=Y 5=Y 10=- checks=14
AIOUSDT        CONTINUATION  now=  -35.17% UP=    9.09% DOWN=  -36.01% 3=Y 5=Y 10=Y checks=14
ACUUSDT        REVERSAL      now=   15.90% UP=   18.36% DOWN=   -0.93% 3=Y 5=Y 10=Y checks=14
PRLUSDT        CONTINUATION  now=   11.88% UP=   13.01% DOWN=   -6.51% 3=Y 5=Y 10=Y checks=14
DOLOUSDT       REVERSAL      now=    5.28% UP=    9.76% DOWN=   -0.49% 3=Y 5=Y 10=- checks=13
LINKUSDT       CONTINUATION  now=   -0.83% UP=    0.77% DOWN=   -1.79% 3=- 5=- 10=- checks=12
BTWUSDT        REVERSAL      now=    6.09% UP=    9.87% DOWN=   -3.90% 3=Y 5=Y 10=- checks=12
COWUSDT        REVERSAL      now=   -4.30% UP=    2.42% DOWN=   -5.01% 3=Y 5=Y 10=- checks=11
WLDUSDT        REVERSAL      now=   -7.33% UP=    2.07% DOWN=   -8.46% 3=Y 5=Y 10=- checks=10
AEONUSDT       CONTINUATION  now=    7.01% UP=   14.00% DOWN=   -2.99% 3=Y 5=Y 10=Y checks=10
CHIPUSDT       REVERSAL      now=   -5.47% UP=    0.20% DOWN=   -9.61% 3=Y 5=Y 10=- checks=9
AIOUSDT        REVERSAL      now=  -25.13% UP=    1.88% DOWN=  -26.10% 3=Y 5=Y 10=Y checks=9
WLDUSDT        CONTINUATION  now=   -8.26% UP=    1.04% DOWN=   -9.38% 3=Y 5=Y 10=- checks=9
PRLUSDT        REVERSAL      now=   17.63% UP=   18.82% DOWN=   -0.05% 3=Y 5=Y 10=Y checks=8
LINKUSDT       REVERSAL      now=   -1.00% UP=    0.15% DOWN=   -1.96% 3=- 5=- 10=- checks=7
HUSDT          REVERSAL      now=    2.15% UP=    6.35% DOWN=   -4.96% 3=Y 5=Y 10=- checks=7
CHIPUSDT       REVERSAL      now=   -0.35% UP=    0.84% DOWN=   -4.71% 3=Y 5=- 10=- checks=7
HYPEUSDT       REVERSAL      now=    1.00% UP=    1.43% DOWN=    0.00% 3=- 5=- 10=- checks=5
LINKUSDT       CONTINUATION  now=   -0.89% UP=    0.18% DOWN=   -1.85% 3=- 5=- 10=- checks=5
HYPEUSDT       CONTINUATION  now=    0.58% UP=    1.00% DOWN=   -0.12% 3=- 5=- 10=- checks=4
CHIPUSDT       REVERSAL      now=    2.61% UP=    3.11% DOWN=   -1.88% 3=Y 5=- 10=- checks=4
ETHUSDT        CONTINUATION  now=   -0.47% UP=    0.54% DOWN=   -0.96% 3=- 5=- 10=- checks=4
BTWUSDT        CONTINUATION  now=   -1.31% UP=    0.40% DOWN=   -3.49% 3=Y 5=- 10=- checks=4
PUMPUSDT       REVERSAL      now=    0.69% UP=    1.16% DOWN=   -0.22% 3=- 5=- 10=- checks=2
ZECUSDT        CONTINUATION  now=   -0.05% UP=    0.32% DOWN=   -0.30% 3=- 5=- 10=- checks=2
HYPEUSDT       CONTINUATION  now=    0.36% UP=    0.39% DOWN=   -0.34% 3=- 5=- 10=- checks=2
LINKUSDT       REVERSAL      now=    0.61% UP=    0.64% DOWN=   -0.03% 3=- 5=- 10=- checks=2
BTWUSDT        REVERSAL      now=    0.37% UP=    1.02% DOWN=   -0.66% 3=- 5=- 10=- checks=2
GPSUSDT        CONTINUATION  now=    0.02% UP=    0.27% DOWN=   -0.06% 3=- 5=- 10=- checks=1
CHIPUSDT       REVERSAL      now=   -0.42% UP=    0.00% DOWN=   -0.46% 3=- 5=- 10=- checks=1

==============================================================================================================
TRACKER SUMMARY
==============================================================================================================
Checked: 63
Failed: 0
Supabase rows upserted: 118
3% episodes: 94
5% episodes: 84
10% episodes: 52

V7.5 EPISODE MARKET TRACKER: PASS
