
======================================================================================================================
ALPHA HUNTER V7.6 POST-CONFIRMATION OUTCOME TRACKER — SHADOW
======================================================================================================================
Confirmed outcome rows: 75
Created this run: 1

CHIPUSDT       SHORT  quality=FORWARD_COMPLETE now=  -0.07% MFE=   4.44% MAE=  -1.13% lost=Y done=-
VELVETUSDT     SHORT  quality=FORWARD_COMPLETE now=  44.05% MFE=  44.34% MAE=  -5.03% lost=Y done=-
PRLUSDT        LONG   quality=FORWARD_COMPLETE now=   4.84% MFE=   5.88% MAE= -12.41% lost=Y done=-
ONGUSDT        LONG   quality=FORWARD_COMPLETE now=  -3.51% MFE=   1.77% MAE= -14.11% lost=Y done=Y
PRLUSDT        SHORT  quality=FORWARD_COMPLETE now= -15.23% MFE=   3.73% MAE= -16.37% lost=Y done=-
COWUSDT        SHORT  quality=FORWARD_COMPLETE now=   2.29% MFE=   3.02% MAE=  -4.57% lost=Y done=-
WLDUSDT        SHORT  quality=FORWARD_COMPLETE now=   6.69% MFE=   7.88% MAE=  -0.77% lost=- done=-
WLDUSDT        SHORT  quality=FORWARD_COMPLETE now=   6.69% MFE=   7.88% MAE=  -0.77% lost=- done=-
HUSDT          SHORT  quality=FORWARD_COMPLETE now= -12.60% MFE=   6.56% MAE= -17.06% lost=Y done=-
REDUSDT        SHORT  quality=FORWARD_COMPLETE now=  -3.26% MFE=   3.96% MAE=  -3.85% lost=Y done=Y
REDUSDT        SHORT  quality=FORWARD_COMPLETE now=  -3.26% MFE=   3.96% MAE=  -3.85% lost=Y done=Y
PRLUSDT        LONG   quality=FORWARD_COMPLETE now=   4.84% MFE=   5.88% MAE= -12.41% lost=Y done=-
PIXELUSDT      SHORT  quality=FORWARD_COMPLETE now=  -0.92% MFE=   1.95% MAE=  -8.42% lost=Y done=-
NILUSDT        LONG   quality=FORWARD_COMPLETE now=  -3.77% MFE=   1.07% MAE= -11.78% lost=Y done=-
AIOUSDT        LONG   quality=FORWARD_COMPLETE now= -36.76% MFE=   6.48% MAE= -37.54% lost=Y done=-
CHIPUSDT       LONG   quality=FORWARD_COMPLETE now=  -5.21% MFE=   5.31% MAE=  -9.49% lost=Y done=-
AEONUSDT       LONG   quality=FORWARD_COMPLETE now=   6.70% MFE=  13.72% MAE=  -3.23% lost=Y done=-
CHIPUSDT       SHORT  quality=FORWARD_COMPLETE now=  -3.46% MFE=   0.55% MAE=  -3.75% lost=Y done=-
AIOUSDT        LONG   quality=FORWARD_COMPLETE now= -35.15% MFE=   9.66% MAE= -35.67% lost=Y done=-
DOLOUSDT       LONG   quality=FORWARD_COMPLETE now=  -0.04% MFE=   4.25% MAE=  -0.67% lost=Y done=-
AIOUSDT        LONG   quality=FORWARD_COMPLETE now= -35.15% MFE=   9.66% MAE= -35.67% lost=Y done=-
ACUUSDT        LONG   quality=FORWARD_COMPLETE now=  12.78% MFE=  15.63% MAE=  -2.76% lost=Y done=-
BASEDUSDT      SHORT  quality=FORWARD_COMPLETE now=   3.41% MFE=   4.62% MAE=  -0.41% lost=Y done=-
AEONUSDT       LONG   quality=FORWARD_COMPLETE now=  -0.53% MFE=   0.64% MAE=  -9.78% lost=Y done=-
AIOUSDT        SHORT  quality=FORWARD_COMPLETE now=  24.55% MFE=  25.10% MAE=  -0.81% lost=- done=-
CHIPUSDT       SHORT  quality=FORWARD_COMPLETE now=   2.27% MFE=   6.78% MAE=  -0.76% lost=Y done=-
NILUSDT        SHORT  quality=FORWARD_COMPLETE now=  -7.44% MFE=   0.04% MAE= -12.85% lost=Y done=-
NILUSDT        SHORT  quality=FORWARD_COMPLETE now=  -7.44% MFE=   0.04% MAE= -12.85% lost=Y done=-
BTWUSDT        LONG   quality=FORWARD_COMPLETE now=  -1.05% MFE=   0.81% MAE=  -3.10% lost=Y done=-
BTWUSDT        LONG   quality=FORWARD_COMPLETE now=  -1.05% MFE=   0.81% MAE=  -3.10% lost=Y done=-
PRLUSDT        LONG   quality=FORWARD_COMPLETE now=   0.18% MFE=   0.18% MAE=  -0.11% lost=- done=-

======================================================================================================================
POST-CONFIRMATION TRACKER SUMMARY
======================================================================================================================
Outcome rows: 75
Created this run: 1
Tracked this run: 31
Failed: 0
Supabase rows upserted: 75
Forward complete: 75
Completed 24H: 47

IMPORTANT: OUTCOME TRACKER IS MEASUREMENT ONLY.
No trade permission was generated.

V7.6 POST-CONFIRMATION OUTCOME TRACKER: PASS
