
======================================================================================================================
ALPHA HUNTER V7.6 DIRECTION-PROOF ENGINE — SHADOW
======================================================================================================================
Eligible forward episodes: 38

SYMBOL         PATH          DIR         CONF   LONG   SHORT       15M        1H
----------------------------------------------------------------------------------------------------------------------
VELVETUSDT     CONTINUATION  SHORT      87.5%   0.00    7.00   BEARISH   BEARISH
LINKUSDT       REVERSAL      UNKNOWN     0.0%   0.00    3.50     MIXED   BEARISH
AEONUSDT       REVERSAL      LONG       81.2%   6.50    0.00   BULLISH   BULLISH
BASEDUSDT      REVERSAL      SHORT      56.2%   0.00    4.50   BEARISH   BEARISH
NILUSDT        REVERSAL      LONG       68.8%   5.50    0.00   BULLISH   BULLISH
CHIPUSDT       CONTINUATION  UNKNOWN     0.0%   3.50    0.00   BULLISH     MIXED
PIXELUSDT      REVERSAL      UNKNOWN     0.0%   1.00    1.00   BEARISH     MIXED
AIOUSDT        REVERSAL      SHORT      83.8%   1.00    7.00   BEARISH   BEARISH
NILUSDT        REVERSAL      LONG       68.8%   5.50    0.00   BULLISH   BULLISH
AIOUSDT        CONTINUATION  SHORT      83.8%   1.00    7.00   BEARISH   BEARISH
ACUUSDT        REVERSAL      LONG       75.6%   6.50    1.50   BULLISH   BULLISH
PRLUSDT        CONTINUATION  LONG      100.0%   8.00    0.00   BULLISH   BULLISH
DOLOUSDT       REVERSAL      UNKNOWN     0.0%   0.00    3.50   BEARISH     MIXED
LINKUSDT       CONTINUATION  UNKNOWN     0.0%   0.00    3.50     MIXED   BEARISH
BTWUSDT        REVERSAL      UNKNOWN     0.0%   2.00    2.50   BEARISH   BULLISH
COWUSDT        REVERSAL      SHORT      62.5%   0.00    5.00   BEARISH   BEARISH
WLDUSDT        REVERSAL      SHORT      87.5%   0.00    7.00   BEARISH   BEARISH
AEONUSDT       CONTINUATION  LONG       81.2%   6.50    0.00   BULLISH   BULLISH
CHIPUSDT       REVERSAL      UNKNOWN     0.0%   3.50    0.00   BULLISH     MIXED
AIOUSDT        REVERSAL      SHORT      83.8%   1.00    7.00   BEARISH   BEARISH
WLDUSDT        CONTINUATION  SHORT      87.5%   0.00    7.00   BEARISH   BEARISH
PRLUSDT        REVERSAL      LONG      100.0%   8.00    0.00   BULLISH   BULLISH
LINKUSDT       REVERSAL      UNKNOWN     0.0%   0.00    3.50     MIXED   BEARISH
HUSDT          REVERSAL      UNKNOWN     0.0%   1.50    1.00     MIXED     MIXED
CHIPUSDT       REVERSAL      UNKNOWN     0.0%   3.50    0.00   BULLISH     MIXED
HYPEUSDT       REVERSAL      LONG       68.8%   5.50    0.00   BULLISH   BULLISH
LINKUSDT       CONTINUATION  UNKNOWN     0.0%   0.00    3.50     MIXED   BEARISH
HYPEUSDT       CONTINUATION  LONG       68.8%   5.50    0.00   BULLISH   BULLISH
CHIPUSDT       REVERSAL      UNKNOWN     0.0%   3.50    0.00   BULLISH     MIXED
ETHUSDT        CONTINUATION  UNKNOWN     0.0%   0.00    3.50   BEARISH     MIXED
BTWUSDT        CONTINUATION  UNKNOWN     0.0%   2.00    2.50   BEARISH   BULLISH
PUMPUSDT       REVERSAL      UNKNOWN     0.0%   1.00    2.00     MIXED   BEARISH
ZECUSDT        CONTINUATION  UNKNOWN     0.0%   0.00    3.50   BEARISH     MIXED
HYPEUSDT       CONTINUATION  LONG       68.8%   5.50    0.00   BULLISH   BULLISH
LINKUSDT       REVERSAL      UNKNOWN     0.0%   0.00    3.50     MIXED   BEARISH
BTWUSDT        REVERSAL      UNKNOWN     0.0%   2.00    2.50   BEARISH   BULLISH
GPSUSDT        CONTINUATION  LONG      100.0%   8.00    0.00   BULLISH   BULLISH
CHIPUSDT       REVERSAL      UNKNOWN     0.0%   3.50    0.00   BULLISH     MIXED

======================================================================================================================
V7.6 SHADOW SUMMARY
======================================================================================================================
Evaluated: 38
LONG: 11
SHORT: 8
UNKNOWN: 19
Failures: 0
Supabase shadow rows saved: 38
Direction state rows saved: 38
Immutable transition rows saved: 38
Transition run ID: cloud5d-20260818T035209Z
Direction emerging: 4
Direction confirmed: 15
Lost confirmation: 1

IMPORTANT: V7.6 IS SHADOW ONLY.
No trade permission was generated.

V7.6 DIRECTION SHADOW: PASS
