
======================================================================================================================
ALPHA HUNTER V7.9 FULL-UNIVERSE HOURLY LEDGER — SHADOW
======================================================================================================================
Observed: 2026-08-18T03:52:49.723381+00:00
Hour bucket: 2026-08-18T03:00:00+00:00
Contract tickers: 759
Rows attempted: 759
Deep-scan selected: 27
Selection snapshot: 2026-08-18T03:52:46.752867+00:00
Selection run ID: 3c7d6c19a8dc402932dfa2a812ad7150
Prefilter eligible: 312
Eligible not selected: 285
Non-crypto: 290
Low liquidity: 152
Over-extended: 5
Invalid price skipped: 0
Rows purged >7d: 0

TOP ABSOLUTE 24H MOVERS
SYMBOL                  24H    ELIG    SCAN  STATUS
------------------------------------------------------------------------
VELVETUSDT          -45.81%       N       N  OVER_EXTENDED
AIOUSDT             -35.18%       N       N  OVER_EXTENDED
CYSUSDT             -31.33%       N       N  OVER_EXTENDED
TUTUSDT             +29.33%       N       N  OVER_EXTENDED
BEATUSDT            -27.27%       N       N  OVER_EXTENDED
GPSUSDT             +22.78%       Y       Y  DEEP_SCAN_SELECTED
ACUUSDT             +22.10%       Y       N  ELIGIBLE_NOT_SELECTED
GALAUSDT            -16.40%       Y       N  ELIGIBLE_NOT_SELECTED
ZHIPUUSDT           -15.94%       N       N  NON_CRYPTO
ZHIPUHKDUSDT        -15.82%       N       N  NON_CRYPTO
PIEVERSEUSDT        +14.50%       Y       Y  DEEP_SCAN_SELECTED
QUSDT               -14.16%       Y       Y  DEEP_SCAN_SELECTED
AEONUSDT            +13.50%       Y       Y  DEEP_SCAN_SELECTED
BLESSUSDT           -13.30%       Y       Y  DEEP_SCAN_SELECTED
IRYSUSDT            -13.23%       Y       Y  DEEP_SCAN_SELECTED

IMPORTANT: V7.9 IS MEASUREMENT/AUDIT ONLY.
Same-hour reruns do not overwrite the first stored universe snapshot.
Raw universe evidence is retained for 7 days.
No trade permission was generated.

V7.9 FULL-UNIVERSE LEDGER: PASS
