
ALPHA HUNTER V7.1 — 2026-08-17T21:29:41.885555+00:00

Universe: 27 deep-scanned of 759 contracts
Eligible after prefilter: 306
Non-crypto rejected: 290

SYMBOL                  PHASE    TIME   BEHAV                     STATE      RR   DISC  TRADE
---------------------------------------------------------------------------------------------
COMPUSDT       DISTRIBUTION_RISK    FAIR    5.85                WATCH_LONG       —     NO     NO
ALLOUSDT         ACCUMULATION    FAIR    5.67                WATCH_LONG       —    YES     NO
ROBOUSDT            BREAKDOWN    FAIR    5.06  DIRECTION_EMERGING_SHORT    0.08     NO     NO
VVVUSDT        DISTRIBUTION_RISK    FAIR    5.05                WATCH_LONG       —     NO     NO
ACEUSDT             EXPANSION    FAIR    4.87                   NEUTRAL       —     NO     NO
BTWUSDT          ACCUMULATION    FAIR    4.48                   NEUTRAL       —     NO     NO
GIGGLEUSDT       ACCUMULATION    FAIR    4.43                   NEUTRAL       —     NO     NO
DOGEUSDT          COMPRESSION   EARLY    4.31   DIRECTION_EMERGING_LONG    0.13     NO     NO
SOPHUSDT            BREAKDOWN    FAIR    4.13  DIRECTION_EMERGING_SHORT    0.01     NO     NO
LINKUSDT          COMPRESSION   EARLY    4.04   DIRECTION_EMERGING_LONG    0.32     NO     NO
HOMEUSDT            BREAKDOWN    FAIR    3.67  DIRECTION_EMERGING_SHORT    0.03     NO     NO
WLDUSDT           COMPRESSION   EARLY    3.63               WATCH_SHORT       —     NO     NO
ADAUSDT          ACCUMULATION   EARLY    3.57               WATCH_SHORT       —     NO     NO
SUIUSDT           COMPRESSION   EARLY    3.55               WATCH_SHORT       —     NO     NO
NILUSDT          ACCUMULATION   EARLY    3.53                WATCH_LONG       —     NO     NO
SOLUSDT           COMPRESSION   EARLY    3.36                WATCH_LONG       —     NO     NO
XRPUSDT           COMPRESSION   EARLY    3.24                WATCH_LONG       —     NO     NO
ZECUSDT          ACCUMULATION   EARLY    3.19                WATCH_LONG       —     NO     NO
PUMPUSDT         ACCUMULATION   EARLY    3.11               WATCH_SHORT       —     NO     NO
ETHUSDT          ACCUMULATION   EARLY    3.00                   NEUTRAL       —     NO     NO
BNBUSDT           COMPRESSION   EARLY    2.88                   NEUTRAL       —     NO     NO
XPINUSDT            EXPANSION    LATE    2.78                   NEUTRAL       —     NO     NO
HYPEUSDT         ACCUMULATION   EARLY    2.76                   NEUTRAL       —     NO     NO
SQDUSDT             BREAKDOWN    FAIR    2.55  DIRECTION_EMERGING_SHORT    0.01     NO     NO
BTCUSDT          ACCUMULATION   EARLY    2.48                WATCH_LONG       —     NO     NO
BLESSUSDT           BREAKDOWN    FAIR    2.44  DIRECTION_EMERGING_SHORT    0.13     NO     NO
TLMUSDT          ACCUMULATION    FAIR    2.28                   NEUTRAL       —     NO     NO

V7.4 PRE-MOVE SURVEILLANCE
Eligible: 4 | Primary: 4 | Reserve: 0

PRIMARY
 1 BTWUSDT        REVERSAL       12.49 state=NEUTRAL
 2 WLDUSDT        REVERSAL       10.02 state=WATCH_SHORT
 3 LINKUSDT       CONTINUATION    9.74 state=DIRECTION_EMERGING_LONG
 4 HYPEUSDT       REVERSAL        9.52 state=NEUTRAL

Run ID: 822a60daea68734269946ac430ba0646
Snapshot saved: /home/runner/work/Alpha-Hunter/Alpha-Hunter/data/snapshots/snapshot-20260817T212941Z.json
State history: /home/runner/work/Alpha-Hunter/Alpha-Hunter/data/state-history.jsonl
Supabase: SAVED
Qualified discovery candidates: 1
EARLY candidates: 0
V7 Trade Ready: 0
Bitget private API: NOT_CONFIGURED
