
==============================================================================================================
ALPHA HUNTER V7.5 INDEPENDENT EPISODE MARKET TRACKER
==============================================================================================================
Episodes stored: 107
Active episodes: 60

ADAUSDT        REVERSAL      now=  -12.14% UP=    0.00% DOWN=  -12.90% 3=Y 5=Y 10=Y checks=55
DOGEUSDT       CONTINUATION  now=   -0.40% UP=    0.00% DOWN=   -2.32% 3=- 5=- 10=- checks=55
SKYAIUSDT      REVERSAL      now=  -31.24% UP=    0.00% DOWN=  -42.50% 3=Y 5=Y 10=Y checks=55
SOLUSDT        CONTINUATION  now=   -1.75% UP=    0.00% DOWN=   -4.13% 3=Y 5=- 10=- checks=55
SUIUSDT        CONTINUATION  now=   -3.70% UP=    0.00% DOWN=   -5.00% 3=Y 5=- 10=- checks=55
COOKIEUSDT     CONTINUATION  now=  -11.34% UP=    0.00% DOWN=  -15.46% 3=Y 5=Y 10=Y checks=55
BTWUSDT        CONTINUATION  now=   73.46% UP=  113.81% DOWN=    0.00% 3=Y 5=Y 10=Y checks=55
CYSUSDT        CONTINUATION  now=  -55.72% UP=   78.38% DOWN=  -57.84% 3=Y 5=Y 10=Y checks=55
GWEIUSDT       REVERSAL      now=    7.80% UP=   17.67% DOWN=    0.00% 3=Y 5=Y 10=Y checks=55
BICOUSDT       REVERSAL      now=  -58.77% UP=    0.00% DOWN=  -59.36% 3=Y 5=Y 10=Y checks=55
SUIUSDT        CONTINUATION  now=   -2.55% UP=    0.00% DOWN=   -3.86% 3=Y 5=- 10=- checks=55
MMTUSDT        REVERSAL      now=  -17.35% UP=    0.00% DOWN=  -17.94% 3=Y 5=Y 10=Y checks=55
IOTXUSDT       REVERSAL      now=   -9.62% UP=    0.00% DOWN=  -10.53% 3=Y 5=Y 10=Y checks=55
FORMUSDT       REVERSAL      now=   -5.62% UP=    0.00% DOWN=   -7.88% 3=Y 5=Y 10=- checks=55
JTOUSDT        REVERSAL      now=    5.16% UP=   11.45% DOWN=    0.00% 3=Y 5=Y 10=Y checks=55
4USDT          REVERSAL      now=  -12.41% UP=    0.00% DOWN=  -22.21% 3=Y 5=Y 10=Y checks=55
MUBARAKUSDT    REVERSAL      now=  -16.98% UP=    0.00% DOWN=  -24.10% 3=Y 5=Y 10=Y checks=55
PUMPUSDT       REVERSAL      now=   -2.43% UP=    5.86% DOWN=   -6.03% 3=Y 5=Y 10=- checks=55
HYPEUSDT       REVERSAL      now=    4.57% UP=    6.56% DOWN=   -0.62% 3=Y 5=Y 10=- checks=55
ACUUSDT        REVERSAL      now=   13.31% UP=   16.62% DOWN=  -12.33% 3=Y 5=Y 10=Y checks=55
BTWUSDT        CONTINUATION  now=   16.45% UP=   43.38% DOWN=  -10.16% 3=Y 5=Y 10=Y checks=55
AEONUSDT       CONTINUATION  now=   18.94% UP=   31.04% DOWN=   -6.91% 3=Y 5=Y 10=Y checks=55
ONGUSDT        CONTINUATION  now=   -1.20% UP=   18.39% DOWN=   -4.78% 3=Y 5=Y 10=Y checks=17
LINKUSDT       CONTINUATION  now=    0.66% UP=    1.37% DOWN=   -1.13% 3=- 5=- 10=- checks=17
LINKUSDT       REVERSAL      now=    1.40% UP=    2.11% DOWN=   -0.29% 3=- 5=- 10=- checks=16
REDUSDT        REVERSAL      now=    0.12% UP=    0.58% DOWN=   -5.18% 3=Y 5=Y 10=- checks=16
PRLUSDT        CONTINUATION  now=   -2.41% UP=    5.86% DOWN=   -7.83% 3=Y 5=Y 10=- checks=16
LINKUSDT       REVERSAL      now=    1.40% UP=    2.11% DOWN=   -0.29% 3=- 5=- 10=- checks=16
REDUSDT        REVERSAL      now=    0.12% UP=    0.58% DOWN=   -5.18% 3=Y 5=Y 10=- checks=16
PRLUSDT        CONTINUATION  now=   -2.41% UP=    5.86% DOWN=   -7.83% 3=Y 5=Y 10=- checks=16
HUSDT          REVERSAL      now=  -13.28% UP=    3.58% DOWN=  -27.00% 3=Y 5=Y 10=Y checks=14
NILUSDT        CONTINUATION  now=    0.02% UP=    4.46% DOWN=   -9.23% 3=Y 5=Y 10=- checks=14
AIOUSDT        CONTINUATION  now=  -22.11% UP=   10.78% DOWN=  -24.36% 3=Y 5=Y 10=Y checks=14
VELVETUSDT     CONTINUATION  now=  -38.34% UP=    3.94% DOWN=  -41.18% 3=Y 5=Y 10=Y checks=13
LINKUSDT       REVERSAL      now=    0.74% UP=    1.45% DOWN=   -0.71% 3=- 5=- 10=- checks=12
AEONUSDT       REVERSAL      now=   13.79% UP=   25.36% DOWN=   -1.36% 3=Y 5=Y 10=Y checks=12
BASEDUSDT      REVERSAL      now=    1.01% UP=    3.02% DOWN=   -0.33% 3=Y 5=- 10=- checks=12
NILUSDT        REVERSAL      now=    3.15% UP=    7.26% DOWN=   -6.39% 3=Y 5=Y 10=- checks=12
CHIPUSDT       CONTINUATION  now=   -8.48% UP=    5.56% DOWN=   -9.89% 3=Y 5=Y 10=- checks=11
PIXELUSDT      REVERSAL      now=    0.77% UP=    8.12% DOWN=   -0.81% 3=Y 5=Y 10=- checks=11
AIOUSDT        REVERSAL      now=  -18.47% UP=   16.26% DOWN=  -20.62% 3=Y 5=Y 10=Y checks=11
NILUSDT        REVERSAL      now=    1.49% UP=    5.53% DOWN=   -7.89% 3=Y 5=Y 10=- checks=10
AIOUSDT        CONTINUATION  now=  -23.50% UP=    9.09% DOWN=  -25.52% 3=Y 5=Y 10=Y checks=10
ACUUSDT        REVERSAL      now=   15.63% UP=   16.10% DOWN=   -0.93% 3=Y 5=Y 10=Y checks=10
PRLUSDT        CONTINUATION  now=   -1.00% UP=    4.27% DOWN=   -6.51% 3=Y 5=Y 10=- checks=10
DOLOUSDT       REVERSAL      now=    5.37% UP=    6.56% DOWN=   -0.49% 3=Y 5=Y 10=- checks=9
LINKUSDT       CONTINUATION  now=    0.06% UP=    0.77% DOWN=   -0.63% 3=- 5=- 10=- checks=8
BTWUSDT        REVERSAL      now=    6.37% UP=    9.87% DOWN=   -3.90% 3=Y 5=Y 10=- checks=8
COWUSDT        REVERSAL      now=   -2.33% UP=    0.27% DOWN=   -3.67% 3=Y 5=- 10=- checks=7
WLDUSDT        REVERSAL      now=   -1.30% UP=    2.07% DOWN=   -1.81% 3=- 5=- 10=- checks=6
AEONUSDT       CONTINUATION  now=    3.48% UP=   14.00% DOWN=    0.00% 3=Y 5=Y 10=Y checks=6
CHIPUSDT       REVERSAL      now=   -4.94% UP=    0.20% DOWN=   -6.40% 3=Y 5=Y 10=- checks=5
AIOUSDT        REVERSAL      now=  -11.66% UP=    1.88% DOWN=  -13.99% 3=Y 5=Y 10=Y checks=5
WLDUSDT        CONTINUATION  now=   -2.30% UP=    1.04% DOWN=   -2.80% 3=- 5=- 10=- checks=5
PRLUSDT        REVERSAL      now=    4.08% UP=    6.87% DOWN=   -0.05% 3=Y 5=Y 10=- checks=4
HUSDT          REVERSAL      now=    0.85% UP=    1.95% DOWN=   -2.76% 3=- 5=- 10=- checks=3
CHIPUSDT       REVERSAL      now=    0.21% UP=    0.63% DOWN=   -1.34% 3=- 5=- 10=- checks=3
LINKUSDT       REVERSAL      now=   -0.11% UP=    0.15% DOWN=   -0.57% 3=- 5=- 10=- checks=3
LINKUSDT       CONTINUATION  now=    0.00% UP=    0.00% DOWN=    0.00% 3=- 5=- 10=- checks=1
HYPEUSDT       REVERSAL      now=    0.03% UP=    0.03% DOWN=    0.00% 3=- 5=- 10=- checks=1

==============================================================================================================
TRACKER SUMMARY
==============================================================================================================
Checked: 60
Failed: 0
Supabase rows upserted: 107
3% episodes: 88
5% episodes: 78
10% episodes: 49

V7.5 EPISODE MARKET TRACKER: PASS
