
======================================================================================================================
ALPHA HUNTER V7.6 POST-CONFIRMATION OUTCOME TRACKER — SHADOW
======================================================================================================================
Confirmed outcome rows: 71
Created this run: 1

CHIPUSDT       SHORT  quality=FORWARD_COMPLETE now=  -0.49% MFE=   0.53% MAE=  -0.74% lost=Y done=-
VELVETUSDT     SHORT  quality=FORWARD_COMPLETE now=  37.70% MFE=  40.56% MAE=  -5.03% lost=Y done=-
VELVETUSDT     LONG   quality=FORWARD_COMPLETE now= -41.36% MFE=   0.51% MAE= -44.05% lost=Y done=Y
PRLUSDT        SHORT  quality=FORWARD_COMPLETE now=  -1.93% MFE=   3.73% MAE=  -4.66% lost=Y done=-
COWUSDT        SHORT  quality=FORWARD_COMPLETE now=   0.27% MFE=   1.65% MAE=  -1.37% lost=Y done=-
WLDUSDT        SHORT  quality=FORWARD_COMPLETE now=   0.68% MFE=   0.71% MAE=  -0.77% lost=- done=-
HUSDT          SHORT  quality=FORWARD_COMPLETE now= -11.01% MFE=   6.56% MAE= -15.09% lost=Y done=-
ONGUSDT        LONG   quality=FORWARD_COMPLETE now= -10.84% MFE=   1.77% MAE= -14.11% lost=Y done=-
REDUSDT        SHORT  quality=FORWARD_COMPLETE now=  -1.40% MFE=   3.96% MAE=  -1.86% lost=Y done=-
REDUSDT        SHORT  quality=FORWARD_COMPLETE now=  -1.40% MFE=   3.96% MAE=  -1.86% lost=Y done=-
PRLUSDT        LONG   quality=FORWARD_COMPLETE now=  -7.25% MFE=   0.29% MAE= -12.41% lost=Y done=-
PRLUSDT        LONG   quality=FORWARD_COMPLETE now=  -7.25% MFE=   0.29% MAE= -12.41% lost=Y done=-
WLDUSDT        SHORT  quality=FORWARD_COMPLETE now=   0.63% MFE=   0.71% MAE=  -0.77% lost=- done=-
PIXELUSDT      SHORT  quality=FORWARD_COMPLETE now=  -1.01% MFE=   0.26% MAE=  -8.42% lost=Y done=-
NILUSDT        LONG   quality=FORWARD_COMPLETE now=  -3.03% MFE=   1.07% MAE= -11.78% lost=Y done=-
AIOUSDT        LONG   quality=FORWARD_COMPLETE now= -25.37% MFE=   6.48% MAE= -27.29% lost=Y done=-
CHIPUSDT       LONG   quality=FORWARD_COMPLETE now=  -4.81% MFE=   5.31% MAE=  -6.28% lost=Y done=-
AEONUSDT       LONG   quality=FORWARD_COMPLETE now=   2.84% MFE=  13.72% MAE=  -2.24% lost=Y done=-
AIOUSDT        LONG   quality=FORWARD_COMPLETE now= -23.08% MFE=   9.66% MAE= -25.12% lost=Y done=-
AIOUSDT        LONG   quality=FORWARD_COMPLETE now= -23.08% MFE=   9.66% MAE= -25.12% lost=Y done=-
ACUUSDT        LONG   quality=FORWARD_COMPLETE now=  13.34% MFE=  13.43% MAE=  -2.76% lost=Y done=-
BASEDUSDT      SHORT  quality=FORWARD_COMPLETE now=   0.09% MFE=   1.42% MAE=  -0.41% lost=Y done=-
AEONUSDT       LONG   quality=FORWARD_COMPLETE now=  -4.13% MFE=   0.64% MAE=  -5.46% lost=Y done=-
AIOUSDT        SHORT  quality=FORWARD_COMPLETE now=  10.44% MFE=  12.82% MAE=  -0.81% lost=- done=-
CHIPUSDT       SHORT  quality=FORWARD_COMPLETE now=   1.96% MFE=   3.47% MAE=  -0.76% lost=Y done=-
NILUSDT        SHORT  quality=FORWARD_COMPLETE now=  -8.01% MFE=   0.04% MAE= -12.85% lost=Y done=-
NILUSDT        SHORT  quality=FORWARD_COMPLETE now=  -8.01% MFE=   0.04% MAE= -12.85% lost=Y done=-
DOLOUSDT       LONG   quality=FORWARD_COMPLETE now=   0.00% MFE=   0.00% MAE=   0.00% lost=- done=-

======================================================================================================================
POST-CONFIRMATION TRACKER SUMMARY
======================================================================================================================
Outcome rows: 71
Created this run: 1
Tracked this run: 28
Failed: 0
Supabase rows upserted: 71
Forward complete: 71
Completed 24H: 44

IMPORTANT: OUTCOME TRACKER IS MEASUREMENT ONLY.
No trade permission was generated.

V7.6 POST-CONFIRMATION OUTCOME TRACKER: PASS
