
======================================================================================================================
ALPHA HUNTER V7.6 DIRECTION-PROOF ENGINE — SHADOW
======================================================================================================================
Eligible forward episodes: 36

SYMBOL         PATH          DIR         CONF   LONG   SHORT       15M        1H
----------------------------------------------------------------------------------------------------------------------
LINKUSDT       REVERSAL      UNKNOWN     0.0%   3.00    1.50   BULLISH   BULLISH
REDUSDT        REVERSAL      LONG       52.5%   4.50    1.00   BULLISH   BULLISH
PRLUSDT        CONTINUATION  UNKNOWN     0.0%   1.50    0.00     MIXED     MIXED
LINKUSDT       REVERSAL      UNKNOWN     0.0%   3.00    1.50   BULLISH   BULLISH
REDUSDT        REVERSAL      LONG       52.5%   4.50    1.00   BULLISH   BULLISH
PRLUSDT        CONTINUATION  UNKNOWN     0.0%   1.50    0.00     MIXED     MIXED
HUSDT          REVERSAL      LONG       75.0%   6.00    0.00   BULLISH     MIXED
NILUSDT        CONTINUATION  LONG       56.2%   4.50    0.00   BULLISH   BULLISH
AIOUSDT        CONTINUATION  UNKNOWN     0.0%   1.00    3.50     MIXED   BEARISH
VELVETUSDT     CONTINUATION  UNKNOWN     0.0%   2.00    2.00     MIXED   BEARISH
LINKUSDT       REVERSAL      UNKNOWN     0.0%   3.00    1.50   BULLISH   BULLISH
AEONUSDT       REVERSAL      UNKNOWN     0.0%   1.00    2.50   BEARISH     MIXED
BASEDUSDT      REVERSAL      UNKNOWN     0.0%   1.00    0.00     MIXED     MIXED
NILUSDT        REVERSAL      LONG       56.2%   4.50    0.00   BULLISH   BULLISH
CHIPUSDT       CONTINUATION  UNKNOWN     0.0%   2.50    3.50     MIXED   BEARISH
PIXELUSDT      REVERSAL      SHORT      68.8%   0.00    5.50   BEARISH   BEARISH
AIOUSDT        REVERSAL      SHORT      52.5%   1.00    4.50   BEARISH   BEARISH
NILUSDT        REVERSAL      LONG       56.2%   4.50    0.00   BULLISH   BULLISH
AIOUSDT        CONTINUATION  SHORT      52.5%   1.00    4.50   BEARISH   BEARISH
ACUUSDT        REVERSAL      LONG       87.5%   7.00    0.00   BULLISH   BULLISH
PRLUSDT        CONTINUATION  UNKNOWN     0.0%   1.50    0.00     MIXED     MIXED
DOLOUSDT       REVERSAL      LONG       87.5%   7.00    0.00   BULLISH   BULLISH
LINKUSDT       CONTINUATION  UNKNOWN     0.0%   3.00    1.50   BULLISH   BULLISH
BTWUSDT        REVERSAL      UNKNOWN     0.0%   3.50    0.00   BULLISH     MIXED
COWUSDT        REVERSAL      UNKNOWN     0.0%   0.00    3.00   BEARISH   BEARISH
WLDUSDT        REVERSAL      SHORT      87.5%   0.00    7.00   BEARISH   BEARISH
AEONUSDT       CONTINUATION  UNKNOWN     0.0%   1.00    2.50   BEARISH     MIXED
CHIPUSDT       REVERSAL      UNKNOWN     0.0%   2.50    3.50     MIXED   BEARISH
AIOUSDT        REVERSAL      SHORT      52.5%   1.00    4.50   BEARISH   BEARISH
WLDUSDT        CONTINUATION  SHORT      87.5%   0.00    7.00   BEARISH   BEARISH
PRLUSDT        REVERSAL      UNKNOWN     0.0%   1.50    0.00     MIXED     MIXED
HUSDT          REVERSAL      LONG       75.0%   6.00    0.00   BULLISH     MIXED
CHIPUSDT       REVERSAL      UNKNOWN     0.0%   2.50    3.50     MIXED   BEARISH
LINKUSDT       REVERSAL      UNKNOWN     0.0%   3.00    1.50   BULLISH   BULLISH
LINKUSDT       CONTINUATION  UNKNOWN     0.0%   3.00    1.50   BULLISH   BULLISH
HYPEUSDT       REVERSAL      UNKNOWN     0.0%   0.00    1.50     MIXED     MIXED

======================================================================================================================
V7.6 SHADOW SUMMARY
======================================================================================================================
Evaluated: 36
LONG: 9
SHORT: 6
UNKNOWN: 21
Failures: 0
Supabase shadow rows saved: 36
Direction state rows saved: 36
Immutable transition rows saved: 36
Transition run ID: cloud5d-20260817T212854Z
Direction emerging: 7
Direction confirmed: 8
Lost confirmation: 6

IMPORTANT: V7.6 IS SHADOW ONLY.
No trade permission was generated.

V7.6 DIRECTION SHADOW: PASS
