
ALPHA HUNTER V7.1 — 2026-08-20T09:39:01.146199+00:00

Universe: 30 deep-scanned of 759 contracts
Eligible after prefilter: 366
Non-crypto rejected: 294

SYMBOL                  PHASE    TIME   BEHAV                     STATE      RR   DISC  TRADE
---------------------------------------------------------------------------------------------
PEPEUSDT         ACCUMULATION    LATE    5.75                WATCH_LONG       —    YES     NO
HUSDT            ACCUMULATION    FAIR    5.12               WATCH_SHORT       —    YES     NO
ONGUSDT           COMPRESSION   EARLY    4.86                   NEUTRAL       —     NO     NO
ETHUSDT          ACCUMULATION    LATE    4.81   DIRECTION_EMERGING_LONG    0.13     NO     NO
ESPUSDT          ACCUMULATION    FAIR    4.73                WATCH_LONG       —     NO     NO
RAYUSDT        DISTRIBUTION_RISK    FAIR    4.72   DIRECTION_EMERGING_LONG    0.02     NO     NO
GPSUSDT           COMPRESSION   EARLY    4.40                   NEUTRAL       —     NO     NO
1000RATSUSDT      COMPRESSION   EARLY    4.39                WATCH_LONG       —     NO     NO
ETHFIUSDT        ACCUMULATION    FAIR    4.32   DIRECTION_EMERGING_LONG    0.14     NO     NO
WLDUSDT          ACCUMULATION    FAIR    4.13   DIRECTION_EMERGING_LONG    0.17     NO     NO
SPACEUSDT        ACCUMULATION    FAIR    4.10                WATCH_LONG       —     NO     NO
MOODENGUSDT      ACCUMULATION    FAIR    4.03   DIRECTION_EMERGING_LONG    0.02     NO     NO
KAITOUSDT         COMPRESSION   EARLY    3.95                WATCH_LONG       —     NO     NO
XRPUSDT          ACCUMULATION    FAIR    3.92   DIRECTION_EMERGING_LONG    0.08     NO     NO
BANKUSDT          COMPRESSION   EARLY    3.83                WATCH_LONG       —     NO     NO
CAPUSDT          ACCUMULATION   EARLY    3.71   DIRECTION_EMERGING_LONG    0.99     NO     NO
GRVTUSDT             IGNITION   EARLY    3.67               WATCH_SHORT       —     NO     NO
MONUSDT          ACCUMULATION    FAIR    3.60   DIRECTION_EMERGING_LONG    0.15     NO     NO
ENAUSDT          ACCUMULATION    FAIR    3.50   DIRECTION_EMERGING_LONG    0.02     NO     NO
INJUSDT          ACCUMULATION    FAIR    3.41   DIRECTION_EMERGING_LONG    0.00     NO     NO
BICOUSDT          COMPRESSION   EARLY    3.35                   NEUTRAL       —     NO     NO
SUSDT            ACCUMULATION    FAIR    3.32                WATCH_LONG       —     NO     NO
FLOKIUSDT        ACCUMULATION    FAIR    3.17                WATCH_LONG       —     NO     NO
BTCUSDT          ACCUMULATION    FAIR    3.14   DIRECTION_EMERGING_LONG    0.02     NO     NO
VVVUSDT          ACCUMULATION   EARLY    3.10                   NEUTRAL       —     NO     NO
VELVETUSDT       ACCUMULATION   EARLY    3.09                   NEUTRAL       —     NO     NO
STXUSDT          ACCUMULATION    FAIR    3.01   DIRECTION_EMERGING_LONG    0.06     NO     NO
WLFIUSDT         ACCUMULATION   EARLY    2.68                   NEUTRAL       —     NO     NO
CRVUSDT          ACCUMULATION    FAIR    2.61                WATCH_LONG       —     NO     NO
XMRUSDT          ACCUMULATION   EARLY    2.14                   NEUTRAL       —     NO     NO

V7.4 PRE-MOVE SURVEILLANCE
Eligible: 3 | Primary: 3 | Reserve: 0

PRIMARY
 1 ONGUSDT        REVERSAL       11.80 state=NEUTRAL
 2 WLFIUSDT       REVERSAL       10.74 state=NEUTRAL
 3 XMRUSDT        REVERSAL       10.72 state=NEUTRAL

Run ID: 1180e6a99d178fef970910acd1808b49
Snapshot saved: /home/runner/work/Alpha-Hunter/Alpha-Hunter/data/snapshots/snapshot-20260820T093901Z.json
State history: /home/runner/work/Alpha-Hunter/Alpha-Hunter/data/state-history.jsonl
Supabase: SAVED
Qualified discovery candidates: 2
EARLY candidates: 0
V7 Trade Ready: 0
Bitget private API: NOT_CONFIGURED
