
ALPHA HUNTER V7.1 — 2026-08-18T04:39:08.895075+00:00

Universe: 28 deep-scanned of 759 contracts
Eligible after prefilter: 315
Non-crypto rejected: 290

SYMBOL                  PHASE    TIME   BEHAV                     STATE      RR   DISC  TRADE
---------------------------------------------------------------------------------------------
GPSUSDT             EXPANSION    LATE    7.39   DIRECTION_EMERGING_LONG    0.15     NO     NO
AEONUSDT            EXPANSION    LATE    7.37   DIRECTION_EMERGING_LONG    0.06     NO     NO
PIEVERSEUSDT   DISTRIBUTION_RISK    FAIR    6.31   DIRECTION_EMERGING_LONG    0.15     NO     NO
HUSDT            ACCUMULATION    FAIR    4.79                   NEUTRAL       —     NO     NO
ADAUSDT           COMPRESSION   EARLY    4.39               WATCH_SHORT       —     NO     NO
ZECUSDT           COMPRESSION   EARLY    4.39                   NEUTRAL       —     NO     NO
BICOUSDT         ACCUMULATION    FAIR    4.34                   NEUTRAL       —     NO     NO
SOLUSDT           COMPRESSION   EARLY    4.29                   NEUTRAL       —     NO     NO
PUMPUSDT          COMPRESSION   EARLY    4.21                   NEUTRAL       —     NO     NO
NEARUSDT          COMPRESSION   EARLY    4.13   DIRECTION_EMERGING_LONG    0.14     NO     NO
PEPEUSDT          COMPRESSION   EARLY    4.04               WATCH_SHORT       —     NO     NO
TUTUSDT          ACCUMULATION    LATE    3.88                   NEUTRAL       —     NO     NO
FIGHTUSDT        ACCUMULATION    FAIR    3.85               WATCH_SHORT       —     NO     NO
USUSDT           ACCUMULATION    FAIR    3.81                   NEUTRAL       —     NO     NO
WLDUSDT             BREAKDOWN    FAIR    3.62  DIRECTION_EMERGING_SHORT    0.11     NO     NO
XRPUSDT          ACCUMULATION   EARLY    3.53               WATCH_SHORT       —     NO     NO
BNBUSDT           COMPRESSION   EARLY    3.41               WATCH_SHORT       —     NO     NO
HYPEUSDT          COMPRESSION   EARLY    3.41                   NEUTRAL       —     NO     NO
TLMUSDT          ACCUMULATION    FAIR    3.35                   NEUTRAL       —     NO     NO
BLESSUSDT        ACCUMULATION    FAIR    3.22               WATCH_SHORT       —     NO     NO
QUSDT            ACCUMULATION    FAIR    3.14                   NEUTRAL       —     NO     NO
LINKUSDT         ACCUMULATION   EARLY    3.05                   NEUTRAL       —     NO     NO
ETHUSDT           COMPRESSION   EARLY    3.04                   NEUTRAL       —     NO     NO
DOGEUSDT          COMPRESSION   EARLY    2.97                   NEUTRAL       —     NO     NO
IRYSUSDT         ACCUMULATION    FAIR    2.60               WATCH_SHORT       —     NO     NO
DIAUSDT          ACCUMULATION    FAIR    2.33                   NEUTRAL       —     NO     NO
SQDUSDT          ACCUMULATION    FAIR    2.03               WATCH_SHORT       —     NO     NO
BTCUSDT          ACCUMULATION   EARLY    1.95                   NEUTRAL       —     NO     NO

V7.4 PRE-MOVE SURVEILLANCE
Eligible: 8 | Primary: 5 | Reserve: 3

PRIMARY
 1 DIAUSDT        REVERSAL       12.44 state=NEUTRAL
 2 AEONUSDT       CONTINUATION   11.79 state=DIRECTION_EMERGING_LONG
 3 ZECUSDT        CONTINUATION   11.27 state=NEUTRAL
 4 GPSUSDT        CONTINUATION   10.99 state=DIRECTION_EMERGING_LONG
 5 PUMPUSDT       REVERSAL       10.95 state=NEUTRAL

RESERVE
 6 LINKUSDT       REVERSAL       10.70 state=NEUTRAL
 7 HYPEUSDT       CONTINUATION    9.93 state=NEUTRAL
 8 ETHUSDT        REVERSAL        9.84 state=NEUTRAL

Run ID: 5301a8ebe9a1a07e60ec358cff80d3cb
Snapshot saved: /home/runner/work/Alpha-Hunter/Alpha-Hunter/data/snapshots/snapshot-20260818T043908Z.json
State history: /home/runner/work/Alpha-Hunter/Alpha-Hunter/data/state-history.jsonl
Supabase: SAVED
Qualified discovery candidates: 0
EARLY candidates: 0
V7 Trade Ready: 0
Bitget private API: NOT_CONFIGURED
