V7.4 HOURLY PERFORMANCE TRACKER
Run ID: 5301a8ebe9a1a07e60ec358cff80d3cb

V7.4.1 SHADOW REVERSAL
 SH SYMBOL           V74     OLD   SHADOW
--------------------------------------------------
  1 DIAUSDT            1   12.44     9.74
  2 ETHUSDT            8    9.84     9.73
  3 LINKUSDT           6   10.70     8.32
  4 PUMPUSDT           5   10.95     5.09
PERFORMANCE SIGNALS SAVED: 28
FEATURE ROWS SAVED: 28
V7.4 OUTCOMES 1H: saved=10 failed=0
V7.4 OUTCOMES 4H: saved=7 failed=0
V7.4 OUTCOMES 12H: saved=9 failed=0
V7.4 OUTCOMES 24H: saved=2 failed=0
OUTCOME EVALUATION COMPLETE: saved=28 failed=0

==========================================================================================
V7.4 CURRENT SURVEILLANCE COHORT
==========================================================================================
RANK SYMBOL         TIER      PATH            SCORE STATE
------------------------------------------------------------------------------------------
   1 DIAUSDT        PRIMARY   REVERSAL        12.44 NEUTRAL
   2 AEONUSDT       PRIMARY   CONTINUATION    11.79 DIRECTION_EMERGING_LONG
   3 ZECUSDT        PRIMARY   CONTINUATION    11.27 NEUTRAL
   4 GPSUSDT        PRIMARY   CONTINUATION    10.99 DIRECTION_EMERGING_LONG
   5 PUMPUSDT       PRIMARY   REVERSAL        10.95 NEUTRAL
   6 LINKUSDT       RESERVE   REVERSAL        10.70 NEUTRAL
   7 HYPEUSDT       RESERVE   CONTINUATION     9.93 NEUTRAL
   8 ETHUSDT        RESERVE   REVERSAL         9.84 NEUTRAL

================================================================================================================================
V7.4 FORWARD PERFORMANCE — RAW PRICE EXPANSION
================================================================================================================================

PRIMARY / RESERVE + PATH
  H TIER      PATH              N    POS%   AVG RAW   AVG ABS    EXP3%    EXP5%   EXP10%    UP5%    DN5%
--------------------------------------------------------------------------------------------------------------------------------
  1 PRIMARY   CONTINUATION     48   41.7%   -0.276%    1.619%    16.7%     6.2%     2.1%    4.2%    2.1%
  1 PRIMARY   REVERSAL         93   51.6%    0.182%    2.015%    20.4%     7.5%     1.1%    4.3%    3.2%
  1 RESERVE   CONTINUATION      6   33.3%   -0.532%    0.758%     0.0%     0.0%     0.0%    0.0%    0.0%
  1 RESERVE   REVERSAL          1    0.0%   -0.378%    0.378%     0.0%     0.0%     0.0%    0.0%    0.0%
  4 PRIMARY   CONTINUATION     39   33.3%   -2.103%    3.206%    23.1%    17.9%    10.3%    7.7%   10.3%
  4 PRIMARY   REVERSAL         82   53.7%    0.468%    3.360%    45.1%    26.8%     3.7%   15.9%   11.0%
  4 RESERVE   CONTINUATION      5   20.0%   -0.899%    0.944%     0.0%     0.0%     0.0%    0.0%    0.0%
  4 RESERVE   REVERSAL          1  100.0%    0.032%    0.032%     0.0%     0.0%     0.0%    0.0%    0.0%
 12 PRIMARY   CONTINUATION     24   12.5%  -13.211%   13.904%    79.2%    66.7%    37.5%    0.0%   66.7%
 12 PRIMARY   REVERSAL         45   68.9%    1.051%    8.443%    68.9%    53.3%    31.1%   31.1%   22.2%

RANK QUALITY
  H RANK BUCKET         N    POS%   AVG RAW   AVG ABS    EXP3%    EXP5%   EXP10%    UP5%    DN5%
----------------------------------------------------------------------------------------------------------------
  1 TOP_1_3           102   47.1%   -0.026%    2.069%    21.6%     8.8%     2.0%    4.9%    3.9%
  1 TOP_4_5            39   51.3%    0.163%    1.389%    12.8%     2.6%     0.0%    2.6%    0.0%
  1 RESERVE_6_10        7   28.6%   -0.510%    0.704%     0.0%     0.0%     0.0%    0.0%    0.0%
  4 TOP_1_3            90   45.6%   -0.557%    3.704%    40.0%    27.8%     7.8%   14.4%   13.3%
  4 TOP_4_5            31   51.6%    0.210%    2.167%    32.3%    12.9%     0.0%    9.7%    3.2%
  4 RESERVE_6_10        6   33.3%   -0.744%    0.792%     0.0%     0.0%     0.0%    0.0%    0.0%
 12 TOP_1_3            51   47.1%   -5.208%   11.700%    74.5%    58.8%    39.2%   19.6%   39.2%
 12 TOP_4_5            18   55.6%   -0.232%    6.498%    66.7%    55.6%    16.7%   22.2%   33.3%

Metric definitions:
AVG RAW = average raw market return from detection price.
AVG ABS = average absolute price movement regardless of direction.
EXP3/5/10 = percentage of candidates moving at least 3% / 5% / 10% in either direction.
UP5 = raw upside move >= +5%; DN5 = raw downside move <= -5%.
No V7.4 trade-direction assumption is used in these metrics.

V7.4 TRACKING JOB: PASS
