
==============================================================================================================
ALPHA HUNTER V7.5 24H EPISODE FINALIZER
==============================================================================================================
SKIP   CYSUSDT        quality=LEGACY_PARTIAL    age= 203.81H
SKIP   BTWUSDT        quality=LEGACY_PARTIAL    age= 203.81H
SKIP   COOKIEUSDT     quality=LEGACY_PARTIAL    age= 203.81H
SKIP   SUIUSDT        quality=LEGACY_PARTIAL    age= 203.81H
SKIP   SOLUSDT        quality=LEGACY_PARTIAL    age= 203.81H
SKIP   SKYAIUSDT      quality=LEGACY_PARTIAL    age= 203.81H
SKIP   DOGEUSDT       quality=LEGACY_PARTIAL    age= 203.81H
SKIP   ADAUSDT        quality=LEGACY_PARTIAL    age= 203.81H
SKIP   GWEIUSDT       quality=LEGACY_PARTIAL    age= 197.65H
SKIP   BICOUSDT       quality=LEGACY_PARTIAL    age= 197.65H
SKIP   IOTXUSDT       quality=LEGACY_PARTIAL    age= 197.65H
SKIP   MMTUSDT        quality=LEGACY_PARTIAL    age= 197.65H
SKIP   SUIUSDT        quality=LEGACY_PARTIAL    age= 197.65H
SKIP   MUBARAKUSDT    quality=LEGACY_PARTIAL    age=  80.40H
SKIP   4USDT          quality=LEGACY_PARTIAL    age=  80.40H
SKIP   JTOUSDT        quality=LEGACY_PARTIAL    age=  80.40H
SKIP   FORMUSDT       quality=LEGACY_PARTIAL    age=  80.40H
SKIP   PUMPUSDT       quality=LEGACY_PARTIAL    age=  79.34H
SKIP   ACUUSDT        quality=LEGACY_PARTIAL    age=  70.54H
SKIP   HYPEUSDT       quality=LEGACY_PARTIAL    age=  70.54H
SKIP   AEONUSDT       quality=LEGACY_PARTIAL    age=  69.52H
SKIP   BTWUSDT        quality=LEGACY_PARTIAL    age=  69.52H
WAIT   VELVETUSDT     age=  23.89H UP=    3.94% DOWN=  -45.26%
WAIT   NILUSDT        age=  23.02H UP=    7.26% DOWN=   -6.39%
WAIT   BASEDUSDT      age=  23.02H UP=    3.02% DOWN=   -3.57%
WAIT   AEONUSDT       age=  23.02H UP=   25.36% DOWN=   -1.36%
WAIT   LINKUSDT       age=  23.02H UP=    1.45% DOWN=   -1.12%
WAIT   AIOUSDT        age=  21.63H UP=   16.26% DOWN=  -38.76%
WAIT   PIXELUSDT      age=  21.63H UP=    8.12% DOWN=   -2.22%
WAIT   CHIPUSDT       age=  21.63H UP=    5.56% DOWN=  -12.97%
WAIT   AIOUSDT        age=  19.87H UP=    9.09% DOWN=  -42.54%
WAIT   NILUSDT        age=  19.87H UP=    5.53% DOWN=   -7.89%
WAIT   PRLUSDT        age=  19.87H UP=   13.14% DOWN=   -6.51%
WAIT   ACUUSDT        age=  19.87H UP=   18.36% DOWN=   -0.93%
WAIT   DOLOUSDT       age=  18.89H UP=    9.76% DOWN=   -0.49%
WAIT   BTWUSDT        age=  17.16H UP=    9.87% DOWN=   -3.90%
WAIT   LINKUSDT       age=  17.16H UP=    0.77% DOWN=   -1.79%
WAIT   COWUSDT        age=  15.81H UP=    2.42% DOWN=   -5.10%
WAIT   AEONUSDT       age=  14.14H UP=   14.00% DOWN=   -2.99%
WAIT   WLDUSDT        age=  14.14H UP=    2.07% DOWN=   -8.46%
WAIT   WLDUSDT        age=  13.19H UP=    1.04% DOWN=   -9.38%
WAIT   AIOUSDT        age=  13.19H UP=    1.88% DOWN=  -33.65%
WAIT   CHIPUSDT       age=  13.19H UP=    0.20% DOWN=   -9.61%
WAIT   PRLUSDT        age=  12.13H UP=   18.96% DOWN=   -0.05%
WAIT   LINKUSDT       age=   9.93H UP=    0.15% DOWN=   -1.96%
WAIT   CHIPUSDT       age=   9.93H UP=    0.84% DOWN=   -4.71%
WAIT   HUSDT          age=   9.93H UP=    6.35% DOWN=   -4.96%
WAIT   LINKUSDT       age=   7.17H UP=    0.18% DOWN=   -1.85%
WAIT   HYPEUSDT       age=   7.17H UP=    1.43% DOWN=    0.00%
WAIT   BTWUSDT        age=   6.18H UP=    0.40% DOWN=   -3.49%
WAIT   ETHUSDT        age=   6.18H UP=    0.54% DOWN=   -0.96%
WAIT   CHIPUSDT       age=   6.18H UP=    3.11% DOWN=   -1.88%
WAIT   HYPEUSDT       age=   6.18H UP=    1.00% DOWN=   -0.12%
WAIT   BTWUSDT        age=   1.68H UP=    1.74% DOWN=   -0.66%
WAIT   LINKUSDT       age=   1.68H UP=    0.89% DOWN=   -0.03%
WAIT   HYPEUSDT       age=   1.68H UP=    0.42% DOWN=   -0.34%
WAIT   ZECUSDT        age=   1.68H UP=    0.35% DOWN=   -0.72%
WAIT   PUMPUSDT       age=   1.68H UP=    1.45% DOWN=   -0.22%
WAIT   CHIPUSDT       age=   0.79H UP=    0.00% DOWN=   -3.76%
WAIT   GPSUSDT        age=   0.79H UP=    5.16% DOWN=   -1.51%
WAIT   AEONUSDT       age=   0.01H UP=    0.00% DOWN=   -0.28%
WAIT   ETHUSDT        age=   0.01H UP=    0.00% DOWN=    0.00%
WAIT   DIAUSDT        age=   0.01H UP=    0.00% DOWN=    0.00%

==============================================================================================================
FINALIZER SUMMARY
==============================================================================================================
Episodes: 121
Finalized this run: 0
Waiting for 24H: 41
Legacy partial skipped: 22
Already finalized: 58
Supabase rows upserted: 121

V7.5 EPISODE FINALIZER: PASS
