
==============================================================================================================
ALPHA HUNTER V7.5 INDEPENDENT EPISODE MARKET TRACKER
==============================================================================================================
Episodes stored: 121
Active episodes: 63

CYSUSDT        CONTINUATION  now=  -53.69% UP=   78.38% DOWN=  -57.84% 3=Y 5=Y 10=Y checks=60
BTWUSDT        CONTINUATION  now=   74.47% UP=  113.81% DOWN=    0.00% 3=Y 5=Y 10=Y checks=60
COOKIEUSDT     CONTINUATION  now=  -17.48% UP=    0.00% DOWN=  -17.87% 3=Y 5=Y 10=Y checks=60
SUIUSDT        CONTINUATION  now=   -8.05% UP=    0.00% DOWN=   -9.59% 3=Y 5=Y 10=- checks=60
SOLUSDT        CONTINUATION  now=   -1.92% UP=    0.00% DOWN=   -4.13% 3=Y 5=- 10=- checks=60
SKYAIUSDT      REVERSAL      now=  -34.98% UP=    0.00% DOWN=  -42.50% 3=Y 5=Y 10=Y checks=60
DOGEUSDT       CONTINUATION  now=   -1.06% UP=    0.00% DOWN=   -2.32% 3=- 5=- 10=- checks=60
ADAUSDT        REVERSAL      now=  -12.19% UP=    0.00% DOWN=  -13.51% 3=Y 5=Y 10=Y checks=60
GWEIUSDT       REVERSAL      now=    7.11% UP=   17.67% DOWN=    0.00% 3=Y 5=Y 10=Y checks=60
BICOUSDT       REVERSAL      now=  -56.40% UP=    0.00% DOWN=  -59.94% 3=Y 5=Y 10=Y checks=60
IOTXUSDT       REVERSAL      now=  -10.88% UP=    0.00% DOWN=  -11.73% 3=Y 5=Y 10=Y checks=60
MMTUSDT        REVERSAL      now=  -19.07% UP=    0.00% DOWN=  -21.43% 3=Y 5=Y 10=Y checks=60
SUIUSDT        CONTINUATION  now=   -6.95% UP=    0.00% DOWN=   -8.51% 3=Y 5=Y 10=- checks=60
MUBARAKUSDT    REVERSAL      now=  -17.13% UP=    0.00% DOWN=  -24.10% 3=Y 5=Y 10=Y checks=60
4USDT          REVERSAL      now=  -15.61% UP=    0.00% DOWN=  -22.21% 3=Y 5=Y 10=Y checks=60
JTOUSDT        REVERSAL      now=    4.15% UP=   11.45% DOWN=    0.00% 3=Y 5=Y 10=Y checks=60
FORMUSDT       REVERSAL      now=   -6.17% UP=    0.00% DOWN=   -7.88% 3=Y 5=Y 10=- checks=60
PUMPUSDT       REVERSAL      now=   -1.62% UP=    5.86% DOWN=   -6.03% 3=Y 5=Y 10=- checks=60
ACUUSDT        REVERSAL      now=   10.30% UP=   16.62% DOWN=  -12.33% 3=Y 5=Y 10=Y checks=60
HYPEUSDT       REVERSAL      now=    5.36% UP=    6.56% DOWN=   -0.62% 3=Y 5=Y 10=- checks=60
AEONUSDT       CONTINUATION  now=   29.05% UP=   31.04% DOWN=   -6.91% 3=Y 5=Y 10=Y checks=60
BTWUSDT        CONTINUATION  now=   17.00% UP=   43.38% DOWN=  -10.16% 3=Y 5=Y 10=Y checks=60
VELVETUSDT     CONTINUATION  now=  -44.71% UP=    3.94% DOWN=  -45.26% 3=Y 5=Y 10=Y checks=18
NILUSDT        REVERSAL      now=    0.46% UP=    7.26% DOWN=   -6.39% 3=Y 5=Y 10=- checks=17
BASEDUSDT      REVERSAL      now=   -2.04% UP=    3.02% DOWN=   -3.57% 3=Y 5=- 10=- checks=17
AEONUSDT       REVERSAL      now=   23.00% UP=   25.36% DOWN=   -1.36% 3=Y 5=Y 10=Y checks=17
LINKUSDT       REVERSAL      now=    0.05% UP=    1.45% DOWN=   -1.12% 3=- 5=- 10=- checks=17
AIOUSDT        REVERSAL      now=  -37.00% UP=   16.26% DOWN=  -38.76% 3=Y 5=Y 10=Y checks=16
PIXELUSDT      REVERSAL      now=    1.22% UP=    8.12% DOWN=   -2.22% 3=Y 5=Y 10=- checks=16
CHIPUSDT       CONTINUATION  now=  -11.30% UP=    5.56% DOWN=  -12.97% 3=Y 5=Y 10=Y checks=16
AIOUSDT        CONTINUATION  now=  -40.89% UP=    9.09% DOWN=  -42.54% 3=Y 5=Y 10=Y checks=15
NILUSDT        REVERSAL      now=   -1.16% UP=    5.53% DOWN=   -7.89% 3=Y 5=Y 10=- checks=15
PRLUSDT        CONTINUATION  now=   13.14% UP=   13.14% DOWN=   -6.51% 3=Y 5=Y 10=Y checks=15
ACUUSDT        REVERSAL      now=   12.42% UP=   18.36% DOWN=   -0.93% 3=Y 5=Y 10=Y checks=15
DOLOUSDT       REVERSAL      now=    3.90% UP=    9.76% DOWN=   -0.49% 3=Y 5=Y 10=- checks=14
BTWUSDT        REVERSAL      now=    6.87% UP=    9.87% DOWN=   -3.90% 3=Y 5=Y 10=- checks=13
LINKUSDT       CONTINUATION  now=   -0.63% UP=    0.77% DOWN=   -1.79% 3=- 5=- 10=- checks=13
COWUSDT        REVERSAL      now=   -4.12% UP=    2.42% DOWN=   -5.10% 3=Y 5=Y 10=- checks=12
AEONUSDT       CONTINUATION  now=   11.88% UP=   14.00% DOWN=   -2.99% 3=Y 5=Y 10=Y checks=11
WLDUSDT        REVERSAL      now=   -7.13% UP=    2.07% DOWN=   -8.46% 3=Y 5=Y 10=- checks=11
WLDUSDT        CONTINUATION  now=   -8.06% UP=    1.04% DOWN=   -9.38% 3=Y 5=Y 10=- checks=10
AIOUSDT        REVERSAL      now=  -31.67% UP=    1.88% DOWN=  -33.65% 3=Y 5=Y 10=Y checks=10
CHIPUSDT       REVERSAL      now=   -7.87% UP=    0.20% DOWN=   -9.61% 3=Y 5=Y 10=- checks=10
PRLUSDT        REVERSAL      now=   18.79% UP=   18.96% DOWN=   -0.05% 3=Y 5=Y 10=Y checks=9
LINKUSDT       REVERSAL      now=   -0.80% UP=    0.15% DOWN=   -1.96% 3=- 5=- 10=- checks=8
CHIPUSDT       REVERSAL      now=   -2.88% UP=    0.84% DOWN=   -4.71% 3=Y 5=- 10=- checks=8
HUSDT          REVERSAL      now=    1.43% UP=    6.35% DOWN=   -4.96% 3=Y 5=Y 10=- checks=8
LINKUSDT       CONTINUATION  now=   -0.69% UP=    0.18% DOWN=   -1.85% 3=- 5=- 10=- checks=6
HYPEUSDT       REVERSAL      now=    0.72% UP=    1.43% DOWN=    0.00% 3=- 5=- 10=- checks=6
BTWUSDT        CONTINUATION  now=   -0.58% UP=    0.40% DOWN=   -3.49% 3=Y 5=- 10=- checks=5
ETHUSDT        CONTINUATION  now=   -0.40% UP=    0.54% DOWN=   -0.96% 3=- 5=- 10=- checks=5
CHIPUSDT       REVERSAL      now=    0.00% UP=    3.11% DOWN=   -1.88% 3=Y 5=- 10=- checks=5
HYPEUSDT       CONTINUATION  now=    0.30% UP=    1.00% DOWN=   -0.12% 3=- 5=- 10=- checks=5
BTWUSDT        REVERSAL      now=    1.11% UP=    1.74% DOWN=   -0.66% 3=- 5=- 10=- checks=3
LINKUSDT       REVERSAL      now=    0.81% UP=    0.89% DOWN=   -0.03% 3=- 5=- 10=- checks=3
HYPEUSDT       CONTINUATION  now=    0.08% UP=    0.42% DOWN=   -0.34% 3=- 5=- 10=- checks=3
ZECUSDT        CONTINUATION  now=    0.15% UP=    0.35% DOWN=   -0.72% 3=- 5=- 10=- checks=3
PUMPUSDT       REVERSAL      now=    1.05% UP=    1.45% DOWN=   -0.22% 3=- 5=- 10=- checks=3
CHIPUSDT       REVERSAL      now=   -2.95% UP=    0.00% DOWN=   -3.76% 3=Y 5=- 10=- checks=2
GPSUSDT        CONTINUATION  now=    2.38% UP=    5.16% DOWN=   -1.51% 3=Y 5=Y 10=- checks=2
AEONUSDT       CONTINUATION  now=   -0.28% UP=    0.00% DOWN=   -0.28% 3=- 5=- 10=- checks=1
ETHUSDT        REVERSAL      now=    0.00% UP=    0.00% DOWN=    0.00% 3=- 5=- 10=- checks=1
DIAUSDT        REVERSAL      now=    0.00% UP=    0.00% DOWN=    0.00% 3=- 5=- 10=- checks=1

==============================================================================================================
TRACKER SUMMARY
==============================================================================================================
Checked: 63
Failed: 0
Supabase rows upserted: 121
3% episodes: 96
5% episodes: 85
10% episodes: 52

V7.5 EPISODE MARKET TRACKER: PASS
