V7.5 state restored from Supabase: 118

ALPHA HUNTER V7.5 OPPORTUNITY LIFECYCLE
Run ID: 5301a8ebe9a1a07e60ec358cff80d3cb
Timestamp: 2026-08-18T04:39:08.895075+00:00
Lifecycle candidates: 8

UPDATE GPSUSDT        CONTINUATION  state=DIRECTION_EMERGING   det=2   v74=10.98 rank=2 shadow= 0.00 provisional=ACTIVE final=PENDING
NEW    AEONUSDT       CONTINUATION  state=DIRECTION_EMERGING   det=1   v74=11.79 rank=2 shadow= 0.00 provisional=ACTIVE final=PENDING
UPDATE ZECUSDT        CONTINUATION  state=PRE_MOVE_DETECTED    det=3   v74=11.24 rank=2 shadow= 0.00 provisional=ACTIVE final=PENDING
UPDATE PUMPUSDT       REVERSAL      state=PRE_MOVE_DETECTED    det=3   v74= 9.86 rank=4 shadow=11.24 provisional=ACTIVE final=PENDING
UPDATE HYPEUSDT       CONTINUATION  state=PRE_MOVE_DETECTED    det=3   v74= 9.86 rank=3 shadow= 0.00 provisional=ACTIVE final=PENDING
UPDATE LINKUSDT       REVERSAL      state=PRE_MOVE_DETECTED    det=3   v74= 9.78 rank=5 shadow=11.73 provisional=ACTIVE final=PENDING
NEW    ETHUSDT        REVERSAL      state=PRE_MOVE_DETECTED    det=1   v74= 9.84 rank=8 shadow= 9.73 provisional=ACTIVE final=PENDING
NEW    DIAUSDT        REVERSAL      state=PRE_MOVE_DETECTED    det=1   v74=12.44 rank=1 shadow= 9.74 provisional=ACTIVE final=PENDING

Supabase lifecycle rows upserted: 121
Supabase lifecycle row count: 121

====================================================================================================
V7.5 LIFECYCLE SUMMARY
====================================================================================================
Episodes stored: 121
Created this run: 3
Updated this run: 5
Active episodes: 121

STATE COUNTS
DIRECTION_EMERGING       10
EXPANSION                5
FINALIZED                58
PRE_MOVE_DETECTED        48

State file: /home/runner/work/Alpha-Hunter/Alpha-Hunter/data/v75-lifecycle-episodes.json
History file: /home/runner/work/Alpha-Hunter/Alpha-Hunter/data/v75-lifecycle-history.jsonl

V7.5 LIFECYCLE JOB: PASS
