
======================================================================================================================
ALPHA HUNTER V7.6 POST-CONFIRMATION OUTCOME TRACKER — SHADOW
======================================================================================================================
Confirmed outcome rows: 76
Created this run: 1

CHIPUSDT       SHORT  quality=FORWARD_COMPLETE now=   2.68% MFE=   4.44% MAE=  -1.13% lost=Y done=-
VELVETUSDT     SHORT  quality=FORWARD_COMPLETE now=  44.05% MFE=  44.69% MAE=  -5.03% lost=Y done=-
BTWUSDT        LONG   quality=FORWARD_COMPLETE now=  -0.18% MFE=   0.81% MAE=  -3.10% lost=Y done=-
PRLUSDT        LONG   quality=FORWARD_COMPLETE now=   5.95% MFE=   6.00% MAE= -12.41% lost=Y done=-
PRLUSDT        SHORT  quality=FORWARD_COMPLETE now= -16.45% MFE=   3.73% MAE= -16.50% lost=Y done=-
COWUSDT        SHORT  quality=FORWARD_COMPLETE now=   2.10% MFE=   3.11% MAE=  -4.57% lost=Y done=-
PRLUSDT        LONG   quality=FORWARD_COMPLETE now=   0.94% MFE=   0.99% MAE=  -0.71% lost=- done=-
WLDUSDT        SHORT  quality=FORWARD_COMPLETE now=   6.60% MFE=   7.88% MAE=  -0.77% lost=- done=-
WLDUSDT        SHORT  quality=FORWARD_COMPLETE now=   6.60% MFE=   7.88% MAE=  -0.77% lost=- done=-
HUSDT          SHORT  quality=FORWARD_COMPLETE now= -11.42% MFE=   6.56% MAE= -17.06% lost=Y done=-
BTWUSDT        LONG   quality=FORWARD_COMPLETE now=  -0.18% MFE=   0.81% MAE=  -3.10% lost=Y done=-
PRLUSDT        LONG   quality=FORWARD_COMPLETE now=   5.95% MFE=   6.00% MAE= -12.41% lost=Y done=-
PIXELUSDT      SHORT  quality=FORWARD_COMPLETE now=  -1.46% MFE=   1.95% MAE=  -8.42% lost=Y done=-
NILUSDT        LONG   quality=FORWARD_COMPLETE now=  -5.31% MFE=   1.07% MAE= -11.78% lost=Y done=-
AIOUSDT        LONG   quality=FORWARD_COMPLETE now= -42.16% MFE=   6.48% MAE= -43.91% lost=Y done=-
CHIPUSDT       LONG   quality=FORWARD_COMPLETE now=  -7.82% MFE=   5.31% MAE=  -9.49% lost=Y done=-
AEONUSDT       LONG   quality=FORWARD_COMPLETE now=  10.65% MFE=  13.72% MAE=  -3.23% lost=Y done=-
CHIPUSDT       SHORT  quality=FORWARD_COMPLETE now=  -0.55% MFE=   0.55% MAE=  -3.75% lost=Y done=-
AIOUSDT        LONG   quality=FORWARD_COMPLETE now= -40.44% MFE=   9.66% MAE= -42.24% lost=Y done=-
DOLOUSDT       LONG   quality=FORWARD_COMPLETE now=  -1.26% MFE=   4.25% MAE=  -2.15% lost=Y done=-
AIOUSDT        LONG   quality=FORWARD_COMPLETE now= -40.44% MFE=   9.66% MAE= -42.24% lost=Y done=-
ACUUSDT        LONG   quality=FORWARD_COMPLETE now=   8.93% MFE=  15.63% MAE=  -2.76% lost=Y done=-
BASEDUSDT      SHORT  quality=FORWARD_COMPLETE now=   3.10% MFE=   4.62% MAE=  -0.41% lost=Y done=-
AEONUSDT       LONG   quality=FORWARD_COMPLETE now=   3.16% MFE=   5.15% MAE=  -9.78% lost=Y done=-
AIOUSDT        SHORT  quality=FORWARD_COMPLETE now=  30.64% MFE=  32.75% MAE=  -0.81% lost=- done=-
CHIPUSDT       SHORT  quality=FORWARD_COMPLETE now=   5.06% MFE=   6.78% MAE=  -0.76% lost=Y done=-
NILUSDT        SHORT  quality=FORWARD_COMPLETE now=  -5.72% MFE=   0.04% MAE= -12.85% lost=Y done=-
NILUSDT        SHORT  quality=FORWARD_COMPLETE now=  -5.72% MFE=   0.04% MAE= -12.85% lost=Y done=-
GPSUSDT        LONG   quality=FORWARD_COMPLETE now=  -0.33% MFE=   0.11% MAE=  -0.36% lost=- done=-

======================================================================================================================
POST-CONFIRMATION TRACKER SUMMARY
======================================================================================================================
Outcome rows: 76
Created this run: 1
Tracked this run: 29
Failed: 0
Supabase rows upserted: 76
Forward complete: 76
Completed 24H: 47

IMPORTANT: OUTCOME TRACKER IS MEASUREMENT ONLY.
No trade permission was generated.

V7.6 POST-CONFIRMATION OUTCOME TRACKER: PASS
