
======================================================================================================================
ALPHA HUNTER V7.6 DIRECTION-PROOF ENGINE — SHADOW
======================================================================================================================
Eligible forward episodes: 41

SYMBOL         PATH          DIR         CONF   LONG   SHORT       15M        1H
----------------------------------------------------------------------------------------------------------------------
VELVETUSDT     CONTINUATION  SHORT      68.8%   0.00    5.50   BEARISH   BEARISH
NILUSDT        REVERSAL      UNKNOWN     0.0%   3.50    1.00     MIXED   BULLISH
BASEDUSDT      REVERSAL      SHORT      58.8%   1.00    5.00     MIXED   BEARISH
AEONUSDT       REVERSAL      LONG      100.0%   8.00    0.00   BULLISH   BULLISH
LINKUSDT       REVERSAL      UNKNOWN     0.0%   1.00    3.50     MIXED   BEARISH
AIOUSDT        REVERSAL      SHORT     100.0%   0.00    8.00   BEARISH   BEARISH
PIXELUSDT      REVERSAL      UNKNOWN     0.0%   2.00    0.00   BULLISH     MIXED
CHIPUSDT       CONTINUATION  SHORT      63.1%   1.50    5.50   BEARISH   BEARISH
AIOUSDT        CONTINUATION  SHORT     100.0%   0.00    8.00   BEARISH   BEARISH
NILUSDT        REVERSAL      UNKNOWN     0.0%   3.50    1.00     MIXED   BULLISH
PRLUSDT        CONTINUATION  LONG       87.5%   7.00    0.00   BULLISH   BULLISH
ACUUSDT        REVERSAL      UNKNOWN     0.0%   0.00    1.00     MIXED     MIXED
DOLOUSDT       REVERSAL      SHORT      75.0%   0.00    6.00   BEARISH     MIXED
BTWUSDT        REVERSAL      LONG       63.1%   5.50    1.50   BULLISH   BULLISH
LINKUSDT       CONTINUATION  UNKNOWN     0.0%   1.00    3.50     MIXED   BEARISH
COWUSDT        REVERSAL      SHORT      68.8%   0.00    5.50   BEARISH   BEARISH
AEONUSDT       CONTINUATION  LONG      100.0%   8.00    0.00   BULLISH   BULLISH
WLDUSDT        REVERSAL      SHORT      87.5%   0.00    7.00   BEARISH   BEARISH
WLDUSDT        CONTINUATION  SHORT      87.5%   0.00    7.00   BEARISH   BEARISH
AIOUSDT        REVERSAL      SHORT     100.0%   0.00    8.00   BEARISH   BEARISH
CHIPUSDT       REVERSAL      SHORT      63.1%   1.50    5.50   BEARISH   BEARISH
PRLUSDT        REVERSAL      LONG       87.5%   7.00    0.00   BULLISH   BULLISH
LINKUSDT       REVERSAL      UNKNOWN     0.0%   1.00    3.50     MIXED   BEARISH
CHIPUSDT       REVERSAL      SHORT      63.1%   1.50    5.50   BEARISH   BEARISH
HUSDT          REVERSAL      UNKNOWN     0.0%   1.50    1.00     MIXED     MIXED
LINKUSDT       CONTINUATION  UNKNOWN     0.0%   1.00    3.50     MIXED   BEARISH
HYPEUSDT       REVERSAL      UNKNOWN     0.0%   1.00    0.00     MIXED     MIXED
BTWUSDT        CONTINUATION  LONG       63.1%   5.50    1.50   BULLISH   BULLISH
ETHUSDT        CONTINUATION  UNKNOWN     0.0%   1.00    3.50     MIXED   BEARISH
CHIPUSDT       REVERSAL      SHORT      63.1%   1.50    5.50   BEARISH   BEARISH
HYPEUSDT       CONTINUATION  UNKNOWN     0.0%   1.00    0.00     MIXED     MIXED
BTWUSDT        REVERSAL      LONG       63.1%   5.50    1.50   BULLISH   BULLISH
LINKUSDT       REVERSAL      UNKNOWN     0.0%   1.00    3.50     MIXED   BEARISH
HYPEUSDT       CONTINUATION  UNKNOWN     0.0%   1.00    0.00     MIXED     MIXED
ZECUSDT        CONTINUATION  UNKNOWN     0.0%   0.00    1.50     MIXED     MIXED
PUMPUSDT       REVERSAL      UNKNOWN     0.0%   3.50    0.00   BULLISH     MIXED
CHIPUSDT       REVERSAL      SHORT      63.1%   1.50    5.50   BEARISH   BEARISH
GPSUSDT        CONTINUATION  LONG      100.0%   8.00    0.00   BULLISH   BULLISH
AEONUSDT       CONTINUATION  LONG      100.0%   8.00    0.00   BULLISH   BULLISH
ETHUSDT        REVERSAL      UNKNOWN     0.0%   1.00    3.50     MIXED   BEARISH
DIAUSDT        REVERSAL      SHORT      71.2%   1.00    6.00   BEARISH   BEARISH

======================================================================================================================
V7.6 SHADOW SUMMARY
======================================================================================================================
Evaluated: 41
LONG: 9
SHORT: 15
UNKNOWN: 17
Failures: 0
Supabase shadow rows saved: 41
Direction state rows saved: 41
Immutable transition rows saved: 41
Transition run ID: cloud5d-20260818T043830Z
Direction emerging: 11
Direction confirmed: 13
Lost confirmation: 3

IMPORTANT: V7.6 IS SHADOW ONLY.
No trade permission was generated.

V7.6 DIRECTION SHADOW: PASS
