
======================================================================================================================
ALPHA HUNTER V7.9 FULL-UNIVERSE HOURLY LEDGER — SHADOW
======================================================================================================================
Observed: 2026-08-18T04:39:11.646108+00:00
Hour bucket: 2026-08-18T04:00:00+00:00
Contract tickers: 759
Rows attempted: 759
Deep-scan selected: 28
Selection snapshot: 2026-08-18T04:39:08.895075+00:00
Selection run ID: 5301a8ebe9a1a07e60ec358cff80d3cb
Prefilter eligible: 315
Eligible not selected: 287
Non-crypto: 290
Low liquidity: 151
Over-extended: 3
Invalid price skipped: 0
Rows purged >7d: 0

TOP ABSOLUTE 24H MOVERS
SYMBOL                  24H    ELIG    SCAN  STATUS
------------------------------------------------------------------------
VELVETUSDT          -44.42%       N       N  OVER_EXTENDED
AIOUSDT             -41.73%       N       N  OVER_EXTENDED
CYSUSDT             -31.95%       N       N  OVER_EXTENDED
AEONUSDT            +23.59%       Y       Y  DEEP_SCAN_SELECTED
BEATUSDT            -22.86%       Y       N  ELIGIBLE_NOT_SELECTED
ACUUSDT             +18.72%       Y       N  ELIGIBLE_NOT_SELECTED
GALAUSDT            -17.21%       Y       N  ELIGIBLE_NOT_SELECTED
PIEVERSEUSDT        +16.63%       Y       Y  DEEP_SCAN_SELECTED
GPSUSDT             +16.33%       Y       Y  DEEP_SCAN_SELECTED
ZHIPUHKDUSDT        -15.53%       N       N  NON_CRYPTO
ZHIPUUSDT           -15.34%       N       N  NON_CRYPTO
XPINUSDT            -15.15%       Y       N  ELIGIBLE_NOT_SELECTED
QUSDT               -14.06%       Y       Y  DEEP_SCAN_SELECTED
USUSDT              -13.71%       Y       Y  DEEP_SCAN_SELECTED
IRYSUSDT            -13.47%       Y       Y  DEEP_SCAN_SELECTED

IMPORTANT: V7.9 IS MEASUREMENT/AUDIT ONLY.
Same-hour reruns do not overwrite the first stored universe snapshot.
Raw universe evidence is retained for 7 days.
No trade permission was generated.

V7.9 FULL-UNIVERSE LEDGER: PASS
