
ALPHA HUNTER V7.1 — 2026-08-19T08:41:44.287944+00:00

Universe: 25 deep-scanned of 756 contracts
Eligible after prefilter: 282
Non-crypto rejected: 291

SYMBOL                  PHASE    TIME   BEHAV                     STATE      RR   DISC  TRADE
---------------------------------------------------------------------------------------------
PROMUSDT       DISTRIBUTION_RISK    FAIR    6.45                WATCH_LONG       —     NO     NO
ACEUSDT             EXPANSION    LATE    6.37                   NEUTRAL       —     NO     NO
CYSUSDT           COMPRESSION    FAIR    5.64                   NEUTRAL       —    YES     NO
SUIUSDT           COMPRESSION   EARLY    5.60                WATCH_LONG       —    YES     NO
BRUSDT           ACCUMULATION    FAIR    5.50                WATCH_LONG       —    YES     NO
APRUSDT              RECOVERY    FAIR    5.48                WATCH_LONG       —    YES     NO
LAUSDT           ACCUMULATION    FAIR    4.89                   NEUTRAL       —     NO     NO
ETHUSDT              IGNITION   EARLY    4.86   DIRECTION_EMERGING_LONG    0.13     NO     NO
ARIAUSDT         ACCUMULATION    FAIR    4.79                WATCH_LONG       —     NO     NO
ZECUSDT           COMPRESSION   EARLY    4.77                   NEUTRAL       —     NO     NO
HUSDT            ACCUMULATION    FAIR    4.63               WATCH_SHORT       —     NO     NO
NILUSDT             BREAKDOWN    FAIR    4.34  DIRECTION_EMERGING_SHORT    0.02     NO     NO
XRPUSDT           COMPRESSION   EARLY    4.28   DIRECTION_EMERGING_LONG    0.11     NO     NO
PEPEUSDT          COMPRESSION   EARLY    4.24               WATCH_SHORT       —     NO     NO
WLDUSDT           COMPRESSION   EARLY    4.22                   NEUTRAL       —     NO     NO
SOLUSDT          ACCUMULATION   EARLY    4.17   DIRECTION_EMERGING_LONG    0.10     NO     NO
EULUSDT          ACCUMULATION   EARLY    3.92                WATCH_LONG       —     NO     NO
ADAUSDT              RECOVERY   EARLY    3.88                WATCH_LONG       —     NO     NO
CHIPUSDT         ACCUMULATION    FAIR    3.45                   NEUTRAL       —     NO     NO
DOGEUSDT          COMPRESSION   EARLY    3.42                   NEUTRAL       —     NO     NO
OPENUSDT         ACCUMULATION    FAIR    3.27               WATCH_SHORT       —     NO     NO
BICOUSDT            BREAKDOWN    FAIR    2.90  DIRECTION_EMERGING_SHORT    0.04     NO     NO
HYPEUSDT          COMPRESSION   EARLY    2.80                   NEUTRAL       —     NO     NO
NEARUSDT         ACCUMULATION   EARLY    2.14                   NEUTRAL       —     NO     NO
BTCUSDT          ACCUMULATION   EARLY    1.88                   NEUTRAL       —     NO     NO

V7.4 PRE-MOVE SURVEILLANCE
Eligible: 3 | Primary: 3 | Reserve: 0

PRIMARY
 1 ACEUSDT        CONTINUATION   12.00 state=NEUTRAL
 2 HYPEUSDT       REVERSAL       10.77 state=NEUTRAL
 3 ZECUSDT        REVERSAL       10.76 state=NEUTRAL

Run ID: 9c15896584ab04f7972bbfc3ed57315c
Snapshot saved: /home/runner/work/Alpha-Hunter/Alpha-Hunter/data/snapshots/snapshot-20260819T084144Z.json
State history: /home/runner/work/Alpha-Hunter/Alpha-Hunter/data/state-history.jsonl
Supabase: SAVED
Qualified discovery candidates: 4
EARLY candidates: 1
V7 Trade Ready: 0
Bitget private API: NOT_CONFIGURED
