V7.4 HOURLY PERFORMANCE TRACKER
Run ID: 9c15896584ab04f7972bbfc3ed57315c

V7.4.1 SHADOW REVERSAL
 SH SYMBOL           V74     OLD   SHADOW
--------------------------------------------------
  1 HYPEUSDT           2   10.77     7.83
  2 ZECUSDT            3   10.76     7.33
PERFORMANCE SIGNALS SAVED: 25
FEATURE ROWS SAVED: 25
V7.4 OUTCOMES 1H: saved=6 failed=0
V7.4 OUTCOMES 4H: saved=3 failed=0
V7.4 OUTCOMES 12H: saved=4 failed=0
V7.4 OUTCOMES 24H: saved=13 failed=0
OUTCOME EVALUATION COMPLETE: saved=26 failed=0

==========================================================================================
V7.4 CURRENT SURVEILLANCE COHORT
==========================================================================================
RANK SYMBOL         TIER      PATH            SCORE STATE
------------------------------------------------------------------------------------------
   1 ACEUSDT        PRIMARY   CONTINUATION    12.00 NEUTRAL
   2 HYPEUSDT       PRIMARY   REVERSAL        10.77 NEUTRAL
   3 ZECUSDT        PRIMARY   REVERSAL        10.76 NEUTRAL

================================================================================================================================
V7.4 FORWARD PERFORMANCE — RAW PRICE EXPANSION
================================================================================================================================

PRIMARY / RESERVE + PATH
  H TIER      PATH              N    POS%   AVG RAW   AVG ABS    EXP3%    EXP5%   EXP10%    UP5%    DN5%
--------------------------------------------------------------------------------------------------------------------------------
  1 PRIMARY   CONTINUATION     63   58.7%    0.160%    3.181%    33.3%    17.5%     3.2%   14.3%    3.2%
  1 PRIMARY   REVERSAL         89   56.2%    0.135%    0.612%     2.2%     0.0%     0.0%    0.0%    0.0%
  1 RESERVE   CONTINUATION     20   65.0%    1.337%    1.639%     5.0%     5.0%     5.0%    5.0%    0.0%
  1 RESERVE   REVERSAL          8   75.0%   -0.015%    0.630%     0.0%     0.0%     0.0%    0.0%    0.0%
  4 PRIMARY   CONTINUATION     63   46.0%   -1.752%    5.248%    36.5%    23.8%    11.1%   14.3%    9.5%
  4 PRIMARY   REVERSAL         73   57.5%    0.197%    0.795%     2.7%     1.4%     0.0%    1.4%    0.0%
  4 RESERVE   CONTINUATION     20   60.0%    1.384%    1.902%    10.0%    10.0%     5.0%   10.0%    0.0%
  4 RESERVE   REVERSAL          8   75.0%    0.251%    0.769%     0.0%     0.0%     0.0%    0.0%    0.0%
 12 PRIMARY   CONTINUATION     40   47.5%    3.214%   16.942%    70.0%    62.5%    50.0%   37.5%   25.0%
 12 PRIMARY   REVERSAL         52   51.9%    0.419%    1.769%    17.3%     9.6%     1.9%    7.7%    1.9%
 12 RESERVE   CONTINUATION     18   61.1%    2.072%    3.203%    16.7%    16.7%    11.1%   16.7%    0.0%
 12 RESERVE   REVERSAL          8   75.0%    0.261%    0.897%     0.0%     0.0%     0.0%    0.0%    0.0%
 24 PRIMARY   CONTINUATION      3   33.3%  -10.338%   10.442%    33.3%    33.3%    33.3%    0.0%   33.3%
 24 PRIMARY   REVERSAL          2  100.0%    2.505%    2.505%    50.0%     0.0%     0.0%    0.0%    0.0%
 24 RESERVE   CONTINUATION      1  100.0%   86.981%   86.981%   100.0%   100.0%   100.0%  100.0%    0.0%

RANK QUALITY
  H RANK BUCKET         N    POS%   AVG RAW   AVG ABS    EXP3%    EXP5%   EXP10%    UP5%    DN5%
----------------------------------------------------------------------------------------------------------------
  1 TOP_1_3           109   57.8%    0.068%    2.089%    19.3%     8.3%     1.8%    6.4%    1.8%
  1 TOP_4_5            43   55.8%    0.340%    0.630%     4.7%     4.7%     0.0%    4.7%    0.0%
  1 RESERVE_6_10       28   67.9%    0.951%    1.351%     3.6%     3.6%     3.6%    3.6%    0.0%
  4 TOP_1_3            94   53.2%   -1.201%    3.763%    24.5%    14.9%     7.4%    8.5%    6.4%
  4 TOP_4_5            42   50.0%    0.402%    0.831%     4.8%     4.8%     0.0%    4.8%    0.0%
  4 RESERVE_6_10       28   64.3%    1.060%    1.578%     7.1%     7.1%     3.6%    7.1%    0.0%
 12 TOP_1_3            60   53.3%    1.185%   11.011%    56.7%    45.0%    30.0%   26.7%   18.3%
 12 TOP_4_5            32   43.8%    2.477%    3.405%     9.4%     9.4%     9.4%    9.4%    0.0%
 12 RESERVE_6_10       26   65.4%    1.515%    2.493%    11.5%    11.5%     7.7%   11.5%    0.0%
 24 TOP_1_3             3   66.7%   -8.391%   11.016%    66.7%    33.3%    33.3%    0.0%   33.3%
 24 TOP_4_5             2   50.0%   -0.416%    1.643%     0.0%     0.0%     0.0%    0.0%    0.0%
 24 RESERVE_6_10        1  100.0%   86.981%   86.981%   100.0%   100.0%   100.0%  100.0%    0.0%

Metric definitions:
AVG RAW = average raw market return from detection price.
AVG ABS = average absolute price movement regardless of direction.
EXP3/5/10 = percentage of candidates moving at least 3% / 5% / 10% in either direction.
UP5 = raw upside move >= +5%; DN5 = raw downside move <= -5%.
No V7.4 trade-direction assumption is used in these metrics.

V7.4 TRACKING JOB: PASS
