
==============================================================================================================
ALPHA HUNTER V7.5 24H EPISODE FINALIZER
==============================================================================================================
SKIP   CYSUSDT        quality=LEGACY_PARTIAL    age= 231.86H
SKIP   BTWUSDT        quality=LEGACY_PARTIAL    age= 231.86H
SKIP   COOKIEUSDT     quality=LEGACY_PARTIAL    age= 231.86H
SKIP   SUIUSDT        quality=LEGACY_PARTIAL    age= 231.86H
SKIP   SOLUSDT        quality=LEGACY_PARTIAL    age= 231.86H
SKIP   SKYAIUSDT      quality=LEGACY_PARTIAL    age= 231.86H
SKIP   DOGEUSDT       quality=LEGACY_PARTIAL    age= 231.86H
SKIP   ADAUSDT        quality=LEGACY_PARTIAL    age= 231.86H
SKIP   GWEIUSDT       quality=LEGACY_PARTIAL    age= 225.69H
SKIP   BICOUSDT       quality=LEGACY_PARTIAL    age= 225.69H
SKIP   IOTXUSDT       quality=LEGACY_PARTIAL    age= 225.69H
SKIP   MMTUSDT        quality=LEGACY_PARTIAL    age= 225.69H
SKIP   SUIUSDT        quality=LEGACY_PARTIAL    age= 225.69H
SKIP   MUBARAKUSDT    quality=LEGACY_PARTIAL    age= 108.45H
SKIP   4USDT          quality=LEGACY_PARTIAL    age= 108.45H
SKIP   JTOUSDT        quality=LEGACY_PARTIAL    age= 108.45H
SKIP   FORMUSDT       quality=LEGACY_PARTIAL    age= 108.45H
SKIP   PUMPUSDT       quality=LEGACY_PARTIAL    age= 107.38H
SKIP   ACUUSDT        quality=LEGACY_PARTIAL    age=  98.59H
SKIP   HYPEUSDT       quality=LEGACY_PARTIAL    age=  98.59H
SKIP   AEONUSDT       quality=LEGACY_PARTIAL    age=  97.56H
SKIP   BTWUSDT        quality=LEGACY_PARTIAL    age=  97.56H
WAIT   BTCUSDT        age=  21.22H UP=    1.07% DOWN=   -0.52%
WAIT   AEONUSDT       age=  21.22H UP=    2.13% DOWN=  -12.91%
WAIT   ZECUSDT        age=  21.22H UP=    1.52% DOWN=   -1.19%
WAIT   PUMPUSDT       age=  21.22H UP=   11.40% DOWN=   -1.46%
WAIT   DIAUSDT        age=  21.22H UP=    2.40% DOWN=   -2.71%
WAIT   GPSUSDT        age=  18.08H UP=    8.42% DOWN=  -33.81%
WAIT   BTWUSDT        age=  18.08H UP=   76.61% DOWN=   -2.97%
WAIT   PUMPUSDT       age=  18.08H UP=   10.34% DOWN=   -1.91%
WAIT   HYPEUSDT       age=  18.08H UP=    0.14% DOWN=   -2.44%
WAIT   LINKUSDT       age=  18.08H UP=    3.82% DOWN=   -0.31%
WAIT   CHIPUSDT       age=  18.08H UP=    2.86% DOWN=   -5.72%
WAIT   ZECUSDT        age=  18.08H UP=    1.38% DOWN=   -1.19%
WAIT   BTCUSDT        age=  13.99H UP=    0.08% DOWN=   -0.89%
WAIT   ZECUSDT        age=  13.99H UP=    1.02% DOWN=   -1.09%
WAIT   GPSUSDT        age=  13.99H UP=    3.28% DOWN=  -36.62%
WAIT   BTWUSDT        age=  13.99H UP=   68.16% DOWN=    0.00%
WAIT   HYPEUSDT       age=  13.19H UP=    0.43% DOWN=   -1.42%
WAIT   ONGUSDT        age=  13.13H UP=    8.63% DOWN=   -4.75%
WAIT   SOLUSDT        age=  13.13H UP=    1.82% DOWN=    0.00%
WAIT   LUMIAUSDT      age=  13.13H UP=    4.87% DOWN=   -0.25%
WAIT   LINKUSDT       age=  13.13H UP=    4.28% DOWN=    0.00%
WAIT   HYPEUSDT       age=  13.13H UP=    0.22% DOWN=   -1.62%
WAIT   PUMPUSDT       age=  11.23H UP=    7.86% DOWN=   -0.14%
WAIT   ZECUSDT        age=  11.10H UP=    0.39% DOWN=   -1.66%
WAIT   BTCUSDT        age=  11.10H UP=    0.27% DOWN=   -0.67%
WAIT   GPSUSDT        age=  10.24H UP=    4.50% DOWN=  -35.88%
WAIT   OUSDT          age=   0.00H UP=    0.06% DOWN=   -6.18%
WAIT   LINKUSDT       age=   0.00H UP=    3.48% DOWN=    0.00%
WAIT   ZECUSDT        age=   0.00H UP=    0.82% DOWN=   -0.72%
WAIT   HYPEUSDT       age=   0.00H UP=    0.09% DOWN=   -1.10%
WAIT   HYPEUSDT       age=   3.13H UP=    0.04% DOWN=   -0.97%
WAIT   ZECUSDT        age=   3.13H UP=    1.08% DOWN=   -0.46%
WAIT   PIEVERSEUSDT   age=   3.13H UP=    4.39% DOWN=   -1.00%
WAIT   BTCUSDT        age=   3.13H UP=    0.25% DOWN=   -0.27%
WAIT   AEONUSDT       age=   1.01H UP=    1.29% DOWN=   -0.86%
WAIT   REDUSDT        age=   1.01H UP=    0.79% DOWN=   -0.91%
WAIT   ACEUSDT        age=   1.01H UP=    1.84% DOWN=   -3.45%
WAIT   ACEUSDT        age=   0.01H UP=    0.40% DOWN=   -0.22%

==============================================================================================================
FINALIZER SUMMARY
==============================================================================================================
Episodes: 162
Finalized this run: 0
Waiting for 24H: 38
Legacy partial skipped: 22
Already finalized: 102
Supabase rows upserted: 162

V7.5 EPISODE FINALIZER: PASS
