
==============================================================================================================
ALPHA HUNTER V7.5 INDEPENDENT EPISODE MARKET TRACKER
==============================================================================================================
Episodes stored: 162
Active episodes: 60

CYSUSDT        CONTINUATION  now=  -47.55% UP=   78.38% DOWN=  -50.85% 3=Y 5=Y 10=Y checks=48
BTWUSDT        CONTINUATION  now=  230.84% UP=  233.75% DOWN=    0.00% 3=Y 5=Y 10=Y checks=48
COOKIEUSDT     CONTINUATION  now=  -17.09% UP=    0.00% DOWN=  -19.43% 3=Y 5=Y 10=Y checks=48
SUIUSDT        CONTINUATION  now=   -6.11% UP=    0.00% DOWN=   -7.92% 3=Y 5=Y 10=- checks=48
SOLUSDT        CONTINUATION  now=    0.29% UP=    0.55% DOWN=   -4.13% 3=Y 5=- 10=- checks=48
SKYAIUSDT      REVERSAL      now=  -46.08% UP=    0.00% DOWN=  -53.06% 3=Y 5=Y 10=Y checks=48
DOGEUSDT       CONTINUATION  now=   -0.69% UP=    0.00% DOWN=   -2.32% 3=- 5=- 10=- checks=48
ADAUSDT        REVERSAL      now=  -11.53% UP=    0.00% DOWN=  -12.70% 3=Y 5=Y 10=Y checks=48
GWEIUSDT       REVERSAL      now=   -1.47% UP=   17.67% DOWN=   -7.43% 3=Y 5=Y 10=Y checks=48
BICOUSDT       REVERSAL      now=  -63.30% UP=    0.00% DOWN=  -63.59% 3=Y 5=Y 10=Y checks=48
IOTXUSDT       REVERSAL      now=  -10.36% UP=    0.00% DOWN=  -11.34% 3=Y 5=Y 10=Y checks=48
MMTUSDT        REVERSAL      now=  -20.05% UP=    0.00% DOWN=  -20.54% 3=Y 5=Y 10=Y checks=48
SUIUSDT        CONTINUATION  now=   -4.99% UP=    0.00% DOWN=   -6.82% 3=Y 5=Y 10=- checks=48
MUBARAKUSDT    REVERSAL      now=   -9.67% UP=    0.00% DOWN=  -24.10% 3=Y 5=Y 10=Y checks=48
4USDT          REVERSAL      now=  -18.65% UP=    0.00% DOWN=  -22.21% 3=Y 5=Y 10=Y checks=48
JTOUSDT        REVERSAL      now=   -1.15% UP=    8.18% DOWN=   -2.16% 3=Y 5=Y 10=- checks=48
FORMUSDT       REVERSAL      now=   -6.49% UP=    0.00% DOWN=   -7.88% 3=Y 5=Y 10=- checks=48
PUMPUSDT       REVERSAL      now=    4.98% UP=   10.34% DOWN=   -5.65% 3=Y 5=Y 10=Y checks=48
ACUUSDT        REVERSAL      now=    5.99% UP=   16.62% DOWN=   -4.40% 3=Y 5=Y 10=Y checks=48
HYPEUSDT       REVERSAL      now=    3.88% UP=    5.13% DOWN=   -0.62% 3=Y 5=Y 10=- checks=48
AEONUSDT       CONTINUATION  now=   16.38% UP=   28.99% DOWN=   -6.91% 3=Y 5=Y 10=Y checks=48
BTWUSDT        CONTINUATION  now=  120.58% UP=  123.81% DOWN=  -10.16% 3=Y 5=Y 10=Y checks=48
BTCUSDT        CONTINUATION  now=    0.09% UP=    1.07% DOWN=   -0.52% 3=- 5=- 10=- checks=12
AEONUSDT       CONTINUATION  now=   -9.39% UP=    2.13% DOWN=  -12.91% 3=Y 5=Y 10=Y checks=12
ZECUSDT        REVERSAL      now=    0.43% UP=    1.52% DOWN=   -1.19% 3=- 5=- 10=- checks=12
PUMPUSDT       REVERSAL      now=    5.99% UP=   11.40% DOWN=   -1.46% 3=Y 5=Y 10=Y checks=12
DIAUSDT        REVERSAL      now=   -1.94% UP=    2.40% DOWN=   -2.71% 3=- 5=- 10=- checks=12
GPSUSDT        CONTINUATION  now=  -30.71% UP=    8.42% DOWN=  -33.81% 3=Y 5=Y 10=Y checks=11
BTWUSDT        CONTINUATION  now=   74.20% UP=   76.61% DOWN=   -2.97% 3=Y 5=Y 10=Y checks=11
PUMPUSDT       REVERSAL      now=    4.98% UP=   10.34% DOWN=   -1.91% 3=Y 5=Y 10=Y checks=11
HYPEUSDT       REVERSAL      now=   -1.79% UP=    0.14% DOWN=   -2.44% 3=- 5=- 10=- checks=11
LINKUSDT       REVERSAL      now=    3.38% UP=    3.82% DOWN=   -0.31% 3=Y 5=- 10=- checks=11
CHIPUSDT       REVERSAL      now=   -3.97% UP=    2.86% DOWN=   -5.72% 3=Y 5=Y 10=- checks=11
ZECUSDT        REVERSAL      now=    0.30% UP=    1.38% DOWN=   -1.19% 3=- 5=- 10=- checks=11
BTCUSDT        CONTINUATION  now=   -0.48% UP=    0.08% DOWN=   -0.89% 3=- 5=- 10=- checks=9
ZECUSDT        REVERSAL      now=    0.40% UP=    1.02% DOWN=   -1.09% 3=- 5=- 10=- checks=9
GPSUSDT        CONTINUATION  now=  -33.65% UP=    3.28% DOWN=  -36.62% 3=Y 5=Y 10=Y checks=9
BTWUSDT        CONTINUATION  now=   65.70% UP=   68.16% DOWN=    0.00% 3=Y 5=Y 10=Y checks=9
HYPEUSDT       REVERSAL      now=   -0.76% UP=    0.43% DOWN=   -1.42% 3=- 5=- 10=- checks=8
ONGUSDT        CONTINUATION  now=    6.08% UP=    8.63% DOWN=   -4.75% 3=Y 5=Y 10=- checks=8
SOLUSDT        CONTINUATION  now=    1.58% UP=    1.82% DOWN=    0.00% 3=- 5=- 10=- checks=8
LUMIAUSDT      REVERSAL      now=    2.32% UP=    4.87% DOWN=   -0.25% 3=Y 5=- 10=- checks=8
LINKUSDT       REVERSAL      now=    3.83% UP=    4.28% DOWN=    0.00% 3=Y 5=- 10=- checks=8
HYPEUSDT       REVERSAL      now=   -0.96% UP=    0.22% DOWN=   -1.62% 3=- 5=- 10=- checks=8
PUMPUSDT       CONTINUATION  now=    2.62% UP=    7.86% DOWN=   -0.14% 3=Y 5=Y 10=- checks=7
ZECUSDT        CONTINUATION  now=   -0.17% UP=    0.39% DOWN=   -1.66% 3=- 5=- 10=- checks=7
BTCUSDT        CONTINUATION  now=   -0.27% UP=    0.27% DOWN=   -0.67% 3=- 5=- 10=- checks=7
GPSUSDT        CONTINUATION  now=  -32.99% UP=    4.50% DOWN=  -35.88% 3=Y 5=Y 10=Y checks=6
OUSDT          CONTINUATION  now=   -2.37% UP=    0.06% DOWN=   -6.18% 3=Y 5=Y 10=- checks=5
LINKUSDT       CONTINUATION  now=    3.06% UP=    3.48% DOWN=    0.00% 3=Y 5=- 10=- checks=5
ZECUSDT        REVERSAL      now=    0.79% UP=    0.82% DOWN=   -0.72% 3=- 5=- 10=- checks=5
HYPEUSDT       REVERSAL      now=   -0.44% UP=    0.09% DOWN=   -1.10% 3=- 5=- 10=- checks=5
HYPEUSDT       REVERSAL      now=   -0.30% UP=    0.04% DOWN=   -0.97% 3=- 5=- 10=- checks=4
ZECUSDT        REVERSAL      now=    1.05% UP=    1.08% DOWN=   -0.46% 3=- 5=- 10=- checks=4
PIEVERSEUSDT   REVERSAL      now=    0.97% UP=    4.39% DOWN=   -1.00% 3=Y 5=- 10=- checks=4
BTCUSDT        REVERSAL      now=    0.13% UP=    0.25% DOWN=   -0.27% 3=- 5=- 10=- checks=4
AEONUSDT       REVERSAL      now=    0.54% UP=    1.29% DOWN=   -0.86% 3=- 5=- 10=- checks=2
REDUSDT        REVERSAL      now=    0.45% UP=    0.79% DOWN=   -0.91% 3=- 5=- 10=- checks=2
ACEUSDT        REVERSAL      now=    0.13% UP=    1.84% DOWN=   -3.45% 3=Y 5=- 10=- checks=2
ACEUSDT        CONTINUATION  now=   -0.18% UP=    0.40% DOWN=   -0.22% 3=- 5=- 10=- checks=1

==============================================================================================================
TRACKER SUMMARY
==============================================================================================================
Checked: 60
Failed: 0
Supabase rows upserted: 162
3% episodes: 119
5% episodes: 106
10% episodes: 74

V7.5 EPISODE MARKET TRACKER: PASS
