
======================================================================================================================
ALPHA HUNTER V7.6 DIRECTION-PROOF ENGINE — SHADOW
======================================================================================================================
Eligible forward episodes: 38

SYMBOL         PATH          DIR         CONF   LONG   SHORT       15M        1H
----------------------------------------------------------------------------------------------------------------------
BTCUSDT        CONTINUATION  UNKNOWN     0.0%   0.00    0.00     MIXED     MIXED
AEONUSDT       CONTINUATION  SHORT      46.9%   2.50    4.50     MIXED   BEARISH
ZECUSDT        REVERSAL      UNKNOWN     0.0%   3.50    0.00   BULLISH     MIXED
PUMPUSDT       REVERSAL      UNKNOWN     0.0%   0.00    3.50   BEARISH     MIXED
DIAUSDT        REVERSAL      SHORT      68.8%   0.00    5.50   BEARISH   BEARISH
GPSUSDT        CONTINUATION  SHORT     100.0%   0.00    8.00   BEARISH   BEARISH
BTWUSDT        CONTINUATION  LONG      100.0%   8.00    0.00   BULLISH   BULLISH
PUMPUSDT       REVERSAL      UNKNOWN     0.0%   0.00    3.50   BEARISH     MIXED
HYPEUSDT       REVERSAL      UNKNOWN     0.0%   0.00    2.50     MIXED     MIXED
LINKUSDT       REVERSAL      LONG      100.0%   8.00    0.00   BULLISH   BULLISH
CHIPUSDT       REVERSAL      UNKNOWN     0.0%   2.50    1.50     MIXED     MIXED
ZECUSDT        REVERSAL      UNKNOWN     0.0%   3.50    0.00   BULLISH     MIXED
BTCUSDT        CONTINUATION  UNKNOWN     0.0%   0.00    0.00     MIXED     MIXED
ZECUSDT        REVERSAL      UNKNOWN     0.0%   3.50    0.00   BULLISH     MIXED
GPSUSDT        CONTINUATION  SHORT     100.0%   0.00    8.00   BEARISH   BEARISH
BTWUSDT        CONTINUATION  LONG      100.0%   8.00    0.00   BULLISH   BULLISH
HYPEUSDT       REVERSAL      UNKNOWN     0.0%   0.00    2.50     MIXED     MIXED
ONGUSDT        CONTINUATION  LONG       75.0%   6.00    0.00   BULLISH   BULLISH
SOLUSDT        CONTINUATION  LONG       68.8%   5.50    0.00   BULLISH   BULLISH
LUMIAUSDT      REVERSAL      SHORT      62.5%   0.00    5.00   BEARISH     MIXED
LINKUSDT       REVERSAL      LONG      100.0%   8.00    0.00   BULLISH   BULLISH
HYPEUSDT       REVERSAL      UNKNOWN     0.0%   0.00    2.50     MIXED     MIXED
PUMPUSDT       CONTINUATION  UNKNOWN     0.0%   0.00    3.50   BEARISH     MIXED
ZECUSDT        CONTINUATION  UNKNOWN     0.0%   3.50    0.00   BULLISH     MIXED
BTCUSDT        CONTINUATION  UNKNOWN     0.0%   0.00    0.00     MIXED     MIXED
GPSUSDT        CONTINUATION  SHORT     100.0%   0.00    8.00   BEARISH   BEARISH
OUSDT          CONTINUATION  SHORT      62.5%   0.00    5.00   BEARISH     MIXED
LINKUSDT       CONTINUATION  LONG      100.0%   8.00    0.00   BULLISH   BULLISH
ZECUSDT        REVERSAL      UNKNOWN     0.0%   3.50    0.00   BULLISH     MIXED
HYPEUSDT       REVERSAL      UNKNOWN     0.0%   0.00    2.50     MIXED     MIXED
HYPEUSDT       REVERSAL      UNKNOWN     0.0%   0.00    2.50     MIXED     MIXED
ZECUSDT        REVERSAL      UNKNOWN     0.0%   3.50    0.00   BULLISH     MIXED
PIEVERSEUSDT   REVERSAL      SHORT      63.1%   1.50    5.50   BEARISH   BEARISH
BTCUSDT        REVERSAL      UNKNOWN     0.0%   0.00    0.00     MIXED     MIXED
AEONUSDT       REVERSAL      SHORT      46.9%   2.50    4.50     MIXED   BEARISH
REDUSDT        REVERSAL      UNKNOWN     0.0%   1.50    2.00     MIXED   BEARISH
ACEUSDT        REVERSAL      UNKNOWN     0.0%   1.00    3.50   BEARISH     MIXED
ACEUSDT        CONTINUATION  UNKNOWN     0.0%   1.00    3.50   BEARISH     MIXED

======================================================================================================================
V7.6 SHADOW SUMMARY
======================================================================================================================
Evaluated: 38
LONG: 7
SHORT: 9
UNKNOWN: 22
Failures: 0
Supabase shadow rows saved: 38
Direction state rows saved: 38
Immutable transition rows saved: 38
Transition run ID: cloud5d-20260819T084059Z
Direction emerging: 5
Direction confirmed: 11
Lost confirmation: 0

IMPORTANT: V7.6 IS SHADOW ONLY.
No trade permission was generated.

V7.6 DIRECTION SHADOW: PASS
