
======================================================================================================================
ALPHA HUNTER V7.6 POST-CONFIRMATION OUTCOME TRACKER — SHADOW
======================================================================================================================
Confirmed outcome rows: 121
Created this run: 2

ZECUSDT        SHORT  quality=FORWARD_COMPLETE now=  -1.04% MFE=   0.24% MAE=  -1.10% lost=- done=-
BTWUSDT        LONG   quality=FORWARD_COMPLETE now=  61.12% MFE=  62.97% MAE=  -2.92% lost=Y done=-
CHIPUSDT       SHORT  quality=FORWARD_COMPLETE now=   1.82% MFE=   3.61% MAE=  -5.16% lost=Y done=-
GPSUSDT        LONG   quality=FORWARD_COMPLETE now= -33.44% MFE=   3.99% MAE= -36.18% lost=Y done=-
DIAUSDT        LONG   quality=FORWARD_COMPLETE now=  -2.99% MFE=   1.30% MAE=  -3.22% lost=Y done=-
LUMIAUSDT      SHORT  quality=FORWARD_COMPLETE now=  -2.09% MFE=   0.05% MAE=  -4.63% lost=Y done=-
CHIPUSDT       SHORT  quality=FORWARD_COMPLETE now=   1.82% MFE=   3.61% MAE=  -5.16% lost=Y done=-
DIAUSDT        LONG   quality=FORWARD_COMPLETE now=  -2.99% MFE=   1.30% MAE=  -3.22% lost=Y done=-
LINKUSDT       LONG   quality=FORWARD_COMPLETE now=   3.14% MFE=   3.60% MAE=  -0.36% lost=Y done=-
GPSUSDT        LONG   quality=FORWARD_COMPLETE now= -33.96% MFE=   3.15% MAE= -36.70% lost=Y done=-
PUMPUSDT       LONG   quality=FORWARD_COMPLETE now=   5.29% MFE=  10.38% MAE=  -0.78% lost=Y done=-
LINKUSDT       LONG   quality=FORWARD_COMPLETE now=   3.14% MFE=   3.60% MAE=  -0.36% lost=Y done=-
BTWUSDT        LONG   quality=FORWARD_COMPLETE now=  86.89% MFE=  88.54% MAE=  -0.86% lost=Y done=Y
HUSDT          SHORT  quality=FORWARD_COMPLETE now=  10.26% MFE=  14.16% MAE=  -6.31% lost=- done=-
HYPEUSDT       SHORT  quality=FORWARD_COMPLETE now=   0.34% MFE=   1.06% MAE=  -0.31% lost=Y done=-
HYPEUSDT       SHORT  quality=FORWARD_COMPLETE now=   0.30% MFE=   1.02% MAE=  -0.35% lost=- done=-
LINKUSDT       LONG   quality=FORWARD_COMPLETE now=   3.14% MFE=   3.60% MAE=  -0.36% lost=- done=-
LINKUSDT       LONG   quality=FORWARD_COMPLETE now=   3.14% MFE=   3.60% MAE=  -0.36% lost=- done=-
SOLUSDT        LONG   quality=FORWARD_COMPLETE now=   1.64% MFE=   1.88% MAE=  -0.27% lost=Y done=-
BTCUSDT        LONG   quality=FORWARD_COMPLETE now=  -0.50% MFE=   0.12% MAE=  -0.94% lost=Y done=-
PUMPUSDT       LONG   quality=FORWARD_COMPLETE now=   5.29% MFE=  10.38% MAE=  -0.78% lost=Y done=-
ETHUSDT        LONG   quality=FORWARD_COMPLETE now=   0.36% MFE=   0.65% MAE=  -0.57% lost=Y done=-
BTWUSDT        LONG   quality=FORWARD_COMPLETE now=  86.79% MFE=  88.54% MAE=  -0.86% lost=Y done=Y
PUMPUSDT       LONG   quality=FORWARD_COMPLETE now=   5.33% MFE=  10.42% MAE=  -0.74% lost=- done=-
ETHUSDT        LONG   quality=FORWARD_COMPLETE now=   0.35% MFE=   0.64% MAE=  -0.58% lost=Y done=-
AEONUSDT       SHORT  quality=FORWARD_COMPLETE now=   6.33% MFE=   9.97% MAE=  -5.58% lost=Y done=-
BTWUSDT        LONG   quality=FORWARD_COMPLETE now=  75.86% MFE=  77.55% MAE=  -0.15% lost=Y done=-
BTCUSDT        SHORT  quality=FORWARD_COMPLETE now=  -0.26% MFE=   0.06% MAE=  -0.34% lost=Y done=-
LINKUSDT       LONG   quality=FORWARD_COMPLETE now=   1.34% MFE=   1.79% MAE=  -0.33% lost=- done=-
BTCUSDT        SHORT  quality=FORWARD_COMPLETE now=  -0.26% MFE=   0.06% MAE=  -0.35% lost=Y done=-
BTCUSDT        SHORT  quality=FORWARD_COMPLETE now=  -0.26% MFE=   0.06% MAE=  -0.35% lost=Y done=-
HYPEUSDT       SHORT  quality=FORWARD_COMPLETE now=   0.29% MFE=   1.02% MAE=  -0.35% lost=Y done=-
ONGUSDT        LONG   quality=FORWARD_COMPLETE now=   6.44% MFE=   9.14% MAE=  -2.14% lost=- done=-
PUMPUSDT       LONG   quality=FORWARD_COMPLETE now=  -1.29% MFE=   3.47% MAE=  -3.04% lost=Y done=-
HYPEUSDT       SHORT  quality=FORWARD_COMPLETE now=   0.33% MFE=   1.06% MAE=  -0.31% lost=Y done=-
HYPEUSDT       SHORT  quality=FORWARD_COMPLETE now=   0.37% MFE=   1.09% MAE=  -0.27% lost=Y done=-
GPSUSDT        LONG   quality=FORWARD_COMPLETE now= -34.83% MFE=   0.00% MAE= -37.61% lost=Y done=-
ZECUSDT        SHORT  quality=FORWARD_COMPLETE now=  -1.15% MFE=   0.48% MAE=  -1.16% lost=- done=-
ZECUSDT        SHORT  quality=FORWARD_COMPLETE now=  -1.15% MFE=   0.48% MAE=  -1.16% lost=- done=-
ZECUSDT        SHORT  quality=FORWARD_COMPLETE now=  -1.13% MFE=   0.50% MAE=  -1.14% lost=- done=-
ZECUSDT        SHORT  quality=FORWARD_COMPLETE now=  -1.14% MFE=   0.49% MAE=  -1.15% lost=- done=-
ZECUSDT        SHORT  quality=FORWARD_COMPLETE now=  -1.14% MFE=   0.49% MAE=  -1.15% lost=- done=-
LINKUSDT       LONG   quality=FORWARD_COMPLETE now=   1.30% MFE=   1.79% MAE=  -0.33% lost=- done=-
SOLUSDT        LONG   quality=FORWARD_COMPLETE now=  -0.01% MFE=   0.01% MAE=  -0.01% lost=- done=-
PIEVERSEUSDT   SHORT  quality=FORWARD_COMPLETE now=  -0.06% MFE=   0.00% MAE=  -0.06% lost=- done=-

======================================================================================================================
POST-CONFIRMATION TRACKER SUMMARY
======================================================================================================================
Outcome rows: 121
Created this run: 2
Tracked this run: 45
Failed: 0
Supabase rows upserted: 121
Forward complete: 121
Completed 24H: 78

IMPORTANT: OUTCOME TRACKER IS MEASUREMENT ONLY.
No trade permission was generated.

V7.6 POST-CONFIRMATION OUTCOME TRACKER: PASS
