
======================================================================================================================
ALPHA HUNTER V7.9 FULL-UNIVERSE HOURLY LEDGER — SHADOW
======================================================================================================================
Observed: 2026-08-19T08:41:46.623914+00:00
Hour bucket: 2026-08-19T08:00:00+00:00
Contract tickers: 756
Rows attempted: 756
Deep-scan selected: 25
Selection snapshot: 2026-08-19T08:41:44.287944+00:00
Selection run ID: 9c15896584ab04f7972bbfc3ed57315c
Prefilter eligible: 282
Eligible not selected: 257
Non-crypto: 291
Low liquidity: 179
Over-extended: 4
Invalid price skipped: 0
Rows purged >7d: 0

TOP ABSOLUTE 24H MOVERS
SYMBOL                  24H    ELIG    SCAN  STATUS
------------------------------------------------------------------------
BTWUSDT             +86.41%       N       N  OVER_EXTENDED
VELVETUSDT          +36.98%       N       N  OVER_EXTENDED
JCTUSDT             -29.62%       N       N  OVER_EXTENDED
GPSUSDT             -29.09%       N       N  OVER_EXTENDED
BEATUSDT            -24.13%       Y       N  ELIGIBLE_NOT_SELECTED
SKYAIUSDT           -18.35%       Y       N  ELIGIBLE_NOT_SELECTED
XPINUSDT            -16.91%       Y       N  ELIGIBLE_NOT_SELECTED
DOSUSDT             +16.13%       Y       N  ELIGIBLE_NOT_SELECTED
CFGUSDT             -15.14%       Y       N  ELIGIBLE_NOT_SELECTED
HUSDT               -15.02%       Y       Y  DEEP_SCAN_SELECTED
NILUSDT             -14.52%       Y       Y  DEEP_SCAN_SELECTED
ACEUSDT             +13.17%       Y       Y  DEEP_SCAN_SELECTED
BICOUSDT            -13.02%       Y       Y  DEEP_SCAN_SELECTED
BRUSDT              +12.75%       Y       Y  DEEP_SCAN_SELECTED
ARIAUSDT            +12.74%       Y       Y  DEEP_SCAN_SELECTED

IMPORTANT: V7.9 IS MEASUREMENT/AUDIT ONLY.
Same-hour reruns do not overwrite the first stored universe snapshot.
Raw universe evidence is retained for 7 days.
No trade permission was generated.

V7.9 FULL-UNIVERSE LEDGER: PASS
