
==============================================================================================================================
ALPHA HUNTER V7.9 MISSED-MOVER RECALL AUDITOR — SHADOW
==============================================================================================================================
Universe ledger rows loaded: 18211
Symbols with ledger history: 760
Audit rows: 104
Supabase rows upserted: 104

SYMBOL               MOVE    THR              QUAL         STAGE  REASON
------------------------------------------------------------------------------------------------------------------------------
BTWUSDT           +86.41%     5%FORWARD_24H_COMPLETE     DIRECTION  CONFIRMED_DIRECTION_UNAVAILABLE
BTWUSDT           +86.41%    10%FORWARD_24H_COMPLETE     DIRECTION  CONFIRMED_DIRECTION_UNAVAILABLE
BTWUSDT           +86.41%    20%FORWARD_24H_COMPLETE     DIRECTION  CONFIRMED_DIRECTION_UNAVAILABLE
VELVETUSDT        +36.98%     5%FORWARD_24H_COMPLETE     DIRECTION  CONFIRMED_DIRECTION_UNAVAILABLE
VELVETUSDT        +36.98%    10%FORWARD_24H_COMPLETE     DIRECTION  CONFIRMED_DIRECTION_UNAVAILABLE
VELVETUSDT        +36.98%    20%FORWARD_24H_COMPLETE     DIRECTION  CONFIRMED_DIRECTION_UNAVAILABLE
JCTUSDT           -29.62%     5%FORWARD_24H_COMPLETE     DISCOVERY  SELECTED_WITHOUT_LIFECYCLE_EPISODE
JCTUSDT           -29.62%    10%FORWARD_24H_COMPLETE     SELECTION  ELIGIBLE_NOT_DEEP_SCANNED
JCTUSDT           -29.62%    20%FORWARD_24H_COMPLETE     DISCOVERY  SELECTED_WITHOUT_LIFECYCLE_EPISODE
GPSUSDT           -29.09%     5%FORWARD_24H_COMPLETE     DIRECTION  CONFIRMED_DIRECTION_UNAVAILABLE
GPSUSDT           -29.09%    10%FORWARD_24H_COMPLETE     DIRECTION  CONFIRMED_DIRECTION_UNAVAILABLE
GPSUSDT           -29.09%    20%FORWARD_24H_COMPLETE     DIRECTION  CONFIRMED_DIRECTION_UNAVAILABLE
BEATUSDT          -24.13%     5%FORWARD_24H_COMPLETE     DISCOVERY  SELECTED_WITHOUT_LIFECYCLE_EPISODE
BEATUSDT          -24.13%    10%FORWARD_24H_COMPLETE     DISCOVERY  SELECTED_WITHOUT_LIFECYCLE_EPISODE
BEATUSDT          -24.13%    20%FORWARD_24H_COMPLETE     DISCOVERY  SELECTED_WITHOUT_LIFECYCLE_EPISODE
SKYAIUSDT         -18.35%     5%FORWARD_24H_COMPLETE     DIRECTION  NO_DIRECTION_STATE
SKYAIUSDT         -18.35%    10%FORWARD_24H_COMPLETE     SELECTION  ELIGIBLE_NOT_DEEP_SCANNED
XPINUSDT          -16.91%     5%FORWARD_24H_COMPLETE     SELECTION  ELIGIBLE_NOT_DEEP_SCANNED
XPINUSDT          -16.91%    10%FORWARD_24H_COMPLETE     SELECTION  ELIGIBLE_NOT_DEEP_SCANNED
DOSUSDT           +16.13%     5%FORWARD_24H_COMPLETE     SELECTION  ELIGIBLE_NOT_DEEP_SCANNED
DOSUSDT           +16.13%    10%FORWARD_24H_COMPLETE     SELECTION  ELIGIBLE_NOT_DEEP_SCANNED
CFGUSDT           -15.14%     5%FORWARD_24H_COMPLETE     SELECTION  ELIGIBLE_NOT_DEEP_SCANNED
CFGUSDT           -15.14%    10%FORWARD_24H_COMPLETE     DISCOVERY  SELECTED_WITHOUT_LIFECYCLE_EPISODE
HUSDT             -15.02%     5%FORWARD_24H_COMPLETE     DIRECTION  CONFIRMED_DIRECTION_UNAVAILABLE
HUSDT             -15.02%    10%FORWARD_24H_COMPLETE     DIRECTION  CONFIRMED_DIRECTION_UNAVAILABLE
NILUSDT           -14.52%     5%FORWARD_24H_COMPLETE     SELECTION  ELIGIBLE_NOT_DEEP_SCANNED
NILUSDT           -14.52%    10%FORWARD_24H_COMPLETE     SELECTION  ELIGIBLE_NOT_DEEP_SCANNED
ACEUSDT           +13.17%     5%FORWARD_24H_COMPLETE     DIRECTION  WRONG_DIRECTION
ACEUSDT           +13.17%    10%FORWARD_24H_COMPLETE     DIRECTION  WRONG_DIRECTION
BICOUSDT          -13.02%     5%FORWARD_24H_COMPLETE     DIRECTION  NO_DIRECTION_STATE
BICOUSDT          -13.02%    10%FORWARD_24H_COMPLETE     DIRECTION  NO_DIRECTION_STATE
BRUSDT            +12.75%     5%FORWARD_24H_COMPLETE     SELECTION  ELIGIBLE_NOT_DEEP_SCANNED
BRUSDT            +12.75%    10%FORWARD_24H_COMPLETE     SELECTION  ELIGIBLE_NOT_DEEP_SCANNED
ARIAUSDT          +12.74%     5%FORWARD_24H_COMPLETE     DISCOVERY  SELECTED_WITHOUT_LIFECYCLE_EPISODE
ARIAUSDT          +12.74%    10%FORWARD_24H_COMPLETE     DISCOVERY  SELECTED_WITHOUT_LIFECYCLE_EPISODE
CHIPUSDT          -11.13%     5%FORWARD_24H_COMPLETE     DIRECTION  CONFIRMED_DIRECTION_UNAVAILABLE
CHIPUSDT          -11.13%    10%FORWARD_24H_COMPLETE     SELECTION  ELIGIBLE_NOT_DEEP_SCANNED
APRUSDT           +10.66%     5%FORWARD_24H_COMPLETE     SELECTION  ELIGIBLE_NOT_DEEP_SCANNED
APRUSDT           +10.66%    10%FORWARD_24H_COMPLETE     SELECTION  ELIGIBLE_NOT_DEEP_SCANNED
PROMUSDT          +10.53%     5%FORWARD_24H_COMPLETE     DISCOVERY  SELECTED_WITHOUT_LIFECYCLE_EPISODE

Forward 24H complete audits: 104
Partial-history audits: 0

IMPORTANT: PARTIAL_HISTORY rows are evidence collection only.
Do not tune Alpha Hunter from partial-history failure labels.
No trade permission was generated.

V7.9 MISSED-MOVER RECALL AUDITOR: PASS
