
====================================================================================================
ALPHA HUNTER P0-3 PRODUCTION DATA GUARDRAILS
====================================================================================================
PASS     snapshot_freshness                 snapshot age 5.8s
PASS     snapshot_run_id                    run_id=51840d71a29d572b02069a7e57fd6d48
PASS     contract_universe_size             contracts=756
PASS     ticker_coverage                    ticker coverage=100.0%
PASS     selected_symbol_consistency        selected_count=25, selected_symbols=25, result_rows=25
PASS     selected_symbol_uniqueness         unique=25, listed=25
PASS     deep_scan_success_ratio            deep-scan success=100.0%
WARN     bitget_private_api                 private API=NOT_CONFIGURED
PASS     universe_ledger_presence           rows=756
PASS     universe_ledger_coverage           ledger coverage=100.0%
PASS     universe_symbol_uniqueness         unique=756, rows=756
PASS     universe_hour_bucket               expected=2026-08-19 13:00:00+00:00, observed=['2026-08-19T13:00:00+00:00']
PASS     ledger_selection_context           selection_run_ids=['51840d71a29d572b02069a7e57fd6d48']
PASS     ledger_capture_mode                ledger selection context matches current scan
PASS     ledger_freshness                   ledger age=3.6s, spread=0.000s
PASS     ledger_source                      source=BITGET_ALL_TICKERS
PASS     ledger_measurement_quality         quality=HOURLY_TICKER_SNAPSHOT
PASS     v79_trade_permission               all V7.9 rows have trade_permission=false
PASS     ledger_scan_count_consistency      selected=25/25, eligible=286/286

Overall guardrail status: DEGRADED
Ledger capture mode: FIRST_CAPTURE_MATCH
Current scan run ID: 51840d71a29d572b02069a7e57fd6d48
Ledger selection run ID: 51840d71a29d572b02069a7e57fd6d48
====================================================================================================
