
ALPHA HUNTER V7.1 — 2026-08-19T13:48:29.304164+00:00

Universe: 25 deep-scanned of 756 contracts
Eligible after prefilter: 286
Non-crypto rejected: 291

SYMBOL                  PHASE    TIME   BEHAV                     STATE      RR   DISC  TRADE
---------------------------------------------------------------------------------------------
TUTUSDT             BREAKDOWN    FAIR    5.94  DIRECTION_EMERGING_SHORT    0.02     NO     NO
UNITASUSDT       ACCUMULATION    FAIR    5.63                   NEUTRAL       —    YES     NO
ZROUSDT        EXPANSION_MANAGEMENT    FAIR    5.39   DIRECTION_EMERGING_LONG    0.01     NO     NO
RSRUSDT        DISTRIBUTION_RISK    FAIR    5.32   DIRECTION_EMERGING_LONG    0.02     NO     NO
ADAUSDT           COMPRESSION   EARLY    5.03               WATCH_SHORT       —    YES     NO
DOSUSDT          ACCUMULATION    FAIR    5.03                   NEUTRAL       —    YES     NO
SOLUSDT              IGNITION   EARLY    5.00   DIRECTION_EMERGING_LONG    0.06     NO     NO
ETHUSDT          ACCUMULATION   EARLY    4.95                WATCH_LONG       —     NO     NO
PEPEUSDT          COMPRESSION   EARLY    4.90                   NEUTRAL       —     NO     NO
ESPUSDT        DISTRIBUTION_RISK    FAIR    4.84   DIRECTION_EMERGING_LONG    0.04     NO     NO
HYPEUSDT          COMPRESSION   EARLY    4.78                WATCH_LONG       —     NO     NO
BTCUSDT              IGNITION   EARLY    4.74   DIRECTION_EMERGING_LONG    0.05     NO     NO
AIOUSDT          ACCUMULATION    FAIR    4.73               WATCH_SHORT       —     NO     NO
ACEUSDT             EXPANSION    LATE    4.72                   NEUTRAL       —     NO     NO
DOGEUSDT         ACCUMULATION   EARLY    4.70                WATCH_LONG       —     NO     NO
ZECUSDT           COMPRESSION   EARLY    4.68                WATCH_LONG       —     NO     NO
BNBUSDT           COMPRESSION   EARLY    4.54                WATCH_LONG       —     NO     NO
XRPUSDT              IGNITION   EARLY    4.07   DIRECTION_EMERGING_LONG    0.22     NO     NO
SUIUSDT           COMPRESSION   EARLY    4.05                   NEUTRAL       —     NO     NO
BLESSUSDT        ACCUMULATION    FAIR    3.81               WATCH_SHORT       —     NO     NO
AEONUSDT         ACCUMULATION    FAIR    3.69                   NEUTRAL       —     NO     NO
WLDUSDT           COMPRESSION   EARLY    3.68                   NEUTRAL       —     NO     NO
XPINUSDT         ACCUMULATION    FAIR    3.67               WATCH_SHORT       —     NO     NO
BICOUSDT            BREAKDOWN    FAIR    3.29  DIRECTION_EMERGING_SHORT    0.04     NO     NO
NEARUSDT         ACCUMULATION   EARLY    2.65                   NEUTRAL       —     NO     NO

V7.4 PRE-MOVE SURVEILLANCE
Eligible: 3 | Primary: 3 | Reserve: 0

PRIMARY
 1 AEONUSDT       REVERSAL       12.46 state=NEUTRAL
 2 ACEUSDT        REVERSAL       11.76 state=NEUTRAL
 3 ZECUSDT        CONTINUATION    9.80 state=WATCH_LONG

Run ID: 51840d71a29d572b02069a7e57fd6d48
Snapshot saved: /home/runner/work/Alpha-Hunter/Alpha-Hunter/data/snapshots/snapshot-20260819T134829Z.json
State history: /home/runner/work/Alpha-Hunter/Alpha-Hunter/data/state-history.jsonl
Supabase: SAVED
Qualified discovery candidates: 3
EARLY candidates: 1
V7 Trade Ready: 0
Bitget private API: NOT_CONFIGURED
