V7.4 HOURLY PERFORMANCE TRACKER
Run ID: 51840d71a29d572b02069a7e57fd6d48

V7.4.1 SHADOW REVERSAL
 SH SYMBOL           V74     OLD   SHADOW
--------------------------------------------------
  1 ACEUSDT            2   11.76    10.68
  2 AEONUSDT           1   12.46    10.50
PERFORMANCE SIGNALS SAVED: 25
FEATURE ROWS SAVED: 25
V7.4 OUTCOMES 1H: saved=10 failed=0
V7.4 OUTCOMES 4H: saved=4 failed=0
V7.4 OUTCOMES 12H: saved=12 failed=0
V7.4 OUTCOMES 24H: saved=9 failed=0
OUTCOME EVALUATION COMPLETE: saved=35 failed=0

==========================================================================================
V7.4 CURRENT SURVEILLANCE COHORT
==========================================================================================
RANK SYMBOL         TIER      PATH            SCORE STATE
------------------------------------------------------------------------------------------
   1 AEONUSDT       PRIMARY   REVERSAL        12.46 NEUTRAL
   2 ACEUSDT        PRIMARY   REVERSAL        11.76 NEUTRAL
   3 ZECUSDT        PRIMARY   CONTINUATION     9.80 WATCH_LONG

================================================================================================================================
V7.4 FORWARD PERFORMANCE — RAW PRICE EXPANSION
================================================================================================================================

PRIMARY / RESERVE + PATH
  H TIER      PATH              N    POS%   AVG RAW   AVG ABS    EXP3%    EXP5%   EXP10%    UP5%    DN5%
--------------------------------------------------------------------------------------------------------------------------------
  1 PRIMARY   CONTINUATION     58   55.2%   -0.377%    3.191%    31.0%    17.2%     3.4%   10.3%    6.9%
  1 PRIMARY   REVERSAL         95   56.8%    0.149%    0.683%     2.1%     0.0%     0.0%    0.0%    0.0%
  1 RESERVE   CONTINUATION     14   85.7%    0.568%    0.624%     0.0%     0.0%     0.0%    0.0%    0.0%
  1 RESERVE   REVERSAL         10   60.0%   -0.331%    0.899%     0.0%     0.0%     0.0%    0.0%    0.0%
  4 PRIMARY   CONTINUATION     51   37.3%   -3.285%    5.949%    39.2%    27.5%    11.8%   11.8%   15.7%
  4 PRIMARY   REVERSAL         82   57.3%    0.128%    0.904%     2.4%     2.4%     0.0%    1.2%    1.2%
  4 RESERVE   CONTINUATION      8   50.0%    0.165%    0.596%     0.0%     0.0%     0.0%    0.0%    0.0%
  4 RESERVE   REVERSAL          4   50.0%   -0.285%    0.751%     0.0%     0.0%     0.0%    0.0%    0.0%
 12 PRIMARY   CONTINUATION     45   31.1%   -4.108%   17.590%    57.8%    53.3%    48.9%   17.8%   35.6%
 12 PRIMARY   REVERSAL         46   47.8%    0.527%    1.817%    15.2%     6.5%     0.0%    6.5%    0.0%
 12 RESERVE   CONTINUATION      8   62.5%    0.127%    0.702%     0.0%     0.0%     0.0%    0.0%    0.0%
 12 RESERVE   REVERSAL          4   50.0%   -0.017%    1.255%     0.0%     0.0%     0.0%    0.0%    0.0%
 24 PRIMARY   REVERSAL          4  100.0%    3.441%    3.441%    25.0%    25.0%     0.0%   25.0%    0.0%
 24 RESERVE   CONTINUATION      2   50.0%    0.268%    1.052%     0.0%     0.0%     0.0%    0.0%    0.0%
 24 RESERVE   REVERSAL          1  100.0%    2.878%    2.878%     0.0%     0.0%     0.0%    0.0%    0.0%

RANK QUALITY
  H RANK BUCKET         N    POS%   AVG RAW   AVG ABS    EXP3%    EXP5%   EXP10%    UP5%    DN5%
----------------------------------------------------------------------------------------------------------------
  1 TOP_1_3           111   55.0%   -0.249%    1.941%    16.2%     7.2%     1.8%    3.6%    3.6%
  1 TOP_4_5            42   59.5%    0.473%    0.821%     4.8%     4.8%     0.0%    4.8%    0.0%
  1 RESERVE_6_10       24   75.0%    0.193%    0.739%     0.0%     0.0%     0.0%    0.0%    0.0%
  4 TOP_1_3            99   50.5%   -1.669%    3.425%    19.2%    13.1%     6.1%    5.1%    8.1%
  4 TOP_4_5            34   47.1%    0.243%    1.129%     8.8%     8.8%     0.0%    5.9%    2.9%
  4 RESERVE_6_10       12   50.0%    0.015%    0.648%     0.0%     0.0%     0.0%    0.0%    0.0%
 12 TOP_1_3            63   36.5%   -3.787%   12.348%    49.2%    39.7%    31.7%   14.3%   25.4%
 12 TOP_4_5            28   46.4%    2.784%    3.472%     7.1%     7.1%     7.1%    7.1%    0.0%
 12 RESERVE_6_10       12   58.3%    0.079%    0.887%     0.0%     0.0%     0.0%    0.0%    0.0%
 24 TOP_1_3             2  100.0%    5.233%    5.233%    50.0%    50.0%     0.0%   50.0%    0.0%
 24 TOP_4_5             2  100.0%    1.649%    1.649%     0.0%     0.0%     0.0%    0.0%    0.0%
 24 RESERVE_6_10        3   66.7%    1.138%    1.661%     0.0%     0.0%     0.0%    0.0%    0.0%

Metric definitions:
AVG RAW = average raw market return from detection price.
AVG ABS = average absolute price movement regardless of direction.
EXP3/5/10 = percentage of candidates moving at least 3% / 5% / 10% in either direction.
UP5 = raw upside move >= +5%; DN5 = raw downside move <= -5%.
No V7.4 trade-direction assumption is used in these metrics.

V7.4 TRACKING JOB: PASS
