
==============================================================================================================
ALPHA HUNTER V7.5 24H EPISODE FINALIZER
==============================================================================================================
SKIP   ADAUSDT        quality=LEGACY_PARTIAL    age= 236.97H
SKIP   DOGEUSDT       quality=LEGACY_PARTIAL    age= 236.97H
SKIP   SKYAIUSDT      quality=LEGACY_PARTIAL    age= 236.97H
SKIP   SOLUSDT        quality=LEGACY_PARTIAL    age= 236.97H
SKIP   SUIUSDT        quality=LEGACY_PARTIAL    age= 236.97H
SKIP   COOKIEUSDT     quality=LEGACY_PARTIAL    age= 236.97H
SKIP   BTWUSDT        quality=LEGACY_PARTIAL    age= 236.97H
SKIP   CYSUSDT        quality=LEGACY_PARTIAL    age= 236.97H
SKIP   GWEIUSDT       quality=LEGACY_PARTIAL    age= 230.81H
SKIP   BICOUSDT       quality=LEGACY_PARTIAL    age= 230.81H
SKIP   SUIUSDT        quality=LEGACY_PARTIAL    age= 230.81H
SKIP   MMTUSDT        quality=LEGACY_PARTIAL    age= 230.81H
SKIP   IOTXUSDT       quality=LEGACY_PARTIAL    age= 230.81H
SKIP   FORMUSDT       quality=LEGACY_PARTIAL    age= 113.56H
SKIP   JTOUSDT        quality=LEGACY_PARTIAL    age= 113.56H
SKIP   4USDT          quality=LEGACY_PARTIAL    age= 113.56H
SKIP   MUBARAKUSDT    quality=LEGACY_PARTIAL    age= 113.56H
SKIP   PUMPUSDT       quality=LEGACY_PARTIAL    age= 112.50H
SKIP   HYPEUSDT       quality=LEGACY_PARTIAL    age= 103.70H
SKIP   ACUUSDT        quality=LEGACY_PARTIAL    age= 103.70H
SKIP   BTWUSDT        quality=LEGACY_PARTIAL    age= 102.68H
SKIP   AEONUSDT       quality=LEGACY_PARTIAL    age= 102.68H
WAIT   GPSUSDT        age=  23.19H UP=    8.42% DOWN=  -33.81%
WAIT   ZECUSDT        age=  23.19H UP=    1.44% DOWN=   -1.19%
WAIT   CHIPUSDT       age=  23.19H UP=    5.72% DOWN=   -5.98%
WAIT   LINKUSDT       age=  23.19H UP=    3.82% DOWN=   -0.31%
WAIT   HYPEUSDT       age=  23.19H UP=    0.14% DOWN=   -2.44%
WAIT   PUMPUSDT       age=  23.19H UP=   10.34% DOWN=   -1.91%
WAIT   BTWUSDT        age=  23.19H UP=   94.80% DOWN=   -2.97%
WAIT   BTWUSDT        age=  19.11H UP=   85.48% DOWN=    0.00%
WAIT   GPSUSDT        age=  19.11H UP=    3.28% DOWN=  -36.62%
WAIT   ZECUSDT        age=  19.11H UP=    1.54% DOWN=   -1.09%
WAIT   BTCUSDT        age=  19.11H UP=    0.71% DOWN=   -0.89%
WAIT   HYPEUSDT       age=  18.31H UP=    0.93% DOWN=   -1.42%
WAIT   HYPEUSDT       age=  18.25H UP=    0.72% DOWN=   -1.62%
WAIT   LINKUSDT       age=  18.25H UP=    4.28% DOWN=    0.00%
WAIT   LUMIAUSDT      age=  18.25H UP=    4.87% DOWN=   -0.25%
WAIT   SOLUSDT        age=  18.25H UP=    3.23% DOWN=    0.00%
WAIT   ONGUSDT        age=  18.25H UP=   11.47% DOWN=   -4.75%
WAIT   PUMPUSDT       age=  16.35H UP=    7.86% DOWN=   -0.14%
WAIT   BTCUSDT        age=  16.22H UP=    0.93% DOWN=   -0.67%
WAIT   ZECUSDT        age=  16.22H UP=    0.96% DOWN=   -1.66%
WAIT   GPSUSDT        age=  15.36H UP=    4.50% DOWN=  -35.88%
WAIT   LINKUSDT       age=   0.00H UP=    3.48% DOWN=    0.00%
WAIT   OUSDT          age=   0.00H UP=    1.24% DOWN=   -6.18%
WAIT   HYPEUSDT       age=   0.00H UP=    1.25% DOWN=   -1.10%
WAIT   ZECUSDT        age=   0.00H UP=    1.93% DOWN=   -0.72%
WAIT   PIEVERSEUSDT   age=   8.25H UP=    4.39% DOWN=   -1.00%
WAIT   ZECUSDT        age=   8.25H UP=    2.19% DOWN=   -0.46%
WAIT   HYPEUSDT       age=   8.25H UP=    1.39% DOWN=   -0.97%
WAIT   BTCUSDT        age=   8.25H UP=    1.33% DOWN=   -0.27%
WAIT   REDUSDT        age=   6.12H UP=    0.79% DOWN=   -1.93%
WAIT   AEONUSDT       age=   6.12H UP=    1.29% DOWN=   -4.12%
WAIT   ACEUSDT        age=   6.12H UP=    6.05% DOWN=  -10.17%
WAIT   ACEUSDT        age=   5.13H UP=    5.72% DOWN=  -10.46%
WAIT   BTCUSDT        age=   0.00H UP=    1.08% DOWN=   -0.08%
WAIT   AEONUSDT       age=   0.00H UP=    2.73% DOWN=   -0.12%
WAIT   REDUSDT        age=   0.00H UP=    0.23% DOWN=   -1.25%
WAIT   SOLUSDT        age=   0.00H UP=    1.53% DOWN=   -0.19%
WAIT   1000RATSUSDT   age=   0.00H UP=    0.02% DOWN=   -3.23%
WAIT   ETHUSDT        age=   0.00H UP=    1.11% DOWN=   -0.01%
WAIT   ZECUSDT        age=   0.92H UP=    0.14% DOWN=   -0.73%
WAIT   ACEUSDT        age=   0.92H UP=    0.72% DOWN=   -3.61%

==============================================================================================================
FINALIZER SUMMARY
==============================================================================================================
Episodes: 170
Finalized this run: 0
Waiting for 24H: 41
Legacy partial skipped: 22
Already finalized: 107
Supabase rows upserted: 170

V7.5 EPISODE FINALIZER: PASS
