
==============================================================================================================
ALPHA HUNTER V7.5 INDEPENDENT EPISODE MARKET TRACKER
==============================================================================================================
Episodes stored: 170
Active episodes: 63

ADAUSDT        REVERSAL      now=  -11.99% UP=    0.00% DOWN=  -12.70% 3=Y 5=Y 10=Y checks=51
DOGEUSDT       CONTINUATION  now=   -0.24% UP=    0.11% DOWN=   -2.32% 3=- 5=- 10=- checks=51
SKYAIUSDT      REVERSAL      now=  -39.57% UP=    0.00% DOWN=  -53.06% 3=Y 5=Y 10=Y checks=51
SOLUSDT        CONTINUATION  now=    1.52% UP=    1.94% DOWN=   -4.13% 3=Y 5=- 10=- checks=51
SUIUSDT        CONTINUATION  now=   -6.68% UP=    0.00% DOWN=   -7.92% 3=Y 5=Y 10=- checks=51
COOKIEUSDT     CONTINUATION  now=  -18.57% UP=    0.00% DOWN=  -19.43% 3=Y 5=Y 10=Y checks=51
BTWUSDT        CONTINUATION  now=  220.81% UP=  268.12% DOWN=    0.00% 3=Y 5=Y 10=Y checks=51
CYSUSDT        CONTINUATION  now=  -46.07% UP=   78.38% DOWN=  -50.85% 3=Y 5=Y 10=Y checks=51
GWEIUSDT       REVERSAL      now=   -3.67% UP=   17.67% DOWN=   -7.43% 3=Y 5=Y 10=Y checks=51
BICOUSDT       REVERSAL      now=  -64.13% UP=    0.00% DOWN=  -64.32% 3=Y 5=Y 10=Y checks=51
SUIUSDT        CONTINUATION  now=   -5.56% UP=    0.00% DOWN=   -6.82% 3=Y 5=Y 10=- checks=51
MMTUSDT        REVERSAL      now=  -17.89% UP=    0.00% DOWN=  -20.84% 3=Y 5=Y 10=Y checks=51
IOTXUSDT       REVERSAL      now=  -10.64% UP=    0.00% DOWN=  -11.34% 3=Y 5=Y 10=Y checks=51
FORMUSDT       REVERSAL      now=   -6.13% UP=    0.00% DOWN=   -7.88% 3=Y 5=Y 10=- checks=51
JTOUSDT        REVERSAL      now=   -1.55% UP=    8.18% DOWN=   -2.16% 3=Y 5=Y 10=- checks=51
4USDT          REVERSAL      now=  -15.77% UP=    0.00% DOWN=  -22.21% 3=Y 5=Y 10=Y checks=51
MUBARAKUSDT    REVERSAL      now=   -2.81% UP=    0.00% DOWN=  -24.10% 3=Y 5=Y 10=Y checks=51
PUMPUSDT       REVERSAL      now=    6.88% UP=   10.34% DOWN=   -5.65% 3=Y 5=Y 10=Y checks=51
HYPEUSDT       REVERSAL      now=    4.62% UP=    5.66% DOWN=   -0.62% 3=Y 5=Y 10=- checks=51
ACUUSDT        REVERSAL      now=   13.33% UP=   16.62% DOWN=   -4.40% 3=Y 5=Y 10=Y checks=51
BTWUSDT        CONTINUATION  now=  115.08% UP=  146.86% DOWN=  -10.16% 3=Y 5=Y 10=Y checks=51
AEONUSDT       CONTINUATION  now=   13.91% UP=   28.99% DOWN=   -6.91% 3=Y 5=Y 10=Y checks=51
GPSUSDT        CONTINUATION  now=  -30.49% UP=    8.42% DOWN=  -33.81% 3=Y 5=Y 10=Y checks=14
ZECUSDT        REVERSAL      now=    1.02% UP=    1.44% DOWN=   -1.19% 3=- 5=- 10=- checks=14
CHIPUSDT       REVERSAL      now=    2.19% UP=    5.72% DOWN=   -5.98% 3=Y 5=Y 10=- checks=14
LINKUSDT       REVERSAL      now=    2.28% UP=    3.82% DOWN=   -0.31% 3=Y 5=- 10=- checks=14
HYPEUSDT       REVERSAL      now=   -1.18% UP=    0.14% DOWN=   -2.44% 3=- 5=- 10=- checks=14
PUMPUSDT       REVERSAL      now=    6.88% UP=   10.34% DOWN=   -1.91% 3=Y 5=Y 10=Y checks=14
BTWUSDT        CONTINUATION  now=   69.69% UP=   94.80% DOWN=   -2.97% 3=Y 5=Y 10=Y checks=14
BTWUSDT        CONTINUATION  now=   61.57% UP=   85.48% DOWN=    0.00% 3=Y 5=Y 10=Y checks=12
GPSUSDT        CONTINUATION  now=  -33.44% UP=    3.28% DOWN=  -36.62% 3=Y 5=Y 10=Y checks=12
ZECUSDT        REVERSAL      now=    1.09% UP=    1.54% DOWN=   -1.09% 3=- 5=- 10=- checks=12
BTCUSDT        CONTINUATION  now=    0.43% UP=    0.71% DOWN=   -0.89% 3=- 5=- 10=- checks=12
HYPEUSDT       REVERSAL      now=   -0.12% UP=    0.93% DOWN=   -1.42% 3=- 5=- 10=- checks=11
HYPEUSDT       REVERSAL      now=   -0.32% UP=    0.72% DOWN=   -1.62% 3=- 5=- 10=- checks=11
LINKUSDT       REVERSAL      now=    2.74% UP=    4.28% DOWN=    0.00% 3=Y 5=- 10=- checks=11
LUMIAUSDT      REVERSAL      now=    2.73% UP=    4.87% DOWN=   -0.25% 3=Y 5=- 10=- checks=11
SOLUSDT        CONTINUATION  now=    2.82% UP=    3.23% DOWN=    0.00% 3=Y 5=- 10=- checks=11
ONGUSDT        CONTINUATION  now=    6.52% UP=   11.47% DOWN=   -4.75% 3=Y 5=Y 10=Y checks=11
PUMPUSDT       CONTINUATION  now=    4.48% UP=    7.86% DOWN=   -0.14% 3=Y 5=Y 10=- checks=10
BTCUSDT        CONTINUATION  now=    0.70% UP=    0.93% DOWN=   -0.67% 3=- 5=- 10=- checks=10
ZECUSDT        CONTINUATION  now=    0.57% UP=    0.96% DOWN=   -1.66% 3=- 5=- 10=- checks=10
GPSUSDT        CONTINUATION  now=  -32.64% UP=    4.50% DOWN=  -35.88% 3=Y 5=Y 10=Y checks=9
LINKUSDT       CONTINUATION  now=    1.98% UP=    3.48% DOWN=    0.00% 3=Y 5=- 10=- checks=8
OUSDT          CONTINUATION  now=    0.08% UP=    1.24% DOWN=   -6.18% 3=Y 5=Y 10=- checks=8
HYPEUSDT       REVERSAL      now=    0.30% UP=    1.25% DOWN=   -1.10% 3=- 5=- 10=- checks=8
ZECUSDT        REVERSAL      now=    1.56% UP=    1.93% DOWN=   -0.72% 3=- 5=- 10=- checks=8
PIEVERSEUSDT   REVERSAL      now=   -0.13% UP=    4.39% DOWN=   -1.00% 3=Y 5=- 10=- checks=7
ZECUSDT        REVERSAL      now=    1.82% UP=    2.19% DOWN=   -0.46% 3=- 5=- 10=- checks=7
HYPEUSDT       REVERSAL      now=    0.47% UP=    1.39% DOWN=   -0.97% 3=- 5=- 10=- checks=7
BTCUSDT        REVERSAL      now=    1.15% UP=    1.33% DOWN=   -0.27% 3=- 5=- 10=- checks=7
REDUSDT        REVERSAL      now=   -1.02% UP=    0.79% DOWN=   -1.93% 3=- 5=- 10=- checks=5
AEONUSDT       REVERSAL      now=   -1.59% UP=    1.29% DOWN=   -4.12% 3=Y 5=- 10=- checks=5
ACEUSDT        REVERSAL      now=   -7.80% UP=    6.05% DOWN=  -10.17% 3=Y 5=Y 10=Y checks=5
ACEUSDT        CONTINUATION  now=   -8.09% UP=    5.72% DOWN=  -10.46% 3=Y 5=Y 10=Y checks=4
BTCUSDT        CONTINUATION  now=    0.91% UP=    1.08% DOWN=   -0.08% 3=- 5=- 10=- checks=3
AEONUSDT       REVERSAL      now=    1.49% UP=    2.73% DOWN=   -0.12% 3=- 5=- 10=- checks=3
REDUSDT        REVERSAL      now=   -0.91% UP=    0.23% DOWN=   -1.25% 3=- 5=- 10=- checks=3
SOLUSDT        CONTINUATION  now=    1.19% UP=    1.53% DOWN=   -0.19% 3=- 5=- 10=- checks=3
1000RATSUSDT   REVERSAL      now=   -2.75% UP=    0.02% DOWN=   -3.23% 3=Y 5=- 10=- checks=3
ETHUSDT        CONTINUATION  now=    0.54% UP=    1.11% DOWN=   -0.01% 3=- 5=- 10=- checks=3
ZECUSDT        CONTINUATION  now=   -0.13% UP=    0.14% DOWN=   -0.73% 3=- 5=- 10=- checks=2
ACEUSDT        REVERSAL      now=   -1.20% UP=    0.72% DOWN=   -3.61% 3=Y 5=- 10=- checks=2

==============================================================================================================
TRACKER SUMMARY
==============================================================================================================
Checked: 63
Failed: 0
Supabase rows upserted: 170
3% episodes: 124
5% episodes: 108
10% episodes: 77

V7.5 EPISODE MARKET TRACKER: PASS
