
======================================================================================================================
ALPHA HUNTER V7.6 POST-CONFIRMATION OUTCOME TRACKER — SHADOW
======================================================================================================================
Confirmed outcome rows: 131
Created this run: 4

ZECUSDT        SHORT  quality=FORWARD_COMPLETE now=  -1.76% MFE=   0.24% MAE=  -2.21% lost=- done=-
BTWUSDT        LONG   quality=FORWARD_COMPLETE now=  57.91% MFE=  79.76% MAE=  -2.92% lost=Y done=-
CHIPUSDT       SHORT  quality=FORWARD_COMPLETE now=  -4.21% MFE=   3.87% MAE=  -8.08% lost=Y done=-
ZECUSDT        SHORT  quality=FORWARD_COMPLETE now=  -1.71% MFE=   0.49% MAE=  -2.16% lost=- done=-
GPSUSDT        LONG   quality=FORWARD_COMPLETE now= -32.77% MFE=   3.99% MAE= -36.18% lost=Y done=-
DIAUSDT        LONG   quality=FORWARD_COMPLETE now=  -1.92% MFE=   1.30% MAE=  -3.83% lost=Y done=-
LUMIAUSDT      SHORT  quality=FORWARD_COMPLETE now=  -2.49% MFE=   0.05% MAE=  -4.63% lost=Y done=-
CHIPUSDT       SHORT  quality=FORWARD_COMPLETE now=  -4.21% MFE=   3.87% MAE=  -8.08% lost=Y done=-
DIAUSDT        LONG   quality=FORWARD_COMPLETE now=  -1.92% MFE=   1.30% MAE=  -3.83% lost=Y done=-
LINKUSDT       LONG   quality=FORWARD_COMPLETE now=   2.04% MFE=   3.60% MAE=  -0.36% lost=Y done=-
GPSUSDT        LONG   quality=FORWARD_COMPLETE now= -33.34% MFE=   3.15% MAE= -36.70% lost=Y done=-
PUMPUSDT       LONG   quality=FORWARD_COMPLETE now=   6.81% MFE=  10.38% MAE=  -0.78% lost=Y done=-
LINKUSDT       LONG   quality=FORWARD_COMPLETE now=   2.06% MFE=   3.60% MAE=  -0.36% lost=Y done=-
BTCUSDT        LONG   quality=FORWARD_COMPLETE now=   0.42% MFE=   0.66% MAE=  -0.94% lost=Y done=-
PUMPUSDT       LONG   quality=FORWARD_COMPLETE now=   6.81% MFE=  10.38% MAE=  -0.78% lost=Y done=-
HYPEUSDT       SHORT  quality=FORWARD_COMPLETE now=   0.03% MFE=   1.06% MAE=  -1.30% lost=Y done=-
HYPEUSDT       SHORT  quality=FORWARD_COMPLETE now=  -0.00% MFE=   1.02% MAE=  -1.34% lost=- done=-
LINKUSDT       LONG   quality=FORWARD_COMPLETE now=   2.06% MFE=   3.60% MAE=  -0.36% lost=- done=-
LINKUSDT       LONG   quality=FORWARD_COMPLETE now=   2.06% MFE=   3.60% MAE=  -0.36% lost=- done=-
ETHUSDT        LONG   quality=FORWARD_COMPLETE now=   0.80% MFE=   1.35% MAE=  -0.57% lost=Y done=-
PUMPUSDT       LONG   quality=FORWARD_COMPLETE now=   6.89% MFE=  10.42% MAE=  -0.74% lost=- done=-
ETHUSDT        LONG   quality=FORWARD_COMPLETE now=   0.81% MFE=   1.34% MAE=  -0.58% lost=Y done=-
AEONUSDT       SHORT  quality=FORWARD_COMPLETE now=   8.57% MFE=  10.68% MAE=  -5.58% lost=Y done=-
BTWUSDT        LONG   quality=FORWARD_COMPLETE now=  72.16% MFE=  95.83% MAE=  -0.15% lost=Y done=-
ZECUSDT        SHORT  quality=FORWARD_COMPLETE now=  -1.77% MFE=   0.49% MAE=  -2.16% lost=- done=-
BTCUSDT        SHORT  quality=FORWARD_COMPLETE now=  -1.21% MFE=   0.06% MAE=  -1.42% lost=Y done=-
LINKUSDT       LONG   quality=FORWARD_COMPLETE now=   0.28% MFE=   1.79% MAE=  -0.33% lost=Y done=-
BTCUSDT        SHORT  quality=FORWARD_COMPLETE now=  -1.21% MFE=   0.06% MAE=  -1.43% lost=Y done=-
BTCUSDT        SHORT  quality=FORWARD_COMPLETE now=  -1.22% MFE=   0.06% MAE=  -1.43% lost=Y done=-
HYPEUSDT       SHORT  quality=FORWARD_COMPLETE now=  -0.06% MFE=   1.02% MAE=  -1.34% lost=Y done=-
ONGUSDT        LONG   quality=FORWARD_COMPLETE now=   6.83% MFE=  12.00% MAE=  -2.14% lost=Y done=-
PUMPUSDT       LONG   quality=FORWARD_COMPLETE now=   0.23% MFE=   3.47% MAE=  -3.04% lost=Y done=-
HYPEUSDT       SHORT  quality=FORWARD_COMPLETE now=  -0.00% MFE=   1.06% MAE=  -1.30% lost=Y done=-
HYPEUSDT       SHORT  quality=FORWARD_COMPLETE now=   0.02% MFE=   1.09% MAE=  -1.26% lost=Y done=-
GPSUSDT        LONG   quality=FORWARD_COMPLETE now= -34.29% MFE=   0.00% MAE= -37.61% lost=Y done=-
ZECUSDT        SHORT  quality=FORWARD_COMPLETE now=  -1.78% MFE=   0.48% MAE=  -2.17% lost=- done=-
ZECUSDT        SHORT  quality=FORWARD_COMPLETE now=  -1.75% MFE=   0.48% MAE=  -2.17% lost=- done=-
ZECUSDT        SHORT  quality=FORWARD_COMPLETE now=  -1.73% MFE=   0.50% MAE=  -2.15% lost=- done=-
LINKUSDT       LONG   quality=FORWARD_COMPLETE now=   0.29% MFE=   1.79% MAE=  -0.33% lost=Y done=-
SOLUSDT        LONG   quality=FORWARD_COMPLETE now=   1.26% MFE=   1.63% MAE=  -0.37% lost=- done=-
PIEVERSEUSDT   SHORT  quality=FORWARD_COMPLETE now=   1.16% MFE=   1.55% MAE=  -0.94% lost=Y done=-
OUSDT          SHORT  quality=FORWARD_COMPLETE now=  -3.83% MFE=   0.00% MAE=  -5.04% lost=Y done=-
AEONUSDT       SHORT  quality=FORWARD_COMPLETE now=  -1.20% MFE=   0.00% MAE=  -2.70% lost=Y done=-
1000RATSUSDT   SHORT  quality=FORWARD_COMPLETE now=   1.47% MFE=   1.81% MAE=  -0.22% lost=- done=-
SOLUSDT        LONG   quality=FORWARD_COMPLETE now=   0.07% MFE=   0.34% MAE=  -0.33% lost=- done=-
BTCUSDT        LONG   quality=FORWARD_COMPLETE now=   0.34% MFE=   0.57% MAE=  -0.10% lost=- done=-
ETHUSDT        LONG   quality=FORWARD_COMPLETE now=  -0.19% MFE=   0.27% MAE=  -0.43% lost=- done=-
ACEUSDT        SHORT  quality=FORWARD_COMPLETE now=  -0.10% MFE=   0.29% MAE=  -0.10% lost=- done=-
ACEUSDT        SHORT  quality=FORWARD_COMPLETE now=  -0.20% MFE=   0.20% MAE=  -0.20% lost=- done=-
ACEUSDT        SHORT  quality=FORWARD_COMPLETE now=  -0.05% MFE=   0.34% MAE=  -0.05% lost=- done=-
ZECUSDT        LONG   quality=FORWARD_COMPLETE now=   0.01% MFE=   0.07% MAE=  -0.01% lost=- done=-

======================================================================================================================
POST-CONFIRMATION TRACKER SUMMARY
======================================================================================================================
Outcome rows: 131
Created this run: 4
Tracked this run: 51
Failed: 0
Supabase rows upserted: 131
Forward complete: 131
Completed 24H: 80

IMPORTANT: OUTCOME TRACKER IS MEASUREMENT ONLY.
No trade permission was generated.

V7.6 POST-CONFIRMATION OUTCOME TRACKER: PASS
