
==============================================================================================================
ALPHA HUNTER V7.5 INDEPENDENT EPISODE MARKET TRACKER
==============================================================================================================
Episodes stored: 170
Active episodes: 63

CYSUSDT        CONTINUATION  now=  -46.86% UP=   78.38% DOWN=  -50.85% 3=Y 5=Y 10=Y checks=50
BTWUSDT        CONTINUATION  now=  206.02% UP=  268.12% DOWN=    0.00% 3=Y 5=Y 10=Y checks=50
COOKIEUSDT     CONTINUATION  now=  -17.95% UP=    0.00% DOWN=  -19.43% 3=Y 5=Y 10=Y checks=50
SUIUSDT        CONTINUATION  now=   -6.28% UP=    0.00% DOWN=   -7.92% 3=Y 5=Y 10=- checks=50
SOLUSDT        CONTINUATION  now=    1.47% UP=    1.94% DOWN=   -4.13% 3=Y 5=- 10=- checks=50
SKYAIUSDT      REVERSAL      now=  -39.29% UP=    0.00% DOWN=  -53.06% 3=Y 5=Y 10=Y checks=50
DOGEUSDT       CONTINUATION  now=   -0.06% UP=    0.11% DOWN=   -2.32% 3=- 5=- 10=- checks=50
ADAUSDT        REVERSAL      now=  -11.33% UP=    0.00% DOWN=  -12.70% 3=Y 5=Y 10=Y checks=50
GWEIUSDT       REVERSAL      now=   -3.30% UP=   17.67% DOWN=   -7.43% 3=Y 5=Y 10=Y checks=50
BICOUSDT       REVERSAL      now=  -63.80% UP=    0.00% DOWN=  -64.32% 3=Y 5=Y 10=Y checks=50
IOTXUSDT       REVERSAL      now=  -10.46% UP=    0.00% DOWN=  -11.34% 3=Y 5=Y 10=Y checks=50
MMTUSDT        REVERSAL      now=  -19.36% UP=    0.00% DOWN=  -20.84% 3=Y 5=Y 10=Y checks=50
SUIUSDT        CONTINUATION  now=   -5.16% UP=    0.00% DOWN=   -6.82% 3=Y 5=Y 10=- checks=50
MUBARAKUSDT    REVERSAL      now=   -4.26% UP=    0.00% DOWN=  -24.10% 3=Y 5=Y 10=Y checks=50
4USDT          REVERSAL      now=  -16.27% UP=    0.00% DOWN=  -22.21% 3=Y 5=Y 10=Y checks=50
JTOUSDT        REVERSAL      now=   -1.04% UP=    8.18% DOWN=   -2.16% 3=Y 5=Y 10=- checks=50
FORMUSDT       REVERSAL      now=   -5.76% UP=    0.00% DOWN=   -7.88% 3=Y 5=Y 10=- checks=50
PUMPUSDT       REVERSAL      now=    6.07% UP=   10.34% DOWN=   -5.65% 3=Y 5=Y 10=Y checks=50
ACUUSDT        REVERSAL      now=   10.94% UP=   16.62% DOWN=   -4.40% 3=Y 5=Y 10=Y checks=50
HYPEUSDT       REVERSAL      now=    5.34% UP=    5.60% DOWN=   -0.62% 3=Y 5=Y 10=- checks=50
AEONUSDT       CONTINUATION  now=   14.30% UP=   28.99% DOWN=   -6.91% 3=Y 5=Y 10=Y checks=50
BTWUSDT        CONTINUATION  now=  104.30% UP=  146.86% DOWN=  -10.16% 3=Y 5=Y 10=Y checks=50
GPSUSDT        CONTINUATION  now=  -30.07% UP=    8.42% DOWN=  -33.81% 3=Y 5=Y 10=Y checks=13
BTWUSDT        CONTINUATION  now=   61.23% UP=   94.80% DOWN=   -2.97% 3=Y 5=Y 10=Y checks=13
PUMPUSDT       REVERSAL      now=    6.07% UP=   10.34% DOWN=   -1.91% 3=Y 5=Y 10=Y checks=13
HYPEUSDT       REVERSAL      now=   -0.41% UP=    0.14% DOWN=   -2.44% 3=- 5=- 10=- checks=13
LINKUSDT       REVERSAL      now=    3.22% UP=    3.82% DOWN=   -0.31% 3=Y 5=- 10=- checks=13
CHIPUSDT       REVERSAL      now=    0.48% UP=    2.86% DOWN=   -5.98% 3=Y 5=Y 10=- checks=13
ZECUSDT        REVERSAL      now=    1.19% UP=    1.44% DOWN=   -1.19% 3=- 5=- 10=- checks=13
BTCUSDT        CONTINUATION  now=    0.12% UP=    0.35% DOWN=   -0.89% 3=- 5=- 10=- checks=11
ZECUSDT        REVERSAL      now=    1.29% UP=    1.54% DOWN=   -1.09% 3=- 5=- 10=- checks=11
GPSUSDT        CONTINUATION  now=  -32.98% UP=    3.28% DOWN=  -36.62% 3=Y 5=Y 10=Y checks=11
BTWUSDT        CONTINUATION  now=   53.11% UP=   85.48% DOWN=    0.00% 3=Y 5=Y 10=Y checks=11
HYPEUSDT       REVERSAL      now=    0.63% UP=    0.87% DOWN=   -1.42% 3=- 5=- 10=- checks=10
ONGUSDT        CONTINUATION  now=    6.10% UP=   11.47% DOWN=   -4.75% 3=Y 5=Y 10=Y checks=10
SOLUSDT        CONTINUATION  now=    2.77% UP=    3.23% DOWN=    0.00% 3=Y 5=- 10=- checks=10
LUMIAUSDT      REVERSAL      now=    2.94% UP=    4.87% DOWN=   -0.25% 3=Y 5=- 10=- checks=10
LINKUSDT       REVERSAL      now=    3.63% UP=    4.28% DOWN=    0.00% 3=Y 5=- 10=- checks=10
HYPEUSDT       REVERSAL      now=    0.43% UP=    0.67% DOWN=   -1.62% 3=- 5=- 10=- checks=10
PUMPUSDT       CONTINUATION  now=    3.62% UP=    7.86% DOWN=   -0.14% 3=Y 5=Y 10=- checks=9
ZECUSDT        CONTINUATION  now=    0.71% UP=    0.96% DOWN=   -1.66% 3=- 5=- 10=- checks=9
BTCUSDT        CONTINUATION  now=    0.34% UP=    0.57% DOWN=   -0.67% 3=- 5=- 10=- checks=9
GPSUSDT        CONTINUATION  now=  -32.22% UP=    4.50% DOWN=  -35.88% 3=Y 5=Y 10=Y checks=8
ZECUSDT        REVERSAL      now=    1.68% UP=    1.93% DOWN=   -0.72% 3=- 5=- 10=- checks=7
HYPEUSDT       REVERSAL      now=    0.97% UP=    1.20% DOWN=   -1.10% 3=- 5=- 10=- checks=7
OUSDT          CONTINUATION  now=   -1.73% UP=    0.06% DOWN=   -6.18% 3=Y 5=Y 10=- checks=7
LINKUSDT       CONTINUATION  now=    2.83% UP=    3.48% DOWN=    0.00% 3=Y 5=- 10=- checks=7
HYPEUSDT       REVERSAL      now=    1.11% UP=    1.34% DOWN=   -0.97% 3=- 5=- 10=- checks=6
ZECUSDT        REVERSAL      now=    1.93% UP=    2.19% DOWN=   -0.46% 3=- 5=- 10=- checks=6
PIEVERSEUSDT   REVERSAL      now=    1.54% UP=    4.39% DOWN=   -1.00% 3=Y 5=- 10=- checks=6
BTCUSDT        REVERSAL      now=    0.75% UP=    0.98% DOWN=   -0.27% 3=- 5=- 10=- checks=6
REDUSDT        REVERSAL      now=   -0.57% UP=    0.79% DOWN=   -1.93% 3=- 5=- 10=- checks=4
ACEUSDT        REVERSAL      now=   -6.59% UP=    6.05% DOWN=   -8.87% 3=Y 5=Y 10=- checks=4
AEONUSDT       REVERSAL      now=   -1.26% UP=    1.29% DOWN=   -4.12% 3=Y 5=- 10=- checks=4
ACEUSDT        CONTINUATION  now=   -7.10% UP=    5.72% DOWN=   -9.16% 3=Y 5=Y 10=- checks=3
1000RATSUSDT   REVERSAL      now=   -1.50% UP=    0.02% DOWN=   -1.73% 3=- 5=- 10=- checks=2
SOLUSDT        CONTINUATION  now=    1.10% UP=    1.53% DOWN=   -0.19% 3=- 5=- 10=- checks=2
REDUSDT        REVERSAL      now=   -0.45% UP=    0.00% DOWN=   -1.14% 3=- 5=- 10=- checks=2
AEONUSDT       REVERSAL      now=    1.84% UP=    2.73% DOWN=   -0.12% 3=- 5=- 10=- checks=2
BTCUSDT        CONTINUATION  now=    0.50% UP=    0.73% DOWN=   -0.08% 3=- 5=- 10=- checks=2
ETHUSDT        CONTINUATION  now=    0.73% UP=    1.11% DOWN=   -0.01% 3=- 5=- 10=- checks=2
ACEUSDT        REVERSAL      now=    0.05% UP=    0.43% DOWN=    0.00% 3=- 5=- 10=- checks=1
ZECUSDT        CONTINUATION  now=   -0.04% UP=    0.01% DOWN=   -0.04% 3=- 5=- 10=- checks=1

==============================================================================================================
TRACKER SUMMARY
==============================================================================================================
Checked: 63
Failed: 0
Supabase rows upserted: 170
3% episodes: 122
5% episodes: 108
10% episodes: 75

V7.5 EPISODE MARKET TRACKER: PASS
