
==============================================================================================================
ALPHA HUNTER V7.5 24H EPISODE FINALIZER
==============================================================================================================
SKIP   CYSUSDT        quality=LEGACY_PARTIAL    age= 236.07H
SKIP   BTWUSDT        quality=LEGACY_PARTIAL    age= 236.07H
SKIP   COOKIEUSDT     quality=LEGACY_PARTIAL    age= 236.07H
SKIP   SUIUSDT        quality=LEGACY_PARTIAL    age= 236.07H
SKIP   SOLUSDT        quality=LEGACY_PARTIAL    age= 236.07H
SKIP   SKYAIUSDT      quality=LEGACY_PARTIAL    age= 236.07H
SKIP   DOGEUSDT       quality=LEGACY_PARTIAL    age= 236.07H
SKIP   ADAUSDT        quality=LEGACY_PARTIAL    age= 236.07H
SKIP   GWEIUSDT       quality=LEGACY_PARTIAL    age= 229.90H
SKIP   BICOUSDT       quality=LEGACY_PARTIAL    age= 229.90H
SKIP   IOTXUSDT       quality=LEGACY_PARTIAL    age= 229.90H
SKIP   MMTUSDT        quality=LEGACY_PARTIAL    age= 229.90H
SKIP   SUIUSDT        quality=LEGACY_PARTIAL    age= 229.90H
SKIP   MUBARAKUSDT    quality=LEGACY_PARTIAL    age= 112.66H
SKIP   4USDT          quality=LEGACY_PARTIAL    age= 112.66H
SKIP   JTOUSDT        quality=LEGACY_PARTIAL    age= 112.66H
SKIP   FORMUSDT       quality=LEGACY_PARTIAL    age= 112.66H
SKIP   PUMPUSDT       quality=LEGACY_PARTIAL    age= 111.59H
SKIP   ACUUSDT        quality=LEGACY_PARTIAL    age= 102.80H
SKIP   HYPEUSDT       quality=LEGACY_PARTIAL    age= 102.80H
SKIP   AEONUSDT       quality=LEGACY_PARTIAL    age= 101.77H
SKIP   BTWUSDT        quality=LEGACY_PARTIAL    age= 101.77H
WAIT   GPSUSDT        age=  22.29H UP=    8.42% DOWN=  -33.81%
WAIT   BTWUSDT        age=  22.29H UP=   94.80% DOWN=   -2.97%
WAIT   PUMPUSDT       age=  22.29H UP=   10.34% DOWN=   -1.91%
WAIT   HYPEUSDT       age=  22.29H UP=    0.14% DOWN=   -2.44%
WAIT   LINKUSDT       age=  22.29H UP=    3.82% DOWN=   -0.31%
WAIT   CHIPUSDT       age=  22.29H UP=    2.86% DOWN=   -5.98%
WAIT   ZECUSDT        age=  22.29H UP=    1.44% DOWN=   -1.19%
WAIT   BTCUSDT        age=  18.20H UP=    0.35% DOWN=   -0.89%
WAIT   ZECUSDT        age=  18.20H UP=    1.54% DOWN=   -1.09%
WAIT   GPSUSDT        age=  18.20H UP=    3.28% DOWN=  -36.62%
WAIT   BTWUSDT        age=  18.20H UP=   85.48% DOWN=    0.00%
WAIT   HYPEUSDT       age=  17.40H UP=    0.87% DOWN=   -1.42%
WAIT   ONGUSDT        age=  17.34H UP=   11.47% DOWN=   -4.75%
WAIT   SOLUSDT        age=  17.34H UP=    3.23% DOWN=    0.00%
WAIT   LUMIAUSDT      age=  17.34H UP=    4.87% DOWN=   -0.25%
WAIT   LINKUSDT       age=  17.34H UP=    4.28% DOWN=    0.00%
WAIT   HYPEUSDT       age=  17.34H UP=    0.67% DOWN=   -1.62%
WAIT   PUMPUSDT       age=  15.44H UP=    7.86% DOWN=   -0.14%
WAIT   ZECUSDT        age=  15.31H UP=    0.96% DOWN=   -1.66%
WAIT   BTCUSDT        age=  15.31H UP=    0.57% DOWN=   -0.67%
WAIT   GPSUSDT        age=  14.45H UP=    4.50% DOWN=  -35.88%
WAIT   ZECUSDT        age=   0.00H UP=    1.93% DOWN=   -0.72%
WAIT   HYPEUSDT       age=   0.00H UP=    1.20% DOWN=   -1.10%
WAIT   OUSDT          age=   0.00H UP=    0.06% DOWN=   -6.18%
WAIT   LINKUSDT       age=   0.00H UP=    3.48% DOWN=    0.00%
WAIT   HYPEUSDT       age=   7.34H UP=    1.34% DOWN=   -0.97%
WAIT   ZECUSDT        age=   7.34H UP=    2.19% DOWN=   -0.46%
WAIT   PIEVERSEUSDT   age=   7.34H UP=    4.39% DOWN=   -1.00%
WAIT   BTCUSDT        age=   7.34H UP=    0.98% DOWN=   -0.27%
WAIT   REDUSDT        age=   5.22H UP=    0.79% DOWN=   -1.93%
WAIT   ACEUSDT        age=   5.22H UP=    6.05% DOWN=   -8.87%
WAIT   AEONUSDT       age=   5.22H UP=    1.29% DOWN=   -4.12%
WAIT   ACEUSDT        age=   4.22H UP=    5.72% DOWN=   -9.16%
WAIT   1000RATSUSDT   age=   0.00H UP=    0.02% DOWN=   -1.73%
WAIT   SOLUSDT        age=   0.00H UP=    1.53% DOWN=   -0.19%
WAIT   REDUSDT        age=   0.00H UP=    0.00% DOWN=   -1.14%
WAIT   AEONUSDT       age=   0.00H UP=    2.73% DOWN=   -0.12%
WAIT   BTCUSDT        age=   0.00H UP=    0.73% DOWN=   -0.08%
WAIT   ETHUSDT        age=   0.00H UP=    1.11% DOWN=   -0.01%
WAIT   ACEUSDT        age=   0.02H UP=    0.43% DOWN=    0.00%
WAIT   ZECUSDT        age=   0.02H UP=    0.01% DOWN=   -0.04%

==============================================================================================================
FINALIZER SUMMARY
==============================================================================================================
Episodes: 170
Finalized this run: 0
Waiting for 24H: 41
Legacy partial skipped: 22
Already finalized: 107
Supabase rows upserted: 170

V7.5 EPISODE FINALIZER: PASS
