
======================================================================================================================
ALPHA HUNTER V7.6 DIRECTION-PROOF ENGINE — SHADOW
======================================================================================================================
Eligible forward episodes: 41

SYMBOL         PATH          DIR         CONF   LONG   SHORT       15M        1H
----------------------------------------------------------------------------------------------------------------------
GPSUSDT        CONTINUATION  UNKNOWN     0.0%   2.00    3.50     MIXED   BEARISH
BTWUSDT        CONTINUATION  UNKNOWN     0.0%   4.50    3.50   BEARISH   BULLISH
PUMPUSDT       REVERSAL      LONG       56.2%   4.50    0.00   BULLISH   BULLISH
HYPEUSDT       REVERSAL      LONG       75.0%   6.00    0.00   BULLISH     MIXED
LINKUSDT       REVERSAL      LONG       56.2%   4.50    0.00   BULLISH   BULLISH
CHIPUSDT       REVERSAL      LONG       75.0%   6.00    0.00   BULLISH     MIXED
ZECUSDT        REVERSAL      LONG       87.5%   7.00    0.00   BULLISH   BULLISH
BTCUSDT        CONTINUATION  LONG       68.8%   5.50    0.00   BULLISH   BULLISH
ZECUSDT        REVERSAL      LONG       87.5%   7.00    0.00   BULLISH   BULLISH
GPSUSDT        CONTINUATION  UNKNOWN     0.0%   2.00    3.50     MIXED   BEARISH
BTWUSDT        CONTINUATION  UNKNOWN     0.0%   4.50    3.50   BEARISH   BULLISH
HYPEUSDT       REVERSAL      LONG       75.0%   6.00    0.00   BULLISH     MIXED
ONGUSDT        CONTINUATION  LONG       46.9%   4.50    2.50   BEARISH   BULLISH
SOLUSDT        CONTINUATION  LONG       87.5%   7.00    0.00   BULLISH   BULLISH
LUMIAUSDT      REVERSAL      LONG       63.1%   5.50    1.50   BULLISH   BULLISH
LINKUSDT       REVERSAL      LONG       56.2%   4.50    0.00   BULLISH   BULLISH
HYPEUSDT       REVERSAL      LONG       75.0%   6.00    0.00   BULLISH     MIXED
PUMPUSDT       CONTINUATION  LONG       56.2%   4.50    0.00   BULLISH   BULLISH
ZECUSDT        CONTINUATION  LONG       87.5%   7.00    0.00   BULLISH   BULLISH
BTCUSDT        CONTINUATION  LONG       68.8%   5.50    0.00   BULLISH   BULLISH
GPSUSDT        CONTINUATION  UNKNOWN     0.0%   2.00    3.50     MIXED   BEARISH
ZECUSDT        REVERSAL      LONG       87.5%   7.00    0.00   BULLISH   BULLISH
HYPEUSDT       REVERSAL      LONG       75.0%   6.00    0.00   BULLISH     MIXED
OUSDT          CONTINUATION  LONG       75.6%   6.50    1.50   BULLISH   BULLISH
LINKUSDT       CONTINUATION  LONG       56.2%   4.50    0.00   BULLISH   BULLISH
HYPEUSDT       REVERSAL      LONG       75.0%   6.00    0.00   BULLISH     MIXED
ZECUSDT        REVERSAL      LONG       87.5%   7.00    0.00   BULLISH   BULLISH
PIEVERSEUSDT   REVERSAL      LONG       56.2%   4.50    0.00   BULLISH     MIXED
BTCUSDT        REVERSAL      LONG       68.8%   5.50    0.00   BULLISH   BULLISH
REDUSDT        REVERSAL      UNKNOWN     0.0%   0.00    3.50     MIXED   BEARISH
ACEUSDT        REVERSAL      SHORT      75.0%   0.00    6.00   BEARISH     MIXED
AEONUSDT       REVERSAL      UNKNOWN     0.0%   2.50    3.50     MIXED   BEARISH
ACEUSDT        CONTINUATION  SHORT      75.0%   0.00    6.00   BEARISH     MIXED
1000RATSUSDT   REVERSAL      SHORT      68.8%   0.00    5.50   BEARISH   BEARISH
SOLUSDT        CONTINUATION  LONG       87.5%   7.00    0.00   BULLISH   BULLISH
REDUSDT        REVERSAL      UNKNOWN     0.0%   0.00    3.50     MIXED   BEARISH
AEONUSDT       REVERSAL      UNKNOWN     0.0%   2.50    3.50     MIXED   BEARISH
BTCUSDT        CONTINUATION  LONG       68.8%   5.50    0.00   BULLISH   BULLISH
ETHUSDT        CONTINUATION  LONG       81.2%   6.50    0.00   BULLISH   BULLISH
ACEUSDT        REVERSAL      SHORT      75.0%   0.00    6.00   BEARISH     MIXED
ZECUSDT        CONTINUATION  LONG       87.5%   7.00    0.00   BULLISH   BULLISH

======================================================================================================================
V7.6 SHADOW SUMMARY
======================================================================================================================
Evaluated: 41
LONG: 28
SHORT: 4
UNKNOWN: 9
Failures: 0
Supabase shadow rows saved: 41
Direction state rows saved: 41
Immutable transition rows saved: 41
Transition run ID: cloud5d-20260819T125325Z
Direction emerging: 17
Direction confirmed: 14
Lost confirmation: 5

IMPORTANT: V7.6 IS SHADOW ONLY.
No trade permission was generated.

V7.6 DIRECTION SHADOW: PASS
