
======================================================================================================================
ALPHA HUNTER V7.6 POST-CONFIRMATION OUTCOME TRACKER — SHADOW
======================================================================================================================
Confirmed outcome rows: 127
Created this run: 4

ZECUSDT        SHORT  quality=FORWARD_COMPLETE now=  -1.85% MFE=   0.24% MAE=  -2.21% lost=- done=-
BTWUSDT        LONG   quality=FORWARD_COMPLETE now=  48.00% MFE=  79.76% MAE=  -2.92% lost=Y done=-
CHIPUSDT       SHORT  quality=FORWARD_COMPLETE now=  -3.04% MFE=   3.87% MAE=  -5.16% lost=Y done=-
ZECUSDT        SHORT  quality=FORWARD_COMPLETE now=  -1.80% MFE=   0.49% MAE=  -2.16% lost=- done=-
GPSUSDT        LONG   quality=FORWARD_COMPLETE now= -32.80% MFE=   3.99% MAE= -36.18% lost=Y done=-
DIAUSDT        LONG   quality=FORWARD_COMPLETE now=  -2.45% MFE=   1.30% MAE=  -3.83% lost=Y done=-
LUMIAUSDT      SHORT  quality=FORWARD_COMPLETE now=  -2.70% MFE=   0.05% MAE=  -4.63% lost=Y done=-
CHIPUSDT       SHORT  quality=FORWARD_COMPLETE now=  -3.04% MFE=   3.87% MAE=  -5.16% lost=Y done=-
DIAUSDT        LONG   quality=FORWARD_COMPLETE now=  -2.45% MFE=   1.30% MAE=  -3.83% lost=Y done=-
LINKUSDT       LONG   quality=FORWARD_COMPLETE now=   2.96% MFE=   3.60% MAE=  -0.36% lost=Y done=-
GPSUSDT        LONG   quality=FORWARD_COMPLETE now= -33.35% MFE=   3.15% MAE= -36.70% lost=Y done=-
PUMPUSDT       LONG   quality=FORWARD_COMPLETE now=   6.14% MFE=  10.38% MAE=  -0.78% lost=Y done=-
LINKUSDT       LONG   quality=FORWARD_COMPLETE now=   2.96% MFE=   3.60% MAE=  -0.36% lost=Y done=-
BTCUSDT        LONG   quality=FORWARD_COMPLETE now=   0.10% MFE=   0.31% MAE=  -0.94% lost=Y done=-
PUMPUSDT       LONG   quality=FORWARD_COMPLETE now=   6.14% MFE=  10.38% MAE=  -0.78% lost=Y done=-
HYPEUSDT       SHORT  quality=FORWARD_COMPLETE now=  -0.96% MFE=   1.06% MAE=  -1.24% lost=Y done=-
HYPEUSDT       SHORT  quality=FORWARD_COMPLETE now=  -1.00% MFE=   1.02% MAE=  -1.28% lost=- done=-
LINKUSDT       LONG   quality=FORWARD_COMPLETE now=   2.96% MFE=   3.60% MAE=  -0.36% lost=- done=-
LINKUSDT       LONG   quality=FORWARD_COMPLETE now=   2.96% MFE=   3.60% MAE=  -0.36% lost=- done=-
ETHUSDT        LONG   quality=FORWARD_COMPLETE now=   0.96% MFE=   1.35% MAE=  -0.57% lost=Y done=-
PUMPUSDT       LONG   quality=FORWARD_COMPLETE now=   6.18% MFE=  10.42% MAE=  -0.74% lost=- done=-
ETHUSDT        LONG   quality=FORWARD_COMPLETE now=   0.95% MFE=   1.34% MAE=  -0.58% lost=Y done=-
AEONUSDT       SHORT  quality=FORWARD_COMPLETE now=   8.01% MFE=  10.68% MAE=  -5.58% lost=Y done=-
BTWUSDT        LONG   quality=FORWARD_COMPLETE now=  61.31% MFE=  95.83% MAE=  -0.15% lost=Y done=-
ZECUSDT        SHORT  quality=FORWARD_COMPLETE now=  -1.81% MFE=   0.49% MAE=  -2.16% lost=- done=-
BTCUSDT        SHORT  quality=FORWARD_COMPLETE now=  -0.86% MFE=   0.06% MAE=  -1.06% lost=Y done=-
LINKUSDT       LONG   quality=FORWARD_COMPLETE now=   1.17% MFE=   1.79% MAE=  -0.33% lost=- done=-
BTCUSDT        SHORT  quality=FORWARD_COMPLETE now=  -0.87% MFE=   0.06% MAE=  -1.07% lost=Y done=-
BTCUSDT        SHORT  quality=FORWARD_COMPLETE now=  -0.87% MFE=   0.06% MAE=  -1.07% lost=Y done=-
HYPEUSDT       SHORT  quality=FORWARD_COMPLETE now=  -1.00% MFE=   1.02% MAE=  -1.28% lost=Y done=-
ONGUSDT        LONG   quality=FORWARD_COMPLETE now=   6.43% MFE=  12.00% MAE=  -2.14% lost=Y done=-
PUMPUSDT       LONG   quality=FORWARD_COMPLETE now=  -0.50% MFE=   3.47% MAE=  -3.04% lost=Y done=-
HYPEUSDT       SHORT  quality=FORWARD_COMPLETE now=  -0.96% MFE=   1.06% MAE=  -1.24% lost=Y done=-
HYPEUSDT       SHORT  quality=FORWARD_COMPLETE now=  -0.92% MFE=   1.09% MAE=  -1.21% lost=Y done=-
GPSUSDT        LONG   quality=FORWARD_COMPLETE now= -34.30% MFE=   0.00% MAE= -37.61% lost=Y done=-
ZECUSDT        SHORT  quality=FORWARD_COMPLETE now=  -1.81% MFE=   0.48% MAE=  -2.17% lost=- done=-
ZECUSDT        SHORT  quality=FORWARD_COMPLETE now=  -1.81% MFE=   0.48% MAE=  -2.17% lost=- done=-
ZECUSDT        SHORT  quality=FORWARD_COMPLETE now=  -1.79% MFE=   0.50% MAE=  -2.15% lost=- done=-
LINKUSDT       LONG   quality=FORWARD_COMPLETE now=   1.17% MFE=   1.79% MAE=  -0.33% lost=- done=-
SOLUSDT        LONG   quality=FORWARD_COMPLETE now=   1.19% MFE=   1.63% MAE=  -0.37% lost=- done=-
PIEVERSEUSDT   SHORT  quality=FORWARD_COMPLETE now=  -0.51% MFE=   1.55% MAE=  -0.94% lost=Y done=-
OUSDT          SHORT  quality=FORWARD_COMPLETE now=  -1.99% MFE=   0.00% MAE=  -2.31% lost=Y done=-
AEONUSDT       SHORT  quality=FORWARD_COMPLETE now=  -1.82% MFE=   0.00% MAE=  -2.70% lost=Y done=-
1000RATSUSDT   SHORT  quality=FORWARD_COMPLETE now=  -0.12% MFE=   0.00% MAE=  -0.12% lost=- done=-
SOLUSDT        LONG   quality=FORWARD_COMPLETE now=  -0.01% MFE=   0.00% MAE=  -0.01% lost=- done=-
BTCUSDT        LONG   quality=FORWARD_COMPLETE now=  -0.01% MFE=   0.00% MAE=  -0.01% lost=- done=-
ETHUSDT        LONG   quality=FORWARD_COMPLETE now=  -0.02% MFE=   0.00% MAE=  -0.03% lost=- done=-

======================================================================================================================
POST-CONFIRMATION TRACKER SUMMARY
======================================================================================================================
Outcome rows: 127
Created this run: 4
Tracked this run: 47
Failed: 0
Supabase rows upserted: 127
Forward complete: 127
Completed 24H: 80

IMPORTANT: OUTCOME TRACKER IS MEASUREMENT ONLY.
No trade permission was generated.

V7.6 POST-CONFIRMATION OUTCOME TRACKER: PASS
