
======================================================================================================================
ALPHA HUNTER V7.9 FULL-UNIVERSE HOURLY LEDGER — SHADOW
======================================================================================================================
Observed: 2026-08-19T12:54:16.370431+00:00
Hour bucket: 2026-08-19T12:00:00+00:00
Contract tickers: 756
Rows attempted: 756
Deep-scan selected: 26
Selection snapshot: 2026-08-19T12:54:14.069442+00:00
Selection run ID: fc0247f0a0c0d7a0a815078724e467c8
Prefilter eligible: 284
Eligible not selected: 258
Non-crypto: 291
Low liquidity: 178
Over-extended: 3
Invalid price skipped: 0
Rows purged >7d: 0

TOP ABSOLUTE 24H MOVERS
SYMBOL                  24H    ELIG    SCAN  STATUS
------------------------------------------------------------------------
BTWUSDT             +66.07%       N       N  OVER_EXTENDED
JCTUSDT             -35.20%       N       N  OVER_EXTENDED
GPSUSDT             -33.10%       N       N  OVER_EXTENDED
BRUSDT              +21.73%       Y       Y  DEEP_SCAN_SELECTED
MVLLUSDT            +18.07%       N       N  NON_CRYPTO
CFGUSDT             -18.02%       Y       N  ELIGIBLE_NOT_SELECTED
BEATUSDT            -17.55%       Y       N  ELIGIBLE_NOT_SELECTED
MUBARAKUSDT         +15.19%       Y       N  ELIGIBLE_NOT_SELECTED
DOSUSDT             +12.91%       Y       Y  DEEP_SCAN_SELECTED
BICOUSDT            -12.69%       Y       Y  DEEP_SCAN_SELECTED
HUSDT               -12.54%       Y       Y  DEEP_SCAN_SELECTED
NBISUSDT            -12.38%       N       N  NON_CRYPTO
PRLUSDT             -12.31%       Y       Y  DEEP_SCAN_SELECTED
TUTUSDT             -12.17%       Y       Y  DEEP_SCAN_SELECTED
XPINUSDT            -10.94%       Y       Y  DEEP_SCAN_SELECTED

IMPORTANT: V7.9 IS MEASUREMENT/AUDIT ONLY.
Same-hour reruns do not overwrite the first stored universe snapshot.
Raw universe evidence is retained for 7 days.
No trade permission was generated.

V7.9 FULL-UNIVERSE LEDGER: PASS
