
ALPHA HUNTER V7.1 — 2026-08-19T04:41:26.402769+00:00

Universe: 27 deep-scanned of 759 contracts
Eligible after prefilter: 294
Non-crypto rejected: 290

SYMBOL                  PHASE    TIME   BEHAV                     STATE      RR   DISC  TRADE
---------------------------------------------------------------------------------------------
TUTUSDT           COMPRESSION   EARLY    6.83  DIRECTION_EMERGING_SHORT    0.22    YES     NO
CYSUSDT          ACCUMULATION    FAIR    6.55                   NEUTRAL       —    YES     NO
GALAUSDT          COMPRESSION   EARLY    6.37  DIRECTION_EMERGING_SHORT    0.08    YES     NO
VELVETUSDT          EXPANSION    LATE    5.36               WATCH_SHORT       —     NO     NO
HUSDT               BREAKDOWN    FAIR    4.58  DIRECTION_EMERGING_SHORT    0.16     NO     NO
PIEVERSEUSDT        BREAKDOWN    FAIR    4.42               WATCH_SHORT       —     NO     NO
LAUSDT           ACCUMULATION    FAIR    4.42                   NEUTRAL       —     NO     NO
LINKUSDT         ACCUMULATION   EARLY    4.22                WATCH_LONG       —     NO     NO
ADAUSDT          ACCUMULATION   EARLY    4.13                   NEUTRAL       —     NO     NO
TAOUSDT           COMPRESSION   EARLY    4.08  DIRECTION_EMERGING_SHORT    0.16     NO     NO
PEPEUSDT          COMPRESSION   EARLY    3.81                   NEUTRAL       —     NO     NO
SUIUSDT           COMPRESSION   EARLY    3.66                   NEUTRAL       —     NO     NO
XRPUSDT           COMPRESSION   EARLY    3.48                   NEUTRAL       —     NO     NO
HOMEUSDT            BREAKDOWN    FAIR    3.46  DIRECTION_EMERGING_SHORT    0.03     NO     NO
UNITASUSDT       ACCUMULATION    FAIR    3.45                   NEUTRAL       —     NO     NO
NILUSDT             BREAKDOWN    FAIR    3.32  DIRECTION_EMERGING_SHORT    0.02     NO     NO
ZECUSDT           COMPRESSION   EARLY    3.28               WATCH_SHORT       —     NO     NO
OUSDT            ACCUMULATION   EARLY    3.19                   NEUTRAL       —     NO     NO
BNBUSDT           COMPRESSION   EARLY    3.18               WATCH_SHORT       —     NO     NO
HYPEUSDT          COMPRESSION   EARLY    3.18                   NEUTRAL       —     NO     NO
GWEIUSDT         ACCUMULATION    FAIR    3.08               WATCH_SHORT       —     NO     NO
ETHUSDT           COMPRESSION   EARLY    2.95                   NEUTRAL       —     NO     NO
DOGEUSDT          COMPRESSION   EARLY    2.83                   NEUTRAL       —     NO     NO
USELESSUSDT         BREAKDOWN    FAIR    2.47  DIRECTION_EMERGING_SHORT    0.12     NO     NO
SOLUSDT          ACCUMULATION   EARLY    2.44                   NEUTRAL       —     NO     NO
BTCUSDT           COMPRESSION   EARLY    2.41                   NEUTRAL       —     NO     NO
OPENUSDT         ACCUMULATION    FAIR    1.68                   NEUTRAL       —     NO     NO

V7.4 PRE-MOVE SURVEILLANCE
Eligible: 4 | Primary: 4 | Reserve: 0

PRIMARY
 1 PIEVERSEUSDT   REVERSAL       12.76 state=WATCH_SHORT
 2 HYPEUSDT       REVERSAL       10.70 state=NEUTRAL
 3 OUSDT          REVERSAL        9.95 state=NEUTRAL
 4 ZECUSDT        REVERSAL        9.86 state=WATCH_SHORT

Run ID: 207c3d1f6f6d533dd5fd7b527a8901fe
Snapshot saved: /home/runner/work/Alpha-Hunter/Alpha-Hunter/data/snapshots/snapshot-20260819T044126Z.json
State history: /home/runner/work/Alpha-Hunter/Alpha-Hunter/data/state-history.jsonl
Supabase: SAVED
Qualified discovery candidates: 3
EARLY candidates: 2
V7 Trade Ready: 0
Bitget private API: NOT_CONFIGURED
