
======================================================================================================================
ALPHA HUNTER V7.9 FULL-UNIVERSE HOURLY LEDGER — SHADOW
======================================================================================================================
Observed: 2026-08-19T04:41:28.806848+00:00
Hour bucket: 2026-08-19T04:00:00+00:00
Contract tickers: 759
Rows attempted: 759
Deep-scan selected: 27
Selection snapshot: 2026-08-19T04:41:26.402769+00:00
Selection run ID: 207c3d1f6f6d533dd5fd7b527a8901fe
Prefilter eligible: 295
Eligible not selected: 268
Non-crypto: 290
Low liquidity: 168
Over-extended: 6
Invalid price skipped: 0
Rows purged >7d: 0

TOP ABSOLUTE 24H MOVERS
SYMBOL                  24H    ELIG    SCAN  STATUS
------------------------------------------------------------------------
BTWUSDT             +52.87%       N       N  OVER_EXTENDED
ACEUSDT             +42.12%       N       N  OVER_EXTENDED
GPSUSDT             -30.91%       N       N  OVER_EXTENDED
SKYAIUSDT           -27.04%       N       N  OVER_EXTENDED
JCTUSDT             -26.85%       N       N  OVER_EXTENDED
BEATUSDT            -25.46%       N       N  OVER_EXTENDED
XPINUSDT            -21.16%       Y       N  ELIGIBLE_NOT_SELECTED
TRIAUSDT            +19.92%       Y       N  ELIGIBLE_NOT_SELECTED
CSOPSK2LHKDUSDT     -19.29%       N       N  NON_CRYPTO
SKDDUSDT            +19.28%       N       N  NON_CRYPTO
SKUUUSDT            -18.76%       N       N  NON_CRYPTO
DOSUSDT             +17.41%       Y       N  ELIGIBLE_NOT_SELECTED
SNXXUSDT            -17.08%       N       N  NON_CRYPTO
CSOPSS2LHKDUSDT     -17.07%       N       N  NON_CRYPTO
KORUUSDT            -17.00%       N       N  NON_CRYPTO

IMPORTANT: V7.9 IS MEASUREMENT/AUDIT ONLY.
Same-hour reruns do not overwrite the first stored universe snapshot.
Raw universe evidence is retained for 7 days.
No trade permission was generated.

V7.9 FULL-UNIVERSE LEDGER: PASS
