
ALPHA HUNTER V7.1 — 2026-08-18T01:23:40.000512+00:00

Universe: 27 deep-scanned of 759 contracts
Eligible after prefilter: 303
Non-crypto rejected: 290

SYMBOL                  PHASE    TIME   BEHAV                     STATE      RR   DISC  TRADE
---------------------------------------------------------------------------------------------
ACEUSDT          ACCUMULATION    FAIR    6.05  DIRECTION_EMERGING_SHORT    0.44    YES     NO
PIEVERSEUSDT   DISTRIBUTION_RISK    FAIR    5.93   DIRECTION_EMERGING_LONG    0.02     NO     NO
ALLOUSDT         ACCUMULATION    FAIR    5.31   DIRECTION_EMERGING_LONG    0.28    YES     NO
DOGEUSDT          COMPRESSION   EARLY    4.84                   NEUTRAL       —     NO     NO
SOPHUSDT         ACCUMULATION   EARLY    4.79                   NEUTRAL       —     NO     NO
XPINUSDT            EXPANSION    LATE    4.56                   NEUTRAL       —     NO     NO
APRUSDT             EXPANSION   EARLY    4.41                   NEUTRAL       —     NO     NO
BEATUSDT            EXPANSION    LATE    4.24                   NEUTRAL       —     NO     NO
HYPEUSDT          COMPRESSION   EARLY    4.23                WATCH_LONG       —     NO     NO
PEPEUSDT          COMPRESSION   EARLY    4.13  DIRECTION_EMERGING_SHORT    1.19     NO     NO
SUIUSDT           COMPRESSION   EARLY    3.71               WATCH_SHORT       —     NO     NO
CHIPUSDT         ACCUMULATION   EARLY    3.65               WATCH_SHORT       —     NO     NO
ETHUSDT           COMPRESSION   EARLY    3.56                WATCH_LONG       —     NO     NO
PUMPUSDT         ACCUMULATION   EARLY    3.56               WATCH_SHORT       —     NO     NO
ACUUSDT          ACCUMULATION    LATE    3.54                   NEUTRAL       —     NO     NO
COMPUSDT         ACCUMULATION    FAIR    3.43                   NEUTRAL       —     NO     NO
XRPUSDT           COMPRESSION   EARLY    3.39                   NEUTRAL       —     NO     NO
SOLUSDT           COMPRESSION   EARLY    3.24                   NEUTRAL       —     NO     NO
ADAUSDT          ACCUMULATION   EARLY    3.09                   NEUTRAL       —     NO     NO
TLMUSDT          ACCUMULATION    FAIR    2.95               WATCH_SHORT       —     NO     NO
ZECUSDT          ACCUMULATION   EARLY    2.91                WATCH_LONG       —     NO     NO
LINKUSDT          COMPRESSION   EARLY    2.89                   NEUTRAL       —     NO     NO
VVVUSDT          ACCUMULATION    FAIR    2.45                   NEUTRAL       —     NO     NO
BTCUSDT          ACCUMULATION   EARLY    2.29                   NEUTRAL       —     NO     NO
BLESSUSDT        ACCUMULATION    FAIR    2.10               WATCH_SHORT       —     NO     NO
B2USDT              BREAKDOWN    FAIR    2.00  DIRECTION_EMERGING_SHORT    0.08     NO     NO
SQDUSDT          ACCUMULATION    FAIR    1.89                   NEUTRAL       —     NO     NO

V7.4 PRE-MOVE SURVEILLANCE
Eligible: 4 | Primary: 4 | Reserve: 0

PRIMARY
 1 HYPEUSDT       CONTINUATION   10.86 state=WATCH_LONG
 2 LINKUSDT       CONTINUATION    9.74 state=NEUTRAL
 3 PUMPUSDT       REVERSAL        9.49 state=WATCH_SHORT
 4 ETHUSDT        CONTINUATION    8.81 state=WATCH_LONG

Run ID: 3d6cf529fe9fa27f4a84ba588917769f
Snapshot saved: /home/runner/work/Alpha-Hunter/Alpha-Hunter/data/snapshots/snapshot-20260818T012340Z.json
State history: /home/runner/work/Alpha-Hunter/Alpha-Hunter/data/state-history.jsonl
Supabase: SAVED
Qualified discovery candidates: 2
EARLY candidates: 0
V7 Trade Ready: 0
Bitget private API: NOT_CONFIGURED
