
ALPHA HUNTER V7.1 — 2026-08-18T17:30:48.814123+00:00

Universe: 25 deep-scanned of 759 contracts
Eligible after prefilter: 319
Non-crypto rejected: 290

SYMBOL                  PHASE    TIME   BEHAV                     STATE      RR   DISC  TRADE
---------------------------------------------------------------------------------------------
GPSUSDT             EXPANSION    LATE    7.36   DIRECTION_EMERGING_LONG    0.06     NO     NO
BTWUSDT             EXPANSION    FAIR    7.00   DIRECTION_EMERGING_LONG    0.30     NO     NO
CYSUSDT             EXPANSION    FAIR    6.99                   NEUTRAL       —     NO     NO
XPINUSDT            BREAKDOWN    FAIR    5.14  DIRECTION_EMERGING_SHORT    0.34     NO     NO
ALLOUSDT         ACCUMULATION   EARLY    4.97                   NEUTRAL       —     NO     NO
HUSDT             COMPRESSION   EARLY    4.81               WATCH_SHORT       —     NO     NO
SKYAIUSDT        ACCUMULATION    FAIR    4.51               WATCH_SHORT       —     NO     NO
TUTUSDT          ACCUMULATION    FAIR    4.42                   NEUTRAL       —     NO     NO
OPNUSDT          ACCUMULATION    FAIR    4.22                   NEUTRAL       —     NO     NO
BTCUSDT           COMPRESSION   EARLY    4.18   DIRECTION_EMERGING_LONG    0.13     NO     NO
PUMPUSDT          COMPRESSION   EARLY    4.18                   NEUTRAL       —     NO     NO
VELVETUSDT          EXPANSION    LATE    3.62                   NEUTRAL       —     NO     NO
ZECUSDT           COMPRESSION   EARLY    3.61                   NEUTRAL       —     NO     NO
LINKUSDT         ACCUMULATION   EARLY    3.59                WATCH_LONG       —     NO     NO
JCTUSDT             BREAKDOWN    FAIR    3.47  DIRECTION_EMERGING_SHORT    0.06     NO     NO
NEARUSDT             IGNITION   EARLY    3.42  DIRECTION_EMERGING_SHORT    0.05     NO     NO
HYPEUSDT         ACCUMULATION   EARLY    3.09               WATCH_SHORT       —     NO     NO
ADAUSDT          ACCUMULATION   EARLY    2.79                   NEUTRAL       —     NO     NO
ETHUSDT          ACCUMULATION   EARLY    2.73                WATCH_LONG       —     NO     NO
DOGEUSDT         ACCUMULATION   EARLY    2.27                WATCH_LONG       —     NO     NO
IRYSUSDT            BREAKDOWN    FAIR    2.23  DIRECTION_EMERGING_SHORT    0.05     NO     NO
FIGHTUSDT           BREAKDOWN    FAIR    2.21  DIRECTION_EMERGING_SHORT    0.13     NO     NO
GALAUSDT         ACCUMULATION    FAIR    2.08                   NEUTRAL       —     NO     NO
SOLUSDT          ACCUMULATION   EARLY    1.86                WATCH_LONG       —     NO     NO
XRPUSDT          ACCUMULATION   EARLY    1.60                   NEUTRAL       —     NO     NO

V7.4 PRE-MOVE SURVEILLANCE
Eligible: 4 | Primary: 4 | Reserve: 0

PRIMARY
 1 GPSUSDT        CONTINUATION   12.00 state=DIRECTION_EMERGING_LONG
 2 ZECUSDT        REVERSAL       11.06 state=NEUTRAL
 3 BTWUSDT        CONTINUATION   10.94 state=DIRECTION_EMERGING_LONG
 4 PUMPUSDT       REVERSAL       10.07 state=NEUTRAL

Run ID: 0ff0fc83db0aeab0fdea3c65ea851875
Snapshot saved: /home/runner/work/Alpha-Hunter/Alpha-Hunter/data/snapshots/snapshot-20260818T173048Z.json
State history: /home/runner/work/Alpha-Hunter/Alpha-Hunter/data/state-history.jsonl
Supabase: SAVED
Qualified discovery candidates: 0
EARLY candidates: 0
V7 Trade Ready: 0
Bitget private API: NOT_CONFIGURED
