V7.4 HOURLY PERFORMANCE TRACKER
Run ID: a95ec64709b5387174e848437857fec4

V7.4.1 SHADOW REVERSAL
 SH SYMBOL           V74     OLD   SHADOW
--------------------------------------------------
  1 LINKUSDT           2    9.98     3.50
PERFORMANCE SIGNALS SAVED: 26
FEATURE ROWS SAVED: 26
V7.4 OUTCOMES 1H: saved=15 failed=0
V7.4 OUTCOMES 4H: saved=8 failed=0
V7.4 OUTCOMES 12H: saved=17 failed=0
V7.4 OUTCOMES 24H: saved=9 failed=0
OUTCOME EVALUATION COMPLETE: saved=49 failed=0

==========================================================================================
V7.4 CURRENT SURVEILLANCE COHORT
==========================================================================================
RANK SYMBOL         TIER      PATH            SCORE STATE
------------------------------------------------------------------------------------------
   1 PRLUSDT        PRIMARY   CONTINUATION    11.82 NEUTRAL
   2 LINKUSDT       PRIMARY   REVERSAL         9.98 NEUTRAL

================================================================================================================================
V7.4 FORWARD PERFORMANCE — RAW PRICE EXPANSION
================================================================================================================================

PRIMARY / RESERVE + PATH
  H TIER      PATH              N    POS%   AVG RAW   AVG ABS    EXP3%    EXP5%   EXP10%    UP5%    DN5%
--------------------------------------------------------------------------------------------------------------------------------
  1 PRIMARY   CONTINUATION     58   53.4%    0.340%    1.392%    15.5%     3.4%     0.0%    1.7%    1.7%
  1 PRIMARY   REVERSAL        112   51.8%    0.501%    1.794%    17.0%     5.4%     1.8%    5.4%    0.0%
  1 RESERVE   CONTINUATION      6   50.0%    0.497%    0.710%     0.0%     0.0%     0.0%    0.0%    0.0%
  1 RESERVE   REVERSAL         15   60.0%   -0.307%    1.479%    20.0%    13.3%     0.0%    0.0%   13.3%
  4 PRIMARY   CONTINUATION     51   52.9%   -0.129%    3.060%    31.4%    25.5%     7.8%   11.8%   13.7%
  4 PRIMARY   REVERSAL         92   54.3%    1.460%    3.636%    31.5%    20.7%     8.7%   15.2%    5.4%
  4 RESERVE   CONTINUATION      6   66.7%   -0.204%    1.880%    33.3%    16.7%     0.0%    0.0%   16.7%
  4 RESERVE   REVERSAL         14   57.1%    0.043%    2.771%    42.9%    14.3%     7.1%    7.1%    7.1%
 12 PRIMARY   CONTINUATION     25   36.0%   -1.997%    3.615%    52.0%    28.0%     4.0%    8.0%   20.0%
 12 PRIMARY   REVERSAL         47   40.4%   -0.006%    5.687%    63.8%    31.9%    25.5%   14.9%   17.0%
 12 RESERVE   CONTINUATION      5   40.0%   -0.834%    1.526%    20.0%     0.0%     0.0%    0.0%    0.0%
 12 RESERVE   REVERSAL          6   66.7%    0.702%    3.044%    50.0%    16.7%     0.0%    0.0%   16.7%

RANK QUALITY
  H RANK BUCKET         N    POS%   AVG RAW   AVG ABS    EXP3%    EXP5%   EXP10%    UP5%    DN5%
----------------------------------------------------------------------------------------------------------------
  1 TOP_1_3           111   50.5%    0.499%    1.892%    18.9%     6.3%     1.8%    5.4%    0.9%
  1 TOP_4_5            59   55.9%    0.348%    1.214%    11.9%     1.7%     0.0%    1.7%    0.0%
  1 RESERVE_6_10       21   57.1%   -0.077%    1.259%    14.3%     9.5%     0.0%    0.0%    9.5%
  4 TOP_1_3            93   51.6%    1.567%    4.125%    38.7%    26.9%    10.8%   19.4%    7.5%
  4 TOP_4_5            50   58.0%   -0.359%    2.139%    18.0%    14.0%     4.0%    4.0%   10.0%
  4 RESERVE_6_10       20   60.0%   -0.031%    2.504%    40.0%    15.0%     5.0%    5.0%   10.0%
 12 TOP_1_3            46   41.3%    0.216%    5.810%    65.2%    34.8%    26.1%   19.6%   15.2%
 12 TOP_4_5            26   34.6%   -2.314%    3.478%    50.0%    23.1%     3.8%    0.0%   23.1%
 12 RESERVE_6_10       11   54.5%    0.004%    2.354%    36.4%     9.1%     0.0%    0.0%    9.1%

Metric definitions:
AVG RAW = average raw market return from detection price.
AVG ABS = average absolute price movement regardless of direction.
EXP3/5/10 = percentage of candidates moving at least 3% / 5% / 10% in either direction.
UP5 = raw upside move >= +5%; DN5 = raw downside move <= -5%.
No V7.4 trade-direction assumption is used in these metrics.

V7.4 TRACKING JOB: PASS
