
==============================================================================================================
ALPHA HUNTER V7.5 INDEPENDENT EPISODE MARKET TRACKER
==============================================================================================================
Episodes stored: 77
Active episodes: 57

BTWUSDT        CONTINUATION  now=   93.87% UP=   99.19% DOWN=    0.00% 3=Y 5=Y 10=Y checks=41
CYSUSDT        CONTINUATION  now=  -23.54% UP=   78.38% DOWN=  -37.80% 3=Y 5=Y 10=Y checks=41
COOKIEUSDT     CONTINUATION  now=  -13.36% UP=    0.00% DOWN=  -15.46% 3=Y 5=Y 10=Y checks=41
SUIUSDT        CONTINUATION  now=   -4.43% UP=    0.00% DOWN=   -5.00% 3=Y 5=- 10=- checks=41
SOLUSDT        CONTINUATION  now=   -3.52% UP=    0.00% DOWN=   -4.13% 3=Y 5=- 10=- checks=41
SKYAIUSDT      REVERSAL      now=  -36.02% UP=    0.00% DOWN=  -42.50% 3=Y 5=Y 10=Y checks=41
DOGEUSDT       CONTINUATION  now=   -1.51% UP=    0.00% DOWN=   -2.32% 3=- 5=- 10=- checks=41
ADAUSDT        REVERSAL      now=  -11.43% UP=    0.00% DOWN=  -11.79% 3=Y 5=Y 10=Y checks=41
IOTXUSDT       REVERSAL      now=   -9.62% UP=    0.00% DOWN=  -10.53% 3=Y 5=Y 10=Y checks=41
MMTUSDT        REVERSAL      now=  -12.14% UP=    0.00% DOWN=  -14.50% 3=Y 5=Y 10=Y checks=41
SUIUSDT        CONTINUATION  now=   -3.29% UP=    0.00% DOWN=   -3.86% 3=Y 5=- 10=- checks=41
GWEIUSDT       REVERSAL      now=    3.26% UP=   17.67% DOWN=    0.00% 3=Y 5=Y 10=Y checks=41
BICOUSDT       REVERSAL      now=  -51.48% UP=    0.00% DOWN=  -58.94% 3=Y 5=Y 10=Y checks=41
MUBARAKUSDT    REVERSAL      now=  -14.28% UP=    0.00% DOWN=  -24.10% 3=Y 5=Y 10=Y checks=41
4USDT          REVERSAL      now=  -16.20% UP=    0.00% DOWN=  -22.21% 3=Y 5=Y 10=Y checks=41
JTOUSDT        REVERSAL      now=    4.13% UP=    8.18% DOWN=    0.00% 3=Y 5=Y 10=- checks=41
FORMUSDT       REVERSAL      now=   -6.68% UP=    0.00% DOWN=   -7.88% 3=Y 5=Y 10=- checks=41
PUMPUSDT       REVERSAL      now=   -5.68% UP=    1.20% DOWN=   -6.03% 3=Y 5=Y 10=- checks=41
HYPEUSDT       REVERSAL      now=    1.58% UP=    3.19% DOWN=   -0.62% 3=Y 5=- 10=- checks=41
ACUUSDT        REVERSAL      now=    0.85% UP=   16.62% DOWN=   -4.40% 3=Y 5=Y 10=Y checks=41
BTWUSDT        CONTINUATION  now=   30.01% UP=   33.58% DOWN=  -10.16% 3=Y 5=Y 10=Y checks=41
AEONUSDT       CONTINUATION  now=    3.69% UP=   28.62% DOWN=   -6.91% 3=Y 5=Y 10=Y checks=41
LINKUSDT       CONTINUATION  now=   -1.39% UP=    0.00% DOWN=   -2.60% 3=- 5=- 10=- checks=20
NILUSDT        REVERSAL      now=    6.30% UP=   13.44% DOWN=   -0.41% 3=Y 5=Y 10=Y checks=18
LINKUSDT       CONTINUATION  now=    0.51% UP=    1.70% DOWN=   -0.72% 3=- 5=- 10=- checks=18
BRUSDT         REVERSAL      now=  -11.94% UP=    0.76% DOWN=  -12.44% 3=Y 5=Y 10=Y checks=18
PUMPUSDT       REVERSAL      now=   -3.85% UP=    0.29% DOWN=   -4.21% 3=Y 5=- 10=- checks=18
ALICEUSDT      REVERSAL      now=    8.82% UP=   14.23% DOWN=   -0.79% 3=Y 5=Y 10=Y checks=18
VELVETUSDT     REVERSAL      now=   16.08% UP=   31.02% DOWN=   -2.20% 3=Y 5=Y 10=Y checks=17
WLDUSDT        REVERSAL      now=    2.19% UP=    6.79% DOWN=   -1.61% 3=Y 5=Y 10=- checks=17
HYPEUSDT       REVERSAL      now=    0.35% UP=    1.94% DOWN=   -0.04% 3=- 5=- 10=- checks=17
CAPUSDT        CONTINUATION  now=   -1.42% UP=    2.28% DOWN=   -6.11% 3=Y 5=Y 10=- checks=17
COWUSDT        REVERSAL      now=   -7.41% UP=    3.39% DOWN=   -9.14% 3=Y 5=Y 10=- checks=17
LINKUSDT       REVERSAL      now=    0.58% UP=    1.78% DOWN=   -0.64% 3=- 5=- 10=- checks=16
FOLKSUSDT      REVERSAL      now=   -3.88% UP=    0.93% DOWN=   -4.63% 3=Y 5=- 10=- checks=15
AEONUSDT       CONTINUATION  now=   -9.38% UP=    0.20% DOWN=  -18.55% 3=Y 5=Y 10=Y checks=14
WLDUSDT        REVERSAL      now=    2.84% UP=    7.47% DOWN=   -0.98% 3=Y 5=Y 10=- checks=13
PRLUSDT        CONTINUATION  now=    4.69% UP=   13.09% DOWN=   -0.61% 3=Y 5=Y 10=Y checks=13
HYPEUSDT       CONTINUATION  now=   -0.58% UP=    0.99% DOWN=   -0.74% 3=- 5=- 10=- checks=12
WLDUSDT        CONTINUATION  now=    2.39% UP=    7.00% DOWN=   -1.41% 3=Y 5=Y 10=- checks=12
AEONUSDT       REVERSAL      now=   -6.51% UP=    3.37% DOWN=  -15.97% 3=Y 5=Y 10=Y checks=12
DOLOUSDT       REVERSAL      now=   -1.87% UP=   18.74% DOWN=   -3.01% 3=Y 5=Y 10=Y checks=11
BOMEUSDT       CONTINUATION  now=   -4.94% UP=    0.50% DOWN=   -6.24% 3=Y 5=Y 10=- checks=11
VELVETUSDT     REVERSAL      now=    1.05% UP=    5.57% DOWN=   -5.15% 3=Y 5=Y 10=- checks=10
BTWUSDT        CONTINUATION  now=   22.84% UP=   26.34% DOWN=   -0.04% 3=Y 5=Y 10=Y checks=9
HUSDT          REVERSAL      now=   10.88% UP=   14.22% DOWN=   -6.24% 3=Y 5=Y 10=Y checks=9
WLDUSDT        CONTINUATION  now=    1.83% UP=    6.42% DOWN=    0.00% 3=Y 5=Y 10=- checks=8
AEONUSDT       REVERSAL      now=    2.60% UP=    4.56% DOWN=   -7.78% 3=Y 5=Y 10=- checks=7
ROBOUSDT       REVERSAL      now=   -6.23% UP=    4.11% DOWN=   -6.37% 3=Y 5=Y 10=- checks=5
LINKUSDT       CONTINUATION  now=   -0.36% UP=    0.04% DOWN=   -1.13% 3=- 5=- 10=- checks=3
ONGUSDT        CONTINUATION  now=   -0.68% UP=    0.41% DOWN=   -2.88% 3=- 5=- 10=- checks=3
PRLUSDT        CONTINUATION  now=    0.20% UP=    1.12% DOWN=   -0.28% 3=- 5=- 10=- checks=2
LINKUSDT       REVERSAL      now=    0.37% UP=    0.69% DOWN=   -0.29% 3=- 5=- 10=- checks=2
REDUSDT        REVERSAL      now=   -0.58% UP=    0.00% DOWN=   -1.04% 3=- 5=- 10=- checks=2
LINKUSDT       REVERSAL      now=    0.37% UP=    0.69% DOWN=   -0.29% 3=- 5=- 10=- checks=2
PRLUSDT        CONTINUATION  now=    0.20% UP=    1.12% DOWN=   -0.28% 3=- 5=- 10=- checks=2
REDUSDT        REVERSAL      now=   -0.58% UP=    0.00% DOWN=   -1.04% 3=- 5=- 10=- checks=2

==============================================================================================================
TRACKER SUMMARY
==============================================================================================================
Checked: 57
Failed: 0
Supabase rows upserted: 77
3% episodes: 60
5% episodes: 52
10% episodes: 34

V7.5 EPISODE MARKET TRACKER: PASS
