
======================================================================================================================
ALPHA HUNTER V7.6 DIRECTION-PROOF ENGINE — SHADOW
======================================================================================================================
Eligible forward episodes: 34

SYMBOL         PATH          DIR         CONF   LONG   SHORT       15M        1H
----------------------------------------------------------------------------------------------------------------------
NILUSDT        REVERSAL      UNKNOWN     0.0%   3.50    1.00   BULLISH     MIXED
LINKUSDT       CONTINUATION  UNKNOWN     0.0%   2.00    1.50     MIXED   BULLISH
BRUSDT         REVERSAL      SHORT      87.5%   0.00    7.00   BEARISH   BEARISH
PUMPUSDT       REVERSAL      SHORT      56.2%   0.00    4.50   BEARISH   BEARISH
ALICEUSDT      REVERSAL      UNKNOWN     0.0%   0.00    3.50   BEARISH     MIXED
VELVETUSDT     REVERSAL      UNKNOWN     0.0%   2.50    2.00   BEARISH     MIXED
WLDUSDT        REVERSAL      UNKNOWN     0.0%   2.00    3.00     MIXED     MIXED
HYPEUSDT       REVERSAL      UNKNOWN     0.0%   0.00    3.50   BEARISH     MIXED
CAPUSDT        CONTINUATION  LONG       81.2%   6.50    0.00   BULLISH   BULLISH
COWUSDT        REVERSAL      SHORT      71.2%   1.00    6.00   BEARISH   BEARISH
LINKUSDT       REVERSAL      UNKNOWN     0.0%   2.00    1.50     MIXED   BULLISH
FOLKSUSDT      REVERSAL      UNKNOWN     0.0%   0.00    2.00     MIXED   BEARISH
AEONUSDT       CONTINUATION  LONG       75.0%   6.00    0.00   BULLISH     MIXED
WLDUSDT        REVERSAL      UNKNOWN     0.0%   2.00    3.00     MIXED     MIXED
PRLUSDT        CONTINUATION  UNKNOWN     0.0%   1.00    2.50   BEARISH     MIXED
HYPEUSDT       CONTINUATION  UNKNOWN     0.0%   0.00    3.50   BEARISH     MIXED
WLDUSDT        CONTINUATION  UNKNOWN     0.0%   2.00    3.00     MIXED     MIXED
AEONUSDT       REVERSAL      LONG       75.0%   6.00    0.00   BULLISH     MIXED
DOLOUSDT       REVERSAL      SHORT      62.5%   0.00    5.00   BEARISH     MIXED
BOMEUSDT       CONTINUATION  SHORT      56.2%   0.00    4.50   BEARISH   BEARISH
VELVETUSDT     REVERSAL      UNKNOWN     0.0%   2.50    2.00   BEARISH     MIXED
BTWUSDT        CONTINUATION  LONG      100.0%   8.00    0.00   BULLISH   BULLISH
HUSDT          REVERSAL      LONG       75.0%   6.00    0.00   BULLISH     MIXED
WLDUSDT        CONTINUATION  UNKNOWN     0.0%   2.00    3.00     MIXED     MIXED
AEONUSDT       REVERSAL      LONG       75.0%   6.00    0.00   BULLISH     MIXED
ROBOUSDT       REVERSAL      SHORT      75.0%   0.00    6.00   BEARISH     MIXED
LINKUSDT       CONTINUATION  UNKNOWN     0.0%   2.00    1.50     MIXED   BULLISH
ONGUSDT        CONTINUATION  LONG       68.8%   5.50    0.00   BULLISH   BULLISH
PRLUSDT        CONTINUATION  UNKNOWN     0.0%   1.00    2.50   BEARISH     MIXED
LINKUSDT       REVERSAL      UNKNOWN     0.0%   2.00    1.50     MIXED   BULLISH
REDUSDT        REVERSAL      SHORT      68.8%   0.00    5.50   BEARISH   BEARISH
LINKUSDT       REVERSAL      UNKNOWN     0.0%   2.00    1.50     MIXED   BULLISH
PRLUSDT        CONTINUATION  UNKNOWN     0.0%   1.00    2.50   BEARISH     MIXED
REDUSDT        REVERSAL      SHORT      68.8%   0.00    5.50   BEARISH   BEARISH

======================================================================================================================
V7.6 SHADOW SUMMARY
======================================================================================================================
Evaluated: 34
LONG: 7
SHORT: 8
UNKNOWN: 19
Failures: 0
Supabase shadow rows saved: 34
Direction state rows saved: 34
Immutable transition rows saved: 34
Transition run ID: cloud5d-20260816T232256Z
Direction emerging: 6
Direction confirmed: 9
Lost confirmation: 3

IMPORTANT: V7.6 IS SHADOW ONLY.
No trade permission was generated.

V7.6 DIRECTION SHADOW: PASS
