
======================================================================================================================
ALPHA HUNTER V7.7 HUGE-RR EXECUTION FEASIBILITY — SHADOW
======================================================================================================================
Confirmed direction states: 44

SKIP   ACEUSDT        insufficient closed history at confirmation
SKIP   ALICEUSDT      insufficient closed history at confirmation
SKIP   ALICEUSDT      insufficient closed history at confirmation
SKIP   HYPEUSDT       insufficient closed history at confirmation
SKIP   VELVETUSDT     insufficient closed history at confirmation
SKIP   VELVETUSDT     insufficient closed history at confirmation
SKIP   WLDUSDT        insufficient closed history at confirmation
SKIP   WLDUSDT        insufficient closed history at confirmation
SKIP   BRUSDT         insufficient closed history at confirmation
SKIP   CYSUSDT        insufficient closed history at confirmation
SKIP   ACUUSDT        insufficient closed history at confirmation
SKIP   AVNTUSDT       insufficient closed history at confirmation
SKIP   AVAXUSDT       insufficient closed history at confirmation
SKIP   ROBOUSDT       insufficient closed history at confirmation
CAPUSDT        SHORT   entry=0.0624       stop=0.066690764  risk=  6.88% structRR=0.17   status=STRUCTURE_RR_LT_3
CAPUSDT        SHORT   entry=0.06224      stop=0.066690764  risk=  7.15% structRR=0.13   status=STRUCTURE_RR_LT_3
CAPUSDT        SHORT   entry=0.06224      stop=0.066690764  risk=  7.15% structRR=0.13   status=STRUCTURE_RR_LT_3
CAPUSDT        SHORT   entry=0.06235      stop=0.066690764  risk=  6.96% structRR=0.16   status=STRUCTURE_RR_LT_3
PUMPUSDT       SHORT   entry=0.002754     stop=0.0028018597 risk=  1.74% structRR=0.10   status=STRUCTURE_RR_LT_3
WLFIUSDT       LONG    entry=0.05728      stop=0.056512651  risk=  1.34% structRR=0.07   status=STRUCTURE_RR_LT_3
ALICEUSDT      LONG    entry=0.1272       stop=0.12161212   risk=  4.39% structRR=0.09   status=STRUCTURE_RR_LT_3
CAPUSDT        LONG    entry=0.06717      stop=0.065480246  risk=  2.52% structRR=1.62   status=STRUCTURE_RR_LT_3
BRUSDT         SHORT   entry=0.19607      stop=0.21349734   risk=  8.89% structRR=—      status=NO_STRUCTURAL_TARGET
HYPEUSDT       LONG    entry=57.488       stop=56.72187     risk=  1.33% structRR=0.06   status=STRUCTURE_RR_LT_3
NILUSDT        LONG    entry=0.04718      stop=0.043405171  risk=  8.00% structRR=0.02   status=STRUCTURE_RR_LT_3
VELVETUSDT     LONG    entry=1.12535      stop=0.85233419   risk= 24.26% structRR=—      status=NO_STRUCTURAL_TARGET
COWUSDT        SHORT   entry=0.1214       stop=0.131929     risk=  8.67% structRR=0.10   status=STRUCTURE_RR_LT_3
PUMPUSDT       SHORT   entry=0.002749     stop=0.0027916423 risk=  1.55% structRR=0.23   status=STRUCTURE_RR_LT_3
AEONUSDT       SHORT   entry=0.07952      stop=0.085607059  risk=  7.65% structRR=0.50   status=STRUCTURE_RR_LT_3
FOLKSUSDT      SHORT   entry=1.8875       stop=1.9285318    risk=  2.17% structRR=0.29   status=STRUCTURE_RR_LT_3
PRLUSDT        LONG    entry=0.4099       stop=0.37052206   risk=  9.61% structRR=—      status=NO_STRUCTURAL_TARGET
AEONUSDT       SHORT   entry=0.07225      stop=0.082435354  risk= 14.10% structRR=0.11   status=STRUCTURE_RR_LT_3
DOLOUSDT       LONG    entry=0.02515      stop=0.022746258  risk=  9.56% structRR=0.51   status=STRUCTURE_RR_LT_3
BTWUSDT        LONG    entry=0.33617      stop=0.30899457   risk=  8.08% structRR=0.73   status=STRUCTURE_RR_LT_3
HUSDT          SHORT   entry=0.13457      stop=0.16210127   risk= 20.46% structRR=1.23   status=STRUCTURE_RR_LT_3
HYPEUSDT       LONG    entry=57.817       stop=56.994487    risk=  1.42% structRR=—      status=NO_STRUCTURAL_TARGET
WLDUSDT        LONG    entry=0.3597       stop=0.34223983   risk=  4.85% structRR=0.01   status=STRUCTURE_RR_LT_3
WLDUSDT        LONG    entry=0.3597       stop=0.34223983   risk=  4.85% structRR=0.01   status=STRUCTURE_RR_LT_3
WLDUSDT        LONG    entry=0.3599       stop=0.34223983   risk=  4.91% structRR=—      status=NO_STRUCTURAL_TARGET
WLDUSDT        LONG    entry=0.3599       stop=0.34223983   risk=  4.91% structRR=—      status=NO_STRUCTURAL_TARGET
AEONUSDT       SHORT   entry=0.0695       stop=0.074119394  risk=  6.65% structRR=0.20   status=STRUCTURE_RR_LT_3
BOMEUSDT       SHORT   entry=0.0008301    stop=0.0008442907 risk=  1.71% structRR=1.01   status=STRUCTURE_RR_LT_3
ROBOUSDT       LONG    entry=0.01558      stop=0.014781469  risk=  5.13% structRR=0.48   status=STRUCTURE_RR_LT_3
VELVETUSDT     LONG    entry=1.04423      stop=1.0181821    risk=  2.49% structRR=1.32   status=STRUCTURE_RR_LT_3

======================================================================================================================
V7.7 EXECUTION SHADOW SUMMARY
======================================================================================================================
Confirmed direction states: 44
Execution snapshots: 30
Skipped: 14
Failures: 0
Supabase rows upserted: 30
Structure >=1:3: 0
Structure >=1:5: 0
Structure >=1:10: 0

IMPORTANT: V7.7 IS EXECUTION FEASIBILITY SHADOW ONLY.
3% / 5% / 10% are scenarios, not predicted targets.
No trade permission was generated.

V7.7 EXECUTION FEASIBILITY: PASS
