
==============================================================================================================================
ALPHA HUNTER V7.9 MISSED-MOVER RECALL AUDITOR — SHADOW
==============================================================================================================================
Universe ledger rows loaded: 12064
Symbols with ledger history: 754
Audit rows: 76
Supabase rows upserted: 76

SYMBOL               MOVE    THR              QUAL         STAGE  REASON
------------------------------------------------------------------------------------------------------------------------------
BTWUSDT           +29.05%     5%   PARTIAL_6H_PLUS          DATA  INSUFFICIENT_LEDGER_HISTORY
BTWUSDT           +29.05%    10%   PARTIAL_6H_PLUS          DATA  INSUFFICIENT_LEDGER_HISTORY
BTWUSDT           +29.05%    20%   PARTIAL_6H_PLUS          DATA  INSUFFICIENT_LEDGER_HISTORY
VELVETUSDT        +24.62%     5%   PARTIAL_6H_PLUS          DATA  INSUFFICIENT_LEDGER_HISTORY
VELVETUSDT        +24.62%    10%   PARTIAL_6H_PLUS          DATA  INSUFFICIENT_LEDGER_HISTORY
VELVETUSDT        +24.62%    20%   PARTIAL_6H_PLUS          DATA  INSUFFICIENT_LEDGER_HISTORY
APRUSDT           +21.73%     5%   PARTIAL_6H_PLUS          DATA  INSUFFICIENT_LEDGER_HISTORY
APRUSDT           +21.73%    10%   PARTIAL_6H_PLUS          DATA  INSUFFICIENT_LEDGER_HISTORY
APRUSDT           +21.73%    20%   PARTIAL_6H_PLUS          DATA  INSUFFICIENT_LEDGER_HISTORY
BRUSDT            -16.51%     5%   PARTIAL_6H_PLUS          DATA  INSUFFICIENT_LEDGER_HISTORY
BRUSDT            -16.51%    10%   PARTIAL_6H_PLUS          DATA  INSUFFICIENT_LEDGER_HISTORY
SOPHUSDT          +15.33%     5%   PARTIAL_6H_PLUS          DATA  INSUFFICIENT_LEDGER_HISTORY
SOPHUSDT          +15.33%    10%   PARTIAL_6H_PLUS          DATA  INSUFFICIENT_LEDGER_HISTORY
COWUSDT           -15.30%     5%   PARTIAL_6H_PLUS          DATA  INSUFFICIENT_LEDGER_HISTORY
COWUSDT           -15.30%    10%   PARTIAL_6H_PLUS          DATA  INSUFFICIENT_LEDGER_HISTORY
BICOUSDT          +13.92%     5%   PARTIAL_6H_PLUS          DATA  INSUFFICIENT_LEDGER_HISTORY
BICOUSDT          +13.92%    10%   PARTIAL_6H_PLUS          DATA  INSUFFICIENT_LEDGER_HISTORY
HOMEUSDT          -13.58%     5%   PARTIAL_6H_PLUS          DATA  INSUFFICIENT_LEDGER_HISTORY
HOMEUSDT          -13.58%    10%   PARTIAL_6H_PLUS          DATA  INSUFFICIENT_LEDGER_HISTORY
ACEUSDT           -13.37%     5%   PARTIAL_6H_PLUS          DATA  INSUFFICIENT_LEDGER_HISTORY
ACEUSDT           -13.37%    10%   PARTIAL_6H_PLUS          DATA  INSUFFICIENT_LEDGER_HISTORY
AIOUSDT           +12.43%     5%   PARTIAL_6H_PLUS          DATA  INSUFFICIENT_LEDGER_HISTORY
AIOUSDT           +12.43%    10%   PARTIAL_6H_PLUS          DATA  INSUFFICIENT_LEDGER_HISTORY
CYSUSDT           -11.85%     5%   PARTIAL_6H_PLUS          DATA  INSUFFICIENT_LEDGER_HISTORY
CYSUSDT           -11.85%    10%   PARTIAL_6H_PLUS          DATA  INSUFFICIENT_LEDGER_HISTORY
ALICEUSDT         +11.85%     5%   PARTIAL_6H_PLUS          DATA  INSUFFICIENT_LEDGER_HISTORY
ALICEUSDT         +11.85%    10%   PARTIAL_6H_PLUS          DATA  INSUFFICIENT_LEDGER_HISTORY
BSBUSDT           +11.79%     5%   PARTIAL_6H_PLUS          DATA  INSUFFICIENT_LEDGER_HISTORY
BSBUSDT           +11.79%    10%   PARTIAL_6H_PLUS          DATA  INSUFFICIENT_LEDGER_HISTORY
PRLUSDT           +11.23%     5%   PARTIAL_6H_PLUS          DATA  INSUFFICIENT_LEDGER_HISTORY
PRLUSDT           +11.23%    10%   PARTIAL_6H_PLUS          DATA  INSUFFICIENT_LEDGER_HISTORY
WALUSDT           -10.76%     5%   PARTIAL_6H_PLUS          DATA  INSUFFICIENT_LEDGER_HISTORY
WALUSDT           -10.76%    10%   PARTIAL_6H_PLUS          DATA  INSUFFICIENT_LEDGER_HISTORY
STBLUSDT          +10.34%     5%   PARTIAL_6H_PLUS          DATA  INSUFFICIENT_LEDGER_HISTORY
STBLUSDT          +10.34%    10%   PARTIAL_6H_PLUS          DATA  INSUFFICIENT_LEDGER_HISTORY
MAGMAUSDT         -10.19%     5%   PARTIAL_6H_PLUS          DATA  INSUFFICIENT_LEDGER_HISTORY
MAGMAUSDT         -10.19%    10%   PARTIAL_6H_PLUS          DATA  INSUFFICIENT_LEDGER_HISTORY
DYDXUSDT          -10.08%     5%   PARTIAL_6H_PLUS          DATA  INSUFFICIENT_LEDGER_HISTORY
DYDXUSDT          -10.08%    10%   PARTIAL_6H_PLUS          DATA  INSUFFICIENT_LEDGER_HISTORY
DOSUSDT            -9.57%     5%   PARTIAL_6H_PLUS          DATA  INSUFFICIENT_LEDGER_HISTORY

Forward 24H complete audits: 0
Partial-history audits: 76

IMPORTANT: PARTIAL_HISTORY rows are evidence collection only.
Do not tune Alpha Hunter from partial-history failure labels.
No trade permission was generated.

V7.9 MISSED-MOVER RECALL AUDITOR: PASS
