
====================================================================================================
ALPHA HUNTER P0-3 PRODUCTION DATA GUARDRAILS
====================================================================================================
PASS     snapshot_freshness                 snapshot age 7.7s
PASS     snapshot_run_id                    run_id=75aba344871a0bc32ec3166cd3d5029c
PASS     contract_universe_size             contracts=756
PASS     ticker_coverage                    ticker coverage=100.0%
PASS     selected_symbol_consistency        selected_count=30, selected_symbols=30, result_rows=30
PASS     selected_symbol_uniqueness         unique=30, listed=30
PASS     deep_scan_success_ratio            deep-scan success=100.0%
WARN     bitget_private_api                 private API=NOT_CONFIGURED
PASS     universe_ledger_presence           rows=756
PASS     universe_ledger_coverage           ledger coverage=100.0%
PASS     universe_symbol_uniqueness         unique=756, rows=756
PASS     universe_hour_bucket               expected=2026-08-20 04:00:00+00:00, observed=['2026-08-20T04:00:00+00:00']
PASS     ledger_selection_context           selection_run_ids=['75aba344871a0bc32ec3166cd3d5029c']
PASS     ledger_capture_mode                ledger selection context matches current scan
FAIL     ledger_timestamps                  one or more ledger timestamps invalid
PASS     ledger_source                      source=BITGET_ALL_TICKERS
PASS     ledger_measurement_quality         quality=HOURLY_TICKER_SNAPSHOT
PASS     v79_trade_permission               all V7.9 rows have trade_permission=false
PASS     ledger_scan_count_consistency      selected=30/30, eligible=361/361

Overall guardrail status: FAIL
Ledger capture mode: FIRST_CAPTURE_MATCH
Current scan run ID: 75aba344871a0bc32ec3166cd3d5029c
Ledger selection run ID: 75aba344871a0bc32ec3166cd3d5029c
====================================================================================================
