
ALPHA HUNTER V7.1 — 2026-08-20T04:41:19.903292+00:00

Universe: 30 deep-scanned of 756 contracts
Eligible after prefilter: 361
Non-crypto rejected: 291

SYMBOL                  PHASE    TIME   BEHAV                     STATE      RR   DISC  TRADE
---------------------------------------------------------------------------------------------
PROMUSDT          COMPRESSION   EARLY    5.53  DIRECTION_EMERGING_SHORT    0.58    YES     NO
GPSUSDT           COMPRESSION   EARLY    5.35                   NEUTRAL       —    YES     NO
AEROUSDT       DISTRIBUTION_RISK    FAIR    5.16   DIRECTION_EMERGING_LONG    0.04     NO     NO
DOSUSDT             BREAKDOWN    FAIR    4.71  DIRECTION_EMERGING_SHORT    0.44     NO     NO
MONUSDT        DISTRIBUTION_RISK    FAIR    4.70   DIRECTION_EMERGING_LONG    0.00     NO     NO
PEPEUSDT         ACCUMULATION    FAIR    4.68   DIRECTION_EMERGING_LONG    0.03     NO     NO
CHIPUSDT       DISTRIBUTION_RISK    FAIR    4.52   DIRECTION_EMERGING_LONG    0.03     NO     NO
1000RATSUSDT      COMPRESSION   EARLY    4.51   DIRECTION_EMERGING_LONG    2.71     NO     NO
APRUSDT             BREAKDOWN   EARLY    4.41  DIRECTION_EMERGING_SHORT    0.10     NO     NO
KAIAUSDT         ACCUMULATION    FAIR    4.17   DIRECTION_EMERGING_LONG    0.03     NO     NO
BANKUSDT          COMPRESSION   EARLY    4.15               WATCH_SHORT       —     NO     NO
KAITOUSDT         COMPRESSION   EARLY    4.12                   NEUTRAL       —     NO     NO
AIOUSDT             EXPANSION   EARLY    4.03               WATCH_SHORT       —     NO     NO
ZKUSDT           ACCUMULATION    FAIR    3.76   DIRECTION_EMERGING_LONG    0.01     NO     NO
PENDLEUSDT       ACCUMULATION    FAIR    3.73                WATCH_LONG       —     NO     NO
LAUSDT            COMPRESSION   EARLY    3.65                   NEUTRAL       —     NO     NO
CAPUSDT          ACCUMULATION   EARLY    3.44                   NEUTRAL       —     NO     NO
ACEUSDT             BREAKDOWN    FAIR    3.37               WATCH_SHORT       —     NO     NO
LISTAUSDT        ACCUMULATION    FAIR    3.34   DIRECTION_EMERGING_LONG    0.10     NO     NO
POLUSDT          ACCUMULATION   EARLY    3.22                   NEUTRAL       —     NO     NO
RPLUSDT          ACCUMULATION    FAIR    3.09                   NEUTRAL       —     NO     NO
WLFIUSDT         ACCUMULATION   EARLY    3.07                   NEUTRAL       —     NO     NO
SPXUSDT          ACCUMULATION    FAIR    3.06                   NEUTRAL       —     NO     NO
XMRUSDT          ACCUMULATION   EARLY    3.00                   NEUTRAL       —     NO     NO
BRETTUSDT        ACCUMULATION    FAIR    2.95                   NEUTRAL       —     NO     NO
VVVUSDT          ACCUMULATION   EARLY    2.75                   NEUTRAL       —     NO     NO
GRVTUSDT         ACCUMULATION   EARLY    2.38                   NEUTRAL       —     NO     NO
BTCUSDT          ACCUMULATION   EARLY    2.30                WATCH_LONG       —     NO     NO
GRAMUSDT         ACCUMULATION   EARLY    1.71                   NEUTRAL       —     NO     NO
LABUSDT          ACCUMULATION   EARLY    1.59                   NEUTRAL       —     NO     NO

V7.4 PRE-MOVE SURVEILLANCE
Eligible: 3 | Primary: 3 | Reserve: 0

PRIMARY
 1 POLUSDT        REVERSAL       12.14 state=NEUTRAL
 2 ACEUSDT        REVERSAL       12.04 state=WATCH_SHORT
 3 LAUSDT         CONTINUATION    9.81 state=NEUTRAL

Run ID: 75aba344871a0bc32ec3166cd3d5029c
Snapshot saved: /home/runner/work/Alpha-Hunter/Alpha-Hunter/data/snapshots/snapshot-20260820T044119Z.json
State history: /home/runner/work/Alpha-Hunter/Alpha-Hunter/data/state-history.jsonl
Supabase: SAVED
Qualified discovery candidates: 2
EARLY candidates: 2
V7 Trade Ready: 0
Bitget private API: NOT_CONFIGURED
