
======================================================================================================================
ALPHA HUNTER V7.9 FULL-UNIVERSE HOURLY LEDGER — SHADOW
======================================================================================================================
Observed: 2026-08-20T04:41:23.244390+00:00
Hour bucket: 2026-08-20T04:00:00+00:00
Contract tickers: 756
Rows attempted: 756
Deep-scan selected: 30
Selection snapshot: 2026-08-20T04:41:19.903292+00:00
Selection run ID: 75aba344871a0bc32ec3166cd3d5029c
Prefilter eligible: 361
Eligible not selected: 331
Non-crypto: 291
Low liquidity: 98
Over-extended: 6
Invalid price skipped: 0
Rows purged >7d: 0

TOP ABSOLUTE 24H MOVERS
SYMBOL                  24H    ELIG    SCAN  STATUS
------------------------------------------------------------------------
SKYAIUSDT           +41.42%       N       N  OVER_EXTENDED
MAGMAUSDT           +34.68%       N       N  OVER_EXTENDED
REUSDT              +33.33%       N       N  OVER_EXTENDED
MSTUUSDT            +33.32%       N       N  NON_CRYPTO
PRLUSDT             -32.65%       N       N  OVER_EXTENDED
REDUSDT             +30.90%       N       N  OVER_EXTENDED
MVLLUSDT            +26.93%       N       N  NON_CRYPTO
BEATUSDT            -26.66%       N       N  OVER_EXTENDED
CONLUSDT            +25.16%       N       N  NON_CRYPTO
CSOPSK2LHKDUSDT     +24.38%       N       N  NON_CRYPTO
BTWUSDT             -22.64%       Y       N  ELIGIBLE_NOT_SELECTED
TRIAUSDT            -22.14%       Y       N  ELIGIBLE_NOT_SELECTED
METUSDT             +20.55%       Y       N  ELIGIBLE_NOT_SELECTED
BBUSDT              -20.50%       Y       N  ELIGIBLE_NOT_SELECTED
HYPEUSDT            +20.23%       Y       N  ELIGIBLE_NOT_SELECTED

IMPORTANT: V7.9 IS MEASUREMENT/AUDIT ONLY.
Same-hour reruns do not overwrite the first stored universe snapshot.
Raw universe evidence is retained for 7 days.
No trade permission was generated.

V7.9 FULL-UNIVERSE LEDGER: PASS
