
ALPHA HUNTER V7.1 — 2026-08-20T16:39:30.106522+00:00

Universe: 30 deep-scanned of 759 contracts
Eligible after prefilter: 371
Non-crypto rejected: 294

SYMBOL                  PHASE    TIME   BEHAV                     STATE      RR   DISC  TRADE
---------------------------------------------------------------------------------------------
SKYAIUSDT           EXPANSION    LATE    6.34   DIRECTION_EMERGING_LONG    0.03     NO     NO
ETHUSDT          ACCUMULATION    FAIR    5.88   DIRECTION_EMERGING_LONG    0.02    YES     NO
TRIAUSDT          COMPRESSION   EARLY    5.80  DIRECTION_EMERGING_SHORT    0.11    YES     NO
LITUSDT          ACCUMULATION    FAIR    5.60   DIRECTION_EMERGING_LONG    0.27    YES     NO
SPXUSDT          ACCUMULATION    FAIR    5.29   DIRECTION_EMERGING_LONG    0.01    YES     NO
ROBOUSDT         ACCUMULATION    FAIR    5.01                WATCH_LONG       —    YES     NO
CYSUSDT           COMPRESSION   EARLY    4.90  DIRECTION_EMERGING_SHORT    0.67     NO     NO
ONDOUSDT          COMPRESSION   EARLY    4.81   DIRECTION_EMERGING_LONG    0.08     NO     NO
AEROUSDT         ACCUMULATION    FAIR    4.80   DIRECTION_EMERGING_LONG    0.04     NO     NO
GPSUSDT           COMPRESSION   EARLY    4.71                   NEUTRAL       —     NO     NO
GOATUSDT         ACCUMULATION    FAIR    4.50   DIRECTION_EMERGING_LONG    0.10     NO     NO
VVVUSDT           COMPRESSION   EARLY    4.41                WATCH_LONG       —     NO     NO
ZROUSDT           COMPRESSION   EARLY    4.34                   NEUTRAL       —     NO     NO
TURBOUSDT        ACCUMULATION    FAIR    4.20                WATCH_LONG       —     NO     NO
EDGEUSDT         ACCUMULATION    FAIR    4.12   DIRECTION_EMERGING_LONG    0.45     NO     NO
TREEUSDT         ACCUMULATION    FAIR    4.11                   NEUTRAL       —     NO     NO
BTCUSDT          ACCUMULATION   EARLY    4.08   DIRECTION_EMERGING_LONG    0.06     NO     NO
1000000MOGUSDT DISTRIBUTION_RISK    FAIR    4.07   DIRECTION_EMERGING_LONG    0.02     NO     NO
TRUMPUSDT        ACCUMULATION    FAIR    4.04                   NEUTRAL       —     NO     NO
BRETTUSDT        ACCUMULATION    FAIR    3.99                WATCH_LONG       —     NO     NO
CROUSDT          ACCUMULATION    FAIR    3.73   DIRECTION_EMERGING_LONG    0.05     NO     NO
LAUSDT            COMPRESSION   EARLY    3.65                WATCH_LONG       —     NO     NO
AEONUSDT         ACCUMULATION   EARLY    3.47                   NEUTRAL       —     NO     NO
JTOUSDT          ACCUMULATION   EARLY    3.40                WATCH_LONG       —     NO     NO
BANKUSDT          COMPRESSION   EARLY    3.37                   NEUTRAL       —     NO     NO
TRXUSDT          ACCUMULATION   EARLY    3.23   DIRECTION_EMERGING_LONG    0.06     NO     NO
LISTAUSDT        ACCUMULATION    FAIR    3.20                WATCH_LONG       —     NO     NO
XMRUSDT              RECOVERY   EARLY    2.65                WATCH_LONG       —     NO     NO
WLFIUSDT         ACCUMULATION   EARLY    2.51                   NEUTRAL       —     NO     NO
GRASSUSDT        ACCUMULATION   EARLY    2.06                   NEUTRAL       —     NO     NO

V7.4 PRE-MOVE SURVEILLANCE
Eligible: 5 | Primary: 5 | Reserve: 0

PRIMARY
 1 TREEUSDT       REVERSAL       14.00 state=NEUTRAL
 2 LITUSDT        CONTINUATION   11.64 state=DIRECTION_EMERGING_LONG
 3 ZROUSDT        REVERSAL       10.08 state=NEUTRAL
 4 ONDOUSDT       CONTINUATION    9.89 state=DIRECTION_EMERGING_LONG
 5 LAUSDT         CONTINUATION    9.84 state=WATCH_LONG

Run ID: a40b4302feec3b4b5f26521fb6da402a
Snapshot saved: /home/runner/work/Alpha-Hunter/Alpha-Hunter/data/snapshots/snapshot-20260820T163930Z.json
State history: /home/runner/work/Alpha-Hunter/Alpha-Hunter/data/state-history.jsonl
Supabase: SAVED
Qualified discovery candidates: 5
EARLY candidates: 1
V7 Trade Ready: 0
Bitget private API: NOT_CONFIGURED
