V7.5 state restored from Supabase: 207

ALPHA HUNTER V7.5 OPPORTUNITY LIFECYCLE
Run ID: a40b4302feec3b4b5f26521fb6da402a
Timestamp: 2026-08-20T16:39:30.106522+00:00
Lifecycle candidates: 5

NEW    LITUSDT        CONTINUATION  state=DIRECTION_EMERGING   det=1   v74=11.64 rank=2 shadow= 0.00 provisional=ACTIVE final=PENDING
NEW    ONDOUSDT       CONTINUATION  state=DIRECTION_EMERGING   det=1   v74= 9.89 rank=4 shadow= 0.00 provisional=ACTIVE final=PENDING
UPDATE ZROUSDT        REVERSAL      state=PRE_MOVE_DETECTED    det=2   v74=10.07 rank=1 shadow= 8.51 provisional=ACTIVE final=PENDING
UPDATE TREEUSDT       REVERSAL      state=PRE_MOVE_DETECTED    det=3   v74=12.29 rank=3 shadow=14.23 provisional=ACTIVE final=PENDING
UPDATE LAUSDT         CONTINUATION  state=PRE_MOVE_DETECTED    det=2   v74= 9.84 rank=4 shadow= 0.00 provisional=ACTIVE final=PENDING

Supabase lifecycle rows upserted: 209
Supabase lifecycle row count: 209

====================================================================================================
V7.5 LIFECYCLE SUMMARY
====================================================================================================
Episodes stored: 209
Created this run: 2
Updated this run: 3
Active episodes: 209

STATE COUNTS
DIRECTION_EMERGING       17
FINALIZED                139
PRE_MOVE_DETECTED        53

State file: /home/runner/work/Alpha-Hunter/Alpha-Hunter/data/v75-lifecycle-episodes.json
History file: /home/runner/work/Alpha-Hunter/Alpha-Hunter/data/v75-lifecycle-history.jsonl

V7.5 LIFECYCLE JOB: PASS
