
==============================================================================================================
ALPHA HUNTER V7.5 INDEPENDENT EPISODE MARKET TRACKER
==============================================================================================================
Episodes stored: 209
Active episodes: 70

ADAUSDT        REVERSAL      now=   -0.05% UP=    0.30% DOWN=  -12.70% 3=Y 5=Y 10=Y checks=44
DOGEUSDT       CONTINUATION  now=   14.56% UP=   14.63% DOWN=   -2.32% 3=Y 5=Y 10=Y checks=44
SKYAIUSDT      REVERSAL      now=  -26.10% UP=    0.00% DOWN=  -48.62% 3=Y 5=Y 10=Y checks=44
SOLUSDT        CONTINUATION  now=   12.93% UP=   13.25% DOWN=   -4.13% 3=Y 5=Y 10=Y checks=44
SUIUSDT        CONTINUATION  now=    5.91% UP=    6.11% DOWN=   -7.26% 3=Y 5=Y 10=- checks=44
COOKIEUSDT     CONTINUATION  now=  -11.42% UP=    0.00% DOWN=  -18.26% 3=Y 5=Y 10=Y checks=44
BTWUSDT        CONTINUATION  now=   96.31% UP=  107.11% DOWN=    0.00% 3=Y 5=Y 10=Y checks=44
CYSUSDT        CONTINUATION  now=  -46.50% UP=   78.38% DOWN=  -50.85% 3=Y 5=Y 10=Y checks=44
GWEIUSDT       REVERSAL      now=    4.18% UP=   17.67% DOWN=   -2.98% 3=Y 5=Y 10=Y checks=44
BICOUSDT       REVERSAL      now=  -61.48% UP=    0.00% DOWN=  -61.82% 3=Y 5=Y 10=Y checks=44
SUIUSDT        CONTINUATION  now=    7.18% UP=    7.38% DOWN=   -6.16% 3=Y 5=Y 10=- checks=44
MMTUSDT        REVERSAL      now=  -13.12% UP=    0.00% DOWN=  -17.89% 3=Y 5=Y 10=Y checks=44
IOTXUSDT       REVERSAL      now=   -2.71% UP=    0.00% DOWN=  -11.34% 3=Y 5=Y 10=Y checks=44
FORMUSDT       REVERSAL      now=    9.86% UP=   11.70% DOWN=   -7.88% 3=Y 5=Y 10=Y checks=44
JTOUSDT        REVERSAL      now=    4.84% UP=    8.18% DOWN=   -0.43% 3=Y 5=Y 10=- checks=44
4USDT          REVERSAL      now=  -12.68% UP=    0.00% DOWN=  -22.21% 3=Y 5=Y 10=Y checks=44
MUBARAKUSDT    REVERSAL      now=   -3.81% UP=    0.20% DOWN=  -24.10% 3=Y 5=Y 10=Y checks=44
PUMPUSDT       REVERSAL      now=   27.56% UP=   33.27% DOWN=   -5.65% 3=Y 5=Y 10=Y checks=44
HYPEUSDT       REVERSAL      now=   31.83% UP=   31.88% DOWN=   -0.62% 3=Y 5=Y 10=Y checks=44
ACUUSDT        REVERSAL      now=    5.85% UP=   16.62% DOWN=   -4.40% 3=Y 5=Y 10=Y checks=44
BTWUSDT        CONTINUATION  now=   31.71% UP=   38.89% DOWN=  -10.16% 3=Y 5=Y 10=Y checks=44
AEONUSDT       CONTINUATION  now=    5.14% UP=   28.99% DOWN=   -6.91% 3=Y 5=Y 10=Y checks=44
ZECUSDT        REVERSAL      now=   17.45% UP=   18.15% DOWN=   -0.72% 3=Y 5=Y 10=Y checks=19
HYPEUSDT       REVERSAL      now=   26.34% UP=   26.38% DOWN=   -1.10% 3=Y 5=Y 10=Y checks=19
OUSDT          CONTINUATION  now=    0.35% UP=    1.24% DOWN=   -6.18% 3=Y 5=Y 10=- checks=19
LINKUSDT       CONTINUATION  now=   12.96% UP=   14.63% DOWN=    0.00% 3=Y 5=Y 10=Y checks=19
1000RATSUSDT   REVERSAL      now=    2.59% UP=    9.83% DOWN=   -4.96% 3=Y 5=Y 10=- checks=14
SOLUSDT        CONTINUATION  now=   12.50% UP=   13.63% DOWN=   -0.19% 3=Y 5=Y 10=Y checks=14
REDUSDT        REVERSAL      now=   18.16% UP=   35.87% DOWN=   -1.25% 3=Y 5=Y 10=Y checks=14
AEONUSDT       REVERSAL      now=   -6.32% UP=    5.43% DOWN=  -10.95% 3=Y 5=Y 10=Y checks=14
BTCUSDT        CONTINUATION  now=   12.33% UP=   12.96% DOWN=   -0.08% 3=Y 5=Y 10=Y checks=14
ETHUSDT        CONTINUATION  now=   21.22% UP=   21.67% DOWN=   -0.01% 3=Y 5=Y 10=Y checks=14
VVVUSDT        REVERSAL      now=    4.42% UP=    6.91% DOWN=   -0.21% 3=Y 5=Y 10=- checks=10
LAUSDT         CONTINUATION  now=   -2.04% UP=    0.31% DOWN=   -5.57% 3=Y 5=Y 10=- checks=10
ACEUSDT        REVERSAL      now=   37.01% UP=   50.31% DOWN=   -6.91% 3=Y 5=Y 10=Y checks=9
LAUSDT         CONTINUATION  now=    1.32% UP=    3.74% DOWN=   -2.33% 3=Y 5=- 10=- checks=9
CAPUSDT        REVERSAL      now=   -3.33% UP=    2.43% DOWN=   -5.09% 3=Y 5=Y 10=- checks=9
POLUSDT        CONTINUATION  now=    0.74% UP=    1.54% DOWN=   -0.88% 3=- 5=- 10=- checks=8
OPNUSDT        REVERSAL      now=    1.66% UP=    3.44% DOWN=   -2.15% 3=Y 5=- 10=- checks=8
LAUSDT         REVERSAL      now=    1.33% UP=    3.76% DOWN=   -2.32% 3=Y 5=- 10=- checks=8
PUMPUSDT       CONTINUATION  now=   17.32% UP=   22.71% DOWN=   -0.32% 3=Y 5=Y 10=Y checks=8
ONGUSDT        CONTINUATION  now=   23.96% UP=   36.50% DOWN=   -4.60% 3=Y 5=Y 10=Y checks=7
TRXUSDT        REVERSAL      now=    2.04% UP=    2.18% DOWN=    0.00% 3=- 5=- 10=- checks=7
XMRUSDT        REVERSAL      now=    2.53% UP=    2.53% DOWN=   -0.04% 3=- 5=- 10=- checks=6
VVVUSDT        REVERSAL      now=    3.86% UP=    6.34% DOWN=   -0.75% 3=Y 5=Y 10=- checks=6
AEONUSDT       REVERSAL      now=   -7.15% UP=    0.20% DOWN=  -11.74% 3=Y 5=Y 10=Y checks=6
LAUSDT         REVERSAL      now=    3.50% UP=    5.97% DOWN=    0.00% 3=Y 5=Y 10=- checks=6
CAPUSDT        REVERSAL      now=   -1.05% UP=    4.34% DOWN=   -2.85% 3=Y 5=- 10=- checks=6
WLFIUSDT       REVERSAL      now=    0.90% UP=    2.00% DOWN=   -0.31% 3=- 5=- 10=- checks=5
ONGUSDT        REVERSAL      now=   28.02% UP=   40.80% DOWN=   -1.60% 3=Y 5=Y 10=Y checks=5
XMRUSDT        REVERSAL      now=    1.14% UP=    1.24% DOWN=   -0.92% 3=- 5=- 10=- checks=5
LAUSDT         CONTINUATION  now=    2.60% UP=    5.05% DOWN=   -0.60% 3=Y 5=Y 10=- checks=5
1000RATSUSDT   CONTINUATION  now=   -4.17% UP=    2.60% DOWN=   -5.06% 3=Y 5=Y 10=- checks=5
VVVUSDT        REVERSAL      now=    3.18% UP=    5.64% DOWN=   -0.08% 3=Y 5=Y 10=- checks=4
WLDUSDT        CONTINUATION  now=    2.14% UP=    2.50% DOWN=   -1.33% 3=- 5=- 10=- checks=4
CAPUSDT        REVERSAL      now=   -1.52% UP=    1.66% DOWN=   -3.36% 3=Y 5=- 10=- checks=4
BRUSDT         CONTINUATION  now=   -1.08% UP=    9.22% DOWN=   -2.81% 3=Y 5=Y 10=- checks=4
MUBARAKUSDT    REVERSAL      now=   -1.08% UP=    3.04% DOWN=   -2.94% 3=Y 5=- 10=- checks=3
TREEUSDT       REVERSAL      now=    1.56% UP=    2.01% DOWN=   -0.25% 3=- 5=- 10=- checks=3
ZROUSDT        CONTINUATION  now=   -2.96% UP=    0.95% DOWN=   -3.14% 3=Y 5=- 10=- checks=3
ACUUSDT        REVERSAL      now=   -5.78% UP=    0.20% DOWN=   -7.79% 3=Y 5=Y 10=- checks=2
1000RATSUSDT   CONTINUATION  now=   -3.53% UP=    0.63% DOWN=   -4.42% 3=Y 5=- 10=- checks=2
LAUSDT         CONTINUATION  now=    1.35% UP=    3.74% DOWN=   -0.09% 3=Y 5=- 10=- checks=2
VVVUSDT        CONTINUATION  now=    0.85% UP=    3.25% DOWN=   -0.44% 3=Y 5=- 10=- checks=2
UNIUSDT        CONTINUATION  now=    0.84% UP=    0.84% DOWN=    0.00% 3=- 5=- 10=- checks=2
LAUSDT         CONTINUATION  now=    0.65% UP=    0.65% DOWN=    0.00% 3=- 5=- 10=- checks=2
NEARUSDT       CONTINUATION  now=    0.46% UP=    0.46% DOWN=   -0.24% 3=- 5=- 10=- checks=2
ZROUSDT        REVERSAL      now=   -0.07% UP=    0.09% DOWN=   -0.12% 3=- 5=- 10=- checks=2
LITUSDT        CONTINUATION  now=   -0.04% UP=    0.04% DOWN=   -0.25% 3=- 5=- 10=- checks=1
ONDOUSDT       CONTINUATION  now=    0.03% UP=    0.03% DOWN=    0.00% 3=- 5=- 10=- checks=1

==============================================================================================================
TRACKER SUMMARY
==============================================================================================================
Checked: 70
Failed: 0
Supabase rows upserted: 209
3% episodes: 169
5% episodes: 152
10% episodes: 109

V7.5 EPISODE MARKET TRACKER: PASS
