
ALPHA HUNTER V7.1 — 2026-08-18T16:36:13.538938+00:00

Universe: 26 deep-scanned of 759 contracts
Eligible after prefilter: 317
Non-crypto rejected: 290

SYMBOL                  PHASE    TIME   BEHAV                     STATE      RR   DISC  TRADE
---------------------------------------------------------------------------------------------
BTWUSDT             EXPANSION    FAIR    6.98   DIRECTION_EMERGING_LONG    0.66     NO     NO
CYSUSDT             EXPANSION    FAIR    6.51                   NEUTRAL       —     NO     NO
ALLOUSDT         ACCUMULATION   EARLY    5.72                WATCH_LONG       —    YES     NO
APRUSDT          ACCUMULATION    FAIR    5.46                   NEUTRAL       —    YES     NO
GPSUSDT             EXPANSION    LATE    5.28                   NEUTRAL       —     NO     NO
HUSDT             COMPRESSION   EARLY    5.25               WATCH_SHORT       —    YES     NO
SKYAIUSDT           BREAKDOWN    FAIR    4.86  DIRECTION_EMERGING_SHORT    0.01     NO     NO
TUTUSDT             EXPANSION    LATE    4.63                   NEUTRAL       —     NO     NO
PUMPUSDT          COMPRESSION   EARLY    4.56                   NEUTRAL       —     NO     NO
BTCUSDT           COMPRESSION   EARLY    4.50                WATCH_LONG       —     NO     NO
HYPEUSDT          COMPRESSION   EARLY    4.39               WATCH_SHORT       —     NO     NO
OPNUSDT          ACCUMULATION    FAIR    4.37                   NEUTRAL       —     NO     NO
PEPEUSDT             RECOVERY   EARLY    4.11                WATCH_LONG       —     NO     NO
VVVUSDT          ACCUMULATION    FAIR    4.06                   NEUTRAL       —     NO     NO
LINKUSDT         ACCUMULATION   EARLY    3.88   DIRECTION_EMERGING_LONG    0.37     NO     NO
NEARUSDT             IGNITION   EARLY    3.83               WATCH_SHORT       —     NO     NO
ETHUSDT          ACCUMULATION   EARLY    3.64                WATCH_LONG       —     NO     NO
ZECUSDT           COMPRESSION   EARLY    3.32                   NEUTRAL       —     NO     NO
ADAUSDT          ACCUMULATION   EARLY    3.31                   NEUTRAL       —     NO     NO
DOGEUSDT         ACCUMULATION   EARLY    3.11   DIRECTION_EMERGING_LONG    0.28     NO     NO
SOLUSDT          ACCUMULATION   EARLY    3.08                WATCH_LONG       —     NO     NO
BNBUSDT          ACCUMULATION   EARLY    2.86                   NEUTRAL       —     NO     NO
GALAUSDT         ACCUMULATION    FAIR    2.34                   NEUTRAL       —     NO     NO
FIGHTUSDT           BREAKDOWN    FAIR    2.33  DIRECTION_EMERGING_SHORT    0.16     NO     NO
XRPUSDT          ACCUMULATION   EARLY    2.28                   NEUTRAL       —     NO     NO
IRYSUSDT            BREAKDOWN    FAIR    1.92  DIRECTION_EMERGING_SHORT    0.07     NO     NO

V7.4 PRE-MOVE SURVEILLANCE
Eligible: 6 | Primary: 5 | Reserve: 1

PRIMARY
 1 PUMPUSDT       REVERSAL       12.35 state=NEUTRAL
 2 GPSUSDT        CONTINUATION   11.49 state=NEUTRAL
 3 ZECUSDT        REVERSAL       11.10 state=NEUTRAL
 4 BTWUSDT        CONTINUATION   11.00 state=DIRECTION_EMERGING_LONG
 5 HYPEUSDT       REVERSAL        9.81 state=WATCH_SHORT

RESERVE
 6 BTCUSDT        CONTINUATION    8.91 state=WATCH_LONG

Run ID: 21df04280d689c1ce37ba7f2417382d0
Snapshot saved: /home/runner/work/Alpha-Hunter/Alpha-Hunter/data/snapshots/snapshot-20260818T163613Z.json
State history: /home/runner/work/Alpha-Hunter/Alpha-Hunter/data/state-history.jsonl
Supabase: SAVED
Qualified discovery candidates: 3
EARLY candidates: 2
V7 Trade Ready: 0
Bitget private API: NOT_CONFIGURED
