
ALPHA HUNTER V7.1 — 2026-08-18T22:28:00.508627+00:00

Universe: 28 deep-scanned of 759 contracts
Eligible after prefilter: 319
Non-crypto rejected: 290

SYMBOL                  PHASE    TIME   BEHAV                     STATE      RR   DISC  TRADE
---------------------------------------------------------------------------------------------
PUMPUSDT       DISTRIBUTION_RISK    FAIR    7.23   DIRECTION_EMERGING_LONG    0.04     NO     NO
GPSUSDT             EXPANSION    LATE    6.72                WATCH_LONG       —     NO     NO
CYSUSDT          ACCUMULATION    FAIR    6.64               WATCH_SHORT       —    YES     NO
VELVETUSDT          EXPANSION    LATE    5.83                WATCH_LONG       —     NO     NO
TRIAUSDT       EXPANSION_MANAGEMENT    FAIR    5.42                WATCH_LONG       —     NO     NO
BTWUSDT             EXPANSION    LATE    4.99                   NEUTRAL       —     NO     NO
TUTUSDT          ACCUMULATION    FAIR    4.36                   NEUTRAL       —     NO     NO
1000RATSUSDT     ACCUMULATION    FAIR    4.29                   NEUTRAL       —     NO     NO
APRUSDT          ACCUMULATION    FAIR    3.95                   NEUTRAL       —     NO     NO
ZECUSDT          ACCUMULATION   EARLY    3.69   DIRECTION_EMERGING_LONG    1.44     NO     NO
BTCUSDT           COMPRESSION   EARLY    3.64                   NEUTRAL       —     NO     NO
BNBUSDT          ACCUMULATION   EARLY    3.63  DIRECTION_EMERGING_SHORT    0.57     NO     NO
PEPEUSDT         ACCUMULATION   EARLY    3.63                   NEUTRAL       —     NO     NO
BEATUSDT         ACCUMULATION    FAIR    3.61                   NEUTRAL       —     NO     NO
ADAUSDT           COMPRESSION   EARLY    3.55               WATCH_SHORT       —     NO     NO
LAUSDT           ACCUMULATION    FAIR    3.53                   NEUTRAL       —     NO     NO
IRYSUSDT         ACCUMULATION    FAIR    3.43               WATCH_SHORT       —     NO     NO
XRPUSDT           COMPRESSION   EARLY    3.38                   NEUTRAL       —     NO     NO
DOGEUSDT         ACCUMULATION   EARLY    3.35                   NEUTRAL       —     NO     NO
GALAUSDT         ACCUMULATION    FAIR    3.29                   NEUTRAL       —     NO     NO
LINKUSDT          COMPRESSION   EARLY    3.27                   NEUTRAL       —     NO     NO
ETHUSDT          ACCUMULATION   EARLY    3.01                WATCH_LONG       —     NO     NO
NEARUSDT         ACCUMULATION   EARLY    2.98  DIRECTION_EMERGING_SHORT    0.14     NO     NO
SOLUSDT          ACCUMULATION   EARLY    2.97                WATCH_LONG       —     NO     NO
HYPEUSDT         ACCUMULATION   EARLY    2.96               WATCH_SHORT       —     NO     NO
NILUSDT          ACCUMULATION   EARLY    2.90                   NEUTRAL       —     NO     NO
ARXUSDT           COMPRESSION   EARLY    2.77                   NEUTRAL       —     NO     NO
FIGHTUSDT           BREAKDOWN    FAIR    2.39  DIRECTION_EMERGING_SHORT    0.09     NO     NO

V7.4 PRE-MOVE SURVEILLANCE
Eligible: 3 | Primary: 3 | Reserve: 0

PRIMARY
 1 GPSUSDT        CONTINUATION   11.94 state=WATCH_LONG
 2 LINKUSDT       REVERSAL        9.72 state=NEUTRAL
 3 BTCUSDT        CONTINUATION    8.73 state=NEUTRAL

Run ID: 16f172f51053bacc793e2f8e3a31bead
Snapshot saved: /home/runner/work/Alpha-Hunter/Alpha-Hunter/data/snapshots/snapshot-20260818T222800Z.json
State history: /home/runner/work/Alpha-Hunter/Alpha-Hunter/data/state-history.jsonl
Supabase: SAVED
Qualified discovery candidates: 1
EARLY candidates: 0
V7 Trade Ready: 0
Bitget private API: NOT_CONFIGURED
