
==============================================================================================================
ALPHA HUNTER V7.5 INDEPENDENT EPISODE MARKET TRACKER
==============================================================================================================
Episodes stored: 150
Active episodes: 65

ADAUSDT        REVERSAL      now=  -12.59% UP=    0.00% DOWN=  -12.70% 3=Y 5=Y 10=Y checks=43
DOGEUSDT       CONTINUATION  now=   -0.81% UP=    0.00% DOWN=   -2.32% 3=- 5=- 10=- checks=43
SKYAIUSDT      REVERSAL      now=  -49.47% UP=    0.00% DOWN=  -49.81% 3=Y 5=Y 10=Y checks=43
SOLUSDT        CONTINUATION  now=   -0.31% UP=    0.19% DOWN=   -4.13% 3=Y 5=- 10=- checks=43
SUIUSDT        CONTINUATION  now=   -7.39% UP=    0.00% DOWN=   -7.92% 3=Y 5=Y 10=- checks=43
COOKIEUSDT     CONTINUATION  now=  -17.48% UP=    0.00% DOWN=  -18.26% 3=Y 5=Y 10=Y checks=43
BTWUSDT        CONTINUATION  now=  101.47% UP=  107.11% DOWN=    0.00% 3=Y 5=Y 10=Y checks=43
CYSUSDT        CONTINUATION  now=  -49.47% UP=   78.38% DOWN=  -50.85% 3=Y 5=Y 10=Y checks=43
GWEIUSDT       REVERSAL      now=   -3.58% UP=   17.67% DOWN=   -4.36% 3=Y 5=Y 10=Y checks=43
BICOUSDT       REVERSAL      now=  -60.17% UP=    0.00% DOWN=  -60.61% 3=Y 5=Y 10=Y checks=43
SUIUSDT        CONTINUATION  now=   -6.29% UP=    0.00% DOWN=   -6.82% 3=Y 5=Y 10=- checks=43
MMTUSDT        REVERSAL      now=  -17.69% UP=    0.00% DOWN=  -17.89% 3=Y 5=Y 10=Y checks=43
IOTXUSDT       REVERSAL      now=  -10.53% UP=    0.00% DOWN=  -11.34% 3=Y 5=Y 10=Y checks=43
FORMUSDT       REVERSAL      now=   -6.59% UP=    0.00% DOWN=   -7.88% 3=Y 5=Y 10=- checks=43
JTOUSDT        REVERSAL      now=   -1.13% UP=    8.18% DOWN=   -1.31% 3=Y 5=Y 10=- checks=43
4USDT          REVERSAL      now=  -17.33% UP=    0.00% DOWN=  -22.21% 3=Y 5=Y 10=Y checks=43
MUBARAKUSDT    REVERSAL      now=  -14.78% UP=    0.00% DOWN=  -24.10% 3=Y 5=Y 10=Y checks=43
PUMPUSDT       REVERSAL      now=    6.07% UP=    6.46% DOWN=   -5.65% 3=Y 5=Y 10=- checks=43
HYPEUSDT       REVERSAL      now=    4.26% UP=    5.13% DOWN=   -0.62% 3=Y 5=Y 10=- checks=43
ACUUSDT        REVERSAL      now=    6.86% UP=   16.62% DOWN=   -4.40% 3=Y 5=Y 10=Y checks=43
BTWUSDT        CONTINUATION  now=   35.10% UP=   38.89% DOWN=  -10.16% 3=Y 5=Y 10=Y checks=43
AEONUSDT       CONTINUATION  now=   22.28% UP=   28.99% DOWN=   -6.91% 3=Y 5=Y 10=Y checks=43
BTWUSDT        CONTINUATION  now=   14.79% UP=   18.01% DOWN=   -3.49% 3=Y 5=Y 10=Y checks=15
ETHUSDT        CONTINUATION  now=    0.51% UP=    1.00% DOWN=   -0.96% 3=- 5=- 10=- checks=15
CHIPUSDT       REVERSAL      now=   -5.54% UP=    6.73% DOWN=   -6.41% 3=Y 5=Y 10=- checks=15
HYPEUSDT       CONTINUATION  now=   -0.69% UP=    2.40% DOWN=   -1.35% 3=- 5=- 10=- checks=15
BTWUSDT        REVERSAL      now=   16.75% UP=   20.03% DOWN=   -1.05% 3=Y 5=Y 10=Y checks=13
LINKUSDT       REVERSAL      now=    1.27% UP=    2.07% DOWN=   -0.03% 3=- 5=- 10=- checks=13
PUMPUSDT       REVERSAL      now=    9.21% UP=    9.35% DOWN=   -0.22% 3=Y 5=Y 10=- checks=13
HYPEUSDT       CONTINUATION  now=   -0.91% UP=    2.16% DOWN=   -1.57% 3=- 5=- 10=- checks=13
ZECUSDT        CONTINUATION  now=   -0.20% UP=    0.76% DOWN=   -1.92% 3=- 5=- 10=- checks=13
CHIPUSDT       REVERSAL      now=   -8.33% UP=    3.58% DOWN=   -9.17% 3=Y 5=Y 10=- checks=12
GPSUSDT        CONTINUATION  now=    5.78% UP=   11.21% DOWN=   -4.20% 3=Y 5=Y 10=Y checks=12
AEONUSDT       CONTINUATION  now=   -5.01% UP=    2.91% DOWN=   -7.90% 3=Y 5=Y 10=- checks=11
ETHUSDT        REVERSAL      now=    0.92% UP=    1.40% DOWN=   -0.21% 3=- 5=- 10=- checks=11
DIAUSDT        REVERSAL      now=    2.73% UP=    6.10% DOWN=   -2.57% 3=Y 5=Y 10=- checks=11
BTWUSDT        CONTINUATION  now=   16.93% UP=   20.19% DOWN=   -0.30% 3=Y 5=Y 10=Y checks=10
DIAUSDT        REVERSAL      now=    3.64% UP=    7.04% DOWN=   -0.49% 3=Y 5=Y 10=- checks=9
SOLUSDT        CONTINUATION  now=    1.21% UP=    1.71% DOWN=   -0.38% 3=- 5=- 10=- checks=9
DIAUSDT        REVERSAL      now=   -0.85% UP=    2.40% DOWN=   -2.71% 3=- 5=- 10=- checks=7
PUMPUSDT       REVERSAL      now=    7.30% UP=    7.48% DOWN=   -1.46% 3=Y 5=Y 10=- checks=7
ZECUSDT        REVERSAL      now=    0.54% UP=    1.52% DOWN=   -1.19% 3=- 5=- 10=- checks=7
AEONUSDT       CONTINUATION  now=   -4.80% UP=    2.13% DOWN=   -7.69% 3=Y 5=Y 10=- checks=7
BTCUSDT        CONTINUATION  now=    0.32% UP=    1.07% DOWN=   -0.52% 3=- 5=- 10=- checks=7
ZECUSDT        REVERSAL      now=    0.41% UP=    1.38% DOWN=   -1.11% 3=- 5=- 10=- checks=6
CHIPUSDT       REVERSAL      now=   -3.16% UP=    2.86% DOWN=   -4.05% 3=Y 5=- 10=- checks=6
LINKUSDT       REVERSAL      now=    0.07% UP=    0.87% DOWN=   -0.31% 3=- 5=- 10=- checks=6
HYPEUSDT       REVERSAL      now=   -1.44% UP=    0.14% DOWN=   -2.09% 3=- 5=- 10=- checks=6
PUMPUSDT       REVERSAL      now=    6.32% UP=    6.46% DOWN=   -1.91% 3=Y 5=Y 10=- checks=6
BTWUSDT        CONTINUATION  now=    6.63% UP=    9.60% DOWN=   -2.97% 3=Y 5=Y 10=- checks=6
GPSUSDT        CONTINUATION  now=    3.20% UP=    8.42% DOWN=   -1.12% 3=Y 5=Y 10=- checks=6
BTWUSDT        CONTINUATION  now=    1.52% UP=    4.35% DOWN=    0.00% 3=Y 5=- 10=- checks=4
GPSUSDT        CONTINUATION  now=   -1.19% UP=    1.02% DOWN=   -3.51% 3=Y 5=- 10=- checks=4
ZECUSDT        REVERSAL      now=    0.50% UP=    1.02% DOWN=   -0.10% 3=- 5=- 10=- checks=4
BTCUSDT        CONTINUATION  now=   -0.26% UP=    0.08% DOWN=   -0.31% 3=- 5=- 10=- checks=4
HYPEUSDT       REVERSAL      now=   -0.40% UP=    0.43% DOWN=   -0.58% 3=- 5=- 10=- checks=3
HYPEUSDT       REVERSAL      now=   -0.61% UP=    0.22% DOWN=   -0.78% 3=- 5=- 10=- checks=3
LINKUSDT       REVERSAL      now=    0.55% UP=    1.31% DOWN=    0.00% 3=- 5=- 10=- checks=3
LUMIAUSDT      REVERSAL      now=    1.62% UP=    1.70% DOWN=   -0.25% 3=- 5=- 10=- checks=3
SOLUSDT        CONTINUATION  now=    0.96% UP=    1.29% DOWN=    0.00% 3=- 5=- 10=- checks=3
ONGUSDT        CONTINUATION  now=   -0.47% UP=    1.21% DOWN=   -4.75% 3=Y 5=- 10=- checks=3
PUMPUSDT       CONTINUATION  now=    3.97% UP=    4.07% DOWN=   -0.14% 3=Y 5=- 10=- checks=2
BTCUSDT        CONTINUATION  now=   -0.04% UP=    0.01% DOWN=   -0.09% 3=- 5=- 10=- checks=2
ZECUSDT        CONTINUATION  now=   -0.07% UP=    0.39% DOWN=   -0.40% 3=- 5=- 10=- checks=2
GPSUSDT        CONTINUATION  now=    0.01% UP=    0.01% DOWN=    0.00% 3=- 5=- 10=- checks=1

==============================================================================================================
TRACKER SUMMARY
==============================================================================================================
Checked: 65
Failed: 0
Supabase rows upserted: 150
3% episodes: 110
5% episodes: 99
10% episodes: 62

V7.5 EPISODE MARKET TRACKER: PASS
