V7.5 state restored from Supabase: 149

ALPHA HUNTER V7.5 OPPORTUNITY LIFECYCLE
Run ID: 16f172f51053bacc793e2f8e3a31bead
Timestamp: 2026-08-18T22:28:00.508627+00:00
Lifecycle candidates: 3

NEW    GPSUSDT        CONTINUATION  state=PRE_MOVE_DETECTED    det=1   v74=11.94 rank=1 shadow= 0.00 provisional=ACTIVE final=PENDING
UPDATE BTCUSDT        CONTINUATION  state=PRE_MOVE_DETECTED    det=2   v74= 8.73 rank=2 shadow= 0.00 provisional=ACTIVE final=PENDING
UPDATE LINKUSDT       REVERSAL      state=PRE_MOVE_DETECTED    det=2   v74=10.67 rank=1 shadow= 9.32 provisional=ACTIVE final=PENDING

Supabase lifecycle rows upserted: 150
Supabase lifecycle row count: 150

====================================================================================================
V7.5 LIFECYCLE SUMMARY
====================================================================================================
Episodes stored: 150
Created this run: 1
Updated this run: 2
Active episodes: 150

STATE COUNTS
DIRECTION_EMERGING       17
EXPANSION                3
FINALIZED                85
PRE_MOVE_DETECTED        45

State file: /home/runner/work/Alpha-Hunter/Alpha-Hunter/data/v75-lifecycle-episodes.json
History file: /home/runner/work/Alpha-Hunter/Alpha-Hunter/data/v75-lifecycle-history.jsonl

V7.5 LIFECYCLE JOB: PASS
