
======================================================================================================================
ALPHA HUNTER V7.6 POST-CONFIRMATION OUTCOME TRACKER — SHADOW
======================================================================================================================
Confirmed outcome rows: 107
Created this run: 7

BTWUSDT        LONG   quality=FORWARD_COMPLETE now=  -1.81% MFE=   1.12% MAE=  -2.92% lost=Y done=-
CHIPUSDT       SHORT  quality=FORWARD_COMPLETE now=   0.99% MFE=   1.90% MAE=  -5.16% lost=- done=-
PRLUSDT        LONG   quality=FORWARD_COMPLETE now=   2.94% MFE=   6.91% MAE=  -0.99% lost=Y done=-
BTWUSDT        LONG   quality=FORWARD_COMPLETE now=  15.05% MFE=  18.49% MAE=  -3.10% lost=Y done=-
GPSUSDT        LONG   quality=FORWARD_COMPLETE now=  -0.09% MFE=   1.49% MAE=  -2.84% lost=- done=-
CHIPUSDT       SHORT  quality=FORWARD_COMPLETE now=   4.95% MFE=   5.83% MAE=  -7.40% lost=Y done=-
DIAUSDT        LONG   quality=FORWARD_COMPLETE now=  -1.92% MFE=   1.30% MAE=  -2.84% lost=Y done=-
CHIPUSDT       SHORT  quality=FORWARD_COMPLETE now=   0.99% MFE=   1.90% MAE=  -5.16% lost=- done=-
BTWUSDT        LONG   quality=FORWARD_COMPLETE now=  15.05% MFE=  18.49% MAE=  -3.10% lost=Y done=-
DIAUSDT        LONG   quality=FORWARD_COMPLETE now=  -1.92% MFE=   1.30% MAE=  -2.84% lost=Y done=-
BTWUSDT        LONG   quality=FORWARD_COMPLETE now=  13.60% MFE=  17.00% MAE=  -0.86% lost=Y done=-
HUSDT          SHORT  quality=FORWARD_COMPLETE now=   5.84% MFE=   8.29% MAE=  -0.20% lost=- done=-
LINKUSDT       LONG   quality=FORWARD_COMPLETE now=  -0.06% MFE=   0.65% MAE=  -0.36% lost=- done=-
PUMPUSDT       LONG   quality=FORWARD_COMPLETE now=   6.57% MFE=   6.71% MAE=  -0.78% lost=- done=-
ETHUSDT        LONG   quality=FORWARD_COMPLETE now=  -0.15% MFE=   0.26% MAE=  -0.37% lost=Y done=-
DOLOUSDT       LONG   quality=FORWARD_COMPLETE now=  -2.65% MFE=   8.59% MAE=  -6.66% lost=Y done=Y
SOLUSDT        LONG   quality=FORWARD_COMPLETE now=   1.04% MFE=   1.52% MAE=  -0.27% lost=Y done=-
BTCUSDT        LONG   quality=FORWARD_COMPLETE now=  -0.29% MFE=   0.12% MAE=  -0.36% lost=- done=-
BTWUSDT        LONG   quality=FORWARD_COMPLETE now=  13.60% MFE=  17.00% MAE=  -0.86% lost=Y done=-
PUMPUSDT       LONG   quality=FORWARD_COMPLETE now=   6.64% MFE=   6.74% MAE=  -0.74% lost=- done=-
LINKUSDT       LONG   quality=FORWARD_COMPLETE now=  -0.05% MFE=   0.65% MAE=  -0.36% lost=Y done=-
GPSUSDT        LONG   quality=FORWARD_COMPLETE now=  -0.80% MFE=   0.90% MAE=  -3.62% lost=Y done=-
PUMPUSDT       LONG   quality=FORWARD_COMPLETE now=   6.60% MFE=   6.71% MAE=  -0.78% lost=- done=-
LINKUSDT       LONG   quality=FORWARD_COMPLETE now=  -0.05% MFE=   0.65% MAE=  -0.36% lost=Y done=-
GPSUSDT        LONG   quality=FORWARD_COMPLETE now=   4.11% MFE=   8.81% MAE=  -6.27% lost=Y done=-
ETHUSDT        LONG   quality=FORWARD_COMPLETE now=  -0.16% MFE=   0.25% MAE=  -0.37% lost=Y done=-
AEONUSDT       SHORT  quality=FORWARD_COMPLETE now=   1.47% MFE=   2.93% MAE=  -5.58% lost=Y done=-
BTWUSDT        LONG   quality=FORWARD_COMPLETE now=   6.97% MFE=  10.18% MAE=  -0.15% lost=Y done=-
LINKUSDT       LONG   quality=FORWARD_COMPLETE now=  -0.05% MFE=   0.65% MAE=  -0.36% lost=- done=-
LUMIAUSDT      SHORT  quality=FORWARD_COMPLETE now=  -1.39% MFE=   0.05% MAE=  -1.46% lost=Y done=-
HYPEUSDT       SHORT  quality=FORWARD_COMPLETE now=  -0.05% MFE=   0.04% MAE=  -0.05% lost=- done=-
HYPEUSDT       SHORT  quality=FORWARD_COMPLETE now=  -0.09% MFE=   0.00% MAE=  -0.09% lost=- done=-
HYPEUSDT       SHORT  quality=FORWARD_COMPLETE now=  -0.09% MFE=   0.00% MAE=  -0.09% lost=- done=-
ONGUSDT        LONG   quality=FORWARD_COMPLETE now=   0.00% MFE=   0.00% MAE=   0.00% lost=- done=-
PUMPUSDT       LONG   quality=FORWARD_COMPLETE now=  -0.07% MFE=   0.03% MAE=  -0.26% lost=- done=-
HYPEUSDT       SHORT  quality=FORWARD_COMPLETE now=  -0.05% MFE=   0.04% MAE=  -0.05% lost=- done=-
HYPEUSDT       SHORT  quality=FORWARD_COMPLETE now=  -0.01% MFE=   0.07% MAE=  -0.01% lost=- done=-

======================================================================================================================
POST-CONFIRMATION TRACKER SUMMARY
======================================================================================================================
Outcome rows: 107
Created this run: 7
Tracked this run: 37
Failed: 0
Supabase rows upserted: 107
Forward complete: 107
Completed 24H: 71

IMPORTANT: OUTCOME TRACKER IS MEASUREMENT ONLY.
No trade permission was generated.

V7.6 POST-CONFIRMATION OUTCOME TRACKER: PASS
