
======================================================================================================================
ALPHA HUNTER V7.9 FULL-UNIVERSE HOURLY LEDGER — SHADOW
======================================================================================================================
Observed: 2026-08-18T22:28:02.809071+00:00
Hour bucket: 2026-08-18T22:00:00+00:00
Contract tickers: 759
Rows attempted: 759
Deep-scan selected: 28
Selection snapshot: 2026-08-18T22:28:00.508627+00:00
Selection run ID: 16f172f51053bacc793e2f8e3a31bead
Prefilter eligible: 319
Eligible not selected: 291
Non-crypto: 290
Low liquidity: 147
Over-extended: 3
Invalid price skipped: 0
Rows purged >7d: 0

TOP ABSOLUTE 24H MOVERS
SYMBOL                  24H    ELIG    SCAN  STATUS
------------------------------------------------------------------------
ACEUSDT             +44.87%       N       N  OVER_EXTENDED
SKYAIUSDT           -27.74%       N       N  OVER_EXTENDED
KORUUSDT            -26.02%       N       N  NON_CRYPTO
JCTUSDT             -25.21%       N       N  OVER_EXTENDED
SKDDUSDT            +20.84%       N       N  NON_CRYPTO
SNXXUSDT            -20.73%       N       N  NON_CRYPTO
UNITASUSDT          -20.21%       Y       N  ELIGIBLE_NOT_SELECTED
SKUUUSDT            -19.84%       N       N  NON_CRYPTO
XPINUSDT            -19.57%       Y       N  ELIGIBLE_NOT_SELECTED
RAMUSDT             -19.16%       N       N  NON_CRYPTO
CSOPSS2LHKDUSDT     -16.86%       N       N  NON_CRYPTO
MVLLUSDT            -16.64%       N       N  NON_CRYPTO
SOXSUSDT            +16.60%       N       N  NON_CRYPTO
PRLUSDT             +15.99%       Y       N  ELIGIBLE_NOT_SELECTED
AAOIUSDT            -15.96%       N       N  NON_CRYPTO

IMPORTANT: V7.9 IS MEASUREMENT/AUDIT ONLY.
Same-hour reruns do not overwrite the first stored universe snapshot.
Raw universe evidence is retained for 7 days.
No trade permission was generated.

V7.9 FULL-UNIVERSE LEDGER: PASS
