
ALPHA HUNTER V7.1 — 2026-08-18T11:29:22.141593+00:00

Universe: 29 deep-scanned of 759 contracts
Eligible after prefilter: 314
Non-crypto rejected: 290

SYMBOL                  PHASE    TIME   BEHAV                     STATE      RR   DISC  TRADE
---------------------------------------------------------------------------------------------
GPSUSDT             EXPANSION    LATE    6.65   DIRECTION_EMERGING_LONG    0.14     NO     NO
BTWUSDT          ACCUMULATION    FAIR    6.37                WATCH_LONG       —    YES     NO
OPNUSDT        DISTRIBUTION_RISK    FAIR    6.24   DIRECTION_EMERGING_LONG    0.07     NO     NO
HUSDT             COMPRESSION   EARLY    5.89  DIRECTION_EMERGING_SHORT    0.35    YES     NO
BEATUSDT            EXPANSION    LATE    5.54  DIRECTION_EMERGING_SHORT    0.04     NO     NO
AEONUSDT         ACCUMULATION    LATE    5.26                   NEUTRAL       —    YES     NO
JCTUSDT        DISTRIBUTION_RISK    FAIR    5.20                WATCH_LONG       —     NO     NO
TUTUSDT             EXPANSION    LATE    4.92                   NEUTRAL       —     NO     NO
SOLUSDT           COMPRESSION   EARLY    4.72   DIRECTION_EMERGING_LONG    0.09     NO     NO
BICOUSDT         ACCUMULATION    FAIR    4.65                   NEUTRAL       —     NO     NO
HYPEUSDT          COMPRESSION   EARLY    4.33   DIRECTION_EMERGING_LONG    0.21     NO     NO
ADAUSDT           COMPRESSION   EARLY    4.14               WATCH_SHORT       —     NO     NO
PROMUSDT         ACCUMULATION    FAIR    3.99                   NEUTRAL       —     NO     NO
BTCUSDT           COMPRESSION   EARLY    3.98   DIRECTION_EMERGING_LONG    0.14     NO     NO
PEPEUSDT          COMPRESSION   EARLY    3.98                   NEUTRAL       —     NO     NO
PRLUSDT          ACCUMULATION    FAIR    3.98                   NEUTRAL       —     NO     NO
XRPUSDT           COMPRESSION   EARLY    3.97                   NEUTRAL       —     NO     NO
TAGUSDT           COMPRESSION   EARLY    3.81               WATCH_SHORT       —     NO     NO
DOGEUSDT          COMPRESSION   EARLY    3.52                   NEUTRAL       —     NO     NO
DIAUSDT          ACCUMULATION    FAIR    3.48                WATCH_LONG       —     NO     NO
ZECUSDT           COMPRESSION   EARLY    3.46                   NEUTRAL       —     NO     NO
ETHUSDT           COMPRESSION   EARLY    3.41                   NEUTRAL       —     NO     NO
NEARUSDT          COMPRESSION   EARLY    3.20                   NEUTRAL       —     NO     NO
PUMPUSDT          COMPRESSION   EARLY    3.15                   NEUTRAL       —     NO     NO
WLDUSDT          ACCUMULATION    FAIR    3.10                   NEUTRAL       —     NO     NO
LINKUSDT         ACCUMULATION   EARLY    2.75                   NEUTRAL       —     NO     NO
GALAUSDT         ACCUMULATION    FAIR    2.49               WATCH_SHORT       —     NO     NO
FIGHTUSDT        ACCUMULATION    FAIR    2.32               WATCH_SHORT       —     NO     NO
IRYSUSDT         ACCUMULATION    FAIR    1.74                   NEUTRAL       —     NO     NO

V7.4 PRE-MOVE SURVEILLANCE
Eligible: 11 | Primary: 5 | Reserve: 5

PRIMARY
 1 DIAUSDT        REVERSAL       12.86 state=WATCH_LONG
 2 BTWUSDT        CONTINUATION   11.87 state=WATCH_LONG
 3 AEONUSDT       CONTINUATION   11.74 state=NEUTRAL
 4 ZECUSDT        REVERSAL       11.13 state=NEUTRAL
 5 PUMPUSDT       REVERSAL       10.95 state=NEUTRAL

RESERVE
 6 LINKUSDT       REVERSAL       10.59 state=NEUTRAL
 7 GPSUSDT        CONTINUATION   10.52 state=DIRECTION_EMERGING_LONG
 8 ETHUSDT        REVERSAL        9.87 state=NEUTRAL
 9 HYPEUSDT       CONTINUATION    9.79 state=DIRECTION_EMERGING_LONG
10 BTCUSDT        CONTINUATION    9.00 state=DIRECTION_EMERGING_LONG

Run ID: 44dd72e1b8fbb3bde2a38dbfef7b348b
Snapshot saved: /home/runner/work/Alpha-Hunter/Alpha-Hunter/data/snapshots/snapshot-20260818T112922Z.json
State history: /home/runner/work/Alpha-Hunter/Alpha-Hunter/data/state-history.jsonl
Supabase: SAVED
Qualified discovery candidates: 3
EARLY candidates: 1
V7 Trade Ready: 0
Bitget private API: NOT_CONFIGURED
