
==============================================================================================================
ALPHA HUNTER V7.5 INDEPENDENT EPISODE MARKET TRACKER
==============================================================================================================
Episodes stored: 129
Active episodes: 63

CYSUSDT        CONTINUATION  now=  -49.59% UP=   78.38% DOWN=  -57.84% 3=Y 5=Y 10=Y checks=64
BTWUSDT        CONTINUATION  now=   80.09% UP=  113.81% DOWN=    0.00% 3=Y 5=Y 10=Y checks=64
COOKIEUSDT     CONTINUATION  now=  -18.26% UP=    0.00% DOWN=  -18.49% 3=Y 5=Y 10=Y checks=64
SUIUSDT        CONTINUATION  now=   -7.04% UP=    0.00% DOWN=   -9.59% 3=Y 5=Y 10=- checks=64
SOLUSDT        CONTINUATION  now=   -1.28% UP=    0.00% DOWN=   -4.13% 3=Y 5=- 10=- checks=64
SKYAIUSDT      REVERSAL      now=  -34.73% UP=    0.00% DOWN=  -42.50% 3=Y 5=Y 10=Y checks=64
DOGEUSDT       CONTINUATION  now=   -0.98% UP=    0.00% DOWN=   -2.32% 3=- 5=- 10=- checks=64
ADAUSDT        REVERSAL      now=  -12.39% UP=    0.00% DOWN=  -13.51% 3=Y 5=Y 10=Y checks=64
GWEIUSDT       REVERSAL      now=    3.49% UP=   17.67% DOWN=    0.00% 3=Y 5=Y 10=Y checks=64
BICOUSDT       REVERSAL      now=  -57.96% UP=    0.00% DOWN=  -59.94% 3=Y 5=Y 10=Y checks=64
IOTXUSDT       REVERSAL      now=   -9.48% UP=    0.00% DOWN=  -11.73% 3=Y 5=Y 10=Y checks=64
MMTUSDT        REVERSAL      now=  -17.25% UP=    0.00% DOWN=  -21.43% 3=Y 5=Y 10=Y checks=64
SUIUSDT        CONTINUATION  now=   -5.92% UP=    0.00% DOWN=   -8.51% 3=Y 5=Y 10=- checks=64
MUBARAKUSDT    REVERSAL      now=  -17.18% UP=    0.00% DOWN=  -24.10% 3=Y 5=Y 10=Y checks=64
4USDT          REVERSAL      now=  -16.16% UP=    0.00% DOWN=  -22.21% 3=Y 5=Y 10=Y checks=64
JTOUSDT        REVERSAL      now=    2.19% UP=   11.45% DOWN=    0.00% 3=Y 5=Y 10=Y checks=64
FORMUSDT       REVERSAL      now=   -6.31% UP=    0.00% DOWN=   -7.88% 3=Y 5=Y 10=- checks=64
PUMPUSDT       REVERSAL      now=   -1.02% UP=    5.86% DOWN=   -6.03% 3=Y 5=Y 10=- checks=64
ACUUSDT        REVERSAL      now=    1.90% UP=   16.62% DOWN=  -12.33% 3=Y 5=Y 10=Y checks=64
HYPEUSDT       REVERSAL      now=    6.52% UP=    7.50% DOWN=   -0.62% 3=Y 5=Y 10=- checks=64
AEONUSDT       CONTINUATION  now=   28.62% UP=   32.48% DOWN=   -6.91% 3=Y 5=Y 10=Y checks=64
BTWUSDT        CONTINUATION  now=   20.77% UP=   43.38% DOWN=  -10.16% 3=Y 5=Y 10=Y checks=64
ACUUSDT        REVERSAL      now=    3.98% UP=   18.36% DOWN=   -0.93% 3=Y 5=Y 10=Y checks=19
AIOUSDT        CONTINUATION  now=  -33.03% UP=    9.09% DOWN=  -43.16% 3=Y 5=Y 10=Y checks=19
NILUSDT        REVERSAL      now=   -4.04% UP=    5.53% DOWN=   -7.89% 3=Y 5=Y 10=- checks=19
PRLUSDT        CONTINUATION  now=   13.63% UP=   19.78% DOWN=   -6.51% 3=Y 5=Y 10=Y checks=19
DOLOUSDT       REVERSAL      now=    0.84% UP=   14.32% DOWN=   -1.73% 3=Y 5=Y 10=Y checks=18
BTWUSDT        REVERSAL      now=   10.31% UP=   11.93% DOWN=   -3.90% 3=Y 5=Y 10=Y checks=17
LINKUSDT       CONTINUATION  now=   -0.42% UP=    0.77% DOWN=   -1.79% 3=- 5=- 10=- checks=17
COWUSDT        REVERSAL      now=   -5.19% UP=    2.42% DOWN=   -6.80% 3=Y 5=Y 10=- checks=16
AEONUSDT       CONTINUATION  now=   11.89% UP=   15.25% DOWN=   -2.99% 3=Y 5=Y 10=Y checks=15
WLDUSDT        REVERSAL      now=   -7.78% UP=    2.07% DOWN=  -10.21% 3=Y 5=Y 10=Y checks=15
WLDUSDT        CONTINUATION  now=   -8.71% UP=    1.04% DOWN=  -11.12% 3=Y 5=Y 10=Y checks=14
AIOUSDT        REVERSAL      now=  -22.61% UP=    1.88% DOWN=  -34.36% 3=Y 5=Y 10=Y checks=14
CHIPUSDT       REVERSAL      now=   -4.44% UP=    0.20% DOWN=   -9.61% 3=Y 5=Y 10=- checks=14
PRLUSDT        REVERSAL      now=   19.47% UP=   25.93% DOWN=   -0.05% 3=Y 5=Y 10=Y checks=13
LINKUSDT       REVERSAL      now=   -0.58% UP=    0.15% DOWN=   -1.96% 3=- 5=- 10=- checks=12
CHIPUSDT       REVERSAL      now=    0.77% UP=    3.66% DOWN=   -4.71% 3=Y 5=- 10=- checks=12
HUSDT          REVERSAL      now=   -5.44% UP=    6.35% DOWN=   -6.01% 3=Y 5=Y 10=- checks=12
LINKUSDT       CONTINUATION  now=   -0.47% UP=    0.23% DOWN=   -1.85% 3=- 5=- 10=- checks=10
HYPEUSDT       REVERSAL      now=    1.89% UP=    2.82% DOWN=    0.00% 3=- 5=- 10=- checks=10
BTWUSDT        CONTINUATION  now=    2.60% UP=    4.12% DOWN=   -3.49% 3=Y 5=- 10=- checks=9
ETHUSDT        CONTINUATION  now=    0.03% UP=    0.54% DOWN=   -0.96% 3=- 5=- 10=- checks=9
CHIPUSDT       REVERSAL      now=    3.62% UP=    6.73% DOWN=   -1.88% 3=Y 5=Y 10=- checks=9
HYPEUSDT       CONTINUATION  now=    1.46% UP=    2.40% DOWN=   -0.31% 3=- 5=- 10=- checks=9
PUMPUSDT       REVERSAL      now=    1.70% UP=    2.46% DOWN=   -0.22% 3=- 5=- 10=- checks=7
HYPEUSDT       CONTINUATION  now=    1.23% UP=    2.16% DOWN=   -0.53% 3=- 5=- 10=- checks=7
ZECUSDT        CONTINUATION  now=   -0.83% UP=    0.50% DOWN=   -1.40% 3=- 5=- 10=- checks=7
BTWUSDT        REVERSAL      now=    4.35% UP=    5.89% DOWN=   -1.05% 3=Y 5=Y 10=- checks=7
LINKUSDT       REVERSAL      now=    1.04% UP=    1.75% DOWN=   -0.03% 3=- 5=- 10=- checks=7
GPSUSDT        CONTINUATION  now=    2.90% UP=    8.66% DOWN=   -4.20% 3=Y 5=Y 10=- checks=6
CHIPUSDT       REVERSAL      now=    0.56% UP=    3.58% DOWN=   -4.50% 3=Y 5=- 10=- checks=6
AEONUSDT       CONTINUATION  now=   -0.09% UP=    2.91% DOWN=   -4.92% 3=Y 5=- 10=- checks=5
ETHUSDT        REVERSAL      now=    0.42% UP=    0.54% DOWN=   -0.21% 3=- 5=- 10=- checks=5
DIAUSDT        REVERSAL      now=    3.53% UP=    3.85% DOWN=   -2.57% 3=Y 5=- 10=- checks=5
BTWUSDT        CONTINUATION  now=    4.57% UP=    6.04% DOWN=   -0.30% 3=Y 5=Y 10=- checks=4
DIAUSDT        REVERSAL      now=    4.45% UP=    4.78% DOWN=   -0.49% 3=Y 5=- 10=- checks=3
SOLUSDT        CONTINUATION  now=    0.20% UP=    0.47% DOWN=   -0.38% 3=- 5=- 10=- checks=3
AEONUSDT       CONTINUATION  now=    0.13% UP=    0.13% DOWN=    0.00% 3=- 5=- 10=- checks=1
BTCUSDT        CONTINUATION  now=   -0.03% UP=    0.00% DOWN=   -0.06% 3=- 5=- 10=- checks=1
DIAUSDT        REVERSAL      now=   -0.08% UP=    0.00% DOWN=   -0.08% 3=- 5=- 10=- checks=1
ZECUSDT        REVERSAL      now=   -0.08% UP=    0.00% DOWN=   -0.09% 3=- 5=- 10=- checks=1
PUMPUSDT       REVERSAL      now=   -0.04% UP=    0.00% DOWN=   -0.07% 3=- 5=- 10=- checks=1

==============================================================================================================
TRACKER SUMMARY
==============================================================================================================
Checked: 63
Failed: 0
Supabase rows upserted: 129
3% episodes: 101
5% episodes: 88
10% episodes: 56

V7.5 EPISODE MARKET TRACKER: PASS
