V7.5 state restored from Supabase: 124

ALPHA HUNTER V7.5 OPPORTUNITY LIFECYCLE
Run ID: 44dd72e1b8fbb3bde2a38dbfef7b348b
Timestamp: 2026-08-18T11:29:22.141593+00:00
Lifecycle candidates: 10

UPDATE GPSUSDT        CONTINUATION  state=EXPANSION            det=6   v74=10.98 rank=2 shadow= 0.00 provisional=NON_TRADEABLE_EXPANSION final=PENDING
UPDATE BTWUSDT        CONTINUATION  state=EXPANSION            det=4   v74= 9.00 rank=7 shadow= 0.00 provisional=NON_TRADEABLE_EXPANSION final=PENDING
NEW    AEONUSDT       CONTINUATION  state=PRE_MOVE_DETECTED    det=1   v74=11.74 rank=3 shadow= 0.00 provisional=ACTIVE final=PENDING
UPDATE HYPEUSDT       CONTINUATION  state=DIRECTION_EMERGING   det=7   v74= 9.86 rank=3 shadow= 0.00 provisional=ACTIVE final=PENDING
NEW    BTCUSDT        CONTINUATION  state=DIRECTION_EMERGING   det=1   v74= 9.00 rank=10 shadow= 0.00 provisional=ACTIVE final=PENDING
NEW    DIAUSDT        REVERSAL      state=PRE_MOVE_DETECTED    det=1   v74=12.86 rank=1 shadow= 4.29 provisional=ACTIVE final=PENDING
NEW    ZECUSDT        REVERSAL      state=PRE_MOVE_DETECTED    det=1   v74=11.13 rank=4 shadow= 5.61 provisional=ACTIVE final=PENDING
UPDATE ETHUSDT        REVERSAL      state=PRE_MOVE_DETECTED    det=5   v74= 9.84 rank=8 shadow= 9.73 provisional=ACTIVE final=PENDING
NEW    PUMPUSDT       REVERSAL      state=PRE_MOVE_DETECTED    det=1   v74=10.95 rank=5 shadow= 4.34 provisional=ACTIVE final=PENDING
UPDATE LINKUSDT       REVERSAL      state=PRE_MOVE_DETECTED    det=7   v74= 9.78 rank=5 shadow=11.73 provisional=ACTIVE final=PENDING

Supabase lifecycle rows upserted: 129
Supabase lifecycle row count: 129

====================================================================================================
V7.5 LIFECYCLE SUMMARY
====================================================================================================
Episodes stored: 129
Created this run: 5
Updated this run: 5
Active episodes: 129

STATE COUNTS
DIRECTION_EMERGING       12
EXPANSION                7
FINALIZED                66
PRE_MOVE_DETECTED        44

State file: /home/runner/work/Alpha-Hunter/Alpha-Hunter/data/v75-lifecycle-episodes.json
History file: /home/runner/work/Alpha-Hunter/Alpha-Hunter/data/v75-lifecycle-history.jsonl

V7.5 LIFECYCLE JOB: PASS
