
======================================================================================================================
ALPHA HUNTER V7.6 DIRECTION-PROOF ENGINE — SHADOW
======================================================================================================================
Eligible forward episodes: 36

SYMBOL         PATH          DIR         CONF   LONG   SHORT       15M        1H
----------------------------------------------------------------------------------------------------------------------
BTWUSDT        REVERSAL      LONG       56.2%   4.50    0.00   BULLISH   BULLISH
LINKUSDT       CONTINUATION  UNKNOWN     0.0%   1.50    0.00     MIXED     MIXED
COWUSDT        REVERSAL      UNKNOWN     0.0%   1.50    3.00     MIXED   BEARISH
AEONUSDT       CONTINUATION  LONG       63.1%   5.50    1.50   BULLISH   BULLISH
WLDUSDT        REVERSAL      UNKNOWN     0.0%   3.50    2.00   BULLISH   BEARISH
WLDUSDT        CONTINUATION  UNKNOWN     0.0%   3.50    2.00   BULLISH   BEARISH
AIOUSDT        REVERSAL      UNKNOWN     0.0%   3.50    0.00   BULLISH     MIXED
CHIPUSDT       REVERSAL      UNKNOWN     0.0%   0.00    0.00     MIXED     MIXED
PRLUSDT        REVERSAL      SHORT      42.5%   2.00    4.00     MIXED   BULLISH
LINKUSDT       REVERSAL      UNKNOWN     0.0%   1.50    0.00     MIXED     MIXED
CHIPUSDT       REVERSAL      UNKNOWN     0.0%   0.00    0.00     MIXED     MIXED
HUSDT          REVERSAL      SHORT     100.0%   0.00    8.00   BEARISH   BEARISH
LINKUSDT       CONTINUATION  UNKNOWN     0.0%   1.50    0.00     MIXED     MIXED
HYPEUSDT       REVERSAL      LONG       50.0%   4.00    0.00   BULLISH   BULLISH
BTWUSDT        CONTINUATION  LONG       56.2%   4.50    0.00   BULLISH   BULLISH
ETHUSDT        CONTINUATION  UNKNOWN     0.0%   3.50    0.00   BULLISH     MIXED
CHIPUSDT       REVERSAL      UNKNOWN     0.0%   0.00    0.00     MIXED     MIXED
HYPEUSDT       CONTINUATION  LONG       50.0%   4.00    0.00   BULLISH   BULLISH
PUMPUSDT       REVERSAL      UNKNOWN     0.0%   3.00    1.50   BULLISH     MIXED
HYPEUSDT       CONTINUATION  LONG       50.0%   4.00    0.00   BULLISH   BULLISH
ZECUSDT        CONTINUATION  UNKNOWN     0.0%   1.00    3.50     MIXED   BEARISH
BTWUSDT        REVERSAL      LONG       56.2%   4.50    0.00   BULLISH   BULLISH
LINKUSDT       REVERSAL      UNKNOWN     0.0%   1.50    0.00     MIXED     MIXED
GPSUSDT        CONTINUATION  LONG      100.0%   8.00    0.00   BULLISH   BULLISH
CHIPUSDT       REVERSAL      UNKNOWN     0.0%   0.00    0.00     MIXED     MIXED
AEONUSDT       CONTINUATION  LONG       68.8%   5.50    0.00   BULLISH   BULLISH
ETHUSDT        REVERSAL      UNKNOWN     0.0%   3.50    0.00   BULLISH     MIXED
DIAUSDT        REVERSAL      LONG       75.0%   6.00    0.00   BULLISH     MIXED
BTWUSDT        CONTINUATION  LONG       68.8%   5.50    0.00   BULLISH   BULLISH
DIAUSDT        REVERSAL      LONG       75.0%   6.00    0.00   BULLISH     MIXED
SOLUSDT        CONTINUATION  LONG       68.8%   5.50    0.00   BULLISH   BULLISH
AEONUSDT       CONTINUATION  LONG       68.8%   5.50    0.00   BULLISH   BULLISH
BTCUSDT        CONTINUATION  LONG       50.0%   4.00    0.00   BULLISH   BULLISH
DIAUSDT        REVERSAL      LONG       75.0%   6.00    0.00   BULLISH     MIXED
ZECUSDT        REVERSAL      UNKNOWN     0.0%   1.00    3.50     MIXED   BEARISH
PUMPUSDT       REVERSAL      UNKNOWN     0.0%   3.00    1.50   BULLISH     MIXED

======================================================================================================================
V7.6 SHADOW SUMMARY
======================================================================================================================
Evaluated: 36
LONG: 16
SHORT: 2
UNKNOWN: 18
Failures: 0
Supabase shadow rows saved: 36
Direction state rows saved: 36
Immutable transition rows saved: 36
Transition run ID: cloud5d-20260818T112843Z
Direction emerging: 10
Direction confirmed: 7
Lost confirmation: 1

IMPORTANT: V7.6 IS SHADOW ONLY.
No trade permission was generated.

V7.6 DIRECTION SHADOW: PASS
