
======================================================================================================================
ALPHA HUNTER V7.6 POST-CONFIRMATION OUTCOME TRACKER — SHADOW
======================================================================================================================
Confirmed outcome rows: 80
Created this run: 2

PRLUSDT        LONG   quality=FORWARD_COMPLETE now=   1.42% MFE=   6.91% MAE=  -0.83% lost=Y done=-
CHIPUSDT       SHORT  quality=FORWARD_COMPLETE now=  -0.92% MFE=   4.44% MAE=  -3.95% lost=Y done=-
BTWUSDT        LONG   quality=FORWARD_COMPLETE now=   3.29% MFE=   4.54% MAE=  -3.10% lost=Y done=-
PRLUSDT        SHORT  quality=FORWARD_COMPLETE now= -17.00% MFE=   3.73% MAE= -23.33% lost=Y done=-
COWUSDT        SHORT  quality=FORWARD_COMPLETE now=   3.29% MFE=   4.84% MAE=  -4.57% lost=Y done=-
PIXELUSDT      SHORT  quality=FORWARD_COMPLETE now=  -3.04% MFE=   1.95% MAE=  -8.42% lost=Y done=Y
WLDUSDT        SHORT  quality=FORWARD_COMPLETE now=   7.29% MFE=   9.65% MAE=  -0.77% lost=- done=-
WLDUSDT        SHORT  quality=FORWARD_COMPLETE now=   7.29% MFE=   9.65% MAE=  -0.77% lost=- done=-
AIOUSDT        LONG   quality=FORWARD_COMPLETE now= -32.57% MFE=   9.66% MAE= -42.87% lost=Y done=Y
ACUUSDT        LONG   quality=FORWARD_COMPLETE now=   1.59% MFE=  15.63% MAE=  -2.76% lost=Y done=Y
BASEDUSDT      SHORT  quality=FORWARD_COMPLETE now=   1.66% MFE=   4.62% MAE=  -0.41% lost=Y done=-
AIOUSDT        SHORT  quality=FORWARD_COMPLETE now=  21.48% MFE=  33.47% MAE=  -0.81% lost=Y done=-
CHIPUSDT       SHORT  quality=FORWARD_COMPLETE now=   1.55% MFE=   6.78% MAE=  -1.41% lost=Y done=-
BTWUSDT        LONG   quality=FORWARD_COMPLETE now=   3.27% MFE=   4.54% MAE=  -3.10% lost=Y done=-
CHIPUSDT       LONG   quality=FORWARD_COMPLETE now=  -4.41% MFE=   5.31% MAE=  -9.49% lost=Y done=Y
AEONUSDT       LONG   quality=FORWARD_COMPLETE now=  12.35% MFE=  14.97% MAE=  -3.23% lost=Y done=Y
CHIPUSDT       SHORT  quality=FORWARD_COMPLETE now=  -4.26% MFE=   0.98% MAE=  -7.40% lost=Y done=-
AIOUSDT        LONG   quality=FORWARD_COMPLETE now= -32.62% MFE=   9.66% MAE= -42.87% lost=Y done=Y
DOLOUSDT       LONG   quality=FORWARD_COMPLETE now=  -4.21% MFE=   8.59% MAE=  -6.66% lost=Y done=-
BTWUSDT        LONG   quality=FORWARD_COMPLETE now=   1.97% MFE=   2.32% MAE=  -0.86% lost=- done=-
AEONUSDT       LONG   quality=FORWARD_COMPLETE now=   4.82% MFE=   7.18% MAE=  -9.78% lost=Y done=-
NILUSDT        SHORT  quality=FORWARD_COMPLETE now=  -2.47% MFE=   0.04% MAE= -12.85% lost=Y done=-
NILUSDT        SHORT  quality=FORWARD_COMPLETE now=  -2.47% MFE=   0.04% MAE= -12.85% lost=Y done=-
GPSUSDT        LONG   quality=FORWARD_COMPLETE now=   0.57% MFE=   6.31% MAE=  -6.27% lost=- done=-
BTWUSDT        LONG   quality=FORWARD_COMPLETE now=   1.96% MFE=   2.32% MAE=  -0.86% lost=- done=-
HUSDT          SHORT  quality=FORWARD_COMPLETE now=   0.05% MFE=   0.05% MAE=   0.00% lost=- done=-
SOLUSDT        LONG   quality=FORWARD_COMPLETE now=   0.00% MFE=   0.00% MAE=   0.00% lost=- done=-

======================================================================================================================
POST-CONFIRMATION TRACKER SUMMARY
======================================================================================================================
Outcome rows: 80
Created this run: 2
Tracked this run: 27
Failed: 0
Supabase rows upserted: 80
Forward complete: 80
Completed 24H: 59

IMPORTANT: OUTCOME TRACKER IS MEASUREMENT ONLY.
No trade permission was generated.

V7.6 POST-CONFIRMATION OUTCOME TRACKER: PASS
