
======================================================================================================================
ALPHA HUNTER V7.9 FULL-UNIVERSE HOURLY LEDGER — SHADOW
======================================================================================================================
Observed: 2026-08-18T11:29:25.049323+00:00
Hour bucket: 2026-08-18T11:00:00+00:00
Contract tickers: 759
Rows attempted: 759
Deep-scan selected: 29
Selection snapshot: 2026-08-18T11:29:22.141593+00:00
Selection run ID: 44dd72e1b8fbb3bde2a38dbfef7b348b
Prefilter eligible: 314
Eligible not selected: 285
Non-crypto: 290
Low liquidity: 153
Over-extended: 2
Invalid price skipped: 0
Rows purged >7d: 0

TOP ABSOLUTE 24H MOVERS
SYMBOL                  24H    ELIG    SCAN  STATUS
------------------------------------------------------------------------
AIOUSDT             -33.77%       N       N  OVER_EXTENDED
VELVETUSDT          -25.77%       N       N  OVER_EXTENDED
REDUSDT             +19.30%       Y       N  ELIGIBLE_NOT_SELECTED
VVVUSDT             +18.81%       Y       N  ELIGIBLE_NOT_SELECTED
BEATUSDT            -18.61%       Y       Y  DEEP_SCAN_SELECTED
UNITASUSDT          -18.25%       Y       N  ELIGIBLE_NOT_SELECTED
TUTUSDT             +17.27%       Y       Y  DEEP_SCAN_SELECTED
OPNUSDT             +16.55%       Y       Y  DEEP_SCAN_SELECTED
FIGHTUSDT           -15.47%       Y       Y  DEEP_SCAN_SELECTED
JCTUSDT             +14.41%       Y       Y  DEEP_SCAN_SELECTED
ZHIPUUSDT           -13.18%       N       N  NON_CRYPTO
GALAUSDT            -13.16%       Y       Y  DEEP_SCAN_SELECTED
ZHIPUHKDUSDT        -13.11%       N       N  NON_CRYPTO
IRYSUSDT            -13.09%       Y       Y  DEEP_SCAN_SELECTED
KORUUSDT            -13.00%       N       N  NON_CRYPTO

IMPORTANT: V7.9 IS MEASUREMENT/AUDIT ONLY.
Same-hour reruns do not overwrite the first stored universe snapshot.
Raw universe evidence is retained for 7 days.
No trade permission was generated.

V7.9 FULL-UNIVERSE LEDGER: PASS
