
ALPHA HUNTER V7.1 — 2026-08-20T11:30:31.471816+00:00

Universe: 30 deep-scanned of 759 contracts
Eligible after prefilter: 373
Non-crypto rejected: 294

SYMBOL                  PHASE    TIME   BEHAV                     STATE      RR   DISC  TRADE
---------------------------------------------------------------------------------------------
GPSUSDT           COMPRESSION   EARLY    5.74  DIRECTION_EMERGING_SHORT    0.07    YES     NO
MONUSDT          ACCUMULATION    FAIR    5.05                WATCH_LONG       —    YES     NO
TRIAUSDT          COMPRESSION   EARLY    4.84                   NEUTRAL       —     NO     NO
1000RATSUSDT     ACCUMULATION   EARLY    4.63   DIRECTION_EMERGING_LONG    0.40     NO     NO
WLDUSDT          ACCUMULATION    FAIR    4.61   DIRECTION_EMERGING_LONG    0.16     NO     NO
CRVUSDT        DISTRIBUTION_RISK    FAIR    4.49   DIRECTION_EMERGING_LONG    0.02     NO     NO
THETAUSDT      DISTRIBUTION_RISK    FAIR    4.43   DIRECTION_EMERGING_LONG    0.07     NO     NO
ONGUSDT           COMPRESSION   EARLY    4.30                   NEUTRAL       —     NO     NO
INJUSDT          ACCUMULATION    FAIR    4.07   DIRECTION_EMERGING_LONG    0.07     NO     NO
LAUSDT            COMPRESSION   EARLY    4.04                   NEUTRAL       —     NO     NO
RPLUSDT          ACCUMULATION    FAIR    3.96   DIRECTION_EMERGING_LONG    0.41     NO     NO
TRXUSDT              IGNITION   EARLY    3.94   DIRECTION_EMERGING_LONG    0.00     NO     NO
XLMUSDT        DISTRIBUTION_RISK    FAIR    3.92   DIRECTION_EMERGING_LONG    0.00     NO     NO
1000SATSUSDT   DISTRIBUTION_RISK    FAIR    3.87   DIRECTION_EMERGING_LONG    0.03     NO     NO
ETHFIUSDT        ACCUMULATION    FAIR    3.70                   NEUTRAL       —     NO     NO
TUTUSDT          ACCUMULATION    FAIR    3.61               WATCH_SHORT       —     NO     NO
BTCUSDT          ACCUMULATION    FAIR    3.50   DIRECTION_EMERGING_LONG    0.08     NO     NO
KAITOUSDT         COMPRESSION   EARLY    3.39                WATCH_LONG       —     NO     NO
KAIAUSDT         ACCUMULATION    FAIR    3.31                WATCH_LONG       —     NO     NO
CROUSDT        DISTRIBUTION_RISK    FAIR    3.25   DIRECTION_EMERGING_LONG    0.03     NO     NO
VVVUSDT           COMPRESSION   EARLY    3.20                   NEUTRAL       —     NO     NO
WIFUSDT        DISTRIBUTION_RISK    FAIR    3.13                WATCH_LONG       —     NO     NO
STXUSDT          ACCUMULATION    FAIR    3.04   DIRECTION_EMERGING_LONG    0.02     NO     NO
VELVETUSDT       ACCUMULATION   EARLY    2.93                   NEUTRAL       —     NO     NO
BANKUSDT          COMPRESSION   EARLY    2.91                   NEUTRAL       —     NO     NO
BICOUSDT          COMPRESSION   EARLY    2.83                   NEUTRAL       —     NO     NO
FLOCKUSDT        ACCUMULATION    FAIR    2.72   DIRECTION_EMERGING_LONG    0.16     NO     NO
XMRUSDT          ACCUMULATION   EARLY    2.72                WATCH_LONG       —     NO     NO
WLFIUSDT         ACCUMULATION   EARLY    2.52                   NEUTRAL       —     NO     NO
TURBOUSDT        ACCUMULATION    FAIR    1.96                WATCH_LONG       —     NO     NO

V7.4 PRE-MOVE SURVEILLANCE
Eligible: 5 | Primary: 5 | Reserve: 0

PRIMARY
 1 ONGUSDT        REVERSAL       10.82 state=NEUTRAL
 2 WLFIUSDT       REVERSAL       10.72 state=NEUTRAL
 3 XMRUSDT        REVERSAL       10.68 state=WATCH_LONG
 4 LAUSDT         CONTINUATION    9.83 state=NEUTRAL
 5 1000RATSUSDT   CONTINUATION    9.72 state=DIRECTION_EMERGING_LONG

Run ID: 89ee06a5bd5b8f09a9aa3778b4039643
Snapshot saved: /home/runner/work/Alpha-Hunter/Alpha-Hunter/data/snapshots/snapshot-20260820T113031Z.json
State history: /home/runner/work/Alpha-Hunter/Alpha-Hunter/data/state-history.jsonl
Supabase: SAVED
Qualified discovery candidates: 2
EARLY candidates: 1
V7 Trade Ready: 0
Bitget private API: NOT_CONFIGURED
