
==============================================================================================================
ALPHA HUNTER V7.5 INDEPENDENT EPISODE MARKET TRACKER
==============================================================================================================
Episodes stored: 192
Active episodes: 57

CYSUSDT        CONTINUATION  now=  -44.23% UP=   78.38% DOWN=  -50.85% 3=Y 5=Y 10=Y checks=58
BTWUSDT        CONTINUATION  now=   86.75% UP=  268.12% DOWN=    0.00% 3=Y 5=Y 10=Y checks=58
COOKIEUSDT     CONTINUATION  now=   -9.63% UP=    0.00% DOWN=  -19.43% 3=Y 5=Y 10=Y checks=58
SUIUSDT        CONTINUATION  now=    3.36% UP=    4.72% DOWN=   -7.92% 3=Y 5=Y 10=- checks=58
SOLUSDT        CONTINUATION  now=   12.84% UP=   13.72% DOWN=   -4.13% 3=Y 5=Y 10=Y checks=58
SKYAIUSDT      REVERSAL      now=  -29.99% UP=    0.00% DOWN=  -53.06% 3=Y 5=Y 10=Y checks=58
DOGEUSDT       CONTINUATION  now=    8.82% UP=   10.12% DOWN=   -2.32% 3=Y 5=Y 10=Y checks=58
ADAUSDT        REVERSAL      now=   -3.74% UP=    0.00% DOWN=  -12.70% 3=Y 5=Y 10=Y checks=58
GWEIUSDT       REVERSAL      now=    2.43% UP=   17.67% DOWN=   -7.43% 3=Y 5=Y 10=Y checks=58
BICOUSDT       REVERSAL      now=  -63.92% UP=    0.00% DOWN=  -66.13% 3=Y 5=Y 10=Y checks=58
IOTXUSDT       REVERSAL      now=   -5.00% UP=    0.00% DOWN=  -11.34% 3=Y 5=Y 10=Y checks=58
MMTUSDT        REVERSAL      now=  -11.89% UP=    0.00% DOWN=  -20.84% 3=Y 5=Y 10=Y checks=58
SUIUSDT        CONTINUATION  now=    4.61% UP=    5.97% DOWN=   -6.82% 3=Y 5=Y 10=- checks=58
MUBARAKUSDT    REVERSAL      now=   -0.20% UP=   25.90% DOWN=  -24.10% 3=Y 5=Y 10=Y checks=58
4USDT          REVERSAL      now=  -12.05% UP=    0.00% DOWN=  -22.21% 3=Y 5=Y 10=Y checks=58
JTOUSDT        REVERSAL      now=    6.33% UP=    8.18% DOWN=   -2.16% 3=Y 5=Y 10=- checks=58
FORMUSDT       REVERSAL      now=   13.63% UP=   15.20% DOWN=   -7.88% 3=Y 5=Y 10=Y checks=58
PUMPUSDT       REVERSAL      now=   19.05% UP=   19.80% DOWN=   -5.65% 3=Y 5=Y 10=Y checks=58
ACUUSDT        REVERSAL      now=    7.71% UP=   29.06% DOWN=   -4.40% 3=Y 5=Y 10=Y checks=58
HYPEUSDT       REVERSAL      now=   28.78% UP=   31.44% DOWN=   -0.62% 3=Y 5=Y 10=Y checks=58
AEONUSDT       CONTINUATION  now=    5.06% UP=   28.99% DOWN=   -6.91% 3=Y 5=Y 10=Y checks=58
BTWUSDT        CONTINUATION  now=   25.04% UP=  146.86% DOWN=  -15.23% 3=Y 5=Y 10=Y checks=58
ZECUSDT        REVERSAL      now=   11.88% UP=   15.05% DOWN=   -0.72% 3=Y 5=Y 10=Y checks=15
HYPEUSDT       REVERSAL      now=   23.50% UP=   25.96% DOWN=   -1.10% 3=Y 5=Y 10=Y checks=15
OUSDT          CONTINUATION  now=   -2.35% UP=    1.24% DOWN=   -6.18% 3=Y 5=Y 10=- checks=15
LINKUSDT       CONTINUATION  now=   12.39% UP=   14.63% DOWN=    0.00% 3=Y 5=Y 10=Y checks=15
ACEUSDT        CONTINUATION  now=   -3.98% UP=    5.72% DOWN=  -19.97% 3=Y 5=Y 10=Y checks=11
1000RATSUSDT   REVERSAL      now=    7.12% UP=    8.22% DOWN=   -4.96% 3=Y 5=Y 10=- checks=10
SOLUSDT        CONTINUATION  now=   12.41% UP=   13.27% DOWN=   -0.19% 3=Y 5=Y 10=Y checks=10
REDUSDT        REVERSAL      now=   24.52% UP=   35.87% DOWN=   -1.25% 3=Y 5=Y 10=Y checks=10
AEONUSDT       REVERSAL      now=   -6.39% UP=    5.43% DOWN=   -7.49% 3=Y 5=Y 10=- checks=10
BTCUSDT        CONTINUATION  now=   11.51% UP=   12.41% DOWN=   -0.08% 3=Y 5=Y 10=Y checks=10
ETHUSDT        CONTINUATION  now=   19.42% UP=   21.67% DOWN=   -0.01% 3=Y 5=Y 10=Y checks=10
ACEUSDT        REVERSAL      now=    3.46% UP=    4.14% DOWN=  -13.85% 3=Y 5=Y 10=Y checks=9
ZECUSDT        CONTINUATION  now=   10.05% UP=   13.17% DOWN=   -0.73% 3=Y 5=Y 10=Y checks=9
ACUUSDT        CONTINUATION  now=   -5.49% UP=   12.85% DOWN=   -6.58% 3=Y 5=Y 10=Y checks=7
VVVUSDT        REVERSAL      now=    1.98% UP=    6.66% DOWN=    0.00% 3=Y 5=Y 10=- checks=6
LAUSDT         CONTINUATION  now=   -4.24% UP=    0.00% DOWN=   -5.57% 3=Y 5=Y 10=- checks=6
ACEUSDT        REVERSAL      now=   11.69% UP=   12.53% DOWN=   -6.91% 3=Y 5=Y 10=Y checks=5
LAUSDT         CONTINUATION  now=   -0.97% UP=    1.97% DOWN=   -2.33% 3=- 5=- 10=- checks=5
CAPUSDT        REVERSAL      now=   -1.58% UP=    2.43% DOWN=   -2.66% 3=- 5=- 10=- checks=5
POLUSDT        CONTINUATION  now=    0.13% UP=    1.10% DOWN=   -0.88% 3=- 5=- 10=- checks=4
OPNUSDT        REVERSAL      now=   -0.87% UP=    1.95% DOWN=   -2.15% 3=- 5=- 10=- checks=4
LAUSDT         REVERSAL      now=   -0.95% UP=    1.98% DOWN=   -2.32% 3=- 5=- 10=- checks=4
PUMPUSDT       CONTINUATION  now=    9.58% UP=   10.30% DOWN=   -0.32% 3=Y 5=Y 10=Y checks=4
ONGUSDT        CONTINUATION  now=   -3.17% UP=    3.73% DOWN=   -3.17% 3=Y 5=- 10=- checks=3
TRXUSDT        REVERSAL      now=    1.41% UP=    1.51% DOWN=    0.00% 3=- 5=- 10=- checks=3
XMRUSDT        REVERSAL      now=    1.27% UP=    1.59% DOWN=   -0.04% 3=- 5=- 10=- checks=2
VVVUSDT        REVERSAL      now=    1.43% UP=    1.80% DOWN=   -0.14% 3=- 5=- 10=- checks=2
LAUSDT         REVERSAL      now=    1.13% UP=    2.94% DOWN=    0.00% 3=- 5=- 10=- checks=2
CAPUSDT        REVERSAL      now=    0.74% UP=    4.34% DOWN=   -0.07% 3=Y 5=- 10=- checks=2
AEONUSDT       REVERSAL      now=   -7.22% UP=    0.20% DOWN=   -7.68% 3=Y 5=Y 10=- checks=2
1000RATSUSDT   CONTINUATION  now=    0.62% UP=    0.67% DOWN=    0.00% 3=- 5=- 10=- checks=1
ONGUSDT        REVERSAL      now=   -0.12% UP=    0.00% DOWN=   -0.12% 3=- 5=- 10=- checks=1
LAUSDT         CONTINUATION  now=    0.25% UP=    0.28% DOWN=    0.00% 3=- 5=- 10=- checks=1
XMRUSDT        REVERSAL      now=    0.00% UP=    0.00% DOWN=    0.00% 3=- 5=- 10=- checks=1
WLFIUSDT       REVERSAL      now=   -0.03% UP=    0.00% DOWN=   -0.05% 3=- 5=- 10=- checks=1

==============================================================================================================
TRACKER SUMMARY
==============================================================================================================
Checked: 57
Failed: 0
Supabase rows upserted: 192
3% episodes: 151
5% episodes: 142
10% episodes: 104

V7.5 EPISODE MARKET TRACKER: PASS
