
======================================================================================================================
ALPHA HUNTER V7.6 DIRECTION-PROOF ENGINE — SHADOW
======================================================================================================================
Eligible forward episodes: 34

SYMBOL         PATH          DIR         CONF   LONG   SHORT       15M        1H
----------------------------------------------------------------------------------------------------------------------
ZECUSDT        REVERSAL      LONG       56.2%   4.50    0.00   BULLISH   BULLISH
HYPEUSDT       REVERSAL      UNKNOWN     0.0%   3.50    1.00     MIXED   BULLISH
OUSDT          CONTINUATION  UNKNOWN     0.0%   1.50    3.00   BEARISH   BEARISH
LINKUSDT       CONTINUATION  LONG       56.2%   4.50    0.00   BULLISH   BULLISH
1000RATSUSDT   REVERSAL      LONG       81.2%   6.50    0.00   BULLISH   BULLISH
SOLUSDT        CONTINUATION  UNKNOWN     0.0%   3.50    0.00     MIXED   BULLISH
REDUSDT        REVERSAL      SHORT      55.0%   2.00    5.00     MIXED   BULLISH
AEONUSDT       REVERSAL      SHORT     100.0%   0.00    8.00   BEARISH   BEARISH
BTCUSDT        CONTINUATION  LONG       56.2%   4.50    0.00   BULLISH   BULLISH
ETHUSDT        CONTINUATION  LONG       68.8%   5.50    0.00   BULLISH   BULLISH
ACEUSDT        REVERSAL      LONG      100.0%   8.00    0.00   BULLISH   BULLISH
ZECUSDT        CONTINUATION  LONG       56.2%   4.50    0.00   BULLISH   BULLISH
ACUUSDT        CONTINUATION  SHORT     100.0%   0.00    8.00   BEARISH   BEARISH
VVVUSDT        REVERSAL      LONG       56.2%   4.50    0.00     MIXED   BULLISH
LAUSDT         CONTINUATION  UNKNOWN     0.0%   0.00    3.00   BEARISH     MIXED
ACEUSDT        REVERSAL      LONG      100.0%   8.00    0.00   BULLISH   BULLISH
LAUSDT         CONTINUATION  UNKNOWN     0.0%   0.00    3.00   BEARISH     MIXED
CAPUSDT        REVERSAL      SHORT      56.2%   0.00    4.50   BEARISH     MIXED
POLUSDT        CONTINUATION  UNKNOWN     0.0%   3.50    1.00     MIXED   BULLISH
OPNUSDT        REVERSAL      UNKNOWN     0.0%   1.00    0.00     MIXED     MIXED
LAUSDT         REVERSAL      UNKNOWN     0.0%   0.00    3.00   BEARISH     MIXED
PUMPUSDT       CONTINUATION  LONG      100.0%   8.00    0.00   BULLISH   BULLISH
ONGUSDT        CONTINUATION  SHORT      75.0%   0.00    6.00   BEARISH     MIXED
TRXUSDT        REVERSAL      LONG       68.8%   5.50    0.00   BULLISH   BULLISH
XMRUSDT        REVERSAL      UNKNOWN     0.0%   3.50    0.00   BULLISH     MIXED
VVVUSDT        REVERSAL      LONG       56.2%   4.50    0.00     MIXED   BULLISH
LAUSDT         REVERSAL      UNKNOWN     0.0%   0.00    3.00   BEARISH     MIXED
CAPUSDT        REVERSAL      SHORT      56.2%   0.00    4.50   BEARISH     MIXED
AEONUSDT       REVERSAL      SHORT     100.0%   0.00    8.00   BEARISH   BEARISH
1000RATSUSDT   CONTINUATION  LONG       81.2%   6.50    0.00   BULLISH   BULLISH
ONGUSDT        REVERSAL      SHORT      75.0%   0.00    6.00   BEARISH     MIXED
LAUSDT         CONTINUATION  UNKNOWN     0.0%   0.00    2.00     MIXED     MIXED
XMRUSDT        REVERSAL      UNKNOWN     0.0%   3.50    0.00   BULLISH     MIXED
WLFIUSDT       REVERSAL      UNKNOWN     0.0%   2.50    0.00   BULLISH     MIXED

======================================================================================================================
V7.6 SHADOW SUMMARY
======================================================================================================================
Evaluated: 34
LONG: 13
SHORT: 8
UNKNOWN: 13
Failures: 0
Supabase shadow rows saved: 34
Direction state rows saved: 34
Immutable transition rows saved: 34
Transition run ID: cloud5d-20260820T112945Z
Direction emerging: 12
Direction confirmed: 7
Lost confirmation: 4

IMPORTANT: V7.6 IS SHADOW ONLY.
No trade permission was generated.

V7.6 DIRECTION SHADOW: PASS
