
======================================================================================================================
ALPHA HUNTER V7.9 FULL-UNIVERSE HOURLY LEDGER — SHADOW
======================================================================================================================
Observed: 2026-08-20T11:30:34.981707+00:00
Hour bucket: 2026-08-20T11:00:00+00:00
Contract tickers: 759
Rows attempted: 759
Deep-scan selected: 30
Selection snapshot: 2026-08-20T11:30:31.471816+00:00
Selection run ID: 89ee06a5bd5b8f09a9aa3778b4039643
Prefilter eligible: 373
Eligible not selected: 343
Non-crypto: 294
Low liquidity: 84
Over-extended: 8
Invalid price skipped: 0
Rows purged >7d: 0

TOP ABSOLUTE 24H MOVERS
SYMBOL                  24H    ELIG    SCAN  STATUS
------------------------------------------------------------------------
BOMEUSDT            +72.13%       N       N  OVER_EXTENDED
MSTUUSDT            +49.13%       N       N  NON_CRYPTO
BTWUSDT             -38.60%       N       N  OVER_EXTENDED
MAGMAUSDT           +35.95%       N       N  OVER_EXTENDED
CONLUSDT            +34.94%       N       N  NON_CRYPTO
BEATUSDT            -31.77%       N       N  OVER_EXTENDED
BIOUSDT             +29.59%       N       N  OVER_EXTENDED
ORDIUSDT            +28.52%       N       N  OVER_EXTENDED
PRLUSDT             -28.47%       N       N  OVER_EXTENDED
USELESSUSDT         +28.29%       N       N  OVER_EXTENDED
REDUSDT             +24.18%       Y       N  ELIGIBLE_NOT_SELECTED
JCTUSDT             +23.76%       Y       N  ELIGIBLE_NOT_SELECTED
SCRTUSDT            -23.71%       Y       N  ELIGIBLE_NOT_SELECTED
MSTRUSDT            +23.39%       N       N  NON_CRYPTO
HYPEUSDT            +23.32%       Y       N  ELIGIBLE_NOT_SELECTED

IMPORTANT: V7.9 IS MEASUREMENT/AUDIT ONLY.
Same-hour reruns do not overwrite the first stored universe snapshot.
Raw universe evidence is retained for 7 days.
No trade permission was generated.

V7.9 FULL-UNIVERSE LEDGER: PASS
