
ALPHA HUNTER V7.1 — 2026-08-21T04:42:33.547083+00:00

Universe: 30 deep-scanned of 759 contracts
Eligible after prefilter: 374
Non-crypto rejected: 294

SYMBOL                  PHASE    TIME   BEHAV                     STATE      RR   DISC  TRADE
---------------------------------------------------------------------------------------------
STXUSDT             EXPANSION    LATE    5.83   DIRECTION_EMERGING_LONG    0.06     NO     NO
GPSUSDT           COMPRESSION   EARLY    5.34               WATCH_SHORT       —    YES     NO
ZECUSDT          ACCUMULATION   EARLY    5.20   DIRECTION_EMERGING_LONG    0.20    YES     NO
INJUSDT           COMPRESSION   EARLY    5.16                   NEUTRAL       —    YES     NO
BABYUSDT       DISTRIBUTION_RISK    LATE    5.15   DIRECTION_EMERGING_LONG    0.02     NO     NO
AAVEUSDT       DISTRIBUTION_RISK   EARLY    4.98   DIRECTION_EMERGING_LONG    0.01     NO     NO
MAGMAUSDT           EXPANSION    LATE    4.85                WATCH_LONG       —     NO     NO
TRUMPUSDT         COMPRESSION    FAIR    4.79   DIRECTION_EMERGING_LONG    0.73     NO     NO
WLDUSDT           COMPRESSION    FAIR    4.74                   NEUTRAL       —     NO     NO
ADAUSDT          ACCUMULATION    FAIR    4.68                WATCH_LONG       —     NO     NO
WIFUSDT          ACCUMULATION    FAIR    4.63   DIRECTION_EMERGING_LONG    0.09     NO     NO
SOLUSDT          ACCUMULATION   EARLY    4.61                WATCH_LONG       —     NO     NO
XPLUSDT          ACCUMULATION    FAIR    4.47   DIRECTION_EMERGING_LONG    0.02     NO     NO
ICXUSDT          ACCUMULATION    FAIR    4.45                   NEUTRAL       —     NO     NO
REUSDT            COMPRESSION    FAIR    4.42                   NEUTRAL       —     NO     NO
ONDOUSDT         ACCUMULATION   EARLY    4.39   DIRECTION_EMERGING_LONG    0.11     NO     NO
ETHUSDT           COMPRESSION    FAIR    4.36                WATCH_LONG       —     NO     NO
GASUSDT          ACCUMULATION    FAIR    4.25                   NEUTRAL       —     NO     NO
CROSSUSDT        ACCUMULATION    FAIR    4.15                WATCH_LONG       —     NO     NO
PENGUUSDT        ACCUMULATION    FAIR    4.13                WATCH_LONG       —     NO     NO
LDOUSDT           COMPRESSION   EARLY    4.01                WATCH_LONG       —     NO     NO
MOODENGUSDT      ACCUMULATION    FAIR    3.82                WATCH_LONG       —     NO     NO
FARTCOINUSDT     ACCUMULATION    FAIR    3.61                   NEUTRAL       —     NO     NO
WLFIUSDT          COMPRESSION   EARLY    3.51                   NEUTRAL       —     NO     NO
XMRUSDT           COMPRESSION   EARLY    3.34                   NEUTRAL       —     NO     NO
FETUSDT          ACCUMULATION    FAIR    3.33                WATCH_LONG       —     NO     NO
KAITOUSDT        ACCUMULATION   EARLY    2.83  DIRECTION_EMERGING_SHORT    0.13     NO     NO
BLESSUSDT        ACCUMULATION   EARLY    2.83                   NEUTRAL       —     NO     NO
VELVETUSDT       ACCUMULATION   EARLY    2.42                   NEUTRAL       —     NO     NO
TRXUSDT          ACCUMULATION   EARLY    1.84                   NEUTRAL       —     NO     NO

V7.4 PRE-MOVE SURVEILLANCE
Eligible: 8 | Primary: 5 | Reserve: 3

PRIMARY
 1 WLFIUSDT       REVERSAL       12.52 state=NEUTRAL
 2 XMRUSDT        REVERSAL       12.24 state=NEUTRAL
 3 INJUSDT        CONTINUATION   10.00 state=NEUTRAL
 4 TRUMPUSDT      CONTINUATION   10.00 state=DIRECTION_EMERGING_LONG
 5 WLDUSDT        CONTINUATION   10.00 state=NEUTRAL

RESERVE
 6 REUSDT         CONTINUATION   10.00 state=NEUTRAL
 7 LDOUSDT        CONTINUATION   10.00 state=WATCH_LONG
 8 ONDOUSDT       CONTINUATION    9.70 state=DIRECTION_EMERGING_LONG

Run ID: c418339fae8d071896c92cd949fff3f1
Snapshot saved: /home/runner/work/Alpha-Hunter/Alpha-Hunter/data/snapshots/snapshot-20260821T044233Z.json
State history: /home/runner/work/Alpha-Hunter/Alpha-Hunter/data/state-history.jsonl
Supabase: SAVED
Qualified discovery candidates: 3
EARLY candidates: 3
V7 Trade Ready: 0
Bitget private API: NOT_CONFIGURED
