V7.4 HOURLY PERFORMANCE TRACKER
Run ID: c418339fae8d071896c92cd949fff3f1

V7.4.1 SHADOW REVERSAL
 SH SYMBOL           V74     OLD   SHADOW
--------------------------------------------------
  1 XMRUSDT            2   12.24     6.97
  2 WLFIUSDT           1   12.52     5.25
PERFORMANCE SIGNALS SAVED: 30
FEATURE ROWS SAVED: 30
V7.4 OUTCOMES 1H: saved=15 failed=0
V7.4 OUTCOMES 4H: saved=11 failed=0
V7.4 OUTCOMES 12H: saved=13 failed=0
V7.4 OUTCOMES 24H: saved=2 failed=0
OUTCOME EVALUATION COMPLETE: saved=41 failed=0

==========================================================================================
V7.4 CURRENT SURVEILLANCE COHORT
==========================================================================================
RANK SYMBOL         TIER      PATH            SCORE STATE
------------------------------------------------------------------------------------------
   1 WLFIUSDT       PRIMARY   REVERSAL        12.52 NEUTRAL
   2 XMRUSDT        PRIMARY   REVERSAL        12.24 NEUTRAL
   3 INJUSDT        PRIMARY   CONTINUATION    10.00 NEUTRAL
   4 TRUMPUSDT      PRIMARY   CONTINUATION    10.00 DIRECTION_EMERGING_LONG
   5 WLDUSDT        PRIMARY   CONTINUATION    10.00 NEUTRAL
   6 REUSDT         RESERVE   CONTINUATION    10.00 NEUTRAL
   7 LDOUSDT        RESERVE   CONTINUATION    10.00 WATCH_LONG
   8 ONDOUSDT       RESERVE   CONTINUATION     9.70 DIRECTION_EMERGING_LONG

================================================================================================================================
V7.4 FORWARD PERFORMANCE — RAW PRICE EXPANSION
================================================================================================================================

PRIMARY / RESERVE + PATH
  H TIER      PATH              N    POS%   AVG RAW   AVG ABS    EXP3%    EXP5%   EXP10%    UP5%    DN5%
--------------------------------------------------------------------------------------------------------------------------------
  1 PRIMARY   CONTINUATION     76   60.5%    0.126%    1.183%    10.5%     1.3%     0.0%    0.0%    1.3%
  1 PRIMARY   REVERSAL         75   73.3%    1.552%    2.519%    13.3%     8.0%     2.7%    5.3%    2.7%
  1 RESERVE   CONTINUATION     42   73.8%    0.597%    1.176%     2.4%     0.0%     0.0%    0.0%    0.0%
  1 RESERVE   REVERSAL         13   69.2%    0.348%    0.755%     0.0%     0.0%     0.0%    0.0%    0.0%
  4 PRIMARY   CONTINUATION     58   65.5%    0.969%    2.056%    15.5%     1.7%     1.7%    1.7%    0.0%
  4 PRIMARY   REVERSAL         68   76.5%    2.679%    4.182%    29.4%    13.2%     5.9%    8.8%    4.4%
  4 RESERVE   CONTINUATION     30   63.3%    0.792%    1.610%    13.3%     0.0%     0.0%    0.0%    0.0%
  4 RESERVE   REVERSAL         12   58.3%   -0.002%    1.127%     0.0%     0.0%     0.0%    0.0%    0.0%
 12 PRIMARY   CONTINUATION     30   70.0%    5.175%    7.121%    40.0%    13.3%     6.7%    6.7%    6.7%
 12 PRIMARY   REVERSAL         40   52.5%   10.567%   12.719%    25.0%    15.0%    12.5%   10.0%    5.0%
 12 RESERVE   CONTINUATION      5   40.0%   -0.046%    1.216%     0.0%     0.0%     0.0%    0.0%    0.0%
 12 RESERVE   REVERSAL          4   50.0%    0.812%    1.177%    25.0%     0.0%     0.0%    0.0%    0.0%

RANK QUALITY
  H RANK BUCKET         N    POS%   AVG RAW   AVG ABS    EXP3%    EXP5%   EXP10%    UP5%    DN5%
----------------------------------------------------------------------------------------------------------------
  1 TOP_1_3            95   65.3%    1.179%    2.277%    14.7%     7.4%     2.1%    4.2%    3.2%
  1 TOP_4_5            56   69.6%    0.250%    1.118%     7.1%     0.0%     0.0%    0.0%    0.0%
  1 RESERVE_6_10       55   72.7%    0.538%    1.077%     1.8%     0.0%     0.0%    0.0%    0.0%
  4 TOP_1_3            80   72.5%    2.239%    3.735%    26.2%    11.2%     5.0%    7.5%    3.8%
  4 TOP_4_5            46   69.6%    1.287%    2.279%    17.4%     2.2%     2.2%    2.2%    0.0%
  4 RESERVE_6_10       42   61.9%    0.565%    1.472%     9.5%     0.0%     0.0%    0.0%    0.0%
 12 TOP_1_3            45   57.8%    9.517%   11.622%    28.9%    15.6%    11.1%    8.9%    6.7%
 12 TOP_4_5            25   64.0%    5.987%    7.977%    36.0%    12.0%     8.0%    8.0%    4.0%
 12 RESERVE_6_10        9   44.4%    0.335%    1.199%    11.1%     0.0%     0.0%    0.0%    0.0%

Metric definitions:
AVG RAW = average raw market return from detection price.
AVG ABS = average absolute price movement regardless of direction.
EXP3/5/10 = percentage of candidates moving at least 3% / 5% / 10% in either direction.
UP5 = raw upside move >= +5%; DN5 = raw downside move <= -5%.
No V7.4 trade-direction assumption is used in these metrics.

V7.4 TRACKING JOB: PASS
