
==============================================================================================================
ALPHA HUNTER V7.5 INDEPENDENT EPISODE MARKET TRACKER
==============================================================================================================
Episodes stored: 243
Active episodes: 95

CYSUSDT        CONTINUATION  now=  -45.41% UP=   78.38% DOWN=  -50.85% 3=Y 5=Y 10=Y checks=48
BTWUSDT        CONTINUATION  now=  111.77% UP=  147.63% DOWN=    0.00% 3=Y 5=Y 10=Y checks=48
COOKIEUSDT     CONTINUATION  now=  -11.03% UP=    0.00% DOWN=  -18.26% 3=Y 5=Y 10=Y checks=48
SUIUSDT        CONTINUATION  now=    6.55% UP=    7.05% DOWN=   -7.26% 3=Y 5=Y 10=- checks=48
SOLUSDT        CONTINUATION  now=   15.37% UP=   16.88% DOWN=   -4.13% 3=Y 5=Y 10=Y checks=48
SKYAIUSDT      REVERSAL      now=  -30.41% UP=    0.00% DOWN=  -48.62% 3=Y 5=Y 10=Y checks=48
DOGEUSDT       CONTINUATION  now=   15.99% UP=   17.48% DOWN=   -2.32% 3=Y 5=Y 10=Y checks=48
ADAUSDT        REVERSAL      now=    5.41% UP=    6.27% DOWN=  -12.70% 3=Y 5=Y 10=Y checks=48
GWEIUSDT       REVERSAL      now=   18.59% UP=   24.28% DOWN=   -2.98% 3=Y 5=Y 10=Y checks=48
BICOUSDT       REVERSAL      now=  -61.03% UP=    0.00% DOWN=  -61.82% 3=Y 5=Y 10=Y checks=48
IOTXUSDT       REVERSAL      now=   -2.29% UP=    0.00% DOWN=  -11.34% 3=Y 5=Y 10=Y checks=48
MMTUSDT        REVERSAL      now=  -13.81% UP=    0.00% DOWN=  -17.89% 3=Y 5=Y 10=Y checks=48
SUIUSDT        CONTINUATION  now=    7.84% UP=    8.33% DOWN=   -6.16% 3=Y 5=Y 10=- checks=48
MUBARAKUSDT    REVERSAL      now=   -0.40% UP=    0.90% DOWN=  -24.10% 3=Y 5=Y 10=Y checks=48
4USDT          REVERSAL      now=  -10.67% UP=    0.00% DOWN=  -22.21% 3=Y 5=Y 10=Y checks=48
JTOUSDT        REVERSAL      now=    2.35% UP=    8.18% DOWN=   -0.43% 3=Y 5=Y 10=- checks=48
FORMUSDT       REVERSAL      now=   16.08% UP=   17.37% DOWN=   -7.88% 3=Y 5=Y 10=Y checks=48
PUMPUSDT       REVERSAL      now=   39.27% UP=   39.56% DOWN=   -5.65% 3=Y 5=Y 10=Y checks=48
ACUUSDT        REVERSAL      now=   12.40% UP=   16.62% DOWN=   -4.40% 3=Y 5=Y 10=Y checks=48
HYPEUSDT       REVERSAL      now=   29.49% UP=   33.67% DOWN=   -0.62% 3=Y 5=Y 10=Y checks=48
AEONUSDT       CONTINUATION  now=    4.36% UP=   28.99% DOWN=   -6.91% 3=Y 5=Y 10=Y checks=48
BTWUSDT        CONTINUATION  now=   42.92% UP=   66.06% DOWN=  -10.16% 3=Y 5=Y 10=Y checks=48
ZECUSDT        REVERSAL      now=   15.44% UP=   18.15% DOWN=   -0.72% 3=Y 5=Y 10=Y checks=25
HYPEUSDT       REVERSAL      now=   24.09% UP=   28.10% DOWN=   -1.10% 3=Y 5=Y 10=Y checks=25
OUSDT          CONTINUATION  now=   -3.61% UP=    3.69% DOWN=   -6.18% 3=Y 5=Y 10=- checks=25
LINKUSDT       CONTINUATION  now=   14.83% UP=   16.13% DOWN=    0.00% 3=Y 5=Y 10=Y checks=25
1000RATSUSDT   REVERSAL      now=   -1.00% UP=    9.83% DOWN=   -4.96% 3=Y 5=Y 10=- checks=20
SOLUSDT        CONTINUATION  now=   14.94% UP=   16.41% DOWN=   -0.19% 3=Y 5=Y 10=Y checks=20
REDUSDT        REVERSAL      now=   17.93% UP=   35.87% DOWN=   -1.25% 3=Y 5=Y 10=Y checks=20
AEONUSDT       REVERSAL      now=   -7.01% UP=    5.43% DOWN=  -13.04% 3=Y 5=Y 10=Y checks=20
BTCUSDT        CONTINUATION  now=   16.13% UP=   17.55% DOWN=   -0.08% 3=Y 5=Y 10=Y checks=20
ETHUSDT        CONTINUATION  now=   22.19% UP=   23.93% DOWN=   -0.01% 3=Y 5=Y 10=Y checks=20
ONGUSDT        CONTINUATION  now=  101.60% UP=  158.52% DOWN=   -4.60% 3=Y 5=Y 10=Y checks=13
TRXUSDT        REVERSAL      now=    1.49% UP=    2.34% DOWN=    0.00% 3=- 5=- 10=- checks=13
XMRUSDT        REVERSAL      now=    1.28% UP=    2.93% DOWN=   -1.41% 3=- 5=- 10=- checks=12
VVVUSDT        REVERSAL      now=    3.98% UP=    6.34% DOWN=   -0.75% 3=Y 5=Y 10=- checks=12
AEONUSDT       REVERSAL      now=   -7.84% UP=    0.20% DOWN=  -13.81% 3=Y 5=Y 10=Y checks=12
LAUSDT         REVERSAL      now=    7.12% UP=    8.30% DOWN=    0.00% 3=Y 5=Y 10=- checks=12
CAPUSDT        REVERSAL      now=   -5.05% UP=    4.34% DOWN=   -8.21% 3=Y 5=Y 10=- checks=12
WLFIUSDT       REVERSAL      now=   -0.03% UP=    2.25% DOWN=   -2.27% 3=- 5=- 10=- checks=11
1000RATSUSDT   CONTINUATION  now=   -7.52% UP=    2.60% DOWN=   -8.47% 3=Y 5=Y 10=- checks=11
ONGUSDT        REVERSAL      now=  107.20% UP=  166.67% DOWN=   -1.60% 3=Y 5=Y 10=Y checks=11
XMRUSDT        REVERSAL      now=    0.02% UP=    1.64% DOWN=   -2.64% 3=- 5=- 10=- checks=11
LAUSDT         CONTINUATION  now=    6.19% UP=    7.36% DOWN=   -0.60% 3=Y 5=Y 10=- checks=11
WLDUSDT        CONTINUATION  now=    3.31% UP=    5.14% DOWN=   -1.33% 3=Y 5=Y 10=- checks=10
CAPUSDT        REVERSAL      now=   -5.54% UP=    1.66% DOWN=   -8.68% 3=Y 5=Y 10=- checks=10
BRUSDT         CONTINUATION  now=    0.29% UP=    9.22% DOWN=   -5.87% 3=Y 5=Y 10=- checks=10
VVVUSDT        REVERSAL      now=    3.30% UP=    5.64% DOWN=   -0.08% 3=Y 5=Y 10=- checks=10
MUBARAKUSDT    REVERSAL      now=    2.42% UP=    3.76% DOWN=   -4.22% 3=Y 5=- 10=- checks=9
TREEUSDT       REVERSAL      now=    2.12% UP=    5.35% DOWN=   -0.25% 3=Y 5=Y 10=- checks=9
ZROUSDT        CONTINUATION  now=   -2.48% UP=    0.95% DOWN=   -3.38% 3=Y 5=- 10=- checks=9
VVVUSDT        CONTINUATION  now=    0.96% UP=    3.25% DOWN=   -1.05% 3=Y 5=- 10=- checks=8
ACUUSDT        REVERSAL      now=   -0.12% UP=    1.11% DOWN=   -7.79% 3=Y 5=Y 10=- checks=8
1000RATSUSDT   CONTINUATION  now=   -6.90% UP=    0.63% DOWN=   -7.86% 3=Y 5=Y 10=- checks=8
LAUSDT         CONTINUATION  now=    4.86% UP=    6.02% DOWN=   -0.98% 3=Y 5=Y 10=- checks=8
NEARUSDT       CONTINUATION  now=    3.40% UP=    3.88% DOWN=   -1.95% 3=Y 5=- 10=- checks=6
ZROUSDT        REVERSAL      now=    0.42% UP=    3.90% DOWN=   -0.44% 3=Y 5=- 10=- checks=6
LAUSDT         CONTINUATION  now=    4.13% UP=    5.28% DOWN=   -1.67% 3=Y 5=Y 10=- checks=6
UNIUSDT        CONTINUATION  now=    4.39% UP=    5.70% DOWN=    0.00% 3=Y 5=Y 10=- checks=6
LITUSDT        CONTINUATION  now=   -5.10% UP=    0.71% DOWN=   -7.55% 3=Y 5=Y 10=- checks=7
ONDOUSDT       CONTINUATION  now=    2.47% UP=    3.88% DOWN=   -2.64% 3=Y 5=- 10=- checks=7
BTWUSDT        REVERSAL      now=   11.11% UP=   28.05% DOWN=   -2.37% 3=Y 5=Y 10=Y checks=6
OPUSDT         CONTINUATION  now=    0.41% UP=    2.49% DOWN=   -3.53% 3=Y 5=- 10=- checks=6
LDOUSDT        CONTINUATION  now=    1.83% UP=    2.79% DOWN=   -0.18% 3=- 5=- 10=- checks=5
XMRUSDT        REVERSAL      now=    1.84% UP=    2.88% DOWN=   -0.66% 3=- 5=- 10=- checks=5
LITUSDT        REVERSAL      now=    0.64% UP=    2.63% DOWN=   -1.95% 3=- 5=- 10=- checks=5
NEARUSDT       REVERSAL      now=    4.40% UP=    4.88% DOWN=   -0.02% 3=Y 5=- 10=- checks=5
TREEUSDT       REVERSAL      now=   -0.03% UP=    3.13% DOWN=   -1.80% 3=Y 5=- 10=- checks=5
WLDUSDT        CONTINUATION  now=    1.36% UP=    3.16% DOWN=   -0.44% 3=Y 5=- 10=- checks=5
WLFIUSDT       REVERSAL      now=   -1.02% UP=    0.02% DOWN=   -3.33% 3=Y 5=- 10=- checks=5
WLDUSDT        CONTINUATION  now=    1.25% UP=    3.05% DOWN=   -0.54% 3=Y 5=- 10=- checks=5
ZECUSDT        CONTINUATION  now=    1.95% UP=    2.05% DOWN=   -1.11% 3=- 5=- 10=- checks=5
TRUMPUSDT      CONTINUATION  now=    0.36% UP=    1.63% DOWN=   -2.65% 3=- 5=- 10=- checks=5
UNIUSDT        CONTINUATION  now=    2.98% UP=    4.28% DOWN=   -0.65% 3=Y 5=- 10=- checks=5
NEARUSDT       CONTINUATION  now=    3.58% UP=    4.06% DOWN=   -0.46% 3=Y 5=- 10=- checks=5
VVVUSDT        REVERSAL      now=    0.72% UP=    2.82% DOWN=   -1.28% 3=- 5=- 10=- checks=5
TREEUSDT       REVERSAL      now=    1.38% UP=    4.58% DOWN=   -0.42% 3=Y 5=- 10=- checks=5
LINKUSDT       CONTINUATION  now=    3.12% UP=    4.30% DOWN=   -0.89% 3=Y 5=- 10=- checks=5
ONDOUSDT       REVERSAL      now=    3.78% UP=    5.15% DOWN=   -0.11% 3=Y 5=Y 10=- checks=5
LUMIAUSDT      CONTINUATION  now=    0.19% UP=    0.71% DOWN=   -1.05% 3=- 5=- 10=- checks=5
AAVEUSDT       CONTINUATION  now=    2.29% UP=    2.59% DOWN=   -0.48% 3=- 5=- 10=- checks=4
BTWUSDT        REVERSAL      now=    7.15% UP=   22.77% DOWN=   -2.82% 3=Y 5=Y 10=Y checks=3
MAGMAUSDT      CONTINUATION  now=    3.71% UP=    6.83% DOWN=   -0.21% 3=Y 5=Y 10=- checks=3
INJUSDT        CONTINUATION  now=    0.34% UP=    0.87% DOWN=   -0.27% 3=- 5=- 10=- checks=3
RENDERUSDT     CONTINUATION  now=    0.50% UP=    1.20% DOWN=   -0.16% 3=- 5=- 10=- checks=3
TRUMPUSDT      REVERSAL      now=    1.58% UP=    2.25% DOWN=   -0.18% 3=- 5=- 10=- checks=2
LDOUSDT        CONTINUATION  now=    0.62% UP=    1.15% DOWN=   -0.06% 3=- 5=- 10=- checks=2
USELESSUSDT    CONTINUATION  now=    3.25% UP=    3.64% DOWN=   -0.47% 3=Y 5=- 10=- checks=2
HYPEUSDT       CONTINUATION  now=    0.23% UP=    0.36% DOWN=   -1.93% 3=- 5=- 10=- checks=2
MONUSDT        CONTINUATION  now=    0.00% UP=    0.53% DOWN=   -0.99% 3=- 5=- 10=- checks=2
INJUSDT        CONTINUATION  now=    0.02% UP=    0.02% DOWN=   -0.04% 3=- 5=- 10=- checks=1
TRUMPUSDT      CONTINUATION  now=   -0.18% UP=    0.00% DOWN=   -0.24% 3=- 5=- 10=- checks=1
REUSDT         CONTINUATION  now=   -0.01% UP=    0.00% DOWN=   -0.22% 3=- 5=- 10=- checks=1
ONDOUSDT       CONTINUATION  now=   -0.14% UP=    0.00% DOWN=   -0.30% 3=- 5=- 10=- checks=1
XMRUSDT        REVERSAL      now=    0.00% UP=    0.00% DOWN=    0.00% 3=- 5=- 10=- checks=1

==============================================================================================================
TRACKER SUMMARY
==============================================================================================================
Checked: 95
Failed: 0
Supabase rows upserted: 243
3% episodes: 193
5% episodes: 165
10% episodes: 111

V7.5 EPISODE MARKET TRACKER: PASS
