
======================================================================================================================
ALPHA HUNTER V7.6 POST-CONFIRMATION OUTCOME TRACKER — SHADOW
======================================================================================================================
Confirmed outcome rows: 188
Created this run: 4

LITUSDT        SHORT  quality=FORWARD_COMPLETE now=  -2.57% MFE=   0.15% MAE=  -2.99% lost=Y done=-
CAPUSDT        SHORT  quality=FORWARD_COMPLETE now=   5.18% MFE=   8.88% MAE=  -1.44% lost=Y done=-
LAUSDT         LONG   quality=FORWARD_COMPLETE now=   3.55% MFE=   4.61% MAE=  -2.30% lost=Y done=-
LAUSDT         LONG   quality=FORWARD_COMPLETE now=   3.55% MFE=   4.61% MAE=  -2.30% lost=Y done=-
ACEUSDT        SHORT  quality=FORWARD_COMPLETE now= -27.31% MFE=   5.59% MAE= -52.45% lost=Y done=-
VVVUSDT        SHORT  quality=FORWARD_COMPLETE now=  -4.13% MFE=   0.60% MAE=  -6.49% lost=Y done=-
WLDUSDT        SHORT  quality=FORWARD_COMPLETE now=  -4.29% MFE=   0.36% MAE=  -6.14% lost=Y done=-
CAPUSDT        SHORT  quality=FORWARD_COMPLETE now=   5.18% MFE=   8.88% MAE=  -1.44% lost=- done=-
LAUSDT         LONG   quality=FORWARD_COMPLETE now=   3.55% MFE=   4.61% MAE=  -2.30% lost=- done=-
LAUSDT         LONG   quality=FORWARD_COMPLETE now=   3.38% MFE=   4.61% MAE=  -2.30% lost=- done=-
TREEUSDT       SHORT  quality=FORWARD_COMPLETE now=  -1.43% MFE=   0.42% MAE=  -4.58% lost=Y done=-
MUBARAKUSDT    SHORT  quality=FORWARD_COMPLETE now=  -3.00% MFE=   3.73% MAE=  -4.30% lost=Y done=-
PUMPUSDT       LONG   quality=FORWARD_COMPLETE now=  17.17% MFE=  17.40% MAE=  -0.83% lost=- done=-
TRXUSDT        LONG   quality=FORWARD_COMPLETE now=   0.09% MFE=   0.92% MAE=  -0.21% lost=Y done=-
AEONUSDT       SHORT  quality=FORWARD_COMPLETE now=  -2.36% MFE=   4.63% MAE=  -4.85% lost=Y done=-
ONGUSDT        SHORT  quality=FORWARD_COMPLETE now=-106.22% MFE=   0.18% MAE=-166.98% lost=Y done=-
AEONUSDT       SHORT  quality=FORWARD_COMPLETE now=  -2.36% MFE=   4.63% MAE=  -4.85% lost=Y done=-
ZROUSDT        LONG   quality=FORWARD_COMPLETE now=  -2.55% MFE=   0.05% MAE=  -3.10% lost=Y done=-
UNIUSDT        LONG   quality=FORWARD_COMPLETE now=   0.39% MFE=   0.79% MAE=  -0.79% lost=Y done=-
LDOUSDT        LONG   quality=FORWARD_COMPLETE now=   0.00% MFE=   0.85% MAE=  -0.76% lost=Y done=-
ONGUSDT        SHORT  quality=FORWARD_COMPLETE now=-106.47% MFE=   0.18% MAE=-166.98% lost=Y done=-
1000RATSUSDT   LONG   quality=FORWARD_COMPLETE now=  -8.55% MFE=   0.79% MAE=  -9.60% lost=Y done=-
VVVUSDT        LONG   quality=FORWARD_COMPLETE now=   0.14% MFE=   2.22% MAE=  -1.85% lost=Y done=-
LAUSDT         LONG   quality=FORWARD_COMPLETE now=   2.28% MFE=   3.50% MAE=  -3.34% lost=Y done=-
OPUSDT         LONG   quality=FORWARD_COMPLETE now=  -0.82% MFE=   1.13% MAE=  -1.43% lost=Y done=-
LAUSDT         LONG   quality=FORWARD_COMPLETE now=   3.36% MFE=   4.61% MAE=  -2.30% lost=- done=-
XMRUSDT        LONG   quality=FORWARD_COMPLETE now=  -1.14% MFE=   0.47% MAE=  -3.77% lost=Y done=-
VVVUSDT        LONG   quality=FORWARD_COMPLETE now=   0.14% MFE=   2.22% MAE=  -1.85% lost=- done=-
LAUSDT         LONG   quality=FORWARD_COMPLETE now=   3.36% MFE=   4.61% MAE=  -2.30% lost=Y done=-
VVVUSDT        LONG   quality=FORWARD_COMPLETE now=   0.14% MFE=   2.22% MAE=  -1.85% lost=- done=-
WLFIUSDT       LONG   quality=FORWARD_COMPLETE now=  -0.52% MFE=   1.33% MAE=  -3.14% lost=- done=-
XMRUSDT        LONG   quality=FORWARD_COMPLETE now=  -1.14% MFE=   0.47% MAE=  -3.77% lost=Y done=-
NEARUSDT       LONG   quality=FORWARD_COMPLETE now=   2.14% MFE=   2.57% MAE=  -0.89% lost=- done=-
TREEUSDT       LONG   quality=FORWARD_COMPLETE now=  -2.25% MFE=   0.24% MAE=  -3.41% lost=Y done=-
1000RATSUSDT   SHORT  quality=FORWARD_COMPLETE now=   3.40% MFE=   4.51% MAE=  -2.06% lost=Y done=-
ACUUSDT        SHORT  quality=FORWARD_COMPLETE now=  -5.24% MFE=   1.81% MAE=  -6.54% lost=Y done=-
NEARUSDT       LONG   quality=FORWARD_COMPLETE now=   2.75% MFE=   3.17% MAE=  -2.78% lost=Y done=-
POLUSDT        LONG   quality=FORWARD_COMPLETE now=   2.08% MFE=   2.16% MAE=  -4.41% lost=Y done=-
ONDOUSDT       LONG   quality=FORWARD_COMPLETE now=   1.92% MFE=   3.07% MAE=  -3.40% lost=Y done=-
WLDUSDT        LONG   quality=FORWARD_COMPLETE now=  -0.03% MFE=   1.75% MAE=  -0.81% lost=Y done=-
NEARUSDT       LONG   quality=FORWARD_COMPLETE now=   1.88% MFE=   2.30% MAE=  -1.15% lost=- done=-
TREEUSDT       LONG   quality=FORWARD_COMPLETE now=  -2.25% MFE=   0.24% MAE=  -3.41% lost=Y done=-
LINKUSDT       LONG   quality=FORWARD_COMPLETE now=   1.54% MFE=   2.70% MAE=  -0.05% lost=- done=-
WLDUSDT        LONG   quality=FORWARD_COMPLETE now=  -0.27% MFE=   1.21% MAE=  -1.05% lost=Y done=-
UNIUSDT        LONG   quality=FORWARD_COMPLETE now=   0.39% MFE=   0.79% MAE=  -0.79% lost=Y done=-
ONDOUSDT       LONG   quality=FORWARD_COMPLETE now=   1.64% MFE=   2.78% MAE=  -0.33% lost=- done=-
AAVEUSDT       LONG   quality=FORWARD_COMPLETE now=   2.48% MFE=   2.77% MAE=  -0.21% lost=- done=-
LITUSDT        SHORT  quality=FORWARD_COMPLETE now=  -2.52% MFE=   0.27% MAE=  -2.87% lost=Y done=-
BTWUSDT        LONG   quality=FORWARD_COMPLETE now=   0.83% MFE=   1.08% MAE=  -0.50% lost=- done=-
BTWUSDT        LONG   quality=FORWARD_COMPLETE now=   0.92% MFE=   1.12% MAE=  -0.46% lost=- done=-
MAGMAUSDT      LONG   quality=FORWARD_COMPLETE now=  -0.05% MFE=   0.19% MAE=  -0.05% lost=- done=-
RENDERUSDT     LONG   quality=FORWARD_COMPLETE now=   0.05% MFE=   0.05% MAE=  -0.10% lost=- done=-

======================================================================================================================
POST-CONFIRMATION TRACKER SUMMARY
======================================================================================================================
Outcome rows: 188
Created this run: 4
Tracked this run: 52
Failed: 0
Supabase rows upserted: 188
Forward complete: 188
Completed 24H: 136

IMPORTANT: OUTCOME TRACKER IS MEASUREMENT ONLY.
No trade permission was generated.

V7.6 POST-CONFIRMATION OUTCOME TRACKER: PASS
