
======================================================================================================================
ALPHA HUNTER V7.6 DIRECTION-PROOF ENGINE — SHADOW
======================================================================================================================
Eligible forward episodes: 73

SYMBOL         PATH          DIR         CONF   LONG   SHORT       15M        1H
----------------------------------------------------------------------------------------------------------------------
ZECUSDT        REVERSAL      LONG      100.0%   8.00    0.00   BULLISH   BULLISH
HYPEUSDT       REVERSAL      SHORT      46.2%   1.00    4.00   BEARISH     MIXED
OUSDT          CONTINUATION  SHORT      56.2%   0.00    4.50   BEARISH   BEARISH
LINKUSDT       CONTINUATION  LONG       56.2%   4.50    0.00   BULLISH   BULLISH
1000RATSUSDT   REVERSAL      SHORT      87.5%   0.00    7.00   BEARISH   BEARISH
SOLUSDT        CONTINUATION  LONG       52.5%   4.50    1.00   BULLISH   BULLISH
REDUSDT        REVERSAL      UNKNOWN     0.0%   0.00    2.50   BEARISH     MIXED
AEONUSDT       REVERSAL      UNKNOWN     0.0%   3.50    1.00   BULLISH     MIXED
BTCUSDT        CONTINUATION  LONG       68.8%   5.50    0.00   BULLISH   BULLISH
ETHUSDT        CONTINUATION  LONG       52.5%   4.50    1.00   BULLISH   BULLISH
ONGUSDT        CONTINUATION  UNKNOWN     0.0%   3.50    3.50     MIXED   BULLISH
TRXUSDT        REVERSAL      UNKNOWN     0.0%   0.00    2.00   BEARISH     MIXED
XMRUSDT        REVERSAL      UNKNOWN     0.0%   2.00    0.00   BULLISH     MIXED
VVVUSDT        REVERSAL      UNKNOWN     0.0%   3.50    1.00     MIXED   BULLISH
AEONUSDT       REVERSAL      UNKNOWN     0.0%   3.50    1.00   BULLISH     MIXED
LAUSDT         REVERSAL      LONG      100.0%   8.00    0.00   BULLISH   BULLISH
CAPUSDT        REVERSAL      UNKNOWN     0.0%   1.00    1.50     MIXED     MIXED
WLFIUSDT       REVERSAL      UNKNOWN     0.0%   2.00    0.00   BULLISH     MIXED
1000RATSUSDT   CONTINUATION  SHORT      87.5%   0.00    7.00   BEARISH   BEARISH
ONGUSDT        REVERSAL      UNKNOWN     0.0%   3.50    3.50     MIXED   BULLISH
XMRUSDT        REVERSAL      UNKNOWN     0.0%   2.00    0.00   BULLISH     MIXED
LAUSDT         CONTINUATION  LONG      100.0%   8.00    0.00   BULLISH   BULLISH
WLDUSDT        CONTINUATION  UNKNOWN     0.0%   3.50    1.00     MIXED   BULLISH
CAPUSDT        REVERSAL      UNKNOWN     0.0%   1.00    0.00     MIXED     MIXED
BRUSDT         CONTINUATION  LONG       63.1%   5.50    1.50   BULLISH   BULLISH
VVVUSDT        REVERSAL      UNKNOWN     0.0%   3.50    1.00     MIXED   BULLISH
MUBARAKUSDT    REVERSAL      LONG       87.5%   7.00    0.00   BULLISH   BULLISH
TREEUSDT       REVERSAL      UNKNOWN     0.0%   0.00    2.00     MIXED   BEARISH
ZROUSDT        CONTINUATION  SHORT      68.8%   0.00    5.50   BEARISH   BEARISH
VVVUSDT        CONTINUATION  UNKNOWN     0.0%   3.50    1.00     MIXED   BULLISH
ACUUSDT        REVERSAL      LONG       58.8%   5.00    1.00   BULLISH     MIXED
1000RATSUSDT   CONTINUATION  SHORT      87.5%   0.00    7.00   BEARISH   BEARISH
LAUSDT         CONTINUATION  LONG      100.0%   8.00    0.00   BULLISH   BULLISH
NEARUSDT       CONTINUATION  LONG       87.5%   7.00    0.00   BULLISH   BULLISH
ZROUSDT        REVERSAL      SHORT      68.8%   0.00    5.50   BEARISH   BEARISH
LAUSDT         CONTINUATION  LONG      100.0%   8.00    0.00   BULLISH   BULLISH
UNIUSDT        CONTINUATION  LONG       56.2%   4.50    0.00   BULLISH   BULLISH
LITUSDT        CONTINUATION  UNKNOWN     0.0%   2.00    1.50     MIXED     MIXED
ONDOUSDT       CONTINUATION  LONG       56.2%   4.50    0.00   BULLISH   BULLISH
BTWUSDT        REVERSAL      LONG       58.8%   5.00    1.00     MIXED   BULLISH
OPUSDT         CONTINUATION  UNKNOWN     0.0%   3.00    0.00   BULLISH   BULLISH
LDOUSDT        CONTINUATION  LONG       68.8%   5.50    0.00   BULLISH   BULLISH
XMRUSDT        REVERSAL      UNKNOWN     0.0%   2.00    0.00   BULLISH     MIXED
LITUSDT        REVERSAL      UNKNOWN     0.0%   2.00    1.50     MIXED     MIXED
NEARUSDT       REVERSAL      LONG       87.5%   7.00    0.00   BULLISH   BULLISH
TREEUSDT       REVERSAL      UNKNOWN     0.0%   0.00    2.00     MIXED   BEARISH
WLDUSDT        CONTINUATION  UNKNOWN     0.0%   3.50    1.00     MIXED   BULLISH
WLFIUSDT       REVERSAL      UNKNOWN     0.0%   2.00    0.00   BULLISH     MIXED
WLDUSDT        CONTINUATION  UNKNOWN     0.0%   3.50    1.00     MIXED   BULLISH
ZECUSDT        CONTINUATION  LONG      100.0%   8.00    0.00   BULLISH   BULLISH
TRUMPUSDT      CONTINUATION  LONG       68.8%   5.50    0.00   BULLISH   BULLISH
UNIUSDT        CONTINUATION  LONG       56.2%   4.50    0.00   BULLISH   BULLISH
NEARUSDT       CONTINUATION  LONG       87.5%   7.00    0.00   BULLISH   BULLISH
VVVUSDT        REVERSAL      UNKNOWN     0.0%   3.50    1.00     MIXED   BULLISH
TREEUSDT       REVERSAL      UNKNOWN     0.0%   0.00    2.00     MIXED   BEARISH
LINKUSDT       CONTINUATION  LONG       56.2%   4.50    0.00   BULLISH   BULLISH
ONDOUSDT       REVERSAL      LONG       56.2%   4.50    0.00   BULLISH   BULLISH
LUMIAUSDT      CONTINUATION  UNKNOWN     0.0%   3.00    1.50     MIXED   BULLISH
AAVEUSDT       CONTINUATION  LONG       87.5%   7.00    0.00   BULLISH   BULLISH
BTWUSDT        REVERSAL      LONG       58.8%   5.00    1.00     MIXED   BULLISH
MAGMAUSDT      CONTINUATION  LONG       87.5%   7.00    0.00   BULLISH   BULLISH
INJUSDT        CONTINUATION  UNKNOWN     0.0%   0.00    1.50     MIXED     MIXED
RENDERUSDT     CONTINUATION  LONG       56.2%   4.50    0.00   BULLISH   BULLISH
TRUMPUSDT      REVERSAL      LONG       68.8%   5.50    0.00   BULLISH   BULLISH
LDOUSDT        CONTINUATION  LONG       68.8%   5.50    0.00   BULLISH   BULLISH
USELESSUSDT    CONTINUATION  LONG      100.0%   8.00    0.00   BULLISH   BULLISH
HYPEUSDT       CONTINUATION  SHORT      46.2%   1.00    4.00   BEARISH     MIXED
MONUSDT        CONTINUATION  UNKNOWN     0.0%   2.00    0.00     MIXED   BULLISH
INJUSDT        CONTINUATION  UNKNOWN     0.0%   0.00    1.50     MIXED     MIXED
TRUMPUSDT      CONTINUATION  LONG       68.8%   5.50    0.00   BULLISH   BULLISH
REUSDT         CONTINUATION  LONG       87.5%   7.00    0.00   BULLISH   BULLISH
ONDOUSDT       CONTINUATION  LONG       56.2%   4.50    0.00   BULLISH   BULLISH
XMRUSDT        REVERSAL      UNKNOWN     0.0%   2.00    0.00   BULLISH     MIXED

======================================================================================================================
V7.6 SHADOW SUMMARY
======================================================================================================================
Evaluated: 73
LONG: 34
SHORT: 8
UNKNOWN: 31
Failures: 0
Supabase shadow rows saved: 73
Direction state rows saved: 73
Immutable transition rows saved: 73
Transition run ID: cloud5d-20260821T044139Z
Direction emerging: 21
Direction confirmed: 21
Lost confirmation: 4

IMPORTANT: V7.6 IS SHADOW ONLY.
No trade permission was generated.

V7.6 DIRECTION SHADOW: PASS
