
======================================================================================================================
ALPHA HUNTER V7.7 HUGE-RR EXECUTION FEASIBILITY — SHADOW
======================================================================================================================
Confirmed direction states: 197

SKIP   ACEUSDT        insufficient closed history at confirmation
SKIP   ALICEUSDT      insufficient closed history at confirmation
SKIP   ALICEUSDT      insufficient closed history at confirmation
SKIP   HYPEUSDT       insufficient closed history at confirmation
SKIP   VELVETUSDT     insufficient closed history at confirmation
SKIP   VELVETUSDT     insufficient closed history at confirmation
SKIP   WLDUSDT        insufficient closed history at confirmation
SKIP   WLDUSDT        insufficient closed history at confirmation
SKIP   BRUSDT         insufficient closed history at confirmation
SKIP   CYSUSDT        insufficient closed history at confirmation
SKIP   ACUUSDT        insufficient closed history at confirmation
SKIP   AVNTUSDT       insufficient closed history at confirmation
SKIP   AVAXUSDT       insufficient closed history at confirmation
SKIP   ROBOUSDT       insufficient closed history at confirmation
SKIP   CAPUSDT        insufficient closed history at confirmation
SKIP   CAPUSDT        insufficient closed history at confirmation
SKIP   CAPUSDT        insufficient closed history at confirmation
SKIP   CAPUSDT        insufficient closed history at confirmation
SKIP   PUMPUSDT       insufficient closed history at confirmation
SKIP   WLFIUSDT       insufficient closed history at confirmation
SKIP   ALICEUSDT      insufficient closed history at confirmation
SKIP   CAPUSDT        insufficient closed history at confirmation
SKIP   BRUSDT         insufficient closed history at confirmation
SKIP   HYPEUSDT       insufficient closed history at confirmation
SKIP   NILUSDT        insufficient closed history at confirmation
SKIP   VELVETUSDT     insufficient closed history at confirmation
SKIP   COWUSDT        insufficient closed history at confirmation
SKIP   PUMPUSDT       insufficient closed history at confirmation
SKIP   AEONUSDT       insufficient closed history at confirmation
SKIP   FOLKSUSDT      insufficient closed history at confirmation
SKIP   PRLUSDT        insufficient closed history at confirmation
SKIP   AEONUSDT       insufficient closed history at confirmation
SKIP   DOLOUSDT       insufficient closed history at confirmation
SKIP   BTWUSDT        insufficient closed history at confirmation
SKIP   HUSDT          insufficient closed history at confirmation
SKIP   HYPEUSDT       insufficient closed history at confirmation
SKIP   WLDUSDT        insufficient closed history at confirmation
SKIP   WLDUSDT        insufficient closed history at confirmation
SKIP   WLDUSDT        insufficient closed history at confirmation
SKIP   WLDUSDT        insufficient closed history at confirmation
SKIP   AEONUSDT       insufficient closed history at confirmation
SKIP   BOMEUSDT       insufficient closed history at confirmation
SKIP   ROBOUSDT       insufficient closed history at confirmation
SKIP   VELVETUSDT     insufficient closed history at confirmation
SKIP   ONGUSDT        insufficient closed history at confirmation
SKIP   REDUSDT        insufficient closed history at confirmation
SKIP   REDUSDT        insufficient closed history at confirmation
SKIP   AIOUSDT        insufficient closed history at confirmation
SKIP   NILUSDT        insufficient closed history at confirmation
SKIP   PRLUSDT        insufficient closed history at confirmation
SKIP   PRLUSDT        insufficient closed history at confirmation
SKIP   VELVETUSDT     insufficient closed history at confirmation
SKIP   HUSDT          insufficient closed history at confirmation
SKIP   AEONUSDT       insufficient closed history at confirmation
SKIP   CHIPUSDT       insufficient closed history at confirmation
SKIP   PIXELUSDT      insufficient closed history at confirmation
SKIP   ACUUSDT        insufficient closed history at confirmation
SKIP   AIOUSDT        insufficient closed history at confirmation
SKIP   AIOUSDT        insufficient closed history at confirmation
SKIP   COWUSDT        insufficient closed history at confirmation
SKIP   PRLUSDT        insufficient closed history at confirmation
SKIP   BASEDUSDT      insufficient closed history at confirmation
SKIP   AEONUSDT       insufficient closed history at confirmation
SKIP   AIOUSDT        insufficient closed history at confirmation
SKIP   CHIPUSDT       insufficient closed history at confirmation
SKIP   NILUSDT        insufficient closed history at confirmation
SKIP   NILUSDT        insufficient closed history at confirmation
SKIP   CHIPUSDT       insufficient closed history at confirmation
SKIP   WLDUSDT        insufficient closed history at confirmation
SKIP   WLDUSDT        insufficient closed history at confirmation
SKIP   DOLOUSDT       insufficient closed history at confirmation
SKIP   BTWUSDT        insufficient closed history at confirmation
SKIP   BTWUSDT        insufficient closed history at confirmation
SKIP   CHIPUSDT       insufficient closed history at confirmation
SKIP   PRLUSDT        insufficient closed history at confirmation
SKIP   GPSUSDT        insufficient closed history at confirmation
SKIP   BTWUSDT        insufficient closed history at confirmation
SKIP   BTWUSDT        insufficient closed history at confirmation
SKIP   HUSDT          insufficient closed history at confirmation
SKIP   SOLUSDT        insufficient closed history at confirmation
SKIP   BTCUSDT        insufficient closed history at confirmation
SKIP   DIAUSDT        insufficient closed history at confirmation
SKIP   DIAUSDT        insufficient closed history at confirmation
SKIP   AEONUSDT       insufficient closed history at confirmation
SKIP   BTWUSDT        insufficient closed history at confirmation
SKIP   CHIPUSDT       insufficient closed history at confirmation
SKIP   CHIPUSDT       insufficient closed history at confirmation
SKIP   ETHUSDT        insufficient closed history at confirmation
SKIP   ETHUSDT        insufficient closed history at confirmation
SKIP   GPSUSDT        insufficient closed history at confirmation
SKIP   LINKUSDT       insufficient closed history at confirmation
SKIP   LINKUSDT       insufficient closed history at confirmation
SKIP   LINKUSDT       insufficient closed history at confirmation
SKIP   LINKUSDT       insufficient closed history at confirmation
SKIP   PUMPUSDT       insufficient closed history at confirmation
SKIP   PUMPUSDT       insufficient closed history at confirmation
SKIP   PUMPUSDT       insufficient closed history at confirmation
SKIP   BTWUSDT        insufficient closed history at confirmation
SKIP   GPSUSDT        insufficient closed history at confirmation
SKIP   LUMIAUSDT      insufficient closed history at confirmation
SKIP   HYPEUSDT       insufficient closed history at confirmation
SKIP   HYPEUSDT       insufficient closed history at confirmation
SKIP   HYPEUSDT       insufficient closed history at confirmation
SKIP   HYPEUSDT       insufficient closed history at confirmation
SKIP   HYPEUSDT       insufficient closed history at confirmation
SKIP   ONGUSDT        insufficient closed history at confirmation
SKIP   PUMPUSDT       insufficient closed history at confirmation
SKIP   GPSUSDT        insufficient closed history at confirmation
SKIP   ZECUSDT        insufficient closed history at confirmation
SKIP   ZECUSDT        insufficient closed history at confirmation
SKIP   ZECUSDT        insufficient closed history at confirmation
SKIP   ZECUSDT        insufficient closed history at confirmation
SKIP   ZECUSDT        insufficient closed history at confirmation
SKIP   BTCUSDT        insufficient closed history at confirmation
SKIP   BTCUSDT        insufficient closed history at confirmation
SKIP   BTCUSDT        insufficient closed history at confirmation
SKIP   LINKUSDT       insufficient closed history at confirmation
SKIP   LINKUSDT       insufficient closed history at confirmation
SKIP   ZECUSDT        insufficient closed history at confirmation
SKIP   PIEVERSEUSDT   insufficient closed history at confirmation
SKIP   SOLUSDT        insufficient closed history at confirmation
SKIP   AEONUSDT       insufficient closed history at confirmation
SKIP   OUSDT          insufficient closed history at confirmation
SKIP   1000RATSUSDT   insufficient closed history at confirmation
SKIP   BTCUSDT        insufficient closed history at confirmation
SKIP   ETHUSDT        insufficient closed history at confirmation
SKIP   SOLUSDT        insufficient closed history at confirmation
SKIP   ACEUSDT        insufficient closed history at confirmation
SKIP   ACEUSDT        insufficient closed history at confirmation
SKIP   ACEUSDT        insufficient closed history at confirmation
SKIP   ZECUSDT        insufficient closed history at confirmation
SKIP   HYPEUSDT       insufficient closed history at confirmation
SKIP   HYPEUSDT       insufficient closed history at confirmation
SKIP   ACUUSDT        insufficient closed history at confirmation
SKIP   REDUSDT        insufficient closed history at confirmation
SKIP   REDUSDT        insufficient closed history at confirmation
ACEUSDT        SHORT   entry=0.1897       stop=0.19766934   risk=  4.20% structRR=1.09   status=STRUCTURE_RR_LT_3
VVVUSDT        SHORT   entry=14.058       stop=14.307937    risk=  1.78% structRR=0.05   status=STRUCTURE_RR_LT_3
CAPUSDT        SHORT   entry=0.06924      stop=0.071902951  risk=  3.85% structRR=0.18   status=STRUCTURE_RR_LT_3
CAPUSDT        SHORT   entry=0.06924      stop=0.071902951  risk=  3.85% structRR=0.18   status=STRUCTURE_RR_LT_3
PUMPUSDT       LONG    entry=0.003373     stop=0.0032484087 risk=  3.69% structRR=0.18   status=STRUCTURE_RR_LT_3
TRXUSDT        LONG    entry=0.33733      stop=0.33404195   risk=  0.97% structRR=0.02   status=STRUCTURE_RR_LT_3
1000RATSUSDT   LONG    entry=0.04564      stop=0.04340759   risk=  4.89% structRR=0.03   status=STRUCTURE_RR_LT_3
AEONUSDT       SHORT   entry=0.0732       stop=0.07798225   risk=  6.53% structRR=0.15   status=STRUCTURE_RR_LT_3
AEONUSDT       SHORT   entry=0.0732       stop=0.07798225   risk=  6.53% structRR=0.15   status=STRUCTURE_RR_LT_3
ONGUSDT        SHORT   entry=0.05993      stop=0.061837473  risk=  3.18% structRR=0.28   status=STRUCTURE_RR_LT_3
ONGUSDT        SHORT   entry=0.05993      stop=0.061837473  risk=  3.18% structRR=0.28   status=STRUCTURE_RR_LT_3
MUBARAKUSDT    SHORT   entry=0.01931      stop=0.020383221  risk=  5.56% structRR=0.08   status=STRUCTURE_RR_LT_3
TREEUSDT       SHORT   entry=0.03558      stop=0.036211068  risk=  1.77% structRR=0.82   status=STRUCTURE_RR_LT_3
WLDUSDT        SHORT   entry=0.3564       stop=0.36826449   risk=  3.33% structRR=0.01   status=STRUCTURE_RR_LT_3
LAUSDT         LONG    entry=0.05773      stop=0.055954726  risk=  3.08% structRR=0.77   status=STRUCTURE_RR_LT_3
LAUSDT         LONG    entry=0.05773      stop=0.055954726  risk=  3.08% structRR=0.77   status=STRUCTURE_RR_LT_3
LAUSDT         LONG    entry=0.05773      stop=0.055954726  risk=  3.08% structRR=0.77   status=STRUCTURE_RR_LT_3
LAUSDT         LONG    entry=0.05773      stop=0.055954726  risk=  3.08% structRR=0.77   status=STRUCTURE_RR_LT_3
LAUSDT         LONG    entry=0.05773      stop=0.055954726  risk=  3.08% structRR=0.77   status=STRUCTURE_RR_LT_3
LAUSDT         LONG    entry=0.05773      stop=0.055954726  risk=  3.08% structRR=0.77   status=STRUCTURE_RR_LT_3
VVVUSDT        LONG    entry=14.618       stop=14.128859    risk=  3.35% structRR=0.70   status=STRUCTURE_RR_LT_3
VVVUSDT        LONG    entry=14.618       stop=14.128859    risk=  3.35% structRR=0.70   status=STRUCTURE_RR_LT_3
VVVUSDT        LONG    entry=14.618       stop=14.128859    risk=  3.35% structRR=0.70   status=STRUCTURE_RR_LT_3
WLFIUSDT       LONG    entry=0.06147      stop=0.060605927  risk=  1.41% structRR=0.78   status=STRUCTURE_RR_LT_3
XMRUSDT        LONG    entry=423.47       stop=414.21599    risk=  2.19% structRR=0.35   status=STRUCTURE_RR_LT_3
XMRUSDT        LONG    entry=423.47       stop=414.21599    risk=  2.19% structRR=0.35   status=STRUCTURE_RR_LT_3
1000RATSUSDT   SHORT   entry=0.04321      stop=0.045318256  risk=  4.88% structRR=0.19   status=STRUCTURE_RR_LT_3
ACUUSDT        SHORT   entry=0.12193      stop=0.13037452   risk=  6.93% structRR=0.41   status=STRUCTURE_RR_LT_3
NEARUSDT       LONG    entry=1.7614       stop=1.6993785    risk=  3.52% structRR=0.11   status=STRUCTURE_RR_LT_3
ONDOUSDT       LONG    entry=0.3586       stop=0.34856585   risk=  2.80% structRR=0.02   status=STRUCTURE_RR_LT_3
POLUSDT        LONG    entry=0.08239      stop=0.081243271  risk=  1.39% structRR=0.37   status=STRUCTURE_RR_LT_3
LAUSDT         LONG    entry=0.05835      stop=0.057531275  risk=  1.40% structRR=0.53   status=STRUCTURE_RR_LT_3
NEARUSDT       LONG    entry=1.7764       stop=1.725798     risk=  2.85% structRR=0.06   status=STRUCTURE_RR_LT_3
OPUSDT         LONG    entry=0.0977       stop=0.094245923  risk=  3.54% structRR=0.06   status=STRUCTURE_RR_LT_3
WLDUSDT        LONG    entry=0.3718       stop=0.36287871   risk=  2.40% structRR=0.04   status=STRUCTURE_RR_LT_3
ZROUSDT        LONG    entry=0.8833       stop=0.86138782   risk=  2.48% structRR=0.33   status=STRUCTURE_RR_LT_3
AAVEUSDT       LONG    entry=98.8         stop=97.284392    risk=  1.53% structRR=0.39   status=STRUCTURE_RR_LT_3
LDOUSDT        LONG    entry=0.3403       stop=0.33291593   risk=  2.17% structRR=0.30   status=STRUCTURE_RR_LT_3
LINKUSDT       LONG    entry=10.746       stop=10.494885    risk=  2.34% structRR=0.18   status=STRUCTURE_RR_LT_3
NEARUSDT       LONG    entry=1.7718       stop=1.7497209    risk=  1.25% structRR=0.51   status=STRUCTURE_RR_LT_3
ONDOUSDT       LONG    entry=0.3596       stop=0.35202016   risk=  2.11% structRR=0.38   status=STRUCTURE_RR_LT_3
TREEUSDT       LONG    entry=0.03692      stop=0.035392643  risk=  4.14% structRR=0.16   status=STRUCTURE_RR_LT_3
TREEUSDT       LONG    entry=0.03692      stop=0.035392643  risk=  4.14% structRR=0.16   status=STRUCTURE_RR_LT_3
UNIUSDT        LONG    entry=3.815        stop=3.6916367    risk=  3.23% structRR=0.07   status=STRUCTURE_RR_LT_3
UNIUSDT        LONG    entry=3.815        stop=3.6916367    risk=  3.23% structRR=0.07   status=STRUCTURE_RR_LT_3
WLDUSDT        LONG    entry=0.3727       stop=0.36418865   risk=  2.28% structRR=0.66   status=STRUCTURE_RR_LT_3
LITUSDT        SHORT   entry=2.612        stop=2.7235783    risk=  4.27% structRR=—      status=NO_STRUCTURAL_TARGET
LITUSDT        SHORT   entry=2.615        stop=2.7235783    risk=  4.15% structRR=—      status=NO_STRUCTURAL_TARGET
BTWUSDT        LONG    entry=0.445816     stop=0.39822105   risk= 10.68% structRR=1.34   status=STRUCTURE_RR_LT_3
BTWUSDT        LONG    entry=0.445626     stop=0.39822105   risk= 10.64% structRR=1.35   status=STRUCTURE_RR_LT_3
MAGMAUSDT      LONG    entry=0.24205      stop=0.23119885   risk=  4.48% structRR=0.59   status=STRUCTURE_RR_LT_3
RENDERUSDT     LONG    entry=1.4117       stop=1.3992582    risk=  0.88% structRR=0.68   status=STRUCTURE_RR_LT_3

======================================================================================================================
V7.7 EXECUTION SHADOW SUMMARY
======================================================================================================================
Confirmed direction states: 197
Execution snapshots: 52
Skipped: 145
Failures: 0
Supabase rows upserted: 52
Structure >=1:3: 0
Structure >=1:5: 0
Structure >=1:10: 0

IMPORTANT: V7.7 IS EXECUTION FEASIBILITY SHADOW ONLY.
3% / 5% / 10% are scenarios, not predicted targets.
No trade permission was generated.

V7.7 EXECUTION FEASIBILITY: PASS
