
ALPHA HUNTER V7.1 — 2026-08-19T16:36:25.028808+00:00

Universe: 30 deep-scanned of 756 contracts
Eligible after prefilter: 310
Non-crypto rejected: 291

SYMBOL                  PHASE    TIME   BEHAV                     STATE      RR   DISC  TRADE
---------------------------------------------------------------------------------------------
GRVTUSDT       DISTRIBUTION_RISK    LATE    5.65   DIRECTION_EMERGING_LONG    0.10     NO     NO
TUTUSDT             BREAKDOWN    FAIR    5.47  DIRECTION_EMERGING_SHORT    0.01     NO     NO
ZAMAUSDT       DISTRIBUTION_RISK    FAIR    5.22   DIRECTION_EMERGING_LONG    0.05     NO     NO
CYSUSDT          ACCUMULATION    FAIR    5.10                   NEUTRAL       —    YES     NO
LAUSDT            COMPRESSION    FAIR    4.95   DIRECTION_EMERGING_LONG    0.29     NO     NO
VVVUSDT           COMPRESSION   EARLY    4.94   DIRECTION_EMERGING_LONG    0.30     NO     NO
BOMEUSDT       DISTRIBUTION_RISK    FAIR    4.84   DIRECTION_EMERGING_LONG    0.08     NO     NO
HYPEUSDT       DISTRIBUTION_RISK   EARLY    4.75   DIRECTION_EMERGING_LONG    0.02     NO     NO
BROCCOLIUSDT   DISTRIBUTION_RISK    FAIR    4.67   DIRECTION_EMERGING_LONG    0.10     NO     NO
PUMPUSDT       DISTRIBUTION_RISK    FAIR    4.58   DIRECTION_EMERGING_LONG    0.30     NO     NO
ETHUSDT        DISTRIBUTION_RISK    FAIR    4.49   DIRECTION_EMERGING_LONG    0.09     NO     NO
BTCUSDT        DISTRIBUTION_RISK   EARLY    4.31   DIRECTION_EMERGING_LONG    0.22     NO     NO
CHIPUSDT             RECOVERY   EARLY    4.03                WATCH_LONG       —     NO     NO
ADAUSDT          ACCUMULATION   EARLY    4.02                WATCH_LONG       —     NO     NO
LABUSDT           COMPRESSION   EARLY    3.96                   NEUTRAL       —     NO     NO
VIRTUALUSDT      ACCUMULATION   EARLY    3.88                WATCH_LONG       —     NO     NO
BRUSDT           ACCUMULATION    FAIR    3.74                   NEUTRAL       —     NO     NO
XPINUSDT         ACCUMULATION    FAIR    3.60               WATCH_SHORT       —     NO     NO
BCHUSDT          ACCUMULATION   EARLY    3.56   DIRECTION_EMERGING_LONG    0.50     NO     NO
ESPUSDT          ACCUMULATION    FAIR    3.56   DIRECTION_EMERGING_LONG    0.19     NO     NO
NIGHTUSDT      DISTRIBUTION_RISK    FAIR    3.51   DIRECTION_EMERGING_LONG    0.13     NO     NO
KAITOUSDT         COMPRESSION   EARLY    3.44                   NEUTRAL       —     NO     NO
TRIAUSDT            BREAKDOWN    FAIR    3.37  DIRECTION_EMERGING_SHORT    0.03     NO     NO
ONDOUSDT         ACCUMULATION   EARLY    3.31                WATCH_LONG       —     NO     NO
SHIBUSDT         ACCUMULATION   EARLY    3.30                WATCH_LONG       —     NO     NO
BANKUSDT          COMPRESSION   EARLY    3.29                   NEUTRAL       —     NO     NO
BNBUSDT          ACCUMULATION   EARLY    3.15                WATCH_LONG       —     NO     NO
SOLUSDT        DISTRIBUTION_RISK   EARLY    2.90                WATCH_LONG       —     NO     NO
GRIFFAINUSDT   DISTRIBUTION_RISK    FAIR    2.64                WATCH_LONG       —     NO     NO
CFGUSDT          ACCUMULATION    FAIR    1.54                   NEUTRAL       —     NO     NO

V7.4 PRE-MOVE SURVEILLANCE
Eligible: 2 | Primary: 2 | Reserve: 0

PRIMARY
 1 LAUSDT         CONTINUATION   10.00 state=DIRECTION_EMERGING_LONG
 2 VVVUSDT        CONTINUATION    9.89 state=DIRECTION_EMERGING_LONG

Run ID: be15df3b081050bce118835bf318423c
Snapshot saved: /home/runner/work/Alpha-Hunter/Alpha-Hunter/data/snapshots/snapshot-20260819T163625Z.json
State history: /home/runner/work/Alpha-Hunter/Alpha-Hunter/data/state-history.jsonl
Supabase: SAVED
Qualified discovery candidates: 1
EARLY candidates: 0
V7 Trade Ready: 0
Bitget private API: NOT_CONFIGURED
