
ALPHA HUNTER V7.1 — 2026-08-17T10:35:55.321287+00:00

Universe: 28 deep-scanned of 756 contracts
Eligible after prefilter: 307
Non-crypto rejected: 287

SYMBOL                  PHASE    TIME   BEHAV                     STATE      RR   DISC  TRADE
---------------------------------------------------------------------------------------------
GPSUSDT             EXPANSION    LATE    7.55   DIRECTION_EMERGING_LONG    0.17     NO     NO
RAREUSDT         ACCUMULATION    FAIR    6.21                WATCH_LONG       —    YES     NO
CHIPUSDT          COMPRESSION    FAIR    5.83                   NEUTRAL       —    YES     NO
AIOUSDT             EXPANSION    LATE    5.36                WATCH_LONG       —     NO     NO
TAGUSDT          ACCUMULATION    FAIR    5.10                   NEUTRAL       —    YES     NO
HOMEUSDT         ACCUMULATION    FAIR    5.06               WATCH_SHORT       —    YES     NO
ONGUSDT          ACCUMULATION    FAIR    4.91                   NEUTRAL       —     NO     NO
APRUSDT             EXPANSION    LATE    4.77                   NEUTRAL       —     NO     NO
ADAUSDT              IGNITION   EARLY    4.41  DIRECTION_EMERGING_SHORT    0.21     NO     NO
CYSUSDT             EXPANSION    LATE    4.38               WATCH_SHORT       —     NO     NO
MOVRUSDT            BREAKDOWN    FAIR    4.28               WATCH_SHORT       —     NO     NO
BNBUSDT          ACCUMULATION   EARLY    4.11               WATCH_SHORT       —     NO     NO
BTWUSDT          ACCUMULATION    FAIR    3.90                   NEUTRAL       —     NO     NO
PEPEUSDT         ACCUMULATION   EARLY    3.33               WATCH_SHORT       —     NO     NO
HYPEUSDT         ACCUMULATION   EARLY    3.22   DIRECTION_EMERGING_LONG    0.01     NO     NO
STBLUSDT         ACCUMULATION    FAIR    3.19                   NEUTRAL       —     NO     NO
ZECUSDT          ACCUMULATION   EARLY    3.13                WATCH_LONG       —     NO     NO
LINKUSDT          COMPRESSION   EARLY    3.12                   NEUTRAL       —     NO     NO
ACUUSDT          ACCUMULATION    FAIR    2.75                   NEUTRAL       —     NO     NO
ELSAUSDT            BREAKDOWN    FAIR    2.68  DIRECTION_EMERGING_SHORT    0.16     NO     NO
BOMEUSDT         ACCUMULATION    FAIR    2.66                   NEUTRAL       —     NO     NO
XRPUSDT          ACCUMULATION   EARLY    2.20               WATCH_SHORT       —     NO     NO
AWEUSDT          ACCUMULATION    FAIR    2.17               WATCH_SHORT       —     NO     NO
BTCUSDT          ACCUMULATION   EARLY    2.09                   NEUTRAL       —     NO     NO
DOGEUSDT         ACCUMULATION   EARLY    2.06                WATCH_LONG       —     NO     NO
ETHUSDT          ACCUMULATION   EARLY    1.96                   NEUTRAL       —     NO     NO
SUIUSDT          ACCUMULATION   EARLY    1.94                   NEUTRAL       —     NO     NO
SOLUSDT          ACCUMULATION   EARLY    1.91                   NEUTRAL       —     NO     NO

V7.4 PRE-MOVE SURVEILLANCE
Eligible: 4 | Primary: 4 | Reserve: 0

PRIMARY
 1 AIOUSDT        CONTINUATION   11.41 state=WATCH_LONG
 2 ACUUSDT        REVERSAL       10.75 state=NEUTRAL
 3 LINKUSDT       REVERSAL        9.76 state=NEUTRAL
 4 CHIPUSDT       REVERSAL        9.72 state=NEUTRAL

Run ID: 4d6dd06bc1d3fbb46c0c9be83d92afff
Snapshot saved: /home/runner/work/Alpha-Hunter/Alpha-Hunter/data/snapshots/snapshot-20260817T103555Z.json
State history: /home/runner/work/Alpha-Hunter/Alpha-Hunter/data/state-history.jsonl
Supabase: SAVED
Qualified discovery candidates: 4
EARLY candidates: 0
V7 Trade Ready: 0
Bitget private API: NOT_CONFIGURED
