
======================================================================================================================
ALPHA HUNTER V7.9 FULL-UNIVERSE HOURLY LEDGER — SHADOW
======================================================================================================================
Observed: 2026-08-17T10:35:57.789315+00:00
Hour bucket: 2026-08-17T10:00:00+00:00
Contract tickers: 756
Rows attempted: 756
Deep-scan selected: 28
Selection snapshot: 2026-08-17T10:35:55.321287+00:00
Selection run ID: 4d6dd06bc1d3fbb46c0c9be83d92afff
Prefilter eligible: 306
Eligible not selected: 280
Non-crypto: 287
Low liquidity: 158
Over-extended: 5
Invalid price skipped: 0
Rows purged >7d: 0

TOP ABSOLUTE 24H MOVERS
SYMBOL                  24H    ELIG    SCAN  STATUS
------------------------------------------------------------------------
GPSUSDT             +42.26%       N       Y  OVER_EXTENDED
ACEUSDT             +30.81%       N       N  OVER_EXTENDED
HUSDT               -27.10%       N       N  OVER_EXTENDED
BEATUSDT            -26.57%       N       N  OVER_EXTENDED
CYSUSDT             -25.28%       N       Y  OVER_EXTENDED
QUSDT               -20.89%       Y       N  ELIGIBLE_NOT_SELECTED
VELVETUSDT          -20.09%       Y       N  ELIGIBLE_NOT_SELECTED
XPINUSDT            -18.71%       Y       N  ELIGIBLE_NOT_SELECTED
TUTUSDT             +16.05%       Y       N  ELIGIBLE_NOT_SELECTED
DIAUSDT             +15.71%       Y       N  ELIGIBLE_NOT_SELECTED
TAGUSDT             +13.69%       Y       Y  DEEP_SCAN_SELECTED
KIOXIAUSDT          +13.49%       N       N  NON_CRYPTO
ONGUSDT             +11.40%       Y       Y  DEEP_SCAN_SELECTED
ACUUSDT             -11.04%       Y       Y  DEEP_SCAN_SELECTED
HOMEUSDT            -11.03%       Y       Y  DEEP_SCAN_SELECTED

IMPORTANT: V7.9 IS MEASUREMENT/AUDIT ONLY.
Same-hour reruns do not overwrite the first stored universe snapshot.
Raw universe evidence is retained for 7 days.
No trade permission was generated.

V7.9 FULL-UNIVERSE LEDGER: PASS
