
ALPHA HUNTER V7.1 — 2026-08-18T05:33:29.217960+00:00

Universe: 28 deep-scanned of 759 contracts
Eligible after prefilter: 320
Non-crypto rejected: 290

SYMBOL                  PHASE    TIME   BEHAV                     STATE      RR   DISC  TRADE
---------------------------------------------------------------------------------------------
HUSDT            ACCUMULATION    FAIR    6.41                   NEUTRAL       —    YES     NO
PRLUSDT        DISTRIBUTION_RISK    LATE    6.07   DIRECTION_EMERGING_LONG    0.01     NO     NO
AEONUSDT            EXPANSION    LATE    5.92                   NEUTRAL       —     NO     NO
GPSUSDT             EXPANSION    LATE    5.56                WATCH_LONG       —     NO     NO
ACUUSDT          ACCUMULATION    FAIR    5.25                   NEUTRAL       —    YES     NO
PEPEUSDT          COMPRESSION   EARLY    4.87  DIRECTION_EMERGING_SHORT    0.41     NO     NO
WLDUSDT             BREAKDOWN    FAIR    4.55  DIRECTION_EMERGING_SHORT    0.01     NO     NO
BICOUSDT         ACCUMULATION    FAIR    4.51                   NEUTRAL       —     NO     NO
DOGEUSDT          COMPRESSION   EARLY    4.24  DIRECTION_EMERGING_SHORT    0.78     NO     NO
SOLUSDT           COMPRESSION   EARLY    4.14                   NEUTRAL       —     NO     NO
ZECUSDT           COMPRESSION   EARLY    4.05                   NEUTRAL       —     NO     NO
PIEVERSEUSDT     ACCUMULATION    FAIR    4.01                   NEUTRAL       —     NO     NO
HYPEUSDT          COMPRESSION   EARLY    3.96                   NEUTRAL       —     NO     NO
ADAUSDT           COMPRESSION   EARLY    3.81               WATCH_SHORT       —     NO     NO
BNBUSDT           COMPRESSION   EARLY    3.64  DIRECTION_EMERGING_SHORT    0.47     NO     NO
NEARUSDT          COMPRESSION   EARLY    3.57                WATCH_LONG       —     NO     NO
ETHUSDT           COMPRESSION   EARLY    3.44               WATCH_SHORT       —     NO     NO
XRPUSDT          ACCUMULATION   EARLY    3.41               WATCH_SHORT       —     NO     NO
CHIPUSDT          COMPRESSION   EARLY    3.39                   NEUTRAL       —     NO     NO
PROMUSDT            BREAKDOWN    FAIR    3.04  DIRECTION_EMERGING_SHORT    0.01     NO     NO
TUTUSDT          ACCUMULATION    LATE    2.89                   NEUTRAL       —     NO     NO
BLESSUSDT        ACCUMULATION    FAIR    2.88                   NEUTRAL       —     NO     NO
DIAUSDT             BREAKDOWN    FAIR    2.85               WATCH_SHORT       —     NO     NO
FIGHTUSDT        ACCUMULATION    FAIR    2.80               WATCH_SHORT       —     NO     NO
BTCUSDT          ACCUMULATION   EARLY    2.79                WATCH_LONG       —     NO     NO
LINKUSDT         ACCUMULATION   EARLY    2.77                   NEUTRAL       —     NO     NO
TLMUSDT          ACCUMULATION    FAIR    2.69                   NEUTRAL       —     NO     NO
IRYSUSDT            BREAKDOWN    FAIR    2.30  DIRECTION_EMERGING_SHORT    0.01     NO     NO

V7.4 PRE-MOVE SURVEILLANCE
Eligible: 7 | Primary: 5 | Reserve: 2

PRIMARY
 1 AEONUSDT       CONTINUATION   11.84 state=NEUTRAL
 2 GPSUSDT        CONTINUATION   11.74 state=WATCH_LONG
 3 ZECUSDT        CONTINUATION   11.15 state=NEUTRAL
 4 CHIPUSDT       REVERSAL       10.96 state=NEUTRAL
 5 LINKUSDT       REVERSAL       10.68 state=NEUTRAL

RESERVE
 6 ACUUSDT        REVERSAL       10.67 state=NEUTRAL
 7 HYPEUSDT       CONTINUATION    9.93 state=NEUTRAL

Run ID: 3b9b77e30b05a113e3fc44deadaf1bd1
Snapshot saved: /home/runner/work/Alpha-Hunter/Alpha-Hunter/data/snapshots/snapshot-20260818T053329Z.json
State history: /home/runner/work/Alpha-Hunter/Alpha-Hunter/data/state-history.jsonl
Supabase: SAVED
Qualified discovery candidates: 2
EARLY candidates: 0
V7 Trade Ready: 0
Bitget private API: NOT_CONFIGURED
