
======================================================================================================================
ALPHA HUNTER V7.9 FULL-UNIVERSE HOURLY LEDGER — SHADOW
======================================================================================================================
Observed: 2026-08-18T05:33:32.014255+00:00
Hour bucket: 2026-08-18T05:00:00+00:00
Contract tickers: 759
Rows attempted: 759
Deep-scan selected: 28
Selection snapshot: 2026-08-18T05:33:29.217960+00:00
Selection run ID: 3b9b77e30b05a113e3fc44deadaf1bd1
Prefilter eligible: 320
Eligible not selected: 292
Non-crypto: 290
Low liquidity: 145
Over-extended: 4
Invalid price skipped: 0
Rows purged >7d: 0

TOP ABSOLUTE 24H MOVERS
SYMBOL                  24H    ELIG    SCAN  STATUS
------------------------------------------------------------------------
VELVETUSDT          -47.43%       N       N  OVER_EXTENDED
AIOUSDT             -37.02%       N       N  OVER_EXTENDED
CYSUSDT             -27.81%       N       N  OVER_EXTENDED
REDUSDT             +26.30%       N       N  OVER_EXTENDED
BEATUSDT            -22.78%       Y       N  ELIGIBLE_NOT_SELECTED
AEONUSDT            +16.67%       Y       Y  DEEP_SCAN_SELECTED
UNITASUSDT          -16.63%       Y       N  ELIGIBLE_NOT_SELECTED
ZHIPUHKDUSDT        -16.59%       N       N  NON_CRYPTO
FIGHTUSDT           -16.42%       Y       Y  DEEP_SCAN_SELECTED
ZHIPUUSDT           -16.17%       N       N  NON_CRYPTO
GALAUSDT            -16.06%       Y       N  ELIGIBLE_NOT_SELECTED
USUSDT              -15.96%       Y       N  ELIGIBLE_NOT_SELECTED
SKYAIUSDT           -15.76%       Y       N  ELIGIBLE_NOT_SELECTED
IRYSUSDT            -14.69%       Y       Y  DEEP_SCAN_SELECTED
ACUUSDT             +14.63%       Y       Y  DEEP_SCAN_SELECTED

IMPORTANT: V7.9 IS MEASUREMENT/AUDIT ONLY.
Same-hour reruns do not overwrite the first stored universe snapshot.
Raw universe evidence is retained for 7 days.
No trade permission was generated.

V7.9 FULL-UNIVERSE LEDGER: PASS
