
ALPHA HUNTER V7.1 — 2026-08-19T17:30:58.470236+00:00

Universe: 30 deep-scanned of 756 contracts
Eligible after prefilter: 315
Non-crypto rejected: 291

SYMBOL                  PHASE    TIME   BEHAV                     STATE      RR   DISC  TRADE
---------------------------------------------------------------------------------------------
PUMPUSDT       DISTRIBUTION_RISK    FAIR    6.45   DIRECTION_EMERGING_LONG    0.18     NO     NO
BOMEUSDT             IGNITION    FAIR    5.86   DIRECTION_EMERGING_LONG    0.16    YES     NO
ZAMAUSDT       DISTRIBUTION_RISK    FAIR    5.37   DIRECTION_EMERGING_LONG    0.05     NO     NO
BROCCOLIUSDT     ACCUMULATION    FAIR    5.24                WATCH_LONG       —    YES     NO
ESPUSDT              IGNITION    FAIR    5.13   DIRECTION_EMERGING_LONG    0.04    YES     NO
TUTUSDT          ACCUMULATION    FAIR    5.01               WATCH_SHORT       —    YES     NO
APRUSDT           COMPRESSION   EARLY    4.78                WATCH_LONG       —     NO     NO
BRUSDT           ACCUMULATION    FAIR    4.75   DIRECTION_EMERGING_LONG    0.39     NO     NO
ACEUSDT             BREAKDOWN    LATE    4.74               WATCH_SHORT       —     NO     NO
LAUSDT            COMPRESSION    FAIR    4.66   DIRECTION_EMERGING_LONG    0.14     NO     NO
BIOUSDT          ACCUMULATION    FAIR    4.58                WATCH_LONG       —     NO     NO
BTWUSDT          ACCUMULATION   EARLY    4.43                   NEUTRAL       —     NO     NO
KAITOUSDT         COMPRESSION   EARLY    4.36                WATCH_LONG       —     NO     NO
SKYAIUSDT           EXPANSION    LATE    3.86                   NEUTRAL       —     NO     NO
VVVUSDT           COMPRESSION   EARLY    3.74                   NEUTRAL       —     NO     NO
ETHUSDT          ACCUMULATION    FAIR    3.68                WATCH_LONG       —     NO     NO
CFGUSDT          ACCUMULATION    FAIR    3.65                   NEUTRAL       —     NO     NO
ADAUSDT          ACCUMULATION   EARLY    3.53                WATCH_LONG       —     NO     NO
BCHUSDT          ACCUMULATION   EARLY    3.10                   NEUTRAL       —     NO     NO
BTCUSDT          ACCUMULATION   EARLY    3.09                WATCH_LONG       —     NO     NO
XRPUSDT          ACCUMULATION   EARLY    2.88                WATCH_LONG       —     NO     NO
ONDOUSDT         ACCUMULATION   EARLY    2.86                WATCH_LONG       —     NO     NO
SOLUSDT          ACCUMULATION   EARLY    2.80                WATCH_LONG       —     NO     NO
TAOUSDT          ACCUMULATION   EARLY    2.71                   NEUTRAL       —     NO     NO
AEONUSDT         ACCUMULATION    FAIR    2.68                   NEUTRAL       —     NO     NO
BNBUSDT          ACCUMULATION   EARLY    2.64                WATCH_LONG       —     NO     NO
NIGHTUSDT        ACCUMULATION    FAIR    2.63                WATCH_LONG       —     NO     NO
AAVEUSDT         ACCUMULATION   EARLY    2.59                WATCH_LONG       —     NO     NO
SHIBUSDT         ACCUMULATION   EARLY    2.48                WATCH_LONG       —     NO     NO
DOGEUSDT         ACCUMULATION   EARLY    2.26                WATCH_LONG       —     NO     NO

V7.4 PRE-MOVE SURVEILLANCE
Eligible: 3 | Primary: 3 | Reserve: 0

PRIMARY
 1 ACEUSDT        REVERSAL       12.84 state=WATCH_SHORT
 2 VVVUSDT        REVERSAL       10.29 state=NEUTRAL
 3 LAUSDT         CONTINUATION   10.00 state=DIRECTION_EMERGING_LONG

Run ID: c2abaa369562378aac9681cbcd83011a
Snapshot saved: /home/runner/work/Alpha-Hunter/Alpha-Hunter/data/snapshots/snapshot-20260819T173058Z.json
State history: /home/runner/work/Alpha-Hunter/Alpha-Hunter/data/state-history.jsonl
Supabase: SAVED
Qualified discovery candidates: 4
EARLY candidates: 0
V7 Trade Ready: 0
Bitget private API: NOT_CONFIGURED
