
==============================================================================================================
ALPHA HUNTER V7.5 24H EPISODE FINALIZER
==============================================================================================================
SKIP   ADAUSDT        quality=LEGACY_PARTIAL    age= 240.68H
SKIP   DOGEUSDT       quality=LEGACY_PARTIAL    age= 240.68H
SKIP   SKYAIUSDT      quality=LEGACY_PARTIAL    age= 240.68H
SKIP   SOLUSDT        quality=LEGACY_PARTIAL    age= 240.68H
SKIP   SUIUSDT        quality=LEGACY_PARTIAL    age= 240.68H
SKIP   COOKIEUSDT     quality=LEGACY_PARTIAL    age= 240.68H
SKIP   BTWUSDT        quality=LEGACY_PARTIAL    age= 240.68H
SKIP   CYSUSDT        quality=LEGACY_PARTIAL    age= 240.68H
SKIP   GWEIUSDT       quality=LEGACY_PARTIAL    age= 234.51H
SKIP   BICOUSDT       quality=LEGACY_PARTIAL    age= 234.51H
SKIP   SUIUSDT        quality=LEGACY_PARTIAL    age= 234.51H
SKIP   MMTUSDT        quality=LEGACY_PARTIAL    age= 234.51H
SKIP   IOTXUSDT       quality=LEGACY_PARTIAL    age= 234.51H
SKIP   FORMUSDT       quality=LEGACY_PARTIAL    age= 117.27H
SKIP   JTOUSDT        quality=LEGACY_PARTIAL    age= 117.27H
SKIP   4USDT          quality=LEGACY_PARTIAL    age= 117.27H
SKIP   MUBARAKUSDT    quality=LEGACY_PARTIAL    age= 117.27H
SKIP   PUMPUSDT       quality=LEGACY_PARTIAL    age= 116.20H
SKIP   HYPEUSDT       quality=LEGACY_PARTIAL    age= 107.41H
SKIP   ACUUSDT        quality=LEGACY_PARTIAL    age= 107.41H
SKIP   BTWUSDT        quality=LEGACY_PARTIAL    age= 106.38H
SKIP   AEONUSDT       quality=LEGACY_PARTIAL    age= 106.38H
WAIT   BTWUSDT        age=  22.81H UP=   85.48% DOWN=  -10.60%
WAIT   GPSUSDT        age=  22.81H UP=    3.28% DOWN=  -38.37%
WAIT   ZECUSDT        age=  22.81H UP=   11.16% DOWN=   -1.09%
WAIT   BTCUSDT        age=  22.81H UP=    6.54% DOWN=   -0.89%
WAIT   HYPEUSDT       age=  22.01H UP=    6.40% DOWN=   -1.42%
WAIT   HYPEUSDT       age=  21.95H UP=    6.18% DOWN=   -1.62%
WAIT   LINKUSDT       age=  21.95H UP=    6.28% DOWN=    0.00%
WAIT   LUMIAUSDT      age=  21.95H UP=    4.87% DOWN=   -0.25%
WAIT   SOLUSDT        age=  21.95H UP=    8.26% DOWN=    0.00%
WAIT   ONGUSDT        age=  21.95H UP=   11.47% DOWN=   -4.75%
WAIT   PUMPUSDT       age=  20.05H UP=   10.66% DOWN=   -0.14%
WAIT   BTCUSDT        age=  19.93H UP=    6.78% DOWN=   -0.67%
WAIT   ZECUSDT        age=  19.93H UP=   10.52% DOWN=   -1.66%
WAIT   GPSUSDT        age=  19.07H UP=    4.50% DOWN=  -37.64%
WAIT   LINKUSDT       age=   0.00H UP=    5.46% DOWN=    0.00%
WAIT   OUSDT          age=   0.00H UP=    1.24% DOWN=   -6.18%
WAIT   HYPEUSDT       age=   0.00H UP=    6.74% DOWN=   -1.10%
WAIT   ZECUSDT        age=   0.00H UP=   11.58% DOWN=   -0.72%
WAIT   PIEVERSEUSDT   age=  11.96H UP=    9.10% DOWN=   -1.00%
WAIT   ZECUSDT        age=  11.96H UP=   11.87% DOWN=   -0.46%
WAIT   HYPEUSDT       age=  11.96H UP=    6.89% DOWN=   -0.97%
WAIT   BTCUSDT        age=  11.96H UP=    7.21% DOWN=   -0.27%
WAIT   REDUSDT        age=   9.83H UP=   16.67% DOWN=   -1.93%
WAIT   AEONUSDT       age=   9.83H UP=    1.33% DOWN=   -9.70%
WAIT   ACEUSDT        age=   9.83H UP=    6.05% DOWN=  -17.97%
WAIT   ACEUSDT        age=   8.84H UP=    5.72% DOWN=  -18.23%
WAIT   BTCUSDT        age=   0.00H UP=    6.94% DOWN=   -0.08%
WAIT   AEONUSDT       age=   0.00H UP=    4.51% DOWN=   -6.86%
WAIT   REDUSDT        age=   0.00H UP=   16.80% DOWN=   -1.25%
WAIT   SOLUSDT        age=   0.00H UP=    6.48% DOWN=   -0.19%
WAIT   1000RATSUSDT   age=   0.00H UP=    0.02% DOWN=   -4.96%
WAIT   ETHUSDT        age=   0.00H UP=    9.69% DOWN=   -0.01%
WAIT   ZECUSDT        age=   4.63H UP=    9.76% DOWN=   -0.73%
WAIT   ACEUSDT        age=   4.63H UP=    0.72% DOWN=  -11.98%
WAIT   ACUUSDT        age=   2.89H UP=    6.39% DOWN=    0.00%
WAIT   LAUSDT         age=   0.02H UP=    0.00% DOWN=   -0.15%
WAIT   VVVUSDT        age=   0.02H UP=    0.24% DOWN=    0.00%

==============================================================================================================
FINALIZER SUMMARY
==============================================================================================================
Episodes: 173
Finalized this run: 0
Waiting for 24H: 37
Legacy partial skipped: 22
Already finalized: 114
Supabase rows upserted: 173

V7.5 EPISODE FINALIZER: PASS
