
==============================================================================================================
ALPHA HUNTER V7.5 INDEPENDENT EPISODE MARKET TRACKER
==============================================================================================================
Episodes stored: 173
Active episodes: 59

ADAUSDT        REVERSAL      now=   -9.76% UP=    0.00% DOWN=  -12.70% 3=Y 5=Y 10=Y checks=53
DOGEUSDT       CONTINUATION  now=    1.77% UP=    3.91% DOWN=   -2.32% 3=Y 5=- 10=- checks=53
SKYAIUSDT      REVERSAL      now=  -38.73% UP=    0.00% DOWN=  -53.06% 3=Y 5=Y 10=Y checks=53
SOLUSDT        CONTINUATION  now=    4.96% UP=    6.91% DOWN=   -4.13% 3=Y 5=Y 10=- checks=53
SUIUSDT        CONTINUATION  now=   -3.03% UP=    0.00% DOWN=   -7.92% 3=Y 5=Y 10=- checks=53
COOKIEUSDT     CONTINUATION  now=  -13.52% UP=    0.00% DOWN=  -19.43% 3=Y 5=Y 10=Y checks=53
BTWUSDT        CONTINUATION  now=   92.42% UP=  268.12% DOWN=    0.00% 3=Y 5=Y 10=Y checks=53
CYSUSDT        CONTINUATION  now=  -45.00% UP=   78.38% DOWN=  -50.85% 3=Y 5=Y 10=Y checks=53
GWEIUSDT       REVERSAL      now=   -1.10% UP=   17.67% DOWN=   -7.43% 3=Y 5=Y 10=Y checks=53
BICOUSDT       REVERSAL      now=  -66.05% UP=    0.00% DOWN=  -66.13% 3=Y 5=Y 10=Y checks=53
SUIUSDT        CONTINUATION  now=   -1.87% UP=    0.71% DOWN=   -6.82% 3=Y 5=Y 10=- checks=53
MMTUSDT        REVERSAL      now=  -11.84% UP=    0.00% DOWN=  -20.84% 3=Y 5=Y 10=Y checks=53
IOTXUSDT       REVERSAL      now=   -8.59% UP=    0.00% DOWN=  -11.34% 3=Y 5=Y 10=Y checks=53
FORMUSDT       REVERSAL      now=   -2.81% UP=    0.00% DOWN=   -7.88% 3=Y 5=Y 10=- checks=53
JTOUSDT        REVERSAL      now=   -0.11% UP=    8.18% DOWN=   -2.16% 3=Y 5=Y 10=- checks=53
4USDT          REVERSAL      now=  -14.49% UP=    0.00% DOWN=  -22.21% 3=Y 5=Y 10=Y checks=53
MUBARAKUSDT    REVERSAL      now=    6.26% UP=   25.90% DOWN=  -24.10% 3=Y 5=Y 10=Y checks=53
PUMPUSDT       REVERSAL      now=   11.19% UP=   13.20% DOWN=   -5.65% 3=Y 5=Y 10=Y checks=53
HYPEUSDT       REVERSAL      now=    9.72% UP=   11.38% DOWN=   -0.62% 3=Y 5=Y 10=Y checks=53
ACUUSDT        REVERSAL      now=   17.55% UP=   21.68% DOWN=   -4.40% 3=Y 5=Y 10=Y checks=53
BTWUSDT        CONTINUATION  now=   28.92% UP=  146.86% DOWN=  -10.16% 3=Y 5=Y 10=Y checks=53
AEONUSDT       CONTINUATION  now=    7.23% UP=   28.99% DOWN=   -6.91% 3=Y 5=Y 10=Y checks=53
BTWUSDT        CONTINUATION  now=   -2.63% UP=   85.48% DOWN=  -10.60% 3=Y 5=Y 10=Y checks=14
GPSUSDT        CONTINUATION  now=  -31.57% UP=    3.28% DOWN=  -38.37% 3=Y 5=Y 10=Y checks=14
ZECUSDT        REVERSAL      now=    7.72% UP=   11.16% DOWN=   -1.09% 3=Y 5=Y 10=Y checks=14
BTCUSDT        CONTINUATION  now=    4.80% UP=    6.54% DOWN=   -0.89% 3=Y 5=Y 10=- checks=14
HYPEUSDT       REVERSAL      now=    4.81% UP=    6.40% DOWN=   -1.42% 3=Y 5=Y 10=- checks=13
HYPEUSDT       REVERSAL      now=    4.59% UP=    6.18% DOWN=   -1.62% 3=Y 5=Y 10=- checks=13
LINKUSDT       REVERSAL      now=    4.58% UP=    6.28% DOWN=    0.00% 3=Y 5=Y 10=- checks=13
LUMIAUSDT      REVERSAL      now=    2.15% UP=    4.87% DOWN=   -0.25% 3=Y 5=- 10=- checks=13
SOLUSDT        CONTINUATION  now=    6.27% UP=    8.26% DOWN=    0.00% 3=Y 5=Y 10=- checks=13
ONGUSDT        CONTINUATION  now=    3.80% UP=   11.47% DOWN=   -4.75% 3=Y 5=Y 10=Y checks=13
PUMPUSDT       CONTINUATION  now=    8.69% UP=   10.66% DOWN=   -0.14% 3=Y 5=Y 10=Y checks=12
BTCUSDT        CONTINUATION  now=    5.03% UP=    6.78% DOWN=   -0.67% 3=Y 5=Y 10=- checks=12
ZECUSDT        CONTINUATION  now=    7.11% UP=   10.52% DOWN=   -1.66% 3=Y 5=Y 10=Y checks=12
GPSUSDT        CONTINUATION  now=  -30.67% UP=    4.50% DOWN=  -37.64% 3=Y 5=Y 10=Y checks=11
LINKUSDT       CONTINUATION  now=    3.78% UP=    5.46% DOWN=    0.00% 3=Y 5=Y 10=- checks=10
OUSDT          CONTINUATION  now=   -2.41% UP=    1.24% DOWN=   -6.18% 3=Y 5=Y 10=- checks=10
HYPEUSDT       REVERSAL      now=    5.18% UP=    6.74% DOWN=   -1.10% 3=Y 5=Y 10=- checks=10
ZECUSDT        REVERSAL      now=    8.03% UP=   11.58% DOWN=   -0.72% 3=Y 5=Y 10=Y checks=10
PIEVERSEUSDT   REVERSAL      now=    6.81% UP=    9.10% DOWN=   -1.00% 3=Y 5=Y 10=- checks=9
ZECUSDT        REVERSAL      now=    8.31% UP=   11.87% DOWN=   -0.46% 3=Y 5=Y 10=Y checks=9
HYPEUSDT       REVERSAL      now=    5.31% UP=    6.89% DOWN=   -0.97% 3=Y 5=Y 10=- checks=9
BTCUSDT        REVERSAL      now=    5.45% UP=    7.21% DOWN=   -0.27% 3=Y 5=Y 10=- checks=9
REDUSDT        REVERSAL      now=   12.47% UP=   16.67% DOWN=   -1.93% 3=Y 5=Y 10=Y checks=7
AEONUSDT       REVERSAL      now=   -7.33% UP=    1.33% DOWN=   -9.70% 3=Y 5=Y 10=- checks=7
ACEUSDT        REVERSAL      now=  -15.51% UP=    6.05% DOWN=  -17.97% 3=Y 5=Y 10=Y checks=7
ACEUSDT        CONTINUATION  now=  -15.77% UP=    5.72% DOWN=  -18.23% 3=Y 5=Y 10=Y checks=6
BTCUSDT        CONTINUATION  now=    5.19% UP=    6.94% DOWN=   -0.08% 3=Y 5=Y 10=- checks=5
AEONUSDT       REVERSAL      now=   -4.37% UP=    4.51% DOWN=   -6.86% 3=Y 5=Y 10=- checks=5
REDUSDT        REVERSAL      now=   12.83% UP=   16.80% DOWN=   -1.25% 3=Y 5=Y 10=Y checks=5
SOLUSDT        CONTINUATION  now=    4.53% UP=    6.48% DOWN=   -0.19% 3=Y 5=Y 10=- checks=5
1000RATSUSDT   REVERSAL      now=   -4.16% UP=    0.02% DOWN=   -4.96% 3=Y 5=- 10=- checks=5
ETHUSDT        CONTINUATION  now=    7.84% UP=    9.69% DOWN=   -0.01% 3=Y 5=Y 10=- checks=5
ZECUSDT        CONTINUATION  now=    6.31% UP=    9.76% DOWN=   -0.73% 3=Y 5=Y 10=- checks=4
ACEUSDT        REVERSAL      now=   -9.33% UP=    0.72% DOWN=  -11.98% 3=Y 5=Y 10=Y checks=4
ACUUSDT        CONTINUATION  now=    2.62% UP=    6.39% DOWN=    0.00% 3=Y 5=Y 10=- checks=2
LAUSDT         CONTINUATION  now=   -0.15% UP=    0.00% DOWN=   -0.15% 3=- 5=- 10=- checks=1
VVVUSDT        REVERSAL      now=    0.18% UP=    0.24% DOWN=    0.00% 3=- 5=- 10=- checks=1

==============================================================================================================
TRACKER SUMMARY
==============================================================================================================
Checked: 59
Failed: 0
Supabase rows upserted: 173
3% episodes: 144
5% episodes: 134
10% episodes: 86

V7.5 EPISODE MARKET TRACKER: PASS
