
======================================================================================================================
ALPHA HUNTER V7.6 POST-CONFIRMATION OUTCOME TRACKER — SHADOW
======================================================================================================================
Confirmed outcome rows: 133
Created this run: 2

ACEUSDT        SHORT  quality=FORWARD_COMPLETE now=   8.05% MFE=  10.73% MAE=  -0.93% lost=- done=-
ZECUSDT        SHORT  quality=FORWARD_COMPLETE now=  -8.30% MFE=   0.24% MAE= -11.89% lost=Y done=-
BTWUSDT        LONG   quality=FORWARD_COMPLETE now=  -4.00% MFE=  79.76% MAE= -13.35% lost=Y done=-
CHIPUSDT       SHORT  quality=FORWARD_COMPLETE now=  -6.15% MFE=   3.87% MAE=  -9.56% lost=Y done=Y
ZECUSDT        LONG   quality=FORWARD_COMPLETE now=   6.44% MFE=   9.96% MAE=  -0.20% lost=Y done=-
ZECUSDT        SHORT  quality=FORWARD_COMPLETE now=  -8.27% MFE=   0.49% MAE= -11.83% lost=Y done=-
GPSUSDT        LONG   quality=FORWARD_COMPLETE now= -31.40% MFE=   3.99% MAE= -37.94% lost=Y done=-
LUMIAUSDT      SHORT  quality=FORWARD_COMPLETE now=  -1.91% MFE=   0.05% MAE=  -4.63% lost=Y done=-
CHIPUSDT       SHORT  quality=FORWARD_COMPLETE now=  -6.15% MFE=   3.87% MAE=  -9.56% lost=Y done=Y
LINKUSDT       LONG   quality=FORWARD_COMPLETE now=   3.87% MFE=   5.58% MAE=  -0.36% lost=- done=-
LINKUSDT       LONG   quality=FORWARD_COMPLETE now=   3.87% MFE=   5.58% MAE=  -0.36% lost=Y done=-
GPSUSDT        LONG   quality=FORWARD_COMPLETE now= -32.07% MFE=   3.15% MAE= -38.45% lost=Y done=-
PUMPUSDT       LONG   quality=FORWARD_COMPLETE now=  11.30% MFE=  13.24% MAE=  -0.78% lost=Y done=-
LINKUSDT       LONG   quality=FORWARD_COMPLETE now=   3.86% MFE=   5.58% MAE=  -0.36% lost=Y done=-
PUMPUSDT       LONG   quality=FORWARD_COMPLETE now=  11.48% MFE=  13.28% MAE=  -0.74% lost=- done=-
PUMPUSDT       LONG   quality=FORWARD_COMPLETE now=  11.44% MFE=  13.24% MAE=  -0.78% lost=Y done=-
HYPEUSDT       SHORT  quality=FORWARD_COMPLETE now=  -5.10% MFE=   1.06% MAE=  -6.79% lost=Y done=-
HYPEUSDT       SHORT  quality=FORWARD_COMPLETE now=  -5.14% MFE=   1.02% MAE=  -6.83% lost=- done=-
LINKUSDT       LONG   quality=FORWARD_COMPLETE now=   3.86% MFE=   5.58% MAE=  -0.36% lost=- done=-
ETHUSDT        LONG   quality=FORWARD_COMPLETE now=   8.09% MFE=   8.79% MAE=  -0.57% lost=Y done=Y
BTCUSDT        LONG   quality=FORWARD_COMPLETE now=   4.64% MFE=   6.40% MAE=  -0.10% lost=- done=-
ETHUSDT        LONG   quality=FORWARD_COMPLETE now=   8.10% MFE=   8.78% MAE=  -0.58% lost=Y done=Y
AEONUSDT       SHORT  quality=FORWARD_COMPLETE now=  13.61% MFE=  10.68% MAE=  -5.58% lost=Y done=Y
BTWUSDT        LONG   quality=FORWARD_COMPLETE now=   4.32% MFE=  95.83% MAE=  -0.15% lost=Y done=Y
ZECUSDT        SHORT  quality=FORWARD_COMPLETE now=  -8.21% MFE=   0.49% MAE= -11.83% lost=- done=-
BTCUSDT        SHORT  quality=FORWARD_COMPLETE now=  -5.54% MFE=   0.06% MAE=  -7.30% lost=Y done=-
LINKUSDT       LONG   quality=FORWARD_COMPLETE now=   2.05% MFE=   3.74% MAE=  -0.33% lost=Y done=-
BTCUSDT        SHORT  quality=FORWARD_COMPLETE now=  -5.54% MFE=   0.06% MAE=  -7.31% lost=Y done=-
BTCUSDT        SHORT  quality=FORWARD_COMPLETE now=  -5.54% MFE=   0.06% MAE=  -7.31% lost=Y done=-
HYPEUSDT       SHORT  quality=FORWARD_COMPLETE now=  -5.15% MFE=   1.02% MAE=  -6.83% lost=Y done=-
ONGUSDT        LONG   quality=FORWARD_COMPLETE now=   4.30% MFE=  12.00% MAE=  -2.14% lost=Y done=-
PUMPUSDT       LONG   quality=FORWARD_COMPLETE now=   4.00% MFE=   6.15% MAE=  -3.04% lost=Y done=-
ETHUSDT        LONG   quality=FORWARD_COMPLETE now=   7.05% MFE=   8.89% MAE=  -0.43% lost=- done=-
ACEUSDT        SHORT  quality=FORWARD_COMPLETE now=   7.91% MFE=  10.69% MAE=  -0.98% lost=- done=-
ACEUSDT        SHORT  quality=FORWARD_COMPLETE now=   7.82% MFE=  10.60% MAE=  -1.07% lost=- done=-
HYPEUSDT       SHORT  quality=FORWARD_COMPLETE now=  -5.05% MFE=   1.06% MAE=  -6.79% lost=Y done=-
HYPEUSDT       SHORT  quality=FORWARD_COMPLETE now=  -5.01% MFE=   1.09% MAE=  -6.75% lost=Y done=-
GPSUSDT        LONG   quality=FORWARD_COMPLETE now= -33.08% MFE=   0.00% MAE= -39.33% lost=Y done=-
ZECUSDT        SHORT  quality=FORWARD_COMPLETE now=  -8.23% MFE=   0.48% MAE= -11.85% lost=Y done=-
ZECUSDT        SHORT  quality=FORWARD_COMPLETE now=  -8.18% MFE=   0.48% MAE= -11.85% lost=Y done=-
ZECUSDT        SHORT  quality=FORWARD_COMPLETE now=  -8.16% MFE=   0.50% MAE= -11.83% lost=- done=-
LINKUSDT       LONG   quality=FORWARD_COMPLETE now=   2.00% MFE=   3.74% MAE=  -0.33% lost=Y done=-
SOLUSDT        LONG   quality=FORWARD_COMPLETE now=   4.56% MFE=   6.58% MAE=  -0.37% lost=Y done=-
PIEVERSEUSDT   SHORT  quality=FORWARD_COMPLETE now=  -5.21% MFE=   2.00% MAE=  -7.97% lost=Y done=-
OUSDT          SHORT  quality=FORWARD_COMPLETE now=  -1.25% MFE=   0.00% MAE=  -5.04% lost=Y done=-
AEONUSDT       SHORT  quality=FORWARD_COMPLETE now=   4.38% MFE=   6.89% MAE=  -4.48% lost=Y done=-
1000RATSUSDT   SHORT  quality=FORWARD_COMPLETE now=   2.82% MFE=   3.57% MAE=  -0.22% lost=- done=-
SOLUSDT        LONG   quality=FORWARD_COMPLETE now=   3.34% MFE=   5.32% MAE=  -0.33% lost=Y done=-
HYPEUSDT       LONG   quality=FORWARD_COMPLETE now=  -0.14% MFE=   0.06% MAE=  -0.19% lost=- done=-
HYPEUSDT       LONG   quality=FORWARD_COMPLETE now=  -0.08% MFE=   0.13% MAE=  -0.12% lost=- done=-

======================================================================================================================
POST-CONFIRMATION TRACKER SUMMARY
======================================================================================================================
Outcome rows: 133
Created this run: 2
Tracked this run: 50
Failed: 0
Supabase rows upserted: 133
Forward complete: 133
Completed 24H: 89

IMPORTANT: OUTCOME TRACKER IS MEASUREMENT ONLY.
No trade permission was generated.

V7.6 POST-CONFIRMATION OUTCOME TRACKER: PASS
