
======================================================================================================================
ALPHA HUNTER V7.7 HUGE-RR EXECUTION FEASIBILITY — SHADOW
======================================================================================================================
Confirmed direction states: 140

SKIP   ACEUSDT        insufficient closed history at confirmation
SKIP   ALICEUSDT      insufficient closed history at confirmation
SKIP   ALICEUSDT      insufficient closed history at confirmation
SKIP   HYPEUSDT       insufficient closed history at confirmation
SKIP   VELVETUSDT     insufficient closed history at confirmation
SKIP   VELVETUSDT     insufficient closed history at confirmation
SKIP   WLDUSDT        insufficient closed history at confirmation
SKIP   WLDUSDT        insufficient closed history at confirmation
SKIP   BRUSDT         insufficient closed history at confirmation
SKIP   CYSUSDT        insufficient closed history at confirmation
SKIP   ACUUSDT        insufficient closed history at confirmation
SKIP   AVNTUSDT       insufficient closed history at confirmation
SKIP   AVAXUSDT       insufficient closed history at confirmation
SKIP   ROBOUSDT       insufficient closed history at confirmation
SKIP   CAPUSDT        insufficient closed history at confirmation
SKIP   CAPUSDT        insufficient closed history at confirmation
SKIP   CAPUSDT        insufficient closed history at confirmation
SKIP   CAPUSDT        insufficient closed history at confirmation
SKIP   PUMPUSDT       insufficient closed history at confirmation
SKIP   WLFIUSDT       insufficient closed history at confirmation
SKIP   ALICEUSDT      insufficient closed history at confirmation
SKIP   CAPUSDT        insufficient closed history at confirmation
SKIP   BRUSDT         insufficient closed history at confirmation
SKIP   HYPEUSDT       insufficient closed history at confirmation
SKIP   NILUSDT        insufficient closed history at confirmation
SKIP   VELVETUSDT     insufficient closed history at confirmation
SKIP   COWUSDT        insufficient closed history at confirmation
SKIP   PUMPUSDT       insufficient closed history at confirmation
SKIP   AEONUSDT       insufficient closed history at confirmation
SKIP   FOLKSUSDT      insufficient closed history at confirmation
SKIP   PRLUSDT        insufficient closed history at confirmation
SKIP   AEONUSDT       insufficient closed history at confirmation
SKIP   DOLOUSDT       insufficient closed history at confirmation
SKIP   BTWUSDT        insufficient closed history at confirmation
SKIP   HUSDT          insufficient closed history at confirmation
SKIP   HYPEUSDT       insufficient closed history at confirmation
SKIP   WLDUSDT        insufficient closed history at confirmation
SKIP   WLDUSDT        insufficient closed history at confirmation
SKIP   WLDUSDT        insufficient closed history at confirmation
SKIP   WLDUSDT        insufficient closed history at confirmation
SKIP   AEONUSDT       insufficient closed history at confirmation
SKIP   BOMEUSDT       insufficient closed history at confirmation
SKIP   ROBOUSDT       insufficient closed history at confirmation
SKIP   VELVETUSDT     insufficient closed history at confirmation
SKIP   ONGUSDT        insufficient closed history at confirmation
SKIP   REDUSDT        insufficient closed history at confirmation
SKIP   REDUSDT        insufficient closed history at confirmation
SKIP   AIOUSDT        insufficient closed history at confirmation
SKIP   NILUSDT        insufficient closed history at confirmation
SKIP   PRLUSDT        insufficient closed history at confirmation
SKIP   PRLUSDT        insufficient closed history at confirmation
SKIP   VELVETUSDT     insufficient closed history at confirmation
SKIP   HUSDT          insufficient closed history at confirmation
SKIP   AEONUSDT       insufficient closed history at confirmation
SKIP   CHIPUSDT       insufficient closed history at confirmation
SKIP   PIXELUSDT      insufficient closed history at confirmation
SKIP   ACUUSDT        insufficient closed history at confirmation
SKIP   AIOUSDT        insufficient closed history at confirmation
SKIP   AIOUSDT        insufficient closed history at confirmation
SKIP   COWUSDT        insufficient closed history at confirmation
SKIP   PRLUSDT        insufficient closed history at confirmation
SKIP   BASEDUSDT      insufficient closed history at confirmation
SKIP   AEONUSDT       insufficient closed history at confirmation
SKIP   AIOUSDT        insufficient closed history at confirmation
SKIP   CHIPUSDT       insufficient closed history at confirmation
SKIP   NILUSDT        insufficient closed history at confirmation
SKIP   NILUSDT        insufficient closed history at confirmation
SKIP   CHIPUSDT       insufficient closed history at confirmation
SKIP   WLDUSDT        insufficient closed history at confirmation
SKIP   WLDUSDT        insufficient closed history at confirmation
SKIP   DOLOUSDT       insufficient closed history at confirmation
SKIP   BTWUSDT        insufficient closed history at confirmation
SKIP   BTWUSDT        insufficient closed history at confirmation
SKIP   CHIPUSDT       insufficient closed history at confirmation
SKIP   PRLUSDT        insufficient closed history at confirmation
SKIP   GPSUSDT        insufficient closed history at confirmation
SKIP   BTWUSDT        insufficient closed history at confirmation
SKIP   BTWUSDT        insufficient closed history at confirmation
SKIP   HUSDT          insufficient closed history at confirmation
SKIP   SOLUSDT        insufficient closed history at confirmation
SKIP   BTCUSDT        insufficient closed history at confirmation
SKIP   DIAUSDT        insufficient closed history at confirmation
SKIP   DIAUSDT        insufficient closed history at confirmation
AEONUSDT       SHORT   entry=0.08888      stop=0.093021071  risk=  4.66% structRR=0.91   status=STRUCTURE_RR_LT_3
BTWUSDT        LONG    entry=0.386887     stop=0.37444395   risk=  3.22% structRR=0.78   status=STRUCTURE_RR_LT_3
CHIPUSDT       SHORT   entry=0.02635      stop=0.028390357  risk=  7.74% structRR=0.01   status=STRUCTURE_RR_LT_3
CHIPUSDT       SHORT   entry=0.02635      stop=0.028390357  risk=  7.74% structRR=0.01   status=STRUCTURE_RR_LT_3
ETHUSDT        LONG    entry=1916.61      stop=1891.477     risk=  1.31% structRR=0.23   status=STRUCTURE_RR_LT_3
ETHUSDT        LONG    entry=1916.75      stop=1891.477     risk=  1.32% structRR=0.22   status=STRUCTURE_RR_LT_3
GPSUSDT        LONG    entry=0.018275     stop=0.016724124  risk=  8.49% structRR=0.20   status=STRUCTURE_RR_LT_3
LINKUSDT       LONG    entry=9.492        stop=9.4337979    risk=  0.61% structRR=1.05   status=STRUCTURE_RR_LT_3
LINKUSDT       LONG    entry=9.492        stop=9.4337979    risk=  0.61% structRR=1.05   status=STRUCTURE_RR_LT_3
LINKUSDT       LONG    entry=9.492        stop=9.4337979    risk=  0.61% structRR=1.05   status=STRUCTURE_RR_LT_3
LINKUSDT       LONG    entry=9.492        stop=9.4337979    risk=  0.61% structRR=1.05   status=STRUCTURE_RR_LT_3
PUMPUSDT       LONG    entry=0.002833     stop=0.0027743309 risk=  2.07% structRR=0.24   status=STRUCTURE_RR_LT_3
PUMPUSDT       LONG    entry=0.002832     stop=0.0027743309 risk=  2.04% structRR=0.26   status=STRUCTURE_RR_LT_3
PUMPUSDT       LONG    entry=0.002833     stop=0.0027743309 risk=  2.07% structRR=0.24   status=STRUCTURE_RR_LT_3
BTWUSDT        LONG    entry=0.421486     stop=0.38608571   risk=  8.40% structRR=0.14   status=STRUCTURE_RR_LT_3
GPSUSDT        LONG    entry=0.018127     stop=0.017447638  risk=  3.75% structRR=1.21   status=STRUCTURE_RR_LT_3
LUMIAUSDT      SHORT   entry=0.08149      stop=0.082362894  risk=  1.07% structRR=0.41   status=STRUCTURE_RR_LT_3
HYPEUSDT       SHORT   entry=58.629       stop=59.173832    risk=  0.93% structRR=0.19   status=STRUCTURE_RR_LT_3
HYPEUSDT       SHORT   entry=58.629       stop=59.173832    risk=  0.93% structRR=0.19   status=STRUCTURE_RR_LT_3
HYPEUSDT       SHORT   entry=58.672       stop=59.173832    risk=  0.86% structRR=0.29   status=STRUCTURE_RR_LT_3
HYPEUSDT       SHORT   entry=58.651       stop=59.173832    risk=  0.89% structRR=0.24   status=STRUCTURE_RR_LT_3
HYPEUSDT       SHORT   entry=58.651       stop=59.173832    risk=  0.89% structRR=0.24   status=STRUCTURE_RR_LT_3
ONGUSDT        LONG    entry=0.05743      stop=0.054661506  risk=  4.82% structRR=0.35   status=STRUCTURE_RR_LT_3
PUMPUSDT       LONG    entry=0.003022     stop=0.002803629  risk=  7.23% structRR=—      status=NO_STRUCTURAL_TARGET
GPSUSDT        LONG    entry=0.018541     stop=0.017726921  risk=  4.39% structRR=0.38   status=STRUCTURE_RR_LT_3
ZECUSDT        SHORT   entry=503.5        stop=507.19571    risk=  0.73% structRR=0.52   status=STRUCTURE_RR_LT_3
ZECUSDT        SHORT   entry=503.59       stop=507.19571    risk=  0.72% structRR=0.56   status=STRUCTURE_RR_LT_3
ZECUSDT        SHORT   entry=503.56       stop=507.19571    risk=  0.72% structRR=0.54   status=STRUCTURE_RR_LT_3
ZECUSDT        SHORT   entry=503.56       stop=507.19571    risk=  0.72% structRR=0.54   status=STRUCTURE_RR_LT_3
ZECUSDT        SHORT   entry=503.5        stop=507.19571    risk=  0.73% structRR=0.52   status=STRUCTURE_RR_LT_3
BTCUSDT        SHORT   entry=64261.3      stop=64404.628    risk=  0.22% structRR=0.38   status=STRUCTURE_RR_LT_3
BTCUSDT        SHORT   entry=64261.4      stop=64404.628    risk=  0.22% structRR=0.38   status=STRUCTURE_RR_LT_3
BTCUSDT        SHORT   entry=64266        stop=64404.628    risk=  0.22% structRR=0.43   status=STRUCTURE_RR_LT_3
LINKUSDT       LONG    entry=9.661        stop=9.546481     risk=  1.19% structRR=0.48   status=STRUCTURE_RR_LT_3
LINKUSDT       LONG    entry=9.661        stop=9.546481     risk=  1.19% structRR=0.48   status=STRUCTURE_RR_LT_3
ZECUSDT        SHORT   entry=503.31       stop=506.17163    risk=  0.57% structRR=0.60   status=STRUCTURE_RR_LT_3
PIEVERSEUSDT   SHORT   entry=0.86456      stop=0.89550116   risk=  3.58% structRR=0.57   status=STRUCTURE_RR_LT_3
SOLUSDT        LONG    entry=77.465       stop=76.545923    risk=  1.19% structRR=—      status=NO_STRUCTURAL_TARGET
AEONUSDT       SHORT   entry=0.0803       stop=0.084056261  risk=  4.68% structRR=0.24   status=STRUCTURE_RR_LT_3
OUSDT          SHORT   entry=0.4724       stop=0.47926026   risk=  1.45% structRR=0.35   status=STRUCTURE_RR_LT_3
1000RATSUSDT   SHORT   entry=0.0415       stop=0.043661742  risk=  5.21% structRR=0.06   status=STRUCTURE_RR_LT_3
BTCUSDT        LONG    entry=64813        stop=64316.274    risk=  0.77% structRR=0.21   status=STRUCTURE_RR_LT_3
ETHUSDT        LONG    entry=1935.35      stop=1915.3144    risk=  1.04% structRR=—      status=NO_STRUCTURAL_TARGET
SOLUSDT        LONG    entry=78.389       stop=77.137111    risk=  1.60% structRR=—      status=NO_STRUCTURAL_TARGET
ACEUSDT        SHORT   entry=0.2049       stop=0.23212783   risk= 13.29% structRR=0.06   status=STRUCTURE_RR_LT_3
ACEUSDT        SHORT   entry=0.2047       stop=0.23212783   risk= 13.40% structRR=0.05   status=STRUCTURE_RR_LT_3
ACEUSDT        SHORT   entry=0.205        stop=0.23212783   risk= 13.23% structRR=0.06   status=STRUCTURE_RR_LT_3
ZECUSDT        LONG    entry=512.11       stop=504.50532    risk=  1.48% structRR=0.31   status=STRUCTURE_RR_LT_3
HYPEUSDT       LONG    entry=61.694       stop=58.704948    risk=  4.84% structRR=0.31   status=STRUCTURE_RR_LT_3
HYPEUSDT       LONG    entry=61.656       stop=58.704948    risk=  4.79% structRR=0.33   status=STRUCTURE_RR_LT_3

======================================================================================================================
V7.7 EXECUTION SHADOW SUMMARY
======================================================================================================================
Confirmed direction states: 140
Execution snapshots: 50
Skipped: 90
Failures: 0
Supabase rows upserted: 50
Structure >=1:3: 0
Structure >=1:5: 0
Structure >=1:10: 0

IMPORTANT: V7.7 IS EXECUTION FEASIBILITY SHADOW ONLY.
3% / 5% / 10% are scenarios, not predicted targets.
No trade permission was generated.

V7.7 EXECUTION FEASIBILITY: PASS
