
======================================================================================================================
ALPHA HUNTER V7.9 FULL-UNIVERSE HOURLY LEDGER — SHADOW
======================================================================================================================
Observed: 2026-08-19T17:31:00.556695+00:00
Hour bucket: 2026-08-19T17:00:00+00:00
Contract tickers: 756
Rows attempted: 756
Deep-scan selected: 30
Selection snapshot: 2026-08-19T17:30:58.470236+00:00
Selection run ID: c2abaa369562378aac9681cbcd83011a
Prefilter eligible: 315
Eligible not selected: 285
Non-crypto: 291
Low liquidity: 145
Over-extended: 5
Invalid price skipped: 0
Rows purged >7d: 0

TOP ABSOLUTE 24H MOVERS
SYMBOL                  24H    ELIG    SCAN  STATUS
------------------------------------------------------------------------
GPSUSDT             -31.41%       N       N  OVER_EXTENDED
PRLUSDT             -27.12%       N       N  OVER_EXTENDED
MUBARAKUSDT         +26.36%       N       N  OVER_EXTENDED
BEATUSDT            -26.13%       N       N  OVER_EXTENDED
TREEUSDT            +25.50%       N       N  OVER_EXTENDED
REUSDT              +21.45%       Y       N  ELIGIBLE_NOT_SELECTED
DOSUSDT             +19.43%       Y       N  ELIGIBLE_NOT_SELECTED
MVLLUSDT            +18.42%       N       N  NON_CRYPTO
HUSDT               -17.84%       Y       N  ELIGIBLE_NOT_SELECTED
CONLUSDT            +17.34%       N       N  NON_CRYPTO
BICOUSDT            -16.44%       Y       N  ELIGIBLE_NOT_SELECTED
MSTUUSDT            +16.44%       N       N  NON_CRYPTO
JCTUSDT             -15.79%       Y       N  ELIGIBLE_NOT_SELECTED
AEONUSDT            -15.75%       Y       Y  DEEP_SCAN_SELECTED
TRIAUSDT            -14.85%       Y       N  ELIGIBLE_NOT_SELECTED

IMPORTANT: V7.9 IS MEASUREMENT/AUDIT ONLY.
Same-hour reruns do not overwrite the first stored universe snapshot.
Raw universe evidence is retained for 7 days.
No trade permission was generated.

V7.9 FULL-UNIVERSE LEDGER: PASS
