
ALPHA HUNTER V7.1 — 2026-08-17T20:31:22.767003+00:00

Universe: 29 deep-scanned of 759 contracts
Eligible after prefilter: 312
Non-crypto rejected: 290

SYMBOL                  PHASE    TIME   BEHAV                     STATE      RR   DISC  TRADE
---------------------------------------------------------------------------------------------
COMPUSDT       DISTRIBUTION_RISK    FAIR    6.04   DIRECTION_EMERGING_LONG    0.05     NO     NO
ALLOUSDT       DISTRIBUTION_RISK    FAIR    5.85   DIRECTION_EMERGING_LONG    0.07     NO     NO
VVVUSDT        DISTRIBUTION_RISK    FAIR    5.27   DIRECTION_EMERGING_LONG    0.00     NO     NO
ACEUSDT             EXPANSION    LATE    4.95                   NEUTRAL       —     NO     NO
GIGGLEUSDT       ACCUMULATION    FAIR    4.84   DIRECTION_EMERGING_LONG    0.32     NO     NO
NILUSDT          ACCUMULATION    FAIR    4.82   DIRECTION_EMERGING_LONG    0.35     NO     NO
ROBOUSDT         ACCUMULATION    FAIR    4.38               WATCH_SHORT       —     NO     NO
HUSDT            ACCUMULATION    FAIR    4.31                   NEUTRAL       —     NO     NO
SOPHUSDT            BREAKDOWN    FAIR    4.00  DIRECTION_EMERGING_SHORT    0.00     NO     NO
ADAUSDT          ACCUMULATION   EARLY    3.95  DIRECTION_EMERGING_SHORT    0.23     NO     NO
BICOUSDT         ACCUMULATION    FAIR    3.77               WATCH_SHORT       —     NO     NO
COWUSDT          ACCUMULATION    FAIR    3.69                   NEUTRAL       —     NO     NO
SOLUSDT          ACCUMULATION   EARLY    3.67                   NEUTRAL       —     NO     NO
WLDUSDT           COMPRESSION   EARLY    3.66               WATCH_SHORT       —     NO     NO
SUIUSDT           COMPRESSION   EARLY    3.48                   NEUTRAL       —     NO     NO
BTWUSDT          ACCUMULATION    FAIR    3.31                   NEUTRAL       —     NO     NO
DOGEUSDT          COMPRESSION   EARLY    3.28                   NEUTRAL       —     NO     NO
ZECUSDT          ACCUMULATION   EARLY    3.19   DIRECTION_EMERGING_LONG    0.05     NO     NO
BSBUSDT          ACCUMULATION   EARLY    3.00               WATCH_SHORT       —     NO     NO
BTCUSDT          ACCUMULATION   EARLY    2.89   DIRECTION_EMERGING_LONG    0.13     NO     NO
TLMUSDT          ACCUMULATION    FAIR    2.85               WATCH_SHORT       —     NO     NO
HYPEUSDT         ACCUMULATION   EARLY    2.78                   NEUTRAL       —     NO     NO
LINKUSDT          COMPRESSION   EARLY    2.76                   NEUTRAL       —     NO     NO
PUMPUSDT         ACCUMULATION   EARLY    2.73                   NEUTRAL       —     NO     NO
XRPUSDT          ACCUMULATION   EARLY    2.61                   NEUTRAL       —     NO     NO
ETHUSDT          ACCUMULATION   EARLY    2.57                WATCH_LONG       —     NO     NO
BNBUSDT           COMPRESSION   EARLY    2.57                   NEUTRAL       —     NO     NO
XPINUSDT            EXPANSION    LATE    2.54                   NEUTRAL       —     NO     NO
SQDUSDT          ACCUMULATION    FAIR    2.52               WATCH_SHORT       —     NO     NO

V7.4 PRE-MOVE SURVEILLANCE
Eligible: 3 | Primary: 3 | Reserve: 0

PRIMARY
 1 BTWUSDT        REVERSAL       12.24 state=NEUTRAL
 2 WLDUSDT        REVERSAL       10.00 state=WATCH_SHORT
 3 LINKUSDT       REVERSAL        9.72 state=NEUTRAL

Run ID: 36781876d84aa68b2935277c97932db4
Snapshot saved: /home/runner/work/Alpha-Hunter/Alpha-Hunter/data/snapshots/snapshot-20260817T203122Z.json
State history: /home/runner/work/Alpha-Hunter/Alpha-Hunter/data/state-history.jsonl
Supabase: SAVED
Qualified discovery candidates: 0
EARLY candidates: 0
V7 Trade Ready: 0
Bitget private API: NOT_CONFIGURED
