V7.4 HOURLY PERFORMANCE TRACKER
Run ID: 36781876d84aa68b2935277c97932db4

V7.4.1 SHADOW REVERSAL
 SH SYMBOL           V74     OLD   SHADOW
--------------------------------------------------
  1 WLDUSDT            2   10.00    12.25
  2 BTWUSDT            1   12.24     8.22
  3 LINKUSDT           3    9.72     4.97
PERFORMANCE SIGNALS SAVED: 29
FEATURE ROWS SAVED: 29
V7.4 OUTCOMES 1H: saved=13 failed=0
V7.4 OUTCOMES 4H: saved=14 failed=0
V7.4 OUTCOMES 12H: saved=10 failed=0
V7.4 OUTCOMES 24H: saved=9 failed=0
OUTCOME EVALUATION COMPLETE: saved=46 failed=0

==========================================================================================
V7.4 CURRENT SURVEILLANCE COHORT
==========================================================================================
RANK SYMBOL         TIER      PATH            SCORE STATE
------------------------------------------------------------------------------------------
   1 BTWUSDT        PRIMARY   REVERSAL        12.24 NEUTRAL
   2 WLDUSDT        PRIMARY   REVERSAL        10.00 WATCH_SHORT
   3 LINKUSDT       PRIMARY   REVERSAL         9.72 NEUTRAL

================================================================================================================================
V7.4 FORWARD PERFORMANCE — RAW PRICE EXPANSION
================================================================================================================================

PRIMARY / RESERVE + PATH
  H TIER      PATH              N    POS%   AVG RAW   AVG ABS    EXP3%    EXP5%   EXP10%    UP5%    DN5%
--------------------------------------------------------------------------------------------------------------------------------
  1 PRIMARY   CONTINUATION     42   66.7%    0.833%    2.490%    33.3%     9.5%     2.4%    7.1%    2.4%
  1 PRIMARY   REVERSAL         87   55.2%    0.397%    2.514%    27.6%     9.2%     2.3%    4.6%    4.6%
  1 RESERVE   REVERSAL          2   50.0%    0.019%    0.397%     0.0%     0.0%     0.0%    0.0%    0.0%
  4 PRIMARY   CONTINUATION     42   47.6%   -1.064%    4.534%    45.2%    28.6%    16.7%   14.3%   14.3%
  4 PRIMARY   REVERSAL         68   69.1%    1.333%    4.617%    52.9%    36.8%    10.3%   27.9%    8.8%
  4 RESERVE   REVERSAL          1  100.0%    1.974%    1.974%     0.0%     0.0%     0.0%    0.0%    0.0%
 12 PRIMARY   CONTINUATION     21   42.9%   -4.694%    8.236%    66.7%    66.7%    23.8%   14.3%   52.4%
 12 PRIMARY   REVERSAL         32   53.1%   -2.308%    5.881%    46.9%    31.2%    25.0%    9.4%   21.9%
 12 RESERVE   REVERSAL          1  100.0%    1.291%    1.291%     0.0%     0.0%     0.0%    0.0%    0.0%

RANK QUALITY
  H RANK BUCKET         N    POS%   AVG RAW   AVG ABS    EXP3%    EXP5%   EXP10%    UP5%    DN5%
----------------------------------------------------------------------------------------------------------------
  1 TOP_1_3           100   59.0%    0.428%    2.651%    31.0%    11.0%     3.0%    6.0%    5.0%
  1 TOP_4_5            29   58.6%    0.919%    2.006%    24.1%     3.4%     0.0%    3.4%    0.0%
  1 RESERVE_6_10        2   50.0%    0.019%    0.397%     0.0%     0.0%     0.0%    0.0%    0.0%
  4 TOP_1_3            85   55.3%   -0.094%    4.983%    52.9%    35.3%    15.3%   22.4%   12.9%
  4 TOP_4_5            25   80.0%    2.157%    3.231%    40.0%    28.0%     4.0%   24.0%    4.0%
  4 RESERVE_6_10        1  100.0%    1.974%    1.974%     0.0%     0.0%     0.0%    0.0%    0.0%
 12 TOP_1_3            43   44.2%   -3.362%    6.807%    53.5%    46.5%    20.9%   11.6%   34.9%
 12 TOP_4_5            10   70.0%   -2.785%    6.844%    60.0%    40.0%    40.0%   10.0%   30.0%
 12 RESERVE_6_10        1  100.0%    1.291%    1.291%     0.0%     0.0%     0.0%    0.0%    0.0%

Metric definitions:
AVG RAW = average raw market return from detection price.
AVG ABS = average absolute price movement regardless of direction.
EXP3/5/10 = percentage of candidates moving at least 3% / 5% / 10% in either direction.
UP5 = raw upside move >= +5%; DN5 = raw downside move <= -5%.
No V7.4 trade-direction assumption is used in these metrics.

V7.4 TRACKING JOB: PASS
