
==============================================================================================================
ALPHA HUNTER V7.5 INDEPENDENT EPISODE MARKET TRACKER
==============================================================================================================
Episodes stored: 105
Active episodes: 58

CYSUSDT        CONTINUATION  now=  -55.26% UP=   78.38% DOWN=  -57.84% 3=Y 5=Y 10=Y checks=54
BTWUSDT        CONTINUATION  now=   72.07% UP=  113.81% DOWN=    0.00% 3=Y 5=Y 10=Y checks=54
COOKIEUSDT     CONTINUATION  now=  -10.80% UP=    0.00% DOWN=  -15.46% 3=Y 5=Y 10=Y checks=54
SUIUSDT        CONTINUATION  now=   -3.56% UP=    0.00% DOWN=   -5.00% 3=Y 5=- 10=- checks=54
SOLUSDT        CONTINUATION  now=   -1.90% UP=    0.00% DOWN=   -4.13% 3=Y 5=- 10=- checks=54
SKYAIUSDT      REVERSAL      now=  -32.07% UP=    0.00% DOWN=  -42.50% 3=Y 5=Y 10=Y checks=54
DOGEUSDT       CONTINUATION  now=   -0.69% UP=    0.00% DOWN=   -2.32% 3=- 5=- 10=- checks=54
ADAUSDT        REVERSAL      now=  -12.24% UP=    0.00% DOWN=  -12.90% 3=Y 5=Y 10=Y checks=54
GWEIUSDT       REVERSAL      now=   10.33% UP=   17.67% DOWN=    0.00% 3=Y 5=Y 10=Y checks=54
BICOUSDT       REVERSAL      now=  -58.48% UP=    0.00% DOWN=  -59.36% 3=Y 5=Y 10=Y checks=54
IOTXUSDT       REVERSAL      now=   -9.23% UP=    0.00% DOWN=  -10.53% 3=Y 5=Y 10=Y checks=54
MMTUSDT        REVERSAL      now=  -17.10% UP=    0.00% DOWN=  -17.69% 3=Y 5=Y 10=Y checks=54
SUIUSDT        CONTINUATION  now=   -2.42% UP=    0.00% DOWN=   -3.86% 3=Y 5=- 10=- checks=54
MUBARAKUSDT    REVERSAL      now=  -15.48% UP=    0.00% DOWN=  -24.10% 3=Y 5=Y 10=Y checks=54
4USDT          REVERSAL      now=  -12.59% UP=    0.00% DOWN=  -22.21% 3=Y 5=Y 10=Y checks=54
JTOUSDT        REVERSAL      now=    4.78% UP=   11.45% DOWN=    0.00% 3=Y 5=Y 10=Y checks=54
FORMUSDT       REVERSAL      now=   -5.34% UP=    0.00% DOWN=   -7.88% 3=Y 5=Y 10=- checks=54
PUMPUSDT       REVERSAL      now=   -1.52% UP=    5.86% DOWN=   -6.03% 3=Y 5=Y 10=- checks=54
ACUUSDT        REVERSAL      now=   13.59% UP=   16.62% DOWN=  -12.33% 3=Y 5=Y 10=Y checks=54
HYPEUSDT       REVERSAL      now=    4.59% UP=    6.56% DOWN=   -0.62% 3=Y 5=Y 10=- checks=54
AEONUSDT       CONTINUATION  now=   18.30% UP=   31.04% DOWN=   -6.91% 3=Y 5=Y 10=Y checks=54
BTWUSDT        CONTINUATION  now=   15.44% UP=   43.38% DOWN=  -10.16% 3=Y 5=Y 10=Y checks=54
LINKUSDT       CONTINUATION  now=    0.35% UP=    1.37% DOWN=   -1.13% 3=- 5=- 10=- checks=16
ONGUSDT        CONTINUATION  now=   -2.58% UP=   18.39% DOWN=   -4.78% 3=Y 5=Y 10=Y checks=16
PRLUSDT        CONTINUATION  now=   -2.28% UP=    5.86% DOWN=   -7.83% 3=Y 5=Y 10=- checks=15
REDUSDT        REVERSAL      now=    0.35% UP=    0.58% DOWN=   -5.18% 3=Y 5=Y 10=- checks=15
LINKUSDT       REVERSAL      now=    1.09% UP=    2.11% DOWN=   -0.29% 3=- 5=- 10=- checks=15
LINKUSDT       REVERSAL      now=    1.09% UP=    2.11% DOWN=   -0.29% 3=- 5=- 10=- checks=15
PRLUSDT        CONTINUATION  now=   -2.28% UP=    5.86% DOWN=   -7.83% 3=Y 5=Y 10=- checks=15
REDUSDT        REVERSAL      now=    0.35% UP=    0.58% DOWN=   -5.18% 3=Y 5=Y 10=- checks=15
HUSDT          REVERSAL      now=  -15.64% UP=    3.58% DOWN=  -27.00% 3=Y 5=Y 10=Y checks=13
NILUSDT        CONTINUATION  now=    0.46% UP=    4.46% DOWN=   -9.23% 3=Y 5=Y 10=- checks=13
AIOUSDT        CONTINUATION  now=  -23.53% UP=   10.78% DOWN=  -24.36% 3=Y 5=Y 10=Y checks=13
VELVETUSDT     CONTINUATION  now=  -38.56% UP=    3.94% DOWN=  -41.18% 3=Y 5=Y 10=Y checks=12
NILUSDT        REVERSAL      now=    3.69% UP=    7.26% DOWN=   -6.39% 3=Y 5=Y 10=- checks=11
BASEDUSDT      REVERSAL      now=    0.52% UP=    3.02% DOWN=   -0.33% 3=Y 5=- 10=- checks=11
AEONUSDT       REVERSAL      now=   13.17% UP=   25.36% DOWN=   -1.36% 3=Y 5=Y 10=Y checks=11
LINKUSDT       REVERSAL      now=    0.48% UP=    1.45% DOWN=   -0.71% 3=- 5=- 10=- checks=11
AIOUSDT        REVERSAL      now=  -19.75% UP=   16.26% DOWN=  -20.62% 3=Y 5=Y 10=Y checks=10
PIXELUSDT      REVERSAL      now=    0.56% UP=    8.12% DOWN=   -0.81% 3=Y 5=Y 10=- checks=10
CHIPUSDT       CONTINUATION  now=   -8.93% UP=    5.56% DOWN=   -9.89% 3=Y 5=Y 10=- checks=10
AIOUSDT        CONTINUATION  now=  -24.70% UP=    9.09% DOWN=  -25.52% 3=Y 5=Y 10=Y checks=9
NILUSDT        REVERSAL      now=    2.02% UP=    5.53% DOWN=   -7.89% 3=Y 5=Y 10=- checks=9
PRLUSDT        CONTINUATION  now=   -1.03% UP=    4.27% DOWN=   -6.51% 3=Y 5=Y 10=- checks=9
ACUUSDT        REVERSAL      now=   15.91% UP=   16.10% DOWN=   -0.93% 3=Y 5=Y 10=Y checks=9
DOLOUSDT       REVERSAL      now=    4.35% UP=    5.32% DOWN=   -0.49% 3=Y 5=Y 10=- checks=8
BTWUSDT        REVERSAL      now=    5.45% UP=    9.87% DOWN=   -3.90% 3=Y 5=Y 10=- checks=7
LINKUSDT       CONTINUATION  now=   -0.19% UP=    0.77% DOWN=   -0.63% 3=- 5=- 10=- checks=7
COWUSDT        REVERSAL      now=   -2.42% UP=    0.27% DOWN=   -3.67% 3=Y 5=- 10=- checks=6
AEONUSDT       CONTINUATION  now=    2.87% UP=   14.00% DOWN=    0.00% 3=Y 5=Y 10=Y checks=5
WLDUSDT        REVERSAL      now=   -0.62% UP=    2.07% DOWN=   -1.81% 3=- 5=- 10=- checks=5
WLDUSDT        CONTINUATION  now=   -1.62% UP=    1.04% DOWN=   -2.80% 3=- 5=- 10=- checks=4
AIOUSDT        REVERSAL      now=  -13.04% UP=    1.88% DOWN=  -13.99% 3=Y 5=Y 10=Y checks=4
CHIPUSDT       REVERSAL      now=   -5.40% UP=    0.20% DOWN=   -6.40% 3=Y 5=Y 10=- checks=4
PRLUSDT        REVERSAL      now=    4.06% UP=    6.87% DOWN=   -0.05% 3=Y 5=Y 10=- checks=3
LINKUSDT       REVERSAL      now=   -0.36% UP=    0.07% DOWN=   -0.57% 3=- 5=- 10=- checks=2
CHIPUSDT       REVERSAL      now=   -0.28% UP=    0.63% DOWN=   -1.34% 3=- 5=- 10=- checks=2
HUSDT          REVERSAL      now=   -1.75% UP=    1.95% DOWN=   -2.76% 3=- 5=- 10=- checks=2

==============================================================================================================
TRACKER SUMMARY
==============================================================================================================
Checked: 58
Failed: 0
Supabase rows upserted: 105
3% episodes: 88
5% episodes: 78
10% episodes: 49

V7.5 EPISODE MARKET TRACKER: PASS
