V7.5 state restored from Supabase: 105

ALPHA HUNTER V7.5 OPPORTUNITY LIFECYCLE
Run ID: 36781876d84aa68b2935277c97932db4
Timestamp: 2026-08-17T20:31:22.767003+00:00
Lifecycle candidates: 3

UPDATE WLDUSDT        REVERSAL      state=PRE_MOVE_DETECTED    det=4   v74= 9.96 rank=4 shadow=12.00 provisional=ACTIVE final=PENDING
UPDATE BTWUSDT        REVERSAL      state=EXPANSION            det=7   v74= 9.33 rank=4 shadow=14.68 provisional=NON_TRADEABLE_EXPANSION final=PENDING
UPDATE LINKUSDT       REVERSAL      state=PRE_MOVE_DETECTED    det=2   v74= 9.60 rank=6 shadow= 4.46 provisional=ACTIVE final=PENDING

Supabase lifecycle rows upserted: 105
Supabase lifecycle row count: 105

====================================================================================================
V7.5 LIFECYCLE SUMMARY
====================================================================================================
Episodes stored: 105
Created this run: 0
Updated this run: 3
Active episodes: 105

STATE COUNTS
DIRECTION_EMERGING       7
EXPANSION                5
FINALIZED                47
PRE_MOVE_DETECTED        46

State file: /home/runner/work/Alpha-Hunter/Alpha-Hunter/data/v75-lifecycle-episodes.json
History file: /home/runner/work/Alpha-Hunter/Alpha-Hunter/data/v75-lifecycle-history.jsonl

V7.5 LIFECYCLE JOB: PASS
