
======================================================================================================================
ALPHA HUNTER V7.6 DIRECTION-PROOF ENGINE — SHADOW
======================================================================================================================
Eligible forward episodes: 36

SYMBOL         PATH          DIR         CONF   LONG   SHORT       15M        1H
----------------------------------------------------------------------------------------------------------------------
LINKUSDT       CONTINUATION  UNKNOWN     0.0%   1.00    2.50   BEARISH     MIXED
ONGUSDT        CONTINUATION  UNKNOWN     0.0%   1.00    3.00     MIXED   BEARISH
PRLUSDT        CONTINUATION  UNKNOWN     0.0%   3.00    1.00     MIXED     MIXED
REDUSDT        REVERSAL      LONG       68.8%   5.50    0.00   BULLISH   BULLISH
LINKUSDT       REVERSAL      UNKNOWN     0.0%   1.00    2.50   BEARISH     MIXED
LINKUSDT       REVERSAL      UNKNOWN     0.0%   1.00    2.50   BEARISH     MIXED
PRLUSDT        CONTINUATION  UNKNOWN     0.0%   3.00    1.00     MIXED     MIXED
REDUSDT        REVERSAL      LONG       68.8%   5.50    0.00   BULLISH   BULLISH
HUSDT          REVERSAL      UNKNOWN     0.0%   2.50    1.00     MIXED     MIXED
NILUSDT        CONTINUATION  LONG       68.8%   5.50    0.00   BULLISH   BULLISH
AIOUSDT        CONTINUATION  SHORT      87.5%   0.00    7.00   BEARISH   BEARISH
VELVETUSDT     CONTINUATION  SHORT      63.1%   1.50    5.50   BEARISH   BEARISH
NILUSDT        REVERSAL      LONG       68.8%   5.50    0.00   BULLISH   BULLISH
BASEDUSDT      REVERSAL      SHORT      56.2%   0.00    4.50   BEARISH   BEARISH
AEONUSDT       REVERSAL      UNKNOWN     0.0%   0.00    2.50   BEARISH     MIXED
LINKUSDT       REVERSAL      UNKNOWN     0.0%   1.00    2.50   BEARISH     MIXED
AIOUSDT        REVERSAL      SHORT      87.5%   0.00    7.00   BEARISH   BEARISH
PIXELUSDT      REVERSAL      SHORT      65.0%   1.00    5.50   BEARISH   BEARISH
CHIPUSDT       CONTINUATION  SHORT      75.0%   0.00    6.00   BEARISH   BEARISH
AIOUSDT        CONTINUATION  SHORT      87.5%   0.00    7.00   BEARISH   BEARISH
NILUSDT        REVERSAL      LONG       68.8%   5.50    0.00   BULLISH   BULLISH
PRLUSDT        CONTINUATION  UNKNOWN     0.0%   3.00    1.00     MIXED     MIXED
ACUUSDT        REVERSAL      LONG      100.0%   8.00    0.00   BULLISH   BULLISH
DOLOUSDT       REVERSAL      LONG       81.2%   6.50    0.00   BULLISH   BULLISH
BTWUSDT        REVERSAL      UNKNOWN     0.0%   1.50    3.50     MIXED     MIXED
LINKUSDT       CONTINUATION  UNKNOWN     0.0%   1.00    2.50   BEARISH     MIXED
COWUSDT        REVERSAL      SHORT      50.0%   0.00    4.00   BEARISH   BEARISH
AEONUSDT       CONTINUATION  UNKNOWN     0.0%   0.00    2.50   BEARISH     MIXED
WLDUSDT        REVERSAL      SHORT      68.8%   0.00    5.50   BEARISH   BEARISH
WLDUSDT        CONTINUATION  SHORT      68.8%   0.00    5.50   BEARISH   BEARISH
AIOUSDT        REVERSAL      SHORT      87.5%   0.00    7.00   BEARISH   BEARISH
CHIPUSDT       REVERSAL      SHORT      75.0%   0.00    6.00   BEARISH   BEARISH
PRLUSDT        REVERSAL      UNKNOWN     0.0%   3.00    1.00     MIXED     MIXED
LINKUSDT       REVERSAL      UNKNOWN     0.0%   1.00    2.50   BEARISH     MIXED
CHIPUSDT       REVERSAL      SHORT      75.0%   0.00    6.00   BEARISH   BEARISH
HUSDT          REVERSAL      UNKNOWN     0.0%   2.50    3.00     MIXED   BEARISH

======================================================================================================================
V7.6 SHADOW SUMMARY
======================================================================================================================
Evaluated: 36
LONG: 7
SHORT: 13
UNKNOWN: 16
Failures: 0
Supabase shadow rows saved: 36
Direction state rows saved: 36
Immutable transition rows saved: 36
Transition run ID: cloud5d-20260817T203026Z
Direction emerging: 2
Direction confirmed: 15
Lost confirmation: 6

IMPORTANT: V7.6 IS SHADOW ONLY.
No trade permission was generated.

V7.6 DIRECTION SHADOW: PASS
