
======================================================================================================================
ALPHA HUNTER V7.6 POST-CONFIRMATION OUTCOME TRACKER — SHADOW
======================================================================================================================
Confirmed outcome rows: 70
Created this run: 3

VELVETUSDT     SHORT  quality=FORWARD_COMPLETE now=  38.28% MFE=  40.56% MAE=  -5.03% lost=Y done=-
VELVETUSDT     LONG   quality=FORWARD_COMPLETE now= -41.91% MFE=   0.51% MAE= -44.05% lost=Y done=-
PRLUSDT        SHORT  quality=FORWARD_COMPLETE now=  -2.04% MFE=   3.73% MAE=  -4.66% lost=Y done=-
COWUSDT        SHORT  quality=FORWARD_COMPLETE now=   0.37% MFE=   1.65% MAE=  -1.37% lost=Y done=-
HUSDT          SHORT  quality=FORWARD_COMPLETE now=  -8.20% MFE=   6.56% MAE= -15.09% lost=Y done=-
ONGUSDT        LONG   quality=FORWARD_COMPLETE now= -12.03% MFE=   1.77% MAE= -14.11% lost=Y done=-
REDUSDT        SHORT  quality=FORWARD_COMPLETE now=  -1.63% MFE=   3.96% MAE=  -1.86% lost=Y done=-
REDUSDT        SHORT  quality=FORWARD_COMPLETE now=  -1.63% MFE=   3.96% MAE=  -1.86% lost=Y done=-
PRLUSDT        LONG   quality=FORWARD_COMPLETE now=  -7.16% MFE=   0.29% MAE= -12.41% lost=Y done=-
PRLUSDT        LONG   quality=FORWARD_COMPLETE now=  -7.16% MFE=   0.29% MAE= -12.41% lost=Y done=-
PIXELUSDT      SHORT  quality=FORWARD_COMPLETE now=  -0.73% MFE=   0.26% MAE=  -8.42% lost=Y done=-
NILUSDT        LONG   quality=FORWARD_COMPLETE now=  -2.87% MFE=   1.07% MAE= -11.78% lost=Y done=-
AIOUSDT        LONG   quality=FORWARD_COMPLETE now= -25.88% MFE=   6.48% MAE= -27.29% lost=Y done=-
CHIPUSDT       LONG   quality=FORWARD_COMPLETE now=  -5.28% MFE=   5.31% MAE=  -6.28% lost=Y done=-
AEONUSDT       LONG   quality=FORWARD_COMPLETE now=   2.91% MFE=  13.72% MAE=  -2.24% lost=Y done=-
AIOUSDT        LONG   quality=FORWARD_COMPLETE now= -23.67% MFE=   9.66% MAE= -25.12% lost=Y done=-
AIOUSDT        LONG   quality=FORWARD_COMPLETE now= -23.67% MFE=   9.66% MAE= -25.12% lost=Y done=-
ACUUSDT        LONG   quality=FORWARD_COMPLETE now=  13.24% MFE=  13.43% MAE=  -2.76% lost=Y done=-
BASEDUSDT      SHORT  quality=FORWARD_COMPLETE now=   0.51% MFE=   1.42% MAE=  -0.41% lost=- done=-
AEONUSDT       LONG   quality=FORWARD_COMPLETE now=  -4.06% MFE=   0.64% MAE=  -5.46% lost=Y done=-
AIOUSDT        SHORT  quality=FORWARD_COMPLETE now=  11.12% MFE=  12.82% MAE=  -0.81% lost=- done=-
CHIPUSDT       SHORT  quality=FORWARD_COMPLETE now=   2.44% MFE=   3.47% MAE=  -0.76% lost=- done=-
NILUSDT        SHORT  quality=FORWARD_COMPLETE now=  -8.44% MFE=   0.04% MAE= -12.85% lost=Y done=-
NILUSDT        SHORT  quality=FORWARD_COMPLETE now=  -8.44% MFE=   0.04% MAE= -12.85% lost=Y done=-
CHIPUSDT       SHORT  quality=FORWARD_COMPLETE now=  -0.00% MFE=   0.00% MAE=   0.00% lost=- done=-
WLDUSDT        SHORT  quality=FORWARD_COMPLETE now=  -0.06% MFE=   0.00% MAE=  -0.06% lost=- done=-
WLDUSDT        SHORT  quality=FORWARD_COMPLETE now=  -0.06% MFE=   0.00% MAE=  -0.06% lost=- done=-

======================================================================================================================
POST-CONFIRMATION TRACKER SUMMARY
======================================================================================================================
Outcome rows: 70
Created this run: 3
Tracked this run: 27
Failed: 0
Supabase rows upserted: 70
Forward complete: 70
Completed 24H: 43

IMPORTANT: OUTCOME TRACKER IS MEASUREMENT ONLY.
No trade permission was generated.

V7.6 POST-CONFIRMATION OUTCOME TRACKER: PASS
