
ALPHA HUNTER V7.1 — 2026-08-17T17:30:43.613412+00:00

Universe: 26 deep-scanned of 759 contracts
Eligible after prefilter: 307
Non-crypto rejected: 290

SYMBOL                  PHASE    TIME   BEHAV                     STATE      RR   DISC  TRADE
---------------------------------------------------------------------------------------------
GIGGLEUSDT     DISTRIBUTION_RISK    FAIR    6.56   DIRECTION_EMERGING_LONG    0.29     NO     NO
AEONUSDT         ACCUMULATION    LATE    5.79                WATCH_LONG       —    YES     NO
HUSDT            ACCUMULATION    FAIR    5.00               WATCH_SHORT       —    YES     NO
BICOUSDT         ACCUMULATION    FAIR    4.89               WATCH_SHORT       —     NO     NO
ROBOUSDT            BREAKDOWN    FAIR    4.75  DIRECTION_EMERGING_SHORT    0.00     NO     NO
COWUSDT             BREAKDOWN    FAIR    4.47  DIRECTION_EMERGING_SHORT    0.01     NO     NO
CHIPUSDT         ACCUMULATION   EARLY    4.07                   NEUTRAL       —     NO     NO
BTCUSDT              IGNITION   EARLY    3.85   DIRECTION_EMERGING_LONG    0.15     NO     NO
BTWUSDT          ACCUMULATION    FAIR    3.81                   NEUTRAL       —     NO     NO
REUSDT           ACCUMULATION   EARLY    3.68               WATCH_SHORT       —     NO     NO
PRLUSDT             BREAKDOWN    FAIR    3.66               WATCH_SHORT       —     NO     NO
BSBUSDT             BREAKDOWN    FAIR    3.63  DIRECTION_EMERGING_SHORT    0.32     NO     NO
WLDUSDT           COMPRESSION   EARLY    3.49                   NEUTRAL       —     NO     NO
ADAUSDT          ACCUMULATION   EARLY    3.43               WATCH_SHORT       —     NO     NO
LINKUSDT         ACCUMULATION   EARLY    3.25                WATCH_LONG       —     NO     NO
ETHUSDT          ACCUMULATION   EARLY    3.20   DIRECTION_EMERGING_LONG    0.19     NO     NO
SOLUSDT          ACCUMULATION   EARLY    3.04                WATCH_LONG       —     NO     NO
TLMUSDT             BREAKDOWN    FAIR    3.01  DIRECTION_EMERGING_SHORT    0.21     NO     NO
ZECUSDT          ACCUMULATION   EARLY    2.79                   NEUTRAL       —     NO     NO
DOGEUSDT         ACCUMULATION   EARLY    2.76                WATCH_LONG       —     NO     NO
STBLUSDT         ACCUMULATION   EARLY    2.69                WATCH_LONG       —     NO     NO
SUIUSDT          ACCUMULATION   EARLY    2.67                   NEUTRAL       —     NO     NO
XRPUSDT          ACCUMULATION   EARLY    2.54                   NEUTRAL       —     NO     NO
SQDUSDT             BREAKDOWN    FAIR    2.20  DIRECTION_EMERGING_SHORT    0.01     NO     NO
HYPEUSDT         ACCUMULATION   EARLY    2.15                   NEUTRAL       —     NO     NO
FIGHTUSDT        ACCUMULATION    FAIR    1.93               WATCH_SHORT       —     NO     NO

V7.4 PRE-MOVE SURVEILLANCE
Eligible: 3 | Primary: 3 | Reserve: 0

PRIMARY
 1 PRLUSDT        REVERSAL       11.60 state=WATCH_SHORT
 2 BTWUSDT        REVERSAL       11.55 state=NEUTRAL
 3 WLDUSDT        REVERSAL       11.17 state=NEUTRAL

Run ID: 943ba451cdba9c0daad8034285659875
Snapshot saved: /home/runner/work/Alpha-Hunter/Alpha-Hunter/data/snapshots/snapshot-20260817T173043Z.json
State history: /home/runner/work/Alpha-Hunter/Alpha-Hunter/data/state-history.jsonl
Supabase: SAVED
Qualified discovery candidates: 2
EARLY candidates: 0
V7 Trade Ready: 0
Bitget private API: NOT_CONFIGURED
