
======================================================================================================================
ALPHA HUNTER V7.9 FULL-UNIVERSE HOURLY LEDGER — SHADOW
======================================================================================================================
Observed: 2026-08-17T17:30:46.083777+00:00
Hour bucket: 2026-08-17T17:00:00+00:00
Contract tickers: 759
Rows attempted: 759
Deep-scan selected: 26
Selection snapshot: 2026-08-17T17:30:43.613412+00:00
Selection run ID: 943ba451cdba9c0daad8034285659875
Prefilter eligible: 306
Eligible not selected: 280
Non-crypto: 290
Low liquidity: 156
Over-extended: 7
Invalid price skipped: 0
Rows purged >7d: 0

TOP ABSOLUTE 24H MOVERS
SYMBOL                  24H    ELIG    SCAN  STATUS
------------------------------------------------------------------------
GPSUSDT             +56.37%       N       N  OVER_EXTENDED
TUTUSDT             +43.67%       N       N  OVER_EXTENDED
VELVETUSDT          -40.90%       N       N  OVER_EXTENDED
CYSUSDT             -36.86%       N       N  OVER_EXTENDED
ACEUSDT             +31.10%       N       N  OVER_EXTENDED
QUSDT               -26.64%       N       N  OVER_EXTENDED
BEATUSDT            -26.20%       N       N  OVER_EXTENDED
AEONUSDT            +24.81%       Y       Y  DEEP_SCAN_SELECTED
XPINUSDT            -18.47%       Y       N  ELIGIBLE_NOT_SELECTED
AXTIUSDT            +18.47%       N       N  NON_CRYPTO
AIOUSDT             -18.36%       Y       N  ELIGIBLE_NOT_SELECTED
KIOXIAUSDT          +15.93%       N       N  NON_CRYPTO
SNXXUSDT            +14.66%       N       N  NON_CRYPTO
CBRSUSDT            +13.81%       N       N  NON_CRYPTO
TLMUSDT             -13.59%       Y       Y  DEEP_SCAN_SELECTED

IMPORTANT: V7.9 IS MEASUREMENT/AUDIT ONLY.
Same-hour reruns do not overwrite the first stored universe snapshot.
Raw universe evidence is retained for 7 days.
No trade permission was generated.

V7.9 FULL-UNIVERSE LEDGER: PASS
