
ALPHA HUNTER V7.1 — 2026-08-18T12:53:33.958978+00:00

Universe: 28 deep-scanned of 759 contracts
Eligible after prefilter: 312
Non-crypto rejected: 290

SYMBOL                  PHASE    TIME   BEHAV                     STATE      RR   DISC  TRADE
---------------------------------------------------------------------------------------------
GPSUSDT             EXPANSION    LATE    8.20   DIRECTION_EMERGING_LONG    0.03     NO     NO
BTWUSDT          ACCUMULATION    FAIR    6.96   DIRECTION_EMERGING_LONG    0.94    YES     NO
SKYAIUSDT           BREAKDOWN    FAIR    6.25  DIRECTION_EMERGING_SHORT    0.01     NO     NO
OPNUSDT        EXPANSION_MANAGEMENT    FAIR    6.24                WATCH_LONG       —     NO     NO
HUSDT               BREAKDOWN    FAIR    5.89  DIRECTION_EMERGING_SHORT    0.30     NO     NO
BEATUSDT            EXPANSION    FAIR    5.86  DIRECTION_EMERGING_SHORT    0.04     NO     NO
BICOUSDT            BREAKDOWN    FAIR    5.78               WATCH_SHORT       —     NO     NO
TUTUSDT             EXPANSION    LATE    5.59                   NEUTRAL       —     NO     NO
VELVETUSDT          EXPANSION    LATE    5.13                   NEUTRAL       —     NO     NO
SOLUSDT           COMPRESSION   EARLY    5.03   DIRECTION_EMERGING_LONG    0.06     NO     NO
CYSUSDT             EXPANSION    FAIR    4.60                   NEUTRAL       —     NO     NO
ZECUSDT           COMPRESSION   EARLY    4.59               WATCH_SHORT       —     NO     NO
LUMIAUSDT           BREAKDOWN    FAIR    4.51               WATCH_SHORT       —     NO     NO
ADAUSDT           COMPRESSION   EARLY    4.50                   NEUTRAL       —     NO     NO
PEPEUSDT          COMPRESSION   EARLY    4.06                   NEUTRAL       —     NO     NO
HYPEUSDT          COMPRESSION   EARLY    3.87                   NEUTRAL       —     NO     NO
PRLUSDT          ACCUMULATION    FAIR    3.82                   NEUTRAL       —     NO     NO
DIAUSDT           COMPRESSION   EARLY    3.79                   NEUTRAL       —     NO     NO
LINKUSDT         ACCUMULATION   EARLY    3.56               WATCH_SHORT       —     NO     NO
DOGEUSDT          COMPRESSION   EARLY    3.48               WATCH_SHORT       —     NO     NO
XRPUSDT           COMPRESSION   EARLY    3.43                   NEUTRAL       —     NO     NO
NEARUSDT          COMPRESSION   EARLY    3.31                   NEUTRAL       —     NO     NO
ETHUSDT           COMPRESSION   EARLY    3.21                   NEUTRAL       —     NO     NO
BTCUSDT           COMPRESSION   EARLY    3.18                   NEUTRAL       —     NO     NO
OUSDT            ACCUMULATION    FAIR    3.15               WATCH_SHORT       —     NO     NO
TAGUSDT           COMPRESSION   EARLY    3.04                   NEUTRAL       —     NO     NO
GALAUSDT            BREAKDOWN    FAIR    2.79  DIRECTION_EMERGING_SHORT    0.18     NO     NO
IRYSUSDT         ACCUMULATION    FAIR    1.65                   NEUTRAL       —     NO     NO

V7.4 PRE-MOVE SURVEILLANCE
Eligible: 8 | Primary: 5 | Reserve: 3

PRIMARY
 1 LUMIAUSDT      REVERSAL       12.76 state=WATCH_SHORT
 2 BTWUSDT        CONTINUATION   12.00 state=DIRECTION_EMERGING_LONG
 3 LINKUSDT       REVERSAL       10.68 state=WATCH_SHORT
 4 ZECUSDT        REVERSAL       10.11 state=WATCH_SHORT
 5 ETHUSDT        REVERSAL        9.86 state=NEUTRAL

RESERVE
 6 HYPEUSDT       REVERSAL        9.82 state=NEUTRAL
 7 BTCUSDT        CONTINUATION    9.00 state=NEUTRAL
 8 SOLUSDT        CONTINUATION    8.92 state=DIRECTION_EMERGING_LONG

Run ID: 2c2842ac1d541e0265b9f376c387d641
Snapshot saved: /home/runner/work/Alpha-Hunter/Alpha-Hunter/data/snapshots/snapshot-20260818T125333Z.json
State history: /home/runner/work/Alpha-Hunter/Alpha-Hunter/data/state-history.jsonl
Supabase: SAVED
Qualified discovery candidates: 1
EARLY candidates: 0
V7 Trade Ready: 0
Bitget private API: NOT_CONFIGURED
