
======================================================================================================================
ALPHA HUNTER V7.9 FULL-UNIVERSE HOURLY LEDGER — SHADOW
======================================================================================================================
Observed: 2026-08-18T12:53:36.085440+00:00
Hour bucket: 2026-08-18T12:00:00+00:00
Contract tickers: 759
Rows attempted: 759
Deep-scan selected: 28
Selection snapshot: 2026-08-18T12:53:33.958978+00:00
Selection run ID: 2c2842ac1d541e0265b9f376c387d641
Prefilter eligible: 312
Eligible not selected: 284
Non-crypto: 290
Low liquidity: 156
Over-extended: 1
Invalid price skipped: 0
Rows purged >7d: 0

TOP ABSOLUTE 24H MOVERS
SYMBOL                  24H    ELIG    SCAN  STATUS
------------------------------------------------------------------------
AIOUSDT             -34.12%       N       N  OVER_EXTENDED
TUTUSDT             +20.51%       Y       Y  DEEP_SCAN_SELECTED
VVVUSDT             +20.25%       Y       N  ELIGIBLE_NOT_SELECTED
ACEUSDT             +19.29%       Y       N  ELIGIBLE_NOT_SELECTED
UNITASUSDT          -18.42%       Y       N  ELIGIBLE_NOT_SELECTED
GPSUSDT             +18.29%       Y       Y  DEEP_SCAN_SELECTED
BEATUSDT            -16.67%       Y       Y  DEEP_SCAN_SELECTED
JCTUSDT             +16.17%       Y       N  ELIGIBLE_NOT_SELECTED
REDUSDT             +15.59%       Y       N  ELIGIBLE_NOT_SELECTED
FIGHTUSDT           -15.14%       Y       N  ELIGIBLE_NOT_SELECTED
OPNUSDT             +15.12%       Y       Y  DEEP_SCAN_SELECTED
PRLUSDT             +14.39%       Y       Y  DEEP_SCAN_SELECTED
GALAUSDT            -14.14%       Y       Y  DEEP_SCAN_SELECTED
VELVETUSDT          -13.79%       Y       Y  DEEP_SCAN_SELECTED
KORUUSDT            -12.74%       N       N  NON_CRYPTO

IMPORTANT: V7.9 IS MEASUREMENT/AUDIT ONLY.
Same-hour reruns do not overwrite the first stored universe snapshot.
Raw universe evidence is retained for 7 days.
No trade permission was generated.

V7.9 FULL-UNIVERSE LEDGER: PASS
