
ALPHA HUNTER V7.1 — 2026-08-18T08:41:44.939054+00:00

Universe: 25 deep-scanned of 759 contracts
Eligible after prefilter: 319
Non-crypto rejected: 290

SYMBOL                  PHASE    TIME   BEHAV                     STATE      RR   DISC  TRADE
---------------------------------------------------------------------------------------------
HUSDT            ACCUMULATION    FAIR    7.83  DIRECTION_EMERGING_SHORT    0.70    YES     NO
GPSUSDT             EXPANSION    LATE    6.60                WATCH_LONG       —     NO     NO
BTWUSDT           COMPRESSION   EARLY    6.14                WATCH_LONG       —    YES     NO
TUTUSDT             EXPANSION    LATE    5.56                   NEUTRAL       —     NO     NO
ADAUSDT           COMPRESSION   EARLY    5.07  DIRECTION_EMERGING_SHORT    0.33    YES     NO
PRLUSDT        DISTRIBUTION_RISK    FAIR    4.94   DIRECTION_EMERGING_LONG    0.18     NO     NO
ZECUSDT           COMPRESSION   EARLY    4.85                   NEUTRAL       —     NO     NO
SOLUSDT           COMPRESSION   EARLY    4.81   DIRECTION_EMERGING_LONG    0.12     NO     NO
HYPEUSDT          COMPRESSION   EARLY    4.66                WATCH_LONG       —     NO     NO
VVVUSDT          ACCUMULATION    FAIR    4.47   DIRECTION_EMERGING_LONG    0.01     NO     NO
PEPEUSDT          COMPRESSION   EARLY    4.19               WATCH_SHORT       —     NO     NO
BEATUSDT            EXPANSION    FAIR    4.07               WATCH_SHORT       —     NO     NO
BSBUSDT          ACCUMULATION    FAIR    3.93               WATCH_SHORT       —     NO     NO
DOGEUSDT          COMPRESSION   EARLY    3.86               WATCH_SHORT       —     NO     NO
NEARUSDT          COMPRESSION   EARLY    3.86                   NEUTRAL       —     NO     NO
XRPUSDT          ACCUMULATION   EARLY    3.62                   NEUTRAL       —     NO     NO
LINKUSDT         ACCUMULATION   EARLY    3.29                   NEUTRAL       —     NO     NO
DIAUSDT          ACCUMULATION    FAIR    3.25               WATCH_SHORT       —     NO     NO
ETHUSDT           COMPRESSION   EARLY    2.89                   NEUTRAL       —     NO     NO
UNITASUSDT       ACCUMULATION    FAIR    2.88               WATCH_SHORT       —     NO     NO
BTCUSDT          ACCUMULATION   EARLY    2.73                   NEUTRAL       —     NO     NO
SQDUSDT          ACCUMULATION    FAIR    2.71                   NEUTRAL       —     NO     NO
GALAUSDT         ACCUMULATION    FAIR    2.58                   NEUTRAL       —     NO     NO
FIGHTUSDT        ACCUMULATION    FAIR    1.91                   NEUTRAL       —     NO     NO
IRYSUSDT         ACCUMULATION    FAIR    1.77                   NEUTRAL       —     NO     NO

V7.4 PRE-MOVE SURVEILLANCE
Eligible: 6 | Primary: 5 | Reserve: 1

PRIMARY
 1 GPSUSDT        CONTINUATION   11.91 state=WATCH_LONG
 2 LINKUSDT       REVERSAL       10.56 state=NEUTRAL
 3 ZECUSDT        CONTINUATION    9.96 state=NEUTRAL
 4 ETHUSDT        REVERSAL        9.82 state=NEUTRAL
 5 HYPEUSDT       CONTINUATION    9.79 state=WATCH_LONG

RESERVE
 6 BTWUSDT        CONTINUATION    9.01 state=WATCH_LONG

Run ID: 74f7e4cd88ab7a90acbe03622d204f28
Snapshot saved: /home/runner/work/Alpha-Hunter/Alpha-Hunter/data/snapshots/snapshot-20260818T084144Z.json
State history: /home/runner/work/Alpha-Hunter/Alpha-Hunter/data/state-history.jsonl
Supabase: SAVED
Qualified discovery candidates: 3
EARLY candidates: 2
V7 Trade Ready: 0
Bitget private API: NOT_CONFIGURED
