
==============================================================================================================
ALPHA HUNTER V7.5 INDEPENDENT EPISODE MARKET TRACKER
==============================================================================================================
Episodes stored: 124
Active episodes: 58

ADAUSDT        REVERSAL      now=  -12.49% UP=    0.00% DOWN=  -13.51% 3=Y 5=Y 10=Y checks=63
DOGEUSDT       CONTINUATION  now=   -1.15% UP=    0.00% DOWN=   -2.32% 3=- 5=- 10=- checks=63
SKYAIUSDT      REVERSAL      now=  -34.20% UP=    0.00% DOWN=  -42.50% 3=Y 5=Y 10=Y checks=63
SOLUSDT        CONTINUATION  now=   -1.57% UP=    0.00% DOWN=   -4.13% 3=Y 5=- 10=- checks=63
SUIUSDT        CONTINUATION  now=   -7.92% UP=    0.00% DOWN=   -9.59% 3=Y 5=Y 10=- checks=63
COOKIEUSDT     CONTINUATION  now=  -18.18% UP=    0.00% DOWN=  -18.49% 3=Y 5=Y 10=Y checks=63
BTWUSDT        CONTINUATION  now=   76.49% UP=  113.81% DOWN=    0.00% 3=Y 5=Y 10=Y checks=63
CYSUSDT        CONTINUATION  now=  -49.19% UP=   78.38% DOWN=  -57.84% 3=Y 5=Y 10=Y checks=63
GWEIUSDT       REVERSAL      now=    6.24% UP=   17.67% DOWN=    0.00% 3=Y 5=Y 10=Y checks=63
BICOUSDT       REVERSAL      now=  -57.88% UP=    0.00% DOWN=  -59.94% 3=Y 5=Y 10=Y checks=63
SUIUSDT        CONTINUATION  now=   -6.79% UP=    0.00% DOWN=   -8.51% 3=Y 5=Y 10=- checks=63
MMTUSDT        REVERSAL      now=  -18.53% UP=    0.00% DOWN=  -21.43% 3=Y 5=Y 10=Y checks=63
IOTXUSDT       REVERSAL      now=   -9.79% UP=    0.00% DOWN=  -11.73% 3=Y 5=Y 10=Y checks=63
FORMUSDT       REVERSAL      now=   -6.17% UP=    0.00% DOWN=   -7.88% 3=Y 5=Y 10=- checks=63
JTOUSDT        REVERSAL      now=    3.33% UP=   11.45% DOWN=    0.00% 3=Y 5=Y 10=Y checks=63
4USDT          REVERSAL      now=  -15.73% UP=    0.00% DOWN=  -22.21% 3=Y 5=Y 10=Y checks=63
MUBARAKUSDT    REVERSAL      now=  -16.53% UP=    0.00% DOWN=  -24.10% 3=Y 5=Y 10=Y checks=63
PUMPUSDT       REVERSAL      now=   -2.12% UP=    5.86% DOWN=   -6.03% 3=Y 5=Y 10=- checks=63
HYPEUSDT       REVERSAL      now=    6.04% UP=    7.50% DOWN=   -0.62% 3=Y 5=Y 10=- checks=63
ACUUSDT        REVERSAL      now=    5.07% UP=   16.62% DOWN=  -12.33% 3=Y 5=Y 10=Y checks=63
BTWUSDT        CONTINUATION  now=   18.35% UP=   43.38% DOWN=  -10.16% 3=Y 5=Y 10=Y checks=63
AEONUSDT       CONTINUATION  now=   26.16% UP=   32.48% DOWN=   -6.91% 3=Y 5=Y 10=Y checks=63
ACUUSDT        REVERSAL      now=    7.22% UP=   18.36% DOWN=   -0.93% 3=Y 5=Y 10=Y checks=18
NILUSDT        REVERSAL      now=    0.86% UP=    5.53% DOWN=   -7.89% 3=Y 5=Y 10=- checks=18
AIOUSDT        CONTINUATION  now=  -35.34% UP=    9.09% DOWN=  -43.16% 3=Y 5=Y 10=Y checks=18
PRLUSDT        CONTINUATION  now=   15.90% UP=   19.78% DOWN=   -6.51% 3=Y 5=Y 10=Y checks=18
DOLOUSDT       REVERSAL      now=   -1.02% UP=   14.32% DOWN=   -1.73% 3=Y 5=Y 10=Y checks=17
LINKUSDT       CONTINUATION  now=   -0.72% UP=    0.77% DOWN=   -1.79% 3=- 5=- 10=- checks=16
BTWUSDT        REVERSAL      now=    8.11% UP=   11.93% DOWN=   -3.90% 3=Y 5=Y 10=Y checks=16
COWUSDT        REVERSAL      now=   -5.10% UP=    2.42% DOWN=   -6.80% 3=Y 5=Y 10=- checks=15
WLDUSDT        REVERSAL      now=   -8.83% UP=    2.07% DOWN=  -10.21% 3=Y 5=Y 10=Y checks=14
AEONUSDT       CONTINUATION  now=    9.75% UP=   15.25% DOWN=   -2.99% 3=Y 5=Y 10=Y checks=14
CHIPUSDT       REVERSAL      now=   -3.44% UP=    0.20% DOWN=   -9.61% 3=Y 5=Y 10=- checks=13
AIOUSDT        REVERSAL      now=  -25.43% UP=    1.88% DOWN=  -34.36% 3=Y 5=Y 10=Y checks=13
WLDUSDT        CONTINUATION  now=   -9.75% UP=    1.04% DOWN=  -11.12% 3=Y 5=Y 10=Y checks=13
PRLUSDT        REVERSAL      now=   21.90% UP=   25.93% DOWN=   -0.05% 3=Y 5=Y 10=Y checks=12
LINKUSDT       REVERSAL      now=   -0.88% UP=    0.15% DOWN=   -1.96% 3=- 5=- 10=- checks=11
HUSDT          REVERSAL      now=    0.56% UP=    6.35% DOWN=   -4.96% 3=Y 5=Y 10=- checks=11
CHIPUSDT       REVERSAL      now=    1.90% UP=    3.66% DOWN=   -4.71% 3=Y 5=- 10=- checks=11
HYPEUSDT       REVERSAL      now=    1.44% UP=    2.82% DOWN=    0.00% 3=- 5=- 10=- checks=9
LINKUSDT       CONTINUATION  now=   -0.78% UP=    0.23% DOWN=   -1.85% 3=- 5=- 10=- checks=9
HYPEUSDT       CONTINUATION  now=    1.01% UP=    2.40% DOWN=   -0.31% 3=- 5=- 10=- checks=8
CHIPUSDT       REVERSAL      now=    4.92% UP=    6.73% DOWN=   -1.88% 3=Y 5=Y 10=- checks=8
ETHUSDT        CONTINUATION  now=   -0.19% UP=    0.54% DOWN=   -0.96% 3=- 5=- 10=- checks=8
BTWUSDT        CONTINUATION  now=    0.77% UP=    4.12% DOWN=   -3.49% 3=Y 5=- 10=- checks=8
ZECUSDT        CONTINUATION  now=   -0.66% UP=    0.50% DOWN=   -1.40% 3=- 5=- 10=- checks=6
HYPEUSDT       CONTINUATION  now=    0.79% UP=    2.16% DOWN=   -0.53% 3=- 5=- 10=- checks=6
PUMPUSDT       REVERSAL      now=    0.54% UP=    2.46% DOWN=   -0.22% 3=- 5=- 10=- checks=6
LINKUSDT       REVERSAL      now=    0.76% UP=    1.75% DOWN=   -0.03% 3=- 5=- 10=- checks=6
BTWUSDT        REVERSAL      now=    2.49% UP=    5.89% DOWN=   -1.05% 3=Y 5=Y 10=- checks=6
GPSUSDT        CONTINUATION  now=   -0.40% UP=    5.16% DOWN=   -4.20% 3=Y 5=Y 10=- checks=5
CHIPUSDT       REVERSAL      now=    1.90% UP=    3.58% DOWN=   -4.50% 3=Y 5=- 10=- checks=5
DIAUSDT        REVERSAL      now=   -0.64% UP=    0.48% DOWN=   -2.57% 3=- 5=- 10=- checks=4
ETHUSDT        REVERSAL      now=    0.21% UP=    0.54% DOWN=   -0.21% 3=- 5=- 10=- checks=4
AEONUSDT       CONTINUATION  now=   -2.00% UP=    2.91% DOWN=   -4.92% 3=Y 5=- 10=- checks=4
BTWUSDT        CONTINUATION  now=    2.87% UP=    6.04% DOWN=   -0.30% 3=Y 5=Y 10=- checks=3
DIAUSDT        REVERSAL      now=    0.24% UP=    0.49% DOWN=   -0.49% 3=- 5=- 10=- checks=2
SOLUSDT        CONTINUATION  now=   -0.07% UP=    0.02% DOWN=   -0.33% 3=- 5=- 10=- checks=2

==============================================================================================================
TRACKER SUMMARY
==============================================================================================================
Checked: 58
Failed: 0
Supabase rows upserted: 124
3% episodes: 99
5% episodes: 88
10% episodes: 56

V7.5 EPISODE MARKET TRACKER: PASS
