
======================================================================================================================
ALPHA HUNTER V7.6 POST-CONFIRMATION OUTCOME TRACKER — SHADOW
======================================================================================================================
Confirmed outcome rows: 78
Created this run: 2

PRLUSDT        LONG   quality=FORWARD_COMPLETE now=   3.28% MFE=   6.91% MAE=  -0.83% lost=- done=-
CHIPUSDT       SHORT  quality=FORWARD_COMPLETE now=  -2.26% MFE=   4.44% MAE=  -3.95% lost=Y done=-
BTWUSDT        LONG   quality=FORWARD_COMPLETE now=   1.37% MFE=   4.54% MAE=  -3.10% lost=Y done=-
PRLUSDT        SHORT  quality=FORWARD_COMPLETE now= -19.15% MFE=   3.73% MAE= -23.33% lost=Y done=-
COWUSDT        SHORT  quality=FORWARD_COMPLETE now=   3.11% MFE=   4.84% MAE=  -4.57% lost=Y done=-
WLDUSDT        SHORT  quality=FORWARD_COMPLETE now=   8.26% MFE=   9.65% MAE=  -0.77% lost=- done=-
WLDUSDT        SHORT  quality=FORWARD_COMPLETE now=   8.26% MFE=   9.65% MAE=  -0.77% lost=- done=-
AIOUSDT        SHORT  quality=FORWARD_COMPLETE now=  24.97% MFE=  33.47% MAE=  -0.81% lost=Y done=-
CHIPUSDT       SHORT  quality=FORWARD_COMPLETE now=   0.24% MFE=   6.78% MAE=  -1.41% lost=Y done=-
BTWUSDT        LONG   quality=FORWARD_COMPLETE now=   1.58% MFE=   4.54% MAE=  -3.10% lost=Y done=-
PIXELUSDT      SHORT  quality=FORWARD_COMPLETE now=  -4.37% MFE=   1.95% MAE=  -8.42% lost=Y done=-
CHIPUSDT       LONG   quality=FORWARD_COMPLETE now=  -3.14% MFE=   5.31% MAE=  -9.49% lost=Y done=-
AEONUSDT       LONG   quality=FORWARD_COMPLETE now=   9.49% MFE=  14.97% MAE=  -3.23% lost=Y done=-
CHIPUSDT       SHORT  quality=FORWARD_COMPLETE now=  -5.65% MFE=   0.98% MAE=  -7.40% lost=Y done=-
AIOUSDT        LONG   quality=FORWARD_COMPLETE now= -35.92% MFE=   9.66% MAE= -42.87% lost=Y done=-
DOLOUSDT       LONG   quality=FORWARD_COMPLETE now=  -5.98% MFE=   8.59% MAE=  -6.66% lost=Y done=-
AIOUSDT        LONG   quality=FORWARD_COMPLETE now= -35.81% MFE=   9.66% MAE= -42.87% lost=Y done=-
ACUUSDT        LONG   quality=FORWARD_COMPLETE now=   4.79% MFE=  15.63% MAE=  -2.76% lost=Y done=-
BASEDUSDT      SHORT  quality=FORWARD_COMPLETE now=   2.56% MFE=   4.62% MAE=  -0.41% lost=Y done=-
AEONUSDT       LONG   quality=FORWARD_COMPLETE now=   2.07% MFE=   7.18% MAE=  -9.78% lost=Y done=-
NILUSDT        SHORT  quality=FORWARD_COMPLETE now=  -7.53% MFE=   0.04% MAE= -12.85% lost=Y done=-
NILUSDT        SHORT  quality=FORWARD_COMPLETE now=  -7.53% MFE=   0.04% MAE= -12.85% lost=Y done=-
GPSUSDT        LONG   quality=FORWARD_COMPLETE now=  -2.77% MFE=   0.11% MAE=  -6.27% lost=- done=-
BTWUSDT        LONG   quality=FORWARD_COMPLETE now=   0.17% MFE=   0.30% MAE=   0.00% lost=- done=-
BTWUSDT        LONG   quality=FORWARD_COMPLETE now=   0.17% MFE=   0.30% MAE=   0.00% lost=- done=-

======================================================================================================================
POST-CONFIRMATION TRACKER SUMMARY
======================================================================================================================
Outcome rows: 78
Created this run: 2
Tracked this run: 25
Failed: 0
Supabase rows upserted: 78
Forward complete: 78
Completed 24H: 53

IMPORTANT: OUTCOME TRACKER IS MEASUREMENT ONLY.
No trade permission was generated.

V7.6 POST-CONFIRMATION OUTCOME TRACKER: PASS
