
======================================================================================================================
ALPHA HUNTER V7.7 HUGE-RR EXECUTION FEASIBILITY — SHADOW
======================================================================================================================
Confirmed direction states: 85

SKIP   ACEUSDT        insufficient closed history at confirmation
SKIP   ALICEUSDT      insufficient closed history at confirmation
SKIP   ALICEUSDT      insufficient closed history at confirmation
SKIP   HYPEUSDT       insufficient closed history at confirmation
SKIP   VELVETUSDT     insufficient closed history at confirmation
SKIP   VELVETUSDT     insufficient closed history at confirmation
SKIP   WLDUSDT        insufficient closed history at confirmation
SKIP   WLDUSDT        insufficient closed history at confirmation
SKIP   BRUSDT         insufficient closed history at confirmation
SKIP   CYSUSDT        insufficient closed history at confirmation
SKIP   ACUUSDT        insufficient closed history at confirmation
SKIP   AVNTUSDT       insufficient closed history at confirmation
SKIP   AVAXUSDT       insufficient closed history at confirmation
SKIP   ROBOUSDT       insufficient closed history at confirmation
SKIP   CAPUSDT        insufficient closed history at confirmation
SKIP   CAPUSDT        insufficient closed history at confirmation
SKIP   CAPUSDT        insufficient closed history at confirmation
SKIP   CAPUSDT        insufficient closed history at confirmation
SKIP   PUMPUSDT       insufficient closed history at confirmation
SKIP   WLFIUSDT       insufficient closed history at confirmation
SKIP   ALICEUSDT      insufficient closed history at confirmation
SKIP   CAPUSDT        insufficient closed history at confirmation
SKIP   BRUSDT         insufficient closed history at confirmation
SKIP   HYPEUSDT       insufficient closed history at confirmation
SKIP   NILUSDT        insufficient closed history at confirmation
SKIP   VELVETUSDT     insufficient closed history at confirmation
SKIP   COWUSDT        insufficient closed history at confirmation
SKIP   PUMPUSDT       insufficient closed history at confirmation
SKIP   AEONUSDT       insufficient closed history at confirmation
SKIP   FOLKSUSDT      insufficient closed history at confirmation
SKIP   PRLUSDT        insufficient closed history at confirmation
SKIP   AEONUSDT       insufficient closed history at confirmation
SKIP   DOLOUSDT       insufficient closed history at confirmation
SKIP   BTWUSDT        insufficient closed history at confirmation
SKIP   HUSDT          insufficient closed history at confirmation
SKIP   HYPEUSDT       insufficient closed history at confirmation
SKIP   WLDUSDT        insufficient closed history at confirmation
SKIP   WLDUSDT        insufficient closed history at confirmation
SKIP   WLDUSDT        insufficient closed history at confirmation
SKIP   WLDUSDT        insufficient closed history at confirmation
SKIP   AEONUSDT       insufficient closed history at confirmation
SKIP   BOMEUSDT       insufficient closed history at confirmation
SKIP   ROBOUSDT       insufficient closed history at confirmation
SKIP   VELVETUSDT     insufficient closed history at confirmation
SKIP   ONGUSDT        insufficient closed history at confirmation
SKIP   REDUSDT        insufficient closed history at confirmation
SKIP   REDUSDT        insufficient closed history at confirmation
SKIP   AIOUSDT        insufficient closed history at confirmation
SKIP   NILUSDT        insufficient closed history at confirmation
SKIP   PRLUSDT        insufficient closed history at confirmation
SKIP   PRLUSDT        insufficient closed history at confirmation
SKIP   VELVETUSDT     insufficient closed history at confirmation
HUSDT          SHORT   entry=0.10964      stop=0.14306974   risk= 30.49% structRR=0.15   status=STRUCTURE_RR_LT_3
AEONUSDT       LONG    entry=0.08242      stop=0.073329637  risk= 11.03% structRR=0.12   status=STRUCTURE_RR_LT_3
CHIPUSDT       LONG    entry=0.02994      stop=0.028576027  risk=  4.56% structRR=1.99   status=STRUCTURE_RR_LT_3
PIXELUSDT      SHORT   entry=0.004666     stop=0.0047355409 risk=  1.49% structRR=0.36   status=STRUCTURE_RR_LT_3
ACUUSDT        LONG    entry=0.1147       stop=0.099679943  risk= 13.10% structRR=0.05   status=STRUCTURE_RR_LT_3
AIOUSDT        LONG    entry=0.07204      stop=0.064113114  risk= 11.00% structRR=0.36   status=STRUCTURE_RR_LT_3
AIOUSDT        LONG    entry=0.07204      stop=0.064113114  risk= 11.00% structRR=0.36   status=STRUCTURE_RR_LT_3
COWUSDT        SHORT   entry=0.1094       stop=0.11487325   risk=  5.00% structRR=0.20   status=STRUCTURE_RR_LT_3
PRLUSDT        SHORT   entry=0.3776       stop=0.4052942    risk=  7.33% structRR=0.02   status=STRUCTURE_RR_LT_3
BASEDUSDT      SHORT   entry=0.07897      stop=0.080276272  risk=  1.65% structRR=0.79   status=STRUCTURE_RR_LT_3
AEONUSDT       LONG    entry=0.08841      stop=0.081180619  risk=  8.18% structRR=0.22   status=STRUCTURE_RR_LT_3
AIOUSDT        SHORT   entry=0.06187      stop=0.075612259  risk= 22.21% structRR=0.10   status=STRUCTURE_RR_LT_3
CHIPUSDT       SHORT   entry=0.02907      stop=0.031021342  risk=  6.71% structRR=0.26   status=STRUCTURE_RR_LT_3
NILUSDT        SHORT   entry=0.04584      stop=0.048770193  risk=  6.39% structRR=0.24   status=STRUCTURE_RR_LT_3
NILUSDT        SHORT   entry=0.04584      stop=0.048770193  risk=  6.39% structRR=0.24   status=STRUCTURE_RR_LT_3
CHIPUSDT       SHORT   entry=0.02836      stop=0.02927958   risk=  3.24% structRR=0.33   status=STRUCTURE_RR_LT_3
WLDUSDT        SHORT   entry=0.3513       stop=0.35607436   risk=  1.36% structRR=0.88   status=STRUCTURE_RR_LT_3
WLDUSDT        SHORT   entry=0.3513       stop=0.35607436   risk=  1.36% structRR=0.88   status=STRUCTURE_RR_LT_3
DOLOUSDT       LONG    entry=0.02374      stop=0.023121574  risk=  2.60% structRR=0.02   status=STRUCTURE_RR_LT_3
BTWUSDT        LONG    entry=0.359743     stop=0.34677967   risk=  3.60% structRR=0.40   status=STRUCTURE_RR_LT_3
BTWUSDT        LONG    entry=0.359743     stop=0.34677967   risk=  3.60% structRR=0.40   status=STRUCTURE_RR_LT_3
CHIPUSDT       SHORT   entry=0.02745      stop=0.02876837   risk=  4.80% structRR=0.27   status=STRUCTURE_RR_LT_3
PRLUSDT        LONG    entry=0.4356       stop=0.39806258   risk=  8.62% structRR=0.10   status=STRUCTURE_RR_LT_3
GPSUSDT        LONG    entry=0.017414     stop=0.01528848   risk= 12.21% structRR=0.54   status=STRUCTURE_RR_LT_3
BTWUSDT        LONG    entry=0.364325     stop=0.3518646    risk=  3.42% structRR=0.71   status=STRUCTURE_RR_LT_3
BTWUSDT        LONG    entry=0.364325     stop=0.3518646    risk=  3.42% structRR=0.71   status=STRUCTURE_RR_LT_3

======================================================================================================================
V7.7 EXECUTION SHADOW SUMMARY
======================================================================================================================
Confirmed direction states: 85
Execution snapshots: 26
Skipped: 59
Failures: 0
Supabase rows upserted: 26
Structure >=1:3: 0
Structure >=1:5: 0
Structure >=1:10: 0

IMPORTANT: V7.7 IS EXECUTION FEASIBILITY SHADOW ONLY.
3% / 5% / 10% are scenarios, not predicted targets.
No trade permission was generated.

V7.7 EXECUTION FEASIBILITY: PASS
