
======================================================================================================================
ALPHA HUNTER V7.9 FULL-UNIVERSE HOURLY LEDGER — SHADOW
======================================================================================================================
Observed: 2026-08-18T08:41:48.174000+00:00
Hour bucket: 2026-08-18T08:00:00+00:00
Contract tickers: 759
Rows attempted: 759
Deep-scan selected: 25
Selection snapshot: 2026-08-18T08:41:44.939054+00:00
Selection run ID: 74f7e4cd88ab7a90acbe03622d204f28
Prefilter eligible: 319
Eligible not selected: 294
Non-crypto: 290
Low liquidity: 147
Over-extended: 3
Invalid price skipped: 0
Rows purged >7d: 0

TOP ABSOLUTE 24H MOVERS
SYMBOL                  24H    ELIG    SCAN  STATUS
------------------------------------------------------------------------
VELVETUSDT          -45.44%       N       N  OVER_EXTENDED
AIOUSDT             -34.40%       N       N  OVER_EXTENDED
ACEUSDT             +32.11%       N       N  OVER_EXTENDED
PRLUSDT             +16.40%       Y       Y  DEEP_SCAN_SELECTED
REDUSDT             +15.10%       Y       N  ELIGIBLE_NOT_SELECTED
TUTUSDT             +14.59%       Y       Y  DEEP_SCAN_SELECTED
HUSDT               +14.36%       Y       Y  DEEP_SCAN_SELECTED
VVVUSDT             +14.24%       Y       Y  DEEP_SCAN_SELECTED
BEATUSDT            -14.00%       Y       Y  DEEP_SCAN_SELECTED
FIGHTUSDT           -13.98%       Y       Y  DEEP_SCAN_SELECTED
DIAUSDT             -13.73%       Y       Y  DEEP_SCAN_SELECTED
ZHIPUUSDT           -13.66%       N       N  NON_CRYPTO
ZHIPUHKDUSDT        -13.38%       N       N  NON_CRYPTO
BSBUSDT             -13.27%       Y       Y  DEEP_SCAN_SELECTED
GALAUSDT            -12.98%       Y       Y  DEEP_SCAN_SELECTED

IMPORTANT: V7.9 IS MEASUREMENT/AUDIT ONLY.
Same-hour reruns do not overwrite the first stored universe snapshot.
Raw universe evidence is retained for 7 days.
No trade permission was generated.

V7.9 FULL-UNIVERSE LEDGER: PASS
