
ALPHA HUNTER V7.1 — 2026-08-19T19:29:44.667952+00:00

Universe: 30 deep-scanned of 756 contracts
Eligible after prefilter: 321
Non-crypto rejected: 291

SYMBOL                  PHASE    TIME   BEHAV                     STATE      RR   DISC  TRADE
---------------------------------------------------------------------------------------------
HYPEUSDT       DISTRIBUTION_RISK    FAIR    6.09   DIRECTION_EMERGING_LONG    0.30     NO     NO
CYSUSDT        DISTRIBUTION_RISK    LATE    5.17                WATCH_LONG       —     NO     NO
TUTUSDT             BREAKDOWN    FAIR    4.84  DIRECTION_EMERGING_SHORT    0.01     NO     NO
BIOUSDT          ACCUMULATION    FAIR    4.40                   NEUTRAL       —     NO     NO
SKYAIUSDT           EXPANSION    LATE    4.33                   NEUTRAL       —     NO     NO
BOMEUSDT         ACCUMULATION    FAIR    4.31   DIRECTION_EMERGING_LONG    0.19     NO     NO
APRUSDT           COMPRESSION   EARLY    4.03                   NEUTRAL       —     NO     NO
BROCCOLIUSDT     ACCUMULATION    FAIR    3.97   DIRECTION_EMERGING_LONG    0.14     NO     NO
LAUSDT            COMPRESSION   EARLY    3.87                   NEUTRAL       —     NO     NO
1000RATSUSDT     ACCUMULATION    FAIR    3.79                   NEUTRAL       —     NO     NO
BRUSDT           ACCUMULATION    FAIR    3.78                WATCH_LONG       —     NO     NO
VVVUSDT           COMPRESSION   EARLY    3.69                WATCH_LONG       —     NO     NO
ACEUSDT             EXPANSION    LATE    3.61                   NEUTRAL       —     NO     NO
SOLUSDT          ACCUMULATION   EARLY    3.51   DIRECTION_EMERGING_LONG    0.13     NO     NO
ETHUSDT        DISTRIBUTION_RISK    FAIR    3.49   DIRECTION_EMERGING_LONG    0.14     NO     NO
GRVTUSDT         ACCUMULATION    FAIR    3.47                   NEUTRAL       —     NO     NO
BTWUSDT          ACCUMULATION    FAIR    3.06                   NEUTRAL       —     NO     NO
LTCUSDT          ACCUMULATION   EARLY    2.97   DIRECTION_EMERGING_LONG    0.20     NO     NO
SHIBUSDT         ACCUMULATION   EARLY    2.94   DIRECTION_EMERGING_LONG    0.34     NO     NO
BCHUSDT              RECOVERY   EARLY    2.91                WATCH_LONG       —     NO     NO
CAPUSDT          ACCUMULATION   EARLY    2.87                   NEUTRAL       —     NO     NO
BICOUSDT         ACCUMULATION    FAIR    2.80               WATCH_SHORT       —     NO     NO
ESPUSDT          ACCUMULATION    FAIR    2.79                WATCH_LONG       —     NO     NO
LABUSDT              RECOVERY   EARLY    2.74                WATCH_LONG       —     NO     NO
ONDOUSDT         ACCUMULATION   EARLY    2.69                   NEUTRAL       —     NO     NO
XRPUSDT          ACCUMULATION   EARLY    2.63                WATCH_LONG       —     NO     NO
VIRTUALUSDT      ACCUMULATION   EARLY    2.41                WATCH_LONG       —     NO     NO
AVAXUSDT         ACCUMULATION   EARLY    2.36                WATCH_LONG       —     NO     NO
BTCUSDT          ACCUMULATION   EARLY    2.32                   NEUTRAL       —     NO     NO
BNBUSDT          ACCUMULATION   EARLY    1.82                   NEUTRAL       —     NO     NO

V7.4 PRE-MOVE SURVEILLANCE
Eligible: 5 | Primary: 5 | Reserve: 0

PRIMARY
 1 1000RATSUSDT   REVERSAL       14.00 state=NEUTRAL
 2 ACEUSDT        REVERSAL       13.84 state=NEUTRAL
 3 BTWUSDT        REVERSAL       11.96 state=NEUTRAL
 4 LAUSDT         CONTINUATION    9.97 state=NEUTRAL
 5 VVVUSDT        CONTINUATION    9.86 state=WATCH_LONG

Run ID: 1858436726b6705e45f1cd39d76e94b8
Snapshot saved: /home/runner/work/Alpha-Hunter/Alpha-Hunter/data/snapshots/snapshot-20260819T192944Z.json
State history: /home/runner/work/Alpha-Hunter/Alpha-Hunter/data/state-history.jsonl
Supabase: SAVED
Qualified discovery candidates: 0
EARLY candidates: 0
V7 Trade Ready: 0
Bitget private API: NOT_CONFIGURED
