
======================================================================================================================
ALPHA HUNTER V7.9 FULL-UNIVERSE HOURLY LEDGER — SHADOW
======================================================================================================================
Observed: 2026-08-19T19:29:47.229201+00:00
Hour bucket: 2026-08-19T19:00:00+00:00
Contract tickers: 756
Rows attempted: 756
Deep-scan selected: 30
Selection snapshot: 2026-08-19T19:29:44.667952+00:00
Selection run ID: 1858436726b6705e45f1cd39d76e94b8
Prefilter eligible: 321
Eligible not selected: 291
Non-crypto: 291
Low liquidity: 139
Over-extended: 5
Invalid price skipped: 0
Rows purged >7d: 0

TOP ABSOLUTE 24H MOVERS
SYMBOL                  24H    ELIG    SCAN  STATUS
------------------------------------------------------------------------
GPSUSDT             -33.31%       N       N  OVER_EXTENDED
REUSDT              +33.07%       N       N  OVER_EXTENDED
BEATUSDT            -28.65%       N       N  OVER_EXTENDED
PRLUSDT             -27.94%       N       N  OVER_EXTENDED
TREEUSDT            +27.58%       N       N  OVER_EXTENDED
MUBARAKUSDT         +23.13%       Y       N  ELIGIBLE_NOT_SELECTED
HUSDT               -20.50%       Y       N  ELIGIBLE_NOT_SELECTED
MSTUUSDT            +20.41%       N       N  NON_CRYPTO
MVLLUSDT            +18.74%       N       N  NON_CRYPTO
TUTUSDT             -17.69%       Y       Y  DEEP_SCAN_SELECTED
HYPEUSDT            +16.85%       Y       Y  DEEP_SCAN_SELECTED
TRIAUSDT            -16.63%       Y       N  ELIGIBLE_NOT_SELECTED
DOSUSDT             +16.47%       Y       N  ELIGIBLE_NOT_SELECTED
ACUUSDT             +16.10%       Y       N  ELIGIBLE_NOT_SELECTED
AEONUSDT            -15.58%       Y       N  ELIGIBLE_NOT_SELECTED

IMPORTANT: V7.9 IS MEASUREMENT/AUDIT ONLY.
Same-hour reruns do not overwrite the first stored universe snapshot.
Raw universe evidence is retained for 7 days.
No trade permission was generated.

V7.9 FULL-UNIVERSE LEDGER: PASS
