
ALPHA HUNTER V7.1 — 2026-08-17T15:28:36.059217+00:00

Universe: 28 deep-scanned of 759 contracts
Eligible after prefilter: 309
Non-crypto rejected: 290

SYMBOL                  PHASE    TIME   BEHAV                     STATE      RR   DISC  TRADE
---------------------------------------------------------------------------------------------
AEONUSDT            EXPANSION    LATE    7.13   DIRECTION_EMERGING_LONG    0.10     NO     NO
AIOUSDT             EXPANSION    FAIR    5.65               WATCH_SHORT       —     NO     NO
BICOUSDT            BREAKDOWN    FAIR    5.09  DIRECTION_EMERGING_SHORT    0.26     NO     NO
NXPCUSDT         ACCUMULATION    FAIR    4.70                WATCH_LONG       —     NO     NO
REUSDT              BREAKDOWN    FAIR    4.31  DIRECTION_EMERGING_SHORT    0.10     NO     NO
STBLUSDT         ACCUMULATION    FAIR    4.15                WATCH_LONG       —     NO     NO
OUSDT            ACCUMULATION    FAIR    3.99                   NEUTRAL       —     NO     NO
HOMEUSDT         ACCUMULATION    FAIR    3.90               WATCH_SHORT       —     NO     NO
LINKUSDT         ACCUMULATION   EARLY    3.86   DIRECTION_EMERGING_LONG    0.27     NO     NO
WLDUSDT           COMPRESSION   EARLY    3.75                   NEUTRAL       —     NO     NO
COWUSDT          ACCUMULATION    FAIR    3.72               WATCH_SHORT       —     NO     NO
SQDUSDT             BREAKDOWN    FAIR    3.55  DIRECTION_EMERGING_SHORT    0.04     NO     NO
TLMUSDT             BREAKDOWN    FAIR    3.43  DIRECTION_EMERGING_SHORT    0.29     NO     NO
CHIPUSDT         ACCUMULATION   EARLY    3.34                   NEUTRAL       —     NO     NO
BTCUSDT          ACCUMULATION   EARLY    3.31   DIRECTION_EMERGING_LONG    0.05     NO     NO
SOLUSDT          ACCUMULATION   EARLY    3.12   DIRECTION_EMERGING_LONG    0.08     NO     NO
BTWUSDT          ACCUMULATION    FAIR    3.12                   NEUTRAL       —     NO     NO
ZECUSDT          ACCUMULATION   EARLY    3.04   DIRECTION_EMERGING_LONG    0.20     NO     NO
ADAUSDT          ACCUMULATION   EARLY    3.04               WATCH_SHORT       —     NO     NO
EULUSDT        DISTRIBUTION_RISK    FAIR    2.92                WATCH_LONG       —     NO     NO
ETHUSDT          ACCUMULATION   EARLY    2.79   DIRECTION_EMERGING_LONG    0.09     NO     NO
FIGHTUSDT           BREAKDOWN    FAIR    2.59  DIRECTION_EMERGING_SHORT    0.04     NO     NO
DOGEUSDT         ACCUMULATION   EARLY    2.47   DIRECTION_EMERGING_LONG    0.11     NO     NO
PEPEUSDT         ACCUMULATION   EARLY    2.45                   NEUTRAL       —     NO     NO
XRPUSDT              RECOVERY   EARLY    2.43                WATCH_LONG       —     NO     NO
BLESSUSDT        ACCUMULATION    FAIR    2.36               WATCH_SHORT       —     NO     NO
HYPEUSDT         ACCUMULATION   EARLY    2.27                   NEUTRAL       —     NO     NO
SUIUSDT          ACCUMULATION   EARLY    1.67                   NEUTRAL       —     NO     NO

V7.4 PRE-MOVE SURVEILLANCE
Eligible: 4 | Primary: 4 | Reserve: 0

PRIMARY
 1 AIOUSDT        REVERSAL       12.75 state=WATCH_SHORT
 2 WLDUSDT        CONTINUATION   10.97 state=NEUTRAL
 3 CHIPUSDT       REVERSAL        9.60 state=NEUTRAL
 4 BTWUSDT        REVERSAL        9.39 state=NEUTRAL

Run ID: 33ad0d2ad1741e42f03895daaeac12ea
Snapshot saved: /home/runner/work/Alpha-Hunter/Alpha-Hunter/data/snapshots/snapshot-20260817T152836Z.json
State history: /home/runner/work/Alpha-Hunter/Alpha-Hunter/data/state-history.jsonl
Supabase: SAVED
Qualified discovery candidates: 0
EARLY candidates: 0
V7 Trade Ready: 0
Bitget private API: NOT_CONFIGURED
