V7.4 HOURLY PERFORMANCE TRACKER
Run ID: 33ad0d2ad1741e42f03895daaeac12ea

V7.4.1 SHADOW REVERSAL
 SH SYMBOL           V74     OLD   SHADOW
--------------------------------------------------
  1 BTWUSDT            4    9.39    12.19
  2 AIOUSDT            1   12.75    11.03
  3 CHIPUSDT           3    9.60     7.96
PERFORMANCE SIGNALS SAVED: 28
FEATURE ROWS SAVED: 28
V7.4 OUTCOMES 1H: saved=4 failed=0
V7.4 OUTCOMES 4H: saved=5 failed=0
V7.4 OUTCOMES 12H: saved=5 failed=0
V7.4 OUTCOMES 24H: saved=17 failed=0
OUTCOME EVALUATION COMPLETE: saved=31 failed=0

==========================================================================================
V7.4 CURRENT SURVEILLANCE COHORT
==========================================================================================
RANK SYMBOL         TIER      PATH            SCORE STATE
------------------------------------------------------------------------------------------
   1 AIOUSDT        PRIMARY   REVERSAL        12.75 WATCH_SHORT
   2 WLDUSDT        PRIMARY   CONTINUATION    10.97 NEUTRAL
   3 CHIPUSDT       PRIMARY   REVERSAL         9.60 NEUTRAL
   4 BTWUSDT        PRIMARY   REVERSAL         9.39 NEUTRAL

================================================================================================================================
V7.4 FORWARD PERFORMANCE — RAW PRICE EXPANSION
================================================================================================================================

PRIMARY / RESERVE + PATH
  H TIER      PATH              N    POS%   AVG RAW   AVG ABS    EXP3%    EXP5%   EXP10%    UP5%    DN5%
--------------------------------------------------------------------------------------------------------------------------------
  1 PRIMARY   CONTINUATION     41   68.3%    0.977%    2.078%    29.3%     4.9%     0.0%    4.9%    0.0%
  1 PRIMARY   REVERSAL         81   63.0%    0.704%    2.180%    22.2%     6.2%     2.5%    4.9%    1.2%
  1 RESERVE   REVERSAL          1  100.0%    0.416%    0.416%     0.0%     0.0%     0.0%    0.0%    0.0%
  4 PRIMARY   CONTINUATION     34   55.9%    0.832%    3.798%    47.1%    26.5%    11.8%   17.6%    8.8%
  4 PRIMARY   REVERSAL         70   67.1%    1.227%    4.340%    50.0%    34.3%     7.1%   27.1%    7.1%
  4 RESERVE   REVERSAL          1  100.0%    1.974%    1.974%     0.0%     0.0%     0.0%    0.0%    0.0%
 12 PRIMARY   CONTINUATION     20   55.0%   -0.350%    4.918%    50.0%    50.0%    15.0%   20.0%   30.0%
 12 PRIMARY   REVERSAL         42   42.9%   -3.043%    7.252%    64.3%    52.4%    23.8%   16.7%   35.7%
 12 RESERVE   REVERSAL          1  100.0%    1.291%    1.291%     0.0%     0.0%     0.0%    0.0%    0.0%

RANK QUALITY
  H RANK BUCKET         N    POS%   AVG RAW   AVG ABS    EXP3%    EXP5%   EXP10%    UP5%    DN5%
----------------------------------------------------------------------------------------------------------------
  1 TOP_1_3            96   64.6%    0.709%    2.247%    26.0%     6.2%     2.1%    5.2%    1.0%
  1 TOP_4_5            26   65.4%    1.117%    1.774%    19.2%     3.8%     0.0%    3.8%    0.0%
  1 RESERVE_6_10        1  100.0%    0.416%    0.416%     0.0%     0.0%     0.0%    0.0%    0.0%
  4 TOP_1_3            81   56.8%    0.656%    4.478%    53.1%    33.3%     9.9%   23.5%    9.9%
  4 TOP_4_5            23   87.0%    2.654%    3.051%    34.8%    26.1%     4.3%   26.1%    0.0%
  4 RESERVE_6_10        1  100.0%    1.974%    1.974%     0.0%     0.0%     0.0%    0.0%    0.0%
 12 TOP_1_3            49   44.9%   -2.164%    6.732%    63.3%    57.1%    18.4%   20.4%   36.7%
 12 TOP_4_5            13   53.8%   -2.214%    5.620%    46.2%    30.8%    30.8%    7.7%   23.1%
 12 RESERVE_6_10        1  100.0%    1.291%    1.291%     0.0%     0.0%     0.0%    0.0%    0.0%

Metric definitions:
AVG RAW = average raw market return from detection price.
AVG ABS = average absolute price movement regardless of direction.
EXP3/5/10 = percentage of candidates moving at least 3% / 5% / 10% in either direction.
UP5 = raw upside move >= +5%; DN5 = raw downside move <= -5%.
No V7.4 trade-direction assumption is used in these metrics.

V7.4 TRACKING JOB: PASS
