
==============================================================================================================
ALPHA HUNTER V7.5 INDEPENDENT EPISODE MARKET TRACKER
==============================================================================================================
Episodes stored: 101
Active episodes: 59

ADAUSDT        REVERSAL      now=  -11.58% UP=    0.00% DOWN=  -12.90% 3=Y 5=Y 10=Y checks=51
DOGEUSDT       CONTINUATION  now=   -0.41% UP=    0.00% DOWN=   -2.32% 3=- 5=- 10=- checks=51
SKYAIUSDT      REVERSAL      now=  -29.66% UP=    0.00% DOWN=  -42.50% 3=Y 5=Y 10=Y checks=51
SOLUSDT        CONTINUATION  now=   -1.66% UP=    0.00% DOWN=   -4.13% 3=Y 5=- 10=- checks=51
SUIUSDT        CONTINUATION  now=   -3.55% UP=    0.00% DOWN=   -5.00% 3=Y 5=- 10=- checks=51
COOKIEUSDT     CONTINUATION  now=  -12.98% UP=    0.00% DOWN=  -15.46% 3=Y 5=Y 10=Y checks=51
BTWUSDT        CONTINUATION  now=   67.33% UP=  113.81% DOWN=    0.00% 3=Y 5=Y 10=Y checks=51
CYSUSDT        CONTINUATION  now=  -53.76% UP=   78.38% DOWN=  -55.67% 3=Y 5=Y 10=Y checks=51
GWEIUSDT       REVERSAL      now=    2.20% UP=   17.67% DOWN=    0.00% 3=Y 5=Y 10=Y checks=51
BICOUSDT       REVERSAL      now=  -55.73% UP=    0.00% DOWN=  -58.94% 3=Y 5=Y 10=Y checks=51
SUIUSDT        CONTINUATION  now=   -2.44% UP=    0.00% DOWN=   -3.86% 3=Y 5=- 10=- checks=51
MMTUSDT        REVERSAL      now=  -15.18% UP=    0.00% DOWN=  -16.81% 3=Y 5=Y 10=Y checks=51
IOTXUSDT       REVERSAL      now=   -9.90% UP=    0.00% DOWN=  -10.53% 3=Y 5=Y 10=Y checks=51
FORMUSDT       REVERSAL      now=   -6.68% UP=    0.00% DOWN=   -7.88% 3=Y 5=Y 10=- checks=51
JTOUSDT        REVERSAL      now=    7.82% UP=   11.45% DOWN=    0.00% 3=Y 5=Y 10=Y checks=51
4USDT          REVERSAL      now=  -17.40% UP=    0.00% DOWN=  -22.21% 3=Y 5=Y 10=Y checks=51
MUBARAKUSDT    REVERSAL      now=  -16.23% UP=    0.00% DOWN=  -24.10% 3=Y 5=Y 10=Y checks=51
PUMPUSDT       REVERSAL      now=    2.93% UP=    5.86% DOWN=   -6.03% 3=Y 5=Y 10=- checks=51
HYPEUSDT       REVERSAL      now=    5.44% UP=    6.56% DOWN=   -0.62% 3=Y 5=Y 10=- checks=51
ACUUSDT        REVERSAL      now=    8.05% UP=   16.62% DOWN=  -12.33% 3=Y 5=Y 10=Y checks=51
BTWUSDT        CONTINUATION  now=   12.21% UP=   43.38% DOWN=  -10.16% 3=Y 5=Y 10=Y checks=51
AEONUSDT       CONTINUATION  now=   22.00% UP=   28.62% DOWN=   -6.91% 3=Y 5=Y 10=Y checks=51
BTWUSDT        CONTINUATION  now=    5.85% UP=   35.61% DOWN=   -1.78% 3=Y 5=Y 10=Y checks=19
HUSDT          REVERSAL      now=   -7.52% UP=   16.49% DOWN=  -18.01% 3=Y 5=Y 10=Y checks=19
WLDUSDT        CONTINUATION  now=    2.52% UP=    6.42% DOWN=    0.00% 3=Y 5=Y 10=- checks=18
AEONUSDT       REVERSAL      now=   20.62% UP=   23.56% DOWN=   -7.78% 3=Y 5=Y 10=Y checks=17
ROBOUSDT       REVERSAL      now=   -7.96% UP=    4.11% DOWN=   -9.81% 3=Y 5=Y 10=- checks=15
ONGUSDT        CONTINUATION  now=   -1.03% UP=   18.39% DOWN=   -2.88% 3=Y 5=Y 10=Y checks=13
LINKUSDT       CONTINUATION  now=    0.76% UP=    1.37% DOWN=   -1.13% 3=- 5=- 10=- checks=13
LINKUSDT       REVERSAL      now=    1.50% UP=    2.11% DOWN=   -0.29% 3=- 5=- 10=- checks=12
REDUSDT        REVERSAL      now=   -4.37% UP=    0.00% DOWN=   -5.18% 3=Y 5=Y 10=- checks=12
PRLUSDT        CONTINUATION  now=   -4.92% UP=    5.86% DOWN=   -6.26% 3=Y 5=Y 10=- checks=12
LINKUSDT       REVERSAL      now=    1.50% UP=    2.11% DOWN=   -0.29% 3=- 5=- 10=- checks=12
REDUSDT        REVERSAL      now=   -4.37% UP=    0.00% DOWN=   -5.18% 3=Y 5=Y 10=- checks=12
PRLUSDT        CONTINUATION  now=   -4.92% UP=    5.86% DOWN=   -6.26% 3=Y 5=Y 10=- checks=12
HUSDT          REVERSAL      now=  -17.67% UP=    3.58% DOWN=  -27.00% 3=Y 5=Y 10=Y checks=10
NILUSDT        CONTINUATION  now=   -5.21% UP=    4.46% DOWN=   -8.44% 3=Y 5=Y 10=- checks=10
AIOUSDT        CONTINUATION  now=  -11.89% UP=   10.78% DOWN=  -15.22% 3=Y 5=Y 10=Y checks=10
VELVETUSDT     CONTINUATION  now=  -31.71% UP=    3.94% DOWN=  -32.17% 3=Y 5=Y 10=Y checks=9
LINKUSDT       REVERSAL      now=    0.85% UP=    1.45% DOWN=   -0.71% 3=- 5=- 10=- checks=8
AEONUSDT       REVERSAL      now=   16.49% UP=   19.33% DOWN=   -1.36% 3=Y 5=Y 10=Y checks=8
BASEDUSDT      REVERSAL      now=    1.10% UP=    3.02% DOWN=   -0.32% 3=Y 5=- 10=- checks=8
NILUSDT        REVERSAL      now=   -2.24% UP=    3.79% DOWN=   -5.58% 3=Y 5=Y 10=- checks=8
CHIPUSDT       CONTINUATION  now=   -3.76% UP=    5.56% DOWN=   -6.10% 3=Y 5=Y 10=- checks=7
PIXELUSDT      REVERSAL      now=    2.74% UP=    8.12% DOWN=   -0.81% 3=Y 5=Y 10=- checks=7
AIOUSDT        REVERSAL      now=   -7.74% UP=   16.26% DOWN=  -11.02% 3=Y 5=Y 10=Y checks=7
NILUSDT        REVERSAL      now=   -3.81% UP=    0.86% DOWN=   -7.10% 3=Y 5=Y 10=- checks=6
ACUUSDT        REVERSAL      now=   10.25% UP=   15.05% DOWN=   -0.93% 3=Y 5=Y 10=Y checks=6
PRLUSDT        CONTINUATION  now=   -3.55% UP=    4.27% DOWN=   -4.91% 3=Y 5=- 10=- checks=6
AIOUSDT        CONTINUATION  now=  -13.44% UP=    9.09% DOWN=  -16.51% 3=Y 5=Y 10=Y checks=6
DOLOUSDT       REVERSAL      now=    0.09% UP=    2.39% DOWN=   -0.49% 3=- 5=- 10=- checks=5
LINKUSDT       CONTINUATION  now=    0.18% UP=    0.77% DOWN=   -0.63% 3=- 5=- 10=- checks=4
BTWUSDT        REVERSAL      now=    2.34% UP=    6.18% DOWN=   -3.90% 3=Y 5=Y 10=- checks=4
COWUSDT        REVERSAL      now=   -1.34% UP=    0.27% DOWN=   -3.31% 3=Y 5=- 10=- checks=3
WLDUSDT        REVERSAL      now=    1.19% UP=    1.44% DOWN=   -0.17% 3=- 5=- 10=- checks=2
AEONUSDT       CONTINUATION  now=    5.95% UP=    8.51% DOWN=    0.00% 3=Y 5=Y 10=- checks=2
AIOUSDT        REVERSAL      now=   -0.03% UP=    0.19% DOWN=   -0.37% 3=- 5=- 10=- checks=1
WLDUSDT        CONTINUATION  now=    0.17% UP=    0.22% DOWN=    0.00% 3=- 5=- 10=- checks=1
CHIPUSDT       REVERSAL      now=   -0.17% UP=    0.00% DOWN=   -0.17% 3=- 5=- 10=- checks=1

==============================================================================================================
TRACKER SUMMARY
==============================================================================================================
Checked: 59
Failed: 0
Supabase rows upserted: 101
3% episodes: 84
5% episodes: 73
10% episodes: 46

V7.5 EPISODE MARKET TRACKER: PASS
