V7.5 state restored from Supabase: 98

ALPHA HUNTER V7.5 OPPORTUNITY LIFECYCLE
Run ID: 33ad0d2ad1741e42f03895daaeac12ea
Timestamp: 2026-08-17T15:28:36.059217+00:00
Lifecycle candidates: 4

NEW    AIOUSDT        REVERSAL      state=PRE_MOVE_DETECTED    det=1   v74=12.75 rank=1 shadow=11.03 provisional=ACTIVE final=PENDING
NEW    WLDUSDT        CONTINUATION  state=PRE_MOVE_DETECTED    det=1   v74=10.97 rank=2 shadow= 0.00 provisional=ACTIVE final=PENDING
NEW    CHIPUSDT       REVERSAL      state=PRE_MOVE_DETECTED    det=1   v74= 9.60 rank=3 shadow= 7.96 provisional=ACTIVE final=PENDING
UPDATE BTWUSDT        REVERSAL      state=EXPANSION            det=4   v74= 9.33 rank=4 shadow=14.68 provisional=GOOD_DETECTION final=PENDING

Supabase lifecycle rows upserted: 101
Supabase lifecycle row count: 101

====================================================================================================
V7.5 LIFECYCLE SUMMARY
====================================================================================================
Episodes stored: 101
Created this run: 3
Updated this run: 1
Active episodes: 101

STATE COUNTS
DIRECTION_EMERGING       8
EXPANSION                6
FINALIZED                42
PRE_MOVE_DETECTED        45

State file: /home/runner/work/Alpha-Hunter/Alpha-Hunter/data/v75-lifecycle-episodes.json
History file: /home/runner/work/Alpha-Hunter/Alpha-Hunter/data/v75-lifecycle-history.jsonl

V7.5 LIFECYCLE JOB: PASS
