
======================================================================================================================
ALPHA HUNTER V7.6 POST-CONFIRMATION OUTCOME TRACKER — SHADOW
======================================================================================================================
Confirmed outcome rows: 62
Created this run: 1

PRLUSDT        SHORT  quality=FORWARD_COMPLETE now=   0.72% MFE=   2.09% MAE=  -1.17% lost=- done=-
VELVETUSDT     SHORT  quality=FORWARD_COMPLETE now=  30.83% MFE=  31.45% MAE=  -5.03% lost=Y done=-
VELVETUSDT     LONG   quality=FORWARD_COMPLETE now= -34.89% MFE=   0.51% MAE= -35.48% lost=Y done=-
AEONUSDT       SHORT  quality=FORWARD_COMPLETE now= -20.40% MFE=   7.83% MAE= -18.99% lost=Y done=Y
DOLOUSDT       LONG   quality=FORWARD_COMPLETE now= -10.34% MFE=  11.33% MAE= -11.13% lost=Y done=Y
COWUSDT        SHORT  quality=FORWARD_COMPLETE now=  -0.82% MFE=   0.09% MAE=  -1.01% lost=- done=-
BTWUSDT        LONG   quality=FORWARD_COMPLETE now=   3.16% MFE=  30.90% MAE=  -5.19% lost=Y done=-
WLDUSDT        LONG   quality=FORWARD_COMPLETE now=  -0.64% MFE=   3.14% MAE=  -2.31% lost=Y done=-
HYPEUSDT       LONG   quality=FORWARD_COMPLETE now=   2.60% MFE=   3.64% MAE=  -1.27% lost=Y done=-
AEONUSDT       SHORT  quality=FORWARD_COMPLETE now= -25.09% MFE=   4.19% MAE= -28.37% lost=Y done=-
ROBOUSDT       LONG   quality=FORWARD_COMPLETE now= -10.91% MFE=   0.00% MAE= -12.71% lost=Y done=-
WLDUSDT        LONG   quality=FORWARD_COMPLETE now=  -0.58% MFE=   3.20% MAE=  -2.25% lost=Y done=-
BOMEUSDT       SHORT  quality=FORWARD_COMPLETE now=   3.77% MFE=   5.84% MAE=  -2.54% lost=Y done=-
HUSDT          SHORT  quality=FORWARD_COMPLETE now=  14.08% MFE=  23.87% MAE=  -8.16% lost=Y done=-
HUSDT          SHORT  quality=FORWARD_COMPLETE now=  -5.45% MFE=   6.56% MAE= -15.09% lost=Y done=-
WLDUSDT        LONG   quality=FORWARD_COMPLETE now=  -0.58% MFE=   3.20% MAE=  -2.25% lost=Y done=-
WLDUSDT        LONG   quality=FORWARD_COMPLETE now=  -0.64% MFE=   3.14% MAE=  -2.31% lost=Y done=-
ONGUSDT        LONG   quality=FORWARD_COMPLETE now= -10.73% MFE=   1.77% MAE= -11.48% lost=Y done=-
REDUSDT        SHORT  quality=FORWARD_COMPLETE now=   3.15% MFE=   3.96% MAE=  -0.12% lost=Y done=-
REDUSDT        SHORT  quality=FORWARD_COMPLETE now=   3.15% MFE=   3.96% MAE=  -0.12% lost=Y done=-
PRLUSDT        LONG   quality=FORWARD_COMPLETE now=  -9.61% MFE=   0.29% MAE= -10.92% lost=- done=-
PRLUSDT        LONG   quality=FORWARD_COMPLETE now=  -9.61% MFE=   0.29% MAE= -10.92% lost=- done=-
PIXELUSDT      SHORT  quality=FORWARD_COMPLETE now=  -3.15% MFE=   0.26% MAE=  -8.42% lost=Y done=-
NILUSDT        LONG   quality=FORWARD_COMPLETE now=  -7.78% MFE=   0.72% MAE= -11.02% lost=Y done=-
AIOUSDT        LONG   quality=FORWARD_COMPLETE now= -15.81% MFE=   6.48% MAE= -18.51% lost=Y done=-
CHIPUSDT       LONG   quality=FORWARD_COMPLETE now=  -0.10% MFE=   5.31% MAE=  -2.34% lost=Y done=-
AEONUSDT       LONG   quality=FORWARD_COMPLETE now=   5.48% MFE=   8.25% MAE=  -2.24% lost=Y done=-
AIOUSDT        LONG   quality=FORWARD_COMPLETE now= -13.30% MFE=   9.66% MAE= -16.07% lost=Y done=-
AIOUSDT        LONG   quality=FORWARD_COMPLETE now= -13.31% MFE=   9.66% MAE= -16.07% lost=Y done=-
ACUUSDT        LONG   quality=FORWARD_COMPLETE now=   7.72% MFE=  12.41% MAE=  -2.76% lost=Y done=-
BASEDUSDT      SHORT  quality=FORWARD_COMPLETE now=  -0.00% MFE=   0.00% MAE=   0.00% lost=- done=-

======================================================================================================================
POST-CONFIRMATION TRACKER SUMMARY
======================================================================================================================
Outcome rows: 62
Created this run: 1
Tracked this run: 31
Failed: 0
Supabase rows upserted: 62
Forward complete: 62
Completed 24H: 33

IMPORTANT: OUTCOME TRACKER IS MEASUREMENT ONLY.
No trade permission was generated.

V7.6 POST-CONFIRMATION OUTCOME TRACKER: PASS
