
======================================================================================================================
ALPHA HUNTER V7.9 FULL-UNIVERSE HOURLY LEDGER — SHADOW
======================================================================================================================
Observed: 2026-08-17T15:28:38.407183+00:00
Hour bucket: 2026-08-17T15:00:00+00:00
Contract tickers: 759
Rows attempted: 759
Deep-scan selected: 28
Selection snapshot: 2026-08-17T15:28:36.059217+00:00
Selection run ID: 33ad0d2ad1741e42f03895daaeac12ea
Prefilter eligible: 309
Eligible not selected: 281
Non-crypto: 290
Low liquidity: 153
Over-extended: 7
Invalid price skipped: 0
Rows purged >7d: 0

TOP ABSOLUTE 24H MOVERS
SYMBOL                  24H    ELIG    SCAN  STATUS
------------------------------------------------------------------------
GPSUSDT             +56.92%       N       N  OVER_EXTENDED
CYSUSDT             -39.06%       N       N  OVER_EXTENDED
ACEUSDT             +37.00%       N       N  OVER_EXTENDED
VELVETUSDT          -33.91%       N       N  OVER_EXTENDED
BEATUSDT            -29.76%       N       N  OVER_EXTENDED
TUTUSDT             +28.00%       N       N  OVER_EXTENDED
QUSDT               -26.86%       N       N  OVER_EXTENDED
AEONUSDT            +23.32%       Y       Y  DEEP_SCAN_SELECTED
XPINUSDT            -21.54%       Y       N  ELIGIBLE_NOT_SELECTED
KIOXIAUSDT          +18.33%       N       N  NON_CRYPTO
SNXXUSDT            +17.99%       N       N  NON_CRYPTO
DOLOUSDT            -17.66%       Y       N  ELIGIBLE_NOT_SELECTED
AXTIUSDT            +15.92%       N       N  NON_CRYPTO
BICOUSDT            -15.47%       Y       Y  DEEP_SCAN_SELECTED
MVLLUSDT            +15.41%       N       N  NON_CRYPTO

IMPORTANT: V7.9 IS MEASUREMENT/AUDIT ONLY.
Same-hour reruns do not overwrite the first stored universe snapshot.
Raw universe evidence is retained for 7 days.
No trade permission was generated.

V7.9 FULL-UNIVERSE LEDGER: PASS
