
ALPHA HUNTER V7.1 — 2026-08-17T12:51:07.147781+00:00

Universe: 29 deep-scanned of 759 contracts
Eligible after prefilter: 305
Non-crypto rejected: 290

SYMBOL                  PHASE    TIME   BEHAV                     STATE      RR   DISC  TRADE
---------------------------------------------------------------------------------------------
AIOUSDT             EXPANSION    LATE    7.24                WATCH_LONG       —     NO     NO
OUSDT                IGNITION    FAIR    6.52   DIRECTION_EMERGING_LONG    0.17    YES     NO
POWERUSDT      DISTRIBUTION_RISK    FAIR    6.05   DIRECTION_EMERGING_LONG    0.02     NO     NO
ONGUSDT          ACCUMULATION    LATE    5.99   DIRECTION_EMERGING_LONG    0.46    YES     NO
SKYAIUSDT        ACCUMULATION    FAIR    5.84                   NEUTRAL       —    YES     NO
LUMIAUSDT      DISTRIBUTION_RISK    FAIR    5.80   DIRECTION_EMERGING_LONG    0.38     NO     NO
AEONUSDT         ACCUMULATION    LATE    5.49   DIRECTION_EMERGING_LONG    0.09    YES     NO
LINKUSDT          COMPRESSION   EARLY    5.26   DIRECTION_EMERGING_LONG    0.20    YES     NO
HOMEUSDT            BREAKDOWN    FAIR    4.77  DIRECTION_EMERGING_SHORT    0.03     NO     NO
BTWUSDT          ACCUMULATION    FAIR    4.58                   NEUTRAL       —     NO     NO
RAREUSDT         ACCUMULATION   EARLY    4.24                WATCH_LONG       —     NO     NO
TUTUSDT          ACCUMULATION    FAIR    4.24                   NEUTRAL       —     NO     NO
UNIUSDT           COMPRESSION   EARLY    4.22                WATCH_LONG       —     NO     NO
MOVRUSDT         ACCUMULATION   EARLY    4.08               WATCH_SHORT       —     NO     NO
WLFIUSDT          COMPRESSION   EARLY    3.85                WATCH_LONG       —     NO     NO
ADAUSDT          ACCUMULATION   EARLY    3.80  DIRECTION_EMERGING_SHORT    0.23     NO     NO
PEPEUSDT             IGNITION   EARLY    3.60  DIRECTION_EMERGING_SHORT    0.41     NO     NO
COWUSDT          ACCUMULATION    FAIR    3.50                   NEUTRAL       —     NO     NO
ZECUSDT          ACCUMULATION   EARLY    3.42                WATCH_LONG       —     NO     NO
BLESSUSDT           BREAKDOWN    FAIR    3.40  DIRECTION_EMERGING_SHORT    0.13     NO     NO
XRPUSDT              IGNITION   EARLY    3.04               WATCH_SHORT       —     NO     NO
BNBUSDT          ACCUMULATION   EARLY    3.03               WATCH_SHORT       —     NO     NO
SOLUSDT          ACCUMULATION   EARLY    3.00                   NEUTRAL       —     NO     NO
HYPEUSDT         ACCUMULATION   EARLY    2.99                WATCH_LONG       —     NO     NO
BTCUSDT          ACCUMULATION   EARLY    2.72                WATCH_LONG       —     NO     NO
ACUUSDT          ACCUMULATION    FAIR    2.71               WATCH_SHORT       —     NO     NO
SUIUSDT          ACCUMULATION   EARLY    2.66                   NEUTRAL       —     NO     NO
ETHUSDT          ACCUMULATION   EARLY    2.48                WATCH_LONG       —     NO     NO
DOGEUSDT         ACCUMULATION   EARLY    2.09                   NEUTRAL       —     NO     NO

V7.4 PRE-MOVE SURVEILLANCE
Eligible: 3 | Primary: 3 | Reserve: 0

PRIMARY
 1 COWUSDT        REVERSAL       13.52 state=NEUTRAL
 2 AIOUSDT        CONTINUATION   11.93 state=WATCH_LONG
 3 BTWUSDT        REVERSAL       10.38 state=NEUTRAL

Run ID: 9d1f3e681f520e6a4c27ef9dc37b3b04
Snapshot saved: /home/runner/work/Alpha-Hunter/Alpha-Hunter/data/snapshots/snapshot-20260817T125107Z.json
State history: /home/runner/work/Alpha-Hunter/Alpha-Hunter/data/state-history.jsonl
Supabase: SAVED
Qualified discovery candidates: 5
EARLY candidates: 1
V7 Trade Ready: 0
Bitget private API: NOT_CONFIGURED
