
==============================================================================================================
ALPHA HUNTER V7.5 INDEPENDENT EPISODE MARKET TRACKER
==============================================================================================================
Episodes stored: 96
Active episodes: 57

ADAUSDT        REVERSAL      now=  -12.34% UP=    0.00% DOWN=  -12.90% 3=Y 5=Y 10=Y checks=49
DOGEUSDT       CONTINUATION  now=   -0.98% UP=    0.00% DOWN=   -2.32% 3=- 5=- 10=- checks=49
SKYAIUSDT      REVERSAL      now=  -29.84% UP=    0.00% DOWN=  -42.50% 3=Y 5=Y 10=Y checks=49
SOLUSDT        CONTINUATION  now=   -2.45% UP=    0.00% DOWN=   -4.13% 3=Y 5=- 10=- checks=49
SUIUSDT        CONTINUATION  now=   -3.86% UP=    0.00% DOWN=   -5.00% 3=Y 5=- 10=- checks=49
COOKIEUSDT     CONTINUATION  now=  -13.21% UP=    0.00% DOWN=  -15.46% 3=Y 5=Y 10=Y checks=49
BTWUSDT        CONTINUATION  now=   66.60% UP=  113.81% DOWN=    0.00% 3=Y 5=Y 10=Y checks=49
CYSUSDT        CONTINUATION  now=  -50.19% UP=   78.38% DOWN=  -51.24% 3=Y 5=Y 10=Y checks=49
GWEIUSDT       REVERSAL      now=    4.31% UP=   17.67% DOWN=    0.00% 3=Y 5=Y 10=Y checks=49
BICOUSDT       REVERSAL      now=  -53.48% UP=    0.00% DOWN=  -58.94% 3=Y 5=Y 10=Y checks=49
SUIUSDT        CONTINUATION  now=   -2.71% UP=    0.00% DOWN=   -3.86% 3=Y 5=- 10=- checks=49
MMTUSDT        REVERSAL      now=  -14.64% UP=    0.00% DOWN=  -14.79% 3=Y 5=Y 10=Y checks=49
IOTXUSDT       REVERSAL      now=   -9.12% UP=    0.00% DOWN=  -10.53% 3=Y 5=Y 10=Y checks=49
FORMUSDT       REVERSAL      now=   -6.31% UP=    0.00% DOWN=   -7.88% 3=Y 5=Y 10=- checks=49
JTOUSDT        REVERSAL      now=    7.82% UP=   11.45% DOWN=    0.00% 3=Y 5=Y 10=Y checks=49
4USDT          REVERSAL      now=  -16.38% UP=    0.00% DOWN=  -22.21% 3=Y 5=Y 10=Y checks=49
MUBARAKUSDT    REVERSAL      now=  -14.83% UP=    0.00% DOWN=  -24.10% 3=Y 5=Y 10=Y checks=49
PUMPUSDT       REVERSAL      now=    2.36% UP=    5.86% DOWN=   -6.03% 3=Y 5=Y 10=- checks=49
HYPEUSDT       REVERSAL      now=    5.00% UP=    6.56% DOWN=   -0.62% 3=Y 5=Y 10=- checks=49
ACUUSDT        REVERSAL      now=   -2.46% UP=   16.62% DOWN=  -12.33% 3=Y 5=Y 10=Y checks=49
BTWUSDT        CONTINUATION  now=   11.40% UP=   43.38% DOWN=  -10.16% 3=Y 5=Y 10=Y checks=49
AEONUSDT       CONTINUATION  now=   18.54% UP=   28.62% DOWN=   -6.91% 3=Y 5=Y 10=Y checks=49
DOLOUSDT       REVERSAL      now=   -3.69% UP=   18.74% DOWN=   -5.22% 3=Y 5=Y 10=Y checks=19
BOMEUSDT       CONTINUATION  now=   -7.85% UP=    0.50% DOWN=   -9.06% 3=Y 5=Y 10=- checks=19
VELVETUSDT     REVERSAL      now=  -30.29% UP=    5.57% DOWN=  -30.94% 3=Y 5=Y 10=Y checks=18
BTWUSDT        CONTINUATION  now=    5.33% UP=   35.61% DOWN=   -1.78% 3=Y 5=Y 10=Y checks=17
HUSDT          REVERSAL      now=   -1.38% UP=   16.49% DOWN=  -18.01% 3=Y 5=Y 10=Y checks=17
WLDUSDT        CONTINUATION  now=    1.69% UP=    6.42% DOWN=    0.00% 3=Y 5=Y 10=- checks=16
AEONUSDT       REVERSAL      now=   17.42% UP=   19.06% DOWN=   -7.78% 3=Y 5=Y 10=Y checks=15
ROBOUSDT       REVERSAL      now=   -6.63% UP=    4.11% DOWN=   -8.89% 3=Y 5=Y 10=- checks=13
LINKUSDT       CONTINUATION  now=    0.97% UP=    1.37% DOWN=   -1.13% 3=- 5=- 10=- checks=11
ONGUSDT        CONTINUATION  now=    8.07% UP=   18.39% DOWN=   -2.88% 3=Y 5=Y 10=Y checks=11
LINKUSDT       REVERSAL      now=    1.72% UP=    2.11% DOWN=   -0.29% 3=- 5=- 10=- checks=10
REDUSDT        REVERSAL      now=   -4.03% UP=    0.00% DOWN=   -5.18% 3=Y 5=Y 10=- checks=10
PRLUSDT        CONTINUATION  now=   -1.80% UP=    5.86% DOWN=   -4.03% 3=Y 5=Y 10=- checks=10
LINKUSDT       REVERSAL      now=    1.72% UP=    2.11% DOWN=   -0.29% 3=- 5=- 10=- checks=10
REDUSDT        REVERSAL      now=   -4.03% UP=    0.00% DOWN=   -5.18% 3=Y 5=Y 10=- checks=10
PRLUSDT        CONTINUATION  now=   -1.80% UP=    5.86% DOWN=   -4.03% 3=Y 5=Y 10=- checks=10
NILUSDT        CONTINUATION  now=   -5.21% UP=    4.46% DOWN=   -6.47% 3=Y 5=Y 10=- checks=8
HUSDT          REVERSAL      now=  -12.21% UP=    3.58% DOWN=  -27.00% 3=Y 5=Y 10=Y checks=8
AIOUSDT        CONTINUATION  now=    2.09% UP=   10.78% DOWN=  -10.17% 3=Y 5=Y 10=Y checks=8
VELVETUSDT     CONTINUATION  now=  -28.15% UP=    3.94% DOWN=  -28.97% 3=Y 5=Y 10=Y checks=7
LINKUSDT       REVERSAL      now=    1.06% UP=    1.45% DOWN=   -0.71% 3=- 5=- 10=- checks=6
AEONUSDT       REVERSAL      now=   13.20% UP=   14.98% DOWN=   -1.36% 3=Y 5=Y 10=Y checks=6
BASEDUSDT      REVERSAL      now=    2.20% UP=    3.02% DOWN=   -0.32% 3=Y 5=- 10=- checks=6
NILUSDT        REVERSAL      now=   -2.24% UP=    3.79% DOWN=   -3.55% 3=Y 5=- 10=- checks=6
CHIPUSDT       CONTINUATION  now=   -2.09% UP=    5.56% DOWN=   -6.10% 3=Y 5=Y 10=- checks=5
PIXELUSDT      REVERSAL      now=    7.42% UP=    8.12% DOWN=   -0.81% 3=Y 5=Y 10=- checks=5
AIOUSDT        REVERSAL      now=    7.14% UP=   16.26% DOWN=   -4.77% 3=Y 5=Y 10=Y checks=5
ACUUSDT        REVERSAL      now=   -0.06% UP=    4.41% DOWN=   -0.93% 3=Y 5=- 10=- checks=4
PRLUSDT        CONTINUATION  now=   -0.18% UP=    4.27% DOWN=   -0.80% 3=Y 5=- 10=- checks=4
AIOUSDT        CONTINUATION  now=    0.64% UP=    9.09% DOWN=   -4.35% 3=Y 5=Y 10=- checks=4
NILUSDT        REVERSAL      now=   -3.81% UP=    0.86% DOWN=   -5.10% 3=Y 5=Y 10=- checks=4
DOLOUSDT       REVERSAL      now=    0.71% UP=    2.39% DOWN=   -0.49% 3=- 5=- 10=- checks=3
LINKUSDT       CONTINUATION  now=    0.39% UP=    0.77% DOWN=   -0.27% 3=- 5=- 10=- checks=2
BTWUSDT        REVERSAL      now=    1.77% UP=    3.64% DOWN=   -3.90% 3=Y 5=- 10=- checks=2
COWUSDT        REVERSAL      now=    0.09% UP=    0.09% DOWN=    0.00% 3=- 5=- 10=- checks=1

==============================================================================================================
TRACKER SUMMARY
==============================================================================================================
Checked: 57
Failed: 0
Supabase rows upserted: 96
3% episodes: 82
5% episodes: 69
10% episodes: 44

V7.5 EPISODE MARKET TRACKER: PASS
