V7.5 state restored from Supabase: 95

ALPHA HUNTER V7.5 OPPORTUNITY LIFECYCLE
Run ID: 9d1f3e681f520e6a4c27ef9dc37b3b04
Timestamp: 2026-08-17T12:51:07.147781+00:00
Lifecycle candidates: 3

UPDATE AIOUSDT        CONTINUATION  state=EXPANSION            det=4   v74=11.85 rank=1 shadow= 0.00 provisional=GOOD_DETECTION final=PENDING
UPDATE BTWUSDT        REVERSAL      state=PRE_MOVE_DETECTED    det=2   v74= 9.33 rank=4 shadow=14.68 provisional=ACTIVE final=PENDING
NEW    COWUSDT        REVERSAL      state=PRE_MOVE_DETECTED    det=1   v74=13.52 rank=1 shadow= 4.85 provisional=ACTIVE final=PENDING

Supabase lifecycle rows upserted: 96
Supabase lifecycle row count: 96

====================================================================================================
V7.5 LIFECYCLE SUMMARY
====================================================================================================
Episodes stored: 96
Created this run: 1
Updated this run: 2
Active episodes: 96

STATE COUNTS
DIRECTION_EMERGING       8
EXPANSION                6
FINALIZED                39
PRE_MOVE_DETECTED        43

State file: /home/runner/work/Alpha-Hunter/Alpha-Hunter/data/v75-lifecycle-episodes.json
History file: /home/runner/work/Alpha-Hunter/Alpha-Hunter/data/v75-lifecycle-history.jsonl

V7.5 LIFECYCLE JOB: PASS
