
======================================================================================================================
ALPHA HUNTER V7.6 POST-CONFIRMATION OUTCOME TRACKER — SHADOW
======================================================================================================================
Confirmed outcome rows: 59
Created this run: 0

VELVETUSDT     SHORT  quality=FORWARD_COMPLETE now=  27.64% MFE=  28.22% MAE=  -5.03% lost=Y done=-
VELVETUSDT     LONG   quality=FORWARD_COMPLETE now= -31.89% MFE=   0.51% MAE= -32.44% lost=Y done=-
AEONUSDT       SHORT  quality=FORWARD_COMPLETE now= -17.38% MFE=   7.83% MAE= -18.99% lost=Y done=-
DOLOUSDT       LONG   quality=FORWARD_COMPLETE now=  -9.98% MFE=  11.33% MAE= -11.13% lost=Y done=-
BTWUSDT        LONG   quality=FORWARD_COMPLETE now=   1.55% MFE=  30.90% MAE=  -5.19% lost=Y done=-
WLDUSDT        LONG   quality=FORWARD_COMPLETE now=  -1.44% MFE=   3.14% MAE=  -2.31% lost=Y done=-
HYPEUSDT       LONG   quality=FORWARD_COMPLETE now=   2.13% MFE=   3.64% MAE=  -1.27% lost=Y done=-
AEONUSDT       SHORT  quality=FORWARD_COMPLETE now= -21.97% MFE=   4.19% MAE= -23.70% lost=Y done=-
ROBOUSDT       LONG   quality=FORWARD_COMPLETE now=  -9.63% MFE=   0.00% MAE= -11.81% lost=Y done=-
WLDUSDT        LONG   quality=FORWARD_COMPLETE now=  -1.39% MFE=   3.20% MAE=  -2.25% lost=Y done=-
BOMEUSDT       SHORT  quality=FORWARD_COMPLETE now=   4.67% MFE=   5.84% MAE=  -2.54% lost=Y done=-
HUSDT          SHORT  quality=FORWARD_COMPLETE now=   8.77% MFE=  23.87% MAE=  -8.16% lost=Y done=-
PRLUSDT        LONG   quality=FORWARD_COMPLETE now=  -5.59% MFE=   4.15% MAE=  -7.66% lost=Y done=-
HUSDT          SHORT  quality=FORWARD_COMPLETE now= -11.98% MFE=   6.56% MAE= -14.01% lost=Y done=-
WLDUSDT        LONG   quality=FORWARD_COMPLETE now=  -1.39% MFE=   3.20% MAE=  -2.25% lost=Y done=-
WLDUSDT        LONG   quality=FORWARD_COMPLETE now=  -1.44% MFE=   3.14% MAE=  -2.31% lost=Y done=-
ONGUSDT        LONG   quality=FORWARD_COMPLETE now=  -2.38% MFE=   1.77% MAE=  -6.60% lost=Y done=-
REDUSDT        SHORT  quality=FORWARD_COMPLETE now=   2.80% MFE=   3.96% MAE=  -0.12% lost=Y done=-
REDUSDT        SHORT  quality=FORWARD_COMPLETE now=   2.80% MFE=   3.96% MAE=  -0.12% lost=Y done=-
PRLUSDT        LONG   quality=FORWARD_COMPLETE now=  -6.75% MFE=   0.29% MAE=  -8.80% lost=- done=-
PRLUSDT        LONG   quality=FORWARD_COMPLETE now=  -6.75% MFE=   0.29% MAE=  -8.80% lost=- done=-
PIXELUSDT      SHORT  quality=FORWARD_COMPLETE now=  -7.54% MFE=   0.26% MAE=  -8.42% lost=- done=-
NILUSDT        LONG   quality=FORWARD_COMPLETE now=  -7.17% MFE=   0.72% MAE=  -9.11% lost=Y done=-
AIOUSDT        LONG   quality=FORWARD_COMPLETE now=  -1.48% MFE=   6.48% MAE= -13.65% lost=Y done=-
CHIPUSDT       LONG   quality=FORWARD_COMPLETE now=   1.87% MFE=   5.31% MAE=  -2.34% lost=Y done=-
AEONUSDT       LONG   quality=FORWARD_COMPLETE now=   2.85% MFE=   4.31% MAE=  -2.24% lost=- done=-
AIOUSDT        LONG   quality=FORWARD_COMPLETE now=   1.46% MFE=   9.66% MAE=  -3.85% lost=Y done=-
AIOUSDT        LONG   quality=FORWARD_COMPLETE now=   1.40% MFE=   9.66% MAE=  -3.85% lost=Y done=-
ACUUSDT        LONG   quality=FORWARD_COMPLETE now=  -2.36% MFE=   2.01% MAE=  -2.76% lost=Y done=-

======================================================================================================================
POST-CONFIRMATION TRACKER SUMMARY
======================================================================================================================
Outcome rows: 59
Created this run: 0
Tracked this run: 29
Failed: 0
Supabase rows upserted: 59
Forward complete: 59
Completed 24H: 30

IMPORTANT: OUTCOME TRACKER IS MEASUREMENT ONLY.
No trade permission was generated.

V7.6 POST-CONFIRMATION OUTCOME TRACKER: PASS
