
ALPHA HUNTER V7.1 — 2026-08-21T07:47:10.097062+00:00

Universe: 30 deep-scanned of 759 contracts
Eligible after prefilter: 370
Non-crypto rejected: 294

SYMBOL                  PHASE    TIME   BEHAV                     STATE      RR   DISC  TRADE
---------------------------------------------------------------------------------------------
ETHUSDT              IGNITION    FAIR    6.25   DIRECTION_EMERGING_LONG    0.06    YES     NO
ZECUSDT        DISTRIBUTION_RISK    FAIR    5.74   DIRECTION_EMERGING_LONG    0.12     NO     NO
LDOUSDT           COMPRESSION   EARLY    5.67   DIRECTION_EMERGING_LONG    0.10    YES     NO
INJUSDT          ACCUMULATION   EARLY    5.55   DIRECTION_EMERGING_LONG    0.07    YES     NO
ETHFIUSDT         COMPRESSION   EARLY    5.50   DIRECTION_EMERGING_LONG    0.34    YES     NO
ADAUSDT          ACCUMULATION    FAIR    5.21   DIRECTION_EMERGING_LONG    0.01    YES     NO
SUIUSDT        DISTRIBUTION_RISK    FAIR    5.16   DIRECTION_EMERGING_LONG    0.03     NO     NO
SOLUSDT          ACCUMULATION   EARLY    5.12   DIRECTION_EMERGING_LONG    0.09    YES     NO
ASTERUSDT         COMPRESSION   EARLY    4.97   DIRECTION_EMERGING_LONG    0.03     NO     NO
TRUMPUSDT         COMPRESSION    FAIR    4.95   DIRECTION_EMERGING_LONG    0.51     NO     NO
SPXUSDT        DISTRIBUTION_RISK    LATE    4.94   DIRECTION_EMERGING_LONG    0.02     NO     NO
EIGENUSDT      DISTRIBUTION_RISK    FAIR    4.59   DIRECTION_EMERGING_LONG    0.00     NO     NO
GPSUSDT           COMPRESSION   EARLY    4.50                WATCH_LONG       —     NO     NO
TRXUSDT           COMPRESSION   EARLY    4.45   DIRECTION_EMERGING_LONG    0.20     NO     NO
XMRUSDT           COMPRESSION   EARLY    4.37               WATCH_SHORT       —     NO     NO
FILUSDT              IGNITION    FAIR    4.24   DIRECTION_EMERGING_LONG    0.05     NO     NO
ZROUSDT           COMPRESSION   EARLY    4.12                WATCH_LONG       —     NO     NO
DEEPUSDT       DISTRIBUTION_RISK    FAIR    3.99   DIRECTION_EMERGING_LONG    0.05     NO     NO
APRUSDT           COMPRESSION   EARLY    3.90                   NEUTRAL       —     NO     NO
1000000MOGUSDT DISTRIBUTION_RISK    FAIR    3.75   DIRECTION_EMERGING_LONG    0.01     NO     NO
KAITOUSDT        ACCUMULATION   EARLY    3.65                   NEUTRAL       —     NO     NO
GASUSDT          ACCUMULATION    FAIR    3.65                   NEUTRAL       —     NO     NO
MAGMAUSDT           EXPANSION    LATE    3.60                   NEUTRAL       —     NO     NO
DOGEUSDT       DISTRIBUTION_RISK    FAIR    3.59   DIRECTION_EMERGING_LONG    0.01     NO     NO
TUTUSDT          ACCUMULATION   EARLY    3.58                   NEUTRAL       —     NO     NO
SKYAIUSDT         COMPRESSION   EARLY    3.55                   NEUTRAL       —     NO     NO
RSRUSDT          ACCUMULATION    FAIR    3.38                   NEUTRAL       —     NO     NO
ROBOUSDT         ACCUMULATION   EARLY    2.90                   NEUTRAL       —     NO     NO
BANKUSDT         ACCUMULATION   EARLY    2.33                   NEUTRAL       —     NO     NO
YBUSDT           ACCUMULATION    FAIR    2.06                   NEUTRAL       —     NO     NO

V7.4 PRE-MOVE SURVEILLANCE
Eligible: 8 | Primary: 5 | Reserve: 3

PRIMARY
 1 ZROUSDT        REVERSAL       12.68 state=WATCH_LONG
 2 MAGMAUSDT      REVERSAL       11.54 state=NEUTRAL
 3 XMRUSDT        REVERSAL       11.42 state=WATCH_SHORT
 4 ETHFIUSDT      CONTINUATION   10.00 state=DIRECTION_EMERGING_LONG
 5 TRUMPUSDT      CONTINUATION   10.00 state=DIRECTION_EMERGING_LONG

RESERVE
 6 INJUSDT        CONTINUATION    9.00 state=DIRECTION_EMERGING_LONG
 7 TRXUSDT        CONTINUATION    8.92 state=DIRECTION_EMERGING_LONG
 8 LDOUSDT        CONTINUATION    8.91 state=DIRECTION_EMERGING_LONG

Run ID: 36db896d84f4bbe24eac40d12d3f8dc2
Snapshot saved: /home/runner/work/Alpha-Hunter/Alpha-Hunter/data/snapshots/snapshot-20260821T074710Z.json
State history: /home/runner/work/Alpha-Hunter/Alpha-Hunter/data/state-history.jsonl
Supabase: SAVED
Qualified discovery candidates: 6
EARLY candidates: 4
V7 Trade Ready: 0
Bitget private API: NOT_CONFIGURED
