V7.4 HOURLY PERFORMANCE TRACKER
Run ID: 36db896d84f4bbe24eac40d12d3f8dc2

V7.4.1 SHADOW REVERSAL
 SH SYMBOL           V74     OLD   SHADOW
--------------------------------------------------
  1 XMRUSDT            3   11.42    13.14
  2 MAGMAUSDT          2   11.54     5.40
  3 ZROUSDT            1   12.68     5.27
PERFORMANCE SIGNALS SAVED: 30
FEATURE ROWS SAVED: 30
V7.4 OUTCOMES 1H: saved=26 failed=0
Traceback (most recent call last):
  File "/opt/hostedtoolcache/Python/3.9.25/x64/lib/python3.9/site-packages/urllib3/connectionpool.py", line 534, in _make_request
    response = conn.getresponse()
  File "/opt/hostedtoolcache/Python/3.9.25/x64/lib/python3.9/site-packages/urllib3/connection.py", line 571, in getresponse
    httplib_response = super().getresponse()
  File "/opt/hostedtoolcache/Python/3.9.25/x64/lib/python3.9/http/client.py", line 1377, in getresponse
    response.begin()
  File "/opt/hostedtoolcache/Python/3.9.25/x64/lib/python3.9/http/client.py", line 320, in begin
    version, status, reason = self._read_status()
  File "/opt/hostedtoolcache/Python/3.9.25/x64/lib/python3.9/http/client.py", line 281, in _read_status
    line = str(self.fp.readline(_MAXLINE + 1), "iso-8859-1")
  File "/opt/hostedtoolcache/Python/3.9.25/x64/lib/python3.9/socket.py", line 716, in readinto
    return self._sock.recv_into(b)
  File "/opt/hostedtoolcache/Python/3.9.25/x64/lib/python3.9/ssl.py", line 1277, in recv_into
    return self.read(nbytes, buffer)
  File "/opt/hostedtoolcache/Python/3.9.25/x64/lib/python3.9/ssl.py", line 1135, in read
    return self._sslobj.read(len, buffer)
socket.timeout: The read operation timed out

The above exception was the direct cause of the following exception:

Traceback (most recent call last):
  File "/opt/hostedtoolcache/Python/3.9.25/x64/lib/python3.9/site-packages/requests/adapters.py", line 644, in send
    resp = conn.urlopen(
  File "/opt/hostedtoolcache/Python/3.9.25/x64/lib/python3.9/site-packages/urllib3/connectionpool.py", line 841, in urlopen
    retries = retries.increment(
  File "/opt/hostedtoolcache/Python/3.9.25/x64/lib/python3.9/site-packages/urllib3/util/retry.py", line 490, in increment
    raise reraise(type(error), error, _stacktrace)
  File "/opt/hostedtoolcache/Python/3.9.25/x64/lib/python3.9/site-packages/urllib3/util/util.py", line 39, in reraise
    raise value
  File "/opt/hostedtoolcache/Python/3.9.25/x64/lib/python3.9/site-packages/urllib3/connectionpool.py", line 787, in urlopen
    response = self._make_request(
  File "/opt/hostedtoolcache/Python/3.9.25/x64/lib/python3.9/site-packages/urllib3/connectionpool.py", line 536, in _make_request
    self._raise_timeout(err=e, url=url, timeout_value=read_timeout)
  File "/opt/hostedtoolcache/Python/3.9.25/x64/lib/python3.9/site-packages/urllib3/connectionpool.py", line 367, in _raise_timeout
    raise ReadTimeoutError(
urllib3.exceptions.ReadTimeoutError: HTTPSConnectionPool(host='yjgtjzymfurqzqqxcrnp.supabase.co', port=443): Read timed out. (read timeout=30)

During handling of the above exception, another exception occurred:

Traceback (most recent call last):
  File "/home/runner/work/Alpha-Hunter/Alpha-Hunter/v74_tracking_job.py", line 1390, in <module>
    main()
  File "/home/runner/work/Alpha-Hunter/Alpha-Hunter/v74_tracking_job.py", line 1334, in main
    ) = evaluate_outcomes(
  File "/home/runner/work/Alpha-Hunter/Alpha-Hunter/v74_tracking_job.py", line 480, in evaluate_outcomes
    evaluate_v74_horizon(
  File "/home/runner/work/Alpha-Hunter/Alpha-Hunter/v74_tracking_job.py", line 269, in evaluate_v74_horizon
    pending = pending_v74_signals(
  File "/home/runner/work/Alpha-Hunter/Alpha-Hunter/v74_tracking_job.py", line 120, in pending_v74_signals
    signals = get_rows(
  File "/home/runner/work/Alpha-Hunter/Alpha-Hunter/v74_tracking_job.py", line 43, in get_rows
    response = requests.get(
  File "/opt/hostedtoolcache/Python/3.9.25/x64/lib/python3.9/site-packages/requests/api.py", line 73, in get
    return request("get", url, params=params, **kwargs)
  File "/opt/hostedtoolcache/Python/3.9.25/x64/lib/python3.9/site-packages/requests/api.py", line 59, in request
    return session.request(method=method, url=url, **kwargs)
  File "/opt/hostedtoolcache/Python/3.9.25/x64/lib/python3.9/site-packages/requests/sessions.py", line 589, in request
    resp = self.send(prep, **send_kwargs)
  File "/opt/hostedtoolcache/Python/3.9.25/x64/lib/python3.9/site-packages/requests/sessions.py", line 703, in send
    r = adapter.send(request, **kwargs)
  File "/opt/hostedtoolcache/Python/3.9.25/x64/lib/python3.9/site-packages/requests/adapters.py", line 690, in send
    raise ReadTimeout(e, request=request)
requests.exceptions.ReadTimeout: HTTPSConnectionPool(host='yjgtjzymfurqzqqxcrnp.supabase.co', port=443): Read timed out. (read timeout=30)
