
======================================================================================================================
ALPHA HUNTER V7.9 FULL-UNIVERSE HOURLY LEDGER — SHADOW
======================================================================================================================
Observed: 2026-08-21T07:47:12.835462+00:00
Hour bucket: 2026-08-21T07:00:00+00:00
Contract tickers: 759
Rows attempted: 759
Deep-scan selected: 30
Selection snapshot: 2026-08-21T07:47:10.097062+00:00
Selection run ID: 36db896d84f4bbe24eac40d12d3f8dc2
Prefilter eligible: 370
Eligible not selected: 340
Non-crypto: 294
Low liquidity: 85
Over-extended: 10
Invalid price skipped: 0
Rows purged >7d: 0

TOP ABSOLUTE 24H MOVERS
SYMBOL                  24H    ELIG    SCAN  STATUS
------------------------------------------------------------------------
ONGUSDT             +65.33%       N       N  OVER_EXTENDED
NEIROCTOUSDT        +45.84%       N       N  OVER_EXTENDED
BTWUSDT             +44.37%       N       N  OVER_EXTENDED
ENAUSDT             +42.89%       N       N  OVER_EXTENDED
PEOPLEUSDT          +42.04%       N       N  OVER_EXTENDED
BOMEUSDT            +34.89%       N       N  OVER_EXTENDED
ACEUSDT             +33.09%       N       N  OVER_EXTENDED
PROMUSDT            +32.71%       N       N  OVER_EXTENDED
SSVUSDT             +31.39%       N       N  OVER_EXTENDED
XPINUSDT            +26.12%       N       N  OVER_EXTENDED
ONTUSDT             +23.89%       Y       N  ELIGIBLE_NOT_SELECTED
GALAUSDT            +23.37%       Y       N  ELIGIBLE_NOT_SELECTED
BCHUSDT             +22.10%       Y       N  ELIGIBLE_NOT_SELECTED
FORMUSDT            +21.61%       Y       N  ELIGIBLE_NOT_SELECTED
PUMPUSDT            +21.33%       Y       N  ELIGIBLE_NOT_SELECTED

IMPORTANT: V7.9 IS MEASUREMENT/AUDIT ONLY.
Same-hour reruns do not overwrite the first stored universe snapshot.
Raw universe evidence is retained for 7 days.
No trade permission was generated.

V7.9 FULL-UNIVERSE LEDGER: PASS
