
======================================================================================================================
ALPHA HUNTER V7.9 FULL-UNIVERSE HOURLY LEDGER — SHADOW
======================================================================================================================
Observed: 2026-08-21T16:39:19.126565+00:00
Hour bucket: 2026-08-21T16:00:00+00:00
Contract tickers: 759
Rows attempted: 759
Deep-scan selected: 30
Selection snapshot: 2026-08-21T16:39:16.694804+00:00
Selection run ID: 0067e83466cd963343e835c0a8dccaf7
Prefilter eligible: 399
Eligible not selected: 369
Non-crypto: 294
Low liquidity: 56
Over-extended: 10
Invalid price skipped: 0
Rows purged >7d: 0

TOP ABSOLUTE 24H MOVERS
SYMBOL                  24H    ELIG    SCAN  STATUS
------------------------------------------------------------------------
BEATUSDT            +56.60%       N       N  OVER_EXTENDED
TUTUSDT             +49.52%       N       N  OVER_EXTENDED
ENAUSDT             +49.08%       N       N  OVER_EXTENDED
PROMUSDT            +34.94%       N       N  OVER_EXTENDED
BLESSUSDT           +34.01%       N       N  OVER_EXTENDED
ZORAUSDT            +31.57%       N       N  OVER_EXTENDED
NEIROCTOUSDT        +29.98%       N       N  OVER_EXTENDED
BCHUSDT             +28.89%       N       N  OVER_EXTENDED
USELESSUSDT         +26.55%       N       N  OVER_EXTENDED
GALAUSDT            +25.82%       N       N  OVER_EXTENDED
USUSDT              +23.54%       Y       N  ELIGIBLE_NOT_SELECTED
KMNOUSDT            +22.86%       Y       N  ELIGIBLE_NOT_SELECTED
USUALUSDT           +21.95%       Y       N  ELIGIBLE_NOT_SELECTED
REDUSDT             +21.81%       Y       N  ELIGIBLE_NOT_SELECTED
BERAUSDT            +21.39%       Y       N  ELIGIBLE_NOT_SELECTED

IMPORTANT: V7.9 IS MEASUREMENT/AUDIT ONLY.
Same-hour reruns do not overwrite the first stored universe snapshot.
Raw universe evidence is retained for 7 days.
No trade permission was generated.

V7.9 FULL-UNIVERSE LEDGER: PASS
