
ALPHA HUNTER V7.1 — 2026-08-21T01:28:47.320055+00:00

Universe: 30 deep-scanned of 759 contracts
Eligible after prefilter: 369
Non-crypto rejected: 294

SYMBOL                  PHASE    TIME   BEHAV                     STATE      RR   DISC  TRADE
---------------------------------------------------------------------------------------------
AAVEUSDT          COMPRESSION   EARLY    5.27   DIRECTION_EMERGING_LONG    0.12    YES     NO
ETHUSDT           COMPRESSION    FAIR    5.14   DIRECTION_EMERGING_LONG    0.05    YES     NO
WLDUSDT           COMPRESSION    FAIR    4.98   DIRECTION_EMERGING_LONG    0.10     NO     NO
HYPEUSDT         ACCUMULATION    LATE    4.96                WATCH_LONG       —     NO     NO
SOLUSDT           COMPRESSION   EARLY    4.85                WATCH_LONG       —     NO     NO
BTCUSDT        DISTRIBUTION_RISK    FAIR    4.80   DIRECTION_EMERGING_LONG    0.02     NO     NO
MAGMAUSDT           EXPANSION    LATE    4.77                   NEUTRAL       —     NO     NO
LINKUSDT          COMPRESSION   EARLY    4.71                WATCH_LONG       —     NO     NO
PNUTUSDT         ACCUMULATION    LATE    4.68                   NEUTRAL       —     NO     NO
STXUSDT        DISTRIBUTION_RISK    FAIR    4.59   DIRECTION_EMERGING_LONG    0.03     NO     NO
ZECUSDT           COMPRESSION   EARLY    4.41                WATCH_LONG       —     NO     NO
BGBUSDT           COMPRESSION   EARLY    4.40   DIRECTION_EMERGING_LONG    0.01     NO     NO
ONDOUSDT          COMPRESSION   EARLY    4.30   DIRECTION_EMERGING_LONG    0.10     NO     NO
BTWUSDT             EXPANSION    LATE    4.23                   NEUTRAL       —     NO     NO
GPSUSDT           COMPRESSION   EARLY    4.13                   NEUTRAL       —     NO     NO
TURBOUSDT        ACCUMULATION    FAIR    3.96   DIRECTION_EMERGING_LONG    0.07     NO     NO
INJUSDT           COMPRESSION   EARLY    3.90                   NEUTRAL       —     NO     NO
RENDERUSDT        COMPRESSION   EARLY    3.85                WATCH_LONG       —     NO     NO
NEARUSDT          COMPRESSION   EARLY    3.82                WATCH_LONG       —     NO     NO
ARBUSDT           COMPRESSION    FAIR    3.82                WATCH_LONG       —     NO     NO
MOODENGUSDT      ACCUMULATION    FAIR    3.44   DIRECTION_EMERGING_LONG    0.22     NO     NO
LTCUSDT           COMPRESSION   EARLY    3.41                WATCH_LONG       —     NO     NO
龙虾USDT           ACCUMULATION    FAIR    3.28                WATCH_LONG       —     NO     NO
LISTAUSDT        ACCUMULATION    FAIR    3.21                WATCH_LONG       —     NO     NO
YBUSDT           ACCUMULATION    FAIR    3.02   DIRECTION_EMERGING_LONG    0.23     NO     NO
ICXUSDT             BREAKDOWN    FAIR    2.63               WATCH_SHORT       —     NO     NO
KAITOUSDT        ACCUMULATION   EARLY    2.58  DIRECTION_EMERGING_SHORT    0.35     NO     NO
GALAUSDT         ACCUMULATION    FAIR    2.41                WATCH_LONG       —     NO     NO
WLFIUSDT         ACCUMULATION   EARLY    2.22                   NEUTRAL       —     NO     NO
ORDIUSDT         ACCUMULATION    FAIR    2.11                   NEUTRAL       —     NO     NO

V7.4 PRE-MOVE SURVEILLANCE
Eligible: 10 | Primary: 5 | Reserve: 5

PRIMARY
 1 BTWUSDT        REVERSAL       13.32 state=NEUTRAL
 2 WLFIUSDT       REVERSAL       10.72 state=NEUTRAL
 3 AAVEUSDT       CONTINUATION   10.00 state=DIRECTION_EMERGING_LONG
 4 WLDUSDT        CONTINUATION   10.00 state=DIRECTION_EMERGING_LONG
 5 MAGMAUSDT      CONTINUATION   10.00 state=NEUTRAL

RESERVE
 6 RENDERUSDT     CONTINUATION   10.00 state=WATCH_LONG
 7 NEARUSDT       CONTINUATION   10.00 state=WATCH_LONG
 8 INJUSDT        CONTINUATION    9.94 state=NEUTRAL
 9 ZECUSDT        CONTINUATION    9.93 state=WATCH_LONG
10 ONDOUSDT       CONTINUATION    9.89 state=DIRECTION_EMERGING_LONG

Run ID: 9200c214b2236f7ba972b979f730b1ae
Snapshot saved: /home/runner/work/Alpha-Hunter/Alpha-Hunter/data/snapshots/snapshot-20260821T012847Z.json
State history: /home/runner/work/Alpha-Hunter/Alpha-Hunter/data/state-history.jsonl
Supabase: SAVED
Qualified discovery candidates: 2
EARLY candidates: 1
V7 Trade Ready: 0
Bitget private API: NOT_CONFIGURED
