V7.4 HOURLY PERFORMANCE TRACKER
Run ID: 9200c214b2236f7ba972b979f730b1ae

V7.4.1 SHADOW REVERSAL
 SH SYMBOL           V74     OLD   SHADOW
--------------------------------------------------
  1 WLFIUSDT           2   10.72     8.82
  2 BTWUSDT            1   13.32     8.08
PERFORMANCE SIGNALS SAVED: 30
FEATURE ROWS SAVED: 30
V7.4 OUTCOMES 1H: saved=18 failed=0
V7.4 OUTCOMES 4H: saved=28 failed=0
V7.4 OUTCOMES 12H: saved=21 failed=0
V7.4 OUTCOMES 24H: saved=8 failed=0
OUTCOME EVALUATION COMPLETE: saved=75 failed=0

==========================================================================================
V7.4 CURRENT SURVEILLANCE COHORT
==========================================================================================
RANK SYMBOL         TIER      PATH            SCORE STATE
------------------------------------------------------------------------------------------
   1 BTWUSDT        PRIMARY   REVERSAL        13.32 NEUTRAL
   2 WLFIUSDT       PRIMARY   REVERSAL        10.72 NEUTRAL
   3 AAVEUSDT       PRIMARY   CONTINUATION    10.00 DIRECTION_EMERGING_LONG
   4 WLDUSDT        PRIMARY   CONTINUATION    10.00 DIRECTION_EMERGING_LONG
   5 MAGMAUSDT      PRIMARY   CONTINUATION    10.00 NEUTRAL
   6 RENDERUSDT     RESERVE   CONTINUATION    10.00 WATCH_LONG
   7 NEARUSDT       RESERVE   CONTINUATION    10.00 WATCH_LONG
   8 INJUSDT        RESERVE   CONTINUATION     9.94 NEUTRAL
   9 ZECUSDT        RESERVE   CONTINUATION     9.93 WATCH_LONG
  10 ONDOUSDT       RESERVE   CONTINUATION     9.89 DIRECTION_EMERGING_LONG

================================================================================================================================
V7.4 FORWARD PERFORMANCE — RAW PRICE EXPANSION
================================================================================================================================

PRIMARY / RESERVE + PATH
  H TIER      PATH              N    POS%   AVG RAW   AVG ABS    EXP3%    EXP5%   EXP10%    UP5%    DN5%
--------------------------------------------------------------------------------------------------------------------------------
  1 PRIMARY   CONTINUATION     62   62.9%    0.050%    1.440%    14.5%     1.6%     0.0%    0.0%    1.6%
  1 PRIMARY   REVERSAL         78   70.5%    1.321%    2.455%    12.8%     7.7%     2.6%    3.8%    3.8%
  1 RESERVE   CONTINUATION     30   73.3%    0.580%    1.304%     3.3%     0.0%     0.0%    0.0%    0.0%
  1 RESERVE   REVERSAL         13   69.2%    0.339%    0.746%     0.0%     0.0%     0.0%    0.0%    0.0%
  4 PRIMARY   CONTINUATION     47   55.3%    0.650%    2.465%    27.7%     4.3%     2.1%    4.3%    0.0%
  4 PRIMARY   REVERSAL         69   73.9%    2.523%    4.272%    27.5%    15.9%     7.2%   10.1%    5.8%
  4 RESERVE   CONTINUATION     19   68.4%    0.703%    1.662%    10.5%     0.0%     0.0%    0.0%    0.0%
  4 RESERVE   REVERSAL         11   54.5%   -0.093%    1.139%     0.0%     0.0%     0.0%    0.0%    0.0%
 12 PRIMARY   CONTINUATION     16   81.2%   23.649%   24.751%    50.0%    31.2%    31.2%   31.2%    0.0%
 12 PRIMARY   REVERSAL         35   54.3%   13.272%   16.077%    48.6%    20.0%    20.0%   14.3%    5.7%
 12 RESERVE   CONTINUATION      1    0.0%   -0.175%    0.175%     0.0%     0.0%     0.0%    0.0%    0.0%
 12 RESERVE   REVERSAL          3   33.3%    1.016%    1.592%    33.3%     0.0%     0.0%    0.0%    0.0%

RANK QUALITY
  H RANK BUCKET         N    POS%   AVG RAW   AVG ABS    EXP3%    EXP5%   EXP10%    UP5%    DN5%
----------------------------------------------------------------------------------------------------------------
  1 TOP_1_3            92   65.2%    1.046%    2.432%    17.4%     7.6%     2.2%    3.3%    4.3%
  1 TOP_4_5            48   70.8%    0.206%    1.189%     6.2%     0.0%     0.0%    0.0%    0.0%
  1 RESERVE_6_10       43   72.1%    0.507%    1.136%     2.3%     0.0%     0.0%    0.0%    0.0%
  4 TOP_1_3            77   66.2%    2.075%    4.166%    31.2%    15.6%     6.5%   10.4%    5.2%
  4 TOP_4_5            39   66.7%    1.150%    2.304%    20.5%     2.6%     2.6%    2.6%    0.0%
  4 RESERVE_6_10       30   63.3%    0.411%    1.470%     6.7%     0.0%     0.0%    0.0%    0.0%
 12 TOP_1_3            36   61.1%   19.396%   21.640%    47.2%    27.8%    27.8%   22.2%    5.6%
 12 TOP_4_5            15   66.7%    9.643%   11.977%    53.3%    13.3%    13.3%   13.3%    0.0%
 12 RESERVE_6_10        4   25.0%    0.718%    1.238%    25.0%     0.0%     0.0%    0.0%    0.0%

Metric definitions:
AVG RAW = average raw market return from detection price.
AVG ABS = average absolute price movement regardless of direction.
EXP3/5/10 = percentage of candidates moving at least 3% / 5% / 10% in either direction.
UP5 = raw upside move >= +5%; DN5 = raw downside move <= -5%.
No V7.4 trade-direction assumption is used in these metrics.

V7.4 TRACKING JOB: PASS
