V7.5 state restored from Supabase: 229

ALPHA HUNTER V7.5 OPPORTUNITY LIFECYCLE
Run ID: 9200c214b2236f7ba972b979f730b1ae
Timestamp: 2026-08-21T01:28:47.320055+00:00
Lifecycle candidates: 10

UPDATE AAVEUSDT       CONTINUATION  state=DIRECTION_EMERGING   det=2   v74= 9.00 rank=7 shadow= 0.00 provisional=ACTIVE final=PENDING
UPDATE WLDUSDT        CONTINUATION  state=DIRECTION_EMERGING   det=3   v74=10.00 rank=5 shadow= 0.00 provisional=ACTIVE final=PENDING
NEW    MAGMAUSDT      CONTINUATION  state=PRE_MOVE_DETECTED    det=1   v74=10.00 rank=5 shadow= 0.00 provisional=ACTIVE final=PENDING
UPDATE ZECUSDT        CONTINUATION  state=DIRECTION_EMERGING   det=3   v74= 9.95 rank=9 shadow= 0.00 provisional=ACTIVE final=PENDING
UPDATE ONDOUSDT       CONTINUATION  state=DIRECTION_EMERGING   det=5   v74= 9.89 rank=4 shadow= 0.00 provisional=ACTIVE final=PENDING
NEW    BTWUSDT        REVERSAL      state=PRE_MOVE_DETECTED    det=1   v74=13.32 rank=1 shadow= 8.08 provisional=ACTIVE final=PENDING
NEW    INJUSDT        CONTINUATION  state=PRE_MOVE_DETECTED    det=1   v74= 9.94 rank=8 shadow= 0.00 provisional=ACTIVE final=PENDING
NEW    RENDERUSDT     CONTINUATION  state=PRE_MOVE_DETECTED    det=1   v74=10.00 rank=6 shadow= 0.00 provisional=ACTIVE final=PENDING
UPDATE NEARUSDT       CONTINUATION  state=DIRECTION_EMERGING   det=3   v74=10.00 rank=6 shadow= 0.00 provisional=ACTIVE final=PENDING
UPDATE WLFIUSDT       REVERSAL      state=EXPANSION            det=3   v74= 9.55 rank=8 shadow= 5.71 provisional=GOOD_DETECTION final=PENDING

Supabase lifecycle rows upserted: 233
Supabase lifecycle row count: 233

====================================================================================================
V7.5 LIFECYCLE SUMMARY
====================================================================================================
Episodes stored: 233
Created this run: 4
Updated this run: 6
Active episodes: 233

STATE COUNTS
DIRECTION_EMERGING       20
EXPANSION                2
FINALIZED                148
PRE_MOVE_DETECTED        63

State file: /home/runner/work/Alpha-Hunter/Alpha-Hunter/data/v75-lifecycle-episodes.json
History file: /home/runner/work/Alpha-Hunter/Alpha-Hunter/data/v75-lifecycle-history.jsonl

V7.5 LIFECYCLE JOB: PASS
