
==============================================================================================================
ALPHA HUNTER V7.5 INDEPENDENT EPISODE MARKET TRACKER
==============================================================================================================
Episodes stored: 233
Active episodes: 85

CYSUSDT        CONTINUATION  now=  -47.41% UP=   78.38% DOWN=  -50.85% 3=Y 5=Y 10=Y checks=46
BTWUSDT        CONTINUATION  now=  102.45% UP=  124.96% DOWN=    0.00% 3=Y 5=Y 10=Y checks=46
COOKIEUSDT     CONTINUATION  now=  -10.49% UP=    0.00% DOWN=  -18.26% 3=Y 5=Y 10=Y checks=46
SUIUSDT        CONTINUATION  now=    5.40% UP=    6.07% DOWN=   -7.26% 3=Y 5=Y 10=- checks=46
SOLUSDT        CONTINUATION  now=   14.36% UP=   15.36% DOWN=   -4.13% 3=Y 5=Y 10=Y checks=46
SKYAIUSDT      REVERSAL      now=  -31.67% UP=    0.00% DOWN=  -48.62% 3=Y 5=Y 10=Y checks=46
DOGEUSDT       CONTINUATION  now=   15.92% UP=   16.34% DOWN=   -2.32% 3=Y 5=Y 10=Y checks=46
ADAUSDT        REVERSAL      now=    3.59% UP=    4.15% DOWN=  -12.70% 3=Y 5=Y 10=Y checks=46
GWEIUSDT       REVERSAL      now=   11.38% UP=   17.67% DOWN=   -2.98% 3=Y 5=Y 10=Y checks=46
BICOUSDT       REVERSAL      now=  -58.42% UP=    0.00% DOWN=  -61.82% 3=Y 5=Y 10=Y checks=46
IOTXUSDT       REVERSAL      now=   -2.01% UP=    0.00% DOWN=  -11.34% 3=Y 5=Y 10=Y checks=46
MMTUSDT        REVERSAL      now=  -13.07% UP=    0.00% DOWN=  -17.89% 3=Y 5=Y 10=Y checks=46
SUIUSDT        CONTINUATION  now=    6.63% UP=    7.34% DOWN=   -6.16% 3=Y 5=Y 10=- checks=46
MUBARAKUSDT    REVERSAL      now=   -1.60% UP=    0.20% DOWN=  -24.10% 3=Y 5=Y 10=Y checks=46
4USDT          REVERSAL      now=  -10.23% UP=    0.00% DOWN=  -22.21% 3=Y 5=Y 10=Y checks=46
JTOUSDT        REVERSAL      now=    2.98% UP=    8.18% DOWN=   -0.43% 3=Y 5=Y 10=- checks=46
FORMUSDT       REVERSAL      now=   15.57% UP=   15.57% DOWN=   -7.88% 3=Y 5=Y 10=Y checks=46
PUMPUSDT       REVERSAL      now=   32.22% UP=   38.71% DOWN=   -5.65% 3=Y 5=Y 10=Y checks=46
ACUUSDT        REVERSAL      now=    8.68% UP=   16.62% DOWN=   -4.40% 3=Y 5=Y 10=Y checks=46
HYPEUSDT       REVERSAL      now=   32.25% UP=   33.67% DOWN=   -0.62% 3=Y 5=Y 10=Y checks=46
AEONUSDT       CONTINUATION  now=    5.09% UP=   28.99% DOWN=   -6.91% 3=Y 5=Y 10=Y checks=46
BTWUSDT        CONTINUATION  now=   35.64% UP=   50.85% DOWN=  -10.16% 3=Y 5=Y 10=Y checks=46
ZECUSDT        REVERSAL      now=   13.71% UP=   18.15% DOWN=   -0.72% 3=Y 5=Y 10=Y checks=23
HYPEUSDT       REVERSAL      now=   26.81% UP=   28.10% DOWN=   -1.10% 3=Y 5=Y 10=Y checks=23
OUSDT          CONTINUATION  now=   -2.84% UP=    3.69% DOWN=   -6.18% 3=Y 5=Y 10=- checks=23
LINKUSDT       CONTINUATION  now=   12.99% UP=   14.63% DOWN=    0.00% 3=Y 5=Y 10=Y checks=23
1000RATSUSDT   REVERSAL      now=    1.76% UP=    9.83% DOWN=   -4.96% 3=Y 5=Y 10=- checks=18
SOLUSDT        CONTINUATION  now=   13.92% UP=   14.89% DOWN=   -0.19% 3=Y 5=Y 10=Y checks=18
REDUSDT        REVERSAL      now=   20.77% UP=   35.87% DOWN=   -1.25% 3=Y 5=Y 10=Y checks=18
AEONUSDT       REVERSAL      now=   -6.37% UP=    5.43% DOWN=  -13.04% 3=Y 5=Y 10=Y checks=18
BTCUSDT        CONTINUATION  now=   15.91% UP=   16.08% DOWN=   -0.08% 3=Y 5=Y 10=Y checks=18
ETHUSDT        CONTINUATION  now=   22.33% UP=   23.19% DOWN=   -0.01% 3=Y 5=Y 10=Y checks=18
ONGUSDT        CONTINUATION  now=  125.55% UP=  134.29% DOWN=   -4.60% 3=Y 5=Y 10=Y checks=11
TRXUSDT        REVERSAL      now=    1.64% UP=    2.34% DOWN=    0.00% 3=- 5=- 10=- checks=11
XMRUSDT        REVERSAL      now=    0.73% UP=    2.93% DOWN=   -1.41% 3=- 5=- 10=- checks=10
VVVUSDT        REVERSAL      now=    2.14% UP=    6.34% DOWN=   -0.75% 3=Y 5=Y 10=- checks=10
AEONUSDT       REVERSAL      now=   -7.20% UP=    0.20% DOWN=  -13.81% 3=Y 5=Y 10=Y checks=10
LAUSDT         REVERSAL      now=    2.85% UP=    8.30% DOWN=    0.00% 3=Y 5=Y 10=- checks=10
CAPUSDT        REVERSAL      now=   -3.75% UP=    4.34% DOWN=   -7.23% 3=Y 5=Y 10=- checks=10
WLFIUSDT       REVERSAL      now=   -0.85% UP=    2.25% DOWN=   -2.27% 3=- 5=- 10=- checks=9
1000RATSUSDT   CONTINUATION  now=   -5.08% UP=    2.60% DOWN=   -5.08% 3=Y 5=Y 10=- checks=9
ONGUSDT        REVERSAL      now=  131.10% UP=  141.67% DOWN=   -1.60% 3=Y 5=Y 10=Y checks=9
XMRUSDT        REVERSAL      now=   -0.54% UP=    1.64% DOWN=   -2.64% 3=- 5=- 10=- checks=9
LAUSDT         CONTINUATION  now=    1.96% UP=    7.36% DOWN=   -0.60% 3=Y 5=Y 10=- checks=9
WLDUSDT        CONTINUATION  now=    3.45% UP=    5.14% DOWN=   -1.33% 3=Y 5=Y 10=- checks=8
CAPUSDT        REVERSAL      now=   -4.26% UP=    1.66% DOWN=   -7.71% 3=Y 5=Y 10=- checks=8
BRUSDT         CONTINUATION  now=   -0.31% UP=    9.22% DOWN=   -5.87% 3=Y 5=Y 10=- checks=8
VVVUSDT        REVERSAL      now=    1.47% UP=    5.64% DOWN=   -0.08% 3=Y 5=Y 10=- checks=8
MUBARAKUSDT    REVERSAL      now=    1.18% UP=    3.04% DOWN=   -4.22% 3=Y 5=- 10=- checks=7
TREEUSDT       REVERSAL      now=    4.76% UP=    5.35% DOWN=   -0.25% 3=Y 5=Y 10=- checks=7
ZROUSDT        CONTINUATION  now=   -2.04% UP=    0.95% DOWN=   -3.38% 3=Y 5=- 10=- checks=7
VVVUSDT        CONTINUATION  now=   -0.83% UP=    3.25% DOWN=   -1.05% 3=Y 5=- 10=- checks=6
ACUUSDT        REVERSAL      now=   -3.27% UP=    0.20% DOWN=   -7.79% 3=Y 5=Y 10=- checks=6
1000RATSUSDT   CONTINUATION  now=   -4.44% UP=    0.63% DOWN=   -4.44% 3=Y 5=- 10=- checks=6
LAUSDT         CONTINUATION  now=    0.68% UP=    6.02% DOWN=   -0.98% 3=Y 5=Y 10=- checks=6
NEARUSDT       CONTINUATION  now=    1.35% UP=    2.13% DOWN=   -1.95% 3=- 5=- 10=- checks=4
ZROUSDT        REVERSAL      now=    0.87% UP=    3.90% DOWN=   -0.44% 3=Y 5=- 10=- checks=4
LAUSDT         CONTINUATION  now=   -0.02% UP=    5.28% DOWN=   -1.67% 3=Y 5=Y 10=- checks=4
UNIUSDT        CONTINUATION  now=    4.14% UP=    5.70% DOWN=    0.00% 3=Y 5=Y 10=- checks=4
LITUSDT        CONTINUATION  now=   -5.60% UP=    0.71% DOWN=   -6.98% 3=Y 5=Y 10=- checks=5
ONDOUSDT       CONTINUATION  now=    1.12% UP=    1.52% DOWN=   -2.64% 3=- 5=- 10=- checks=5
OPUSDT         CONTINUATION  now=    0.41% UP=    2.49% DOWN=   -3.53% 3=Y 5=- 10=- checks=4
BTWUSDT        REVERSAL      now=    4.68% UP=   16.32% DOWN=   -2.37% 3=Y 5=Y 10=Y checks=4
LDOUSDT        CONTINUATION  now=    1.83% UP=    2.67% DOWN=   -0.18% 3=- 5=- 10=- checks=3
XMRUSDT        REVERSAL      now=    1.28% UP=    2.88% DOWN=   -0.66% 3=- 5=- 10=- checks=3
LITUSDT        REVERSAL      now=    0.11% UP=    2.63% DOWN=   -0.15% 3=- 5=- 10=- checks=3
NEARUSDT       REVERSAL      now=    2.33% UP=    3.11% DOWN=   -0.02% 3=Y 5=- 10=- checks=3
TREEUSDT       REVERSAL      now=    2.55% UP=    3.13% DOWN=   -1.80% 3=Y 5=- 10=- checks=3
WLDUSDT        CONTINUATION  now=    1.58% UP=    3.16% DOWN=   -0.44% 3=Y 5=- 10=- checks=3
WLFIUSDT       REVERSAL      now=   -1.93% UP=    0.02% DOWN=   -3.33% 3=Y 5=- 10=- checks=3
VVVUSDT        REVERSAL      now=   -1.06% UP=    0.99% DOWN=   -1.28% 3=- 5=- 10=- checks=3
TREEUSDT       REVERSAL      now=    3.99% UP=    4.58% DOWN=   -0.42% 3=Y 5=- 10=- checks=3
LINKUSDT       CONTINUATION  now=    1.51% UP=    2.35% DOWN=   -0.89% 3=- 5=- 10=- checks=3
WLDUSDT        CONTINUATION  now=    1.47% UP=    3.05% DOWN=   -0.54% 3=Y 5=- 10=- checks=3
ZECUSDT        CONTINUATION  now=    0.35% UP=    1.19% DOWN=   -1.11% 3=- 5=- 10=- checks=3
NEARUSDT       CONTINUATION  now=    1.52% UP=    2.30% DOWN=   -0.46% 3=- 5=- 10=- checks=3
TRUMPUSDT      CONTINUATION  now=   -0.72% UP=    0.06% DOWN=   -2.65% 3=- 5=- 10=- checks=3
UNIUSDT        CONTINUATION  now=    2.74% UP=    4.28% DOWN=   -0.65% 3=Y 5=- 10=- checks=3
ONDOUSDT       REVERSAL      now=    2.36% UP=    2.76% DOWN=   -0.11% 3=- 5=- 10=- checks=3
LUMIAUSDT      CONTINUATION  now=    0.12% UP=    0.71% DOWN=   -0.33% 3=- 5=- 10=- checks=3
AAVEUSDT       CONTINUATION  now=   -0.08% UP=    1.19% DOWN=   -0.48% 3=- 5=- 10=- checks=2
MAGMAUSDT      CONTINUATION  now=    0.09% UP=    0.14% DOWN=   -0.19% 3=- 5=- 10=- checks=1
BTWUSDT        REVERSAL      now=    0.13% UP=    0.53% DOWN=   -0.15% 3=- 5=- 10=- checks=1
INJUSDT        CONTINUATION  now=    0.00% UP=    0.00% DOWN=    0.00% 3=- 5=- 10=- checks=1
RENDERUSDT     CONTINUATION  now=    0.10% UP=    0.10% DOWN=   -0.02% 3=- 5=- 10=- checks=1

==============================================================================================================
TRACKER SUMMARY
==============================================================================================================
Checked: 85
Failed: 0
Supabase rows upserted: 233
3% episodes: 185
5% episodes: 161
10% episodes: 110

V7.5 EPISODE MARKET TRACKER: PASS
