
======================================================================================================================
ALPHA HUNTER V7.6 DIRECTION-PROOF ENGINE — SHADOW
======================================================================================================================
Eligible forward episodes: 63

SYMBOL         PATH          DIR         CONF   LONG   SHORT       15M        1H
----------------------------------------------------------------------------------------------------------------------
ZECUSDT        REVERSAL      UNKNOWN     0.0%   3.00    0.00     MIXED   BULLISH
HYPEUSDT       REVERSAL      LONG       68.8%   5.50    0.00   BULLISH   BULLISH
OUSDT          CONTINUATION  SHORT      87.5%   0.00    7.00   BEARISH   BEARISH
LINKUSDT       CONTINUATION  LONG       87.5%   7.00    0.00   BULLISH   BULLISH
1000RATSUSDT   REVERSAL      SHORT      68.8%   0.00    5.50   BEARISH   BEARISH
SOLUSDT        CONTINUATION  LONG       75.0%   6.00    0.00   BULLISH   BULLISH
REDUSDT        REVERSAL      LONG       87.5%   7.00    0.00   BULLISH   BULLISH
AEONUSDT       REVERSAL      LONG       75.0%   6.00    0.00   BULLISH     MIXED
BTCUSDT        CONTINUATION  LONG      100.0%   8.00    0.00   BULLISH   BULLISH
ETHUSDT        CONTINUATION  LONG       68.8%   5.50    0.00   BULLISH   BULLISH
ONGUSDT        CONTINUATION  LONG      100.0%   8.00    0.00   BULLISH   BULLISH
TRXUSDT        REVERSAL      UNKNOWN     0.0%   0.00    2.50   BEARISH     MIXED
XMRUSDT        REVERSAL      UNKNOWN     0.0%   2.50    1.50   BULLISH     MIXED
VVVUSDT        REVERSAL      UNKNOWN     0.0%   0.00    3.50   BEARISH     MIXED
AEONUSDT       REVERSAL      LONG       75.0%   6.00    0.00   BULLISH     MIXED
LAUSDT         REVERSAL      UNKNOWN     0.0%   1.00    3.50   BEARISH     MIXED
CAPUSDT        REVERSAL      UNKNOWN     0.0%   3.50    1.50     MIXED     MIXED
WLFIUSDT       REVERSAL      UNKNOWN     0.0%   1.00    3.50     MIXED   BEARISH
1000RATSUSDT   CONTINUATION  SHORT      68.8%   0.00    5.50   BEARISH   BEARISH
ONGUSDT        REVERSAL      LONG      100.0%   8.00    0.00   BULLISH   BULLISH
XMRUSDT        REVERSAL      UNKNOWN     0.0%   2.50    1.50   BULLISH     MIXED
LAUSDT         CONTINUATION  UNKNOWN     0.0%   1.00    3.50   BEARISH     MIXED
WLDUSDT        CONTINUATION  LONG       71.2%   6.00    1.00   BULLISH   BULLISH
CAPUSDT        REVERSAL      UNKNOWN     0.0%   3.50    1.50     MIXED     MIXED
BRUSDT         CONTINUATION  UNKNOWN     0.0%   1.50    2.00     MIXED     MIXED
VVVUSDT        REVERSAL      UNKNOWN     0.0%   0.00    3.50   BEARISH     MIXED
MUBARAKUSDT    REVERSAL      LONG       50.0%   4.00    0.00   BULLISH     MIXED
TREEUSDT       REVERSAL      LONG       62.5%   5.00    0.00   BULLISH     MIXED
ZROUSDT        CONTINUATION  SHORT      50.6%   1.50    4.50   BEARISH     MIXED
VVVUSDT        CONTINUATION  UNKNOWN     0.0%   0.00    3.50   BEARISH     MIXED
ACUUSDT        REVERSAL      SHORT      50.6%   1.50    4.50     MIXED   BEARISH
1000RATSUSDT   CONTINUATION  SHORT      68.8%   0.00    5.50   BEARISH   BEARISH
LAUSDT         CONTINUATION  UNKNOWN     0.0%   1.00    3.50   BEARISH     MIXED
NEARUSDT       CONTINUATION  LONG       56.2%   4.50    0.00   BULLISH   BULLISH
ZROUSDT        REVERSAL      SHORT      50.6%   1.50    4.50   BEARISH     MIXED
LAUSDT         CONTINUATION  UNKNOWN     0.0%   1.00    3.50   BEARISH     MIXED
UNIUSDT        CONTINUATION  LONG       87.5%   7.00    0.00   BULLISH   BULLISH
LITUSDT        CONTINUATION  SHORT      50.0%   0.00    4.00   BEARISH   BEARISH
ONDOUSDT       CONTINUATION  LONG      100.0%   8.00    0.00   BULLISH   BULLISH
OPUSDT         CONTINUATION  UNKNOWN     0.0%   3.50    1.00     MIXED   BULLISH
BTWUSDT        REVERSAL      UNKNOWN     0.0%   1.50    2.50     MIXED     MIXED
LDOUSDT        CONTINUATION  LONG       75.0%   6.00    0.00   BULLISH   BULLISH
XMRUSDT        REVERSAL      UNKNOWN     0.0%   2.50    1.50   BULLISH     MIXED
LITUSDT        REVERSAL      SHORT      50.0%   0.00    4.00   BEARISH   BEARISH
NEARUSDT       REVERSAL      LONG       56.2%   4.50    0.00   BULLISH   BULLISH
TREEUSDT       REVERSAL      LONG       62.5%   5.00    0.00   BULLISH     MIXED
WLDUSDT        CONTINUATION  LONG       71.2%   6.00    1.00   BULLISH   BULLISH
WLFIUSDT       REVERSAL      UNKNOWN     0.0%   1.00    3.50     MIXED   BEARISH
VVVUSDT        REVERSAL      UNKNOWN     0.0%   0.00    3.50   BEARISH     MIXED
TREEUSDT       REVERSAL      LONG       62.5%   5.00    0.00   BULLISH     MIXED
LINKUSDT       CONTINUATION  LONG       87.5%   7.00    0.00   BULLISH   BULLISH
WLDUSDT        CONTINUATION  LONG       71.2%   6.00    1.00   BULLISH   BULLISH
ZECUSDT        CONTINUATION  LONG       50.0%   4.00    0.00   BULLISH   BULLISH
NEARUSDT       CONTINUATION  LONG       56.2%   4.50    0.00   BULLISH   BULLISH
TRUMPUSDT      CONTINUATION  UNKNOWN     0.0%   1.50    1.50     MIXED     MIXED
UNIUSDT        CONTINUATION  LONG       87.5%   7.00    0.00   BULLISH   BULLISH
ONDOUSDT       REVERSAL      LONG      100.0%   8.00    0.00   BULLISH   BULLISH
LUMIAUSDT      CONTINUATION  UNKNOWN     0.0%   1.50    0.00     MIXED     MIXED
AAVEUSDT       CONTINUATION  LONG       56.2%   4.50    0.00     MIXED   BULLISH
MAGMAUSDT      CONTINUATION  UNKNOWN     0.0%   0.00    3.50   BEARISH     MIXED
BTWUSDT        REVERSAL      UNKNOWN     0.0%   1.50    2.50     MIXED     MIXED
INJUSDT        CONTINUATION  UNKNOWN     0.0%   1.50    1.00   BEARISH     MIXED
RENDERUSDT     CONTINUATION  LONG       52.5%   4.50    1.00   BULLISH   BULLISH

======================================================================================================================
V7.6 SHADOW SUMMARY
======================================================================================================================
Evaluated: 63
LONG: 29
SHORT: 9
UNKNOWN: 25
Failures: 0
Supabase shadow rows saved: 63
Direction state rows saved: 63
Immutable transition rows saved: 63
Transition run ID: cloud5d-20260821T012752Z
Direction emerging: 13
Direction confirmed: 24
Lost confirmation: 8

IMPORTANT: V7.6 IS SHADOW ONLY.
No trade permission was generated.

V7.6 DIRECTION SHADOW: PASS
