
======================================================================================================================
ALPHA HUNTER V7.6 POST-CONFIRMATION OUTCOME TRACKER — SHADOW
======================================================================================================================
Confirmed outcome rows: 182
Created this run: 10

LAUSDT         LONG   quality=FORWARD_COMPLETE now=  -0.66% MFE=   4.61% MAE=  -2.30% lost=Y done=-
ACEUSDT        SHORT  quality=FORWARD_COMPLETE now= -28.20% MFE=   5.59% MAE= -52.45% lost=Y done=-
VVVUSDT        SHORT  quality=FORWARD_COMPLETE now=  -2.32% MFE=   0.60% MAE=  -6.49% lost=Y done=-
CAPUSDT        SHORT  quality=FORWARD_COMPLETE now=   4.43% MFE=   7.91% MAE=  -1.44% lost=- done=-
WLDUSDT        SHORT  quality=FORWARD_COMPLETE now=  -4.66% MFE=   0.36% MAE=  -6.14% lost=Y done=-
CAPUSDT        SHORT  quality=FORWARD_COMPLETE now=   4.43% MFE=   7.91% MAE=  -1.44% lost=Y done=-
LAUSDT         LONG   quality=FORWARD_COMPLETE now=  -0.66% MFE=   4.61% MAE=  -2.30% lost=- done=-
LAUSDT         LONG   quality=FORWARD_COMPLETE now=  -0.66% MFE=   4.61% MAE=  -2.30% lost=- done=-
TREEUSDT       SHORT  quality=FORWARD_COMPLETE now=  -3.99% MFE=   0.42% MAE=  -4.58% lost=Y done=-
MUBARAKUSDT    SHORT  quality=FORWARD_COMPLETE now=  -1.40% MFE=   3.73% MAE=  -3.57% lost=Y done=-
PUMPUSDT       LONG   quality=FORWARD_COMPLETE now=  11.21% MFE=  16.54% MAE=  -0.83% lost=- done=-
TRXUSDT        LONG   quality=FORWARD_COMPLETE now=   0.19% MFE=   0.92% MAE=  -0.21% lost=Y done=-
AEONUSDT       SHORT  quality=FORWARD_COMPLETE now=  -2.69% MFE=   4.63% MAE=  -4.85% lost=Y done=-
ONGUSDT        SHORT  quality=FORWARD_COMPLETE now=-137.01% MFE=   0.18% MAE=-147.27% lost=Y done=-
AEONUSDT       SHORT  quality=FORWARD_COMPLETE now=  -2.69% MFE=   4.63% MAE=  -4.85% lost=Y done=-
ONGUSDT        SHORT  quality=FORWARD_COMPLETE now=-137.78% MFE=   0.18% MAE=-147.27% lost=Y done=-
1000RATSUSDT   LONG   quality=FORWARD_COMPLETE now=  -6.35% MFE=   0.79% MAE=  -6.62% lost=Y done=-
VVVUSDT        LONG   quality=FORWARD_COMPLETE now=  -1.60% MFE=   1.96% MAE=  -1.85% lost=Y done=-
ZROUSDT        LONG   quality=FORWARD_COMPLETE now=  -2.21% MFE=   0.05% MAE=  -2.22% lost=Y done=-
LAUSDT         LONG   quality=FORWARD_COMPLETE now=  -1.71% MFE=   3.50% MAE=  -3.34% lost=Y done=-
OPUSDT         LONG   quality=FORWARD_COMPLETE now=  -1.13% MFE=   1.13% MAE=  -1.23% lost=Y done=-
LAUSDT         LONG   quality=FORWARD_COMPLETE now=  -0.66% MFE=   4.61% MAE=  -2.30% lost=- done=-
XMRUSDT        LONG   quality=FORWARD_COMPLETE now=  -1.69% MFE=   0.47% MAE=  -3.77% lost=Y done=-
VVVUSDT        LONG   quality=FORWARD_COMPLETE now=  -1.60% MFE=   1.96% MAE=  -1.85% lost=- done=-
LAUSDT         LONG   quality=FORWARD_COMPLETE now=  -0.66% MFE=   4.61% MAE=  -2.30% lost=Y done=-
VVVUSDT        LONG   quality=FORWARD_COMPLETE now=  -1.60% MFE=   1.96% MAE=  -1.85% lost=- done=-
WLFIUSDT       LONG   quality=FORWARD_COMPLETE now=  -1.74% MFE=   1.33% MAE=  -3.14% lost=- done=-
XMRUSDT        LONG   quality=FORWARD_COMPLETE now=  -1.69% MFE=   0.47% MAE=  -3.77% lost=Y done=-
LAUSDT         LONG   quality=FORWARD_COMPLETE now=  -0.66% MFE=   4.61% MAE=  -2.30% lost=Y done=-
1000RATSUSDT   SHORT  quality=FORWARD_COMPLETE now=   1.09% MFE=   1.37% MAE=  -2.06% lost=Y done=-
ACUUSDT        SHORT  quality=FORWARD_COMPLETE now=  -1.92% MFE=   1.81% MAE=  -4.81% lost=Y done=-
NEARUSDT       LONG   quality=FORWARD_COMPLETE now=   0.61% MFE=   1.43% MAE=  -2.78% lost=Y done=-
POLUSDT        LONG   quality=FORWARD_COMPLETE now=  -2.05% MFE=   0.00% MAE=  -4.41% lost=Y done=-
ONDOUSDT       LONG   quality=FORWARD_COMPLETE now=   0.33% MFE=   0.73% MAE=  -3.40% lost=Y done=-
WLDUSDT        LONG   quality=FORWARD_COMPLETE now=   0.35% MFE=   1.75% MAE=  -0.46% lost=- done=-
NEARUSDT       LONG   quality=FORWARD_COMPLETE now=  -0.24% MFE=   0.57% MAE=  -0.87% lost=- done=-
TREEUSDT       LONG   quality=FORWARD_COMPLETE now=   0.14% MFE=   0.22% MAE=   0.00% lost=- done=-
LINKUSDT       LONG   quality=FORWARD_COMPLETE now=  -0.03% MFE=   0.10% MAE=  -0.05% lost=- done=-
WLDUSDT        LONG   quality=FORWARD_COMPLETE now=   0.19% MFE=   0.19% MAE=  -0.05% lost=- done=-
UNIUSDT        LONG   quality=FORWARD_COMPLETE now=   0.08% MFE=   0.18% MAE=  -0.05% lost=- done=-
ONDOUSDT       LONG   quality=FORWARD_COMPLETE now=   0.06% MFE=   0.22% MAE=  -0.03% lost=- done=-
AAVEUSDT       LONG   quality=FORWARD_COMPLETE now=   0.01% MFE=   0.10% MAE=   0.00% lost=- done=-
UNIUSDT        LONG   quality=FORWARD_COMPLETE now=   0.08% MFE=   0.18% MAE=  -0.05% lost=- done=-
LDOUSDT        LONG   quality=FORWARD_COMPLETE now=   0.00% MFE=   0.00% MAE=  -0.03% lost=- done=-
NEARUSDT       LONG   quality=FORWARD_COMPLETE now=   0.01% MFE=   0.19% MAE=  -0.03% lost=- done=-
TREEUSDT       LONG   quality=FORWARD_COMPLETE now=   0.14% MFE=   0.22% MAE=   0.00% lost=- done=-

======================================================================================================================
POST-CONFIRMATION TRACKER SUMMARY
======================================================================================================================
Outcome rows: 182
Created this run: 10
Tracked this run: 46
Failed: 0
Supabase rows upserted: 182
Forward complete: 182
Completed 24H: 136

IMPORTANT: OUTCOME TRACKER IS MEASUREMENT ONLY.
No trade permission was generated.

V7.6 POST-CONFIRMATION OUTCOME TRACKER: PASS
