
ALPHA HUNTER V7.1 — 2026-08-20T17:33:26.002694+00:00

Universe: 30 deep-scanned of 759 contracts
Eligible after prefilter: 372
Non-crypto rejected: 294

SYMBOL                  PHASE    TIME   BEHAV                     STATE      RR   DISC  TRADE
---------------------------------------------------------------------------------------------
SKYAIUSDT           EXPANSION    LATE    6.03                WATCH_LONG       —     NO     NO
ETHUSDT          ACCUMULATION    FAIR    5.33                WATCH_LONG       —    YES     NO
FETUSDT        DISTRIBUTION_RISK    FAIR    5.19   DIRECTION_EMERGING_LONG    0.03     NO     NO
TRIAUSDT          COMPRESSION   EARLY    5.15  DIRECTION_EMERGING_SHORT    0.07    YES     NO
SPXUSDT          ACCUMULATION    FAIR    4.85                WATCH_LONG       —     NO     NO
ENSUSDT        DISTRIBUTION_RISK    FAIR    4.78   DIRECTION_EMERGING_LONG    0.01     NO     NO
CYSUSDT             BREAKDOWN   EARLY    4.71  DIRECTION_EMERGING_SHORT    0.44     NO     NO
ONDOUSDT       DISTRIBUTION_RISK   EARLY    4.50   DIRECTION_EMERGING_LONG    0.02     NO     NO
LAUSDT            COMPRESSION   EARLY    4.35   DIRECTION_EMERGING_LONG    0.23     NO     NO
OPUSDT         DISTRIBUTION_RISK    FAIR    4.29   DIRECTION_EMERGING_LONG    0.01     NO     NO
BTCUSDT          ACCUMULATION   EARLY    4.26   DIRECTION_EMERGING_LONG    0.02     NO     NO
VVVUSDT          ACCUMULATION   EARLY    4.23   DIRECTION_EMERGING_LONG    0.20     NO     NO
LITUSDT          ACCUMULATION    FAIR    4.19                WATCH_LONG       —     NO     NO
VELODROMEUSDT    ACCUMULATION    FAIR    4.04                WATCH_LONG       —     NO     NO
STXUSDT        DISTRIBUTION_RISK    FAIR    3.89   DIRECTION_EMERGING_LONG    0.02     NO     NO
BTWUSDT             EXPANSION    LATE    3.89                   NEUTRAL       —     NO     NO
1000000MOGUSDT DISTRIBUTION_RISK    FAIR    3.80                WATCH_LONG       —     NO     NO
GWEIUSDT         ACCUMULATION   EARLY    3.49                   NEUTRAL       —     NO     NO
EDGEUSDT         ACCUMULATION    FAIR    3.40   DIRECTION_EMERGING_LONG    0.41     NO     NO
VELVETUSDT       ACCUMULATION   EARLY    3.39                   NEUTRAL       —     NO     NO
1000SATSUSDT     ACCUMULATION    FAIR    3.37                WATCH_LONG       —     NO     NO
POLUSDT           COMPRESSION   EARLY    3.30                WATCH_LONG       —     NO     NO
BANKUSDT          COMPRESSION   EARLY    3.20                   NEUTRAL       —     NO     NO
WLFIUSDT         ACCUMULATION   EARLY    3.19   DIRECTION_EMERGING_LONG    0.34     NO     NO
LISTAUSDT        ACCUMULATION    FAIR    3.12                WATCH_LONG       —     NO     NO
ZROUSDT           COMPRESSION   EARLY    3.04                   NEUTRAL       —     NO     NO
TRXUSDT          ACCUMULATION   EARLY    2.66                WATCH_LONG       —     NO     NO
GRASSUSDT            RECOVERY   EARLY    2.56                WATCH_LONG       —     NO     NO
STORJUSDT        ACCUMULATION   EARLY    2.48                   NEUTRAL       —     NO     NO
XMRUSDT          ACCUMULATION   EARLY    2.27                   NEUTRAL       —     NO     NO

V7.4 PRE-MOVE SURVEILLANCE
Eligible: 7 | Primary: 5 | Reserve: 2

PRIMARY
 1 BTWUSDT        REVERSAL       13.38 state=NEUTRAL
 2 LITUSDT        CONTINUATION   11.31 state=WATCH_LONG
 3 ZROUSDT        REVERSAL       11.04 state=NEUTRAL
 4 OPUSDT         CONTINUATION   10.41 state=DIRECTION_EMERGING_LONG
 5 LAUSDT         CONTINUATION    9.83 state=DIRECTION_EMERGING_LONG

RESERVE
 6 VVVUSDT        CONTINUATION    9.80 state=DIRECTION_EMERGING_LONG
 7 ONDOUSDT       CONTINUATION    8.95 state=DIRECTION_EMERGING_LONG

Run ID: 6c3c5be762db8225c359c465f4a66774
Snapshot saved: /home/runner/work/Alpha-Hunter/Alpha-Hunter/data/snapshots/snapshot-20260820T173326Z.json
State history: /home/runner/work/Alpha-Hunter/Alpha-Hunter/data/state-history.jsonl
Supabase: SAVED
Qualified discovery candidates: 2
EARLY candidates: 1
V7 Trade Ready: 0
Bitget private API: NOT_CONFIGURED
