V7.4 HOURLY PERFORMANCE TRACKER
Run ID: 6c3c5be762db8225c359c465f4a66774

V7.4.1 SHADOW REVERSAL
 SH SYMBOL           V74     OLD   SHADOW
--------------------------------------------------
  1 ZROUSDT            3   11.04     6.60
  2 BTWUSDT            1   13.38     1.84
PERFORMANCE SIGNALS SAVED: 30
FEATURE ROWS SAVED: 30
V7.4 OUTCOMES 1H: saved=4 failed=0
V7.4 OUTCOMES 4H: saved=12 failed=0
V7.4 OUTCOMES 12H: saved=2 failed=0
V7.4 OUTCOMES 24H: saved=6 failed=0
OUTCOME EVALUATION COMPLETE: saved=24 failed=0

==========================================================================================
V7.4 CURRENT SURVEILLANCE COHORT
==========================================================================================
RANK SYMBOL         TIER      PATH            SCORE STATE
------------------------------------------------------------------------------------------
   1 BTWUSDT        PRIMARY   REVERSAL        13.38 NEUTRAL
   2 LITUSDT        PRIMARY   CONTINUATION    11.31 WATCH_LONG
   3 ZROUSDT        PRIMARY   REVERSAL        11.04 NEUTRAL
   4 OPUSDT         PRIMARY   CONTINUATION    10.41 DIRECTION_EMERGING_LONG
   5 LAUSDT         PRIMARY   CONTINUATION     9.83 DIRECTION_EMERGING_LONG
   6 VVVUSDT        RESERVE   CONTINUATION     9.80 DIRECTION_EMERGING_LONG
   7 ONDOUSDT       RESERVE   CONTINUATION     8.95 DIRECTION_EMERGING_LONG

================================================================================================================================
V7.4 FORWARD PERFORMANCE — RAW PRICE EXPANSION
================================================================================================================================

PRIMARY / RESERVE + PATH
  H TIER      PATH              N    POS%   AVG RAW   AVG ABS    EXP3%    EXP5%   EXP10%    UP5%    DN5%
--------------------------------------------------------------------------------------------------------------------------------
  1 PRIMARY   CONTINUATION     32   46.9%   -0.136%    1.716%    21.9%     0.0%     0.0%    0.0%    0.0%
  1 PRIMARY   REVERSAL         87   60.9%    1.188%    2.406%    14.9%     9.2%     2.3%    4.6%    4.6%
  1 RESERVE   CONTINUATION      9   55.6%    0.553%    2.179%    22.2%     0.0%     0.0%    0.0%    0.0%
  1 RESERVE   REVERSAL          5  100.0%    1.046%    1.046%     0.0%     0.0%     0.0%    0.0%    0.0%
  4 PRIMARY   CONTINUATION     20   50.0%    1.037%    3.729%    55.0%    10.0%     5.0%   10.0%    0.0%
  4 PRIMARY   REVERSAL         75   65.3%    2.126%    4.193%    32.0%    17.3%     9.3%   12.0%    5.3%
  4 RESERVE   CONTINUATION      5   40.0%    3.134%    4.996%    60.0%    20.0%    20.0%   20.0%    0.0%
  4 RESERVE   REVERSAL          3  100.0%    0.743%    0.743%     0.0%     0.0%     0.0%    0.0%    0.0%
 12 PRIMARY   CONTINUATION      4   50.0%    2.975%    3.674%    25.0%    25.0%    25.0%   25.0%    0.0%
 12 PRIMARY   REVERSAL         42   52.4%    3.063%    4.693%    35.7%    21.4%    16.7%   19.0%    2.4%
 12 RESERVE   CONTINUATION      4   75.0%    6.635%    6.878%    50.0%    50.0%    25.0%   50.0%    0.0%

RANK QUALITY
  H RANK BUCKET         N    POS%   AVG RAW   AVG ABS    EXP3%    EXP5%   EXP10%    UP5%    DN5%
----------------------------------------------------------------------------------------------------------------
  1 TOP_1_3            83   53.0%    0.954%    2.468%    16.9%     8.4%     2.4%    3.6%    4.8%
  1 TOP_4_5            36   66.7%    0.552%    1.650%    16.7%     2.8%     0.0%    2.8%    0.0%
  1 RESERVE_6_10       14   71.4%    0.729%    1.774%    14.3%     0.0%     0.0%    0.0%    0.0%
  4 TOP_1_3            68   55.9%    1.921%    4.562%    35.3%    19.1%    10.3%   13.2%    5.9%
  4 TOP_4_5            27   77.8%    1.836%    2.922%    40.7%     7.4%     3.7%    7.4%    0.0%
  4 RESERVE_6_10        8   62.5%    2.238%    3.401%    37.5%    12.5%    12.5%   12.5%    0.0%
 12 TOP_1_3            34   47.1%    3.012%    4.800%    35.3%    20.6%    14.7%   17.6%    2.9%
 12 TOP_4_5            12   66.7%    3.178%    4.050%    33.3%    25.0%    25.0%   25.0%    0.0%
 12 RESERVE_6_10        4   75.0%    6.635%    6.878%    50.0%    50.0%    25.0%   50.0%    0.0%

Metric definitions:
AVG RAW = average raw market return from detection price.
AVG ABS = average absolute price movement regardless of direction.
EXP3/5/10 = percentage of candidates moving at least 3% / 5% / 10% in either direction.
UP5 = raw upside move >= +5%; DN5 = raw downside move <= -5%.
No V7.4 trade-direction assumption is used in these metrics.

V7.4 TRACKING JOB: PASS
