
==============================================================================================================
ALPHA HUNTER V7.5 INDEPENDENT EPISODE MARKET TRACKER
==============================================================================================================
Episodes stored: 211
Active episodes: 72

CYSUSDT        CONTINUATION  now=  -47.68% UP=   78.38% DOWN=  -50.85% 3=Y 5=Y 10=Y checks=45
BTWUSDT        CONTINUATION  now=   94.30% UP=  107.11% DOWN=    0.00% 3=Y 5=Y 10=Y checks=45
COOKIEUSDT     CONTINUATION  now=  -11.97% UP=    0.00% DOWN=  -18.26% 3=Y 5=Y 10=Y checks=45
SUIUSDT        CONTINUATION  now=    6.50% UP=    7.34% DOWN=   -7.26% 3=Y 5=Y 10=- checks=45
SOLUSDT        CONTINUATION  now=   13.53% UP=   13.77% DOWN=   -4.13% 3=Y 5=Y 10=Y checks=45
SKYAIUSDT      REVERSAL      now=  -27.38% UP=    0.00% DOWN=  -48.62% 3=Y 5=Y 10=Y checks=45
DOGEUSDT       CONTINUATION  now=   17.32% UP=   18.08% DOWN=   -2.32% 3=Y 5=Y 10=Y checks=45
ADAUSDT        REVERSAL      now=    1.72% UP=    1.97% DOWN=  -12.70% 3=Y 5=Y 10=Y checks=45
GWEIUSDT       REVERSAL      now=    1.47% UP=   17.67% DOWN=   -2.98% 3=Y 5=Y 10=Y checks=45
BICOUSDT       REVERSAL      now=  -62.03% UP=    0.00% DOWN=  -62.32% 3=Y 5=Y 10=Y checks=45
IOTXUSDT       REVERSAL      now=   -2.15% UP=    0.00% DOWN=  -11.34% 3=Y 5=Y 10=Y checks=45
MMTUSDT        REVERSAL      now=  -12.53% UP=    0.00% DOWN=  -17.89% 3=Y 5=Y 10=Y checks=45
SUIUSDT        CONTINUATION  now=    7.77% UP=    8.62% DOWN=   -6.16% 3=Y 5=Y 10=- checks=45
MUBARAKUSDT    REVERSAL      now=   -4.71% UP=    0.20% DOWN=  -24.10% 3=Y 5=Y 10=Y checks=45
4USDT          REVERSAL      now=  -12.13% UP=    0.00% DOWN=  -22.21% 3=Y 5=Y 10=Y checks=45
JTOUSDT        REVERSAL      now=    6.79% UP=    8.18% DOWN=   -0.43% 3=Y 5=Y 10=- checks=45
FORMUSDT       REVERSAL      now=   10.73% UP=   11.70% DOWN=   -7.88% 3=Y 5=Y 10=Y checks=45
PUMPUSDT       REVERSAL      now=   30.70% UP=   33.27% DOWN=   -5.65% 3=Y 5=Y 10=Y checks=45
ACUUSDT        REVERSAL      now=    6.63% UP=   16.62% DOWN=   -4.40% 3=Y 5=Y 10=Y checks=45
HYPEUSDT       REVERSAL      now=   30.62% UP=   32.30% DOWN=   -0.62% 3=Y 5=Y 10=Y checks=45
AEONUSDT       CONTINUATION  now=    1.31% UP=   28.99% DOWN=   -6.91% 3=Y 5=Y 10=Y checks=45
BTWUSDT        CONTINUATION  now=   30.50% UP=   38.89% DOWN=  -10.16% 3=Y 5=Y 10=Y checks=45
LINKUSDT       CONTINUATION  now=   13.27% UP=   14.63% DOWN=    0.00% 3=Y 5=Y 10=Y checks=20
OUSDT          CONTINUATION  now=    1.37% UP=    3.69% DOWN=   -6.18% 3=Y 5=Y 10=- checks=20
HYPEUSDT       REVERSAL      now=   25.18% UP=   26.78% DOWN=   -1.10% 3=Y 5=Y 10=Y checks=20
ZECUSDT        REVERSAL      now=   14.90% UP=   18.15% DOWN=   -0.72% 3=Y 5=Y 10=Y checks=20
1000RATSUSDT   REVERSAL      now=    2.61% UP=    9.83% DOWN=   -4.96% 3=Y 5=Y 10=- checks=15
ETHUSDT        CONTINUATION  now=   22.11% UP=   22.81% DOWN=   -0.01% 3=Y 5=Y 10=Y checks=15
BTCUSDT        CONTINUATION  now=   12.87% UP=   13.04% DOWN=   -0.08% 3=Y 5=Y 10=Y checks=15
AEONUSDT       REVERSAL      now=   -9.73% UP=    5.43% DOWN=  -11.67% 3=Y 5=Y 10=Y checks=15
REDUSDT        REVERSAL      now=   18.05% UP=   35.87% DOWN=   -1.25% 3=Y 5=Y 10=Y checks=15
SOLUSDT        CONTINUATION  now=   13.13% UP=   13.63% DOWN=   -0.19% 3=Y 5=Y 10=Y checks=15
LAUSDT         CONTINUATION  now=   -0.73% UP=    0.32% DOWN=   -5.57% 3=Y 5=Y 10=- checks=11
VVVUSDT        REVERSAL      now=    4.88% UP=    6.91% DOWN=   -0.21% 3=Y 5=Y 10=- checks=11
CAPUSDT        REVERSAL      now=   -6.52% UP=    2.43% DOWN=   -8.54% 3=Y 5=Y 10=- checks=10
LAUSDT         CONTINUATION  now=    2.67% UP=    3.76% DOWN=   -2.33% 3=Y 5=- 10=- checks=10
ACEUSDT        REVERSAL      now=   35.08% UP=   50.31% DOWN=   -6.91% 3=Y 5=Y 10=Y checks=10
OPNUSDT        REVERSAL      now=    2.07% UP=    3.44% DOWN=   -2.15% 3=Y 5=- 10=- checks=9
POLUSDT        CONTINUATION  now=    1.02% UP=    1.54% DOWN=   -0.88% 3=- 5=- 10=- checks=9
PUMPUSDT       CONTINUATION  now=   20.18% UP=   22.71% DOWN=   -0.32% 3=Y 5=Y 10=Y checks=9
LAUSDT         REVERSAL      now=    2.69% UP=    3.78% DOWN=   -2.32% 3=Y 5=- 10=- checks=9
TRXUSDT        REVERSAL      now=    1.99% UP=    2.34% DOWN=    0.00% 3=- 5=- 10=- checks=8
ONGUSDT        CONTINUATION  now=   32.17% UP=   36.50% DOWN=   -4.60% 3=Y 5=Y 10=Y checks=8
CAPUSDT        REVERSAL      now=   -4.32% UP=    4.34% DOWN=   -6.39% 3=Y 5=Y 10=- checks=7
LAUSDT         REVERSAL      now=    4.88% UP=    5.99% DOWN=    0.00% 3=Y 5=Y 10=- checks=7
AEONUSDT       REVERSAL      now=  -10.53% UP=    0.20% DOWN=  -12.46% 3=Y 5=Y 10=Y checks=7
VVVUSDT        REVERSAL      now=    4.21% UP=    6.34% DOWN=   -0.75% 3=Y 5=Y 10=- checks=7
XMRUSDT        REVERSAL      now=    1.61% UP=    2.93% DOWN=   -0.04% 3=- 5=- 10=- checks=7
1000RATSUSDT   CONTINUATION  now=   -4.15% UP=    2.60% DOWN=   -5.06% 3=Y 5=Y 10=- checks=6
LAUSDT         CONTINUATION  now=    3.96% UP=    5.07% DOWN=   -0.60% 3=Y 5=Y 10=- checks=6
XMRUSDT        REVERSAL      now=    0.34% UP=    1.64% DOWN=   -0.92% 3=- 5=- 10=- checks=6
ONGUSDT        REVERSAL      now=   36.53% UP=   40.80% DOWN=   -1.60% 3=Y 5=Y 10=Y checks=6
WLFIUSDT       REVERSAL      now=    1.12% UP=    2.00% DOWN=   -0.31% 3=- 5=- 10=- checks=6
VVVUSDT        REVERSAL      now=    3.53% UP=    5.64% DOWN=   -0.08% 3=Y 5=Y 10=- checks=5
BRUSDT         CONTINUATION  now=   -1.48% UP=    9.22% DOWN=   -2.81% 3=Y 5=Y 10=- checks=5
CAPUSDT        REVERSAL      now=   -4.82% UP=    1.66% DOWN=   -6.88% 3=Y 5=Y 10=- checks=5
WLDUSDT        CONTINUATION  now=    3.89% UP=    4.59% DOWN=   -1.33% 3=Y 5=- 10=- checks=5
ZROUSDT        CONTINUATION  now=   -2.29% UP=    0.95% DOWN=   -3.14% 3=Y 5=- 10=- checks=4
TREEUSDT       REVERSAL      now=    1.61% UP=    2.35% DOWN=   -0.25% 3=- 5=- 10=- checks=4
MUBARAKUSDT    REVERSAL      now=   -1.91% UP=    3.04% DOWN=   -2.94% 3=Y 5=- 10=- checks=4
LAUSDT         CONTINUATION  now=    2.67% UP=    3.76% DOWN=   -0.09% 3=Y 5=- 10=- checks=3
1000RATSUSDT   CONTINUATION  now=   -3.51% UP=    0.63% DOWN=   -4.42% 3=Y 5=- 10=- checks=3
ACUUSDT        REVERSAL      now=   -5.09% UP=    0.20% DOWN=   -7.79% 3=Y 5=Y 10=- checks=3
VVVUSDT        CONTINUATION  now=    1.09% UP=    3.25% DOWN=   -0.44% 3=Y 5=- 10=- checks=3
ZROUSDT        REVERSAL      now=    0.62% UP=    1.22% DOWN=   -0.12% 3=- 5=- 10=- checks=3
NEARUSDT       CONTINUATION  now=    0.70% UP=    1.15% DOWN=   -0.24% 3=- 5=- 10=- checks=3
LAUSDT         CONTINUATION  now=    1.95% UP=    3.03% DOWN=    0.00% 3=Y 5=- 10=- checks=3
UNIUSDT        CONTINUATION  now=    2.26% UP=    3.98% DOWN=    0.00% 3=Y 5=- 10=- checks=3
ONDOUSDT       CONTINUATION  now=    0.82% UP=    1.15% DOWN=    0.00% 3=- 5=- 10=- checks=2
LITUSDT        CONTINUATION  now=   -2.73% UP=    0.71% DOWN=   -2.73% 3=- 5=- 10=- checks=2
OPUSDT         CONTINUATION  now=   -0.10% UP=    0.00% DOWN=   -0.10% 3=- 5=- 10=- checks=1
BTWUSDT        REVERSAL      now=    0.41% UP=    0.70% DOWN=    0.00% 3=- 5=- 10=- checks=1

==============================================================================================================
TRACKER SUMMARY
==============================================================================================================
Checked: 72
Failed: 0
Supabase rows upserted: 211
3% episodes: 172
5% episodes: 154
10% episodes: 109

V7.5 EPISODE MARKET TRACKER: PASS
