V7.5 state restored from Supabase: 209

ALPHA HUNTER V7.5 OPPORTUNITY LIFECYCLE
Run ID: 6c3c5be762db8225c359c465f4a66774
Timestamp: 2026-08-20T17:33:26.002694+00:00
Lifecycle candidates: 7

UPDATE ONDOUSDT       CONTINUATION  state=DIRECTION_EMERGING   det=2   v74= 9.89 rank=4 shadow= 0.00 provisional=ACTIVE final=PENDING
UPDATE LAUSDT         CONTINUATION  state=DIRECTION_EMERGING   det=3   v74= 9.84 rank=4 shadow= 0.00 provisional=ACTIVE final=PENDING
NEW    OPUSDT         CONTINUATION  state=DIRECTION_EMERGING   det=1   v74=10.41 rank=4 shadow= 0.00 provisional=ACTIVE final=PENDING
UPDATE VVVUSDT        CONTINUATION  state=EXPANSION            det=2   v74= 9.70 rank=6 shadow= 0.00 provisional=GOOD_DETECTION final=PENDING
UPDATE LITUSDT        CONTINUATION  state=DIRECTION_EMERGING   det=2   v74=11.64 rank=2 shadow= 0.00 provisional=ACTIVE final=PENDING
NEW    BTWUSDT        REVERSAL      state=PRE_MOVE_DETECTED    det=1   v74=13.38 rank=1 shadow= 1.84 provisional=ACTIVE final=PENDING
UPDATE ZROUSDT        REVERSAL      state=PRE_MOVE_DETECTED    det=3   v74=10.07 rank=1 shadow= 8.51 provisional=ACTIVE final=PENDING

Supabase lifecycle rows upserted: 211
Supabase lifecycle row count: 211

====================================================================================================
V7.5 LIFECYCLE SUMMARY
====================================================================================================
Episodes stored: 211
Created this run: 2
Updated this run: 5
Active episodes: 211

STATE COUNTS
DIRECTION_EMERGING       18
EXPANSION                1
FINALIZED                139
PRE_MOVE_DETECTED        53

State file: /home/runner/work/Alpha-Hunter/Alpha-Hunter/data/v75-lifecycle-episodes.json
History file: /home/runner/work/Alpha-Hunter/Alpha-Hunter/data/v75-lifecycle-history.jsonl

V7.5 LIFECYCLE JOB: PASS
