
==============================================================================================================================
ALPHA HUNTER V7.9 MISSED-MOVER RECALL AUDITOR — SHADOW
==============================================================================================================================
Universe ledger rows loaded: 18174
Symbols with ledger history: 759
Audit rows: 468
Supabase rows upserted: 468

SYMBOL               MOVE    THR              QUAL         STAGE  REASON
------------------------------------------------------------------------------------------------------------------------------
ACEUSDT           +36.73%     5%FORWARD_24H_COMPLETE     DIRECTION  CONFIRMED_DIRECTION_UNAVAILABLE
ACEUSDT           +36.73%    10%FORWARD_24H_COMPLETE     DIRECTION  CONFIRMED_DIRECTION_UNAVAILABLE
ACEUSDT           +36.73%    20%FORWARD_24H_COMPLETE     DIRECTION  CONFIRMED_DIRECTION_UNAVAILABLE
ONGUSDT           +35.84%     5%FORWARD_24H_COMPLETE     EXECUTION  RR_BELOW_5_AT_CONFIRMATION
ONGUSDT           +35.84%    10%FORWARD_24H_COMPLETE     SELECTION  ELIGIBLE_NOT_DEEP_SCANNED
ONGUSDT           +35.84%    20%FORWARD_24H_COMPLETE     DIRECTION  CONFIRMED_DIRECTION_UNAVAILABLE
BOMEUSDT          +31.41%     5%FORWARD_24H_COMPLETE     DIRECTION  WRONG_DIRECTION
BOMEUSDT          +31.41%    10%FORWARD_24H_COMPLETE     DIRECTION  WRONG_DIRECTION
BOMEUSDT          +31.41%    20%FORWARD_24H_COMPLETE     DIRECTION  WRONG_DIRECTION
PEOPLEUSDT        +30.15%     5%FORWARD_24H_COMPLETE     SELECTION  ELIGIBLE_NOT_DEEP_SCANNED
PEOPLEUSDT        +30.15%    10%FORWARD_24H_COMPLETE     SELECTION  ELIGIBLE_NOT_DEEP_SCANNED
PEOPLEUSDT        +30.15%    20%FORWARD_24H_COMPLETE     SELECTION  ELIGIBLE_NOT_DEEP_SCANNED
NEIROCTOUSDT      +29.38%     5%FORWARD_24H_COMPLETE     SELECTION  ELIGIBLE_NOT_DEEP_SCANNED
NEIROCTOUSDT      +29.38%    10%FORWARD_24H_COMPLETE     SELECTION  ELIGIBLE_NOT_DEEP_SCANNED
NEIROCTOUSDT      +29.38%    20%FORWARD_24H_COMPLETE     DISCOVERY  SELECTED_WITHOUT_LIFECYCLE_EPISODE
XRPUSDT           +26.43%     5%FORWARD_24H_COMPLETE     DISCOVERY  SELECTED_WITHOUT_LIFECYCLE_EPISODE
XRPUSDT           +26.43%    10%FORWARD_24H_COMPLETE     DISCOVERY  SELECTED_WITHOUT_LIFECYCLE_EPISODE
XRPUSDT           +26.43%    20%FORWARD_24H_COMPLETE     DISCOVERY  SELECTED_WITHOUT_LIFECYCLE_EPISODE
MAGMAUSDT         +21.60%     5%FORWARD_24H_COMPLETE     DISCOVERY  SELECTED_WITHOUT_LIFECYCLE_EPISODE
MAGMAUSDT         +21.60%    10%FORWARD_24H_COMPLETE     SELECTION  ELIGIBLE_NOT_DEEP_SCANNED
MAGMAUSDT         +21.60%    20%FORWARD_24H_COMPLETE     SELECTION  ELIGIBLE_NOT_DEEP_SCANNED
ORDIUSDT          +21.48%     5%FORWARD_24H_COMPLETE     SELECTION  ELIGIBLE_NOT_DEEP_SCANNED
ORDIUSDT          +21.48%    10%FORWARD_24H_COMPLETE     SELECTION  ELIGIBLE_NOT_DEEP_SCANNED
ORDIUSDT          +21.48%    20%FORWARD_24H_COMPLETE     SELECTION  ELIGIBLE_NOT_DEEP_SCANNED
METUSDT           +21.05%     5%FORWARD_24H_COMPLETE     DISCOVERY  SELECTED_WITHOUT_LIFECYCLE_EPISODE
METUSDT           +21.05%    10%FORWARD_24H_COMPLETE     SELECTION  ELIGIBLE_NOT_DEEP_SCANNED
METUSDT           +21.05%    20%FORWARD_24H_COMPLETE     SELECTION  ELIGIBLE_NOT_DEEP_SCANNED
MOODENGUSDT       +20.72%     5%FORWARD_24H_COMPLETE     SELECTION  ELIGIBLE_NOT_DEEP_SCANNED
MOODENGUSDT       +20.72%    10%FORWARD_24H_COMPLETE     SELECTION  ELIGIBLE_NOT_DEEP_SCANNED
MOODENGUSDT       +20.72%    20%FORWARD_24H_COMPLETE     DISCOVERY  SELECTED_WITHOUT_LIFECYCLE_EPISODE
ENAUSDT           +20.06%     5%FORWARD_24H_COMPLETE     DISCOVERY  SELECTED_WITHOUT_LIFECYCLE_EPISODE
ENAUSDT           +20.06%    10%FORWARD_24H_COMPLETE     SELECTION  ELIGIBLE_NOT_DEEP_SCANNED
ENAUSDT           +20.06%    20%FORWARD_24H_COMPLETE     DISCOVERY  SELECTED_WITHOUT_LIFECYCLE_EPISODE
PEPEUSDT          +19.43%     5%FORWARD_24H_COMPLETE     SELECTION  ELIGIBLE_NOT_DEEP_SCANNED
PEPEUSDT          +19.43%    10%FORWARD_24H_COMPLETE     SELECTION  ELIGIBLE_NOT_DEEP_SCANNED
SKYAIUSDT         +19.35%     5%FORWARD_24H_COMPLETE     DIRECTION  NO_DIRECTION_STATE
SKYAIUSDT         +19.35%    10%FORWARD_24H_COMPLETE     DIRECTION  NO_DIRECTION_STATE
SCRTUSDT          -19.29%     5%FORWARD_24H_COMPLETE     DISCOVERY  SELECTED_WITHOUT_LIFECYCLE_EPISODE
SCRTUSDT          -19.29%    10%FORWARD_24H_COMPLETE     PREFILTER  NOT_ELIGIBLE_BEFORE_EXPANSION
HYPEUSDT          +18.76%     5%FORWARD_24H_COMPLETE     DIRECTION  CONFIRMED_DIRECTION_UNAVAILABLE

Forward 24H complete audits: 464
Partial-history audits: 4

IMPORTANT: PARTIAL_HISTORY rows are evidence collection only.
Do not tune Alpha Hunter from partial-history failure labels.
No trade permission was generated.

V7.9 MISSED-MOVER RECALL AUDITOR: PASS
