
ALPHA HUNTER V7.1 — 2026-08-20T20:32:50.170196+00:00

Universe: 30 deep-scanned of 759 contracts
Eligible after prefilter: 373
Non-crypto rejected: 294

SYMBOL                  PHASE    TIME   BEHAV                     STATE      RR   DISC  TRADE
---------------------------------------------------------------------------------------------
TRIAUSDT          COMPRESSION   EARLY    4.93  DIRECTION_EMERGING_SHORT    0.02     NO     NO
TREEUSDT         ACCUMULATION    FAIR    4.88                WATCH_LONG       —     NO     NO
LISTAUSDT        ACCUMULATION    FAIR    4.79                WATCH_LONG       —     NO     NO
QTUMUSDT             IGNITION    FAIR    4.76   DIRECTION_EMERGING_LONG    0.05     NO     NO
SPXUSDT          ACCUMULATION    FAIR    4.76                WATCH_LONG       —     NO     NO
GASUSDT        DISTRIBUTION_RISK    FAIR    4.67   DIRECTION_EMERGING_LONG    0.02     NO     NO
WLDUSDT           COMPRESSION    FAIR    4.67                WATCH_LONG       —     NO     NO
SIRENUSDT        ACCUMULATION    FAIR    4.59   DIRECTION_EMERGING_LONG    0.07     NO     NO
WLFIUSDT         ACCUMULATION   EARLY    4.51                WATCH_LONG       —     NO     NO
ZECUSDT           COMPRESSION    FAIR    4.44                WATCH_LONG       —     NO     NO
SOLUSDT          ACCUMULATION   EARLY    4.37                WATCH_LONG       —     NO     NO
BTCUSDT          ACCUMULATION   EARLY    4.32   DIRECTION_EMERGING_LONG    0.01     NO     NO
WIFUSDT          ACCUMULATION    FAIR    4.24   DIRECTION_EMERGING_LONG    0.12     NO     NO
HYPEUSDT         ACCUMULATION    LATE    4.23                WATCH_LONG       —     NO     NO
BRETTUSDT        ACCUMULATION    LATE    4.09   DIRECTION_EMERGING_LONG    0.20     NO     NO
ETHUSDT          ACCUMULATION    FAIR    4.09                   NEUTRAL       —     NO     NO
CYSUSDT          ACCUMULATION   EARLY    4.02                   NEUTRAL       —     NO     NO
MONUSDT          ACCUMULATION    FAIR    3.87                   NEUTRAL       —     NO     NO
XRPUSDT          ACCUMULATION    FAIR    3.78                   NEUTRAL       —     NO     NO
EDGEUSDT             RECOVERY    LATE    3.69                WATCH_LONG       —     NO     NO
LDOUSDT           COMPRESSION   EARLY    3.66                   NEUTRAL       —     NO     NO
ONDOUSDT          COMPRESSION   EARLY    3.64                   NEUTRAL       —     NO     NO
XMRUSDT          ACCUMULATION   EARLY    3.48               WATCH_SHORT       —     NO     NO
LITUSDT           COMPRESSION    FAIR    3.39                   NEUTRAL       —     NO     NO
LABUSDT           COMPRESSION   EARLY    3.37                   NEUTRAL       —     NO     NO
JTOUSDT          ACCUMULATION   EARLY    3.33                   NEUTRAL       —     NO     NO
STXUSDT          ACCUMULATION    FAIR    3.27                   NEUTRAL       —     NO     NO
NEARUSDT          COMPRESSION   EARLY    3.01                   NEUTRAL       —     NO     NO
TRXUSDT          ACCUMULATION   EARLY    2.66   DIRECTION_EMERGING_LONG    0.08     NO     NO
KAITOUSDT        ACCUMULATION   EARLY    2.28                   NEUTRAL       —     NO     NO

V7.4 PRE-MOVE SURVEILLANCE
Eligible: 8 | Primary: 5 | Reserve: 3

PRIMARY
 1 TREEUSDT       REVERSAL       14.00 state=WATCH_LONG
 2 NEARUSDT       REVERSAL       10.31 state=NEUTRAL
 3 LITUSDT        REVERSAL       10.18 state=NEUTRAL
 4 WLDUSDT        CONTINUATION   10.00 state=WATCH_LONG
 5 LDOUSDT        CONTINUATION   10.00 state=NEUTRAL

RESERVE
 6 ONDOUSDT       CONTINUATION    9.88 state=NEUTRAL
 7 XMRUSDT        REVERSAL        9.72 state=WATCH_SHORT
 8 WLFIUSDT       REVERSAL        9.55 state=WATCH_LONG

Run ID: d1fe64c3ab11dedff4674c05d8ba576d
Snapshot saved: /home/runner/work/Alpha-Hunter/Alpha-Hunter/data/snapshots/snapshot-20260820T203250Z.json
State history: /home/runner/work/Alpha-Hunter/Alpha-Hunter/data/state-history.jsonl
Supabase: SAVED
Qualified discovery candidates: 0
EARLY candidates: 0
V7 Trade Ready: 0
Bitget private API: NOT_CONFIGURED
