V7.4 HOURLY PERFORMANCE TRACKER
Run ID: d1fe64c3ab11dedff4674c05d8ba576d

V7.4.1 SHADOW REVERSAL
 SH SYMBOL           V74     OLD   SHADOW
--------------------------------------------------
  1 XMRUSDT            7    9.72    10.47
  2 LITUSDT            3   10.18     7.77
  3 TREEUSDT           1   14.00     7.40
  4 WLFIUSDT           8    9.55     5.71
  5 NEARUSDT           2   10.31     3.28
PERFORMANCE SIGNALS SAVED: 30
FEATURE ROWS SAVED: 30
V7.4 OUTCOMES 1H: saved=33 failed=0
V7.4 OUTCOMES 4H: saved=30 failed=0
V7.4 OUTCOMES 12H: saved=19 failed=0
V7.4 OUTCOMES 24H: saved=16 failed=0
OUTCOME EVALUATION COMPLETE: saved=98 failed=0

==========================================================================================
V7.4 CURRENT SURVEILLANCE COHORT
==========================================================================================
RANK SYMBOL         TIER      PATH            SCORE STATE
------------------------------------------------------------------------------------------
   1 TREEUSDT       PRIMARY   REVERSAL        14.00 WATCH_LONG
   2 NEARUSDT       PRIMARY   REVERSAL        10.31 NEUTRAL
   3 LITUSDT        PRIMARY   REVERSAL        10.18 NEUTRAL
   4 WLDUSDT        PRIMARY   CONTINUATION    10.00 WATCH_LONG
   5 LDOUSDT        PRIMARY   CONTINUATION    10.00 NEUTRAL
   6 ONDOUSDT       RESERVE   CONTINUATION     9.88 NEUTRAL
   7 XMRUSDT        RESERVE   REVERSAL         9.72 WATCH_SHORT
   8 WLFIUSDT       RESERVE   REVERSAL         9.55 WATCH_LONG

================================================================================================================================
V7.4 FORWARD PERFORMANCE — RAW PRICE EXPANSION
================================================================================================================================

PRIMARY / RESERVE + PATH
  H TIER      PATH              N    POS%   AVG RAW   AVG ABS    EXP3%    EXP5%   EXP10%    UP5%    DN5%
--------------------------------------------------------------------------------------------------------------------------------
  1 PRIMARY   CONTINUATION     45   51.1%   -0.213%    1.722%    20.0%     2.2%     0.0%    0.0%    2.2%
  1 PRIMARY   REVERSAL         86   61.6%    1.177%    2.411%    16.3%    10.5%     2.3%    5.8%    4.7%
  1 RESERVE   CONTINUATION     13   46.2%    0.124%    1.802%    15.4%     0.0%     0.0%    0.0%    0.0%
  1 RESERVE   REVERSAL          7   85.7%    0.623%    1.110%     0.0%     0.0%     0.0%    0.0%    0.0%
  4 PRIMARY   CONTINUATION     31   51.6%    0.771%    2.951%    35.5%     6.5%     3.2%    6.5%    0.0%
  4 PRIMARY   REVERSAL         74   60.8%    1.740%    4.352%    31.1%    18.9%     9.5%   10.8%    8.1%
  4 RESERVE   CONTINUATION      8   37.5%   -0.257%    1.883%    25.0%     0.0%     0.0%    0.0%    0.0%
  4 RESERVE   REVERSAL          5   80.0%    0.443%    0.895%     0.0%     0.0%     0.0%    0.0%    0.0%
 12 PRIMARY   CONTINUATION      8   87.5%   39.733%   39.797%    62.5%    62.5%    62.5%   62.5%    0.0%
 12 PRIMARY   REVERSAL         41   48.8%    2.280%    5.311%    48.8%    22.0%    19.5%   14.6%    7.3%
 12 RESERVE   CONTINUATION      3   66.7%    3.344%    3.668%    33.3%    33.3%     0.0%   33.3%    0.0%
 12 RESERVE   REVERSAL          2   50.0%    1.734%    2.179%    50.0%     0.0%     0.0%    0.0%    0.0%

RANK QUALITY
  H RANK BUCKET         N    POS%   AVG RAW   AVG ABS    EXP3%    EXP5%   EXP10%    UP5%    DN5%
----------------------------------------------------------------------------------------------------------------
  1 TOP_1_3            89   56.2%    0.867%    2.488%    19.1%    10.1%     2.2%    4.5%    5.6%
  1 TOP_4_5            42   61.9%    0.344%    1.510%    14.3%     2.4%     0.0%    2.4%    0.0%
  1 RESERVE_6_10       20   60.0%    0.299%    1.560%    10.0%     0.0%     0.0%    0.0%    0.0%
  4 TOP_1_3            72   54.2%    1.489%    4.510%    33.3%    19.4%     9.7%   11.1%    8.3%
  4 TOP_4_5            33   66.7%    1.378%    2.691%    30.3%     6.1%     3.0%    6.1%    0.0%
  4 RESERVE_6_10       13   53.8%    0.012%    1.503%    15.4%     0.0%     0.0%    0.0%    0.0%
 12 TOP_1_3            36   52.8%    8.402%   11.165%    47.2%    27.8%    25.0%   19.4%    8.3%
 12 TOP_4_5            13   61.5%    8.374%   10.321%    61.5%    30.8%    30.8%   30.8%    0.0%
 12 RESERVE_6_10        5   60.0%    2.700%    3.073%    40.0%    20.0%     0.0%   20.0%    0.0%

Metric definitions:
AVG RAW = average raw market return from detection price.
AVG ABS = average absolute price movement regardless of direction.
EXP3/5/10 = percentage of candidates moving at least 3% / 5% / 10% in either direction.
UP5 = raw upside move >= +5%; DN5 = raw downside move <= -5%.
No V7.4 trade-direction assumption is used in these metrics.

V7.4 TRACKING JOB: PASS
