V7.5 state restored from Supabase: 211

ALPHA HUNTER V7.5 OPPORTUNITY LIFECYCLE
Run ID: d1fe64c3ab11dedff4674c05d8ba576d
Timestamp: 2026-08-20T20:32:50.170196+00:00
Lifecycle candidates: 8

NEW    TREEUSDT       REVERSAL      state=PRE_MOVE_DETECTED    det=1   v74=14.00 rank=1 shadow= 7.40 provisional=ACTIVE final=PENDING
NEW    WLDUSDT        CONTINUATION  state=PRE_MOVE_DETECTED    det=1   v74=10.00 rank=4 shadow= 0.00 provisional=ACTIVE final=PENDING
NEW    WLFIUSDT       REVERSAL      state=PRE_MOVE_DETECTED    det=1   v74= 9.55 rank=8 shadow= 5.71 provisional=ACTIVE final=PENDING
NEW    LDOUSDT        CONTINUATION  state=PRE_MOVE_DETECTED    det=1   v74=10.00 rank=5 shadow= 0.00 provisional=ACTIVE final=PENDING
UPDATE ONDOUSDT       CONTINUATION  state=DIRECTION_EMERGING   det=3   v74= 9.89 rank=4 shadow= 0.00 provisional=ACTIVE final=PENDING
NEW    XMRUSDT        REVERSAL      state=PRE_MOVE_DETECTED    det=1   v74= 9.72 rank=7 shadow=10.47 provisional=ACTIVE final=PENDING
NEW    LITUSDT        REVERSAL      state=PRE_MOVE_DETECTED    det=1   v74=10.18 rank=3 shadow= 7.77 provisional=ACTIVE final=PENDING
NEW    NEARUSDT       REVERSAL      state=PRE_MOVE_DETECTED    det=1   v74=10.31 rank=2 shadow= 3.28 provisional=ACTIVE final=PENDING

Supabase lifecycle rows upserted: 218
Supabase lifecycle row count: 218

====================================================================================================
V7.5 LIFECYCLE SUMMARY
====================================================================================================
Episodes stored: 218
Created this run: 7
Updated this run: 1
Active episodes: 218

STATE COUNTS
DIRECTION_EMERGING       17
EXPANSION                1
FINALIZED                141
PRE_MOVE_DETECTED        59

State file: /home/runner/work/Alpha-Hunter/Alpha-Hunter/data/v75-lifecycle-episodes.json
History file: /home/runner/work/Alpha-Hunter/Alpha-Hunter/data/v75-lifecycle-history.jsonl

V7.5 LIFECYCLE JOB: PASS
