
==============================================================================================================
ALPHA HUNTER V7.5 INDEPENDENT EPISODE MARKET TRACKER
==============================================================================================================
Episodes stored: 218
Active episodes: 77

ADAUSDT        REVERSAL      now=   -0.35% UP=    1.97% DOWN=  -12.70% 3=Y 5=Y 10=Y checks=46
DOGEUSDT       CONTINUATION  now=   13.32% UP=   18.08% DOWN=   -2.32% 3=Y 5=Y 10=Y checks=46
SKYAIUSDT      REVERSAL      now=  -28.68% UP=    0.00% DOWN=  -48.62% 3=Y 5=Y 10=Y checks=46
SOLUSDT        CONTINUATION  now=   13.46% UP=   13.77% DOWN=   -4.13% 3=Y 5=Y 10=Y checks=46
SUIUSDT        CONTINUATION  now=    3.80% UP=    7.34% DOWN=   -7.26% 3=Y 5=Y 10=- checks=46
COOKIEUSDT     CONTINUATION  now=  -11.50% UP=    0.00% DOWN=  -18.26% 3=Y 5=Y 10=Y checks=46
BTWUSDT        CONTINUATION  now=  106.08% UP=  107.11% DOWN=    0.00% 3=Y 5=Y 10=Y checks=46
CYSUSDT        CONTINUATION  now=  -44.97% UP=   78.38% DOWN=  -50.85% 3=Y 5=Y 10=Y checks=46
GWEIUSDT       REVERSAL      now=    2.62% UP=   17.67% DOWN=   -2.98% 3=Y 5=Y 10=Y checks=46
BICOUSDT       REVERSAL      now=  -61.53% UP=    0.00% DOWN=  -62.32% 3=Y 5=Y 10=Y checks=46
SUIUSDT        CONTINUATION  now=    5.05% UP=    8.62% DOWN=   -6.16% 3=Y 5=Y 10=- checks=46
MMTUSDT        REVERSAL      now=  -14.25% UP=    0.00% DOWN=  -17.89% 3=Y 5=Y 10=Y checks=46
IOTXUSDT       REVERSAL      now=   -2.57% UP=    0.00% DOWN=  -11.34% 3=Y 5=Y 10=Y checks=46
FORMUSDT       REVERSAL      now=   11.47% UP=   11.98% DOWN=   -7.88% 3=Y 5=Y 10=Y checks=46
JTOUSDT        REVERSAL      now=    2.30% UP=    8.18% DOWN=   -0.43% 3=Y 5=Y 10=- checks=46
4USDT          REVERSAL      now=  -13.50% UP=    0.00% DOWN=  -22.21% 3=Y 5=Y 10=Y checks=46
MUBARAKUSDT    REVERSAL      now=   -5.36% UP=    0.20% DOWN=  -24.10% 3=Y 5=Y 10=Y checks=46
PUMPUSDT       REVERSAL      now=   30.66% UP=   33.63% DOWN=   -5.65% 3=Y 5=Y 10=Y checks=46
HYPEUSDT       REVERSAL      now=   30.39% UP=   32.30% DOWN=   -0.62% 3=Y 5=Y 10=Y checks=46
ACUUSDT        REVERSAL      now=    5.64% UP=   16.62% DOWN=   -4.40% 3=Y 5=Y 10=Y checks=46
BTWUSDT        CONTINUATION  now=   38.19% UP=   38.89% DOWN=  -10.16% 3=Y 5=Y 10=Y checks=46
AEONUSDT       CONTINUATION  now=   -1.73% UP=   28.99% DOWN=   -6.91% 3=Y 5=Y 10=Y checks=46
ZECUSDT        REVERSAL      now=   14.42% UP=   18.15% DOWN=   -0.72% 3=Y 5=Y 10=Y checks=21
HYPEUSDT       REVERSAL      now=   24.98% UP=   26.78% DOWN=   -1.10% 3=Y 5=Y 10=Y checks=21
OUSDT          CONTINUATION  now=   -0.27% UP=    3.69% DOWN=   -6.18% 3=Y 5=Y 10=- checks=21
LINKUSDT       CONTINUATION  now=   12.05% UP=   14.63% DOWN=    0.00% 3=Y 5=Y 10=Y checks=21
1000RATSUSDT   REVERSAL      now=    4.23% UP=    9.83% DOWN=   -4.96% 3=Y 5=Y 10=- checks=16
SOLUSDT        CONTINUATION  now=   13.01% UP=   13.63% DOWN=   -0.19% 3=Y 5=Y 10=Y checks=16
REDUSDT        REVERSAL      now=   19.52% UP=   35.87% DOWN=   -1.25% 3=Y 5=Y 10=Y checks=16
AEONUSDT       REVERSAL      now=  -12.44% UP=    5.43% DOWN=  -13.04% 3=Y 5=Y 10=Y checks=16
BTCUSDT        CONTINUATION  now=   13.05% UP=   13.05% DOWN=   -0.08% 3=Y 5=Y 10=Y checks=16
ETHUSDT        CONTINUATION  now=   21.23% UP=   22.81% DOWN=   -0.01% 3=Y 5=Y 10=Y checks=16
ACEUSDT        REVERSAL      now=   26.04% UP=   50.31% DOWN=   -6.91% 3=Y 5=Y 10=Y checks=11
LAUSDT         CONTINUATION  now=    2.60% UP=    3.76% DOWN=   -2.33% 3=Y 5=- 10=- checks=11
CAPUSDT        REVERSAL      now=   -6.40% UP=    2.43% DOWN=   -8.54% 3=Y 5=Y 10=- checks=11
POLUSDT        CONTINUATION  now=   -0.21% UP=    1.54% DOWN=   -3.43% 3=Y 5=- 10=- checks=10
OPNUSDT        REVERSAL      now=    1.62% UP=    3.44% DOWN=   -2.15% 3=Y 5=- 10=- checks=10
LAUSDT         REVERSAL      now=    2.62% UP=    3.78% DOWN=   -2.32% 3=Y 5=- 10=- checks=10
PUMPUSDT       CONTINUATION  now=   20.24% UP=   23.03% DOWN=   -0.32% 3=Y 5=Y 10=Y checks=10
ONGUSDT        CONTINUATION  now=   76.91% UP=   88.35% DOWN=   -4.60% 3=Y 5=Y 10=Y checks=9
TRXUSDT        REVERSAL      now=    2.25% UP=    2.34% DOWN=    0.00% 3=- 5=- 10=- checks=9
XMRUSDT        REVERSAL      now=   -0.45% UP=    2.93% DOWN=   -1.41% 3=- 5=- 10=- checks=8
VVVUSDT        REVERSAL      now=    3.94% UP=    6.34% DOWN=   -0.75% 3=Y 5=Y 10=- checks=8
AEONUSDT       REVERSAL      now=  -13.22% UP=    0.20% DOWN=  -13.81% 3=Y 5=Y 10=Y checks=8
LAUSDT         REVERSAL      now=    4.81% UP=    5.99% DOWN=    0.00% 3=Y 5=Y 10=- checks=8
CAPUSDT        REVERSAL      now=   -4.19% UP=    4.34% DOWN=   -6.39% 3=Y 5=Y 10=- checks=8
1000RATSUSDT   CONTINUATION  now=   -2.64% UP=    2.60% DOWN=   -5.06% 3=Y 5=Y 10=- checks=7
WLFIUSDT       REVERSAL      now=    0.87% UP=    2.25% DOWN=   -1.03% 3=- 5=- 10=- checks=7
ONGUSDT        REVERSAL      now=   82.02% UP=   94.28% DOWN=   -1.60% 3=Y 5=Y 10=Y checks=7
XMRUSDT        REVERSAL      now=   -1.69% UP=    1.64% DOWN=   -2.64% 3=- 5=- 10=- checks=7
LAUSDT         CONTINUATION  now=    3.89% UP=    5.07% DOWN=   -0.60% 3=Y 5=Y 10=- checks=7
WLDUSDT        CONTINUATION  now=    2.06% UP=    4.59% DOWN=   -1.33% 3=Y 5=- 10=- checks=6
CAPUSDT        REVERSAL      now=   -4.69% UP=    1.66% DOWN=   -6.88% 3=Y 5=Y 10=- checks=6
BRUSDT         CONTINUATION  now=   -1.27% UP=    9.22% DOWN=   -5.87% 3=Y 5=Y 10=- checks=6
VVVUSDT        REVERSAL      now=    3.26% UP=    5.64% DOWN=   -0.08% 3=Y 5=Y 10=- checks=6
MUBARAKUSDT    REVERSAL      now=   -2.58% UP=    3.04% DOWN=   -4.22% 3=Y 5=- 10=- checks=5
TREEUSDT       REVERSAL      now=    2.10% UP=    2.60% DOWN=   -0.25% 3=- 5=- 10=- checks=5
ZROUSDT        CONTINUATION  now=   -1.95% UP=    0.95% DOWN=   -3.38% 3=Y 5=- 10=- checks=5
ACUUSDT        REVERSAL      now=   -5.97% UP=    0.20% DOWN=   -7.79% 3=Y 5=Y 10=- checks=4
1000RATSUSDT   CONTINUATION  now=   -1.99% UP=    0.63% DOWN=   -4.42% 3=Y 5=- 10=- checks=4
LAUSDT         CONTINUATION  now=    2.60% UP=    3.76% DOWN=   -0.09% 3=Y 5=- 10=- checks=4
VVVUSDT        CONTINUATION  now=    0.92% UP=    3.25% DOWN=   -0.89% 3=Y 5=- 10=- checks=4
UNIUSDT        CONTINUATION  now=    1.20% UP=    3.98% DOWN=    0.00% 3=Y 5=- 10=- checks=4
LAUSDT         CONTINUATION  now=    1.88% UP=    3.03% DOWN=    0.00% 3=Y 5=- 10=- checks=4
NEARUSDT       CONTINUATION  now=   -0.90% UP=    1.15% DOWN=   -2.12% 3=- 5=- 10=- checks=4
ZROUSDT        REVERSAL      now=    0.97% UP=    1.22% DOWN=   -0.50% 3=- 5=- 10=- checks=4
LITUSDT        CONTINUATION  now=   -5.39% UP=    0.71% DOWN=   -6.98% 3=Y 5=Y 10=- checks=3
ONDOUSDT       CONTINUATION  now=   -1.74% UP=    1.15% DOWN=   -2.64% 3=- 5=- 10=- checks=3
BTWUSDT        REVERSAL      now=    7.21% UP=    7.28% DOWN=   -1.10% 3=Y 5=Y 10=- checks=2
OPUSDT         CONTINUATION  now=   -1.97% UP=    0.00% DOWN=   -3.53% 3=Y 5=- 10=- checks=2
TREEUSDT       REVERSAL      now=   -0.06% UP=    0.00% DOWN=   -0.06% 3=- 5=- 10=- checks=1
WLDUSDT        CONTINUATION  now=    0.14% UP=    0.14% DOWN=    0.00% 3=- 5=- 10=- checks=1
WLFIUSDT       REVERSAL      now=   -0.23% UP=    0.02% DOWN=   -0.26% 3=- 5=- 10=- checks=1
LDOUSDT        CONTINUATION  now=   -0.06% UP=    0.00% DOWN=   -0.06% 3=- 5=- 10=- checks=1
XMRUSDT        REVERSAL      now=    0.10% UP=    0.10% DOWN=    0.00% 3=- 5=- 10=- checks=1
LITUSDT        REVERSAL      now=    0.34% UP=    0.34% DOWN=    0.00% 3=- 5=- 10=- checks=1
NEARUSDT       REVERSAL      now=    0.05% UP=    0.05% DOWN=   -0.02% 3=- 5=- 10=- checks=1

==============================================================================================================
TRACKER SUMMARY
==============================================================================================================
Checked: 77
Failed: 0
Supabase rows upserted: 218
3% episodes: 176
5% episodes: 156
10% episodes: 109

V7.5 EPISODE MARKET TRACKER: PASS
