
======================================================================================================================
ALPHA HUNTER V7.6 POST-CONFIRMATION OUTCOME TRACKER — SHADOW
======================================================================================================================
Confirmed outcome rows: 167
Created this run: 0

REDUSDT        LONG   quality=FORWARD_COMPLETE now=   8.78% MFE=  23.66% MAE=  -1.55% lost=Y done=-
REDUSDT        LONG   quality=FORWARD_COMPLETE now=   8.78% MFE=  23.66% MAE=  -1.55% lost=- done=-
ACUUSDT        LONG   quality=FORWARD_COMPLETE now= -16.78% MFE=   1.67% MAE= -18.39% lost=Y done=-
ACEUSDT        SHORT  quality=FORWARD_COMPLETE now= -26.67% MFE=   5.59% MAE= -52.45% lost=Y done=-
VVVUSDT        SHORT  quality=FORWARD_COMPLETE now=  -4.09% MFE=   0.60% MAE=  -6.49% lost=Y done=-
CAPUSDT        SHORT  quality=FORWARD_COMPLETE now=   4.94% MFE=   7.08% MAE=  -1.44% lost=- done=-
WLDUSDT        SHORT  quality=FORWARD_COMPLETE now=  -2.95% MFE=   0.36% MAE=  -5.58% lost=Y done=-
CAPUSDT        SHORT  quality=FORWARD_COMPLETE now=   4.94% MFE=   7.08% MAE=  -1.44% lost=- done=-
LAUSDT         LONG   quality=FORWARD_COMPLETE now=   1.23% MFE=   2.37% MAE=  -0.36% lost=- done=-
LAUSDT         LONG   quality=FORWARD_COMPLETE now=   1.23% MFE=   2.37% MAE=  -0.36% lost=- done=-
LAUSDT         LONG   quality=FORWARD_COMPLETE now=   1.23% MFE=   2.37% MAE=  -0.36% lost=- done=-
TREEUSDT       SHORT  quality=FORWARD_COMPLETE now=  -1.10% MFE=   0.20% MAE=  -1.85% lost=Y done=-
MUBARAKUSDT    SHORT  quality=FORWARD_COMPLETE now=   2.18% MFE=   3.73% MAE=  -3.57% lost=Y done=-
PUMPUSDT       LONG   quality=FORWARD_COMPLETE now=  10.05% MFE=  12.27% MAE=  -0.83% lost=- done=-
TRXUSDT        LONG   quality=FORWARD_COMPLETE now=   0.78% MFE=   0.92% MAE=  -0.21% lost=- done=-
AEONUSDT       SHORT  quality=FORWARD_COMPLETE now=   3.73% MFE=   4.63% MAE=  -4.85% lost=Y done=-
ONGUSDT        SHORT  quality=FORWARD_COMPLETE now= -81.58% MFE=   0.18% MAE= -94.51% lost=Y done=-
AEONUSDT       SHORT  quality=FORWARD_COMPLETE now=   3.73% MFE=   4.63% MAE=  -4.85% lost=Y done=-
ONGUSDT        SHORT  quality=FORWARD_COMPLETE now= -81.43% MFE=   0.18% MAE= -94.51% lost=Y done=-
1000RATSUSDT   LONG   quality=FORWARD_COMPLETE now=  -3.83% MFE=   0.79% MAE=  -6.22% lost=Y done=-
VVVUSDT        LONG   quality=FORWARD_COMPLETE now=   0.10% MFE=   1.96% MAE=  -1.70% lost=Y done=-
LAUSDT         LONG   quality=FORWARD_COMPLETE now=   1.23% MFE=   2.37% MAE=  -0.36% lost=- done=-
XMRUSDT        LONG   quality=FORWARD_COMPLETE now=  -3.01% MFE=   0.47% MAE=  -3.77% lost=Y done=-
VVVUSDT        LONG   quality=FORWARD_COMPLETE now=   0.10% MFE=   1.96% MAE=  -1.70% lost=- done=-
LAUSDT         LONG   quality=FORWARD_COMPLETE now=   1.23% MFE=   2.37% MAE=  -0.36% lost=- done=-
VVVUSDT        LONG   quality=FORWARD_COMPLETE now=   0.10% MFE=   1.96% MAE=  -1.70% lost=- done=-
WLFIUSDT       LONG   quality=FORWARD_COMPLETE now=  -0.05% MFE=   1.33% MAE=  -1.92% lost=- done=-
XMRUSDT        LONG   quality=FORWARD_COMPLETE now=  -3.01% MFE=   0.47% MAE=  -3.77% lost=Y done=-
LAUSDT         LONG   quality=FORWARD_COMPLETE now=   1.23% MFE=   2.37% MAE=  -0.36% lost=- done=-
1000RATSUSDT   SHORT  quality=FORWARD_COMPLETE now=  -1.57% MFE=   0.12% MAE=  -2.06% lost=Y done=-
ACUUSDT        SHORT  quality=FORWARD_COMPLETE now=   0.93% MFE=   1.81% MAE=   0.00% lost=- done=-
NEARUSDT       LONG   quality=FORWARD_COMPLETE now=  -1.64% MFE=   0.00% MAE=  -2.78% lost=Y done=-
POLUSDT        LONG   quality=FORWARD_COMPLETE now=  -1.37% MFE=   0.00% MAE=  -4.41% lost=Y done=-
ONDOUSDT       LONG   quality=FORWARD_COMPLETE now=  -2.57% MFE=   0.00% MAE=  -3.40% lost=Y done=-

======================================================================================================================
POST-CONFIRMATION TRACKER SUMMARY
======================================================================================================================
Outcome rows: 167
Created this run: 0
Tracked this run: 34
Failed: 0
Supabase rows upserted: 167
Forward complete: 167
Completed 24H: 133

IMPORTANT: OUTCOME TRACKER IS MEASUREMENT ONLY.
No trade permission was generated.

V7.6 POST-CONFIRMATION OUTCOME TRACKER: PASS
