
ALPHA HUNTER V7.1 — 2026-08-20T01:24:37.524431+00:00

Universe: 30 deep-scanned of 756 contracts
Eligible after prefilter: 349
Non-crypto rejected: 291

SYMBOL                  PHASE    TIME   BEHAV                     STATE      RR   DISC  TRADE
---------------------------------------------------------------------------------------------
REDUSDT          ACCUMULATION    FAIR    5.01   DIRECTION_EMERGING_LONG    0.28    YES     NO
APRUSDT           COMPRESSION   EARLY    4.66  DIRECTION_EMERGING_SHORT    0.35     NO     NO
DOSUSDT           COMPRESSION   EARLY    4.54               WATCH_SHORT       —     NO     NO
VVVUSDT          ACCUMULATION   EARLY    4.34                WATCH_LONG       —     NO     NO
ETHUSDT          ACCUMULATION    FAIR    4.14                   NEUTRAL       —     NO     NO
PUMPUSDT          COMPRESSION   EARLY    4.10                   NEUTRAL       —     NO     NO
HOMEUSDT          COMPRESSION   EARLY    4.06                   NEUTRAL       —     NO     NO
LAUSDT            COMPRESSION   EARLY    4.02                   NEUTRAL       —     NO     NO
INJUSDT          ACCUMULATION    FAIR    3.99   DIRECTION_EMERGING_LONG    0.06     NO     NO
KAITOUSDT         COMPRESSION   EARLY    3.79                   NEUTRAL       —     NO     NO
WLDUSDT          ACCUMULATION    FAIR    3.75                   NEUTRAL       —     NO     NO
SPACEUSDT        ACCUMULATION    FAIR    3.68   DIRECTION_EMERGING_LONG    0.06     NO     NO
HYPEUSDT         ACCUMULATION    FAIR    3.67                   NEUTRAL       —     NO     NO
ZAMAUSDT         ACCUMULATION    FAIR    3.35                WATCH_LONG       —     NO     NO
MELANIAUSDT      ACCUMULATION    FAIR    3.25                WATCH_LONG       —     NO     NO
UNITASUSDT           RECOVERY    FAIR    3.24                WATCH_LONG       —     NO     NO
1000XECUSDT    DISTRIBUTION_RISK    FAIR    3.21   DIRECTION_EMERGING_LONG    0.23     NO     NO
PROMUSDT          COMPRESSION   EARLY    3.03                   NEUTRAL       —     NO     NO
BANKUSDT          COMPRESSION   EARLY    2.92                   NEUTRAL       —     NO     NO
POLUSDT           COMPRESSION   EARLY    2.91                   NEUTRAL       —     NO     NO
USELESSUSDT      ACCUMULATION    FAIR    2.85                   NEUTRAL       —     NO     NO
SOLUSDT          ACCUMULATION    FAIR    2.76                   NEUTRAL       —     NO     NO
BOMEUSDT         ACCUMULATION    FAIR    2.62                   NEUTRAL       —     NO     NO
WLFIUSDT         ACCUMULATION   EARLY    2.54                   NEUTRAL       —     NO     NO
CAPUSDT          ACCUMULATION   EARLY    2.44                   NEUTRAL       —     NO     NO
ENAUSDT          ACCUMULATION    FAIR    2.40                   NEUTRAL       —     NO     NO
LABUSDT          ACCUMULATION   EARLY    2.09                   NEUTRAL       —     NO     NO
BTCUSDT          ACCUMULATION   EARLY    2.08                   NEUTRAL       —     NO     NO
DEXEUSDT         ACCUMULATION   EARLY    2.02                   NEUTRAL       —     NO     NO
BRETTUSDT        ACCUMULATION    FAIR    1.99                   NEUTRAL       —     NO     NO

V7.4 PRE-MOVE SURVEILLANCE
Eligible: 3 | Primary: 3 | Reserve: 0

PRIMARY
 1 LAUSDT         REVERSAL       12.60 state=NEUTRAL
 2 POLUSDT        REVERSAL       11.31 state=NEUTRAL
 3 CAPUSDT        REVERSAL       10.37 state=NEUTRAL

Run ID: 3cd163e1faec6f11a10cf4ba33cb533e
Snapshot saved: /home/runner/work/Alpha-Hunter/Alpha-Hunter/data/snapshots/snapshot-20260820T012437Z.json
State history: /home/runner/work/Alpha-Hunter/Alpha-Hunter/data/state-history.jsonl
Supabase: SAVED
Qualified discovery candidates: 1
EARLY candidates: 0
V7 Trade Ready: 0
Bitget private API: NOT_CONFIGURED
