
======================================================================================================================
ALPHA HUNTER V7.9 FULL-UNIVERSE HOURLY LEDGER — SHADOW
======================================================================================================================
Observed: 2026-08-20T01:24:40.390473+00:00
Hour bucket: 2026-08-20T01:00:00+00:00
Contract tickers: 756
Rows attempted: 756
Deep-scan selected: 30
Selection snapshot: 2026-08-20T01:24:37.524431+00:00
Selection run ID: 3cd163e1faec6f11a10cf4ba33cb533e
Prefilter eligible: 348
Eligible not selected: 318
Non-crypto: 291
Low liquidity: 110
Over-extended: 7
Invalid price skipped: 0
Rows purged >7d: 0

TOP ABSOLUTE 24H MOVERS
SYMBOL                  24H    ELIG    SCAN  STATUS
------------------------------------------------------------------------
BEATUSDT            -37.99%       N       N  OVER_EXTENDED
REUSDT              +37.87%       N       N  OVER_EXTENDED
GPSUSDT             -36.25%       N       N  OVER_EXTENDED
MSTUUSDT            +31.02%       N       N  NON_CRYPTO
PRLUSDT             -29.63%       N       N  OVER_EXTENDED
MAGMAUSDT           +27.15%       N       N  OVER_EXTENDED
TRUMPUSDT           +26.62%       N       N  OVER_EXTENDED
CONLUSDT            +25.89%       N       N  NON_CRYPTO
METUSDT             +25.18%       N       N  OVER_EXTENDED
MVLLUSDT            +23.28%       N       N  NON_CRYPTO
TRIAUSDT            -22.59%       Y       N  ELIGIBLE_NOT_SELECTED
HUSDT               -21.77%       Y       N  ELIGIBLE_NOT_SELECTED
TUTUSDT             -20.88%       Y       N  ELIGIBLE_NOT_SELECTED
RPLUSDT             +19.69%       Y       N  ELIGIBLE_NOT_SELECTED
CYSUSDT             +18.99%       Y       N  ELIGIBLE_NOT_SELECTED

IMPORTANT: V7.9 IS MEASUREMENT/AUDIT ONLY.
Same-hour reruns do not overwrite the first stored universe snapshot.
Raw universe evidence is retained for 7 days.
No trade permission was generated.

V7.9 FULL-UNIVERSE LEDGER: PASS
