
ALPHA HUNTER V7.1 — 2026-08-16T22:08:06.405619+00:00

Universe: 24 deep-scanned of 754 contracts
Eligible after prefilter: 300
Non-crypto rejected: 285

SYMBOL                  PHASE    TIME   BEHAV                     STATE      RR   DISC  TRADE
---------------------------------------------------------------------------------------------
BEATUSDT            EXPANSION    LATE    6.75                   NEUTRAL       —     NO     NO
AIOUSDT             EXPANSION    LATE    6.26                   NEUTRAL       —     NO     NO
PRLUSDT          ACCUMULATION    FAIR    5.70                   NEUTRAL       —    YES     NO
DOLOUSDT         ACCUMULATION    FAIR    4.96                   NEUTRAL       —     NO     NO
CYSUSDT           COMPRESSION    LATE    4.48                   NEUTRAL       —     NO     NO
COWUSDT             BREAKDOWN    FAIR    4.26               WATCH_SHORT       —     NO     NO
TUTUSDT           COMPRESSION   EARLY    4.20                   NEUTRAL       —     NO     NO
LINKUSDT          COMPRESSION   EARLY    4.07               WATCH_SHORT       —     NO     NO
WALUSDT          ACCUMULATION    FAIR    3.98               WATCH_SHORT       —     NO     NO
DOSUSDT             BREAKDOWN    FAIR    3.50  DIRECTION_EMERGING_SHORT    0.04     NO     NO
HUSDT               EXPANSION    LATE    3.25                   NEUTRAL       —     NO     NO
HOMEUSDT         ACCUMULATION    FAIR    3.19                   NEUTRAL       —     NO     NO
SOLUSDT          ACCUMULATION   EARLY    3.16  DIRECTION_EMERGING_SHORT    0.27     NO     NO
REDUSDT          ACCUMULATION    FAIR    3.15                   NEUTRAL       —     NO     NO
SUIUSDT          ACCUMULATION   EARLY    2.95  DIRECTION_EMERGING_SHORT    0.19     NO     NO
ADAUSDT          ACCUMULATION   EARLY    2.87                   NEUTRAL       —     NO     NO
HYPEUSDT          COMPRESSION   EARLY    2.75                   NEUTRAL       —     NO     NO
ETHUSDT          ACCUMULATION   EARLY    2.71  DIRECTION_EMERGING_SHORT    0.25     NO     NO
WLDUSDT          ACCUMULATION   EARLY    2.61                   NEUTRAL       —     NO     NO
BTCUSDT          ACCUMULATION   EARLY    2.52  DIRECTION_EMERGING_SHORT    0.28     NO     NO
DYDXUSDT            BREAKDOWN    FAIR    2.52  DIRECTION_EMERGING_SHORT    0.04     NO     NO
ZECUSDT          ACCUMULATION   EARLY    2.51  DIRECTION_EMERGING_SHORT    0.36     NO     NO
XRPUSDT          ACCUMULATION   EARLY    2.42  DIRECTION_EMERGING_SHORT    0.48     NO     NO
DOGEUSDT         ACCUMULATION   EARLY    2.39  DIRECTION_EMERGING_SHORT    0.59     NO     NO

V7.4 PRE-MOVE SURVEILLANCE
Eligible: 5 | Primary: 5 | Reserve: 0

PRIMARY
 1 REDUSDT        REVERSAL       13.84 state=NEUTRAL
 2 COWUSDT        REVERSAL       12.80 state=WATCH_SHORT
 3 PRLUSDT        CONTINUATION   11.83 state=NEUTRAL
 4 HUSDT          REVERSAL       11.73 state=NEUTRAL
 5 LINKUSDT       REVERSAL       10.05 state=WATCH_SHORT

Run ID: 5f2f1e98dd582528ea18f4039d05c8e4
Snapshot saved: /home/runner/work/Alpha-Hunter/Alpha-Hunter/data/snapshots/snapshot-20260816T220806Z.json
State history: /home/runner/work/Alpha-Hunter/Alpha-Hunter/data/state-history.jsonl
Supabase: SAVED
Qualified discovery candidates: 1
EARLY candidates: 0
V7 Trade Ready: 0
Bitget private API: NOT_CONFIGURED
