V7.4 HOURLY PERFORMANCE TRACKER
Run ID: 5f2f1e98dd582528ea18f4039d05c8e4

V7.4.1 SHADOW REVERSAL
 SH SYMBOL           V74     OLD   SHADOW
--------------------------------------------------
  1 HUSDT              4   11.73    10.92
  2 COWUSDT            2   12.80    10.03
  3 LINKUSDT           5   10.05     9.01
  4 REDUSDT            1   13.84     5.13
PERFORMANCE SIGNALS SAVED: 24
FEATURE ROWS SAVED: 24
V7.4 OUTCOMES 1H: saved=8 failed=0
V7.4 OUTCOMES 4H: saved=5 failed=0
V7.4 OUTCOMES 12H: saved=14 failed=0
V7.4 OUTCOMES 24H: saved=18 failed=0
OUTCOME EVALUATION COMPLETE: saved=45 failed=0

==========================================================================================
V7.4 CURRENT SURVEILLANCE COHORT
==========================================================================================
RANK SYMBOL         TIER      PATH            SCORE STATE
------------------------------------------------------------------------------------------
   1 REDUSDT        PRIMARY   REVERSAL        13.84 NEUTRAL
   2 COWUSDT        PRIMARY   REVERSAL        12.80 WATCH_SHORT
   3 PRLUSDT        PRIMARY   CONTINUATION    11.83 NEUTRAL
   4 HUSDT          PRIMARY   REVERSAL        11.73 NEUTRAL
   5 LINKUSDT       PRIMARY   REVERSAL        10.05 WATCH_SHORT

================================================================================================================================
V7.4 FORWARD PERFORMANCE — RAW PRICE EXPANSION
================================================================================================================================

PRIMARY / RESERVE + PATH
  H TIER      PATH              N    POS%   AVG RAW   AVG ABS    EXP3%    EXP5%   EXP10%    UP5%    DN5%
--------------------------------------------------------------------------------------------------------------------------------
  1 PRIMARY   CONTINUATION     57   47.4%    0.227%    1.415%    15.8%     3.5%     0.0%    1.8%    1.8%
  1 PRIMARY   REVERSAL        112   51.8%    0.524%    1.803%    17.9%     5.4%     1.8%    5.4%    0.0%
  1 RESERVE   CONTINUATION      7   42.9%    0.362%    0.672%     0.0%     0.0%     0.0%    0.0%    0.0%
  1 RESERVE   REVERSAL         15   53.3%   -0.360%    1.476%    20.0%    13.3%     0.0%    0.0%   13.3%
  4 PRIMARY   CONTINUATION     54   50.0%   -0.186%    2.954%    29.6%    24.1%     7.4%   11.1%   13.0%
  4 PRIMARY   REVERSAL         94   54.3%    1.428%    3.540%    29.8%    20.2%     8.5%   14.9%    5.3%
  4 RESERVE   CONTINUATION      7   71.4%   -0.156%    1.629%    28.6%    14.3%     0.0%    0.0%   14.3%
  4 RESERVE   REVERSAL         15   53.3%   -0.012%    2.638%    40.0%    13.3%     6.7%    6.7%    6.7%
 12 PRIMARY   CONTINUATION     20   25.0%   -2.581%    3.336%    45.0%    20.0%     5.0%    5.0%   15.0%
 12 PRIMARY   REVERSAL         50   42.0%    0.726%    6.457%    68.0%    40.0%    30.0%   20.0%   20.0%
 12 RESERVE   CONTINUATION      6   33.3%   -0.741%    1.318%    16.7%     0.0%     0.0%    0.0%    0.0%
 12 RESERVE   REVERSAL          5   80.0%    2.213%    2.444%    60.0%     0.0%     0.0%    0.0%    0.0%

RANK QUALITY
  H RANK BUCKET         N    POS%   AVG RAW   AVG ABS    EXP3%    EXP5%   EXP10%    UP5%    DN5%
----------------------------------------------------------------------------------------------------------------
  1 TOP_1_3           112   50.0%    0.579%    1.983%    21.4%     6.2%     1.8%    5.4%    0.9%
  1 TOP_4_5            57   50.9%    0.118%    1.062%     8.8%     1.8%     0.0%    1.8%    0.0%
  1 RESERVE_6_10       22   50.0%   -0.130%    1.220%    13.6%     9.1%     0.0%    0.0%    9.1%
  4 TOP_1_3            97   52.6%    1.512%    3.933%    36.1%    25.8%    10.3%   18.6%    7.2%
  4 TOP_4_5            51   52.9%   -0.441%    2.172%    17.6%    13.7%     3.9%    3.9%    9.8%
  4 RESERVE_6_10       22   59.1%   -0.058%    2.317%    36.4%    13.6%     4.5%    4.5%    9.1%
 12 TOP_1_3            47   42.6%    0.843%    6.711%    68.1%    42.6%    31.9%   23.4%   19.1%
 12 TOP_4_5            23   26.1%   -2.390%    3.225%    47.8%    17.4%     4.3%    0.0%   17.4%
 12 RESERVE_6_10       11   54.5%    0.602%    1.830%    36.4%     0.0%     0.0%    0.0%    0.0%

Metric definitions:
AVG RAW = average raw market return from detection price.
AVG ABS = average absolute price movement regardless of direction.
EXP3/5/10 = percentage of candidates moving at least 3% / 5% / 10% in either direction.
UP5 = raw upside move >= +5%; DN5 = raw downside move <= -5%.
No V7.4 trade-direction assumption is used in these metrics.

V7.4 TRACKING JOB: PASS
