V7.5 state restored from Supabase: 71

ALPHA HUNTER V7.5 OPPORTUNITY LIFECYCLE
Run ID: 5f2f1e98dd582528ea18f4039d05c8e4
Timestamp: 2026-08-16T22:08:06.405619+00:00
Lifecycle candidates: 5

NEW    PRLUSDT        CONTINUATION  state=PRE_MOVE_DETECTED    det=1   v74=11.83 rank=3 shadow= 0.00 provisional=ACTIVE final=PENDING
UPDATE COWUSDT        REVERSAL      state=EXPANSION            det=16  v74=12.81 rank=1 shadow=11.03 provisional=NON_TRADEABLE_EXPANSION final=PENDING
NEW    LINKUSDT       REVERSAL      state=PRE_MOVE_DETECTED    det=1   v74=10.05 rank=5 shadow= 9.01 provisional=ACTIVE final=PENDING
UPDATE HUSDT          REVERSAL      state=EXPANSION            det=6   v74=12.00 rank=2 shadow= 7.70 provisional=NON_TRADEABLE_EXPANSION final=PENDING
NEW    REDUSDT        REVERSAL      state=PRE_MOVE_DETECTED    det=1   v74=13.84 rank=1 shadow= 5.13 provisional=ACTIVE final=PENDING

Supabase lifecycle rows upserted: 74
Supabase lifecycle row count: 74

====================================================================================================
V7.5 LIFECYCLE SUMMARY
====================================================================================================
Episodes stored: 74
Created this run: 3
Updated this run: 2
Active episodes: 74

STATE COUNTS
DIRECTION_EMERGING       8
EXPANSION                8
FINALIZED                19
PRE_MOVE_DETECTED        39

State file: /home/runner/work/Alpha-Hunter/Alpha-Hunter/data/v75-lifecycle-episodes.json
History file: /home/runner/work/Alpha-Hunter/Alpha-Hunter/data/v75-lifecycle-history.jsonl

V7.5 LIFECYCLE JOB: PASS
