
==============================================================================================================
ALPHA HUNTER V7.5 INDEPENDENT EPISODE MARKET TRACKER
==============================================================================================================
Episodes stored: 74
Active episodes: 55

BTWUSDT        CONTINUATION  now=   82.47% UP=   99.19% DOWN=    0.00% 3=Y 5=Y 10=Y checks=40
CYSUSDT        CONTINUATION  now=  -24.49% UP=   78.38% DOWN=  -37.80% 3=Y 5=Y 10=Y checks=40
COOKIEUSDT     CONTINUATION  now=  -15.00% UP=    0.00% DOWN=  -15.46% 3=Y 5=Y 10=Y checks=40
SUIUSDT        CONTINUATION  now=   -4.59% UP=    0.00% DOWN=   -5.00% 3=Y 5=- 10=- checks=40
SOLUSDT        CONTINUATION  now=   -3.63% UP=    0.00% DOWN=   -4.13% 3=Y 5=- 10=- checks=40
SKYAIUSDT      REVERSAL      now=  -34.14% UP=    0.00% DOWN=  -42.50% 3=Y 5=Y 10=Y checks=40
DOGEUSDT       CONTINUATION  now=   -1.66% UP=    0.00% DOWN=   -2.32% 3=- 5=- 10=- checks=40
ADAUSDT        REVERSAL      now=  -10.82% UP=    0.00% DOWN=  -11.63% 3=Y 5=Y 10=Y checks=40
IOTXUSDT       REVERSAL      now=  -10.04% UP=    0.00% DOWN=  -10.53% 3=Y 5=Y 10=Y checks=40
MMTUSDT        REVERSAL      now=  -12.63% UP=    0.00% DOWN=  -14.50% 3=Y 5=Y 10=Y checks=40
SUIUSDT        CONTINUATION  now=   -3.45% UP=    0.00% DOWN=   -3.86% 3=Y 5=- 10=- checks=40
GWEIUSDT       REVERSAL      now=    3.90% UP=   17.67% DOWN=    0.00% 3=Y 5=Y 10=Y checks=40
BICOUSDT       REVERSAL      now=  -51.54% UP=    0.00% DOWN=  -58.94% 3=Y 5=Y 10=Y checks=40
MUBARAKUSDT    REVERSAL      now=  -16.08% UP=    0.00% DOWN=  -24.10% 3=Y 5=Y 10=Y checks=40
4USDT          REVERSAL      now=  -16.85% UP=    0.00% DOWN=  -22.21% 3=Y 5=Y 10=Y checks=40
JTOUSDT        REVERSAL      now=    4.91% UP=    8.18% DOWN=    0.00% 3=Y 5=Y 10=- checks=40
FORMUSDT       REVERSAL      now=   -6.77% UP=    0.00% DOWN=   -7.88% 3=Y 5=Y 10=- checks=40
PUMPUSDT       REVERSAL      now=   -5.22% UP=    1.20% DOWN=   -5.65% 3=Y 5=Y 10=- checks=40
HYPEUSDT       REVERSAL      now=    1.85% UP=    3.19% DOWN=   -0.62% 3=Y 5=- 10=- checks=40
ACUUSDT        REVERSAL      now=    3.36% UP=   16.62% DOWN=   -4.40% 3=Y 5=Y 10=Y checks=40
BTWUSDT        CONTINUATION  now=   22.30% UP=   33.58% DOWN=  -10.16% 3=Y 5=Y 10=Y checks=40
AEONUSDT       CONTINUATION  now=    2.99% UP=   28.62% DOWN=   -6.91% 3=Y 5=Y 10=Y checks=40
CAPUSDT        REVERSAL      now=    2.30% UP=    8.72% DOWN=   -4.66% 3=Y 5=Y 10=- checks=21
LINKUSDT       CONTINUATION  now=   -1.72% UP=    0.00% DOWN=   -2.60% 3=- 5=- 10=- checks=19
ALICEUSDT      REVERSAL      now=    9.46% UP=   14.23% DOWN=   -0.79% 3=Y 5=Y 10=Y checks=17
NILUSDT        REVERSAL      now=    7.32% UP=   13.44% DOWN=   -0.41% 3=Y 5=Y 10=Y checks=17
LINKUSDT       CONTINUATION  now=    0.18% UP=    1.70% DOWN=   -0.72% 3=- 5=- 10=- checks=17
PUMPUSDT       REVERSAL      now=   -3.45% UP=    0.29% DOWN=   -3.81% 3=Y 5=- 10=- checks=17
BRUSDT         REVERSAL      now=  -10.78% UP=    0.76% DOWN=  -12.39% 3=Y 5=Y 10=Y checks=17
COWUSDT        REVERSAL      now=   -8.12% UP=    3.39% DOWN=   -9.14% 3=Y 5=Y 10=- checks=16
CAPUSDT        CONTINUATION  now=   -3.76% UP=    2.28% DOWN=   -6.11% 3=Y 5=Y 10=- checks=16
WLDUSDT        REVERSAL      now=    1.35% UP=    6.79% DOWN=   -1.61% 3=Y 5=Y 10=- checks=16
HYPEUSDT       REVERSAL      now=    0.62% UP=    1.94% DOWN=   -0.04% 3=- 5=- 10=- checks=16
VELVETUSDT     REVERSAL      now=   16.72% UP=   31.02% DOWN=   -2.20% 3=Y 5=Y 10=Y checks=16
LINKUSDT       REVERSAL      now=    0.29% UP=    1.78% DOWN=   -0.64% 3=- 5=- 10=- checks=15
FOLKSUSDT      REVERSAL      now=   -4.24% UP=    0.93% DOWN=   -4.63% 3=Y 5=- 10=- checks=14
AEONUSDT       CONTINUATION  now=   -9.67% UP=    0.20% DOWN=  -18.55% 3=Y 5=Y 10=Y checks=13
PRLUSDT        CONTINUATION  now=    4.40% UP=   13.09% DOWN=   -0.61% 3=Y 5=Y 10=Y checks=12
WLDUSDT        REVERSAL      now=    2.00% UP=    7.47% DOWN=   -0.98% 3=Y 5=Y 10=- checks=12
AEONUSDT       REVERSAL      now=   -6.81% UP=    3.37% DOWN=  -15.97% 3=Y 5=Y 10=Y checks=11
HYPEUSDT       CONTINUATION  now=   -0.30% UP=    0.99% DOWN=   -0.74% 3=- 5=- 10=- checks=11
WLDUSDT        CONTINUATION  now=    1.56% UP=    7.00% DOWN=   -1.41% 3=Y 5=Y 10=- checks=11
DOLOUSDT       REVERSAL      now=   -0.38% UP=   18.74% DOWN=   -2.50% 3=Y 5=Y 10=Y checks=10
BOMEUSDT       CONTINUATION  now=   -4.87% UP=    0.50% DOWN=   -6.24% 3=Y 5=Y 10=- checks=10
VELVETUSDT     REVERSAL      now=    1.58% UP=    5.57% DOWN=   -5.15% 3=Y 5=Y 10=- checks=9
HUSDT          REVERSAL      now=    6.35% UP=   14.22% DOWN=   -6.24% 3=Y 5=Y 10=Y checks=8
BTWUSDT        CONTINUATION  now=   16.01% UP=   26.34% DOWN=   -0.04% 3=Y 5=Y 10=Y checks=8
WLDUSDT        CONTINUATION  now=    1.00% UP=    6.42% DOWN=    0.00% 3=Y 5=Y 10=- checks=7
AEONUSDT       REVERSAL      now=    2.44% UP=    2.44% DOWN=   -7.78% 3=Y 5=Y 10=- checks=6
ROBOUSDT       REVERSAL      now=   -4.38% UP=    4.11% DOWN=   -5.97% 3=Y 5=Y 10=- checks=4
ONGUSDT        CONTINUATION  now=   -2.70% UP=    0.41% DOWN=   -2.88% 3=- 5=- 10=- checks=2
LINKUSDT       CONTINUATION  now=   -0.65% UP=    0.04% DOWN=   -1.13% 3=- 5=- 10=- checks=2
PRLUSDT        CONTINUATION  now=   -0.08% UP=    0.00% DOWN=   -0.08% 3=- 5=- 10=- checks=1
LINKUSDT       REVERSAL      now=    0.09% UP=    0.09% DOWN=    0.00% 3=- 5=- 10=- checks=1
REDUSDT        REVERSAL      now=    0.00% UP=    0.00% DOWN=    0.00% 3=- 5=- 10=- checks=1

==============================================================================================================
TRACKER SUMMARY
==============================================================================================================
Checked: 55
Failed: 0
Supabase rows upserted: 74
3% episodes: 60
5% episodes: 52
10% episodes: 34

V7.5 EPISODE MARKET TRACKER: PASS
