
======================================================================================================================
ALPHA HUNTER V7.6 DIRECTION-PROOF ENGINE — SHADOW
======================================================================================================================
Eligible forward episodes: 32

SYMBOL         PATH          DIR         CONF   LONG   SHORT       15M        1H
----------------------------------------------------------------------------------------------------------------------
LINKUSDT       CONTINUATION  UNKNOWN     0.0%   0.00    2.00   BEARISH     MIXED
ALICEUSDT      REVERSAL      SHORT      55.0%   2.00    5.00   BEARISH   BULLISH
NILUSDT        REVERSAL      LONG       50.6%   4.50    1.50   BULLISH     MIXED
LINKUSDT       CONTINUATION  UNKNOWN     0.0%   0.00    2.00   BEARISH     MIXED
PUMPUSDT       REVERSAL      SHORT      81.2%   0.00    6.50   BEARISH   BEARISH
BRUSDT         REVERSAL      SHORT      50.0%   0.00    4.00   BEARISH   BEARISH
COWUSDT        REVERSAL      SHORT     100.0%   0.00    8.00   BEARISH   BEARISH
CAPUSDT        CONTINUATION  UNKNOWN     0.0%   1.00    3.50     MIXED   BEARISH
WLDUSDT        REVERSAL      SHORT      75.0%   0.00    6.00   BEARISH     MIXED
HYPEUSDT       REVERSAL      UNKNOWN     0.0%   0.00    3.50   BEARISH     MIXED
VELVETUSDT     REVERSAL      LONG       56.2%   4.50    0.00     MIXED   BULLISH
LINKUSDT       REVERSAL      UNKNOWN     0.0%   0.00    2.00   BEARISH     MIXED
FOLKSUSDT      REVERSAL      SHORT      68.8%   0.00    5.50   BEARISH   BEARISH
AEONUSDT       CONTINUATION  LONG       75.0%   6.00    0.00   BULLISH     MIXED
PRLUSDT        CONTINUATION  UNKNOWN     0.0%   0.00    3.50   BEARISH     MIXED
WLDUSDT        REVERSAL      SHORT      75.0%   0.00    6.00   BEARISH     MIXED
AEONUSDT       REVERSAL      LONG       75.0%   6.00    0.00   BULLISH     MIXED
HYPEUSDT       CONTINUATION  UNKNOWN     0.0%   0.00    3.50   BEARISH     MIXED
WLDUSDT        CONTINUATION  SHORT      75.0%   0.00    6.00   BEARISH     MIXED
DOLOUSDT       REVERSAL      SHORT      75.0%   0.00    6.00   BEARISH     MIXED
BOMEUSDT       CONTINUATION  SHORT      87.5%   0.00    7.00   BEARISH   BEARISH
VELVETUSDT     REVERSAL      LONG       56.2%   4.50    0.00     MIXED   BULLISH
HUSDT          REVERSAL      SHORT      52.5%   1.00    4.50     MIXED   BEARISH
BTWUSDT        CONTINUATION  UNKNOWN     0.0%   3.50    1.00     MIXED   BULLISH
WLDUSDT        CONTINUATION  SHORT      75.0%   0.00    6.00   BEARISH     MIXED
AEONUSDT       REVERSAL      LONG       75.0%   6.00    0.00   BULLISH     MIXED
ROBOUSDT       REVERSAL      SHORT      75.0%   0.00    6.00   BEARISH     MIXED
ONGUSDT        CONTINUATION  UNKNOWN     0.0%   3.50    2.00     MIXED   BULLISH
LINKUSDT       CONTINUATION  UNKNOWN     0.0%   0.00    2.00   BEARISH     MIXED
PRLUSDT        CONTINUATION  UNKNOWN     0.0%   0.00    3.50   BEARISH     MIXED
LINKUSDT       REVERSAL      UNKNOWN     0.0%   0.00    2.00   BEARISH     MIXED
REDUSDT        REVERSAL      UNKNOWN     0.0%   0.00    3.50     MIXED   BEARISH

======================================================================================================================
V7.6 SHADOW SUMMARY
======================================================================================================================
Evaluated: 32
LONG: 6
SHORT: 13
UNKNOWN: 13
Failures: 0
Supabase shadow rows saved: 32
Direction state rows saved: 32
Immutable transition rows saved: 32
Transition run ID: cloud5d-20260816T220727Z
Direction emerging: 10
Direction confirmed: 8
Lost confirmation: 3

IMPORTANT: V7.6 IS SHADOW ONLY.
No trade permission was generated.

V7.6 DIRECTION SHADOW: PASS
