
==============================================================================================================================
ALPHA HUNTER V7.9 MISSED-MOVER RECALL AUDITOR — SHADOW
==============================================================================================================================
Universe ledger rows loaded: 12064
Symbols with ledger history: 754
Audit rows: 82
Supabase rows upserted: 82

SYMBOL               MOVE    THR              QUAL         STAGE  REASON
------------------------------------------------------------------------------------------------------------------------------
APRUSDT           +27.23%     5%   PARTIAL_6H_PLUS          DATA  INSUFFICIENT_LEDGER_HISTORY
APRUSDT           +27.23%    10%   PARTIAL_6H_PLUS          DATA  INSUFFICIENT_LEDGER_HISTORY
APRUSDT           +27.23%    20%   PARTIAL_6H_PLUS          DATA  INSUFFICIENT_LEDGER_HISTORY
VELVETUSDT        +23.18%     5%   PARTIAL_6H_PLUS          DATA  INSUFFICIENT_LEDGER_HISTORY
VELVETUSDT        +23.18%    10%   PARTIAL_6H_PLUS          DATA  INSUFFICIENT_LEDGER_HISTORY
VELVETUSDT        +23.18%    20%   PARTIAL_6H_PLUS          DATA  INSUFFICIENT_LEDGER_HISTORY
BTWUSDT           +21.51%     5%   PARTIAL_6H_PLUS          DATA  INSUFFICIENT_LEDGER_HISTORY
BTWUSDT           +21.51%    10%   PARTIAL_6H_PLUS          DATA  INSUFFICIENT_LEDGER_HISTORY
BTWUSDT           +21.51%    20%   PARTIAL_6H_PLUS          DATA  INSUFFICIENT_LEDGER_HISTORY
BRUSDT            -17.15%     5%   PARTIAL_6H_PLUS          DATA  INSUFFICIENT_LEDGER_HISTORY
BRUSDT            -17.15%    10%   PARTIAL_6H_PLUS          DATA  INSUFFICIENT_LEDGER_HISTORY
BICOUSDT          +16.46%     5%   PARTIAL_6H_PLUS          DATA  INSUFFICIENT_LEDGER_HISTORY
BICOUSDT          +16.46%    10%   PARTIAL_6H_PLUS          DATA  INSUFFICIENT_LEDGER_HISTORY
HOMEUSDT          -14.50%     5%   PARTIAL_6H_PLUS          DATA  INSUFFICIENT_LEDGER_HISTORY
HOMEUSDT          -14.50%    10%   PARTIAL_6H_PLUS          DATA  INSUFFICIENT_LEDGER_HISTORY
DYDXUSDT          -13.35%     5%   PARTIAL_6H_PLUS          DATA  INSUFFICIENT_LEDGER_HISTORY
DYDXUSDT          -13.35%    10%   PARTIAL_6H_PLUS          DATA  INSUFFICIENT_LEDGER_HISTORY
REDUSDT           -13.01%     5%   PARTIAL_6H_PLUS          DATA  INSUFFICIENT_LEDGER_HISTORY
REDUSDT           -13.01%    10%   PARTIAL_6H_PLUS          DATA  INSUFFICIENT_LEDGER_HISTORY
COWUSDT           -12.98%     5%   PARTIAL_6H_PLUS          DATA  INSUFFICIENT_LEDGER_HISTORY
COWUSDT           -12.98%    10%   PARTIAL_6H_PLUS          DATA  INSUFFICIENT_LEDGER_HISTORY
BEATUSDT          +11.90%     5%   PARTIAL_6H_PLUS          DATA  INSUFFICIENT_LEDGER_HISTORY
BEATUSDT          +11.90%    10%   PARTIAL_6H_PLUS          DATA  INSUFFICIENT_LEDGER_HISTORY
DOSUSDT           -11.62%     5%   PARTIAL_6H_PLUS          DATA  INSUFFICIENT_LEDGER_HISTORY
DOSUSDT           -11.62%    10%   PARTIAL_6H_PLUS          DATA  INSUFFICIENT_LEDGER_HISTORY
DOLOUSDT          +11.47%     5%   PARTIAL_6H_PLUS          DATA  INSUFFICIENT_LEDGER_HISTORY
DOLOUSDT          +11.47%    10%   PARTIAL_6H_PLUS          DATA  INSUFFICIENT_LEDGER_HISTORY
WALUSDT           -11.20%     5%   PARTIAL_6H_PLUS          DATA  INSUFFICIENT_LEDGER_HISTORY
WALUSDT           -11.20%    10%   PARTIAL_6H_PLUS          DATA  INSUFFICIENT_LEDGER_HISTORY
PRLUSDT           +11.19%     5%   PARTIAL_6H_PLUS          DATA  INSUFFICIENT_LEDGER_HISTORY
PRLUSDT           +11.19%    10%   PARTIAL_6H_PLUS          DATA  INSUFFICIENT_LEDGER_HISTORY
ACEUSDT           -10.79%     5%   PARTIAL_6H_PLUS          DATA  INSUFFICIENT_LEDGER_HISTORY
ACEUSDT           -10.79%    10%   PARTIAL_6H_PLUS          DATA  INSUFFICIENT_LEDGER_HISTORY
HUSDT             -10.78%     5%   PARTIAL_6H_PLUS          DATA  INSUFFICIENT_LEDGER_HISTORY
HUSDT             -10.78%    10%   PARTIAL_6H_PLUS          DATA  INSUFFICIENT_LEDGER_HISTORY
ALICEUSDT         +10.60%     5%   PARTIAL_6H_PLUS          DATA  INSUFFICIENT_LEDGER_HISTORY
ALICEUSDT         +10.60%    10%   PARTIAL_6H_PLUS          DATA  INSUFFICIENT_LEDGER_HISTORY
SOPHUSDT          +10.49%     5%   PARTIAL_6H_PLUS          DATA  INSUFFICIENT_LEDGER_HISTORY
SOPHUSDT          +10.49%    10%   PARTIAL_6H_PLUS          DATA  INSUFFICIENT_LEDGER_HISTORY
AIOUSDT           +10.27%     5%   PARTIAL_6H_PLUS          DATA  INSUFFICIENT_LEDGER_HISTORY

Forward 24H complete audits: 0
Partial-history audits: 82

IMPORTANT: PARTIAL_HISTORY rows are evidence collection only.
Do not tune Alpha Hunter from partial-history failure labels.
No trade permission was generated.

V7.9 MISSED-MOVER RECALL AUDITOR: PASS
