
======================================================================================================================
ALPHA HUNTER V7.9 FULL-UNIVERSE HOURLY LEDGER — SHADOW
======================================================================================================================
Observed: 2026-08-16T22:08:08.577055+00:00
Hour bucket: 2026-08-16T22:00:00+00:00
Contract tickers: 754
Rows attempted: 754
Deep-scan selected: 24
Selection snapshot: 2026-08-16T22:08:06.405619+00:00
Selection run ID: 5f2f1e98dd582528ea18f4039d05c8e4
Prefilter eligible: 300
Eligible not selected: 276
Non-crypto: 285
Low liquidity: 168
Over-extended: 1
Invalid price skipped: 0
Rows purged >7d: 0

TOP ABSOLUTE 24H MOVERS
SYMBOL                  24H    ELIG    SCAN  STATUS
------------------------------------------------------------------------
APRUSDT             +27.23%       N       N  OVER_EXTENDED
VELVETUSDT          +23.18%       Y       N  ELIGIBLE_NOT_SELECTED
BTWUSDT             +21.51%       Y       N  ELIGIBLE_NOT_SELECTED
BRUSDT              -17.15%       Y       N  ELIGIBLE_NOT_SELECTED
BICOUSDT            +16.46%       Y       N  ELIGIBLE_NOT_SELECTED
HOMEUSDT            -14.50%       Y       Y  DEEP_SCAN_SELECTED
DYDXUSDT            -13.35%       Y       Y  DEEP_SCAN_SELECTED
REDUSDT             -13.01%       Y       Y  DEEP_SCAN_SELECTED
COWUSDT             -12.98%       Y       Y  DEEP_SCAN_SELECTED
BEATUSDT            +11.90%       Y       Y  DEEP_SCAN_SELECTED
DOSUSDT             -11.62%       Y       Y  DEEP_SCAN_SELECTED
DOLOUSDT            +11.47%       Y       Y  DEEP_SCAN_SELECTED
WALUSDT             -11.20%       Y       Y  DEEP_SCAN_SELECTED
PRLUSDT             +11.19%       Y       Y  DEEP_SCAN_SELECTED
ACEUSDT             -10.79%       Y       N  ELIGIBLE_NOT_SELECTED

IMPORTANT: V7.9 IS MEASUREMENT/AUDIT ONLY.
Same-hour reruns do not overwrite the first stored universe snapshot.
Raw universe evidence is retained for 7 days.
No trade permission was generated.

V7.9 FULL-UNIVERSE LEDGER: PASS
