
ALPHA HUNTER V7.1 — 2026-08-18T02:59:03.476242+00:00

Universe: 28 deep-scanned of 759 contracts
Eligible after prefilter: 310
Non-crypto rejected: 290

SYMBOL                  PHASE    TIME   BEHAV                     STATE      RR   DISC  TRADE
---------------------------------------------------------------------------------------------
AEONUSDT         ACCUMULATION    LATE    6.04   DIRECTION_EMERGING_LONG    0.43    YES     NO
PIEVERSEUSDT   DISTRIBUTION_RISK    FAIR    5.96   DIRECTION_EMERGING_LONG    0.09     NO     NO
BEATUSDT            EXPANSION    LATE    5.70                   NEUTRAL       —     NO     NO
PEPEUSDT          COMPRESSION   EARLY    5.61  DIRECTION_EMERGING_SHORT    0.23    YES     NO
HUSDT            ACCUMULATION    FAIR    5.46                   NEUTRAL       —    YES     NO
ADAUSDT              IGNITION   EARLY    4.96  DIRECTION_EMERGING_SHORT    0.09     NO     NO
SOLUSDT           COMPRESSION   EARLY    4.96                   NEUTRAL       —     NO     NO
WLDUSDT             BREAKDOWN    FAIR    4.75  DIRECTION_EMERGING_SHORT    0.13     NO     NO
BTWUSDT          ACCUMULATION    FAIR    4.74                   NEUTRAL       —     NO     NO
XRPUSDT              IGNITION   EARLY    4.68  DIRECTION_EMERGING_SHORT    0.15     NO     NO
BNBUSDT           COMPRESSION   EARLY    4.57  DIRECTION_EMERGING_SHORT    0.37     NO     NO
LINKUSDT             IGNITION   EARLY    4.57               WATCH_SHORT       —     NO     NO
USUSDT              BREAKDOWN    FAIR    4.41  DIRECTION_EMERGING_SHORT    0.12     NO     NO
HYPEUSDT          COMPRESSION   EARLY    4.41                WATCH_LONG       —     NO     NO
ETHUSDT           COMPRESSION   EARLY    4.39                   NEUTRAL       —     NO     NO
DOGEUSDT          COMPRESSION   EARLY    4.38               WATCH_SHORT       —     NO     NO
ZECUSDT           COMPRESSION   EARLY    4.31                   NEUTRAL       —     NO     NO
ALLOUSDT         ACCUMULATION   EARLY    4.30                WATCH_LONG       —     NO     NO
PUMPUSDT          COMPRESSION   EARLY    4.15                   NEUTRAL       —     NO     NO
SUIUSDT              IGNITION   EARLY    3.95  DIRECTION_EMERGING_SHORT    0.34     NO     NO
NEARUSDT          COMPRESSION   EARLY    3.85                   NEUTRAL       —     NO     NO
BICOUSDT         ACCUMULATION    FAIR    3.85                   NEUTRAL       —     NO     NO
BTCUSDT          ACCUMULATION   EARLY    3.59                   NEUTRAL       —     NO     NO
ACEUSDT          ACCUMULATION    FAIR    3.59                   NEUTRAL       —     NO     NO
IRYSUSDT            BREAKDOWN    FAIR    3.49  DIRECTION_EMERGING_SHORT    0.02     NO     NO
BLESSUSDT           BREAKDOWN    FAIR    3.06  DIRECTION_EMERGING_SHORT    0.08     NO     NO
TLMUSDT          ACCUMULATION    FAIR    3.02                   NEUTRAL       —     NO     NO
B2USDT           ACCUMULATION    FAIR    2.95                   NEUTRAL       —     NO     NO

V7.4 PRE-MOVE SURVEILLANCE
Eligible: 5 | Primary: 5 | Reserve: 0

PRIMARY
 1 BTWUSDT        REVERSAL       12.00 state=NEUTRAL
 2 ZECUSDT        CONTINUATION   11.24 state=NEUTRAL
 3 HYPEUSDT       CONTINUATION    9.86 state=WATCH_LONG
 4 PUMPUSDT       REVERSAL        9.86 state=NEUTRAL
 5 LINKUSDT       REVERSAL        9.78 state=WATCH_SHORT

Run ID: dbf77140fb820ba67430fd5364920f22
Snapshot saved: /home/runner/work/Alpha-Hunter/Alpha-Hunter/data/snapshots/snapshot-20260818T025903Z.json
State history: /home/runner/work/Alpha-Hunter/Alpha-Hunter/data/state-history.jsonl
Supabase: SAVED
Qualified discovery candidates: 3
EARLY candidates: 1
V7 Trade Ready: 0
Bitget private API: NOT_CONFIGURED
