V7.5 state restored from Supabase: 111

ALPHA HUNTER V7.5 OPPORTUNITY LIFECYCLE
Run ID: dbf77140fb820ba67430fd5364920f22
Timestamp: 2026-08-18T02:59:03.476242+00:00
Lifecycle candidates: 5

NEW    BTWUSDT        REVERSAL      state=PRE_MOVE_DETECTED    det=1   v74=12.00 rank=1 shadow= 6.95 provisional=ACTIVE final=PENDING
NEW    LINKUSDT       REVERSAL      state=PRE_MOVE_DETECTED    det=1   v74= 9.78 rank=5 shadow=11.73 provisional=ACTIVE final=PENDING
NEW    HYPEUSDT       CONTINUATION  state=PRE_MOVE_DETECTED    det=1   v74= 9.86 rank=3 shadow= 0.00 provisional=ACTIVE final=PENDING
NEW    ZECUSDT        CONTINUATION  state=PRE_MOVE_DETECTED    det=1   v74=11.24 rank=2 shadow= 0.00 provisional=ACTIVE final=PENDING
NEW    PUMPUSDT       REVERSAL      state=PRE_MOVE_DETECTED    det=1   v74= 9.86 rank=4 shadow=11.24 provisional=ACTIVE final=PENDING

Supabase lifecycle rows upserted: 116
Supabase lifecycle row count: 116

====================================================================================================
V7.5 LIFECYCLE SUMMARY
====================================================================================================
Episodes stored: 116
Created this run: 5
Updated this run: 0
Active episodes: 116

STATE COUNTS
DIRECTION_EMERGING       8
EXPANSION                5
FINALIZED                55
PRE_MOVE_DETECTED        48

State file: /home/runner/work/Alpha-Hunter/Alpha-Hunter/data/v75-lifecycle-episodes.json
History file: /home/runner/work/Alpha-Hunter/Alpha-Hunter/data/v75-lifecycle-history.jsonl

V7.5 LIFECYCLE JOB: PASS
