
==============================================================================================================
ALPHA HUNTER V7.5 INDEPENDENT EPISODE MARKET TRACKER
==============================================================================================================
Episodes stored: 116
Active episodes: 61

CYSUSDT        CONTINUATION  now=  -50.69% UP=   78.38% DOWN=  -57.84% 3=Y 5=Y 10=Y checks=58
BTWUSDT        CONTINUATION  now=   72.55% UP=  113.81% DOWN=    0.00% 3=Y 5=Y 10=Y checks=58
COOKIEUSDT     CONTINUATION  now=  -17.25% UP=    0.00% DOWN=  -17.87% 3=Y 5=Y 10=Y checks=58
SUIUSDT        CONTINUATION  now=   -7.76% UP=    0.00% DOWN=   -9.59% 3=Y 5=Y 10=- checks=58
SOLUSDT        CONTINUATION  now=   -2.56% UP=    0.00% DOWN=   -4.13% 3=Y 5=- 10=- checks=58
SKYAIUSDT      REVERSAL      now=  -33.19% UP=    0.00% DOWN=  -42.50% 3=Y 5=Y 10=Y checks=58
DOGEUSDT       CONTINUATION  now=   -1.42% UP=    0.00% DOWN=   -2.32% 3=- 5=- 10=- checks=58
ADAUSDT        REVERSAL      now=  -13.15% UP=    0.00% DOWN=  -13.51% 3=Y 5=Y 10=Y checks=58
GWEIUSDT       REVERSAL      now=    4.64% UP=   17.67% DOWN=    0.00% 3=Y 5=Y 10=Y checks=58
BICOUSDT       REVERSAL      now=  -58.73% UP=    0.00% DOWN=  -59.94% 3=Y 5=Y 10=Y checks=58
IOTXUSDT       REVERSAL      now=  -11.24% UP=    0.00% DOWN=  -11.73% 3=Y 5=Y 10=Y checks=58
MMTUSDT        REVERSAL      now=  -21.28% UP=    0.00% DOWN=  -21.43% 3=Y 5=Y 10=Y checks=58
SUIUSDT        CONTINUATION  now=   -6.60% UP=    0.00% DOWN=   -8.51% 3=Y 5=Y 10=- checks=58
MUBARAKUSDT    REVERSAL      now=  -15.38% UP=    0.00% DOWN=  -24.10% 3=Y 5=Y 10=Y checks=58
4USDT          REVERSAL      now=  -13.81% UP=    0.00% DOWN=  -22.21% 3=Y 5=Y 10=Y checks=58
JTOUSDT        REVERSAL      now=    2.86% UP=   11.45% DOWN=    0.00% 3=Y 5=Y 10=Y checks=58
FORMUSDT       REVERSAL      now=   -7.23% UP=    0.00% DOWN=   -7.88% 3=Y 5=Y 10=- checks=58
PUMPUSDT       REVERSAL      now=   -2.72% UP=    5.86% DOWN=   -6.03% 3=Y 5=Y 10=- checks=58
ACUUSDT        REVERSAL      now=   13.00% UP=   16.62% DOWN=  -12.33% 3=Y 5=Y 10=Y checks=58
HYPEUSDT       REVERSAL      now=    5.27% UP=    6.56% DOWN=   -0.62% 3=Y 5=Y 10=- checks=58
AEONUSDT       CONTINUATION  now=   19.60% UP=   31.04% DOWN=   -6.91% 3=Y 5=Y 10=Y checks=58
BTWUSDT        CONTINUATION  now=   15.42% UP=   43.38% DOWN=  -10.16% 3=Y 5=Y 10=Y checks=58
NILUSDT        CONTINUATION  now=   -1.83% UP=    4.46% DOWN=   -9.23% 3=Y 5=Y 10=- checks=17
HUSDT          REVERSAL      now=  -10.98% UP=    3.58% DOWN=  -27.00% 3=Y 5=Y 10=Y checks=17
AIOUSDT        CONTINUATION  now=  -32.63% UP=   10.78% DOWN=  -33.29% 3=Y 5=Y 10=Y checks=17
VELVETUSDT     CONTINUATION  now=  -43.93% UP=    3.94% DOWN=  -44.92% 3=Y 5=Y 10=Y checks=16
NILUSDT        REVERSAL      now=    1.24% UP=    7.26% DOWN=   -6.39% 3=Y 5=Y 10=- checks=15
BASEDUSDT      REVERSAL      now=   -2.65% UP=    3.02% DOWN=   -3.57% 3=Y 5=- 10=- checks=15
AEONUSDT       REVERSAL      now=   14.42% UP=   25.36% DOWN=   -1.36% 3=Y 5=Y 10=Y checks=15
LINKUSDT       REVERSAL      now=   -0.68% UP=    1.45% DOWN=   -1.12% 3=- 5=- 10=- checks=15
AIOUSDT        REVERSAL      now=  -29.30% UP=   16.26% DOWN=  -29.99% 3=Y 5=Y 10=Y checks=14
PIXELUSDT      REVERSAL      now=   -0.17% UP=    8.12% DOWN=   -2.22% 3=Y 5=Y 10=- checks=14
CHIPUSDT       CONTINUATION  now=  -10.47% UP=    5.56% DOWN=  -12.97% 3=Y 5=Y 10=Y checks=14
AIOUSDT        CONTINUATION  now=  -33.66% UP=    9.09% DOWN=  -34.31% 3=Y 5=Y 10=Y checks=13
NILUSDT        REVERSAL      now=   -0.39% UP=    5.53% DOWN=   -7.89% 3=Y 5=Y 10=- checks=13
PRLUSDT        CONTINUATION  now=    7.59% UP=    8.02% DOWN=   -6.51% 3=Y 5=Y 10=- checks=13
ACUUSDT        REVERSAL      now=   15.30% UP=   18.36% DOWN=   -0.93% 3=Y 5=Y 10=Y checks=13
DOLOUSDT       REVERSAL      now=    5.14% UP=    9.76% DOWN=   -0.49% 3=Y 5=Y 10=- checks=12
BTWUSDT        REVERSAL      now=    5.36% UP=    9.87% DOWN=   -3.90% 3=Y 5=Y 10=- checks=11
LINKUSDT       CONTINUATION  now=   -1.35% UP=    0.77% DOWN=   -1.79% 3=- 5=- 10=- checks=11
COWUSDT        REVERSAL      now=   -2.33% UP=    2.42% DOWN=   -3.94% 3=Y 5=- 10=- checks=10
AEONUSDT       CONTINUATION  now=    4.05% UP=   14.00% DOWN=   -2.99% 3=Y 5=Y 10=Y checks=9
WLDUSDT        REVERSAL      now=   -7.04% UP=    2.07% DOWN=   -8.46% 3=Y 5=Y 10=- checks=9
WLDUSDT        CONTINUATION  now=   -8.04% UP=    1.04% DOWN=   -9.38% 3=Y 5=Y 10=- checks=8
AIOUSDT        REVERSAL      now=  -23.35% UP=    1.88% DOWN=  -24.14% 3=Y 5=Y 10=Y checks=8
CHIPUSDT       REVERSAL      now=   -7.00% UP=    0.20% DOWN=   -9.61% 3=Y 5=Y 10=- checks=8
PRLUSDT        REVERSAL      now=   13.12% UP=   13.57% DOWN=   -0.05% 3=Y 5=Y 10=Y checks=7
CHIPUSDT       REVERSAL      now=   -1.97% UP=    0.84% DOWN=   -4.71% 3=Y 5=- 10=- checks=6
HUSDT          REVERSAL      now=    3.46% UP=    6.35% DOWN=   -4.96% 3=Y 5=Y 10=- checks=6
LINKUSDT       REVERSAL      now=   -1.51% UP=    0.15% DOWN=   -1.96% 3=- 5=- 10=- checks=6
LINKUSDT       CONTINUATION  now=   -1.43% UP=    0.18% DOWN=   -1.85% 3=- 5=- 10=- checks=4
HYPEUSDT       REVERSAL      now=    0.72% UP=    1.43% DOWN=    0.00% 3=- 5=- 10=- checks=4
BTWUSDT        CONTINUATION  now=   -1.99% UP=    0.40% DOWN=   -3.49% 3=Y 5=- 10=- checks=3
ETHUSDT        CONTINUATION  now=   -0.57% UP=    0.54% DOWN=   -0.81% 3=- 5=- 10=- checks=3
CHIPUSDT       REVERSAL      now=    0.94% UP=    2.90% DOWN=   -1.88% 3=- 5=- 10=- checks=3
HYPEUSDT       CONTINUATION  now=    0.30% UP=    1.00% DOWN=   -0.06% 3=- 5=- 10=- checks=3
BTWUSDT        REVERSAL      now=   -0.21% UP=    0.00% DOWN=   -0.21% 3=- 5=- 10=- checks=1
LINKUSDT       REVERSAL      now=    0.06% UP=    0.06% DOWN=    0.00% 3=- 5=- 10=- checks=1
HYPEUSDT       CONTINUATION  now=    0.06% UP=    0.06% DOWN=    0.00% 3=- 5=- 10=- checks=1
ZECUSDT        CONTINUATION  now=    0.02% UP=    0.02% DOWN=    0.00% 3=- 5=- 10=- checks=1
PUMPUSDT       REVERSAL      now=   -0.04% UP=    0.00% DOWN=   -0.04% 3=- 5=- 10=- checks=1

==============================================================================================================
TRACKER SUMMARY
==============================================================================================================
Checked: 61
Failed: 0
Supabase rows upserted: 116
3% episodes: 93
5% episodes: 83
10% episodes: 51

V7.5 EPISODE MARKET TRACKER: PASS
