
======================================================================================================================
ALPHA HUNTER V7.6 POST-CONFIRMATION OUTCOME TRACKER — SHADOW
======================================================================================================================
Confirmed outcome rows: 74
Created this run: 0

CHIPUSDT       SHORT  quality=FORWARD_COMPLETE now=   1.80% MFE=   4.44% MAE=  -1.13% lost=Y done=-
VELVETUSDT     SHORT  quality=FORWARD_COMPLETE now=  43.54% MFE=  44.34% MAE=  -5.03% lost=Y done=-
PRLUSDT        LONG   quality=FORWARD_COMPLETE now=   0.94% MFE=   1.20% MAE= -12.41% lost=Y done=-
PRLUSDT        SHORT  quality=FORWARD_COMPLETE now= -10.94% MFE=   3.73% MAE= -11.23% lost=Y done=-
COWUSDT        SHORT  quality=FORWARD_COMPLETE now=  -0.18% MFE=   1.92% MAE=  -4.57% lost=Y done=-
WLDUSDT        SHORT  quality=FORWARD_COMPLETE now=   6.58% MFE=   7.88% MAE=  -0.77% lost=- done=-
WLDUSDT        SHORT  quality=FORWARD_COMPLETE now=   6.58% MFE=   7.88% MAE=  -0.77% lost=- done=-
HUSDT          SHORT  quality=FORWARD_COMPLETE now= -13.88% MFE=   6.56% MAE= -17.06% lost=Y done=-
ONGUSDT        LONG   quality=FORWARD_COMPLETE now=  -3.08% MFE=   1.77% MAE= -14.11% lost=Y done=-
REDUSDT        SHORT  quality=FORWARD_COMPLETE now=  -3.15% MFE=   3.96% MAE=  -3.85% lost=Y done=-
REDUSDT        SHORT  quality=FORWARD_COMPLETE now=  -3.15% MFE=   3.96% MAE=  -3.85% lost=Y done=-
PRLUSDT        LONG   quality=FORWARD_COMPLETE now=   0.94% MFE=   1.20% MAE= -12.41% lost=Y done=-
PIXELUSDT      SHORT  quality=FORWARD_COMPLETE now=  -0.15% MFE=   1.95% MAE=  -8.42% lost=Y done=-
NILUSDT        LONG   quality=FORWARD_COMPLETE now=  -4.83% MFE=   1.07% MAE= -11.78% lost=Y done=-
AIOUSDT        LONG   quality=FORWARD_COMPLETE now= -35.77% MFE=   6.48% MAE= -35.88% lost=Y done=-
CHIPUSDT       LONG   quality=FORWARD_COMPLETE now=  -6.95% MFE=   5.31% MAE=  -9.49% lost=Y done=-
AEONUSDT       LONG   quality=FORWARD_COMPLETE now=   3.55% MFE=  13.72% MAE=  -3.23% lost=Y done=-
AIOUSDT        LONG   quality=FORWARD_COMPLETE now= -33.94% MFE=   9.66% MAE= -33.97% lost=Y done=-
DOLOUSDT       LONG   quality=FORWARD_COMPLETE now=  -0.13% MFE=   4.25% MAE=  -0.67% lost=Y done=-
CHIPUSDT       SHORT  quality=FORWARD_COMPLETE now=  -1.49% MFE=   0.55% MAE=  -3.53% lost=Y done=-
AIOUSDT        LONG   quality=FORWARD_COMPLETE now= -33.93% MFE=   9.66% MAE= -33.97% lost=Y done=-
ACUUSDT        LONG   quality=FORWARD_COMPLETE now=  12.14% MFE=  15.63% MAE=  -2.76% lost=Y done=-
BASEDUSDT      SHORT  quality=FORWARD_COMPLETE now=   3.66% MFE=   4.62% MAE=  -0.41% lost=Y done=-
AEONUSDT       LONG   quality=FORWARD_COMPLETE now=  -3.46% MFE=   0.64% MAE=  -9.78% lost=Y done=-
AIOUSDT        SHORT  quality=FORWARD_COMPLETE now=  23.03% MFE=  23.11% MAE=  -0.81% lost=- done=-
CHIPUSDT       SHORT  quality=FORWARD_COMPLETE now=   4.16% MFE=   6.78% MAE=  -0.76% lost=Y done=-
NILUSDT        SHORT  quality=FORWARD_COMPLETE now=  -6.26% MFE=   0.04% MAE= -12.85% lost=Y done=-
NILUSDT        SHORT  quality=FORWARD_COMPLETE now=  -6.26% MFE=   0.04% MAE= -12.85% lost=Y done=-
BTWUSDT        LONG   quality=FORWARD_COMPLETE now=  -1.48% MFE=   0.81% MAE=  -3.10% lost=Y done=-
BTWUSDT        LONG   quality=FORWARD_COMPLETE now=  -1.48% MFE=   0.81% MAE=  -3.10% lost=Y done=-

======================================================================================================================
POST-CONFIRMATION TRACKER SUMMARY
======================================================================================================================
Outcome rows: 74
Created this run: 0
Tracked this run: 30
Failed: 0
Supabase rows upserted: 74
Forward complete: 74
Completed 24H: 44

IMPORTANT: OUTCOME TRACKER IS MEASUREMENT ONLY.
No trade permission was generated.

V7.6 POST-CONFIRMATION OUTCOME TRACKER: PASS
