
======================================================================================================================
ALPHA HUNTER V7.6 DIRECTION-PROOF ENGINE — SHADOW
======================================================================================================================
Eligible forward episodes: 39

SYMBOL         PATH          DIR         CONF   LONG   SHORT       15M        1H
----------------------------------------------------------------------------------------------------------------------
NILUSDT        CONTINUATION  LONG       81.2%   6.50    0.00   BULLISH   BULLISH
HUSDT          REVERSAL      UNKNOWN     0.0%   3.00    0.00   BULLISH     MIXED
AIOUSDT        CONTINUATION  SHORT     100.0%   0.00    8.00   BEARISH   BEARISH
VELVETUSDT     CONTINUATION  SHORT      87.5%   0.00    7.00   BEARISH   BEARISH
NILUSDT        REVERSAL      LONG       81.2%   6.50    0.00   BULLISH   BULLISH
BASEDUSDT      REVERSAL      SHORT      81.2%   0.00    6.50   BEARISH   BEARISH
AEONUSDT       REVERSAL      LONG       81.2%   6.50    0.00   BULLISH   BULLISH
LINKUSDT       REVERSAL      SHORT      87.5%   0.00    7.00   BEARISH   BEARISH
AIOUSDT        REVERSAL      SHORT     100.0%   0.00    8.00   BEARISH   BEARISH
PIXELUSDT      REVERSAL      SHORT      62.5%   0.00    5.00   BEARISH   BEARISH
CHIPUSDT       CONTINUATION  UNKNOWN     0.0%   1.50    2.00     MIXED   BEARISH
AIOUSDT        CONTINUATION  SHORT     100.0%   0.00    8.00   BEARISH   BEARISH
NILUSDT        REVERSAL      LONG       81.2%   6.50    0.00   BULLISH   BULLISH
PRLUSDT        CONTINUATION  LONG      100.0%   8.00    0.00   BULLISH   BULLISH
ACUUSDT        REVERSAL      LONG       50.6%   4.50    1.50     MIXED   BULLISH
DOLOUSDT       REVERSAL      SHORT      56.2%   0.00    4.50   BEARISH     MIXED
BTWUSDT        REVERSAL      SHORT      68.8%   0.00    5.50   BEARISH   BEARISH
LINKUSDT       CONTINUATION  SHORT      87.5%   0.00    7.00   BEARISH   BEARISH
COWUSDT        REVERSAL      SHORT      44.4%   1.50    4.00     MIXED   BEARISH
AEONUSDT       CONTINUATION  LONG       81.2%   6.50    0.00   BULLISH   BULLISH
WLDUSDT        REVERSAL      SHORT     100.0%   0.00    8.00   BEARISH   BEARISH
WLDUSDT        CONTINUATION  SHORT     100.0%   0.00    8.00   BEARISH   BEARISH
AIOUSDT        REVERSAL      SHORT     100.0%   0.00    8.00   BEARISH   BEARISH
CHIPUSDT       REVERSAL      UNKNOWN     0.0%   1.50    3.00   BEARISH   BEARISH
PRLUSDT        REVERSAL      LONG      100.0%   8.00    0.00   BULLISH   BULLISH
CHIPUSDT       REVERSAL      UNKNOWN     0.0%   1.50    3.00   BEARISH   BEARISH
HUSDT          REVERSAL      UNKNOWN     0.0%   3.50    0.00   BULLISH     MIXED
LINKUSDT       REVERSAL      SHORT      87.5%   0.00    7.00   BEARISH   BEARISH
LINKUSDT       CONTINUATION  SHORT      87.5%   0.00    7.00   BEARISH   BEARISH
HYPEUSDT       REVERSAL      UNKNOWN     0.0%   3.50    0.00     MIXED   BULLISH
BTWUSDT        CONTINUATION  SHORT      68.8%   0.00    5.50   BEARISH   BEARISH
ETHUSDT        CONTINUATION  SHORT      68.8%   0.00    5.50   BEARISH   BEARISH
CHIPUSDT       REVERSAL      UNKNOWN     0.0%   1.50    3.00   BEARISH   BEARISH
HYPEUSDT       CONTINUATION  UNKNOWN     0.0%   3.50    0.00     MIXED   BULLISH
BTWUSDT        REVERSAL      SHORT      68.8%   0.00    5.50   BEARISH   BEARISH
LINKUSDT       REVERSAL      SHORT      87.5%   0.00    7.00   BEARISH   BEARISH
HYPEUSDT       CONTINUATION  UNKNOWN     0.0%   3.50    0.00     MIXED   BULLISH
ZECUSDT        CONTINUATION  UNKNOWN     0.0%   0.00    3.50   BEARISH     MIXED
PUMPUSDT       REVERSAL      SHORT      50.0%   0.00    4.00   BEARISH   BEARISH

======================================================================================================================
V7.6 SHADOW SUMMARY
======================================================================================================================
Evaluated: 39
LONG: 8
SHORT: 21
UNKNOWN: 10
Failures: 0
Supabase shadow rows saved: 39
Direction state rows saved: 39
Immutable transition rows saved: 39
Transition run ID: cloud5d-20260818T025814Z
Direction emerging: 15
Direction confirmed: 9
Lost confirmation: 9

IMPORTANT: V7.6 IS SHADOW ONLY.
No trade permission was generated.

V7.6 DIRECTION SHADOW: PASS
