
ALPHA HUNTER V7.1 — 2026-08-17T03:03:37.242681+00:00

Universe: 27 deep-scanned of 754 contracts
Eligible after prefilter: 300
Non-crypto rejected: 285

SYMBOL                  PHASE    TIME   BEHAV                     STATE      RR   DISC  TRADE
---------------------------------------------------------------------------------------------
ACEUSDT        DISTRIBUTION_RISK    FAIR    6.68                   NEUTRAL       —     NO     NO
CYSUSDT          ACCUMULATION    LATE    6.45                   NEUTRAL       —    YES     NO
PRLUSDT          ACCUMULATION    LATE    5.86   DIRECTION_EMERGING_LONG    0.16    YES     NO
AIOUSDT             EXPANSION    LATE    5.80                WATCH_LONG       —     NO     NO
RAREUSDT         ACCUMULATION    FAIR    5.42   DIRECTION_EMERGING_LONG    0.32    YES     NO
ALICEUSDT        ACCUMULATION    FAIR    5.22                   NEUTRAL       —    YES     NO
BEATUSDT            EXPANSION   EARLY    5.13               WATCH_SHORT       —     NO     NO
GPSUSDT             EXPANSION    LATE    5.05   DIRECTION_EMERGING_LONG    0.18     NO     NO
NILUSDT          ACCUMULATION    FAIR    4.99                WATCH_LONG       —     NO     NO
HOMEUSDT            BREAKDOWN    FAIR    4.52  DIRECTION_EMERGING_SHORT    0.03     NO     NO
WALUSDT          ACCUMULATION   EARLY    4.01                   NEUTRAL       —     NO     NO
LINKUSDT          COMPRESSION   EARLY    3.99   DIRECTION_EMERGING_LONG    0.38     NO     NO
DOSUSDT          ACCUMULATION    FAIR    3.83               WATCH_SHORT       —     NO     NO
CAPUSDT          ACCUMULATION    FAIR    3.73                WATCH_LONG       —     NO     NO
HYPEUSDT         ACCUMULATION   EARLY    3.53   DIRECTION_EMERGING_LONG    0.03     NO     NO
MUBARAKUSDT      ACCUMULATION    FAIR    3.39                   NEUTRAL       —     NO     NO
BNBUSDT           COMPRESSION   EARLY    2.99                   NEUTRAL       —     NO     NO
HUSDT               EXPANSION    LATE    2.90                   NEUTRAL       —     NO     NO
ETHUSDT          ACCUMULATION   EARLY    2.72   DIRECTION_EMERGING_LONG    0.15     NO     NO
ADAUSDT          ACCUMULATION   EARLY    2.49                   NEUTRAL       —     NO     NO
ZECUSDT              RECOVERY   EARLY    2.41                WATCH_LONG       —     NO     NO
REUSDT           ACCUMULATION    FAIR    2.22                   NEUTRAL       —     NO     NO
SUIUSDT          ACCUMULATION   EARLY    2.20                   NEUTRAL       —     NO     NO
BTCUSDT              RECOVERY   EARLY    2.19                WATCH_LONG       —     NO     NO
DOGEUSDT             RECOVERY   EARLY    2.00                WATCH_LONG       —     NO     NO
SOLUSDT          ACCUMULATION   EARLY    1.93                   NEUTRAL       —     NO     NO
XRPUSDT          ACCUMULATION   EARLY    1.44                   NEUTRAL       —     NO     NO

V7.4 PRE-MOVE SURVEILLANCE
Eligible: 3 | Primary: 3 | Reserve: 0

PRIMARY
 1 NILUSDT        CONTINUATION   11.82 state=WATCH_LONG
 2 AIOUSDT        CONTINUATION   11.74 state=WATCH_LONG
 3 HUSDT          REVERSAL       10.78 state=NEUTRAL

Run ID: aebf46238248894ccce5ea7334f4e233
Snapshot saved: /home/runner/work/Alpha-Hunter/Alpha-Hunter/data/snapshots/snapshot-20260817T030337Z.json
State history: /home/runner/work/Alpha-Hunter/Alpha-Hunter/data/state-history.jsonl
Supabase: SAVED
Qualified discovery candidates: 4
EARLY candidates: 0
V7 Trade Ready: 0
Bitget private API: NOT_CONFIGURED
