V7.5 state restored from Supabase: 77

ALPHA HUNTER V7.5 OPPORTUNITY LIFECYCLE
Run ID: aebf46238248894ccce5ea7334f4e233
Timestamp: 2026-08-17T03:03:37.242681+00:00
Lifecycle candidates: 3

NEW    AIOUSDT        CONTINUATION  state=PRE_MOVE_DETECTED    det=1   v74=11.74 rank=2 shadow= 0.00 provisional=ACTIVE final=PENDING
NEW    NILUSDT        CONTINUATION  state=PRE_MOVE_DETECTED    det=1   v74=11.82 rank=1 shadow= 0.00 provisional=ACTIVE final=PENDING
NEW    HUSDT          REVERSAL      state=PRE_MOVE_DETECTED    det=1   v74=10.78 rank=3 shadow= 7.83 provisional=ACTIVE final=PENDING

Supabase lifecycle rows upserted: 80
Supabase lifecycle row count: 80

====================================================================================================
V7.5 LIFECYCLE SUMMARY
====================================================================================================
Episodes stored: 80
Created this run: 3
Updated this run: 0
Active episodes: 80

STATE COUNTS
DIRECTION_EMERGING       8
EXPANSION                8
FINALIZED                21
PRE_MOVE_DETECTED        43

State file: /home/runner/work/Alpha-Hunter/Alpha-Hunter/data/v75-lifecycle-episodes.json
History file: /home/runner/work/Alpha-Hunter/Alpha-Hunter/data/v75-lifecycle-history.jsonl

V7.5 LIFECYCLE JOB: PASS
