
==============================================================================================================
ALPHA HUNTER V7.5 INDEPENDENT EPISODE MARKET TRACKER
==============================================================================================================
Episodes stored: 80
Active episodes: 59

CYSUSDT        CONTINUATION  now=  -22.26% UP=   78.38% DOWN=  -37.80% 3=Y 5=Y 10=Y checks=42
BTWUSDT        CONTINUATION  now=   98.38% UP=  113.81% DOWN=    0.00% 3=Y 5=Y 10=Y checks=42
COOKIEUSDT     CONTINUATION  now=  -11.81% UP=    0.00% DOWN=  -15.46% 3=Y 5=Y 10=Y checks=42
SUIUSDT        CONTINUATION  now=   -3.38% UP=    0.00% DOWN=   -5.00% 3=Y 5=- 10=- checks=42
SOLUSDT        CONTINUATION  now=   -2.29% UP=    0.00% DOWN=   -4.13% 3=Y 5=- 10=- checks=42
SKYAIUSDT      REVERSAL      now=  -32.78% UP=    0.00% DOWN=  -42.50% 3=Y 5=Y 10=Y checks=42
DOGEUSDT       CONTINUATION  now=   -0.79% UP=    0.00% DOWN=   -2.32% 3=- 5=- 10=- checks=42
ADAUSDT        REVERSAL      now=  -10.62% UP=    0.00% DOWN=  -11.79% 3=Y 5=Y 10=Y checks=42
IOTXUSDT       REVERSAL      now=   -8.70% UP=    0.00% DOWN=  -10.53% 3=Y 5=Y 10=Y checks=42
MMTUSDT        REVERSAL      now=  -12.09% UP=    0.00% DOWN=  -14.50% 3=Y 5=Y 10=Y checks=42
SUIUSDT        CONTINUATION  now=   -2.22% UP=    0.00% DOWN=   -3.86% 3=Y 5=- 10=- checks=42
GWEIUSDT       REVERSAL      now=    3.81% UP=   17.67% DOWN=    0.00% 3=Y 5=Y 10=Y checks=42
BICOUSDT       REVERSAL      now=  -53.44% UP=    0.00% DOWN=  -58.94% 3=Y 5=Y 10=Y checks=42
MUBARAKUSDT    REVERSAL      now=  -12.22% UP=    0.00% DOWN=  -24.10% 3=Y 5=Y 10=Y checks=42
4USDT          REVERSAL      now=  -15.24% UP=    0.00% DOWN=  -22.21% 3=Y 5=Y 10=Y checks=42
JTOUSDT        REVERSAL      now=    7.35% UP=    8.18% DOWN=    0.00% 3=Y 5=Y 10=- checks=42
FORMUSDT       REVERSAL      now=   -5.20% UP=    0.00% DOWN=   -7.88% 3=Y 5=Y 10=- checks=42
PUMPUSDT       REVERSAL      now=   -0.78% UP=    1.20% DOWN=   -6.03% 3=Y 5=Y 10=- checks=42
ACUUSDT        REVERSAL      now=   -3.62% UP=   16.62% DOWN=   -8.97% 3=Y 5=Y 10=Y checks=42
HYPEUSDT       REVERSAL      now=    4.69% UP=    4.86% DOWN=   -0.62% 3=Y 5=- 10=- checks=42
AEONUSDT       CONTINUATION  now=    7.73% UP=   28.62% DOWN=   -6.91% 3=Y 5=Y 10=Y checks=42
BTWUSDT        CONTINUATION  now=   33.52% UP=   43.38% DOWN=  -10.16% 3=Y 5=Y 10=Y checks=42
BRUSDT         REVERSAL      now=   -4.93% UP=    0.76% DOWN=  -12.44% 3=Y 5=Y 10=Y checks=19
PUMPUSDT       REVERSAL      now=    1.12% UP=    1.76% DOWN=   -4.21% 3=Y 5=- 10=- checks=19
NILUSDT        REVERSAL      now=   12.80% UP=   15.83% DOWN=   -0.41% 3=Y 5=Y 10=Y checks=19
LINKUSDT       CONTINUATION  now=    2.00% UP=    2.16% DOWN=   -0.72% 3=- 5=- 10=- checks=19
ALICEUSDT      REVERSAL      now=    8.90% UP=   14.23% DOWN=   -0.79% 3=Y 5=Y 10=Y checks=19
WLDUSDT        REVERSAL      now=    5.49% UP=    6.79% DOWN=   -1.61% 3=Y 5=Y 10=- checks=18
HYPEUSDT       REVERSAL      now=    3.44% UP=    3.59% DOWN=   -0.04% 3=Y 5=- 10=- checks=18
CAPUSDT        CONTINUATION  now=    2.79% UP=    6.36% DOWN=   -6.11% 3=Y 5=Y 10=- checks=18
COWUSDT        REVERSAL      now=  -10.87% UP=    3.39% DOWN=  -12.77% 3=Y 5=Y 10=Y checks=18
VELVETUSDT     REVERSAL      now=   15.53% UP=   31.02% DOWN=   -2.20% 3=Y 5=Y 10=Y checks=18
LINKUSDT       REVERSAL      now=    2.07% UP=    2.23% DOWN=   -0.64% 3=- 5=- 10=- checks=17
FOLKSUSDT      REVERSAL      now=   -2.85% UP=    0.93% DOWN=   -4.63% 3=Y 5=- 10=- checks=16
AEONUSDT       CONTINUATION  now=   -5.75% UP=    0.20% DOWN=  -18.55% 3=Y 5=Y 10=Y checks=15
WLDUSDT        REVERSAL      now=    6.17% UP=    7.47% DOWN=   -0.98% 3=Y 5=Y 10=- checks=14
PRLUSDT        CONTINUATION  now=    9.43% UP=   13.09% DOWN=   -0.61% 3=Y 5=Y 10=Y checks=14
HYPEUSDT       CONTINUATION  now=    2.46% UP=    2.63% DOWN=   -0.74% 3=- 5=- 10=- checks=13
WLDUSDT        CONTINUATION  now=    5.71% UP=    7.00% DOWN=   -1.41% 3=Y 5=Y 10=- checks=13
AEONUSDT       REVERSAL      now=   -2.76% UP=    3.37% DOWN=  -15.97% 3=Y 5=Y 10=Y checks=13
BOMEUSDT       CONTINUATION  now=   -2.55% UP=    0.50% DOWN=   -6.24% 3=Y 5=Y 10=- checks=12
DOLOUSDT       REVERSAL      now=   -2.16% UP=   18.74% DOWN=   -3.56% 3=Y 5=Y 10=Y checks=12
VELVETUSDT     REVERSAL      now=    0.57% UP=    5.57% DOWN=   -5.15% 3=Y 5=Y 10=- checks=11
BTWUSDT        CONTINUATION  now=   26.18% UP=   35.61% DOWN=   -0.04% 3=Y 5=Y 10=Y checks=10
HUSDT          REVERSAL      now=   11.80% UP=   16.49% DOWN=   -6.24% 3=Y 5=Y 10=Y checks=10
WLDUSDT        CONTINUATION  now=    5.13% UP=    6.42% DOWN=    0.00% 3=Y 5=Y 10=- checks=9
AEONUSDT       REVERSAL      now=    6.72% UP=    9.32% DOWN=   -7.78% 3=Y 5=Y 10=- checks=8
ROBOUSDT       REVERSAL      now=   -5.90% UP=    4.11% DOWN=   -7.03% 3=Y 5=Y 10=- checks=6
ONGUSDT        CONTINUATION  now=    9.66% UP=   18.39% DOWN=   -2.88% 3=Y 5=Y 10=Y checks=4
LINKUSDT       CONTINUATION  now=    1.12% UP=    1.28% DOWN=   -1.13% 3=- 5=- 10=- checks=4
LINKUSDT       REVERSAL      now=    1.87% UP=    2.03% DOWN=   -0.29% 3=- 5=- 10=- checks=3
PRLUSDT        CONTINUATION  now=    4.82% UP=    5.20% DOWN=   -3.30% 3=Y 5=Y 10=- checks=3
REDUSDT        REVERSAL      now=   -1.27% UP=    0.00% DOWN=   -1.50% 3=- 5=- 10=- checks=3
REDUSDT        REVERSAL      now=   -1.27% UP=    0.00% DOWN=   -1.50% 3=- 5=- 10=- checks=3
LINKUSDT       REVERSAL      now=    1.88% UP=    2.03% DOWN=   -0.29% 3=- 5=- 10=- checks=3
PRLUSDT        CONTINUATION  now=    4.87% UP=    5.20% DOWN=   -3.30% 3=Y 5=Y 10=- checks=3
AIOUSDT        CONTINUATION  now=   -0.76% UP=    0.00% DOWN=   -1.01% 3=- 5=- 10=- checks=1
NILUSDT        CONTINUATION  now=   -0.86% UP=    0.00% DOWN=   -1.31% 3=- 5=- 10=- checks=1
HUSDT          REVERSAL      now=   -0.24% UP=    0.05% DOWN=   -0.58% 3=- 5=- 10=- checks=1

==============================================================================================================
TRACKER SUMMARY
==============================================================================================================
Checked: 59
Failed: 0
Supabase rows upserted: 80
3% episodes: 64
5% episodes: 55
10% episodes: 36

V7.5 EPISODE MARKET TRACKER: PASS
