
======================================================================================================================
ALPHA HUNTER V7.6 DIRECTION-PROOF ENGINE — SHADOW
======================================================================================================================
Eligible forward episodes: 37

SYMBOL         PATH          DIR         CONF   LONG   SHORT       15M        1H
----------------------------------------------------------------------------------------------------------------------
BRUSDT         REVERSAL      LONG       75.0%   6.00    0.00   BULLISH     MIXED
PUMPUSDT       REVERSAL      LONG       87.5%   7.00    0.00   BULLISH   BULLISH
NILUSDT        REVERSAL      LONG       83.8%   7.00    1.00   BULLISH   BULLISH
LINKUSDT       CONTINUATION  LONG      100.0%   8.00    0.00   BULLISH   BULLISH
ALICEUSDT      REVERSAL      UNKNOWN     0.0%   2.00    2.00   BEARISH   BULLISH
WLDUSDT        REVERSAL      LONG       87.5%   7.00    0.00   BULLISH   BULLISH
HYPEUSDT       REVERSAL      LONG      100.0%   8.00    0.00   BULLISH   BULLISH
CAPUSDT        CONTINUATION  LONG       75.0%   6.00    0.00   BULLISH   BULLISH
COWUSDT        REVERSAL      UNKNOWN     0.0%   2.00    3.50     MIXED   BEARISH
VELVETUSDT     REVERSAL      UNKNOWN     0.0%   3.00    1.50     MIXED   BULLISH
LINKUSDT       REVERSAL      LONG      100.0%   8.00    0.00   BULLISH   BULLISH
FOLKSUSDT      REVERSAL      SHORT      50.6%   1.50    4.50     MIXED   BEARISH
AEONUSDT       CONTINUATION  LONG       46.2%   4.00    1.00   BULLISH     MIXED
WLDUSDT        REVERSAL      LONG       87.5%   7.00    0.00   BULLISH   BULLISH
PRLUSDT        CONTINUATION  LONG       81.2%   6.50    0.00   BULLISH   BULLISH
HYPEUSDT       CONTINUATION  LONG      100.0%   8.00    0.00   BULLISH   BULLISH
WLDUSDT        CONTINUATION  LONG       87.5%   7.00    0.00   BULLISH   BULLISH
AEONUSDT       REVERSAL      LONG       46.2%   4.00    1.00   BULLISH     MIXED
BOMEUSDT       CONTINUATION  UNKNOWN     0.0%   3.50    0.00   BULLISH     MIXED
DOLOUSDT       REVERSAL      SHORT      83.8%   1.00    7.00   BEARISH   BEARISH
VELVETUSDT     REVERSAL      UNKNOWN     0.0%   3.00    1.50     MIXED   BULLISH
BTWUSDT        CONTINUATION  LONG       81.2%   6.50    0.00   BULLISH   BULLISH
HUSDT          REVERSAL      UNKNOWN     0.0%   2.50    1.00     MIXED     MIXED
WLDUSDT        CONTINUATION  LONG       87.5%   7.00    0.00   BULLISH   BULLISH
AEONUSDT       REVERSAL      LONG       46.2%   4.00    1.00   BULLISH     MIXED
ROBOUSDT       REVERSAL      SHORT      50.0%   0.00    4.00   BEARISH   BEARISH
ONGUSDT        CONTINUATION  LONG       87.5%   7.00    0.00   BULLISH   BULLISH
LINKUSDT       CONTINUATION  LONG      100.0%   8.00    0.00   BULLISH   BULLISH
LINKUSDT       REVERSAL      LONG      100.0%   8.00    0.00   BULLISH   BULLISH
PRLUSDT        CONTINUATION  LONG       81.2%   6.50    0.00   BULLISH   BULLISH
REDUSDT        REVERSAL      SHORT      56.2%   0.00    4.50   BEARISH   BEARISH
REDUSDT        REVERSAL      SHORT      56.2%   0.00    4.50   BEARISH   BEARISH
LINKUSDT       REVERSAL      LONG      100.0%   8.00    0.00   BULLISH   BULLISH
PRLUSDT        CONTINUATION  LONG       81.2%   6.50    0.00   BULLISH   BULLISH
AIOUSDT        CONTINUATION  LONG       68.8%   5.50    0.00   BULLISH   BULLISH
NILUSDT        CONTINUATION  LONG       83.8%   7.00    1.00   BULLISH   BULLISH
HUSDT          REVERSAL      UNKNOWN     0.0%   2.50    1.00     MIXED     MIXED

======================================================================================================================
V7.6 SHADOW SUMMARY
======================================================================================================================
Evaluated: 37
LONG: 25
SHORT: 5
UNKNOWN: 7
Failures: 0
Supabase shadow rows saved: 37
Direction state rows saved: 37
Immutable transition rows saved: 37
Transition run ID: cloud5d-20260817T030252Z
Direction emerging: 22
Direction confirmed: 6
Lost confirmation: 4

IMPORTANT: V7.6 IS SHADOW ONLY.
No trade permission was generated.

V7.6 DIRECTION SHADOW: PASS
