
======================================================================================================================
ALPHA HUNTER V7.9 FULL-UNIVERSE HOURLY LEDGER — SHADOW
======================================================================================================================
Observed: 2026-08-17T03:03:39.390388+00:00
Hour bucket: 2026-08-17T03:00:00+00:00
Contract tickers: 754
Rows attempted: 754
Deep-scan selected: 27
Selection snapshot: 2026-08-17T03:03:37.242681+00:00
Selection run ID: aebf46238248894ccce5ea7334f4e233
Prefilter eligible: 300
Eligible not selected: 273
Non-crypto: 285
Low liquidity: 167
Over-extended: 2
Invalid price skipped: 0
Rows purged >7d: 0

TOP ABSOLUTE 24H MOVERS
SYMBOL                  24H    ELIG    SCAN  STATUS
------------------------------------------------------------------------
BTWUSDT             +32.62%       N       N  OVER_EXTENDED
VELVETUSDT          +26.18%       N       N  OVER_EXTENDED
APRUSDT             +21.39%       Y       N  ELIGIBLE_NOT_SELECTED
AIOUSDT             +16.61%       Y       Y  DEEP_SCAN_SELECTED
ONGUSDT             +16.09%       Y       N  ELIGIBLE_NOT_SELECTED
CYSUSDT             +15.63%       Y       Y  DEEP_SCAN_SELECTED
ACEUSDT             +15.60%       Y       Y  DEEP_SCAN_SELECTED
DOSUSDT             -15.13%       Y       Y  DEEP_SCAN_SELECTED
HOMEUSDT            -13.83%       Y       Y  DEEP_SCAN_SELECTED
GPSUSDT             +13.51%       Y       Y  DEEP_SCAN_SELECTED
MUBARAKUSDT         +12.53%       Y       Y  DEEP_SCAN_SELECTED
NILUSDT             +12.40%       Y       Y  DEEP_SCAN_SELECTED
ALICEUSDT           +11.80%       Y       Y  DEEP_SCAN_SELECTED
RAREUSDT            +11.44%       Y       Y  DEEP_SCAN_SELECTED
PRLUSDT             +11.32%       Y       Y  DEEP_SCAN_SELECTED

IMPORTANT: V7.9 IS MEASUREMENT/AUDIT ONLY.
Same-hour reruns do not overwrite the first stored universe snapshot.
Raw universe evidence is retained for 7 days.
No trade permission was generated.

V7.9 FULL-UNIVERSE LEDGER: PASS
