
==============================================================================================================================
ALPHA HUNTER V7.9 MISSED-MOVER RECALL AUDITOR — SHADOW
==============================================================================================================================
Universe ledger rows loaded: 12818
Symbols with ledger history: 754
Audit rows: 82
Supabase rows upserted: 82

SYMBOL               MOVE    THR              QUAL         STAGE  REASON
------------------------------------------------------------------------------------------------------------------------------
BTWUSDT           +32.62%     5%   PARTIAL_6H_PLUS          DATA  INSUFFICIENT_LEDGER_HISTORY
BTWUSDT           +32.62%    10%   PARTIAL_6H_PLUS          DATA  INSUFFICIENT_LEDGER_HISTORY
BTWUSDT           +32.62%    20%   PARTIAL_6H_PLUS          DATA  INSUFFICIENT_LEDGER_HISTORY
VELVETUSDT        +26.18%     5%   PARTIAL_6H_PLUS          DATA  INSUFFICIENT_LEDGER_HISTORY
VELVETUSDT        +26.18%    10%   PARTIAL_6H_PLUS          DATA  INSUFFICIENT_LEDGER_HISTORY
VELVETUSDT        +26.18%    20%   PARTIAL_6H_PLUS          DATA  INSUFFICIENT_LEDGER_HISTORY
APRUSDT           +21.39%     5%   PARTIAL_6H_PLUS          DATA  INSUFFICIENT_LEDGER_HISTORY
APRUSDT           +21.39%    10%   PARTIAL_6H_PLUS          DATA  INSUFFICIENT_LEDGER_HISTORY
APRUSDT           +21.39%    20%   PARTIAL_6H_PLUS          DATA  INSUFFICIENT_LEDGER_HISTORY
AIOUSDT           +16.61%     5%   PARTIAL_6H_PLUS          DATA  INSUFFICIENT_LEDGER_HISTORY
AIOUSDT           +16.61%    10%   PARTIAL_6H_PLUS          DATA  INSUFFICIENT_LEDGER_HISTORY
ONGUSDT           +16.09%     5%   PARTIAL_6H_PLUS          DATA  INSUFFICIENT_LEDGER_HISTORY
ONGUSDT           +16.09%    10%   PARTIAL_6H_PLUS          DATA  INSUFFICIENT_LEDGER_HISTORY
CYSUSDT           +15.63%     5%   PARTIAL_6H_PLUS          DATA  INSUFFICIENT_LEDGER_HISTORY
CYSUSDT           +15.63%    10%   PARTIAL_6H_PLUS          DATA  INSUFFICIENT_LEDGER_HISTORY
ACEUSDT           +15.60%     5%   PARTIAL_6H_PLUS          DATA  INSUFFICIENT_LEDGER_HISTORY
ACEUSDT           +15.60%    10%   PARTIAL_6H_PLUS          DATA  INSUFFICIENT_LEDGER_HISTORY
DOSUSDT           -15.13%     5%   PARTIAL_6H_PLUS          DATA  INSUFFICIENT_LEDGER_HISTORY
DOSUSDT           -15.13%    10%   PARTIAL_6H_PLUS          DATA  INSUFFICIENT_LEDGER_HISTORY
HOMEUSDT          -13.83%     5%   PARTIAL_6H_PLUS          DATA  INSUFFICIENT_LEDGER_HISTORY
HOMEUSDT          -13.83%    10%   PARTIAL_6H_PLUS          DATA  INSUFFICIENT_LEDGER_HISTORY
GPSUSDT           +13.51%     5%   PARTIAL_6H_PLUS          DATA  INSUFFICIENT_LEDGER_HISTORY
GPSUSDT           +13.51%    10%   PARTIAL_6H_PLUS          DATA  INSUFFICIENT_LEDGER_HISTORY
MUBARAKUSDT       +12.53%     5%   PARTIAL_6H_PLUS          DATA  INSUFFICIENT_LEDGER_HISTORY
MUBARAKUSDT       +12.53%    10%   PARTIAL_6H_PLUS          DATA  INSUFFICIENT_LEDGER_HISTORY
NILUSDT           +12.40%     5%   PARTIAL_6H_PLUS          DATA  INSUFFICIENT_LEDGER_HISTORY
NILUSDT           +12.40%    10%   PARTIAL_6H_PLUS          DATA  INSUFFICIENT_LEDGER_HISTORY
ALICEUSDT         +11.80%     5%   PARTIAL_6H_PLUS          DATA  INSUFFICIENT_LEDGER_HISTORY
ALICEUSDT         +11.80%    10%   PARTIAL_6H_PLUS          DATA  INSUFFICIENT_LEDGER_HISTORY
RAREUSDT          +11.44%     5%   PARTIAL_6H_PLUS          DATA  INSUFFICIENT_LEDGER_HISTORY
RAREUSDT          +11.44%    10%   PARTIAL_6H_PLUS          DATA  INSUFFICIENT_LEDGER_HISTORY
PRLUSDT           +11.32%     5%   PARTIAL_6H_PLUS          DATA  INSUFFICIENT_LEDGER_HISTORY
PRLUSDT           +11.32%    10%   PARTIAL_6H_PLUS          DATA  INSUFFICIENT_LEDGER_HISTORY
HUSDT             -11.17%     5%   PARTIAL_6H_PLUS          DATA  INSUFFICIENT_LEDGER_HISTORY
HUSDT             -11.17%    10%   PARTIAL_6H_PLUS          DATA  INSUFFICIENT_LEDGER_HISTORY
MAGMAUSDT         -10.67%     5%   PARTIAL_6H_PLUS          DATA  INSUFFICIENT_LEDGER_HISTORY
MAGMAUSDT         -10.67%    10%   PARTIAL_6H_PLUS          DATA  INSUFFICIENT_LEDGER_HISTORY
TUTUSDT            +9.94%     5%   PARTIAL_6H_PLUS          DATA  INSUFFICIENT_LEDGER_HISTORY
SKYAIUSDT          +9.82%     5%   PARTIAL_6H_PLUS          DATA  INSUFFICIENT_LEDGER_HISTORY
BICOUSDT           +9.81%     5%   PARTIAL_6H_PLUS          DATA  INSUFFICIENT_LEDGER_HISTORY

Forward 24H complete audits: 0
Partial-history audits: 82

IMPORTANT: PARTIAL_HISTORY rows are evidence collection only.
Do not tune Alpha Hunter from partial-history failure labels.
No trade permission was generated.

V7.9 MISSED-MOVER RECALL AUDITOR: PASS
