
ALPHA HUNTER V7.1 — 2026-08-21T15:37:59.831797+00:00

Universe: 30 deep-scanned of 759 contracts
Eligible after prefilter: 399
Non-crypto rejected: 294

SYMBOL                  PHASE    TIME   BEHAV                     STATE      RR   DISC  TRADE
---------------------------------------------------------------------------------------------
MAGMAUSDT           EXPANSION    FAIR    7.39   DIRECTION_EMERGING_LONG    0.26     NO     NO
PENGUUSDT           EXPANSION    LATE    6.26   DIRECTION_EMERGING_LONG    0.12     NO     NO
TRUMPUSDT        ACCUMULATION    FAIR    5.83   DIRECTION_EMERGING_LONG    0.09    YES     NO
FORMUSDT         ACCUMULATION    LATE    5.77   DIRECTION_EMERGING_LONG    0.06    YES     NO
LITUSDT           COMPRESSION   EARLY    5.61   DIRECTION_EMERGING_LONG    0.43    YES     NO
GRVTUSDT          COMPRESSION   EARLY    5.29               WATCH_SHORT       —    YES     NO
FFUSDT         DISTRIBUTION_RISK    FAIR    5.22   DIRECTION_EMERGING_LONG    0.03     NO     NO
IMXUSDT          ACCUMULATION    LATE    5.22                WATCH_LONG       —    YES     NO
SKYAIUSDT         COMPRESSION    FAIR    4.98   DIRECTION_EMERGING_LONG    0.41     NO     NO
TIAUSDT              IGNITION    FAIR    4.94   DIRECTION_EMERGING_LONG    0.14     NO     NO
ALLOUSDT          COMPRESSION   EARLY    4.91                   NEUTRAL       —     NO     NO
WLFIUSDT          COMPRESSION   EARLY    4.67   DIRECTION_EMERGING_LONG    0.16     NO     NO
SPXUSDT             EXPANSION    LATE    4.39   DIRECTION_EMERGING_LONG    0.08     NO     NO
AEONUSDT          COMPRESSION   EARLY    4.22                   NEUTRAL       —     NO     NO
RSRUSDT          ACCUMULATION    FAIR    3.95   DIRECTION_EMERGING_LONG    0.08     NO     NO
BASEDUSDT        ACCUMULATION    FAIR    3.95                WATCH_LONG       —     NO     NO
KAITOUSDT         COMPRESSION   EARLY    3.88                   NEUTRAL       —     NO     NO
TRXUSDT           COMPRESSION   EARLY    3.75                WATCH_LONG       —     NO     NO
BANKUSDT             IGNITION   EARLY    3.71   DIRECTION_EMERGING_LONG    0.12     NO     NO
XMRUSDT           COMPRESSION   EARLY    3.66               WATCH_SHORT       —     NO     NO
BSBUSDT           COMPRESSION   EARLY    3.58                   NEUTRAL       —     NO     NO
CAPUSDT          ACCUMULATION   EARLY    3.58                   NEUTRAL       —     NO     NO
STABLEUSDT       ACCUMULATION    FAIR    3.57   DIRECTION_EMERGING_LONG    0.22     NO     NO
JUPUSDT          ACCUMULATION    FAIR    3.48                WATCH_LONG       —     NO     NO
BBUSDT              EXPANSION    LATE    3.28                   NEUTRAL       —     NO     NO
ATUSDT         DISTRIBUTION_RISK    FAIR    2.99   DIRECTION_EMERGING_LONG    0.06     NO     NO
MUBARAKUSDT      ACCUMULATION   EARLY    2.70                   NEUTRAL       —     NO     NO
0GUSDT           ACCUMULATION    FAIR    2.46                WATCH_LONG       —     NO     NO
YGGUSDT          ACCUMULATION    FAIR    2.19                   NEUTRAL       —     NO     NO
SANTOSUSDT       ACCUMULATION   EARLY    1.73                   NEUTRAL       —     NO     NO

V7.4 PRE-MOVE SURVEILLANCE
Eligible: 3 | Primary: 3 | Reserve: 0

PRIMARY
 1 SANTOSUSDT     REVERSAL       11.38 state=NEUTRAL
 2 WLFIUSDT       CONTINUATION    9.88 state=DIRECTION_EMERGING_LONG
 3 TRXUSDT        CONTINUATION    8.91 state=WATCH_LONG

Run ID: 92f981d75ed155bae071e93c0e8c4783
Snapshot saved: /home/runner/work/Alpha-Hunter/Alpha-Hunter/data/snapshots/snapshot-20260821T153759Z.json
State history: /home/runner/work/Alpha-Hunter/Alpha-Hunter/data/state-history.jsonl
Supabase: SAVED
Qualified discovery candidates: 5
EARLY candidates: 2
V7 Trade Ready: 0
Bitget private API: NOT_CONFIGURED
