
==============================================================================================================
ALPHA HUNTER V7.5 INDEPENDENT EPISODE MARKET TRACKER
==============================================================================================================
Episodes stored: 263
Active episodes: 96

ADAUSDT        REVERSAL      now=   10.07% UP=   11.38% DOWN=  -12.70% 3=Y 5=Y 10=Y checks=46
DOGEUSDT       CONTINUATION  now=   18.89% UP=   19.95% DOWN=   -2.32% 3=Y 5=Y 10=Y checks=46
SKYAIUSDT      REVERSAL      now=  -29.31% UP=    0.00% DOWN=  -48.62% 3=Y 5=Y 10=Y checks=46
SOLUSDT        CONTINUATION  now=   18.45% UP=   19.35% DOWN=   -4.13% 3=Y 5=Y 10=Y checks=46
SUIUSDT        CONTINUATION  now=   15.20% UP=   15.90% DOWN=   -7.26% 3=Y 5=Y 10=Y checks=46
COOKIEUSDT     CONTINUATION  now=   -6.92% UP=    0.00% DOWN=  -18.26% 3=Y 5=Y 10=Y checks=46
BTWUSDT        CONTINUATION  now=  121.18% UP=  138.14% DOWN=    0.00% 3=Y 5=Y 10=Y checks=46
CYSUSDT        CONTINUATION  now=  -47.65% UP=   78.38% DOWN=  -50.85% 3=Y 5=Y 10=Y checks=46
GWEIUSDT       REVERSAL      now=   13.58% UP=   18.04% DOWN=   -2.98% 3=Y 5=Y 10=Y checks=46
BICOUSDT       REVERSAL      now=  -58.50% UP=    0.00% DOWN=  -61.82% 3=Y 5=Y 10=Y checks=46
SUIUSDT        CONTINUATION  now=   16.58% UP=   17.28% DOWN=   -6.16% 3=Y 5=Y 10=Y checks=46
MMTUSDT        REVERSAL      now=  -10.07% UP=    0.00% DOWN=  -17.89% 3=Y 5=Y 10=Y checks=46
IOTXUSDT       REVERSAL      now=    4.30% UP=    4.47% DOWN=  -11.34% 3=Y 5=Y 10=Y checks=46
FORMUSDT       REVERSAL      now=   26.07% UP=   27.22% DOWN=   -7.88% 3=Y 5=Y 10=Y checks=46
JTOUSDT        REVERSAL      now=   11.67% UP=   13.50% DOWN=   -0.43% 3=Y 5=Y 10=Y checks=46
4USDT          REVERSAL      now=   -4.64% UP=    0.00% DOWN=  -22.21% 3=Y 5=Y 10=Y checks=46
MUBARAKUSDT    REVERSAL      now=    2.25% UP=    4.61% DOWN=  -24.10% 3=Y 5=Y 10=Y checks=46
PUMPUSDT       REVERSAL      now=   48.31% UP=   50.49% DOWN=   -5.65% 3=Y 5=Y 10=Y checks=46
HYPEUSDT       REVERSAL      now=   36.75% UP=   38.64% DOWN=   -0.62% 3=Y 5=Y 10=Y checks=46
ACUUSDT        REVERSAL      now=   10.53% UP=   16.62% DOWN=   -4.40% 3=Y 5=Y 10=Y checks=46
BTWUSDT        CONTINUATION  now=   47.44% UP=   59.69% DOWN=  -10.16% 3=Y 5=Y 10=Y checks=46
AEONUSDT       CONTINUATION  now=    4.54% UP=   28.99% DOWN=   -6.91% 3=Y 5=Y 10=Y checks=46
ZECUSDT        REVERSAL      now=   29.68% UP=   31.27% DOWN=   -0.72% 3=Y 5=Y 10=Y checks=31
HYPEUSDT       REVERSAL      now=   31.09% UP=   32.86% DOWN=   -1.10% 3=Y 5=Y 10=Y checks=31
OUSDT          CONTINUATION  now=    0.33% UP=    3.92% DOWN=   -6.18% 3=Y 5=Y 10=- checks=31
LINKUSDT       CONTINUATION  now=   21.34% UP=   25.07% DOWN=    0.00% 3=Y 5=Y 10=Y checks=31
1000RATSUSDT   REVERSAL      now=   -1.26% UP=    9.83% DOWN=   -4.96% 3=Y 5=Y 10=- checks=26
SOLUSDT        CONTINUATION  now=   18.03% UP=   20.51% DOWN=   -0.19% 3=Y 5=Y 10=Y checks=26
REDUSDT        REVERSAL      now=   36.78% UP=   38.48% DOWN=   -1.25% 3=Y 5=Y 10=Y checks=26
AEONUSDT       REVERSAL      now=   -6.85% UP=    5.43% DOWN=  -13.04% 3=Y 5=Y 10=Y checks=26
BTCUSDT        CONTINUATION  now=   20.38% UP=   23.41% DOWN=   -0.08% 3=Y 5=Y 10=Y checks=26
ETHUSDT        CONTINUATION  now=   24.88% UP=   27.50% DOWN=   -0.01% 3=Y 5=Y 10=Y checks=26
ACUUSDT        REVERSAL      now=   -1.62% UP=    1.11% DOWN=   -7.79% 3=Y 5=Y 10=- checks=14
VVVUSDT        CONTINUATION  now=    8.32% UP=   13.13% DOWN=   -1.05% 3=Y 5=Y 10=Y checks=14
1000RATSUSDT   CONTINUATION  now=   -7.15% UP=    0.63% DOWN=   -8.95% 3=Y 5=Y 10=- checks=14
LAUSDT         CONTINUATION  now=   11.41% UP=   13.94% DOWN=   -0.98% 3=Y 5=Y 10=Y checks=14
UNIUSDT        CONTINUATION  now=    8.39% UP=    9.51% DOWN=    0.00% 3=Y 5=Y 10=- checks=4
LAUSDT         CONTINUATION  now=   10.63% UP=   13.15% DOWN=    0.00% 3=Y 5=Y 10=Y checks=4
ZROUSDT        REVERSAL      now=   22.05% UP=   22.59% DOWN=   -0.44% 3=Y 5=Y 10=Y checks=4
NEARUSDT       CONTINUATION  now=    9.18% UP=   10.37% DOWN=   -1.95% 3=Y 5=Y 10=Y checks=4
LITUSDT        CONTINUATION  now=    1.88% UP=    4.22% DOWN=   -7.55% 3=Y 5=Y 10=- checks=13
ONDOUSDT       CONTINUATION  now=   11.30% UP=   11.50% DOWN=   -2.64% 3=Y 5=Y 10=Y checks=13
BTWUSDT        REVERSAL      now=   13.56% UP=   32.94% DOWN=   -2.37% 3=Y 5=Y 10=Y checks=12
OPUSDT         CONTINUATION  now=    7.78% UP=    9.13% DOWN=   -3.53% 3=Y 5=Y 10=- checks=12
WLFIUSDT       REVERSAL      now=    0.63% UP=    1.56% DOWN=   -3.33% 3=Y 5=- 10=- checks=11
LDOUSDT        CONTINUATION  now=    8.83% UP=   10.42% DOWN=   -0.18% 3=Y 5=Y 10=Y checks=11
XMRUSDT        REVERSAL      now=    0.47% UP=    2.88% DOWN=   -0.82% 3=- 5=- 10=- checks=11
LITUSDT        REVERSAL      now=    8.05% UP=   10.53% DOWN=   -1.95% 3=Y 5=Y 10=Y checks=11
NEARUSDT       REVERSAL      now=   10.23% UP=   12.48% DOWN=   -0.02% 3=Y 5=Y 10=Y checks=11
TREEUSDT       REVERSAL      now=    5.24% UP=    6.46% DOWN=   -1.80% 3=Y 5=Y 10=- checks=11
WLDUSDT        CONTINUATION  now=    9.71% UP=   10.44% DOWN=   -0.44% 3=Y 5=Y 10=Y checks=11
VVVUSDT        REVERSAL      now=    8.06% UP=    8.95% DOWN=    0.00% 3=Y 5=Y 10=- checks=3
WLDUSDT        CONTINUATION  now=    9.62% UP=   10.32% DOWN=   -0.08% 3=Y 5=Y 10=Y checks=3
UNIUSDT        CONTINUATION  now=    6.99% UP=    8.04% DOWN=    0.00% 3=Y 5=Y 10=- checks=3
LINKUSDT       CONTINUATION  now=    8.90% UP=    9.88% DOWN=   -0.11% 3=Y 5=Y 10=- checks=3
TREEUSDT       REVERSAL      now=    6.72% UP=    7.90% DOWN=    0.00% 3=Y 5=Y 10=- checks=3
TRUMPUSDT      CONTINUATION  now=   16.80% UP=   18.72% DOWN=   -0.24% 3=Y 5=Y 10=Y checks=3
NEARUSDT       CONTINUATION  now=    9.37% UP=   10.56% DOWN=   -0.11% 3=Y 5=Y 10=Y checks=3
ZECUSDT        CONTINUATION  now=   14.45% UP=   15.82% DOWN=   -0.15% 3=Y 5=Y 10=Y checks=3
LUMIAUSDT      CONTINUATION  now=    6.59% UP=    7.19% DOWN=    0.00% 3=Y 5=Y 10=- checks=3
ONDOUSDT       REVERSAL      now=   12.66% UP=   12.86% DOWN=   -0.09% 3=Y 5=Y 10=Y checks=3
AAVEUSDT       CONTINUATION  now=   12.44% UP=   14.39% DOWN=   -0.48% 3=Y 5=Y 10=Y checks=10
BTWUSDT        REVERSAL      now=    8.91% UP=   27.47% DOWN=   -2.82% 3=Y 5=Y 10=Y checks=9
MAGMAUSDT      CONTINUATION  now=   13.55% UP=   18.05% DOWN=   -0.21% 3=Y 5=Y 10=Y checks=9
INJUSDT        CONTINUATION  now=    4.77% UP=    6.67% DOWN=   -0.27% 3=Y 5=Y 10=- checks=9
RENDERUSDT     CONTINUATION  now=    7.13% UP=    8.24% DOWN=   -0.16% 3=Y 5=Y 10=- checks=9
LDOUSDT        CONTINUATION  now=    7.51% UP=    9.08% DOWN=   -0.06% 3=Y 5=Y 10=- checks=8
TRUMPUSDT      REVERSAL      now=   18.16% UP=   20.17% DOWN=   -0.18% 3=Y 5=Y 10=Y checks=8
HYPEUSDT       CONTINUATION  now=    5.85% UP=    7.28% DOWN=   -1.93% 3=Y 5=Y 10=- checks=8
MONUSDT        CONTINUATION  now=    8.19% UP=    8.80% DOWN=   -0.99% 3=Y 5=Y 10=- checks=8
USELESSUSDT    CONTINUATION  now=   22.52% UP=   24.28% DOWN=   -0.47% 3=Y 5=Y 10=Y checks=8
INJUSDT        CONTINUATION  now=    4.44% UP=    6.33% DOWN=   -0.11% 3=Y 5=Y 10=- checks=7
TRUMPUSDT      CONTINUATION  now=   16.11% UP=   18.08% DOWN=   -0.24% 3=Y 5=Y 10=Y checks=7
ONDOUSDT       CONTINUATION  now=    8.48% UP=    8.57% DOWN=   -0.74% 3=Y 5=Y 10=- checks=7
XMRUSDT        REVERSAL      now=   -1.66% UP=    0.47% DOWN=   -2.62% 3=- 5=- 10=- checks=7
REUSDT         CONTINUATION  now=   -3.30% UP=    5.20% DOWN=   -9.86% 3=Y 5=Y 10=- checks=7
AAVEUSDT       CONTINUATION  now=   10.67% UP=   12.63% DOWN=   -0.33% 3=Y 5=Y 10=Y checks=6
BRETTUSDT      CONTINUATION  now=   10.56% UP=   12.65% DOWN=   -0.02% 3=Y 5=Y 10=Y checks=6
MAGMAUSDT      CONTINUATION  now=   10.75% UP=   15.14% DOWN=   -2.40% 3=Y 5=Y 10=Y checks=6
LDOUSDT        CONTINUATION  now=    2.31% UP=    3.80% DOWN=   -1.52% 3=Y 5=- 10=- checks=5
TRXUSDT        CONTINUATION  now=    0.06% UP=    0.65% DOWN=   -0.06% 3=- 5=- 10=- checks=5
TRUMPUSDT      CONTINUATION  now=   10.36% UP=   12.24% DOWN=   -3.13% 3=Y 5=Y 10=Y checks=5
ETHFIUSDT      CONTINUATION  now=    5.36% UP=    6.03% DOWN=   -4.21% 3=Y 5=Y 10=- checks=5
1000SATSUSDT   CONTINUATION  now=    0.16% UP=    2.80% DOWN=   -4.67% 3=Y 5=- 10=- checks=5
INJUSDT        CONTINUATION  now=   -0.42% UP=    1.38% DOWN=   -3.13% 3=Y 5=- 10=- checks=5
BIOUSDT        CONTINUATION  now=    0.75% UP=    1.84% DOWN=   -1.53% 3=- 5=- 10=- checks=4
WLFIUSDT       CONTINUATION  now=    0.85% UP=    1.41% DOWN=   -1.63% 3=- 5=- 10=- checks=4
XMRUSDT        REVERSAL      now=   -0.46% UP=    0.95% DOWN=   -0.56% 3=- 5=- 10=- checks=3
TRXUSDT        CONTINUATION  now=   -0.10% UP=    0.05% DOWN=   -0.25% 3=- 5=- 10=- checks=2
WLFIUSDT       CONTINUATION  now=    0.62% UP=    0.75% DOWN=   -1.83% 3=- 5=- 10=- checks=2
MAGMAUSDT      CONTINUATION  now=    7.62% UP=   11.89% DOWN=    0.00% 3=Y 5=Y 10=Y checks=2
XMRUSDT        REVERSAL      now=   -1.22% UP=    0.00% DOWN=   -1.22% 3=- 5=- 10=- checks=2
SANTOSUSDT     REVERSAL      now=    1.22% UP=    1.37% DOWN=   -0.31% 3=- 5=- 10=- checks=2
ALLOUSDT       REVERSAL      now=   -0.24% UP=    0.06% DOWN=   -0.80% 3=- 5=- 10=- checks=2
TRXUSDT        CONTINUATION  now=   -0.04% UP=    0.04% DOWN=   -0.07% 3=- 5=- 10=- checks=2
WLFIUSDT       CONTINUATION  now=    0.65% UP=    0.66% DOWN=    0.00% 3=- 5=- 10=- checks=2

==============================================================================================================
TRACKER SUMMARY
==============================================================================================================
Checked: 96
Failed: 0
Supabase rows upserted: 263
3% episodes: 219
5% episodes: 204
10% episodes: 146

V7.5 EPISODE MARKET TRACKER: PASS
