V7.5 state restored from Supabase: 263

ALPHA HUNTER V7.5 OPPORTUNITY LIFECYCLE
Run ID: 92f981d75ed155bae071e93c0e8c4783
Timestamp: 2026-08-21T15:37:59.831797+00:00
Lifecycle candidates: 3

UPDATE WLFIUSDT       CONTINUATION  state=DIRECTION_EMERGING   det=2   v74= 9.88 rank=3 shadow= 0.00 provisional=ACTIVE final=PENDING
UPDATE TRXUSDT        CONTINUATION  state=DIRECTION_EMERGING   det=2   v74= 8.91 rank=4 shadow= 0.00 provisional=ACTIVE final=PENDING
UPDATE SANTOSUSDT     REVERSAL      state=PRE_MOVE_DETECTED    det=2   v74=11.36 rank=1 shadow=10.39 provisional=ACTIVE final=PENDING

Supabase lifecycle rows upserted: 263
Supabase lifecycle row count: 263

====================================================================================================
V7.5 LIFECYCLE SUMMARY
====================================================================================================
Episodes stored: 263
Created this run: 0
Updated this run: 3
Active episodes: 263

STATE COUNTS
DIRECTION_EMERGING       28
EXPANSION                4
FINALIZED                167
PRE_MOVE_DETECTED        64

State file: /home/runner/work/Alpha-Hunter/Alpha-Hunter/data/v75-lifecycle-episodes.json
History file: /home/runner/work/Alpha-Hunter/Alpha-Hunter/data/v75-lifecycle-history.jsonl

V7.5 LIFECYCLE JOB: PASS
