
======================================================================================================================
ALPHA HUNTER V7.6 POST-CONFIRMATION OUTCOME TRACKER — SHADOW
======================================================================================================================
Confirmed outcome rows: 217
Created this run: 3

ZROUSDT        LONG   quality=FORWARD_COMPLETE now=  15.37% MFE=  15.93% MAE=  -0.10% lost=- done=-
LITUSDT        SHORT  quality=FORWARD_COMPLETE now= -10.26% MFE=   0.15% MAE= -12.56% lost=Y done=-
REUSDT         LONG   quality=FORWARD_COMPLETE now=  -6.92% MFE=   0.14% MAE= -13.23% lost=Y done=-
WLFIUSDT       LONG   quality=FORWARD_COMPLETE now=   0.83% MFE=   1.40% MAE=  -1.64% lost=Y done=-
BIOUSDT        LONG   quality=FORWARD_COMPLETE now=  -0.22% MFE=   0.96% MAE=  -2.38% lost=Y done=-
TRXUSDT        LONG   quality=FORWARD_COMPLETE now=  -0.43% MFE=   0.10% MAE=  -0.61% lost=Y done=-
XMRUSDT        SHORT  quality=FORWARD_COMPLETE now=  -0.40% MFE=   0.05% MAE=  -1.47% lost=Y done=-
LDOUSDT        LONG   quality=FORWARD_COMPLETE now=   1.08% MFE=   2.33% MAE=  -1.42% lost=- done=-
AAVEUSDT       LONG   quality=FORWARD_COMPLETE now=  -0.39% MFE=   1.22% MAE=  -3.30% lost=- done=-
LITUSDT        SHORT  quality=FORWARD_COMPLETE now= -10.13% MFE=   0.27% MAE= -12.43% lost=Y done=-
LAUSDT         LONG   quality=FORWARD_COMPLETE now=   9.77% MFE=  12.42% MAE=  -2.30% lost=Y done=-
LAUSDT         LONG   quality=FORWARD_COMPLETE now=   9.77% MFE=  12.42% MAE=  -2.30% lost=Y done=-
WLDUSDT        SHORT  quality=FORWARD_COMPLETE now= -13.13% MFE=   0.36% MAE= -13.36% lost=Y done=Y
LAUSDT         LONG   quality=FORWARD_COMPLETE now=   9.77% MFE=  12.42% MAE=  -2.30% lost=- done=-
LAUSDT         LONG   quality=FORWARD_COMPLETE now=   9.77% MFE=  12.42% MAE=  -2.30% lost=- done=-
ZROUSDT        LONG   quality=FORWARD_COMPLETE now=  18.41% MFE=  18.96% MAE=  -3.10% lost=Y done=-
UNIUSDT        LONG   quality=FORWARD_COMPLETE now=   4.38% MFE=   6.37% MAE=  -0.79% lost=Y done=-
MAGMAUSDT      LONG   quality=FORWARD_COMPLETE now=   8.99% MFE=  13.64% MAE=  -3.68% lost=Y done=-
TREEUSDT       SHORT  quality=FORWARD_COMPLETE now=  -6.72% MFE=   0.42% MAE=  -7.95% lost=Y done=Y
MUBARAKUSDT    SHORT  quality=FORWARD_COMPLETE now=  -5.75% MFE=   3.73% MAE= -18.38% lost=Y done=Y
ONDOUSDT       LONG   quality=FORWARD_COMPLETE now=  11.02% MFE=  11.10% MAE=  -3.40% lost=Y done=-
TRUMPUSDT      LONG   quality=FORWARD_COMPLETE now=  12.78% MFE=  16.14% MAE=   0.00% lost=Y done=-
ZECUSDT        LONG   quality=FORWARD_COMPLETE now=   7.84% MFE=   8.91% MAE=  -1.39% lost=- done=-
RENDERUSDT     LONG   quality=FORWARD_COMPLETE now=   6.55% MFE=   7.59% MAE=  -0.31% lost=Y done=-
LDOUSDT        LONG   quality=FORWARD_COMPLETE now=   7.02% MFE=   8.35% MAE=  -0.76% lost=Y done=-
VVVUSDT        LONG   quality=FORWARD_COMPLETE now=   7.44% MFE=  12.21% MAE=  -1.85% lost=Y done=-
OPUSDT         LONG   quality=FORWARD_COMPLETE now=   6.86% MFE=   7.68% MAE=  -1.43% lost=Y done=-
LAUSDT         LONG   quality=FORWARD_COMPLETE now=   8.60% MFE=  11.23% MAE=  -3.34% lost=Y done=-
LAUSDT         LONG   quality=FORWARD_COMPLETE now=   9.77% MFE=  12.42% MAE=  -2.30% lost=- done=-
XMRUSDT        LONG   quality=FORWARD_COMPLETE now=  -2.56% MFE=   0.47% MAE=  -3.77% lost=Y done=-
LDOUSDT        LONG   quality=FORWARD_COMPLETE now=   6.52% MFE=   7.84% MAE=  -0.12% lost=- done=-
VVVUSDT        LONG   quality=FORWARD_COMPLETE now=   7.85% MFE=  12.21% MAE=  -1.85% lost=- done=-
LAUSDT         LONG   quality=FORWARD_COMPLETE now=   9.77% MFE=  12.42% MAE=  -2.30% lost=Y done=-
INJUSDT        LONG   quality=FORWARD_COMPLETE now=   1.65% MFE=   3.16% MAE=  -1.00% lost=Y done=-
VVVUSDT        LONG   quality=FORWARD_COMPLETE now=   7.85% MFE=  12.21% MAE=  -1.85% lost=Y done=-
WLFIUSDT       LONG   quality=FORWARD_COMPLETE now=   0.91% MFE=   1.76% MAE=  -3.14% lost=Y done=-
XMRUSDT        LONG   quality=FORWARD_COMPLETE now=  -2.56% MFE=   0.47% MAE=  -3.77% lost=Y done=-
NEARUSDT       LONG   quality=FORWARD_COMPLETE now=   8.04% MFE=  10.00% MAE=  -0.89% lost=Y done=-
TREEUSDT       LONG   quality=FORWARD_COMPLETE now=   2.84% MFE=   4.04% MAE=  -3.41% lost=Y done=-
1000RATSUSDT   SHORT  quality=FORWARD_COMPLETE now=   3.89% MFE=   5.65% MAE=  -2.06% lost=Y done=-
ACUUSDT        SHORT  quality=FORWARD_COMPLETE now=  -3.66% MFE=   1.81% MAE=  -6.54% lost=Y done=-
NEARUSDT       LONG   quality=FORWARD_COMPLETE now=   8.68% MFE=  10.65% MAE=  -2.78% lost=Y done=-
POLUSDT        LONG   quality=FORWARD_COMPLETE now=   9.31% MFE=  12.77% MAE=  -4.41% lost=Y done=-
WLDUSDT        LONG   quality=FORWARD_COMPLETE now=   8.53% MFE=   8.93% MAE=  -0.81% lost=Y done=-
LUMIAUSDT      LONG   quality=FORWARD_COMPLETE now=   5.73% MFE=   5.97% MAE=  -1.22% lost=- done=-
TRUMPUSDT      LONG   quality=FORWARD_COMPLETE now=   8.82% MFE=  12.17% MAE=  -1.19% lost=- done=-
NEARUSDT       LONG   quality=FORWARD_COMPLETE now=   7.76% MFE=   9.72% MAE=  -1.15% lost=Y done=-
TREEUSDT       LONG   quality=FORWARD_COMPLETE now=   2.84% MFE=   4.04% MAE=  -3.41% lost=Y done=-
LINKUSDT       LONG   quality=FORWARD_COMPLETE now=   7.31% MFE=  10.60% MAE=  -0.05% lost=Y done=-
WLDUSDT        LONG   quality=FORWARD_COMPLETE now=   8.26% MFE=   8.67% MAE=  -1.05% lost=Y done=-
UNIUSDT        LONG   quality=FORWARD_COMPLETE now=   4.48% MFE=   6.37% MAE=  -0.79% lost=Y done=-
ONDOUSDT       LONG   quality=FORWARD_COMPLETE now=  10.62% MFE=  10.79% MAE=  -0.33% lost=Y done=-
AAVEUSDT       LONG   quality=FORWARD_COMPLETE now=  12.70% MFE=  14.60% MAE=  -0.21% lost=Y done=-
BRETTUSDT      LONG   quality=FORWARD_COMPLETE now=   4.25% MFE=   6.22% MAE=  -3.00% lost=- done=-
VVVUSDT        LONG   quality=FORWARD_COMPLETE now=  -3.03% MFE=   0.18% MAE=  -5.44% lost=Y done=-
BTWUSDT        LONG   quality=FORWARD_COMPLETE now=   1.20% MFE=  18.69% MAE=  -7.76% lost=Y done=-
BTWUSDT        LONG   quality=FORWARD_COMPLETE now=   1.24% MFE=  18.74% MAE=  -7.72% lost=Y done=-
TRUMPUSDT      LONG   quality=FORWARD_COMPLETE now=  12.45% MFE=  15.80% MAE=  -0.29% lost=Y done=-
USELESSUSDT    LONG   quality=FORWARD_COMPLETE now=  18.15% MFE=  18.56% MAE=  -0.76% lost=- done=-
TRUMPUSDT      LONG   quality=FORWARD_COMPLETE now=  12.45% MFE=  15.80% MAE=  -0.29% lost=- done=-
HYPEUSDT       LONG   quality=FORWARD_COMPLETE now=   1.77% MFE=   2.89% MAE=  -3.57% lost=Y done=-
MONUSDT        LONG   quality=FORWARD_COMPLETE now=   0.28% MFE=   0.70% MAE=  -5.50% lost=Y done=-
ONDOUSDT       LONG   quality=FORWARD_COMPLETE now=   5.26% MFE=   5.37% MAE=  -2.86% lost=Y done=-
INJUSDT        LONG   quality=FORWARD_COMPLETE now=  -0.08% MFE=   1.40% MAE=  -3.11% lost=Y done=-
INJUSDT        LONG   quality=FORWARD_COMPLETE now=  -0.10% MFE=   1.38% MAE=  -3.13% lost=Y done=-
XMRUSDT        SHORT  quality=FORWARD_COMPLETE now=  -0.21% MFE=   0.13% MAE=  -1.39% lost=Y done=-
1000SATSUSDT   LONG   quality=FORWARD_COMPLETE now=   1.74% MFE=   4.51% MAE=  -0.71% lost=- done=-
MAGMAUSDT      LONG   quality=FORWARD_COMPLETE now=  -0.55% MFE=   0.19% MAE=  -0.55% lost=- done=-
ETHFIUSDT      LONG   quality=FORWARD_COMPLETE now=  -0.37% MFE=   0.00% MAE=  -0.37% lost=- done=-
MAGMAUSDT      LONG   quality=FORWARD_COMPLETE now=  -1.02% MFE=   0.00% MAE=  -1.02% lost=- done=-

======================================================================================================================
POST-CONFIRMATION TRACKER SUMMARY
======================================================================================================================
Outcome rows: 217
Created this run: 3
Tracked this run: 70
Failed: 0
Supabase rows upserted: 217
Forward complete: 217
Completed 24H: 150

IMPORTANT: OUTCOME TRACKER IS MEASUREMENT ONLY.
No trade permission was generated.

V7.6 POST-CONFIRMATION OUTCOME TRACKER: PASS
