
======================================================================================================================
ALPHA HUNTER V7.6 DIRECTION-PROOF ENGINE — SHADOW
======================================================================================================================
Eligible forward episodes: 70

SYMBOL         PATH          DIR         CONF   LONG   SHORT       15M        1H
----------------------------------------------------------------------------------------------------------------------
ZECUSDT        REVERSAL      LONG       68.8%   5.50    0.00   BULLISH   BULLISH
HYPEUSDT       REVERSAL      LONG       83.8%   7.00    1.00   BULLISH   BULLISH
OUSDT          CONTINUATION  SHORT      56.2%   0.00    4.50   BEARISH     MIXED
LINKUSDT       CONTINUATION  LONG       68.8%   5.50    0.00   BULLISH   BULLISH
1000RATSUSDT   REVERSAL      SHORT      50.6%   1.50    4.50     MIXED   BEARISH
SOLUSDT        CONTINUATION  LONG       50.0%   4.00    0.00   BULLISH   BULLISH
REDUSDT        REVERSAL      LONG      100.0%   8.00    0.00   BULLISH   BULLISH
AEONUSDT       REVERSAL      UNKNOWN     0.0%   2.00    0.00     MIXED   BULLISH
BTCUSDT        CONTINUATION  LONG       50.0%   4.00    0.00   BULLISH   BULLISH
ETHUSDT        CONTINUATION  LONG       50.0%   4.00    0.00   BULLISH   BULLISH
UNIUSDT        CONTINUATION  LONG       81.2%   6.50    0.00   BULLISH   BULLISH
LAUSDT         CONTINUATION  UNKNOWN     0.0%   3.50    1.00     MIXED   BULLISH
ZROUSDT        REVERSAL      LONG      100.0%   8.00    0.00   BULLISH   BULLISH
NEARUSDT       CONTINUATION  LONG       50.0%   4.00    0.00   BULLISH   BULLISH
LITUSDT        CONTINUATION  LONG      100.0%   8.00    0.00   BULLISH   BULLISH
ONDOUSDT       CONTINUATION  LONG      100.0%   8.00    0.00   BULLISH   BULLISH
BTWUSDT        REVERSAL      SHORT      50.6%   1.50    4.50   BEARISH     MIXED
OPUSDT         CONTINUATION  LONG       87.5%   7.00    0.00   BULLISH   BULLISH
WLFIUSDT       REVERSAL      LONG       50.0%   4.00    0.00   BULLISH   BULLISH
LDOUSDT        CONTINUATION  LONG       68.8%   5.50    0.00   BULLISH   BULLISH
XMRUSDT        REVERSAL      SHORT      50.0%   0.00    4.00   BEARISH   BEARISH
LITUSDT        REVERSAL      LONG      100.0%   8.00    0.00   BULLISH   BULLISH
NEARUSDT       REVERSAL      LONG       50.0%   4.00    0.00   BULLISH   BULLISH
TREEUSDT       REVERSAL      LONG       56.2%   4.50    0.00     MIXED   BULLISH
WLDUSDT        CONTINUATION  LONG      100.0%   8.00    0.00   BULLISH   BULLISH
VVVUSDT        REVERSAL      LONG       46.2%   4.00    1.00   BULLISH   BULLISH
WLDUSDT        CONTINUATION  LONG      100.0%   8.00    0.00   BULLISH   BULLISH
UNIUSDT        CONTINUATION  LONG       81.2%   6.50    0.00   BULLISH   BULLISH
LINKUSDT       CONTINUATION  LONG       68.8%   5.50    0.00   BULLISH   BULLISH
TREEUSDT       REVERSAL      LONG       56.2%   4.50    0.00     MIXED   BULLISH
TRUMPUSDT      CONTINUATION  LONG      100.0%   8.00    0.00   BULLISH   BULLISH
NEARUSDT       CONTINUATION  LONG       50.0%   4.00    0.00   BULLISH   BULLISH
ZECUSDT        CONTINUATION  LONG       68.8%   5.50    0.00   BULLISH   BULLISH
LUMIAUSDT      CONTINUATION  LONG      100.0%   8.00    0.00   BULLISH   BULLISH
ONDOUSDT       REVERSAL      LONG      100.0%   8.00    0.00   BULLISH   BULLISH
AAVEUSDT       CONTINUATION  LONG       52.5%   4.50    1.00     MIXED   BULLISH
BTWUSDT        REVERSAL      SHORT      50.6%   1.50    4.50   BEARISH     MIXED
MAGMAUSDT      CONTINUATION  LONG       83.8%   7.00    1.00   BULLISH   BULLISH
INJUSDT        CONTINUATION  UNKNOWN     0.0%   2.00    1.00     MIXED   BULLISH
RENDERUSDT     CONTINUATION  LONG       87.5%   7.00    0.00   BULLISH   BULLISH
LDOUSDT        CONTINUATION  LONG       68.8%   5.50    0.00   BULLISH   BULLISH
TRUMPUSDT      REVERSAL      LONG      100.0%   8.00    0.00   BULLISH   BULLISH
HYPEUSDT       CONTINUATION  LONG       83.8%   7.00    1.00   BULLISH   BULLISH
MONUSDT        CONTINUATION  LONG       68.8%   5.50    0.00   BULLISH   BULLISH
USELESSUSDT    CONTINUATION  LONG      100.0%   8.00    0.00   BULLISH   BULLISH
INJUSDT        CONTINUATION  UNKNOWN     0.0%   2.00    1.00     MIXED   BULLISH
TRUMPUSDT      CONTINUATION  LONG      100.0%   8.00    0.00   BULLISH   BULLISH
ONDOUSDT       CONTINUATION  LONG      100.0%   8.00    0.00   BULLISH   BULLISH
XMRUSDT        REVERSAL      SHORT      62.5%   0.00    5.00   BEARISH   BEARISH
REUSDT         CONTINUATION  SHORT      46.9%   2.50    4.50     MIXED   BEARISH
AAVEUSDT       CONTINUATION  LONG       56.2%   4.50    0.00     MIXED   BULLISH
BRETTUSDT      CONTINUATION  LONG       71.2%   6.00    1.00     MIXED   BULLISH
MAGMAUSDT      CONTINUATION  LONG       83.8%   7.00    1.00   BULLISH   BULLISH
LDOUSDT        CONTINUATION  LONG       68.8%   5.50    0.00   BULLISH   BULLISH
TRXUSDT        CONTINUATION  UNKNOWN     0.0%   3.00    0.00     MIXED   BULLISH
TRUMPUSDT      CONTINUATION  LONG      100.0%   8.00    0.00   BULLISH   BULLISH
ETHFIUSDT      CONTINUATION  LONG       87.5%   7.00    0.00   BULLISH   BULLISH
1000SATSUSDT   CONTINUATION  LONG       52.5%   4.50    1.00     MIXED   BULLISH
INJUSDT        CONTINUATION  UNKNOWN     0.0%   2.00    1.00     MIXED   BULLISH
BIOUSDT        CONTINUATION  LONG       56.9%   5.00    1.50   BULLISH   BULLISH
WLFIUSDT       CONTINUATION  LONG       50.0%   4.00    0.00   BULLISH   BULLISH
XMRUSDT        REVERSAL      SHORT      50.0%   0.00    4.00   BEARISH   BEARISH
TRXUSDT        CONTINUATION  UNKNOWN     0.0%   3.00    0.00     MIXED   BULLISH
WLFIUSDT       CONTINUATION  LONG       50.0%   4.00    0.00   BULLISH   BULLISH
MAGMAUSDT      CONTINUATION  LONG       83.8%   7.00    1.00   BULLISH   BULLISH
XMRUSDT        REVERSAL      SHORT      50.0%   0.00    4.00   BEARISH   BEARISH
SANTOSUSDT     REVERSAL      UNKNOWN     0.0%   3.50    0.00     MIXED     MIXED
ALLOUSDT       REVERSAL      UNKNOWN     0.0%   1.50    3.00   BEARISH     MIXED
TRXUSDT        CONTINUATION  LONG       50.0%   4.00    0.00   BULLISH   BULLISH
WLFIUSDT       CONTINUATION  LONG       50.0%   4.00    0.00   BULLISH   BULLISH

======================================================================================================================
V7.6 SHADOW SUMMARY
======================================================================================================================
Evaluated: 70
LONG: 52
SHORT: 9
UNKNOWN: 9
Failures: 0
Supabase shadow rows saved: 70
Direction state rows saved: 70
Immutable transition rows saved: 70
Transition run ID: cloud5d-20260821T153703Z
Direction emerging: 24
Direction confirmed: 35
Lost confirmation: 2

IMPORTANT: V7.6 IS SHADOW ONLY.
No trade permission was generated.

V7.6 DIRECTION SHADOW: PASS
