
====================================================================================================
ALPHA HUNTER P0-3 PRODUCTION DATA GUARDRAILS
====================================================================================================
PASS     snapshot_freshness                 snapshot age 3.9s
PASS     snapshot_run_id                    run_id=77bd4579c7d46cf54b578ed0e9737de9
PASS     contract_universe_size             contracts=754
PASS     ticker_coverage                    ticker coverage=100.0%
PASS     selected_symbol_consistency        selected_count=28, selected_symbols=28, result_rows=28
PASS     selected_symbol_uniqueness         unique=28, listed=28
PASS     deep_scan_success_ratio            deep-scan success=100.0%
WARN     bitget_private_api                 private API=NOT_CONFIGURED
PASS     universe_ledger_presence           rows=754
PASS     universe_ledger_coverage           ledger coverage=100.0%
PASS     universe_symbol_uniqueness         unique=754, rows=754
PASS     universe_hour_bucket               expected=2026-08-17 01:00:00+00:00, observed=['2026-08-17T01:00:00+00:00']
PASS     ledger_selection_context           selection_run_ids=['77bd4579c7d46cf54b578ed0e9737de9']
PASS     ledger_capture_mode                ledger selection context matches current scan
FAIL     ledger_timestamps                  one or more ledger timestamps invalid
PASS     ledger_source                      source=BITGET_ALL_TICKERS
PASS     ledger_measurement_quality         quality=HOURLY_TICKER_SNAPSHOT
PASS     v79_trade_permission               all V7.9 rows have trade_permission=false
PASS     ledger_scan_count_consistency      selected=28/28, eligible=303/303

Overall guardrail status: FAIL
Ledger capture mode: FIRST_CAPTURE_MATCH
Current scan run ID: 77bd4579c7d46cf54b578ed0e9737de9
Ledger selection run ID: 77bd4579c7d46cf54b578ed0e9737de9
====================================================================================================
