
ALPHA HUNTER V7.1 — 2026-08-17T01:27:11.105367+00:00

Universe: 28 deep-scanned of 754 contracts
Eligible after prefilter: 303
Non-crypto rejected: 285

SYMBOL                  PHASE    TIME   BEHAV                     STATE      RR   DISC  TRADE
---------------------------------------------------------------------------------------------
CAPUSDT          ACCUMULATION    FAIR    6.60   DIRECTION_EMERGING_LONG    0.05    YES     NO
AIOUSDT             EXPANSION    LATE    6.50                WATCH_LONG       —     NO     NO
BEATUSDT            EXPANSION   EARLY    6.29  DIRECTION_EMERGING_SHORT    0.20     NO     NO
TUTUSDT        DISTRIBUTION_RISK    FAIR    6.28                   NEUTRAL       —     NO     NO
APRUSDT             EXPANSION    LATE    6.25               WATCH_SHORT       —     NO     NO
CYSUSDT           COMPRESSION    FAIR    6.21                   NEUTRAL       —    YES     NO
BICOUSDT         ACCUMULATION    FAIR    5.80                   NEUTRAL       —    YES     NO
LINKUSDT          COMPRESSION   EARLY    5.22   DIRECTION_EMERGING_LONG    0.36    YES     NO
GPSUSDT        DISTRIBUTION_RISK    LATE    5.03   DIRECTION_EMERGING_LONG    0.09     NO     NO
ACEUSDT          ACCUMULATION    FAIR    4.88               WATCH_SHORT       —     NO     NO
HYPEUSDT          COMPRESSION   EARLY    4.75   DIRECTION_EMERGING_LONG    0.03     NO     NO
COWUSDT             BREAKDOWN    FAIR    4.70               WATCH_SHORT       —     NO     NO
WALUSDT             BREAKDOWN   EARLY    4.69  DIRECTION_EMERGING_SHORT    0.01     NO     NO
ALICEUSDT        ACCUMULATION    FAIR    4.63                   NEUTRAL       —     NO     NO
USUSDT         DISTRIBUTION_RISK    FAIR    4.53                WATCH_LONG       —     NO     NO
CHIPUSDT          COMPRESSION    FAIR    4.50                   NEUTRAL       —     NO     NO
ETHUSDT              IGNITION   EARLY    4.47   DIRECTION_EMERGING_LONG    0.07     NO     NO
DOSUSDT             BREAKDOWN    FAIR    4.05  DIRECTION_EMERGING_SHORT    0.09     NO     NO
MUBARAKUSDT    DISTRIBUTION_RISK    FAIR    3.74                WATCH_LONG       —     NO     NO
SOLUSDT          ACCUMULATION   EARLY    3.46                   NEUTRAL       —     NO     NO
BTCUSDT          ACCUMULATION   EARLY    3.15                   NEUTRAL       —     NO     NO
ZECUSDT          ACCUMULATION   EARLY    3.13                   NEUTRAL       —     NO     NO
ADAUSDT          ACCUMULATION   EARLY    3.12                   NEUTRAL       —     NO     NO
REUSDT              BREAKDOWN    FAIR    3.10  DIRECTION_EMERGING_SHORT    0.05     NO     NO
SUIUSDT          ACCUMULATION   EARLY    2.91                   NEUTRAL       —     NO     NO
DOGEUSDT         ACCUMULATION   EARLY    2.58                   NEUTRAL       —     NO     NO
XRPUSDT          ACCUMULATION   EARLY    2.41                   NEUTRAL       —     NO     NO
BRUSDT           ACCUMULATION    FAIR    2.28                   NEUTRAL       —     NO     NO

V7.4 PRE-MOVE SURVEILLANCE
Eligible: 3 | Primary: 3 | Reserve: 0

PRIMARY
 1 CAPUSDT        CONTINUATION   11.71 state=DIRECTION_EMERGING_LONG
 2 LINKUSDT       CONTINUATION   10.89 state=DIRECTION_EMERGING_LONG
 3 CHIPUSDT       CONTINUATION    9.73 state=NEUTRAL

Run ID: 77bd4579c7d46cf54b578ed0e9737de9
Snapshot saved: /home/runner/work/Alpha-Hunter/Alpha-Hunter/data/snapshots/snapshot-20260817T012711Z.json
State history: /home/runner/work/Alpha-Hunter/Alpha-Hunter/data/state-history.jsonl
Supabase: SAVED
Qualified discovery candidates: 4
EARLY candidates: 1
V7 Trade Ready: 0
Bitget private API: NOT_CONFIGURED
