
ALPHA HUNTER V7.1 — 2026-08-21T21:29:04.932477+00:00

Universe: 30 deep-scanned of 759 contracts
Eligible after prefilter: 402
Non-crypto rejected: 294

SYMBOL                  PHASE    TIME   BEHAV                     STATE      RR   DISC  TRADE
---------------------------------------------------------------------------------------------
BTWUSDT             EXPANSION    LATE    6.00   DIRECTION_EMERGING_LONG    0.19     NO     NO
DASHUSDT       DISTRIBUTION_RISK    FAIR    5.11   DIRECTION_EMERGING_LONG    0.00     NO     NO
AEONUSDT             IGNITION   EARLY    5.00  DIRECTION_EMERGING_SHORT    0.21    YES     NO
ETHUSDT          ACCUMULATION   EARLY    4.76   DIRECTION_EMERGING_LONG    0.01     NO     NO
DOGEUSDT       DISTRIBUTION_RISK    FAIR    4.71   DIRECTION_EMERGING_LONG    0.03     NO     NO
XRPUSDT          ACCUMULATION    LATE    4.56                WATCH_LONG       —     NO     NO
XLMUSDT          ACCUMULATION    FAIR    4.40   DIRECTION_EMERGING_LONG    0.00     NO     NO
SOLUSDT          ACCUMULATION   EARLY    4.35   DIRECTION_EMERGING_LONG    0.07     NO     NO
VELVETUSDT       ACCUMULATION    FAIR    4.35   DIRECTION_EMERGING_LONG    0.40     NO     NO
BTCUSDT          ACCUMULATION   EARLY    4.20   DIRECTION_EMERGING_LONG    0.16     NO     NO
TRXUSDT           COMPRESSION   EARLY    4.07   DIRECTION_EMERGING_LONG    0.03     NO     NO
MOVEUSDT         ACCUMULATION    FAIR    4.00   DIRECTION_EMERGING_LONG    0.02     NO     NO
NILUSDT          ACCUMULATION    FAIR    3.91   DIRECTION_EMERGING_LONG    0.06     NO     NO
SANTOSUSDT       ACCUMULATION    FAIR    3.88   DIRECTION_EMERGING_LONG    5.61     NO     NO
HYPEUSDT         ACCUMULATION   EARLY    3.74   DIRECTION_EMERGING_LONG    0.22     NO     NO
WLFIUSDT          COMPRESSION   EARLY    3.74                WATCH_LONG       —     NO     NO
FLOKIUSDT        ACCUMULATION    FAIR    3.72   DIRECTION_EMERGING_LONG    0.17     NO     NO
GPSUSDT          ACCUMULATION    FAIR    3.64                   NEUTRAL       —     NO     NO
CAPUSDT          ACCUMULATION   EARLY    3.55               WATCH_SHORT       —     NO     NO
XPINUSDT         ACCUMULATION   EARLY    3.29               WATCH_SHORT       —     NO     NO
BIOUSDT           COMPRESSION   EARLY    3.12                   NEUTRAL       —     NO     NO
XMRUSDT           COMPRESSION   EARLY    3.10                   NEUTRAL       —     NO     NO
GRTUSDT          ACCUMULATION    FAIR    3.07                WATCH_LONG       —     NO     NO
ZROUSDT          ACCUMULATION    FAIR    3.02                   NEUTRAL       —     NO     NO
SKYAIUSDT           EXPANSION   EARLY    2.91                   NEUTRAL       —     NO     NO
SPKUSDT          ACCUMULATION    FAIR    2.81                   NEUTRAL       —     NO     NO
BEATUSDT            EXPANSION    LATE    2.79                   NEUTRAL       —     NO     NO
MANTRAUSDT        COMPRESSION    FAIR    2.54                   NEUTRAL       —     NO     NO
MORPHOUSDT       ACCUMULATION   EARLY    2.30                   NEUTRAL       —     NO     NO
LABUSDT          ACCUMULATION   EARLY    2.16                WATCH_LONG       —     NO     NO

V7.4 PRE-MOVE SURVEILLANCE
Eligible: 5 | Primary: 5 | Reserve: 0

PRIMARY
 1 BTWUSDT        CONTINUATION   11.61 state=DIRECTION_EMERGING_LONG
 2 BIOUSDT        REVERSAL       11.36 state=NEUTRAL
 3 MORPHOUSDT     REVERSAL       10.93 state=NEUTRAL
 4 SANTOSUSDT     CONTINUATION    9.00 state=DIRECTION_EMERGING_LONG
 5 TRXUSDT        CONTINUATION    8.88 state=DIRECTION_EMERGING_LONG

Run ID: d4e9c97dc90884f6dc38a1cc39c269b3
Snapshot saved: /home/runner/work/Alpha-Hunter/Alpha-Hunter/data/snapshots/snapshot-20260821T212904Z.json
State history: /home/runner/work/Alpha-Hunter/Alpha-Hunter/data/state-history.jsonl
Supabase: SAVED
Qualified discovery candidates: 1
EARLY candidates: 1
V7 Trade Ready: 0
Bitget private API: NOT_CONFIGURED
