
==============================================================================================================
ALPHA HUNTER V7.5 INDEPENDENT EPISODE MARKET TRACKER
==============================================================================================================
Episodes stored: 278
Active episodes: 99

CYSUSDT        CONTINUATION  now=  -47.30% UP=   78.38% DOWN=  -50.85% 3=Y 5=Y 10=Y checks=51
BTWUSDT        CONTINUATION  now=  135.53% UP=  138.79% DOWN=    0.00% 3=Y 5=Y 10=Y checks=51
COOKIEUSDT     CONTINUATION  now=   -6.29% UP=    0.00% DOWN=  -18.26% 3=Y 5=Y 10=Y checks=51
SUIUSDT        CONTINUATION  now=   17.92% UP=   18.36% DOWN=   -7.26% 3=Y 5=Y 10=Y checks=51
SOLUSDT        CONTINUATION  now=   20.07% UP=   20.42% DOWN=   -4.13% 3=Y 5=Y 10=Y checks=51
SKYAIUSDT      REVERSAL      now=  -27.85% UP=    0.00% DOWN=  -48.62% 3=Y 5=Y 10=Y checks=51
DOGEUSDT       CONTINUATION  now=   24.52% UP=   25.53% DOWN=   -2.32% 3=Y 5=Y 10=Y checks=51
ADAUSDT        REVERSAL      now=   12.09% UP=   12.59% DOWN=  -12.70% 3=Y 5=Y 10=Y checks=51
GWEIUSDT       REVERSAL      now=    7.16% UP=   18.04% DOWN=   -2.98% 3=Y 5=Y 10=Y checks=51
BICOUSDT       REVERSAL      now=  -56.86% UP=    0.00% DOWN=  -61.82% 3=Y 5=Y 10=Y checks=51
IOTXUSDT       REVERSAL      now=    6.16% UP=    6.80% DOWN=  -11.34% 3=Y 5=Y 10=Y checks=51
MMTUSDT        REVERSAL      now=   -8.01% UP=    0.00% DOWN=  -17.89% 3=Y 5=Y 10=Y checks=51
SUIUSDT        CONTINUATION  now=   19.26% UP=   19.78% DOWN=   -6.16% 3=Y 5=Y 10=Y checks=51
MUBARAKUSDT    REVERSAL      now=    6.31% UP=    9.22% DOWN=  -24.10% 3=Y 5=Y 10=Y checks=51
4USDT          REVERSAL      now=   -6.96% UP=    0.00% DOWN=  -22.21% 3=Y 5=Y 10=Y checks=51
JTOUSDT        REVERSAL      now=   14.51% UP=   15.03% DOWN=   -0.43% 3=Y 5=Y 10=Y checks=51
FORMUSDT       REVERSAL      now=   27.13% UP=   30.08% DOWN=   -7.88% 3=Y 5=Y 10=Y checks=51
PUMPUSDT       REVERSAL      now=   41.74% UP=   50.49% DOWN=   -5.65% 3=Y 5=Y 10=Y checks=51
ACUUSDT        REVERSAL      now=    8.76% UP=   16.62% DOWN=   -4.40% 3=Y 5=Y 10=Y checks=51
HYPEUSDT       REVERSAL      now=   36.14% UP=   38.64% DOWN=   -0.62% 3=Y 5=Y 10=Y checks=51
AEONUSDT       CONTINUATION  now=   -2.85% UP=   28.99% DOWN=   -6.91% 3=Y 5=Y 10=Y checks=51
BTWUSDT        CONTINUATION  now=   57.94% UP=   60.13% DOWN=  -10.16% 3=Y 5=Y 10=Y checks=51
ZECUSDT        REVERSAL      now=   40.93% UP=   43.65% DOWN=   -0.72% 3=Y 5=Y 10=Y checks=35
HYPEUSDT       REVERSAL      now=   30.46% UP=   32.86% DOWN=   -1.10% 3=Y 5=Y 10=Y checks=35
OUSDT          CONTINUATION  now=    5.84% UP=    8.35% DOWN=   -6.18% 3=Y 5=Y 10=- checks=35
LINKUSDT       CONTINUATION  now=   25.78% UP=   26.32% DOWN=    0.00% 3=Y 5=Y 10=Y checks=35
1000RATSUSDT   REVERSAL      now=   -6.53% UP=    9.83% DOWN=   -8.91% 3=Y 5=Y 10=- checks=30
SOLUSDT        CONTINUATION  now=   19.60% UP=   20.51% DOWN=   -0.19% 3=Y 5=Y 10=Y checks=30
REDUSDT        REVERSAL      now=   38.82% UP=   60.05% DOWN=   -1.25% 3=Y 5=Y 10=Y checks=30
AEONUSDT       REVERSAL      now=  -13.44% UP=    5.43% DOWN=  -16.98% 3=Y 5=Y 10=Y checks=30
BTCUSDT        CONTINUATION  now=   20.98% UP=   23.41% DOWN=   -0.08% 3=Y 5=Y 10=Y checks=30
ETHUSDT        CONTINUATION  now=   28.87% UP=   29.59% DOWN=   -0.01% 3=Y 5=Y 10=Y checks=30
WLFIUSDT       REVERSAL      now=    1.20% UP=    3.31% DOWN=   -3.33% 3=Y 5=- 10=- checks=15
LDOUSDT        CONTINUATION  now=   10.45% UP=   10.84% DOWN=   -0.18% 3=Y 5=Y 10=Y checks=15
WLDUSDT        CONTINUATION  now=    8.34% UP=   10.44% DOWN=   -0.44% 3=Y 5=Y 10=Y checks=15
XMRUSDT        REVERSAL      now=    0.30% UP=    2.88% DOWN=   -1.65% 3=- 5=- 10=- checks=15
LITUSDT        REVERSAL      now=   17.22% UP=   19.55% DOWN=   -1.95% 3=Y 5=Y 10=Y checks=15
NEARUSDT       REVERSAL      now=   12.72% UP=   13.65% DOWN=   -0.02% 3=Y 5=Y 10=Y checks=15
TREEUSDT       REVERSAL      now=    8.40% UP=    9.70% DOWN=   -1.80% 3=Y 5=Y 10=- checks=15
WLDUSDT        CONTINUATION  now=    8.23% UP=   10.32% DOWN=   -0.08% 3=Y 5=Y 10=Y checks=8
TREEUSDT       REVERSAL      now=    9.92% UP=   11.24% DOWN=    0.00% 3=Y 5=Y 10=Y checks=8
LINKUSDT       CONTINUATION  now=   12.97% UP=   13.45% DOWN=   -0.11% 3=Y 5=Y 10=Y checks=8
ZECUSDT        CONTINUATION  now=   24.49% UP=   26.74% DOWN=   -0.15% 3=Y 5=Y 10=Y checks=8
NEARUSDT       CONTINUATION  now=   11.87% UP=   12.76% DOWN=   -0.11% 3=Y 5=Y 10=Y checks=8
TRUMPUSDT      CONTINUATION  now=    9.39% UP=   18.72% DOWN=   -0.24% 3=Y 5=Y 10=Y checks=8
UNIUSDT        CONTINUATION  now=    9.65% UP=   10.11% DOWN=    0.00% 3=Y 5=Y 10=Y checks=8
VVVUSDT        REVERSAL      now=    9.45% UP=    9.86% DOWN=    0.00% 3=Y 5=Y 10=- checks=8
ONDOUSDT       REVERSAL      now=   10.90% UP=   15.65% DOWN=   -0.09% 3=Y 5=Y 10=Y checks=8
LUMIAUSDT      CONTINUATION  now=    6.41% UP=    7.95% DOWN=    0.00% 3=Y 5=Y 10=- checks=8
AAVEUSDT       CONTINUATION  now=   19.49% UP=   19.79% DOWN=   -0.48% 3=Y 5=Y 10=Y checks=14
RENDERUSDT     CONTINUATION  now=    7.38% UP=    8.24% DOWN=   -0.16% 3=Y 5=Y 10=- checks=13
BTWUSDT        REVERSAL      now=   16.77% UP=   27.47% DOWN=   -2.82% 3=Y 5=Y 10=Y checks=13
MAGMAUSDT      CONTINUATION  now=   30.69% UP=   40.63% DOWN=   -0.21% 3=Y 5=Y 10=Y checks=13
INJUSDT        CONTINUATION  now=    5.02% UP=    6.67% DOWN=   -0.27% 3=Y 5=Y 10=- checks=13
LDOUSDT        CONTINUATION  now=    9.11% UP=    9.50% DOWN=   -0.06% 3=Y 5=Y 10=- checks=12
TRUMPUSDT      REVERSAL      now=   10.73% UP=   20.17% DOWN=   -0.18% 3=Y 5=Y 10=Y checks=12
MONUSDT        CONTINUATION  now=    8.45% UP=   10.05% DOWN=   -0.99% 3=Y 5=Y 10=Y checks=12
USELESSUSDT    CONTINUATION  now=   26.33% UP=   28.48% DOWN=   -0.47% 3=Y 5=Y 10=Y checks=12
HYPEUSDT       CONTINUATION  now=    5.34% UP=    7.28% DOWN=   -1.93% 3=Y 5=Y 10=- checks=12
INJUSDT        CONTINUATION  now=    4.69% UP=    6.33% DOWN=   -0.11% 3=Y 5=Y 10=- checks=11
TRUMPUSDT      CONTINUATION  now=    8.80% UP=   18.08% DOWN=   -0.24% 3=Y 5=Y 10=Y checks=11
ONDOUSDT       CONTINUATION  now=    6.68% UP=   11.25% DOWN=   -0.74% 3=Y 5=Y 10=Y checks=11
XMRUSDT        REVERSAL      now=   -1.45% UP=    0.47% DOWN=   -3.43% 3=Y 5=- 10=- checks=11
REUSDT         CONTINUATION  now=    1.50% UP=    5.20% DOWN=   -9.86% 3=Y 5=Y 10=- checks=11
BRETTUSDT      CONTINUATION  now=    9.65% UP=   13.36% DOWN=   -0.02% 3=Y 5=Y 10=Y checks=10
MAGMAUSDT      CONTINUATION  now=   27.25% UP=   37.16% DOWN=   -2.40% 3=Y 5=Y 10=Y checks=10
AAVEUSDT       CONTINUATION  now=   17.66% UP=   17.96% DOWN=   -0.33% 3=Y 5=Y 10=Y checks=10
ETHFIUSDT      CONTINUATION  now=    9.39% UP=   12.21% DOWN=   -4.21% 3=Y 5=Y 10=Y checks=9
1000SATSUSDT   CONTINUATION  now=    1.40% UP=    2.80% DOWN=   -4.67% 3=Y 5=- 10=- checks=9
INJUSDT        CONTINUATION  now=   -0.18% UP=    1.38% DOWN=   -3.13% 3=Y 5=- 10=- checks=9
LDOUSDT        CONTINUATION  now=    3.83% UP=    4.19% DOWN=   -1.52% 3=Y 5=- 10=- checks=9
TRXUSDT        CONTINUATION  now=    0.64% UP=    0.74% DOWN=   -0.06% 3=- 5=- 10=- checks=9
TRUMPUSDT      CONTINUATION  now=    3.41% UP=   12.24% DOWN=   -3.13% 3=Y 5=Y 10=Y checks=9
BIOUSDT        CONTINUATION  now=   -0.65% UP=    1.84% DOWN=   -3.77% 3=Y 5=- 10=- checks=8
WLFIUSDT       CONTINUATION  now=    1.30% UP=    3.45% DOWN=   -1.63% 3=Y 5=- 10=- checks=8
XMRUSDT        REVERSAL      now=   -0.25% UP=    0.95% DOWN=   -2.25% 3=- 5=- 10=- checks=7
TRXUSDT        CONTINUATION  now=    0.46% UP=    0.56% DOWN=   -0.25% 3=- 5=- 10=- checks=6
WLFIUSDT       CONTINUATION  now=    0.92% UP=    3.06% DOWN=   -1.83% 3=Y 5=- 10=- checks=6
MAGMAUSDT      CONTINUATION  now=   23.65% UP=   33.28% DOWN=    0.00% 3=Y 5=Y 10=Y checks=6
XMRUSDT        REVERSAL      now=   -1.01% UP=    0.00% DOWN=   -2.99% 3=- 5=- 10=- checks=6
WLFIUSDT       CONTINUATION  now=    0.97% UP=    3.11% DOWN=   -1.20% 3=Y 5=- 10=- checks=7
TRXUSDT        CONTINUATION  now=    0.52% UP=    0.62% DOWN=   -0.11% 3=- 5=- 10=- checks=7
ALLOUSDT       REVERSAL      now=   -0.15% UP=    0.35% DOWN=   -2.04% 3=- 5=- 10=- checks=7
SANTOSUSDT     REVERSAL      now=    3.04% UP=    3.65% DOWN=   -0.31% 3=Y 5=- 10=- checks=7
REUSDT         REVERSAL      now=    2.78% UP=    3.86% DOWN=   -1.20% 3=Y 5=- 10=- checks=6
BOMEUSDT       REVERSAL      now=    3.06% UP=    5.69% DOWN=   -2.51% 3=Y 5=Y 10=- checks=5
ONGUSDT        REVERSAL      now=    4.19% UP=    6.68% DOWN=   -0.74% 3=Y 5=Y 10=- checks=5
BIOUSDT        CONTINUATION  now=    0.89% UP=    0.98% DOWN=   -2.28% 3=- 5=- 10=- checks=3
SANTOSUSDT     REVERSAL      now=    2.20% UP=    2.80% DOWN=   -0.80% 3=- 5=- 10=- checks=3
XLMUSDT        CONTINUATION  now=    2.63% UP=    2.71% DOWN=   -0.72% 3=- 5=- 10=- checks=4
BIOUSDT        REVERSAL      now=    1.43% UP=    1.53% DOWN=   -1.59% 3=- 5=- 10=- checks=4
FILUSDT        CONTINUATION  now=    4.32% UP=    4.80% DOWN=   -0.83% 3=Y 5=- 10=- checks=4
SANTOSUSDT     REVERSAL      now=    2.40% UP=    2.73% DOWN=   -0.45% 3=- 5=- 10=- checks=4
MORPHOUSDT     REVERSAL      now=   -0.84% UP=    0.27% DOWN=   -3.06% 3=Y 5=- 10=- checks=4
WLFIUSDT       REVERSAL      now=    0.91% UP=    1.68% DOWN=   -1.25% 3=- 5=- 10=- checks=4
SKYAIUSDT      REVERSAL      now=    0.54% UP=    0.54% DOWN=   -1.47% 3=- 5=- 10=- checks=3
KASUSDT        REVERSAL      now=    0.96% UP=    1.21% DOWN=   -0.69% 3=- 5=- 10=- checks=2
BTWUSDT        CONTINUATION  now=   -0.17% UP=    0.00% DOWN=   -0.17% 3=- 5=- 10=- checks=1
SANTOSUSDT     CONTINUATION  now=    0.00% UP=    0.00% DOWN=    0.00% 3=- 5=- 10=- checks=1

==============================================================================================================
TRACKER SUMMARY
==============================================================================================================
Checked: 99
Failed: 0
Supabase rows upserted: 278
3% episodes: 230
5% episodes: 206
10% episodes: 152

V7.5 EPISODE MARKET TRACKER: PASS
