V7.5 state restored from Supabase: 276

ALPHA HUNTER V7.5 OPPORTUNITY LIFECYCLE
Run ID: d4e9c97dc90884f6dc38a1cc39c269b3
Timestamp: 2026-08-21T21:29:04.932477+00:00
Lifecycle candidates: 5

NEW    BTWUSDT        CONTINUATION  state=DIRECTION_EMERGING   det=1   v74=11.61 rank=1 shadow= 0.00 provisional=ACTIVE final=PENDING
UPDATE TRXUSDT        CONTINUATION  state=DIRECTION_EMERGING   det=7   v74= 8.91 rank=4 shadow= 0.00 provisional=ACTIVE final=PENDING
NEW    SANTOSUSDT     CONTINUATION  state=DIRECTION_EMERGING   det=1   v74= 9.00 rank=4 shadow= 0.00 provisional=ACTIVE final=PENDING
UPDATE BIOUSDT        REVERSAL      state=PRE_MOVE_DETECTED    det=4   v74=10.37 rank=4 shadow= 6.29 provisional=ACTIVE final=PENDING
UPDATE MORPHOUSDT     REVERSAL      state=EXPANSION            det=4   v74= 9.85 rank=8 shadow= 7.49 provisional=GOOD_DETECTION final=PENDING

Supabase lifecycle rows upserted: 278
Supabase lifecycle row count: 278

====================================================================================================
V7.5 LIFECYCLE SUMMARY
====================================================================================================
Episodes stored: 278
Created this run: 2
Updated this run: 3
Active episodes: 278

STATE COUNTS
DIRECTION_EMERGING       25
EXPANSION                4
FINALIZED                179
PRE_MOVE_DETECTED        70

State file: /home/runner/work/Alpha-Hunter/Alpha-Hunter/data/v75-lifecycle-episodes.json
History file: /home/runner/work/Alpha-Hunter/Alpha-Hunter/data/v75-lifecycle-history.jsonl

V7.5 LIFECYCLE JOB: PASS
