
======================================================================================================================
ALPHA HUNTER V7.6 DIRECTION-PROOF ENGINE — SHADOW
======================================================================================================================
Eligible forward episodes: 70

SYMBOL         PATH          DIR         CONF   LONG   SHORT       15M        1H
----------------------------------------------------------------------------------------------------------------------
ZECUSDT        REVERSAL      LONG       87.5%   7.00    0.00   BULLISH   BULLISH
HYPEUSDT       REVERSAL      LONG       75.6%   6.50    1.50   BULLISH   BULLISH
OUSDT          CONTINUATION  LONG       83.8%   7.00    1.00   BULLISH   BULLISH
LINKUSDT       CONTINUATION  LONG      100.0%   8.00    0.00   BULLISH   BULLISH
1000RATSUSDT   REVERSAL      UNKNOWN     0.0%   3.50    3.50     MIXED   BEARISH
SOLUSDT        CONTINUATION  LONG       81.2%   6.50    0.00   BULLISH   BULLISH
REDUSDT        REVERSAL      UNKNOWN     0.0%   2.00    3.50   BEARISH   BULLISH
AEONUSDT       REVERSAL      SHORT     100.0%   0.00    8.00   BEARISH   BEARISH
BTCUSDT        CONTINUATION  LONG       81.2%   6.50    0.00   BULLISH   BULLISH
ETHUSDT        CONTINUATION  LONG      100.0%   8.00    0.00   BULLISH   BULLISH
WLDUSDT        CONTINUATION  LONG       75.6%   6.50    1.50   BULLISH   BULLISH
TREEUSDT       REVERSAL      UNKNOWN     0.0%   2.00    1.00     MIXED   BULLISH
LINKUSDT       CONTINUATION  LONG      100.0%   8.00    0.00   BULLISH   BULLISH
ZECUSDT        CONTINUATION  LONG      100.0%   8.00    0.00   BULLISH   BULLISH
NEARUSDT       CONTINUATION  LONG       81.2%   6.50    0.00   BULLISH   BULLISH
TRUMPUSDT      CONTINUATION  LONG       44.4%   4.00    1.50     MIXED   BULLISH
UNIUSDT        CONTINUATION  LONG      100.0%   8.00    0.00   BULLISH   BULLISH
VVVUSDT        REVERSAL      LONG       81.2%   6.50    0.00   BULLISH   BULLISH
ONDOUSDT       REVERSAL      LONG       75.6%   6.50    1.50   BULLISH   BULLISH
LUMIAUSDT      CONTINUATION  LONG       75.6%   6.50    1.50   BULLISH   BULLISH
AAVEUSDT       CONTINUATION  LONG       81.2%   6.50    0.00   BULLISH   BULLISH
RENDERUSDT     CONTINUATION  LONG       81.2%   6.50    0.00   BULLISH   BULLISH
BTWUSDT        REVERSAL      LONG       75.0%   6.00    0.00   BULLISH   BULLISH
MAGMAUSDT      CONTINUATION  LONG       71.2%   6.00    1.00     MIXED   BULLISH
INJUSDT        CONTINUATION  LONG       75.6%   6.50    1.50   BULLISH   BULLISH
LDOUSDT        CONTINUATION  LONG       68.8%   5.50    0.00   BULLISH   BULLISH
TRUMPUSDT      REVERSAL      LONG       44.4%   4.00    1.50     MIXED   BULLISH
MONUSDT        CONTINUATION  LONG       83.8%   7.00    1.00   BULLISH   BULLISH
USELESSUSDT    CONTINUATION  LONG       81.2%   6.50    0.00   BULLISH   BULLISH
HYPEUSDT       CONTINUATION  LONG       75.6%   6.50    1.50   BULLISH   BULLISH
INJUSDT        CONTINUATION  LONG       75.6%   6.50    1.50   BULLISH   BULLISH
TRUMPUSDT      CONTINUATION  LONG       44.4%   4.00    1.50     MIXED   BULLISH
ONDOUSDT       CONTINUATION  LONG       75.6%   6.50    1.50   BULLISH   BULLISH
XMRUSDT        REVERSAL      UNKNOWN     0.0%   2.50    1.50   BULLISH     MIXED
REUSDT         CONTINUATION  LONG       83.8%   7.00    1.00   BULLISH   BULLISH
BRETTUSDT      CONTINUATION  LONG       63.1%   5.50    1.50   BULLISH   BULLISH
MAGMAUSDT      CONTINUATION  LONG       71.2%   6.00    1.00     MIXED   BULLISH
AAVEUSDT       CONTINUATION  LONG       81.2%   6.50    0.00   BULLISH   BULLISH
ETHFIUSDT      CONTINUATION  LONG       68.8%   5.50    0.00   BULLISH   BULLISH
1000SATSUSDT   CONTINUATION  LONG       81.2%   6.50    0.00   BULLISH   BULLISH
INJUSDT        CONTINUATION  LONG       75.6%   6.50    1.50   BULLISH   BULLISH
LDOUSDT        CONTINUATION  LONG       68.8%   5.50    0.00   BULLISH   BULLISH
TRXUSDT        CONTINUATION  LONG       68.8%   5.50    0.00   BULLISH   BULLISH
TRUMPUSDT      CONTINUATION  LONG       44.4%   4.00    1.50     MIXED   BULLISH
BIOUSDT        CONTINUATION  LONG       50.6%   4.50    1.50     MIXED   BULLISH
WLFIUSDT       CONTINUATION  LONG       56.9%   5.00    1.50   BULLISH   BULLISH
XMRUSDT        REVERSAL      UNKNOWN     0.0%   2.50    1.50   BULLISH     MIXED
TRXUSDT        CONTINUATION  LONG       68.8%   5.50    0.00   BULLISH   BULLISH
WLFIUSDT       CONTINUATION  LONG       56.9%   5.00    1.50   BULLISH   BULLISH
MAGMAUSDT      CONTINUATION  LONG       71.2%   6.00    1.00     MIXED   BULLISH
XMRUSDT        REVERSAL      UNKNOWN     0.0%   2.50    1.50   BULLISH     MIXED
WLFIUSDT       CONTINUATION  LONG       56.9%   5.00    1.50   BULLISH   BULLISH
TRXUSDT        CONTINUATION  LONG       68.8%   5.50    0.00   BULLISH   BULLISH
ALLOUSDT       REVERSAL      UNKNOWN     0.0%   1.00    1.50     MIXED     MIXED
SANTOSUSDT     REVERSAL      LONG       81.2%   6.50    0.00   BULLISH   BULLISH
REUSDT         REVERSAL      LONG       83.8%   7.00    1.00   BULLISH   BULLISH
BOMEUSDT       REVERSAL      UNKNOWN     0.0%   3.50    3.50     MIXED   BEARISH
ONGUSDT        REVERSAL      LONG       62.5%   5.00    0.00   BULLISH     MIXED
BIOUSDT        CONTINUATION  LONG       50.6%   4.50    1.50     MIXED   BULLISH
SANTOSUSDT     REVERSAL      LONG       81.2%   6.50    0.00   BULLISH   BULLISH
XLMUSDT        CONTINUATION  LONG       81.2%   6.50    0.00   BULLISH   BULLISH
BIOUSDT        REVERSAL      LONG       50.6%   4.50    1.50     MIXED   BULLISH
FILUSDT        CONTINUATION  LONG       81.2%   6.50    0.00   BULLISH   BULLISH
SANTOSUSDT     REVERSAL      LONG       81.2%   6.50    0.00   BULLISH   BULLISH
MORPHOUSDT     REVERSAL      UNKNOWN     0.0%   2.00    3.00     MIXED     MIXED
WLFIUSDT       REVERSAL      LONG       56.9%   5.00    1.50   BULLISH   BULLISH
SKYAIUSDT      REVERSAL      UNKNOWN     0.0%   3.00    0.00     MIXED   BULLISH
KASUSDT        REVERSAL      UNKNOWN     0.0%   3.00    1.50     MIXED   BULLISH
BTWUSDT        CONTINUATION  LONG       75.0%   6.00    0.00   BULLISH   BULLISH
SANTOSUSDT     CONTINUATION  LONG       81.2%   6.50    0.00   BULLISH   BULLISH

======================================================================================================================
V7.6 SHADOW SUMMARY
======================================================================================================================
Evaluated: 70
LONG: 58
SHORT: 1
UNKNOWN: 11
Failures: 0
Supabase shadow rows saved: 70
Direction state rows saved: 70
Immutable transition rows saved: 70
Transition run ID: cloud5d-20260821T212824Z
Direction emerging: 31
Direction confirmed: 28
Lost confirmation: 3

IMPORTANT: V7.6 IS SHADOW ONLY.
No trade permission was generated.

V7.6 DIRECTION SHADOW: PASS
