
======================================================================================================================
ALPHA HUNTER V7.6 POST-CONFIRMATION OUTCOME TRACKER — SHADOW
======================================================================================================================
Confirmed outcome rows: 228
Created this run: 2

ZROUSDT        LONG   quality=FORWARD_COMPLETE now=  10.34% MFE=  15.93% MAE=  -0.10% lost=- done=-
LITUSDT        SHORT  quality=FORWARD_COMPLETE now= -19.60% MFE=   0.15% MAE= -21.75% lost=Y done=-
REUSDT         LONG   quality=FORWARD_COMPLETE now=  -2.20% MFE=   0.14% MAE= -13.23% lost=Y done=-
WLFIUSDT       LONG   quality=FORWARD_COMPLETE now=   1.46% MFE=   3.43% MAE=  -1.64% lost=Y done=-
BIOUSDT        LONG   quality=FORWARD_COMPLETE now=  -1.51% MFE=   0.96% MAE=  -4.60% lost=Y done=-
TRXUSDT        LONG   quality=FORWARD_COMPLETE now=   0.11% MFE=   0.18% MAE=  -0.61% lost=Y done=-
XMRUSDT        SHORT  quality=FORWARD_COMPLETE now=  -0.44% MFE=   1.74% MAE=  -1.47% lost=Y done=-
LDOUSDT        LONG   quality=FORWARD_COMPLETE now=   2.58% MFE=   2.72% MAE=  -1.42% lost=Y done=-
AAVEUSDT       LONG   quality=FORWARD_COMPLETE now=   5.34% MFE=   6.00% MAE=  -3.30% lost=- done=-
LITUSDT        SHORT  quality=FORWARD_COMPLETE now= -19.46% MFE=   0.27% MAE= -21.61% lost=Y done=-
NEARUSDT       LONG   quality=FORWARD_COMPLETE now=  10.45% MFE=  11.14% MAE=  -0.89% lost=Y done=-
ZECUSDT        LONG   quality=FORWARD_COMPLETE now=  17.71% MFE=  19.18% MAE=  -1.39% lost=- done=-
NEARUSDT       LONG   quality=FORWARD_COMPLETE now=  10.16% MFE=  10.85% MAE=  -1.15% lost=Y done=-
TRUMPUSDT      LONG   quality=FORWARD_COMPLETE now=   6.75% MFE=  15.80% MAE=  -0.29% lost=Y done=-
USELESSUSDT    LONG   quality=FORWARD_COMPLETE now=  20.90% MFE=  22.56% MAE=  -0.76% lost=Y done=-
ZROUSDT        LONG   quality=FORWARD_COMPLETE now=  13.22% MFE=  18.96% MAE=  -3.10% lost=Y done=-
UNIUSDT        LONG   quality=FORWARD_COMPLETE now=   6.97% MFE=   7.34% MAE=  -0.79% lost=Y done=-
MAGMAUSDT      LONG   quality=FORWARD_COMPLETE now=  26.87% MFE=  35.37% MAE=  -3.68% lost=Y done=-
TRUMPUSDT      LONG   quality=FORWARD_COMPLETE now=   6.75% MFE=  15.80% MAE=  -0.29% lost=Y done=-
TRUMPUSDT      LONG   quality=FORWARD_COMPLETE now=   7.07% MFE=  16.14% MAE=   0.00% lost=Y done=-
UNIUSDT        LONG   quality=FORWARD_COMPLETE now=   6.97% MFE=   7.34% MAE=  -0.79% lost=Y done=-
RENDERUSDT     LONG   quality=FORWARD_COMPLETE now=   6.81% MFE=   7.59% MAE=  -0.31% lost=Y done=-
LDOUSDT        LONG   quality=FORWARD_COMPLETE now=   8.61% MFE=   8.76% MAE=  -0.76% lost=Y done=-
MAGMAUSDT      LONG   quality=FORWARD_COMPLETE now=  16.40% MFE=  24.20% MAE=  -2.91% lost=Y done=-
ETHFIUSDT      LONG   quality=FORWARD_COMPLETE now=   4.46% MFE=   6.83% MAE=  -6.24% lost=Y done=-
MAGMAUSDT      LONG   quality=FORWARD_COMPLETE now=  16.37% MFE=  23.79% MAE=  -3.24% lost=Y done=-
OPUSDT         LONG   quality=FORWARD_COMPLETE now=   8.50% MFE=   9.01% MAE=  -1.43% lost=Y done=-
LAUSDT         LONG   quality=FORWARD_COMPLETE now=   8.35% MFE=  11.23% MAE=  -3.34% lost=Y done=-
LDOUSDT        LONG   quality=FORWARD_COMPLETE now=   8.07% MFE=   8.25% MAE=  -0.12% lost=Y done=-
INJUSDT        LONG   quality=FORWARD_COMPLETE now=   1.71% MFE=   3.16% MAE=  -1.00% lost=Y done=-
WLDUSDT        LONG   quality=FORWARD_COMPLETE now=   6.79% MFE=   8.67% MAE=  -1.05% lost=Y done=-
TREEUSDT       LONG   quality=FORWARD_COMPLETE now=   5.72% MFE=   7.20% MAE=  -3.41% lost=Y done=-
WLDUSDT        LONG   quality=FORWARD_COMPLETE now=   7.05% MFE=   8.93% MAE=  -0.81% lost=Y done=-
LUMIAUSDT      LONG   quality=FORWARD_COMPLETE now=   5.20% MFE=   6.72% MAE=  -1.22% lost=Y done=-
TRUMPUSDT      LONG   quality=FORWARD_COMPLETE now=   3.41% MFE=  12.17% MAE=  -1.19% lost=Y done=-
TREEUSDT       LONG   quality=FORWARD_COMPLETE now=   5.72% MFE=   7.20% MAE=  -3.41% lost=Y done=-
LINKUSDT       LONG   quality=FORWARD_COMPLETE now=  11.65% MFE=  11.84% MAE=  -0.05% lost=Y done=-
MORPHOUSDT     SHORT  quality=FORWARD_COMPLETE now=  -1.26% MFE=   0.47% MAE=  -1.38% lost=Y done=-
ONDOUSDT       LONG   quality=FORWARD_COMPLETE now=   8.48% MFE=  13.04% MAE=  -0.33% lost=Y done=-
AAVEUSDT       LONG   quality=FORWARD_COMPLETE now=  19.18% MFE=  20.01% MAE=  -0.21% lost=Y done=-
BRETTUSDT      LONG   quality=FORWARD_COMPLETE now=   3.58% MFE=   6.88% MAE=  -3.00% lost=- done=-
VVVUSDT        LONG   quality=FORWARD_COMPLETE now=  -2.40% MFE=   0.18% MAE=  -8.29% lost=Y done=-
BTWUSDT        LONG   quality=FORWARD_COMPLETE now=   8.79% MFE=  18.69% MAE=  -7.76% lost=Y done=-
BTWUSDT        LONG   quality=FORWARD_COMPLETE now=   8.83% MFE=  18.74% MAE=  -7.72% lost=Y done=-
HYPEUSDT       LONG   quality=FORWARD_COMPLETE now=   1.06% MFE=   2.89% MAE=  -3.57% lost=Y done=-
MONUSDT        LONG   quality=FORWARD_COMPLETE now=   0.63% MFE=   1.87% MAE=  -5.50% lost=Y done=-
ONDOUSDT       LONG   quality=FORWARD_COMPLETE now=   3.17% MFE=   7.51% MAE=  -2.86% lost=Y done=-
INJUSDT        LONG   quality=FORWARD_COMPLETE now=  -0.12% MFE=   1.40% MAE=  -3.11% lost=Y done=-
BOMEUSDT       SHORT  quality=FORWARD_COMPLETE now=  -2.84% MFE=   2.53% MAE=  -5.67% lost=Y done=-
WLFIUSDT       SHORT  quality=FORWARD_COMPLETE now=  -1.12% MFE=   0.89% MAE=  -1.75% lost=- done=-
BIOUSDT        SHORT  quality=FORWARD_COMPLETE now=  -1.40% MFE=   0.06% MAE=  -1.49% lost=Y done=-
INJUSDT        LONG   quality=FORWARD_COMPLETE now=  -0.14% MFE=   1.38% MAE=  -3.13% lost=Y done=-
XMRUSDT        SHORT  quality=FORWARD_COMPLETE now=  -0.36% MFE=   1.82% MAE=  -1.39% lost=Y done=-
1000SATSUSDT   LONG   quality=FORWARD_COMPLETE now=   3.16% MFE=   4.51% MAE=  -0.71% lost=- done=-
WLFIUSDT       LONG   quality=FORWARD_COMPLETE now=  -0.59% MFE=   1.37% MAE=  -2.87% lost=- done=-
XMRUSDT        SHORT  quality=FORWARD_COMPLETE now=  -1.00% MFE=   1.20% MAE=  -1.29% lost=Y done=-
XMRUSDT        SHORT  quality=FORWARD_COMPLETE now=  -1.00% MFE=   1.20% MAE=  -1.29% lost=Y done=-
ALLOUSDT       SHORT  quality=FORWARD_COMPLETE now=  -0.71% MFE=   0.45% MAE=  -0.82% lost=Y done=-
REUSDT         LONG   quality=FORWARD_COMPLETE now=   2.89% MFE=   3.98% MAE=  -1.08% lost=Y done=-
TRXUSDT        LONG   quality=FORWARD_COMPLETE now=   0.02% MFE=   0.03% MAE=   0.00% lost=- done=-
ONGUSDT        LONG   quality=FORWARD_COMPLETE now=  -0.08% MFE=   0.00% MAE=  -0.08% lost=- done=-

======================================================================================================================
POST-CONFIRMATION TRACKER SUMMARY
======================================================================================================================
Outcome rows: 228
Created this run: 2
Tracked this run: 61
Failed: 0
Supabase rows upserted: 228
Forward complete: 228
Completed 24H: 167

IMPORTANT: OUTCOME TRACKER IS MEASUREMENT ONLY.
No trade permission was generated.

V7.6 POST-CONFIRMATION OUTCOME TRACKER: PASS
