
==============================================================================================================================
ALPHA HUNTER V7.9 MISSED-MOVER RECALL AUDITOR — SHADOW
==============================================================================================================================
Universe ledger rows loaded: 18216
Symbols with ledger history: 759
Audit rows: 588
Supabase rows upserted: 588

SYMBOL               MOVE    THR              QUAL         STAGE  REASON
------------------------------------------------------------------------------------------------------------------------------
PROMUSDT          +35.10%     5%FORWARD_24H_COMPLETE     SELECTION  ELIGIBLE_NOT_DEEP_SCANNED
PROMUSDT          +35.10%    10%FORWARD_24H_COMPLETE     SELECTION  ELIGIBLE_NOT_DEEP_SCANNED
PROMUSDT          +35.10%    20%FORWARD_24H_COMPLETE     SELECTION  ELIGIBLE_NOT_DEEP_SCANNED
GALAUSDT          +33.46%     5%FORWARD_24H_COMPLETE     DISCOVERY  SELECTED_WITHOUT_LIFECYCLE_EPISODE
GALAUSDT          +33.46%    10%FORWARD_24H_COMPLETE     DISCOVERY  SELECTED_WITHOUT_LIFECYCLE_EPISODE
GALAUSDT          +33.46%    20%FORWARD_24H_COMPLETE     DISCOVERY  SELECTED_WITHOUT_LIFECYCLE_EPISODE
USUSDT            +33.01%     5%FORWARD_24H_COMPLETE     DISCOVERY  SELECTED_WITHOUT_LIFECYCLE_EPISODE
USUSDT            +33.01%    10%FORWARD_24H_COMPLETE     SELECTION  ELIGIBLE_NOT_DEEP_SCANNED
USUSDT            +33.01%    20%FORWARD_24H_COMPLETE     SELECTION  ELIGIBLE_NOT_DEEP_SCANNED
MAGMAUSDT         +31.47%     5%FORWARD_24H_COMPLETE     DISCOVERY  SELECTED_WITHOUT_LIFECYCLE_EPISODE
MAGMAUSDT         +31.47%    10%FORWARD_24H_COMPLETE     DISCOVERY  SELECTED_WITHOUT_LIFECYCLE_EPISODE
MAGMAUSDT         +31.47%    20%FORWARD_24H_COMPLETE     DIRECTION  CONFIRMED_DIRECTION_UNAVAILABLE
BCHUSDT           +30.75%     5%FORWARD_24H_COMPLETE     DISCOVERY  SELECTED_WITHOUT_LIFECYCLE_EPISODE
BCHUSDT           +30.75%    10%FORWARD_24H_COMPLETE     SELECTION  ELIGIBLE_NOT_DEEP_SCANNED
BCHUSDT           +30.75%    20%FORWARD_24H_COMPLETE     SELECTION  ELIGIBLE_NOT_DEEP_SCANNED
BLESSUSDT         +28.72%     5%FORWARD_24H_COMPLETE     DISCOVERY  SELECTED_WITHOUT_LIFECYCLE_EPISODE
BLESSUSDT         +28.72%    10%FORWARD_24H_COMPLETE     DISCOVERY  SELECTED_WITHOUT_LIFECYCLE_EPISODE
BLESSUSDT         +28.72%    20%FORWARD_24H_COMPLETE     DISCOVERY  SELECTED_WITHOUT_LIFECYCLE_EPISODE
ZORAUSDT          +27.26%     5%FORWARD_24H_COMPLETE     DISCOVERY  SELECTED_WITHOUT_LIFECYCLE_EPISODE
ZORAUSDT          +27.26%    10%FORWARD_24H_COMPLETE     SELECTION  ELIGIBLE_NOT_DEEP_SCANNED
ZORAUSDT          +27.26%    20%FORWARD_24H_COMPLETE     DISCOVERY  SELECTED_WITHOUT_LIFECYCLE_EPISODE
STXUSDT           +26.95%     5%FORWARD_24H_COMPLETE     DISCOVERY  SELECTED_WITHOUT_LIFECYCLE_EPISODE
STXUSDT           +26.95%    10%FORWARD_24H_COMPLETE     DISCOVERY  SELECTED_WITHOUT_LIFECYCLE_EPISODE
STXUSDT           +26.95%    20%FORWARD_24H_COMPLETE     DISCOVERY  SELECTED_WITHOUT_LIFECYCLE_EPISODE
ENAUSDT           +26.89%     5%FORWARD_24H_COMPLETE     DISCOVERY  SELECTED_WITHOUT_LIFECYCLE_EPISODE
ENAUSDT           +26.89%    10%FORWARD_24H_COMPLETE     DISCOVERY  SELECTED_WITHOUT_LIFECYCLE_EPISODE
ENAUSDT           +26.89%    20%FORWARD_24H_COMPLETE     DISCOVERY  SELECTED_WITHOUT_LIFECYCLE_EPISODE
TUTUSDT           +25.62%     5%FORWARD_24H_COMPLETE     DISCOVERY  SELECTED_WITHOUT_LIFECYCLE_EPISODE
TUTUSDT           +25.62%    10%FORWARD_24H_COMPLETE     DISCOVERY  SELECTED_WITHOUT_LIFECYCLE_EPISODE
TUTUSDT           +25.62%    20%FORWARD_24H_COMPLETE     DISCOVERY  SELECTED_WITHOUT_LIFECYCLE_EPISODE
KMNOUSDT          +25.51%     5%FORWARD_24H_COMPLETE     DISCOVERY  SELECTED_WITHOUT_LIFECYCLE_EPISODE
KMNOUSDT          +25.51%    10%FORWARD_24H_COMPLETE     PREFILTER  NOT_ELIGIBLE_BEFORE_EXPANSION
KMNOUSDT          +25.51%    20%FORWARD_24H_COMPLETE     PREFILTER  NOT_ELIGIBLE_BEFORE_EXPANSION
USUALUSDT         +25.38%     5%FORWARD_24H_COMPLETE     DISCOVERY  SELECTED_WITHOUT_LIFECYCLE_EPISODE
USUALUSDT         +25.38%    10%FORWARD_24H_COMPLETE     SELECTION  ELIGIBLE_NOT_DEEP_SCANNED
USUALUSDT         +25.38%    20%FORWARD_24H_COMPLETE     SELECTION  ELIGIBLE_NOT_DEEP_SCANNED
ZECUSDT           +25.11%     5%FORWARD_24H_COMPLETE     EXECUTION  RR_BELOW_5_AT_CONFIRMATION
ZECUSDT           +25.11%    10%FORWARD_24H_COMPLETE     EXECUTION  RR_BELOW_5_AT_CONFIRMATION
ZECUSDT           +25.11%    20%FORWARD_24H_COMPLETE     EXECUTION  RR_BELOW_5_AT_CONFIRMATION
USELESSUSDT       +24.80%     5%FORWARD_24H_COMPLETE     DISCOVERY  SELECTED_WITHOUT_LIFECYCLE_EPISODE

Forward 24H complete audits: 588
Partial-history audits: 0

IMPORTANT: PARTIAL_HISTORY rows are evidence collection only.
Do not tune Alpha Hunter from partial-history failure labels.
No trade permission was generated.

V7.9 MISSED-MOVER RECALL AUDITOR: PASS
