
ALPHA HUNTER V7.1 — 2026-08-21T14:39:37.846322+00:00

Universe: 30 deep-scanned of 759 contracts
Eligible after prefilter: 392
Non-crypto rejected: 294

SYMBOL                  PHASE    TIME   BEHAV                     STATE      RR   DISC  TRADE
---------------------------------------------------------------------------------------------
PENGUUSDT        ACCUMULATION    LATE    6.21   DIRECTION_EMERGING_LONG    0.07    YES     NO
TRUMPUSDT            IGNITION    FAIR    5.56   DIRECTION_EMERGING_LONG    0.18    YES     NO
BASEDUSDT      DISTRIBUTION_RISK    FAIR    5.48   DIRECTION_EMERGING_LONG    0.05     NO     NO
JUPUSDT        DISTRIBUTION_RISK    FAIR    5.27   DIRECTION_EMERGING_LONG    0.07     NO     NO
MAGMAUSDT           EXPANSION    FAIR    5.20   DIRECTION_EMERGING_LONG    0.34     NO     NO
SKYAIUSDT         COMPRESSION    FAIR    5.09   DIRECTION_EMERGING_LONG    0.50    YES     NO
TIAUSDT        DISTRIBUTION_RISK    FAIR    5.05   DIRECTION_EMERGING_LONG    0.04     NO     NO
LITUSDT           COMPRESSION   EARLY    5.03   DIRECTION_EMERGING_LONG    0.70    YES     NO
MORPHOUSDT       ACCUMULATION    FAIR    4.55                WATCH_LONG       —     NO     NO
0GUSDT               IGNITION    FAIR    4.36   DIRECTION_EMERGING_LONG    0.12     NO     NO
BEATUSDT            EXPANSION    LATE    4.30                WATCH_LONG       —     NO     NO
KAITOUSDT         COMPRESSION   EARLY    4.24                WATCH_LONG       —     NO     NO
WLFIUSDT          COMPRESSION   EARLY    4.23                   NEUTRAL       —     NO     NO
MOVEUSDT       DISTRIBUTION_RISK    FAIR    4.16   DIRECTION_EMERGING_LONG    0.03     NO     NO
ZROUSDT        DISTRIBUTION_RISK    FAIR    4.13   DIRECTION_EMERGING_LONG    0.08     NO     NO
EIGENUSDT        ACCUMULATION    FAIR    4.02   DIRECTION_EMERGING_LONG    0.05     NO     NO
CELOUSDT         ACCUMULATION    FAIR    3.88   DIRECTION_EMERGING_LONG    0.04     NO     NO
ZRXUSDT          ACCUMULATION    FAIR    3.86   DIRECTION_EMERGING_LONG    0.10     NO     NO
BICOUSDT          COMPRESSION    FAIR    3.75                WATCH_LONG       —     NO     NO
TRXUSDT           COMPRESSION   EARLY    3.73                   NEUTRAL       —     NO     NO
YGGUSDT          ACCUMULATION    FAIR    3.72   DIRECTION_EMERGING_LONG    0.17     NO     NO
SYRUPUSDT        ACCUMULATION    FAIR    3.57                WATCH_LONG       —     NO     NO
REUSDT           ACCUMULATION   EARLY    3.56                   NEUTRAL       —     NO     NO
ONGUSDT             EXPANSION    LATE    3.55               WATCH_SHORT       —     NO     NO
CAPUSDT          ACCUMULATION   EARLY    3.47                   NEUTRAL       —     NO     NO
ATUSDT         DISTRIBUTION_RISK    FAIR    3.43   DIRECTION_EMERGING_LONG    0.06     NO     NO
BANKUSDT         ACCUMULATION   EARLY    3.31   DIRECTION_EMERGING_LONG    0.11     NO     NO
XMRUSDT           COMPRESSION   EARLY    3.24                   NEUTRAL       —     NO     NO
FORMUSDT         ACCUMULATION    LATE    3.05                   NEUTRAL       —     NO     NO
SANTOSUSDT       ACCUMULATION   EARLY    2.16               WATCH_SHORT       —     NO     NO

V7.4 PRE-MOVE SURVEILLANCE
Eligible: 8 | Primary: 5 | Reserve: 3

PRIMARY
 1 XMRUSDT        REVERSAL       12.44 state=NEUTRAL
 2 REUSDT         REVERSAL       12.05 state=NEUTRAL
 3 WLFIUSDT       REVERSAL       11.45 state=NEUTRAL
 4 FORMUSDT       CONTINUATION   10.93 state=NEUTRAL
 5 ONGUSDT        REVERSAL       10.44 state=WATCH_SHORT

RESERVE
 6 SANTOSUSDT     REVERSAL       10.34 state=WATCH_SHORT
 7 LITUSDT        CONTINUATION    9.90 state=DIRECTION_EMERGING_LONG
 8 TRXUSDT        CONTINUATION    8.91 state=NEUTRAL

Run ID: e81a7b7071665d1009f58d460ecd8387
Snapshot saved: /home/runner/work/Alpha-Hunter/Alpha-Hunter/data/snapshots/snapshot-20260821T143937Z.json
State history: /home/runner/work/Alpha-Hunter/Alpha-Hunter/data/state-history.jsonl
Supabase: SAVED
Qualified discovery candidates: 4
EARLY candidates: 1
V7 Trade Ready: 0
Bitget private API: NOT_CONFIGURED
