
ALPHA HUNTER V7.1 — 2026-08-19T23:26:32.291992+00:00

Universe: 30 deep-scanned of 756 contracts
Eligible after prefilter: 341
Non-crypto rejected: 291

SYMBOL                  PHASE    TIME   BEHAV                     STATE      RR   DISC  TRADE
---------------------------------------------------------------------------------------------
ETHUSDT          ACCUMULATION    FAIR    4.69                WATCH_LONG       —     NO     NO
PUMPUSDT          COMPRESSION   EARLY    4.64                   NEUTRAL       —     NO     NO
HYPEUSDT         ACCUMULATION    LATE    4.58                WATCH_LONG       —     NO     NO
ZAMAUSDT         ACCUMULATION    FAIR    4.23   DIRECTION_EMERGING_LONG    0.09     NO     NO
INJUSDT          ACCUMULATION    FAIR    4.06   DIRECTION_EMERGING_LONG    0.11     NO     NO
BRETTUSDT        ACCUMULATION    FAIR    3.99   DIRECTION_EMERGING_LONG    0.20     NO     NO
BRUSDT           ACCUMULATION    FAIR    3.99                WATCH_LONG       —     NO     NO
APRUSDT           COMPRESSION   EARLY    3.97                   NEUTRAL       —     NO     NO
BOMEUSDT         ACCUMULATION    FAIR    3.81   DIRECTION_EMERGING_LONG    0.32     NO     NO
SPACEUSDT        ACCUMULATION    FAIR    3.76   DIRECTION_EMERGING_LONG    0.18     NO     NO
ENAUSDT        DISTRIBUTION_RISK    FAIR    3.76   DIRECTION_EMERGING_LONG    0.06     NO     NO
HOMEUSDT          COMPRESSION   EARLY    3.58                   NEUTRAL       —     NO     NO
POLUSDT           COMPRESSION   EARLY    3.54                WATCH_LONG       —     NO     NO
ACUUSDT          ACCUMULATION    FAIR    3.44                   NEUTRAL       —     NO     NO
LAUSDT            COMPRESSION   EARLY    3.33                   NEUTRAL       —     NO     NO
SOLUSDT          ACCUMULATION    FAIR    3.22                WATCH_LONG       —     NO     NO
CAPUSDT          ACCUMULATION   EARLY    3.15                   NEUTRAL       —     NO     NO
BANKUSDT          COMPRESSION   EARLY    3.03                   NEUTRAL       —     NO     NO
OPNUSDT           COMPRESSION   EARLY    2.93                   NEUTRAL       —     NO     NO
BIOUSDT          ACCUMULATION    FAIR    2.89                   NEUTRAL       —     NO     NO
VVVUSDT          ACCUMULATION   EARLY    2.74                WATCH_LONG       —     NO     NO
MELANIAUSDT      ACCUMULATION    FAIR    2.68                WATCH_LONG       —     NO     NO
EDGEUSDT         ACCUMULATION    FAIR    2.64                WATCH_LONG       —     NO     NO
WLFIUSDT         ACCUMULATION   EARLY    2.30                   NEUTRAL       —     NO     NO
REDUSDT          ACCUMULATION   EARLY    2.28                WATCH_LONG       —     NO     NO
BTCUSDT          ACCUMULATION   EARLY    2.27   DIRECTION_EMERGING_LONG    0.16     NO     NO
DEXEUSDT         ACCUMULATION   EARLY    2.08                   NEUTRAL       —     NO     NO
XMRUSDT          ACCUMULATION   EARLY    1.98                WATCH_LONG       —     NO     NO
GALAUSDT         ACCUMULATION   EARLY    1.79                   NEUTRAL       —     NO     NO
ASTERUSDT        ACCUMULATION   EARLY    1.71                   NEUTRAL       —     NO     NO

V7.4 PRE-MOVE SURVEILLANCE
Eligible: 5 | Primary: 5 | Reserve: 0

PRIMARY
 1 OPNUSDT        REVERSAL       12.37 state=NEUTRAL
 2 LAUSDT         REVERSAL       10.50 state=NEUTRAL
 3 CAPUSDT        REVERSAL       10.41 state=NEUTRAL
 4 PUMPUSDT       REVERSAL       10.16 state=NEUTRAL
 5 POLUSDT        CONTINUATION    9.93 state=WATCH_LONG

Run ID: 3ed56c33911b4f3f9a62019a5041a868
Snapshot saved: /home/runner/work/Alpha-Hunter/Alpha-Hunter/data/snapshots/snapshot-20260819T232632Z.json
State history: /home/runner/work/Alpha-Hunter/Alpha-Hunter/data/state-history.jsonl
Supabase: SAVED
Qualified discovery candidates: 0
EARLY candidates: 0
V7 Trade Ready: 0
Bitget private API: NOT_CONFIGURED
