
======================================================================================================================
ALPHA HUNTER V7.9 FULL-UNIVERSE HOURLY LEDGER — SHADOW
======================================================================================================================
Observed: 2026-08-19T23:26:35.351970+00:00
Hour bucket: 2026-08-19T23:00:00+00:00
Contract tickers: 756
Rows attempted: 756
Deep-scan selected: 30
Selection snapshot: 2026-08-19T23:26:32.291992+00:00
Selection run ID: 3ed56c33911b4f3f9a62019a5041a868
Prefilter eligible: 341
Eligible not selected: 311
Non-crypto: 291
Low liquidity: 117
Over-extended: 7
Invalid price skipped: 0
Rows purged >7d: 0

TOP ABSOLUTE 24H MOVERS
SYMBOL                  24H    ELIG    SCAN  STATUS
------------------------------------------------------------------------
MAGMAUSDT           +36.66%       N       N  OVER_EXTENDED
GPSUSDT             -35.95%       N       N  OVER_EXTENDED
REUSDT              +34.01%       N       N  OVER_EXTENDED
MSTUUSDT            +33.24%       N       N  NON_CRYPTO
PRLUSDT             -29.00%       N       N  OVER_EXTENDED
BEATUSDT            -28.47%       N       N  OVER_EXTENDED
TRUMPUSDT           +27.93%       N       N  OVER_EXTENDED
CONLUSDT            +27.12%       N       N  NON_CRYPTO
SKYAIUSDT           +25.78%       N       N  OVER_EXTENDED
MVLLUSDT            +24.54%       N       N  NON_CRYPTO
HUSDT               -22.91%       Y       N  ELIGIBLE_NOT_SELECTED
TRIAUSDT            -21.93%       Y       N  ELIGIBLE_NOT_SELECTED
TUTUSDT             -21.18%       Y       N  ELIGIBLE_NOT_SELECTED
HYPEUSDT            +20.34%       Y       Y  DEEP_SCAN_SELECTED
ARBUSDT             +19.34%       Y       N  ELIGIBLE_NOT_SELECTED

IMPORTANT: V7.9 IS MEASUREMENT/AUDIT ONLY.
Same-hour reruns do not overwrite the first stored universe snapshot.
Raw universe evidence is retained for 7 days.
No trade permission was generated.

V7.9 FULL-UNIVERSE LEDGER: PASS
