
ALPHA HUNTER V7.1 — 2026-08-18T10:33:06.969557+00:00

Universe: 29 deep-scanned of 759 contracts
Eligible after prefilter: 314
Non-crypto rejected: 290

SYMBOL                  PHASE    TIME   BEHAV                     STATE      RR   DISC  TRADE
---------------------------------------------------------------------------------------------
BTWUSDT          ACCUMULATION    FAIR    6.65   DIRECTION_EMERGING_LONG    1.39    YES     NO
GPSUSDT             EXPANSION    LATE    6.61   DIRECTION_EMERGING_LONG    0.15     NO     NO
HUSDT            ACCUMULATION   EARLY    5.95  DIRECTION_EMERGING_SHORT    0.48    YES     NO
BICOUSDT            BREAKDOWN    FAIR    5.54               WATCH_SHORT       —     NO     NO
AEONUSDT            EXPANSION    LATE    5.53   DIRECTION_EMERGING_LONG    0.11     NO     NO
OPNUSDT        DISTRIBUTION_RISK    FAIR    5.48   DIRECTION_EMERGING_LONG    0.03     NO     NO
JCTUSDT        DISTRIBUTION_RISK    FAIR    5.38                WATCH_LONG       —     NO     NO
VVVUSDT        DISTRIBUTION_RISK    FAIR    5.02   DIRECTION_EMERGING_LONG    0.01     NO     NO
TUTUSDT             EXPANSION    LATE    5.00                   NEUTRAL       —     NO     NO
BEATUSDT            EXPANSION    FAIR    4.84  DIRECTION_EMERGING_SHORT    0.08     NO     NO
HYPEUSDT          COMPRESSION   EARLY    4.02                WATCH_LONG       —     NO     NO
ADAUSDT           COMPRESSION   EARLY    3.81                   NEUTRAL       —     NO     NO
NEARUSDT          COMPRESSION   EARLY    3.72                   NEUTRAL       —     NO     NO
ZECUSDT           COMPRESSION   EARLY    3.67                   NEUTRAL       —     NO     NO
XRPUSDT          ACCUMULATION   EARLY    3.61  DIRECTION_EMERGING_SHORT    0.56     NO     NO
TAGUSDT          ACCUMULATION    FAIR    3.42               WATCH_SHORT       —     NO     NO
PEPEUSDT          COMPRESSION   EARLY    3.27                   NEUTRAL       —     NO     NO
DOGEUSDT          COMPRESSION   EARLY    3.25               WATCH_SHORT       —     NO     NO
SOLUSDT           COMPRESSION   EARLY    3.14                   NEUTRAL       —     NO     NO
GALAUSDT            BREAKDOWN    FAIR    3.09  DIRECTION_EMERGING_SHORT    0.21     NO     NO
LINKUSDT         ACCUMULATION   EARLY    3.08                   NEUTRAL       —     NO     NO
ETHUSDT           COMPRESSION   EARLY    3.03                   NEUTRAL       —     NO     NO
DIAUSDT          ACCUMULATION    FAIR    2.91                   NEUTRAL       —     NO     NO
OUSDT            ACCUMULATION    FAIR    2.80                   NEUTRAL       —     NO     NO
FIGHTUSDT           BREAKDOWN    FAIR    2.73  DIRECTION_EMERGING_SHORT    0.18     NO     NO
WLDUSDT          ACCUMULATION    FAIR    2.55                   NEUTRAL       —     NO     NO
BTCUSDT           COMPRESSION   EARLY    2.38                   NEUTRAL       —     NO     NO
TAOUSDT          ACCUMULATION   EARLY    1.80                   NEUTRAL       —     NO     NO
IRYSUSDT         ACCUMULATION    FAIR    1.40                   NEUTRAL       —     NO     NO

V7.4 PRE-MOVE SURVEILLANCE
Eligible: 6 | Primary: 5 | Reserve: 1

PRIMARY
 1 BTWUSDT        CONTINUATION   11.70 state=DIRECTION_EMERGING_LONG
 2 ZECUSDT        REVERSAL       11.10 state=NEUTRAL
 3 GPSUSDT        CONTINUATION   10.83 state=DIRECTION_EMERGING_LONG
 4 LINKUSDT       REVERSAL       10.55 state=NEUTRAL
 5 ETHUSDT        REVERSAL        9.83 state=NEUTRAL

RESERVE
 6 HYPEUSDT       CONTINUATION    9.79 state=WATCH_LONG

Run ID: 0b06d587a00a42590cdeadd95f28893f
Snapshot saved: /home/runner/work/Alpha-Hunter/Alpha-Hunter/data/snapshots/snapshot-20260818T103306Z.json
State history: /home/runner/work/Alpha-Hunter/Alpha-Hunter/data/state-history.jsonl
Supabase: SAVED
Qualified discovery candidates: 2
EARLY candidates: 1
V7 Trade Ready: 0
Bitget private API: NOT_CONFIGURED
