
======================================================================================================================
ALPHA HUNTER V7.9 FULL-UNIVERSE HOURLY LEDGER — SHADOW
======================================================================================================================
Observed: 2026-08-18T10:33:09.170463+00:00
Hour bucket: 2026-08-18T10:00:00+00:00
Contract tickers: 759
Rows attempted: 759
Deep-scan selected: 29
Selection snapshot: 2026-08-18T10:33:06.969557+00:00
Selection run ID: 0b06d587a00a42590cdeadd95f28893f
Prefilter eligible: 314
Eligible not selected: 285
Non-crypto: 290
Low liquidity: 153
Over-extended: 2
Invalid price skipped: 0
Rows purged >7d: 0

TOP ABSOLUTE 24H MOVERS
SYMBOL                  24H    ELIG    SCAN  STATUS
------------------------------------------------------------------------
VELVETUSDT          -36.16%       N       N  OVER_EXTENDED
AIOUSDT             -32.36%       N       N  OVER_EXTENDED
REDUSDT             +21.70%       Y       N  ELIGIBLE_NOT_SELECTED
VVVUSDT             +17.20%       Y       Y  DEEP_SCAN_SELECTED
TUTUSDT             +16.36%       Y       Y  DEEP_SCAN_SELECTED
PRLUSDT             +16.09%       Y       N  ELIGIBLE_NOT_SELECTED
FIGHTUSDT           -15.84%       Y       Y  DEEP_SCAN_SELECTED
UNITASUSDT          -15.77%       Y       N  ELIGIBLE_NOT_SELECTED
BEATUSDT            -14.89%       Y       Y  DEEP_SCAN_SELECTED
KORUUSDT            -14.72%       N       N  NON_CRYPTO
SKDDUSDT            +14.13%       N       N  NON_CRYPTO
GALAUSDT            -13.83%       Y       Y  DEEP_SCAN_SELECTED
ZHIPUUSDT           -13.62%       N       N  NON_CRYPTO
JCTUSDT             +13.50%       Y       Y  DEEP_SCAN_SELECTED
OPNUSDT             +13.49%       Y       Y  DEEP_SCAN_SELECTED

IMPORTANT: V7.9 IS MEASUREMENT/AUDIT ONLY.
Same-hour reruns do not overwrite the first stored universe snapshot.
Raw universe evidence is retained for 7 days.
No trade permission was generated.

V7.9 FULL-UNIVERSE LEDGER: PASS
