
==============================================================================================================
ALPHA HUNTER V7.5 INDEPENDENT EPISODE MARKET TRACKER
==============================================================================================================
Episodes stored: 85
Active episodes: 64

CYSUSDT        CONTINUATION  now=  -36.55% UP=   78.38% DOWN=  -37.80% 3=Y 5=Y 10=Y checks=44
BTWUSDT        CONTINUATION  now=   95.98% UP=  113.81% DOWN=    0.00% 3=Y 5=Y 10=Y checks=44
COOKIEUSDT     CONTINUATION  now=  -11.34% UP=    0.00% DOWN=  -15.46% 3=Y 5=Y 10=Y checks=44
SUIUSDT        CONTINUATION  now=   -3.62% UP=    0.00% DOWN=   -5.00% 3=Y 5=- 10=- checks=44
SOLUSDT        CONTINUATION  now=   -2.33% UP=    0.00% DOWN=   -4.13% 3=Y 5=- 10=- checks=44
SKYAIUSDT      REVERSAL      now=  -23.62% UP=    0.00% DOWN=  -42.50% 3=Y 5=Y 10=Y checks=44
DOGEUSDT       CONTINUATION  now=   -0.82% UP=    0.00% DOWN=   -2.32% 3=- 5=- 10=- checks=44
ADAUSDT        REVERSAL      now=  -10.47% UP=    0.00% DOWN=  -11.79% 3=Y 5=Y 10=Y checks=44
IOTXUSDT       REVERSAL      now=   -8.17% UP=    0.00% DOWN=  -10.53% 3=Y 5=Y 10=Y checks=44
MMTUSDT        REVERSAL      now=  -13.56% UP=    0.00% DOWN=  -14.50% 3=Y 5=Y 10=Y checks=44
SUIUSDT        CONTINUATION  now=   -2.47% UP=    0.00% DOWN=   -3.86% 3=Y 5=- 10=- checks=44
GWEIUSDT       REVERSAL      now=    2.52% UP=   17.67% DOWN=    0.00% 3=Y 5=Y 10=Y checks=44
BICOUSDT       REVERSAL      now=  -52.25% UP=    0.00% DOWN=  -58.94% 3=Y 5=Y 10=Y checks=44
MUBARAKUSDT    REVERSAL      now=   -8.67% UP=    0.00% DOWN=  -24.10% 3=Y 5=Y 10=Y checks=44
4USDT          REVERSAL      now=  -13.05% UP=    0.00% DOWN=  -22.21% 3=Y 5=Y 10=Y checks=44
JTOUSDT        REVERSAL      now=    8.83% UP=   10.17% DOWN=    0.00% 3=Y 5=Y 10=Y checks=44
FORMUSDT       REVERSAL      now=   -5.71% UP=    0.00% DOWN=   -7.88% 3=Y 5=Y 10=- checks=44
PUMPUSDT       REVERSAL      now=    1.91% UP=    2.58% DOWN=   -6.03% 3=Y 5=Y 10=- checks=44
ACUUSDT        REVERSAL      now=   -8.12% UP=   16.62% DOWN=   -8.97% 3=Y 5=Y 10=Y checks=44
HYPEUSDT       REVERSAL      now=    4.61% UP=    5.26% DOWN=   -0.62% 3=Y 5=Y 10=- checks=44
AEONUSDT       CONTINUATION  now=    4.19% UP=   28.62% DOWN=   -6.91% 3=Y 5=Y 10=Y checks=44
BTWUSDT        CONTINUATION  now=   31.30% UP=   43.38% DOWN=  -10.16% 3=Y 5=Y 10=Y checks=44
LINKUSDT       CONTINUATION  now=    0.75% UP=    2.16% DOWN=   -0.72% 3=- 5=- 10=- checks=21
ALICEUSDT      REVERSAL      now=    5.01% UP=   14.23% DOWN=   -0.79% 3=Y 5=Y 10=Y checks=21
NILUSDT        REVERSAL      now=    9.74% UP=   18.52% DOWN=   -0.41% 3=Y 5=Y 10=Y checks=21
PUMPUSDT       REVERSAL      now=    3.88% UP=    4.57% DOWN=   -4.21% 3=Y 5=- 10=- checks=21
BRUSDT         REVERSAL      now=   -5.96% UP=    3.07% DOWN=  -12.44% 3=Y 5=Y 10=Y checks=21
HYPEUSDT       REVERSAL      now=    3.31% UP=    3.98% DOWN=   -0.04% 3=Y 5=- 10=- checks=20
CAPUSDT        CONTINUATION  now=    0.20% UP=    6.36% DOWN=   -6.11% 3=Y 5=Y 10=- checks=20
COWUSDT        REVERSAL      now=  -11.74% UP=    3.39% DOWN=  -12.77% 3=Y 5=Y 10=Y checks=20
VELVETUSDT     REVERSAL      now=   10.94% UP=   31.02% DOWN=   -2.20% 3=Y 5=Y 10=Y checks=20
WLDUSDT        REVERSAL      now=    4.20% UP=    6.79% DOWN=   -1.61% 3=Y 5=Y 10=- checks=20
LINKUSDT       REVERSAL      now=    0.82% UP=    2.23% DOWN=   -0.64% 3=- 5=- 10=- checks=19
FOLKSUSDT      REVERSAL      now=   -3.82% UP=    0.93% DOWN=   -4.63% 3=Y 5=- 10=- checks=18
AEONUSDT       CONTINUATION  now=   -9.05% UP=    0.20% DOWN=  -18.55% 3=Y 5=Y 10=Y checks=17
WLDUSDT        REVERSAL      now=    4.86% UP=    7.47% DOWN=   -0.98% 3=Y 5=Y 10=- checks=16
PRLUSDT        CONTINUATION  now=    8.69% UP=   13.09% DOWN=   -0.61% 3=Y 5=Y 10=Y checks=16
WLDUSDT        CONTINUATION  now=    4.41% UP=    7.00% DOWN=   -1.41% 3=Y 5=Y 10=- checks=15
AEONUSDT       REVERSAL      now=   -6.17% UP=    3.37% DOWN=  -15.97% 3=Y 5=Y 10=Y checks=15
HYPEUSDT       CONTINUATION  now=    2.35% UP=    3.02% DOWN=   -0.74% 3=Y 5=- 10=- checks=15
BOMEUSDT       CONTINUATION  now=   -2.49% UP=    0.50% DOWN=   -6.24% 3=Y 5=Y 10=- checks=14
DOLOUSDT       REVERSAL      now=   -4.45% UP=   18.74% DOWN=   -4.45% 3=Y 5=Y 10=Y checks=14
VELVETUSDT     REVERSAL      now=   -3.60% UP=    5.57% DOWN=   -5.30% 3=Y 5=Y 10=- checks=13
HUSDT          REVERSAL      now=  -13.65% UP=   16.49% DOWN=  -15.33% 3=Y 5=Y 10=Y checks=12
BTWUSDT        CONTINUATION  now=   23.93% UP=   35.61% DOWN=   -0.04% 3=Y 5=Y 10=Y checks=12
WLDUSDT        CONTINUATION  now=    3.84% UP=    6.42% DOWN=    0.00% 3=Y 5=Y 10=- checks=11
AEONUSDT       REVERSAL      now=    2.98% UP=    9.32% DOWN=   -7.78% 3=Y 5=Y 10=- checks=10
ROBOUSDT       REVERSAL      now=   -5.77% UP=    4.11% DOWN=   -7.03% 3=Y 5=Y 10=- checks=8
ONGUSDT        CONTINUATION  now=    8.86% UP=   18.39% DOWN=   -2.88% 3=Y 5=Y 10=Y checks=6
LINKUSDT       CONTINUATION  now=   -0.12% UP=    1.28% DOWN=   -1.13% 3=- 5=- 10=- checks=6
LINKUSDT       REVERSAL      now=    0.62% UP=    2.03% DOWN=   -0.29% 3=- 5=- 10=- checks=5
PRLUSDT        CONTINUATION  now=    4.03% UP=    5.86% DOWN=   -3.30% 3=Y 5=Y 10=- checks=5
REDUSDT        REVERSAL      now=   -2.88% UP=    0.00% DOWN=   -3.22% 3=Y 5=- 10=- checks=5
PRLUSDT        CONTINUATION  now=    4.03% UP=    5.86% DOWN=   -3.30% 3=Y 5=Y 10=- checks=5
LINKUSDT       REVERSAL      now=    0.62% UP=    2.03% DOWN=   -0.29% 3=- 5=- 10=- checks=5
REDUSDT        REVERSAL      now=   -2.88% UP=    0.00% DOWN=   -3.22% 3=Y 5=- 10=- checks=5
HUSDT          REVERSAL      now=  -22.98% UP=    3.58% DOWN=  -24.62% 3=Y 5=Y 10=Y checks=3
NILUSDT        CONTINUATION  now=   -2.90% UP=    4.46% DOWN=   -3.42% 3=Y 5=- 10=- checks=3
AIOUSDT        CONTINUATION  now=   -4.09% UP=    5.03% DOWN=   -6.23% 3=Y 5=Y 10=- checks=3
VELVETUSDT     CONTINUATION  now=   -0.76% UP=    0.27% DOWN=   -2.60% 3=- 5=- 10=- checks=2
NILUSDT        REVERSAL      now=    0.15% UP=    0.15% DOWN=   -0.27% 3=- 5=- 10=- checks=1
BASEDUSDT      REVERSAL      now=    0.20% UP=    0.20% DOWN=    0.00% 3=- 5=- 10=- checks=1
AEONUSDT       REVERSAL      now=   -0.55% UP=    0.00% DOWN=   -0.55% 3=- 5=- 10=- checks=1
LINKUSDT       REVERSAL      now=   -0.02% UP=    0.02% DOWN=   -0.03% 3=- 5=- 10=- checks=1

==============================================================================================================
TRACKER SUMMARY
==============================================================================================================
Checked: 64
Failed: 0
Supabase rows upserted: 85
3% episodes: 70
5% episodes: 58
10% episodes: 38

V7.5 EPISODE MARKET TRACKER: PASS
