V7.5 state restored from Supabase: 81

ALPHA HUNTER V7.5 OPPORTUNITY LIFECYCLE
Run ID: 296152224547ea189152b73bda83cbc1
Timestamp: 2026-08-17T05:38:50.622683+00:00
Lifecycle candidates: 4

NEW    NILUSDT        REVERSAL      state=PRE_MOVE_DETECTED    det=1   v74=10.30 rank=3 shadow= 9.28 provisional=ACTIVE final=PENDING
NEW    BASEDUSDT      REVERSAL      state=PRE_MOVE_DETECTED    det=1   v74=11.54 rank=2 shadow=11.90 provisional=ACTIVE final=PENDING
NEW    AEONUSDT       REVERSAL      state=PRE_MOVE_DETECTED    det=1   v74=12.24 rank=1 shadow=12.22 provisional=ACTIVE final=PENDING
NEW    LINKUSDT       REVERSAL      state=PRE_MOVE_DETECTED    det=1   v74= 9.65 rank=4 shadow= 5.96 provisional=ACTIVE final=PENDING

Supabase lifecycle rows upserted: 85
Supabase lifecycle row count: 85

====================================================================================================
V7.5 LIFECYCLE SUMMARY
====================================================================================================
Episodes stored: 85
Created this run: 4
Updated this run: 0
Active episodes: 85

STATE COUNTS
DIRECTION_EMERGING       8
EXPANSION                8
FINALIZED                21
PRE_MOVE_DETECTED        48

State file: /home/runner/work/Alpha-Hunter/Alpha-Hunter/data/v75-lifecycle-episodes.json
History file: /home/runner/work/Alpha-Hunter/Alpha-Hunter/data/v75-lifecycle-history.jsonl

V7.5 LIFECYCLE JOB: PASS
