
======================================================================================================================
ALPHA HUNTER V7.9 FULL-UNIVERSE HOURLY LEDGER — SHADOW
======================================================================================================================
Observed: 2026-08-17T05:38:52.901236+00:00
Hour bucket: 2026-08-17T05:00:00+00:00
Contract tickers: 755
Rows attempted: 755
Deep-scan selected: 30
Selection snapshot: 2026-08-17T05:38:50.622683+00:00
Selection run ID: 296152224547ea189152b73bda83cbc1
Prefilter eligible: 299
Eligible not selected: 270
Non-crypto: 286
Low liquidity: 166
Over-extended: 4
Invalid price skipped: 0
Rows purged >7d: 0

TOP ABSOLUTE 24H MOVERS
SYMBOL                  24H    ELIG    SCAN  STATUS
------------------------------------------------------------------------
GPSUSDT             +42.67%       N       Y  OVER_EXTENDED
BTWUSDT             +35.93%       N       N  OVER_EXTENDED
HUSDT               -34.00%       N       N  OVER_EXTENDED
TUTUSDT             +29.07%       N       N  OVER_EXTENDED
ACUUSDT             -20.15%       Y       N  ELIGIBLE_NOT_SELECTED
SKYAIUSDT           +19.76%       Y       N  ELIGIBLE_NOT_SELECTED
MUBARAKUSDT         +18.95%       Y       N  ELIGIBLE_NOT_SELECTED
CYSUSDT             -16.57%       Y       Y  DEEP_SCAN_SELECTED
USUSDT              +16.46%       Y       N  ELIGIBLE_NOT_SELECTED
ONGUSDT             +15.96%       Y       N  ELIGIBLE_NOT_SELECTED
BEATUSDT            -14.56%       Y       Y  DEEP_SCAN_SELECTED
COWUSDT             -14.46%       Y       Y  DEEP_SCAN_SELECTED
XPINUSDT            -13.65%       Y       N  ELIGIBLE_NOT_SELECTED
ACEUSDT             +12.36%       Y       Y  DEEP_SCAN_SELECTED
NXPCUSDT            +12.05%       Y       Y  DEEP_SCAN_SELECTED

IMPORTANT: V7.9 IS MEASUREMENT/AUDIT ONLY.
Same-hour reruns do not overwrite the first stored universe snapshot.
Raw universe evidence is retained for 7 days.
No trade permission was generated.

V7.9 FULL-UNIVERSE LEDGER: PASS
