
==============================================================================================================================
ALPHA HUNTER V7.9 MISSED-MOVER RECALL AUDITOR — SHADOW
==============================================================================================================================
Universe ledger rows loaded: 14328
Symbols with ledger history: 755
Audit rows: 100
Supabase rows upserted: 100

SYMBOL               MOVE    THR              QUAL         STAGE  REASON
------------------------------------------------------------------------------------------------------------------------------
GPSUSDT           +42.67%     5%   PARTIAL_6H_PLUS          DATA  INSUFFICIENT_LEDGER_HISTORY
GPSUSDT           +42.67%    10%   PARTIAL_6H_PLUS          DATA  INSUFFICIENT_LEDGER_HISTORY
GPSUSDT           +42.67%    20%   PARTIAL_6H_PLUS          DATA  INSUFFICIENT_LEDGER_HISTORY
BTWUSDT           +35.93%     5%   PARTIAL_6H_PLUS          DATA  INSUFFICIENT_LEDGER_HISTORY
BTWUSDT           +35.93%    10%   PARTIAL_6H_PLUS          DATA  INSUFFICIENT_LEDGER_HISTORY
BTWUSDT           +35.93%    20%   PARTIAL_6H_PLUS          DATA  INSUFFICIENT_LEDGER_HISTORY
HUSDT             -34.00%     5%   PARTIAL_6H_PLUS          DATA  INSUFFICIENT_LEDGER_HISTORY
HUSDT             -34.00%    10%   PARTIAL_6H_PLUS          DATA  INSUFFICIENT_LEDGER_HISTORY
HUSDT             -34.00%    20%   PARTIAL_6H_PLUS          DATA  INSUFFICIENT_LEDGER_HISTORY
TUTUSDT           +29.07%     5%   PARTIAL_6H_PLUS          DATA  INSUFFICIENT_LEDGER_HISTORY
TUTUSDT           +29.07%    10%   PARTIAL_6H_PLUS          DATA  INSUFFICIENT_LEDGER_HISTORY
TUTUSDT           +29.07%    20%   PARTIAL_6H_PLUS          DATA  INSUFFICIENT_LEDGER_HISTORY
ACUUSDT           -20.15%     5%   PARTIAL_6H_PLUS          DATA  INSUFFICIENT_LEDGER_HISTORY
ACUUSDT           -20.15%    10%   PARTIAL_6H_PLUS          DATA  INSUFFICIENT_LEDGER_HISTORY
ACUUSDT           -20.15%    20%   PARTIAL_6H_PLUS          DATA  INSUFFICIENT_LEDGER_HISTORY
SKYAIUSDT         +19.76%     5%   PARTIAL_6H_PLUS          DATA  INSUFFICIENT_LEDGER_HISTORY
SKYAIUSDT         +19.76%    10%   PARTIAL_6H_PLUS          DATA  INSUFFICIENT_LEDGER_HISTORY
MUBARAKUSDT       +18.95%     5%   PARTIAL_6H_PLUS          DATA  INSUFFICIENT_LEDGER_HISTORY
MUBARAKUSDT       +18.95%    10%   PARTIAL_6H_PLUS          DATA  INSUFFICIENT_LEDGER_HISTORY
CYSUSDT           -16.57%     5%   PARTIAL_6H_PLUS          DATA  INSUFFICIENT_LEDGER_HISTORY
CYSUSDT           -16.57%    10%   PARTIAL_6H_PLUS          DATA  INSUFFICIENT_LEDGER_HISTORY
USUSDT            +16.46%     5%   PARTIAL_6H_PLUS          DATA  INSUFFICIENT_LEDGER_HISTORY
USUSDT            +16.46%    10%   PARTIAL_6H_PLUS          DATA  INSUFFICIENT_LEDGER_HISTORY
ONGUSDT           +15.96%     5%   PARTIAL_6H_PLUS          DATA  INSUFFICIENT_LEDGER_HISTORY
ONGUSDT           +15.96%    10%   PARTIAL_6H_PLUS          DATA  INSUFFICIENT_LEDGER_HISTORY
BEATUSDT          -14.56%     5%   PARTIAL_6H_PLUS          DATA  INSUFFICIENT_LEDGER_HISTORY
BEATUSDT          -14.56%    10%   PARTIAL_6H_PLUS          DATA  INSUFFICIENT_LEDGER_HISTORY
COWUSDT           -14.46%     5%   PARTIAL_6H_PLUS          DATA  INSUFFICIENT_LEDGER_HISTORY
COWUSDT           -14.46%    10%   PARTIAL_6H_PLUS          DATA  INSUFFICIENT_LEDGER_HISTORY
XPINUSDT          -13.65%     5%   PARTIAL_6H_PLUS          DATA  INSUFFICIENT_LEDGER_HISTORY
XPINUSDT          -13.65%    10%   PARTIAL_6H_PLUS          DATA  INSUFFICIENT_LEDGER_HISTORY
ACEUSDT           +12.36%     5%   PARTIAL_6H_PLUS          DATA  INSUFFICIENT_LEDGER_HISTORY
ACEUSDT           +12.36%    10%   PARTIAL_6H_PLUS          DATA  INSUFFICIENT_LEDGER_HISTORY
NXPCUSDT          +12.05%     5%   PARTIAL_6H_PLUS          DATA  INSUFFICIENT_LEDGER_HISTORY
NXPCUSDT          +12.05%    10%   PARTIAL_6H_PLUS          DATA  INSUFFICIENT_LEDGER_HISTORY
AEONUSDT          -11.38%     5%   PARTIAL_6H_PLUS          DATA  INSUFFICIENT_LEDGER_HISTORY
AEONUSDT          -11.38%    10%   PARTIAL_6H_PLUS          DATA  INSUFFICIENT_LEDGER_HISTORY
KIOXIAUSDT        +11.06%     5%   PARTIAL_6H_PLUS          DATA  INSUFFICIENT_LEDGER_HISTORY
KIOXIAUSDT        +11.06%    10%   PARTIAL_6H_PLUS          DATA  INSUFFICIENT_LEDGER_HISTORY
BSBUSDT           +11.06%     5%   PARTIAL_6H_PLUS          DATA  INSUFFICIENT_LEDGER_HISTORY

Forward 24H complete audits: 0
Partial-history audits: 100

IMPORTANT: PARTIAL_HISTORY rows are evidence collection only.
Do not tune Alpha Hunter from partial-history failure labels.
No trade permission was generated.

V7.9 MISSED-MOVER RECALL AUDITOR: PASS
