
ALPHA HUNTER V7.1 — 2026-08-17T11:30:13.977008+00:00

Universe: 29 deep-scanned of 756 contracts
Eligible after prefilter: 307
Non-crypto rejected: 287

SYMBOL                  PHASE    TIME   BEHAV                     STATE      RR   DISC  TRADE
---------------------------------------------------------------------------------------------
AIOUSDT             EXPANSION    LATE    8.37   DIRECTION_EMERGING_LONG    0.17     NO     NO
GPSUSDT             EXPANSION    LATE    7.33   DIRECTION_EMERGING_LONG    0.07     NO     NO
RAREUSDT             IGNITION    FAIR    6.14   DIRECTION_EMERGING_LONG    0.34    YES     NO
LUMIAUSDT      DISTRIBUTION_RISK    FAIR    5.51   DIRECTION_EMERGING_LONG    0.37     NO     NO
OUSDT            ACCUMULATION    FAIR    5.35                   NEUTRAL       —    YES     NO
POWERUSDT      DISTRIBUTION_RISK    FAIR    5.04                WATCH_LONG       —     NO     NO
ONGUSDT          ACCUMULATION    LATE    4.82                   NEUTRAL       —     NO     NO
TUTUSDT          ACCUMULATION    LATE    4.68                   NEUTRAL       —     NO     NO
HOMEUSDT         ACCUMULATION    FAIR    4.53               WATCH_SHORT       —     NO     NO
BTWUSDT          ACCUMULATION   EARLY    4.44               WATCH_SHORT       —     NO     NO
CYSUSDT             EXPANSION    FAIR    4.18               WATCH_SHORT       —     NO     NO
LINKUSDT          COMPRESSION   EARLY    4.10   DIRECTION_EMERGING_LONG    0.46     NO     NO
WLFIUSDT          COMPRESSION   EARLY    3.78                WATCH_LONG       —     NO     NO
MOVRUSDT            BREAKDOWN   EARLY    3.65  DIRECTION_EMERGING_SHORT    0.20     NO     NO
CHIPUSDT         ACCUMULATION    FAIR    3.44                   NEUTRAL       —     NO     NO
BOMEUSDT            BREAKDOWN    FAIR    3.40               WATCH_SHORT       —     NO     NO
HYPEUSDT         ACCUMULATION   EARLY    3.16   DIRECTION_EMERGING_LONG    0.09     NO     NO
ZECUSDT          ACCUMULATION   EARLY    3.12                WATCH_LONG       —     NO     NO
BTCUSDT          ACCUMULATION   EARLY    2.84   DIRECTION_EMERGING_LONG    0.06     NO     NO
ADAUSDT          ACCUMULATION   EARLY    2.75               WATCH_SHORT       —     NO     NO
BNBUSDT          ACCUMULATION   EARLY    2.60               WATCH_SHORT       —     NO     NO
SOLUSDT              RECOVERY   EARLY    2.53                WATCH_LONG       —     NO     NO
ETHUSDT          ACCUMULATION   EARLY    2.44   DIRECTION_EMERGING_LONG    0.18     NO     NO
ACUUSDT          ACCUMULATION    FAIR    2.41                   NEUTRAL       —     NO     NO
ELSAUSDT         ACCUMULATION    FAIR    2.34                   NEUTRAL       —     NO     NO
PEPEUSDT         ACCUMULATION   EARLY    2.25                   NEUTRAL       —     NO     NO
SUIUSDT              RECOVERY   EARLY    2.12                WATCH_LONG       —     NO     NO
DOGEUSDT         ACCUMULATION   EARLY    2.04                WATCH_LONG       —     NO     NO
XRPUSDT          ACCUMULATION   EARLY    1.47                   NEUTRAL       —     NO     NO

V7.4 PRE-MOVE SURVEILLANCE
Eligible: 4 | Primary: 4 | Reserve: 0

PRIMARY
 1 AIOUSDT        CONTINUATION   11.99 state=DIRECTION_EMERGING_LONG
 2 ACUUSDT        REVERSAL       10.80 state=NEUTRAL
 3 LINKUSDT       CONTINUATION    9.73 state=DIRECTION_EMERGING_LONG
 4 BTWUSDT        REVERSAL        9.33 state=WATCH_SHORT

Run ID: 63214203a26996ebf854c11e9a240acb
Snapshot saved: /home/runner/work/Alpha-Hunter/Alpha-Hunter/data/snapshots/snapshot-20260817T113013Z.json
State history: /home/runner/work/Alpha-Hunter/Alpha-Hunter/data/state-history.jsonl
Supabase: SAVED
Qualified discovery candidates: 2
EARLY candidates: 0
V7 Trade Ready: 0
Bitget private API: NOT_CONFIGURED
