
==============================================================================================================
ALPHA HUNTER V7.5 INDEPENDENT EPISODE MARKET TRACKER
==============================================================================================================
Episodes stored: 95
Active episodes: 61

CYSUSDT        CONTINUATION  now=  -45.41% UP=   78.38% DOWN=  -50.38% 3=Y 5=Y 10=Y checks=48
BTWUSDT        CONTINUATION  now=   64.13% UP=  113.81% DOWN=    0.00% 3=Y 5=Y 10=Y checks=48
COOKIEUSDT     CONTINUATION  now=  -11.03% UP=    0.00% DOWN=  -15.46% 3=Y 5=Y 10=Y checks=48
SUIUSDT        CONTINUATION  now=   -3.35% UP=    0.00% DOWN=   -5.00% 3=Y 5=- 10=- checks=48
SOLUSDT        CONTINUATION  now=   -1.94% UP=    0.00% DOWN=   -4.13% 3=Y 5=- 10=- checks=48
SKYAIUSDT      REVERSAL      now=  -29.62% UP=    0.00% DOWN=  -42.50% 3=Y 5=Y 10=Y checks=48
DOGEUSDT       CONTINUATION  now=   -0.57% UP=    0.00% DOWN=   -2.32% 3=- 5=- 10=- checks=48
ADAUSDT        REVERSAL      now=  -11.73% UP=    0.00% DOWN=  -12.90% 3=Y 5=Y 10=Y checks=48
GWEIUSDT       REVERSAL      now=    3.90% UP=   17.67% DOWN=    0.00% 3=Y 5=Y 10=Y checks=48
BICOUSDT       REVERSAL      now=  -53.75% UP=    0.00% DOWN=  -58.94% 3=Y 5=Y 10=Y checks=48
IOTXUSDT       REVERSAL      now=   -9.23% UP=    0.00% DOWN=  -10.53% 3=Y 5=Y 10=Y checks=48
MMTUSDT        REVERSAL      now=  -13.96% UP=    0.00% DOWN=  -14.74% 3=Y 5=Y 10=Y checks=48
SUIUSDT        CONTINUATION  now=   -2.19% UP=    0.00% DOWN=   -3.86% 3=Y 5=- 10=- checks=48
MUBARAKUSDT    REVERSAL      now=  -14.03% UP=    0.00% DOWN=  -24.10% 3=Y 5=Y 10=Y checks=48
4USDT          REVERSAL      now=  -14.84% UP=    0.00% DOWN=  -22.21% 3=Y 5=Y 10=Y checks=48
JTOUSDT        REVERSAL      now=    7.98% UP=   11.45% DOWN=    0.00% 3=Y 5=Y 10=Y checks=48
FORMUSDT       REVERSAL      now=   -6.45% UP=    0.00% DOWN=   -7.88% 3=Y 5=Y 10=- checks=48
PUMPUSDT       REVERSAL      now=    0.56% UP=    5.86% DOWN=   -6.03% 3=Y 5=Y 10=- checks=48
ACUUSDT        REVERSAL      now=    0.25% UP=   16.62% DOWN=  -12.33% 3=Y 5=Y 10=Y checks=48
HYPEUSDT       REVERSAL      now=    6.05% UP=    6.56% DOWN=   -0.62% 3=Y 5=Y 10=- checks=48
AEONUSDT       CONTINUATION  now=   16.61% UP=   28.62% DOWN=   -6.91% 3=Y 5=Y 10=Y checks=48
BTWUSDT        CONTINUATION  now=    9.93% UP=   43.38% DOWN=  -10.16% 3=Y 5=Y 10=Y checks=48
WLDUSDT        REVERSAL      now=    4.89% UP=    7.47% DOWN=   -0.98% 3=Y 5=Y 10=- checks=20
PRLUSDT        CONTINUATION  now=    6.30% UP=   13.09% DOWN=   -0.61% 3=Y 5=Y 10=Y checks=20
WLDUSDT        CONTINUATION  now=    4.44% UP=    7.00% DOWN=   -1.41% 3=Y 5=Y 10=- checks=19
AEONUSDT       REVERSAL      now=    5.25% UP=    7.17% DOWN=  -15.97% 3=Y 5=Y 10=Y checks=19
HYPEUSDT       CONTINUATION  now=    3.79% UP=    4.29% DOWN=   -0.74% 3=Y 5=- 10=- checks=19
BOMEUSDT       CONTINUATION  now=   -8.70% UP=    0.50% DOWN=   -9.06% 3=Y 5=Y 10=- checks=18
DOLOUSDT       REVERSAL      now=   -4.07% UP=   18.74% DOWN=   -5.22% 3=Y 5=Y 10=Y checks=18
VELVETUSDT     REVERSAL      now=  -28.09% UP=    5.57% DOWN=  -29.44% 3=Y 5=Y 10=Y checks=17
HUSDT          REVERSAL      now=   -8.60% UP=   16.49% DOWN=  -18.01% 3=Y 5=Y 10=Y checks=16
BTWUSDT        CONTINUATION  now=    3.87% UP=   35.61% DOWN=   -1.78% 3=Y 5=Y 10=Y checks=16
WLDUSDT        CONTINUATION  now=    3.87% UP=    6.42% DOWN=    0.00% 3=Y 5=Y 10=- checks=15
AEONUSDT       REVERSAL      now=   15.51% UP=   17.62% DOWN=   -7.78% 3=Y 5=Y 10=Y checks=14
ROBOUSDT       REVERSAL      now=   -6.76% UP=    4.11% DOWN=   -8.89% 3=Y 5=Y 10=- checks=12
LINKUSDT       CONTINUATION  now=    0.55% UP=    1.28% DOWN=   -1.13% 3=- 5=- 10=- checks=10
ONGUSDT        CONTINUATION  now=    7.31% UP=   18.39% DOWN=   -2.88% 3=Y 5=Y 10=Y checks=10
PRLUSDT        CONTINUATION  now=    1.50% UP=    5.86% DOWN=   -4.03% 3=Y 5=Y 10=- checks=9
REDUSDT        REVERSAL      now=   -4.60% UP=    0.00% DOWN=   -5.18% 3=Y 5=Y 10=- checks=9
LINKUSDT       REVERSAL      now=    1.29% UP=    2.03% DOWN=   -0.29% 3=- 5=- 10=- checks=9
PRLUSDT        CONTINUATION  now=    1.50% UP=    5.86% DOWN=   -4.03% 3=Y 5=Y 10=- checks=9
REDUSDT        REVERSAL      now=   -4.60% UP=    0.00% DOWN=   -5.18% 3=Y 5=Y 10=- checks=9
LINKUSDT       REVERSAL      now=    1.29% UP=    2.03% DOWN=   -0.29% 3=- 5=- 10=- checks=9
HUSDT          REVERSAL      now=  -18.63% UP=    3.58% DOWN=  -27.00% 3=Y 5=Y 10=Y checks=7
NILUSDT        CONTINUATION  now=   -4.66% UP=    4.46% DOWN=   -6.47% 3=Y 5=Y 10=- checks=7
AIOUSDT        CONTINUATION  now=    2.75% UP=    6.21% DOWN=  -10.17% 3=Y 5=Y 10=Y checks=7
VELVETUSDT     CONTINUATION  now=  -26.42% UP=    3.94% DOWN=  -27.43% 3=Y 5=Y 10=Y checks=6
LINKUSDT       REVERSAL      now=    0.64% UP=    0.95% DOWN=   -0.71% 3=- 5=- 10=- checks=5
NILUSDT        REVERSAL      now=   -1.68% UP=    3.79% DOWN=   -3.55% 3=Y 5=- 10=- checks=5
BASEDUSDT      REVERSAL      now=    2.23% UP=    3.02% DOWN=   -0.32% 3=Y 5=- 10=- checks=5
AEONUSDT       REVERSAL      now=   11.35% UP=   13.59% DOWN=   -1.36% 3=Y 5=Y 10=Y checks=5
AIOUSDT        REVERSAL      now=    7.86% UP=   11.46% DOWN=   -4.77% 3=Y 5=Y 10=Y checks=4
PIXELUSDT      REVERSAL      now=    6.88% UP=    7.37% DOWN=   -0.81% 3=Y 5=Y 10=- checks=4
CHIPUSDT       CONTINUATION  now=   -2.92% UP=    5.56% DOWN=   -6.10% 3=Y 5=Y 10=- checks=4
AIOUSDT        CONTINUATION  now=    1.15% UP=    4.58% DOWN=   -4.35% 3=Y 5=- 10=- checks=3
PRLUSDT        CONTINUATION  now=    2.88% UP=    4.27% DOWN=   -0.57% 3=Y 5=- 10=- checks=3
ACUUSDT        REVERSAL      now=    2.30% UP=    4.41% DOWN=   -0.93% 3=Y 5=- 10=- checks=3
NILUSDT        REVERSAL      now=   -3.26% UP=    0.86% DOWN=   -5.10% 3=Y 5=Y 10=- checks=3
DOLOUSDT       REVERSAL      now=    0.31% UP=    1.33% DOWN=   -0.49% 3=- 5=- 10=- checks=2
BTWUSDT        REVERSAL      now=    0.39% UP=    0.64% DOWN=   -0.05% 3=- 5=- 10=- checks=1
LINKUSDT       CONTINUATION  now=   -0.04% UP=    0.00% DOWN=   -0.04% 3=- 5=- 10=- checks=1

==============================================================================================================
TRACKER SUMMARY
==============================================================================================================
Checked: 61
Failed: 0
Supabase rows upserted: 95
3% episodes: 81
5% episodes: 68
10% episodes: 44

V7.5 EPISODE MARKET TRACKER: PASS
