V7.4 HOURLY PERFORMANCE TRACKER
Run ID: 49f41c5c9f377b39ec5d40374939c8fd

V7.4.1 SHADOW REVERSAL
 SH SYMBOL           V74     OLD   SHADOW
--------------------------------------------------
  1 LINKUSDT           6    9.54    12.20
  2 DIAUSDT            1   12.36     9.74
  3 ETHUSDT            4    9.83     6.73
PERFORMANCE SIGNALS SAVED: 25
FEATURE ROWS SAVED: 25
V7.4 OUTCOMES 1H: saved=4 failed=0
V7.4 OUTCOMES 4H: saved=10 failed=0
V7.4 OUTCOMES 12H: saved=3 failed=0
V7.4 OUTCOMES 24H: saved=9 failed=0
OUTCOME EVALUATION COMPLETE: saved=26 failed=0

==========================================================================================
V7.4 CURRENT SURVEILLANCE COHORT
==========================================================================================
RANK SYMBOL         TIER      PATH            SCORE STATE
------------------------------------------------------------------------------------------
   1 DIAUSDT        PRIMARY   REVERSAL        12.36 NEUTRAL
   2 GPSUSDT        PRIMARY   CONTINUATION    12.00 DIRECTION_EMERGING_LONG
   3 ZECUSDT        PRIMARY   CONTINUATION    10.00 NEUTRAL
   4 ETHUSDT        PRIMARY   REVERSAL         9.83 NEUTRAL
   5 HYPEUSDT       PRIMARY   CONTINUATION     9.79 WATCH_LONG
   6 LINKUSDT       RESERVE   REVERSAL         9.54 WATCH_SHORT
   7 BTWUSDT        RESERVE   CONTINUATION     9.00 DIRECTION_EMERGING_LONG
   8 SOLUSDT        RESERVE   CONTINUATION     8.96 DIRECTION_EMERGING_LONG

================================================================================================================================
V7.4 FORWARD PERFORMANCE — RAW PRICE EXPANSION
================================================================================================================================

PRIMARY / RESERVE + PATH
  H TIER      PATH              N    POS%   AVG RAW   AVG ABS    EXP3%    EXP5%   EXP10%    UP5%    DN5%
--------------------------------------------------------------------------------------------------------------------------------
  1 PRIMARY   CONTINUATION     54   38.9%   -0.303%    1.282%     7.4%     5.6%     1.9%    3.7%    1.9%
  1 PRIMARY   REVERSAL         97   51.5%    0.012%    1.749%    16.5%     5.2%     1.0%    2.1%    3.1%
  1 RESERVE   CONTINUATION     10   40.0%   -0.148%    0.843%     0.0%     0.0%     0.0%    0.0%    0.0%
  1 RESERVE   REVERSAL          8   62.5%   -0.147%    0.429%     0.0%     0.0%     0.0%    0.0%    0.0%
  4 PRIMARY   CONTINUATION     39   33.3%   -2.004%    2.807%    15.4%    15.4%    10.3%    5.1%   10.3%
  4 PRIMARY   REVERSAL         83   54.2%    0.134%    3.009%    39.8%    21.7%     2.4%   10.8%   10.8%
  4 RESERVE   CONTINUATION      6   33.3%   -0.671%    0.864%     0.0%     0.0%     0.0%    0.0%    0.0%
  4 RESERVE   REVERSAL          1  100.0%    0.032%    0.032%     0.0%     0.0%     0.0%    0.0%    0.0%
 12 PRIMARY   CONTINUATION     15   20.0%  -12.482%   13.590%    73.3%    60.0%    33.3%    0.0%   60.0%
 12 PRIMARY   REVERSAL         50   60.0%    0.995%    7.525%    64.0%    48.0%    24.0%   26.0%   22.0%
 12 RESERVE   REVERSAL          1    0.0%   -0.452%    0.452%     0.0%     0.0%     0.0%    0.0%    0.0%

RANK QUALITY
  H RANK BUCKET         N    POS%   AVG RAW   AVG ABS    EXP3%    EXP5%   EXP10%    UP5%    DN5%
----------------------------------------------------------------------------------------------------------------
  1 TOP_1_3           105   43.8%   -0.159%    1.802%    16.2%     7.6%     1.9%    3.8%    3.8%
  1 TOP_4_5            46   54.3%    0.033%    1.079%     6.5%     0.0%     0.0%    0.0%    0.0%
  1 RESERVE_6_10       18   50.0%   -0.147%    0.659%     0.0%     0.0%     0.0%    0.0%    0.0%
  4 TOP_1_3            87   43.7%   -0.870%    3.420%    35.6%    24.1%     6.9%   10.3%   13.8%
  4 TOP_4_5            35   57.1%    0.247%    1.763%    22.9%     8.6%     0.0%    5.7%    2.9%
  4 RESERVE_6_10        7   42.9%   -0.571%    0.745%     0.0%     0.0%     0.0%    0.0%    0.0%
 12 TOP_1_3            48   54.2%   -2.567%   10.157%    66.7%    50.0%    33.3%   20.8%   29.2%
 12 TOP_4_5            17   41.2%   -0.836%    5.446%    64.7%    52.9%     5.9%   17.6%   35.3%
 12 RESERVE_6_10        1    0.0%   -0.452%    0.452%     0.0%     0.0%     0.0%    0.0%    0.0%

Metric definitions:
AVG RAW = average raw market return from detection price.
AVG ABS = average absolute price movement regardless of direction.
EXP3/5/10 = percentage of candidates moving at least 3% / 5% / 10% in either direction.
UP5 = raw upside move >= +5%; DN5 = raw downside move <= -5%.
No V7.4 trade-direction assumption is used in these metrics.

V7.4 TRACKING JOB: PASS
