
==============================================================================================================
ALPHA HUNTER V7.5 INDEPENDENT EPISODE MARKET TRACKER
==============================================================================================================
Episodes stored: 124
Active episodes: 61

CYSUSDT        CONTINUATION  now=  -48.14% UP=   78.38% DOWN=  -57.84% 3=Y 5=Y 10=Y checks=62
BTWUSDT        CONTINUATION  now=   76.23% UP=  113.81% DOWN=    0.00% 3=Y 5=Y 10=Y checks=62
COOKIEUSDT     CONTINUATION  now=  -18.10% UP=    0.00% DOWN=  -18.49% 3=Y 5=Y 10=Y checks=62
SUIUSDT        CONTINUATION  now=   -7.71% UP=    0.00% DOWN=   -9.59% 3=Y 5=Y 10=- checks=62
SOLUSDT        CONTINUATION  now=   -1.50% UP=    0.00% DOWN=   -4.13% 3=Y 5=- 10=- checks=62
SKYAIUSDT      REVERSAL      now=  -34.37% UP=    0.00% DOWN=  -42.50% 3=Y 5=Y 10=Y checks=62
DOGEUSDT       CONTINUATION  now=   -1.16% UP=    0.00% DOWN=   -2.32% 3=- 5=- 10=- checks=62
ADAUSDT        REVERSAL      now=  -12.44% UP=    0.00% DOWN=  -13.51% 3=Y 5=Y 10=Y checks=62
GWEIUSDT       REVERSAL      now=    8.12% UP=   17.67% DOWN=    0.00% 3=Y 5=Y 10=Y checks=62
BICOUSDT       REVERSAL      now=  -57.79% UP=    0.00% DOWN=  -59.94% 3=Y 5=Y 10=Y checks=62
IOTXUSDT       REVERSAL      now=  -10.53% UP=    0.00% DOWN=  -11.73% 3=Y 5=Y 10=Y checks=62
MMTUSDT        REVERSAL      now=  -17.15% UP=    0.00% DOWN=  -21.43% 3=Y 5=Y 10=Y checks=62
SUIUSDT        CONTINUATION  now=   -6.60% UP=    0.00% DOWN=   -8.51% 3=Y 5=Y 10=- checks=62
MUBARAKUSDT    REVERSAL      now=  -16.38% UP=    0.00% DOWN=  -24.10% 3=Y 5=Y 10=Y checks=62
4USDT          REVERSAL      now=  -15.74% UP=    0.00% DOWN=  -22.21% 3=Y 5=Y 10=Y checks=62
JTOUSDT        REVERSAL      now=    4.49% UP=   11.45% DOWN=    0.00% 3=Y 5=Y 10=Y checks=62
FORMUSDT       REVERSAL      now=   -6.26% UP=    0.00% DOWN=   -7.88% 3=Y 5=Y 10=- checks=62
PUMPUSDT       REVERSAL      now=   -1.16% UP=    5.86% DOWN=   -6.03% 3=Y 5=Y 10=- checks=62
ACUUSDT        REVERSAL      now=    2.21% UP=   16.62% DOWN=  -12.33% 3=Y 5=Y 10=Y checks=62
HYPEUSDT       REVERSAL      now=    6.39% UP=    7.50% DOWN=   -0.62% 3=Y 5=Y 10=- checks=62
AEONUSDT       CONTINUATION  now=   29.50% UP=   32.48% DOWN=   -6.91% 3=Y 5=Y 10=Y checks=62
BTWUSDT        CONTINUATION  now=   18.15% UP=   43.38% DOWN=  -10.16% 3=Y 5=Y 10=Y checks=62
AIOUSDT        REVERSAL      now=  -33.72% UP=   16.26% DOWN=  -39.43% 3=Y 5=Y 10=Y checks=18
PIXELUSDT      REVERSAL      now=    3.10% UP=    8.12% DOWN=   -2.22% 3=Y 5=Y 10=- checks=18
CHIPUSDT       CONTINUATION  now=   -7.19% UP=    5.56% DOWN=  -12.97% 3=Y 5=Y 10=Y checks=18
AIOUSDT        CONTINUATION  now=  -37.81% UP=    9.09% DOWN=  -43.16% 3=Y 5=Y 10=Y checks=17
NILUSDT        REVERSAL      now=    0.92% UP=    5.53% DOWN=   -7.89% 3=Y 5=Y 10=- checks=17
PRLUSDT        CONTINUATION  now=   15.92% UP=   19.78% DOWN=   -6.51% 3=Y 5=Y 10=Y checks=17
ACUUSDT        REVERSAL      now=    4.30% UP=   18.36% DOWN=   -0.93% 3=Y 5=Y 10=Y checks=17
DOLOUSDT       REVERSAL      now=    0.40% UP=   14.32% DOWN=   -0.84% 3=Y 5=Y 10=Y checks=16
BTWUSDT        REVERSAL      now=    8.19% UP=    9.87% DOWN=   -3.90% 3=Y 5=Y 10=- checks=15
LINKUSDT       CONTINUATION  now=   -1.07% UP=    0.77% DOWN=   -1.79% 3=- 5=- 10=- checks=15
COWUSDT        REVERSAL      now=   -5.64% UP=    2.42% DOWN=   -6.80% 3=Y 5=Y 10=- checks=14
AEONUSDT       CONTINUATION  now=   12.78% UP=   15.25% DOWN=   -2.99% 3=Y 5=Y 10=Y checks=13
WLDUSDT        REVERSAL      now=   -8.91% UP=    2.07% DOWN=  -10.21% 3=Y 5=Y 10=Y checks=13
WLDUSDT        CONTINUATION  now=   -9.83% UP=    1.04% DOWN=  -11.12% 3=Y 5=Y 10=Y checks=12
AIOUSDT        REVERSAL      now=  -28.26% UP=    1.88% DOWN=  -34.36% 3=Y 5=Y 10=Y checks=12
CHIPUSDT       REVERSAL      now=   -3.80% UP=    0.20% DOWN=   -9.61% 3=Y 5=Y 10=- checks=12
PRLUSDT        REVERSAL      now=   21.88% UP=   25.93% DOWN=   -0.05% 3=Y 5=Y 10=Y checks=11
LINKUSDT       REVERSAL      now=   -1.24% UP=    0.15% DOWN=   -1.96% 3=- 5=- 10=- checks=10
CHIPUSDT       REVERSAL      now=    1.41% UP=    2.50% DOWN=   -4.71% 3=Y 5=- 10=- checks=10
HUSDT          REVERSAL      now=    1.75% UP=    6.35% DOWN=   -4.96% 3=Y 5=Y 10=- checks=10
LINKUSDT       CONTINUATION  now=   -1.14% UP=    0.23% DOWN=   -1.85% 3=- 5=- 10=- checks=8
HYPEUSDT       REVERSAL      now=    1.74% UP=    2.82% DOWN=    0.00% 3=- 5=- 10=- checks=8
BTWUSDT        CONTINUATION  now=    0.26% UP=    0.69% DOWN=   -3.49% 3=Y 5=- 10=- checks=7
ETHUSDT        CONTINUATION  now=   -0.16% UP=    0.54% DOWN=   -0.96% 3=- 5=- 10=- checks=7
CHIPUSDT       REVERSAL      now=    4.63% UP=    5.54% DOWN=   -1.88% 3=Y 5=Y 10=- checks=7
HYPEUSDT       CONTINUATION  now=    1.32% UP=    2.40% DOWN=   -0.31% 3=- 5=- 10=- checks=7
PUMPUSDT       REVERSAL      now=    1.52% UP=    2.46% DOWN=   -0.22% 3=- 5=- 10=- checks=5
BTWUSDT        REVERSAL      now=    1.97% UP=    2.41% DOWN=   -1.05% 3=- 5=- 10=- checks=5
LINKUSDT       REVERSAL      now=    0.36% UP=    1.75% DOWN=   -0.03% 3=- 5=- 10=- checks=5
HYPEUSDT       CONTINUATION  now=    1.10% UP=    2.16% DOWN=   -0.53% 3=- 5=- 10=- checks=5
ZECUSDT        CONTINUATION  now=   -0.31% UP=    0.50% DOWN=   -0.72% 3=- 5=- 10=- checks=5
CHIPUSDT       REVERSAL      now=    1.58% UP=    2.42% DOWN=   -4.50% 3=Y 5=- 10=- checks=4
GPSUSDT        CONTINUATION  now=    0.36% UP=    5.16% DOWN=   -4.20% 3=Y 5=Y 10=- checks=4
AEONUSDT       CONTINUATION  now=    0.42% UP=    2.91% DOWN=   -4.92% 3=Y 5=- 10=- checks=3
ETHUSDT        REVERSAL      now=    0.24% UP=    0.54% DOWN=   -0.21% 3=- 5=- 10=- checks=3
DIAUSDT        REVERSAL      now=   -1.04% UP=    0.48% DOWN=   -2.57% 3=- 5=- 10=- checks=3
BTWUSDT        CONTINUATION  now=    2.15% UP=    2.55% DOWN=   -0.30% 3=- 5=- 10=- checks=2
SOLUSDT        CONTINUATION  now=    0.01% UP=    0.01% DOWN=    0.00% 3=- 5=- 10=- checks=1
DIAUSDT        REVERSAL      now=   -0.16% UP=    0.00% DOWN=   -0.16% 3=- 5=- 10=- checks=1

==============================================================================================================
TRACKER SUMMARY
==============================================================================================================
Checked: 61
Failed: 0
Supabase rows upserted: 124
3% episodes: 97
5% episodes: 86
10% episodes: 55

V7.5 EPISODE MARKET TRACKER: PASS
