
======================================================================================================================
ALPHA HUNTER V7.6 DIRECTION-PROOF ENGINE — SHADOW
======================================================================================================================
Eligible forward episodes: 36

SYMBOL         PATH          DIR         CONF   LONG   SHORT       15M        1H
----------------------------------------------------------------------------------------------------------------------
AIOUSDT        CONTINUATION  UNKNOWN     0.0%   3.50    3.50     MIXED   BEARISH
NILUSDT        REVERSAL      LONG       81.2%   6.50    0.00   BULLISH   BULLISH
PRLUSDT        CONTINUATION  LONG      100.0%   8.00    0.00   BULLISH   BULLISH
ACUUSDT        REVERSAL      SHORT     100.0%   0.00    8.00   BEARISH   BEARISH
DOLOUSDT       REVERSAL      SHORT      81.2%   0.00    6.50   BEARISH   BEARISH
BTWUSDT        REVERSAL      LONG       87.5%   7.00    0.00   BULLISH   BULLISH
LINKUSDT       CONTINUATION  SHORT      50.0%   0.00    4.00   BEARISH   BEARISH
COWUSDT        REVERSAL      SHORT      56.2%   0.00    4.50   BEARISH   BEARISH
AEONUSDT       CONTINUATION  LONG      100.0%   8.00    0.00   BULLISH   BULLISH
WLDUSDT        REVERSAL      SHORT      71.2%   1.00    6.00   BEARISH   BEARISH
WLDUSDT        CONTINUATION  SHORT      71.2%   1.00    6.00   BEARISH   BEARISH
AIOUSDT        REVERSAL      UNKNOWN     0.0%   3.50    3.50     MIXED   BEARISH
CHIPUSDT       REVERSAL      LONG       56.2%   4.50    0.00   BULLISH     MIXED
PRLUSDT        REVERSAL      LONG      100.0%   8.00    0.00   BULLISH   BULLISH
LINKUSDT       REVERSAL      SHORT      50.0%   0.00    4.00   BEARISH   BEARISH
CHIPUSDT       REVERSAL      LONG       56.2%   4.50    0.00   BULLISH     MIXED
HUSDT          REVERSAL      UNKNOWN     0.0%   0.00    0.00     MIXED     MIXED
LINKUSDT       CONTINUATION  SHORT      50.0%   0.00    4.00   BEARISH   BEARISH
HYPEUSDT       REVERSAL      UNKNOWN     0.0%   3.00    0.00   BULLISH   BULLISH
BTWUSDT        CONTINUATION  LONG       87.5%   7.00    0.00   BULLISH   BULLISH
ETHUSDT        CONTINUATION  UNKNOWN     0.0%   1.00    0.00   BULLISH     MIXED
CHIPUSDT       REVERSAL      LONG       56.2%   4.50    0.00   BULLISH     MIXED
HYPEUSDT       CONTINUATION  UNKNOWN     0.0%   3.00    0.00   BULLISH   BULLISH
PUMPUSDT       REVERSAL      UNKNOWN     0.0%   1.50    1.00     MIXED     MIXED
BTWUSDT        REVERSAL      LONG       87.5%   7.00    0.00   BULLISH   BULLISH
LINKUSDT       REVERSAL      SHORT      50.0%   0.00    4.00   BEARISH   BEARISH
HYPEUSDT       CONTINUATION  UNKNOWN     0.0%   3.00    0.00   BULLISH   BULLISH
ZECUSDT        CONTINUATION  UNKNOWN     0.0%   0.00    3.50   BEARISH     MIXED
CHIPUSDT       REVERSAL      LONG       56.2%   4.50    0.00   BULLISH     MIXED
GPSUSDT        CONTINUATION  LONG       83.8%   7.00    1.00   BULLISH   BULLISH
AEONUSDT       CONTINUATION  LONG      100.0%   8.00    0.00   BULLISH   BULLISH
ETHUSDT        REVERSAL      UNKNOWN     0.0%   1.00    0.00   BULLISH     MIXED
DIAUSDT        REVERSAL      SHORT      56.2%   0.00    4.50   BEARISH   BEARISH
BTWUSDT        CONTINUATION  LONG       87.5%   7.00    0.00   BULLISH   BULLISH
SOLUSDT        CONTINUATION  LONG       68.8%   5.50    0.00   BULLISH   BULLISH
DIAUSDT        REVERSAL      SHORT      56.2%   0.00    4.50   BEARISH   BEARISH

======================================================================================================================
V7.6 SHADOW SUMMARY
======================================================================================================================
Evaluated: 36
LONG: 15
SHORT: 11
UNKNOWN: 10
Failures: 0
Supabase shadow rows saved: 36
Direction state rows saved: 36
Immutable transition rows saved: 36
Transition run ID: cloud5d-20260818T074032Z
Direction emerging: 15
Direction confirmed: 11
Lost confirmation: 2

IMPORTANT: V7.6 IS SHADOW ONLY.
No trade permission was generated.

V7.6 DIRECTION SHADOW: PASS
