
======================================================================================================================
ALPHA HUNTER V7.6 POST-CONFIRMATION OUTCOME TRACKER — SHADOW
======================================================================================================================
Confirmed outcome rows: 76
Created this run: 0

PRLUSDT        LONG   quality=FORWARD_COMPLETE now=   3.81% MFE=   6.91% MAE=  -0.83% lost=- done=-
CHIPUSDT       SHORT  quality=FORWARD_COMPLETE now=  -2.29% MFE=   4.44% MAE=  -2.79% lost=Y done=-
BTWUSDT        LONG   quality=FORWARD_COMPLETE now=   0.84% MFE=   1.10% MAE=  -3.10% lost=Y done=-
PRLUSDT        SHORT  quality=FORWARD_COMPLETE now= -19.76% MFE=   3.73% MAE= -23.33% lost=Y done=-
COWUSDT        SHORT  quality=FORWARD_COMPLETE now=   3.66% MFE=   4.84% MAE=  -4.57% lost=Y done=-
WLDUSDT        SHORT  quality=FORWARD_COMPLETE now=   8.31% MFE=   9.65% MAE=  -0.77% lost=- done=-
WLDUSDT        SHORT  quality=FORWARD_COMPLETE now=   8.31% MFE=   9.65% MAE=  -0.77% lost=- done=-
HUSDT          SHORT  quality=FORWARD_COMPLETE now= -11.63% MFE=   6.56% MAE= -17.06% lost=Y done=Y
AIOUSDT        SHORT  quality=FORWARD_COMPLETE now=  27.51% MFE=  33.47% MAE=  -0.81% lost=Y done=-
CHIPUSDT       SHORT  quality=FORWARD_COMPLETE now=   0.21% MFE=   6.78% MAE=  -0.76% lost=Y done=-
BTWUSDT        LONG   quality=FORWARD_COMPLETE now=   0.84% MFE=   1.10% MAE=  -3.10% lost=Y done=-
PIXELUSDT      SHORT  quality=FORWARD_COMPLETE now=  -3.02% MFE=   1.95% MAE=  -8.42% lost=Y done=-
CHIPUSDT       LONG   quality=FORWARD_COMPLETE now=  -3.11% MFE=   5.31% MAE=  -9.49% lost=Y done=-
AEONUSDT       LONG   quality=FORWARD_COMPLETE now=  12.23% MFE=  14.97% MAE=  -3.23% lost=Y done=-
CHIPUSDT       SHORT  quality=FORWARD_COMPLETE now=  -5.68% MFE=   0.98% MAE=  -6.19% lost=Y done=-
AIOUSDT        LONG   quality=FORWARD_COMPLETE now= -37.74% MFE=   9.66% MAE= -42.87% lost=Y done=-
DOLOUSDT       LONG   quality=FORWARD_COMPLETE now=  -4.63% MFE=   8.59% MAE=  -5.81% lost=Y done=-
AIOUSDT        LONG   quality=FORWARD_COMPLETE now= -37.74% MFE=   9.66% MAE= -42.87% lost=Y done=-
ACUUSDT        LONG   quality=FORWARD_COMPLETE now=   1.90% MFE=  15.63% MAE=  -2.76% lost=Y done=-
BASEDUSDT      SHORT  quality=FORWARD_COMPLETE now=   2.57% MFE=   4.62% MAE=  -0.41% lost=Y done=-
AEONUSDT       LONG   quality=FORWARD_COMPLETE now=   4.63% MFE=   7.18% MAE=  -9.78% lost=Y done=-
NILUSDT        SHORT  quality=FORWARD_COMPLETE now=  -7.83% MFE=   0.04% MAE= -12.85% lost=Y done=-
NILUSDT        SHORT  quality=FORWARD_COMPLETE now=  -7.83% MFE=   0.04% MAE= -12.85% lost=Y done=-
GPSUSDT        LONG   quality=FORWARD_COMPLETE now=  -2.08% MFE=   0.11% MAE=  -6.27% lost=- done=-

======================================================================================================================
POST-CONFIRMATION TRACKER SUMMARY
======================================================================================================================
Outcome rows: 76
Created this run: 0
Tracked this run: 24
Failed: 0
Supabase rows upserted: 76
Forward complete: 76
Completed 24H: 53

IMPORTANT: OUTCOME TRACKER IS MEASUREMENT ONLY.
No trade permission was generated.

V7.6 POST-CONFIRMATION OUTCOME TRACKER: PASS
