
======================================================================================================================
ALPHA HUNTER V7.7 HUGE-RR EXECUTION FEASIBILITY — SHADOW
======================================================================================================================
Confirmed direction states: 83

SKIP   ACEUSDT        insufficient closed history at confirmation
SKIP   ALICEUSDT      insufficient closed history at confirmation
SKIP   ALICEUSDT      insufficient closed history at confirmation
SKIP   HYPEUSDT       insufficient closed history at confirmation
SKIP   VELVETUSDT     insufficient closed history at confirmation
SKIP   VELVETUSDT     insufficient closed history at confirmation
SKIP   WLDUSDT        insufficient closed history at confirmation
SKIP   WLDUSDT        insufficient closed history at confirmation
SKIP   BRUSDT         insufficient closed history at confirmation
SKIP   CYSUSDT        insufficient closed history at confirmation
SKIP   ACUUSDT        insufficient closed history at confirmation
SKIP   AVNTUSDT       insufficient closed history at confirmation
SKIP   AVAXUSDT       insufficient closed history at confirmation
SKIP   ROBOUSDT       insufficient closed history at confirmation
SKIP   CAPUSDT        insufficient closed history at confirmation
SKIP   CAPUSDT        insufficient closed history at confirmation
SKIP   CAPUSDT        insufficient closed history at confirmation
SKIP   CAPUSDT        insufficient closed history at confirmation
SKIP   PUMPUSDT       insufficient closed history at confirmation
SKIP   WLFIUSDT       insufficient closed history at confirmation
SKIP   ALICEUSDT      insufficient closed history at confirmation
SKIP   CAPUSDT        insufficient closed history at confirmation
SKIP   BRUSDT         insufficient closed history at confirmation
SKIP   HYPEUSDT       insufficient closed history at confirmation
SKIP   NILUSDT        insufficient closed history at confirmation
SKIP   VELVETUSDT     insufficient closed history at confirmation
SKIP   COWUSDT        insufficient closed history at confirmation
SKIP   PUMPUSDT       insufficient closed history at confirmation
SKIP   AEONUSDT       insufficient closed history at confirmation
SKIP   FOLKSUSDT      insufficient closed history at confirmation
SKIP   PRLUSDT        insufficient closed history at confirmation
SKIP   AEONUSDT       insufficient closed history at confirmation
SKIP   DOLOUSDT       insufficient closed history at confirmation
SKIP   BTWUSDT        insufficient closed history at confirmation
SKIP   HUSDT          insufficient closed history at confirmation
SKIP   HYPEUSDT       insufficient closed history at confirmation
SKIP   WLDUSDT        insufficient closed history at confirmation
SKIP   WLDUSDT        insufficient closed history at confirmation
SKIP   WLDUSDT        insufficient closed history at confirmation
SKIP   WLDUSDT        insufficient closed history at confirmation
SKIP   AEONUSDT       insufficient closed history at confirmation
SKIP   BOMEUSDT       insufficient closed history at confirmation
SKIP   ROBOUSDT       insufficient closed history at confirmation
SKIP   VELVETUSDT     insufficient closed history at confirmation
SKIP   ONGUSDT        insufficient closed history at confirmation
SKIP   REDUSDT        insufficient closed history at confirmation
SKIP   REDUSDT        insufficient closed history at confirmation
SKIP   AIOUSDT        insufficient closed history at confirmation
SKIP   NILUSDT        insufficient closed history at confirmation
SKIP   PRLUSDT        insufficient closed history at confirmation
SKIP   PRLUSDT        insufficient closed history at confirmation
VELVETUSDT     SHORT   entry=0.98289      stop=1.0374173    risk=  5.55% structRR=0.12   status=STRUCTURE_RR_LT_3
HUSDT          SHORT   entry=0.10964      stop=0.1428544    risk= 30.29% structRR=0.15   status=STRUCTURE_RR_LT_3
AEONUSDT       LONG    entry=0.08242      stop=0.07332662   risk= 11.03% structRR=0.12   status=STRUCTURE_RR_LT_3
CHIPUSDT       LONG    entry=0.02994      stop=0.028573762  risk=  4.56% structRR=1.99   status=STRUCTURE_RR_LT_3
PIXELUSDT      SHORT   entry=0.004666     stop=0.0047355131 risk=  1.49% structRR=0.36   status=STRUCTURE_RR_LT_3
ACUUSDT        LONG    entry=0.1147       stop=0.099644022  risk= 13.13% structRR=0.05   status=STRUCTURE_RR_LT_3
AIOUSDT        LONG    entry=0.07204      stop=0.064118221  risk= 11.00% structRR=0.36   status=STRUCTURE_RR_LT_3
AIOUSDT        LONG    entry=0.07204      stop=0.064118221  risk= 11.00% structRR=0.36   status=STRUCTURE_RR_LT_3
COWUSDT        SHORT   entry=0.1094       stop=0.11487184   risk=  5.00% structRR=0.20   status=STRUCTURE_RR_LT_3
PRLUSDT        SHORT   entry=0.3776       stop=0.40529601   risk=  7.33% structRR=0.02   status=STRUCTURE_RR_LT_3
BASEDUSDT      SHORT   entry=0.07897      stop=0.080276465  risk=  1.65% structRR=0.79   status=STRUCTURE_RR_LT_3
AEONUSDT       LONG    entry=0.08841      stop=0.081180316  risk=  8.18% structRR=0.22   status=STRUCTURE_RR_LT_3
AIOUSDT        SHORT   entry=0.06187      stop=0.075611569  risk= 22.21% structRR=0.10   status=STRUCTURE_RR_LT_3
CHIPUSDT       SHORT   entry=0.02907      stop=0.03102157   risk=  6.71% structRR=0.26   status=STRUCTURE_RR_LT_3
NILUSDT        SHORT   entry=0.04584      stop=0.048769941  risk=  6.39% structRR=0.24   status=STRUCTURE_RR_LT_3
NILUSDT        SHORT   entry=0.04584      stop=0.048769941  risk=  6.39% structRR=0.24   status=STRUCTURE_RR_LT_3
CHIPUSDT       SHORT   entry=0.02836      stop=0.02927965   risk=  3.24% structRR=0.33   status=STRUCTURE_RR_LT_3
WLDUSDT        SHORT   entry=0.3513       stop=0.35607526   risk=  1.36% structRR=0.88   status=STRUCTURE_RR_LT_3
WLDUSDT        SHORT   entry=0.3513       stop=0.35607526   risk=  1.36% structRR=0.88   status=STRUCTURE_RR_LT_3
DOLOUSDT       LONG    entry=0.02374      stop=0.023121483  risk=  2.61% structRR=0.02   status=STRUCTURE_RR_LT_3
BTWUSDT        LONG    entry=0.359743     stop=0.34677825   risk=  3.60% structRR=0.40   status=STRUCTURE_RR_LT_3
BTWUSDT        LONG    entry=0.359743     stop=0.34677825   risk=  3.60% structRR=0.40   status=STRUCTURE_RR_LT_3
CHIPUSDT       SHORT   entry=0.02745      stop=0.028768401  risk=  4.80% structRR=0.27   status=STRUCTURE_RR_LT_3
PRLUSDT        LONG    entry=0.4356       stop=0.39806255   risk=  8.62% structRR=0.10   status=STRUCTURE_RR_LT_3
GPSUSDT        LONG    entry=0.017414     stop=0.015288514  risk= 12.21% structRR=0.54   status=STRUCTURE_RR_LT_3

======================================================================================================================
V7.7 EXECUTION SHADOW SUMMARY
======================================================================================================================
Confirmed direction states: 83
Execution snapshots: 25
Skipped: 58
Failures: 0
Supabase rows upserted: 25
Structure >=1:3: 0
Structure >=1:5: 0
Structure >=1:10: 0

IMPORTANT: V7.7 IS EXECUTION FEASIBILITY SHADOW ONLY.
3% / 5% / 10% are scenarios, not predicted targets.
No trade permission was generated.

V7.7 EXECUTION FEASIBILITY: PASS
