
==============================================================================================================
ALPHA HUNTER V7.5 INDEPENDENT EPISODE MARKET TRACKER
==============================================================================================================
Episodes stored: 98
Active episodes: 57

CYSUSDT        CONTINUATION  now=  -51.71% UP=   78.38% DOWN=  -52.63% 3=Y 5=Y 10=Y checks=50
BTWUSDT        CONTINUATION  now=   68.35% UP=  113.81% DOWN=    0.00% 3=Y 5=Y 10=Y checks=50
COOKIEUSDT     CONTINUATION  now=  -12.59% UP=    0.00% DOWN=  -15.46% 3=Y 5=Y 10=Y checks=50
SUIUSDT        CONTINUATION  now=   -3.90% UP=    0.00% DOWN=   -5.00% 3=Y 5=- 10=- checks=50
SOLUSDT        CONTINUATION  now=   -2.08% UP=    0.00% DOWN=   -4.13% 3=Y 5=- 10=- checks=50
SKYAIUSDT      REVERSAL      now=  -29.52% UP=    0.00% DOWN=  -42.50% 3=Y 5=Y 10=Y checks=50
DOGEUSDT       CONTINUATION  now=   -0.83% UP=    0.00% DOWN=   -2.32% 3=- 5=- 10=- checks=50
ADAUSDT        REVERSAL      now=  -12.34% UP=    0.00% DOWN=  -12.90% 3=Y 5=Y 10=Y checks=50
GWEIUSDT       REVERSAL      now=    3.85% UP=   17.67% DOWN=    0.00% 3=Y 5=Y 10=Y checks=50
BICOUSDT       REVERSAL      now=  -55.98% UP=    0.00% DOWN=  -58.94% 3=Y 5=Y 10=Y checks=50
IOTXUSDT       REVERSAL      now=  -10.18% UP=    0.00% DOWN=  -10.53% 3=Y 5=Y 10=Y checks=50
MMTUSDT        REVERSAL      now=  -15.82% UP=    0.00% DOWN=  -16.27% 3=Y 5=Y 10=Y checks=50
SUIUSDT        CONTINUATION  now=   -2.75% UP=    0.00% DOWN=   -3.86% 3=Y 5=- 10=- checks=50
MUBARAKUSDT    REVERSAL      now=  -16.38% UP=    0.00% DOWN=  -24.10% 3=Y 5=Y 10=Y checks=50
4USDT          REVERSAL      now=  -17.37% UP=    0.00% DOWN=  -22.21% 3=Y 5=Y 10=Y checks=50
JTOUSDT        REVERSAL      now=    7.28% UP=   11.45% DOWN=    0.00% 3=Y 5=Y 10=Y checks=50
FORMUSDT       REVERSAL      now=   -6.54% UP=    0.00% DOWN=   -7.88% 3=Y 5=Y 10=- checks=50
PUMPUSDT       REVERSAL      now=    1.91% UP=    5.86% DOWN=   -6.03% 3=Y 5=Y 10=- checks=50
ACUUSDT        REVERSAL      now=   10.16% UP=   16.62% DOWN=  -12.33% 3=Y 5=Y 10=Y checks=50
HYPEUSDT       REVERSAL      now=    4.79% UP=    6.56% DOWN=   -0.62% 3=Y 5=Y 10=- checks=50
AEONUSDT       CONTINUATION  now=   15.28% UP=   28.62% DOWN=   -6.91% 3=Y 5=Y 10=Y checks=50
BTWUSDT        CONTINUATION  now=   12.92% UP=   43.38% DOWN=  -10.16% 3=Y 5=Y 10=Y checks=50
VELVETUSDT     REVERSAL      now=  -29.47% UP=    5.57% DOWN=  -31.32% 3=Y 5=Y 10=Y checks=19
HUSDT          REVERSAL      now=   -2.65% UP=   16.49% DOWN=  -18.01% 3=Y 5=Y 10=Y checks=18
BTWUSDT        CONTINUATION  now=    7.02% UP=   35.61% DOWN=   -1.78% 3=Y 5=Y 10=Y checks=18
WLDUSDT        CONTINUATION  now=    1.26% UP=    6.42% DOWN=    0.00% 3=Y 5=Y 10=- checks=17
AEONUSDT       REVERSAL      now=   14.19% UP=   19.06% DOWN=   -7.78% 3=Y 5=Y 10=Y checks=16
ROBOUSDT       REVERSAL      now=   -7.89% UP=    4.11% DOWN=   -8.89% 3=Y 5=Y 10=- checks=14
LINKUSDT       CONTINUATION  now=    0.01% UP=    1.37% DOWN=   -1.13% 3=- 5=- 10=- checks=12
ONGUSDT        CONTINUATION  now=    2.22% UP=   18.39% DOWN=   -2.88% 3=Y 5=Y 10=Y checks=12
PRLUSDT        CONTINUATION  now=   -4.49% UP=    5.86% DOWN=   -5.43% 3=Y 5=Y 10=- checks=11
REDUSDT        REVERSAL      now=   -4.72% UP=    0.00% DOWN=   -5.18% 3=Y 5=Y 10=- checks=11
LINKUSDT       REVERSAL      now=    0.77% UP=    2.11% DOWN=   -0.29% 3=- 5=- 10=- checks=11
LINKUSDT       REVERSAL      now=    0.77% UP=    2.11% DOWN=   -0.29% 3=- 5=- 10=- checks=11
PRLUSDT        CONTINUATION  now=   -4.49% UP=    5.86% DOWN=   -5.43% 3=Y 5=Y 10=- checks=11
REDUSDT        REVERSAL      now=   -4.72% UP=    0.00% DOWN=   -5.18% 3=Y 5=Y 10=- checks=11
HUSDT          REVERSAL      now=  -13.33% UP=    3.58% DOWN=  -27.00% 3=Y 5=Y 10=Y checks=9
NILUSDT        CONTINUATION  now=   -7.20% UP=    4.46% DOWN=   -8.44% 3=Y 5=Y 10=- checks=9
AIOUSDT        CONTINUATION  now=   -0.72% UP=   10.78% DOWN=  -10.17% 3=Y 5=Y 10=Y checks=9
VELVETUSDT     CONTINUATION  now=  -27.36% UP=    3.94% DOWN=  -29.36% 3=Y 5=Y 10=Y checks=8
NILUSDT        REVERSAL      now=   -4.29% UP=    3.79% DOWN=   -5.58% 3=Y 5=Y 10=- checks=7
BASEDUSDT      REVERSAL      now=    0.68% UP=    3.02% DOWN=   -0.32% 3=Y 5=- 10=- checks=7
AEONUSDT       REVERSAL      now=   10.28% UP=   14.98% DOWN=   -1.36% 3=Y 5=Y 10=Y checks=7
LINKUSDT       REVERSAL      now=    0.12% UP=    1.45% DOWN=   -0.71% 3=- 5=- 10=- checks=7
AIOUSDT        REVERSAL      now=    4.19% UP=   16.26% DOWN=   -4.77% 3=Y 5=Y 10=Y checks=6
PIXELUSDT      REVERSAL      now=    3.87% UP=    8.12% DOWN=   -0.81% 3=Y 5=Y 10=- checks=6
CHIPUSDT       CONTINUATION  now=   -2.38% UP=    5.56% DOWN=   -6.10% 3=Y 5=Y 10=- checks=6
NILUSDT        REVERSAL      now=   -5.83% UP=    0.86% DOWN=   -7.10% 3=Y 5=Y 10=- checks=5
AIOUSDT        CONTINUATION  now=   -2.24% UP=    9.09% DOWN=   -4.35% 3=Y 5=Y 10=- checks=5
PRLUSDT        CONTINUATION  now=   -3.11% UP=    4.27% DOWN=   -4.06% 3=Y 5=- 10=- checks=5
ACUUSDT        REVERSAL      now=   12.41% UP=   15.05% DOWN=   -0.93% 3=Y 5=Y 10=Y checks=5
DOLOUSDT       REVERSAL      now=    1.15% UP=    2.39% DOWN=   -0.49% 3=- 5=- 10=- checks=4
BTWUSDT        REVERSAL      now=    3.65% UP=    4.27% DOWN=   -3.90% 3=Y 5=- 10=- checks=3
LINKUSDT       CONTINUATION  now=   -0.56% UP=    0.77% DOWN=   -0.63% 3=- 5=- 10=- checks=3
COWUSDT        REVERSAL      now=   -2.15% UP=    0.27% DOWN=   -3.31% 3=Y 5=- 10=- checks=2
AEONUSDT       CONTINUATION  now=    0.29% UP=    0.45% DOWN=    0.00% 3=- 5=- 10=- checks=1
WLDUSDT        REVERSAL      now=   -0.11% UP=    0.00% DOWN=   -0.11% 3=- 5=- 10=- checks=1

==============================================================================================================
TRACKER SUMMARY
==============================================================================================================
Checked: 57
Failed: 0
Supabase rows upserted: 98
3% episodes: 83
5% episodes: 71
10% episodes: 45

V7.5 EPISODE MARKET TRACKER: PASS
