V7.5 state restored from Supabase: 96

ALPHA HUNTER V7.5 OPPORTUNITY LIFECYCLE
Run ID: 73a3c9ae6716a78e1071d80ba2c087d7
Timestamp: 2026-08-17T14:31:43.012405+00:00
Lifecycle candidates: 4

NEW    AEONUSDT       CONTINUATION  state=PRE_MOVE_DETECTED    det=1   v74=11.78 rank=1 shadow= 0.00 provisional=ACTIVE final=PENDING
UPDATE AIOUSDT        CONTINUATION  state=EXPANSION            det=5   v74=11.85 rank=1 shadow= 0.00 provisional=NON_TRADEABLE_EXPANSION final=PENDING
NEW    WLDUSDT        REVERSAL      state=PRE_MOVE_DETECTED    det=1   v74= 9.96 rank=4 shadow=12.00 provisional=ACTIVE final=PENDING
UPDATE BTWUSDT        REVERSAL      state=EXPANSION            det=3   v74= 9.33 rank=4 shadow=14.68 provisional=GOOD_DETECTION final=PENDING

Supabase lifecycle rows upserted: 98
Supabase lifecycle row count: 98

====================================================================================================
V7.5 LIFECYCLE SUMMARY
====================================================================================================
Episodes stored: 98
Created this run: 2
Updated this run: 2
Active episodes: 98

STATE COUNTS
DIRECTION_EMERGING       8
EXPANSION                7
FINALIZED                41
PRE_MOVE_DETECTED        42

State file: /home/runner/work/Alpha-Hunter/Alpha-Hunter/data/v75-lifecycle-episodes.json
History file: /home/runner/work/Alpha-Hunter/Alpha-Hunter/data/v75-lifecycle-history.jsonl

V7.5 LIFECYCLE JOB: PASS
