
======================================================================================================================
ALPHA HUNTER V7.6 DIRECTION-PROOF ENGINE — SHADOW
======================================================================================================================
Eligible forward episodes: 34

SYMBOL         PATH          DIR         CONF   LONG   SHORT       15M        1H
----------------------------------------------------------------------------------------------------------------------
HUSDT          REVERSAL      LONG       58.8%   5.00    1.00   BULLISH     MIXED
BTWUSDT        CONTINUATION  UNKNOWN     0.0%   2.50    2.00     MIXED   BEARISH
WLDUSDT        CONTINUATION  SHORT     100.0%   0.00    8.00   BEARISH   BEARISH
AEONUSDT       REVERSAL      UNKNOWN     0.0%   3.50    0.00     MIXED   BULLISH
ROBOUSDT       REVERSAL      SHORT      87.5%   0.00    7.00   BEARISH   BEARISH
LINKUSDT       CONTINUATION  UNKNOWN     0.0%   1.50    2.00   BEARISH     MIXED
ONGUSDT        CONTINUATION  SHORT      75.0%   0.00    6.00   BEARISH     MIXED
PRLUSDT        CONTINUATION  SHORT     100.0%   0.00    8.00   BEARISH   BEARISH
REDUSDT        REVERSAL      SHORT      56.2%   0.00    4.50   BEARISH   BEARISH
LINKUSDT       REVERSAL      UNKNOWN     0.0%   1.50    2.00   BEARISH     MIXED
LINKUSDT       REVERSAL      UNKNOWN     0.0%   1.50    2.00   BEARISH     MIXED
PRLUSDT        CONTINUATION  SHORT     100.0%   0.00    8.00   BEARISH   BEARISH
REDUSDT        REVERSAL      SHORT      56.2%   0.00    4.50   BEARISH   BEARISH
HUSDT          REVERSAL      LONG       58.8%   5.00    1.00   BULLISH     MIXED
NILUSDT        CONTINUATION  SHORT     100.0%   0.00    8.00   BEARISH   BEARISH
AIOUSDT        CONTINUATION  SHORT      50.6%   1.50    4.50   BEARISH     MIXED
VELVETUSDT     CONTINUATION  SHORT      56.2%   0.00    4.50   BEARISH   BEARISH
NILUSDT        REVERSAL      SHORT     100.0%   0.00    8.00   BEARISH   BEARISH
BASEDUSDT      REVERSAL      SHORT     100.0%   0.00    8.00   BEARISH   BEARISH
AEONUSDT       REVERSAL      UNKNOWN     0.0%   3.50    0.00     MIXED   BULLISH
LINKUSDT       REVERSAL      UNKNOWN     0.0%   1.50    2.00   BEARISH     MIXED
AIOUSDT        REVERSAL      SHORT      50.6%   1.50    4.50   BEARISH     MIXED
PIXELUSDT      REVERSAL      UNKNOWN     0.0%   3.50    3.50     MIXED   BULLISH
CHIPUSDT       CONTINUATION  UNKNOWN     0.0%   3.00    2.50     MIXED   BULLISH
NILUSDT        REVERSAL      SHORT     100.0%   0.00    8.00   BEARISH   BEARISH
AIOUSDT        CONTINUATION  SHORT      50.6%   1.50    4.50   BEARISH     MIXED
PRLUSDT        CONTINUATION  SHORT     100.0%   0.00    8.00   BEARISH   BEARISH
ACUUSDT        REVERSAL      LONG      100.0%   8.00    0.00   BULLISH   BULLISH
DOLOUSDT       REVERSAL      UNKNOWN     0.0%   2.00    0.00   BULLISH     MIXED
BTWUSDT        REVERSAL      UNKNOWN     0.0%   2.50    2.00     MIXED   BEARISH
LINKUSDT       CONTINUATION  UNKNOWN     0.0%   1.50    2.00   BEARISH     MIXED
COWUSDT        REVERSAL      SHORT      83.8%   1.00    7.00   BEARISH   BEARISH
AEONUSDT       CONTINUATION  UNKNOWN     0.0%   3.50    0.00     MIXED   BULLISH
WLDUSDT        REVERSAL      SHORT     100.0%   0.00    8.00   BEARISH   BEARISH

======================================================================================================================
V7.6 SHADOW SUMMARY
======================================================================================================================
Evaluated: 34
LONG: 3
SHORT: 18
UNKNOWN: 13
Failures: 0
Supabase shadow rows saved: 34
Direction state rows saved: 34
Immutable transition rows saved: 34
Transition run ID: cloud5d-20260817T143105Z
Direction emerging: 12
Direction confirmed: 8
Lost confirmation: 9

IMPORTANT: V7.6 IS SHADOW ONLY.
No trade permission was generated.

V7.6 DIRECTION SHADOW: PASS
