
======================================================================================================================
ALPHA HUNTER V7.6 POST-CONFIRMATION OUTCOME TRACKER — SHADOW
======================================================================================================================
Confirmed outcome rows: 61
Created this run: 2

VELVETUSDT     SHORT  quality=FORWARD_COMPLETE now=  26.62% MFE=  28.61% MAE=  -5.03% lost=Y done=-
VELVETUSDT     LONG   quality=FORWARD_COMPLETE now= -30.97% MFE=   0.51% MAE= -32.81% lost=Y done=-
AEONUSDT       SHORT  quality=FORWARD_COMPLETE now= -14.19% MFE=   7.83% MAE= -18.99% lost=Y done=-
DOLOUSDT       LONG   quality=FORWARD_COMPLETE now=  -9.26% MFE=  11.33% MAE= -11.13% lost=Y done=-
BTWUSDT        LONG   quality=FORWARD_COMPLETE now=   3.67% MFE=  30.90% MAE=  -5.19% lost=Y done=-
WLDUSDT        LONG   quality=FORWARD_COMPLETE now=  -1.92% MFE=   3.14% MAE=  -2.31% lost=Y done=-
HYPEUSDT       LONG   quality=FORWARD_COMPLETE now=   1.90% MFE=   3.64% MAE=  -1.27% lost=Y done=-
AEONUSDT       SHORT  quality=FORWARD_COMPLETE now= -19.25% MFE=   4.19% MAE= -23.70% lost=Y done=-
ROBOUSDT       LONG   quality=FORWARD_COMPLETE now= -10.85% MFE=   0.00% MAE= -11.81% lost=Y done=-
WLDUSDT        LONG   quality=FORWARD_COMPLETE now=  -1.86% MFE=   3.20% MAE=  -2.25% lost=Y done=-
BOMEUSDT       SHORT  quality=FORWARD_COMPLETE now=   4.01% MFE=   5.84% MAE=  -2.54% lost=Y done=-
HUSDT          SHORT  quality=FORWARD_COMPLETE now=  10.01% MFE=  23.87% MAE=  -8.16% lost=Y done=-
PRLUSDT        LONG   quality=FORWARD_COMPLETE now=  -7.90% MFE=   4.15% MAE=  -7.66% lost=Y done=Y
HUSDT          SHORT  quality=FORWARD_COMPLETE now= -10.43% MFE=   6.56% MAE= -15.09% lost=Y done=-
WLDUSDT        LONG   quality=FORWARD_COMPLETE now=  -1.86% MFE=   3.20% MAE=  -2.25% lost=Y done=-
WLDUSDT        LONG   quality=FORWARD_COMPLETE now=  -1.92% MFE=   3.14% MAE=  -2.31% lost=Y done=-
ONGUSDT        LONG   quality=FORWARD_COMPLETE now=  -7.86% MFE=   1.77% MAE=  -7.94% lost=Y done=-
REDUSDT        SHORT  quality=FORWARD_COMPLETE now=   3.50% MFE=   3.96% MAE=  -0.12% lost=Y done=-
REDUSDT        SHORT  quality=FORWARD_COMPLETE now=   3.50% MFE=   3.96% MAE=  -0.12% lost=Y done=-
PRLUSDT        LONG   quality=FORWARD_COMPLETE now=  -9.04% MFE=   0.29% MAE= -10.12% lost=- done=-
PRLUSDT        LONG   quality=FORWARD_COMPLETE now=  -9.04% MFE=   0.29% MAE= -10.12% lost=- done=-
PIXELUSDT      SHORT  quality=FORWARD_COMPLETE now=  -4.07% MFE=   0.26% MAE=  -8.42% lost=Y done=-
NILUSDT        LONG   quality=FORWARD_COMPLETE now=  -9.53% MFE=   0.72% MAE= -11.02% lost=Y done=-
AIOUSDT        LONG   quality=FORWARD_COMPLETE now=  -4.45% MFE=   6.48% MAE= -13.65% lost=Y done=-
CHIPUSDT       LONG   quality=FORWARD_COMPLETE now=   1.54% MFE=   5.31% MAE=  -2.34% lost=Y done=-
AEONUSDT       LONG   quality=FORWARD_COMPLETE now=   0.34% MFE=   4.31% MAE=  -2.24% lost=Y done=-
AIOUSDT        LONG   quality=FORWARD_COMPLETE now=  -1.62% MFE=   9.66% MAE=  -3.85% lost=Y done=-
AIOUSDT        LONG   quality=FORWARD_COMPLETE now=  -1.62% MFE=   9.66% MAE=  -3.85% lost=Y done=-
ACUUSDT        LONG   quality=FORWARD_COMPLETE now=  10.01% MFE=  12.41% MAE=  -2.76% lost=Y done=-
PRLUSDT        SHORT  quality=FORWARD_COMPLETE now=   0.16% MFE=   0.16% MAE=   0.00% lost=- done=-
COWUSDT        SHORT  quality=FORWARD_COMPLETE now=  -0.00% MFE=   0.00% MAE=   0.00% lost=- done=-

======================================================================================================================
POST-CONFIRMATION TRACKER SUMMARY
======================================================================================================================
Outcome rows: 61
Created this run: 2
Tracked this run: 31
Failed: 0
Supabase rows upserted: 61
Forward complete: 61
Completed 24H: 31

IMPORTANT: OUTCOME TRACKER IS MEASUREMENT ONLY.
No trade permission was generated.

V7.6 POST-CONFIRMATION OUTCOME TRACKER: PASS
