
======================================================================================================================
ALPHA HUNTER V7.9 FULL-UNIVERSE HOURLY LEDGER — SHADOW
======================================================================================================================
Observed: 2026-08-20T03:54:27.305084+00:00
Hour bucket: 2026-08-20T03:00:00+00:00
Contract tickers: 756
Rows attempted: 756
Deep-scan selected: 30
Selection snapshot: 2026-08-20T03:54:24.814965+00:00
Selection run ID: a6ec6b7ba692f4a457a9a9e1bf75ce1d
Prefilter eligible: 360
Eligible not selected: 330
Non-crypto: 291
Low liquidity: 97
Over-extended: 8
Invalid price skipped: 0
Rows purged >7d: 0

TOP ABSOLUTE 24H MOVERS
SYMBOL                  24H    ELIG    SCAN  STATUS
------------------------------------------------------------------------
SKYAIUSDT           +41.27%       N       N  OVER_EXTENDED
MAGMAUSDT           +41.00%       N       N  OVER_EXTENDED
REUSDT              +33.50%       N       N  OVER_EXTENDED
PRLUSDT             -32.29%       N       N  OVER_EXTENDED
MSTUUSDT            +31.69%       N       N  NON_CRYPTO
BEATUSDT            -29.18%       N       N  OVER_EXTENDED
BTWUSDT             -27.99%       N       N  OVER_EXTENDED
MVLLUSDT            +26.71%       N       N  NON_CRYPTO
METUSDT             +26.13%       N       N  OVER_EXTENDED
TRIAUSDT            -25.82%       N       N  OVER_EXTENDED
CONLUSDT            +24.91%       N       N  NON_CRYPTO
CSOPSK2LHKDUSDT     +23.61%       N       N  NON_CRYPTO
BBUSDT              -22.88%       Y       N  ELIGIBLE_NOT_SELECTED
HUSDT               -21.27%       Y       N  ELIGIBLE_NOT_SELECTED
MUBARAKUSDT         +20.62%       Y       N  ELIGIBLE_NOT_SELECTED

IMPORTANT: V7.9 IS MEASUREMENT/AUDIT ONLY.
Same-hour reruns do not overwrite the first stored universe snapshot.
Raw universe evidence is retained for 7 days.
No trade permission was generated.

V7.9 FULL-UNIVERSE LEDGER: PASS
