
==============================================================================================================
ALPHA HUNTER V7.5 INDEPENDENT EPISODE MARKET TRACKER
==============================================================================================================
Episodes stored: 171
Active episodes: 64

CYSUSDT        CONTINUATION  now=  -46.27% UP=   78.38% DOWN=  -50.85% 3=Y 5=Y 10=Y checks=52
BTWUSDT        CONTINUATION  now=  227.96% UP=  268.12% DOWN=    0.00% 3=Y 5=Y 10=Y checks=52
COOKIEUSDT     CONTINUATION  now=  -17.48% UP=    0.00% DOWN=  -19.43% 3=Y 5=Y 10=Y checks=52
SUIUSDT        CONTINUATION  now=   -6.05% UP=    0.00% DOWN=   -7.92% 3=Y 5=Y 10=- checks=52
SOLUSDT        CONTINUATION  now=    1.95% UP=    1.98% DOWN=   -4.13% 3=Y 5=- 10=- checks=52
SKYAIUSDT      REVERSAL      now=  -39.48% UP=    0.00% DOWN=  -53.06% 3=Y 5=Y 10=Y checks=52
DOGEUSDT       CONTINUATION  now=    0.01% UP=    0.11% DOWN=   -2.32% 3=- 5=- 10=- checks=52
ADAUSDT        REVERSAL      now=  -11.68% UP=    0.00% DOWN=  -12.70% 3=Y 5=Y 10=Y checks=52
GWEIUSDT       REVERSAL      now=   -3.35% UP=   17.67% DOWN=   -7.43% 3=Y 5=Y 10=Y checks=52
BICOUSDT       REVERSAL      now=  -64.38% UP=    0.00% DOWN=  -64.57% 3=Y 5=Y 10=Y checks=52
IOTXUSDT       REVERSAL      now=  -10.18% UP=    0.00% DOWN=  -11.34% 3=Y 5=Y 10=Y checks=52
MMTUSDT        REVERSAL      now=  -18.62% UP=    0.00% DOWN=  -20.84% 3=Y 5=Y 10=Y checks=52
SUIUSDT        CONTINUATION  now=   -4.99% UP=    0.00% DOWN=   -6.82% 3=Y 5=Y 10=- checks=52
MUBARAKUSDT    REVERSAL      now=   -2.61% UP=    0.00% DOWN=  -24.10% 3=Y 5=Y 10=Y checks=52
4USDT          REVERSAL      now=  -15.74% UP=    0.00% DOWN=  -22.21% 3=Y 5=Y 10=Y checks=52
JTOUSDT        REVERSAL      now=   -0.90% UP=    8.18% DOWN=   -2.16% 3=Y 5=Y 10=- checks=52
FORMUSDT       REVERSAL      now=   -5.90% UP=    0.00% DOWN=   -7.88% 3=Y 5=Y 10=- checks=52
PUMPUSDT       REVERSAL      now=    6.42% UP=   10.34% DOWN=   -5.65% 3=Y 5=Y 10=Y checks=52
ACUUSDT        REVERSAL      now=   14.93% UP=   16.62% DOWN=   -4.40% 3=Y 5=Y 10=Y checks=52
HYPEUSDT       REVERSAL      now=    4.88% UP=    5.66% DOWN=   -0.62% 3=Y 5=Y 10=- checks=52
AEONUSDT       CONTINUATION  now=   14.08% UP=   28.99% DOWN=   -6.91% 3=Y 5=Y 10=Y checks=52
BTWUSDT        CONTINUATION  now=  119.31% UP=  146.86% DOWN=  -10.16% 3=Y 5=Y 10=Y checks=52
GPSUSDT        CONTINUATION  now=  -31.65% UP=    8.42% DOWN=  -35.64% 3=Y 5=Y 10=Y checks=15
BTWUSDT        CONTINUATION  now=   73.14% UP=   94.80% DOWN=   -2.97% 3=Y 5=Y 10=Y checks=15
PUMPUSDT       REVERSAL      now=    6.42% UP=   10.34% DOWN=   -1.91% 3=Y 5=Y 10=Y checks=15
HYPEUSDT       REVERSAL      now=   -0.82% UP=    0.14% DOWN=   -2.44% 3=- 5=- 10=- checks=15
LINKUSDT       REVERSAL      now=    2.44% UP=    3.82% DOWN=   -0.31% 3=Y 5=- 10=- checks=15
CHIPUSDT       REVERSAL      now=    4.64% UP=    5.72% DOWN=   -5.98% 3=Y 5=Y 10=- checks=15
ZECUSDT        REVERSAL      now=    2.62% UP=    2.69% DOWN=   -1.19% 3=- 5=- 10=- checks=15
BTCUSDT        CONTINUATION  now=    1.12% UP=    1.16% DOWN=   -0.89% 3=- 5=- 10=- checks=13
ZECUSDT        REVERSAL      now=    2.72% UP=    2.79% DOWN=   -1.09% 3=- 5=- 10=- checks=13
GPSUSDT        CONTINUATION  now=  -34.67% UP=    3.28% DOWN=  -38.37% 3=Y 5=Y 10=Y checks=13
BTWUSDT        CONTINUATION  now=   65.17% UP=   85.48% DOWN=    0.00% 3=Y 5=Y 10=Y checks=13
HYPEUSDT       REVERSAL      now=    0.21% UP=    0.93% DOWN=   -1.42% 3=- 5=- 10=- checks=12
ONGUSDT        CONTINUATION  now=    3.88% UP=   11.47% DOWN=   -4.75% 3=Y 5=Y 10=Y checks=12
SOLUSDT        CONTINUATION  now=    3.23% UP=    3.28% DOWN=    0.00% 3=Y 5=- 10=- checks=12
LUMIAUSDT      REVERSAL      now=    0.52% UP=    4.87% DOWN=   -0.25% 3=Y 5=- 10=- checks=12
LINKUSDT       REVERSAL      now=    2.90% UP=    4.28% DOWN=    0.00% 3=Y 5=- 10=- checks=12
HYPEUSDT       REVERSAL      now=   -0.01% UP=    0.72% DOWN=   -1.62% 3=- 5=- 10=- checks=12
PUMPUSDT       CONTINUATION  now=    4.00% UP=    7.86% DOWN=   -0.14% 3=Y 5=Y 10=- checks=11
ZECUSDT        CONTINUATION  now=    1.98% UP=    2.20% DOWN=   -1.66% 3=- 5=- 10=- checks=11
BTCUSDT        CONTINUATION  now=    1.35% UP=    1.38% DOWN=   -0.67% 3=- 5=- 10=- checks=11
GPSUSDT        CONTINUATION  now=  -34.17% UP=    4.50% DOWN=  -37.64% 3=Y 5=Y 10=Y checks=10
ZECUSDT        REVERSAL      now=    3.00% UP=    3.18% DOWN=   -0.72% 3=Y 5=- 10=- checks=9
HYPEUSDT       REVERSAL      now=    0.51% UP=    1.25% DOWN=   -1.10% 3=- 5=- 10=- checks=9
OUSDT          CONTINUATION  now=   -0.27% UP=    1.24% DOWN=   -6.18% 3=Y 5=Y 10=- checks=9
LINKUSDT       CONTINUATION  now=    2.09% UP=    3.48% DOWN=    0.00% 3=Y 5=- 10=- checks=9
HYPEUSDT       REVERSAL      now=    0.66% UP=    1.39% DOWN=   -0.97% 3=- 5=- 10=- checks=8
ZECUSDT        REVERSAL      now=    3.30% UP=    3.45% DOWN=   -0.46% 3=Y 5=- 10=- checks=8
PIEVERSEUSDT   REVERSAL      now=   -0.86% UP=    4.39% DOWN=   -1.00% 3=Y 5=- 10=- checks=8
BTCUSDT        REVERSAL      now=    1.75% UP=    1.79% DOWN=   -0.27% 3=- 5=- 10=- checks=8
REDUSDT        REVERSAL      now=    0.00% UP=    0.79% DOWN=   -1.93% 3=- 5=- 10=- checks=6
ACEUSDT        REVERSAL      now=  -10.26% UP=    6.05% DOWN=  -11.47% 3=Y 5=Y 10=Y checks=6
AEONUSDT       REVERSAL      now=   -1.47% UP=    1.29% DOWN=   -4.12% 3=Y 5=- 10=- checks=6
ACEUSDT        CONTINUATION  now=  -10.55% UP=    5.72% DOWN=  -11.75% 3=Y 5=Y 10=Y checks=5
1000RATSUSDT   REVERSAL      now=   -2.66% UP=    0.02% DOWN=   -3.42% 3=Y 5=- 10=- checks=4
SOLUSDT        CONTINUATION  now=    1.53% UP=    1.58% DOWN=   -0.19% 3=- 5=- 10=- checks=4
REDUSDT        REVERSAL      now=    0.11% UP=    0.34% DOWN=   -1.25% 3=- 5=- 10=- checks=4
AEONUSDT       REVERSAL      now=    1.62% UP=    3.06% DOWN=   -0.12% 3=Y 5=- 10=- checks=4
BTCUSDT        CONTINUATION  now=    1.50% UP=    1.54% DOWN=   -0.08% 3=- 5=- 10=- checks=4
ETHUSDT        CONTINUATION  now=    0.94% UP=    1.11% DOWN=   -0.01% 3=- 5=- 10=- checks=4
ACEUSDT        REVERSAL      now=   -3.70% UP=    0.72% DOWN=   -5.00% 3=Y 5=Y 10=- checks=3
ZECUSDT        CONTINUATION  now=    1.35% UP=    1.49% DOWN=   -0.73% 3=- 5=- 10=- checks=3
ACUUSDT        CONTINUATION  now=    0.49% UP=    0.49% DOWN=    0.00% 3=- 5=- 10=- checks=1

==============================================================================================================
TRACKER SUMMARY
==============================================================================================================
Checked: 64
Failed: 0
Supabase rows upserted: 171
3% episodes: 127
5% episodes: 109
10% episodes: 77

V7.5 EPISODE MARKET TRACKER: PASS
