V7.5 state restored from Supabase: 170

ALPHA HUNTER V7.5 OPPORTUNITY LIFECYCLE
Run ID: 168cb24e0435a6f9b981707842fd9f89
Timestamp: 2026-08-19T14:38:26.969528+00:00
Lifecycle candidates: 2

NEW    ACUUSDT        CONTINUATION  state=DIRECTION_EMERGING   det=1   v74=11.73 rank=2 shadow= 0.00 provisional=ACTIVE final=PENDING
UPDATE ACEUSDT        REVERSAL      state=EXPANSION            det=3   v74=10.39 rank=2 shadow=11.54 provisional=GOOD_DETECTION final=PENDING

Supabase lifecycle rows upserted: 171
Supabase lifecycle row count: 171

====================================================================================================
V7.5 LIFECYCLE SUMMARY
====================================================================================================
Episodes stored: 171
Created this run: 1
Updated this run: 1
Active episodes: 171

STATE COUNTS
DIRECTION_EMERGING       19
EXPANSION                1
FINALIZED                107
PRE_MOVE_DETECTED        44

State file: /home/runner/work/Alpha-Hunter/Alpha-Hunter/data/v75-lifecycle-episodes.json
History file: /home/runner/work/Alpha-Hunter/Alpha-Hunter/data/v75-lifecycle-history.jsonl

V7.5 LIFECYCLE JOB: PASS
