
======================================================================================================================
ALPHA HUNTER V7.6 POST-CONFIRMATION OUTCOME TRACKER — SHADOW
======================================================================================================================
Confirmed outcome rows: 131
Created this run: 0

ACEUSDT        SHORT  quality=FORWARD_COMPLETE now=   2.15% MFE=   3.66% MAE=  -0.93% lost=- done=-
ZECUSDT        SHORT  quality=FORWARD_COMPLETE now=  -3.28% MFE=   0.24% MAE=  -3.46% lost=- done=-
BTWUSDT        LONG   quality=FORWARD_COMPLETE now=  61.24% MFE=  79.76% MAE=  -2.92% lost=Y done=-
CHIPUSDT       SHORT  quality=FORWARD_COMPLETE now=  -6.91% MFE=   3.87% MAE=  -8.08% lost=Y done=-
ZECUSDT        LONG   quality=FORWARD_COMPLETE now=   1.51% MFE=   1.69% MAE=  -0.20% lost=- done=-
ZECUSDT        SHORT  quality=FORWARD_COMPLETE now=  -3.23% MFE=   0.49% MAE=  -3.41% lost=- done=-
GPSUSDT        LONG   quality=FORWARD_COMPLETE now= -34.67% MFE=   3.99% MAE= -37.94% lost=Y done=-
DIAUSDT        LONG   quality=FORWARD_COMPLETE now=  -1.76% MFE=   1.30% MAE=  -3.83% lost=Y done=Y
LUMIAUSDT      SHORT  quality=FORWARD_COMPLETE now=  -0.28% MFE=   0.05% MAE=  -4.63% lost=Y done=-
CHIPUSDT       SHORT  quality=FORWARD_COMPLETE now=  -6.91% MFE=   3.87% MAE=  -8.08% lost=Y done=-
LINKUSDT       LONG   quality=FORWARD_COMPLETE now=   2.16% MFE=   3.60% MAE=  -0.36% lost=- done=-
DIAUSDT        LONG   quality=FORWARD_COMPLETE now=  -1.76% MFE=   1.30% MAE=  -3.83% lost=Y done=Y
LINKUSDT       LONG   quality=FORWARD_COMPLETE now=   2.16% MFE=   3.60% MAE=  -0.36% lost=Y done=-
GPSUSDT        LONG   quality=FORWARD_COMPLETE now= -35.11% MFE=   3.15% MAE= -38.45% lost=Y done=-
PUMPUSDT       LONG   quality=FORWARD_COMPLETE now=   6.49% MFE=  10.38% MAE=  -0.78% lost=Y done=-
LINKUSDT       LONG   quality=FORWARD_COMPLETE now=   2.16% MFE=   3.60% MAE=  -0.36% lost=Y done=-
PUMPUSDT       LONG   quality=FORWARD_COMPLETE now=   6.53% MFE=  10.42% MAE=  -0.74% lost=- done=-
BTCUSDT        LONG   quality=FORWARD_COMPLETE now=   1.07% MFE=   1.11% MAE=  -0.94% lost=Y done=Y
PUMPUSDT       LONG   quality=FORWARD_COMPLETE now=   6.49% MFE=  10.38% MAE=  -0.78% lost=Y done=-
HYPEUSDT       SHORT  quality=FORWARD_COMPLETE now=  -0.64% MFE=   1.06% MAE=  -1.30% lost=Y done=-
HYPEUSDT       SHORT  quality=FORWARD_COMPLETE now=  -0.77% MFE=   1.02% MAE=  -1.34% lost=- done=-
LINKUSDT       LONG   quality=FORWARD_COMPLETE now=   2.19% MFE=   3.60% MAE=  -0.36% lost=- done=-
ETHUSDT        LONG   quality=FORWARD_COMPLETE now=   1.22% MFE=   1.35% MAE=  -0.57% lost=Y done=-
BTCUSDT        LONG   quality=FORWARD_COMPLETE now=   0.98% MFE=   1.02% MAE=  -0.10% lost=- done=-
ETHUSDT        LONG   quality=FORWARD_COMPLETE now=   1.20% MFE=   1.34% MAE=  -0.58% lost=Y done=-
AEONUSDT       SHORT  quality=FORWARD_COMPLETE now=   8.34% MFE=  10.68% MAE=  -5.58% lost=Y done=-
BTWUSDT        LONG   quality=FORWARD_COMPLETE now=  75.48% MFE=  95.83% MAE=  -0.15% lost=Y done=-
ZECUSDT        SHORT  quality=FORWARD_COMPLETE now=  -3.29% MFE=   0.49% MAE=  -3.41% lost=- done=-
BTCUSDT        SHORT  quality=FORWARD_COMPLETE now=  -1.84% MFE=   0.06% MAE=  -1.88% lost=Y done=-
LINKUSDT       LONG   quality=FORWARD_COMPLETE now=   0.39% MFE=   1.79% MAE=  -0.33% lost=Y done=-
BTCUSDT        SHORT  quality=FORWARD_COMPLETE now=  -1.86% MFE=   0.06% MAE=  -1.89% lost=Y done=-
BTCUSDT        SHORT  quality=FORWARD_COMPLETE now=  -1.86% MFE=   0.06% MAE=  -1.89% lost=Y done=-
HYPEUSDT       SHORT  quality=FORWARD_COMPLETE now=  -0.80% MFE=   1.02% MAE=  -1.34% lost=Y done=-
ONGUSDT        LONG   quality=FORWARD_COMPLETE now=   4.79% MFE=  12.00% MAE=  -2.14% lost=Y done=-
PUMPUSDT       LONG   quality=FORWARD_COMPLETE now=  -0.17% MFE=   3.47% MAE=  -3.04% lost=Y done=-
ETHUSDT        LONG   quality=FORWARD_COMPLETE now=   0.22% MFE=   0.27% MAE=  -0.43% lost=- done=-
ACEUSDT        SHORT  quality=FORWARD_COMPLETE now=   1.85% MFE=   3.61% MAE=  -0.98% lost=- done=-
ACEUSDT        SHORT  quality=FORWARD_COMPLETE now=   1.76% MFE=   3.52% MAE=  -1.07% lost=- done=-
HYPEUSDT       SHORT  quality=FORWARD_COMPLETE now=  -0.79% MFE=   1.06% MAE=  -1.30% lost=Y done=-
HYPEUSDT       SHORT  quality=FORWARD_COMPLETE now=  -0.76% MFE=   1.09% MAE=  -1.26% lost=Y done=-
GPSUSDT        LONG   quality=FORWARD_COMPLETE now= -36.06% MFE=   0.00% MAE= -39.33% lost=Y done=-
ZECUSDT        SHORT  quality=FORWARD_COMPLETE now=  -3.26% MFE=   0.48% MAE=  -3.42% lost=- done=-
ZECUSDT        SHORT  quality=FORWARD_COMPLETE now=  -3.26% MFE=   0.48% MAE=  -3.42% lost=- done=-
ZECUSDT        SHORT  quality=FORWARD_COMPLETE now=  -3.24% MFE=   0.50% MAE=  -3.41% lost=- done=-
LINKUSDT       LONG   quality=FORWARD_COMPLETE now=   0.39% MFE=   1.79% MAE=  -0.33% lost=Y done=-
SOLUSDT        LONG   quality=FORWARD_COMPLETE now=   1.64% MFE=   1.67% MAE=  -0.37% lost=- done=-
PIEVERSEUSDT   SHORT  quality=FORWARD_COMPLETE now=   1.77% MFE=   2.00% MAE=  -0.94% lost=Y done=-
OUSDT          SHORT  quality=FORWARD_COMPLETE now=  -3.47% MFE=   0.00% MAE=  -5.04% lost=Y done=-
AEONUSDT       SHORT  quality=FORWARD_COMPLETE now=  -1.44% MFE=   0.00% MAE=  -3.04% lost=Y done=-
1000RATSUSDT   SHORT  quality=FORWARD_COMPLETE now=   1.16% MFE=   2.00% MAE=  -0.22% lost=- done=-
SOLUSDT        LONG   quality=FORWARD_COMPLETE now=   0.45% MFE=   0.47% MAE=  -0.33% lost=- done=-

======================================================================================================================
POST-CONFIRMATION TRACKER SUMMARY
======================================================================================================================
Outcome rows: 131
Created this run: 0
Tracked this run: 51
Failed: 0
Supabase rows upserted: 131
Forward complete: 131
Completed 24H: 83

IMPORTANT: OUTCOME TRACKER IS MEASUREMENT ONLY.
No trade permission was generated.

V7.6 POST-CONFIRMATION OUTCOME TRACKER: PASS
