
ALPHA HUNTER V7.1 — 2026-08-21T03:06:47.267709+00:00

Universe: 30 deep-scanned of 759 contracts
Eligible after prefilter: 378
Non-crypto rejected: 294

SYMBOL                  PHASE    TIME   BEHAV                     STATE      RR   DISC  TRADE
---------------------------------------------------------------------------------------------
ICXUSDT             BREAKDOWN    FAIR    5.74               WATCH_SHORT       —     NO     NO
HYPEUSDT          COMPRESSION    FAIR    4.76                   NEUTRAL       —     NO     NO
AAVEUSDT       DISTRIBUTION_RISK   EARLY    4.47   DIRECTION_EMERGING_LONG    0.05     NO     NO
STXUSDT        DISTRIBUTION_RISK    LATE    4.45   DIRECTION_EMERGING_LONG    0.01     NO     NO
USELESSUSDT         EXPANSION    LATE    4.41                   NEUTRAL       —     NO     NO
ZECUSDT           COMPRESSION   EARLY    4.38                WATCH_LONG       —     NO     NO
WLDUSDT           COMPRESSION    FAIR    4.35                WATCH_LONG       —     NO     NO
GPSUSDT           COMPRESSION   EARLY    4.29               WATCH_SHORT       —     NO     NO
ETHUSDT           COMPRESSION    FAIR    4.28                WATCH_LONG       —     NO     NO
SOLUSDT          ACCUMULATION   EARLY    4.25                WATCH_LONG       —     NO     NO
MONUSDT          ACCUMULATION    FAIR    4.17                   NEUTRAL       —     NO     NO
FARTCOINUSDT     ACCUMULATION    FAIR    4.11                   NEUTRAL       —     NO     NO
MAGMAUSDT           EXPANSION    LATE    4.09   DIRECTION_EMERGING_LONG    0.32     NO     NO
ONDOUSDT         ACCUMULATION   EARLY    3.98   DIRECTION_EMERGING_LONG    0.15     NO     NO
BGBUSDT           COMPRESSION   EARLY    3.91                WATCH_LONG       —     NO     NO
XPLUSDT          ACCUMULATION    FAIR    3.91   DIRECTION_EMERGING_LONG    0.04     NO     NO
WIFUSDT          ACCUMULATION    FAIR    3.69                WATCH_LONG       —     NO     NO
NEARUSDT          COMPRESSION   EARLY    3.65                WATCH_LONG       —     NO     NO
LDOUSDT           COMPRESSION   EARLY    3.63                   NEUTRAL       —     NO     NO
1000000MOGUSDT   ACCUMULATION    FAIR    3.61                WATCH_LONG       —     NO     NO
RSRUSDT          ACCUMULATION    FAIR    3.60                WATCH_LONG       —     NO     NO
TRUMPUSDT         COMPRESSION    FAIR    3.50                   NEUTRAL       —     NO     NO
BICOUSDT         ACCUMULATION    FAIR    3.23                   NEUTRAL       —     NO     NO
VELVETUSDT           RECOVERY   EARLY    3.03                WATCH_LONG       —     NO     NO
龙虾USDT           ACCUMULATION    FAIR    2.81                   NEUTRAL       —     NO     NO
BTCUSDT          ACCUMULATION    FAIR    2.70                WATCH_LONG       —     NO     NO
WLFIUSDT         ACCUMULATION   EARLY    2.65                   NEUTRAL       —     NO     NO
KAITOUSDT        ACCUMULATION   EARLY    2.49  DIRECTION_EMERGING_SHORT    0.19     NO     NO
TRXUSDT          ACCUMULATION   EARLY    2.04                WATCH_LONG       —     NO     NO
BLESSUSDT        ACCUMULATION   EARLY    1.90                   NEUTRAL       —     NO     NO

V7.4 PRE-MOVE SURVEILLANCE
Eligible: 9 | Primary: 5 | Reserve: 4

PRIMARY
 1 WLFIUSDT       REVERSAL       12.08 state=NEUTRAL
 2 USELESSUSDT    CONTINUATION   11.64 state=NEUTRAL
 3 TRUMPUSDT      REVERSAL       11.62 state=NEUTRAL
 4 MONUSDT        CONTINUATION   11.40 state=NEUTRAL
 5 HYPEUSDT       CONTINUATION   10.00 state=NEUTRAL

RESERVE
 6 WLDUSDT        CONTINUATION   10.00 state=WATCH_LONG
 7 LDOUSDT        CONTINUATION   10.00 state=NEUTRAL
 8 ZECUSDT        CONTINUATION    9.96 state=WATCH_LONG
 9 NEARUSDT       CONTINUATION    9.92 state=WATCH_LONG

Run ID: b5df1ba6c97c2d0eab9cf44dedfb2999
Snapshot saved: /home/runner/work/Alpha-Hunter/Alpha-Hunter/data/snapshots/snapshot-20260821T030647Z.json
State history: /home/runner/work/Alpha-Hunter/Alpha-Hunter/data/state-history.jsonl
Supabase: SAVED
Qualified discovery candidates: 0
EARLY candidates: 0
V7 Trade Ready: 0
Bitget private API: NOT_CONFIGURED
