V7.4 HOURLY PERFORMANCE TRACKER
Run ID: b5df1ba6c97c2d0eab9cf44dedfb2999

V7.4.1 SHADOW REVERSAL
 SH SYMBOL           V74     OLD   SHADOW
--------------------------------------------------
  1 WLFIUSDT           1   12.08     6.96
  2 TRUMPUSDT          3   11.62     3.91
PERFORMANCE SIGNALS SAVED: 30
FEATURE ROWS SAVED: 30
V7.4 OUTCOMES 1H: saved=23 failed=0
V7.4 OUTCOMES 4H: saved=26 failed=0
V7.4 OUTCOMES 12H: saved=26 failed=0
V7.4 OUTCOMES 24H: saved=10 failed=0
OUTCOME EVALUATION COMPLETE: saved=85 failed=0

==========================================================================================
V7.4 CURRENT SURVEILLANCE COHORT
==========================================================================================
RANK SYMBOL         TIER      PATH            SCORE STATE
------------------------------------------------------------------------------------------
   1 WLFIUSDT       PRIMARY   REVERSAL        12.08 NEUTRAL
   2 USELESSUSDT    PRIMARY   CONTINUATION    11.64 NEUTRAL
   3 TRUMPUSDT      PRIMARY   REVERSAL        11.62 NEUTRAL
   4 MONUSDT        PRIMARY   CONTINUATION    11.40 NEUTRAL
   5 HYPEUSDT       PRIMARY   CONTINUATION    10.00 NEUTRAL
   6 WLDUSDT        RESERVE   CONTINUATION    10.00 WATCH_LONG
   7 LDOUSDT        RESERVE   CONTINUATION    10.00 NEUTRAL
   8 ZECUSDT        RESERVE   CONTINUATION     9.96 WATCH_LONG
   9 NEARUSDT       RESERVE   CONTINUATION     9.92 WATCH_LONG

================================================================================================================================
V7.4 FORWARD PERFORMANCE — RAW PRICE EXPANSION
================================================================================================================================

PRIMARY / RESERVE + PATH
  H TIER      PATH              N    POS%   AVG RAW   AVG ABS    EXP3%    EXP5%   EXP10%    UP5%    DN5%
--------------------------------------------------------------------------------------------------------------------------------
  1 PRIMARY   CONTINUATION     71   59.2%    0.022%    1.278%    12.7%     1.4%     0.0%    0.0%    1.4%
  1 PRIMARY   REVERSAL         78   73.1%    1.428%    2.539%    14.1%     9.0%     2.6%    5.1%    3.8%
  1 RESERVE   CONTINUATION     37   73.0%    0.501%    1.137%     2.7%     0.0%     0.0%    0.0%    0.0%
  1 RESERVE   REVERSAL         14   71.4%    0.413%    0.792%     0.0%     0.0%     0.0%    0.0%    0.0%
  4 PRIMARY   CONTINUATION     53   62.3%    0.792%    2.156%    18.9%     1.9%     1.9%    1.9%    0.0%
  4 PRIMARY   REVERSAL         72   75.0%    2.417%    4.094%    29.2%    13.9%     5.6%    8.3%    5.6%
  4 RESERVE   CONTINUATION     29   62.1%    0.736%    1.583%    13.8%     0.0%     0.0%    0.0%    0.0%
  4 RESERVE   REVERSAL         12   58.3%   -0.028%    1.102%     0.0%     0.0%     0.0%    0.0%    0.0%
 12 PRIMARY   CONTINUATION     22   68.2%    9.726%   11.812%    36.4%    18.2%    13.6%   13.6%    4.5%
 12 PRIMARY   REVERSAL         43   48.8%    9.748%   12.583%    37.2%    16.3%    14.0%    9.3%    7.0%
 12 RESERVE   CONTINUATION      5   40.0%   -0.046%    1.216%     0.0%     0.0%     0.0%    0.0%    0.0%
 12 RESERVE   REVERSAL          5   40.0%    0.560%    1.031%    20.0%     0.0%     0.0%    0.0%    0.0%

RANK QUALITY
  H RANK BUCKET         N    POS%   AVG RAW   AVG ABS    EXP3%    EXP5%   EXP10%    UP5%    DN5%
----------------------------------------------------------------------------------------------------------------
  1 TOP_1_3            95   64.2%    1.031%    2.374%    16.8%     8.4%     2.1%    4.2%    4.2%
  1 TOP_4_5            54   70.4%    0.277%    1.171%     7.4%     0.0%     0.0%    0.0%    0.0%
  1 RESERVE_6_10       51   72.5%    0.477%    1.042%     2.0%     0.0%     0.0%    0.0%    0.0%
  4 TOP_1_3            80   70.0%    2.012%    3.855%    28.7%    12.5%     5.0%    7.5%    5.0%
  4 TOP_4_5            45   68.9%    1.223%    2.237%    17.8%     2.2%     2.2%    2.2%    0.0%
  4 RESERVE_6_10       41   61.0%    0.513%    1.442%     9.8%     0.0%     0.0%    0.0%    0.0%
 12 TOP_1_3            42   52.4%   11.737%   14.398%    35.7%    19.0%    16.7%   11.9%    7.1%
 12 TOP_4_5            23   60.9%    6.096%    8.530%    39.1%    13.0%     8.7%    8.7%    4.3%
 12 RESERVE_6_10       10   40.0%    0.257%    1.123%    10.0%     0.0%     0.0%    0.0%    0.0%

Metric definitions:
AVG RAW = average raw market return from detection price.
AVG ABS = average absolute price movement regardless of direction.
EXP3/5/10 = percentage of candidates moving at least 3% / 5% / 10% in either direction.
UP5 = raw upside move >= +5%; DN5 = raw downside move <= -5%.
No V7.4 trade-direction assumption is used in these metrics.

V7.4 TRACKING JOB: PASS
