
==============================================================================================================
ALPHA HUNTER V7.5 INDEPENDENT EPISODE MARKET TRACKER
==============================================================================================================
Episodes stored: 238
Active episodes: 90

ADAUSDT        REVERSAL      now=    3.59% UP=    6.02% DOWN=  -12.70% 3=Y 5=Y 10=Y checks=47
DOGEUSDT       CONTINUATION  now=   15.15% UP=   17.48% DOWN=   -2.32% 3=Y 5=Y 10=Y checks=47
SKYAIUSDT      REVERSAL      now=  -28.62% UP=    0.00% DOWN=  -48.62% 3=Y 5=Y 10=Y checks=47
SOLUSDT        CONTINUATION  now=   15.08% UP=   16.88% DOWN=   -4.13% 3=Y 5=Y 10=Y checks=47
SUIUSDT        CONTINUATION  now=    5.58% UP=    6.77% DOWN=   -7.26% 3=Y 5=Y 10=- checks=47
COOKIEUSDT     CONTINUATION  now=  -10.33% UP=    0.00% DOWN=  -18.26% 3=Y 5=Y 10=Y checks=47
BTWUSDT        CONTINUATION  now=  115.15% UP=  124.96% DOWN=    0.00% 3=Y 5=Y 10=Y checks=47
CYSUSDT        CONTINUATION  now=  -47.04% UP=   78.38% DOWN=  -50.85% 3=Y 5=Y 10=Y checks=47
GWEIUSDT       REVERSAL      now=   17.53% UP=   24.28% DOWN=   -2.98% 3=Y 5=Y 10=Y checks=47
BICOUSDT       REVERSAL      now=  -60.11% UP=    0.00% DOWN=  -61.82% 3=Y 5=Y 10=Y checks=47
SUIUSDT        CONTINUATION  now=    6.86% UP=    8.04% DOWN=   -6.16% 3=Y 5=Y 10=- checks=47
MMTUSDT        REVERSAL      now=  -13.81% UP=    0.00% DOWN=  -17.89% 3=Y 5=Y 10=Y checks=47
IOTXUSDT       REVERSAL      now=   -2.29% UP=    0.00% DOWN=  -11.34% 3=Y 5=Y 10=Y checks=47
FORMUSDT       REVERSAL      now=   15.34% UP=   16.67% DOWN=   -7.88% 3=Y 5=Y 10=Y checks=47
JTOUSDT        REVERSAL      now=    2.44% UP=    8.18% DOWN=   -0.43% 3=Y 5=Y 10=- checks=47
4USDT          REVERSAL      now=  -10.36% UP=    0.00% DOWN=  -22.21% 3=Y 5=Y 10=Y checks=47
MUBARAKUSDT    REVERSAL      now=   -3.16% UP=    0.20% DOWN=  -24.10% 3=Y 5=Y 10=Y checks=47
PUMPUSDT       REVERSAL      now=   36.87% UP=   38.71% DOWN=   -5.65% 3=Y 5=Y 10=Y checks=47
HYPEUSDT       REVERSAL      now=   28.68% UP=   33.67% DOWN=   -0.62% 3=Y 5=Y 10=Y checks=47
ACUUSDT        REVERSAL      now=   12.13% UP=   16.62% DOWN=   -4.40% 3=Y 5=Y 10=Y checks=47
BTWUSDT        CONTINUATION  now=   44.43% UP=   50.85% DOWN=  -10.16% 3=Y 5=Y 10=Y checks=47
AEONUSDT       CONTINUATION  now=    3.59% UP=   28.99% DOWN=   -6.91% 3=Y 5=Y 10=Y checks=47
LINKUSDT       CONTINUATION  now=   14.66% UP=   15.72% DOWN=    0.00% 3=Y 5=Y 10=Y checks=24
OUSDT          CONTINUATION  now=   -3.06% UP=    3.69% DOWN=   -6.18% 3=Y 5=Y 10=- checks=24
HYPEUSDT       REVERSAL      now=   23.27% UP=   28.10% DOWN=   -1.10% 3=Y 5=Y 10=Y checks=24
ZECUSDT        REVERSAL      now=   12.95% UP=   18.15% DOWN=   -0.72% 3=Y 5=Y 10=Y checks=24
1000RATSUSDT   REVERSAL      now=    0.36% UP=    9.83% DOWN=   -4.96% 3=Y 5=Y 10=- checks=19
ETHUSDT        CONTINUATION  now=   21.73% UP=   23.93% DOWN=   -0.01% 3=Y 5=Y 10=Y checks=19
BTCUSDT        CONTINUATION  now=   15.25% UP=   17.55% DOWN=   -0.08% 3=Y 5=Y 10=Y checks=19
AEONUSDT       REVERSAL      now=   -7.70% UP=    5.43% DOWN=  -13.04% 3=Y 5=Y 10=Y checks=19
REDUSDT        REVERSAL      now=   18.50% UP=   35.87% DOWN=   -1.25% 3=Y 5=Y 10=Y checks=19
SOLUSDT        CONTINUATION  now=   14.63% UP=   16.41% DOWN=   -0.19% 3=Y 5=Y 10=Y checks=19
TRXUSDT        REVERSAL      now=    1.61% UP=    2.34% DOWN=    0.00% 3=- 5=- 10=- checks=12
ONGUSDT        CONTINUATION  now=  139.00% UP=  153.68% DOWN=   -4.60% 3=Y 5=Y 10=Y checks=12
CAPUSDT        REVERSAL      now=   -7.27% UP=    4.34% DOWN=   -8.21% 3=Y 5=Y 10=- checks=11
LAUSDT         REVERSAL      now=    3.59% UP=    8.30% DOWN=    0.00% 3=Y 5=Y 10=- checks=11
AEONUSDT       REVERSAL      now=   -8.52% UP=    0.20% DOWN=  -13.81% 3=Y 5=Y 10=Y checks=11
VVVUSDT        REVERSAL      now=    3.96% UP=    6.34% DOWN=   -0.75% 3=Y 5=Y 10=- checks=11
XMRUSDT        REVERSAL      now=    0.38% UP=    2.93% DOWN=   -1.41% 3=- 5=- 10=- checks=11
WLFIUSDT       REVERSAL      now=   -0.02% UP=    2.25% DOWN=   -2.27% 3=- 5=- 10=- checks=10
1000RATSUSDT   CONTINUATION  now=   -6.26% UP=    2.60% DOWN=   -8.47% 3=Y 5=Y 10=- checks=10
LAUSDT         CONTINUATION  now=    2.68% UP=    7.36% DOWN=   -0.60% 3=Y 5=Y 10=- checks=10
XMRUSDT        REVERSAL      now=   -0.88% UP=    1.64% DOWN=   -2.64% 3=- 5=- 10=- checks=10
ONGUSDT        REVERSAL      now=  146.15% UP=  161.67% DOWN=   -1.60% 3=Y 5=Y 10=Y checks=10
VVVUSDT        REVERSAL      now=    3.22% UP=    5.64% DOWN=   -0.08% 3=Y 5=Y 10=- checks=9
BRUSDT         CONTINUATION  now=   -2.10% UP=    9.22% DOWN=   -5.87% 3=Y 5=Y 10=- checks=9
CAPUSDT        REVERSAL      now=   -7.76% UP=    1.66% DOWN=   -8.68% 3=Y 5=Y 10=- checks=9
WLDUSDT        CONTINUATION  now=    3.56% UP=    5.14% DOWN=   -1.33% 3=Y 5=Y 10=- checks=9
ZROUSDT        CONTINUATION  now=   -1.48% UP=    0.95% DOWN=   -3.38% 3=Y 5=- 10=- checks=8
TREEUSDT       REVERSAL      now=    2.55% UP=    5.35% DOWN=   -0.25% 3=Y 5=Y 10=- checks=8
MUBARAKUSDT    REVERSAL      now=   -0.41% UP=    3.04% DOWN=   -4.22% 3=Y 5=- 10=- checks=8
VVVUSDT        CONTINUATION  now=    0.88% UP=    3.25% DOWN=   -1.05% 3=Y 5=- 10=- checks=7
LAUSDT         CONTINUATION  now=    1.40% UP=    6.02% DOWN=   -0.98% 3=Y 5=Y 10=- checks=7
1000RATSUSDT   CONTINUATION  now=   -5.63% UP=    0.63% DOWN=   -7.86% 3=Y 5=Y 10=- checks=7
ACUUSDT        REVERSAL      now=   -0.19% UP=    1.11% DOWN=   -7.79% 3=Y 5=Y 10=- checks=7
UNIUSDT        CONTINUATION  now=    3.62% UP=    5.70% DOWN=    0.00% 3=Y 5=Y 10=- checks=5
LAUSDT         CONTINUATION  now=    0.70% UP=    5.28% DOWN=   -1.67% 3=Y 5=Y 10=- checks=5
ZROUSDT        REVERSAL      now=    1.45% UP=    3.90% DOWN=   -0.44% 3=Y 5=- 10=- checks=5
NEARUSDT       CONTINUATION  now=    1.62% UP=    2.84% DOWN=   -1.95% 3=- 5=- 10=- checks=5
ONDOUSDT       CONTINUATION  now=    2.45% UP=    3.88% DOWN=   -2.64% 3=Y 5=- 10=- checks=6
LITUSDT        CONTINUATION  now=   -7.05% UP=    0.71% DOWN=   -7.41% 3=Y 5=Y 10=- checks=6
BTWUSDT        REVERSAL      now=   11.35% UP=   16.32% DOWN=   -2.37% 3=Y 5=Y 10=Y checks=5
OPUSDT         CONTINUATION  now=    0.00% UP=    2.49% DOWN=   -3.53% 3=Y 5=- 10=- checks=5
LDOUSDT        CONTINUATION  now=    1.29% UP=    2.79% DOWN=   -0.18% 3=- 5=- 10=- checks=4
WLFIUSDT       REVERSAL      now=   -1.10% UP=    0.02% DOWN=   -3.33% 3=Y 5=- 10=- checks=4
WLDUSDT        CONTINUATION  now=    1.55% UP=    3.16% DOWN=   -0.44% 3=Y 5=- 10=- checks=4
TREEUSDT       REVERSAL      now=    0.44% UP=    3.13% DOWN=   -1.80% 3=Y 5=- 10=- checks=4
NEARUSDT       REVERSAL      now=    2.60% UP=    3.83% DOWN=   -0.02% 3=Y 5=- 10=- checks=4
LITUSDT        REVERSAL      now=   -1.43% UP=    2.63% DOWN=   -1.80% 3=- 5=- 10=- checks=4
XMRUSDT        REVERSAL      now=    0.93% UP=    2.88% DOWN=   -0.66% 3=- 5=- 10=- checks=4
UNIUSDT        CONTINUATION  now=    2.23% UP=    4.28% DOWN=   -0.65% 3=Y 5=- 10=- checks=4
TRUMPUSDT      CONTINUATION  now=   -1.08% UP=    1.63% DOWN=   -2.65% 3=- 5=- 10=- checks=4
WLDUSDT        CONTINUATION  now=    1.44% UP=    3.05% DOWN=   -0.54% 3=Y 5=- 10=- checks=4
LINKUSDT       CONTINUATION  now=    2.96% UP=    3.93% DOWN=   -0.89% 3=Y 5=- 10=- checks=4
TREEUSDT       REVERSAL      now=    1.85% UP=    4.58% DOWN=   -0.42% 3=Y 5=- 10=- checks=4
VVVUSDT        REVERSAL      now=    0.65% UP=    2.27% DOWN=   -1.28% 3=- 5=- 10=- checks=4
NEARUSDT       CONTINUATION  now=    1.80% UP=    3.01% DOWN=   -0.46% 3=Y 5=- 10=- checks=4
ZECUSDT        CONTINUATION  now=   -0.50% UP=    1.96% DOWN=   -1.11% 3=- 5=- 10=- checks=4
LUMIAUSDT      CONTINUATION  now=   -1.05% UP=    0.71% DOWN=   -1.05% 3=- 5=- 10=- checks=4
ONDOUSDT       REVERSAL      now=    3.58% UP=    5.15% DOWN=   -0.11% 3=Y 5=Y 10=- checks=4
AAVEUSDT       CONTINUATION  now=    1.54% UP=    2.04% DOWN=   -0.48% 3=- 5=- 10=- checks=3
RENDERUSDT     CONTINUATION  now=    0.22% UP=    1.20% DOWN=   -0.11% 3=- 5=- 10=- checks=2
INJUSDT        CONTINUATION  now=    0.21% UP=    0.87% DOWN=   -0.27% 3=- 5=- 10=- checks=2
MAGMAUSDT      CONTINUATION  now=    3.08% UP=    4.61% DOWN=   -0.21% 3=Y 5=- 10=- checks=2
BTWUSDT        REVERSAL      now=    6.76% UP=    7.36% DOWN=   -2.82% 3=Y 5=Y 10=- checks=2
HYPEUSDT       CONTINUATION  now=   -0.62% UP=    0.00% DOWN=   -0.69% 3=- 5=- 10=- checks=1
USELESSUSDT    CONTINUATION  now=   -0.16% UP=    0.04% DOWN=   -0.16% 3=- 5=- 10=- checks=1
MONUSDT        CONTINUATION  now=   -0.42% UP=    0.00% DOWN=   -0.42% 3=- 5=- 10=- checks=1
LDOUSDT        CONTINUATION  now=    0.03% UP=    0.09% DOWN=   -0.06% 3=- 5=- 10=- checks=1
TRUMPUSDT      REVERSAL      now=    0.00% UP=    0.24% DOWN=    0.00% 3=- 5=- 10=- checks=1

==============================================================================================================
TRACKER SUMMARY
==============================================================================================================
Checked: 90
Failed: 0
Supabase rows upserted: 238
3% episodes: 191
5% episodes: 164
10% episodes: 110

V7.5 EPISODE MARKET TRACKER: PASS
