
======================================================================================================================
ALPHA HUNTER V7.6 DIRECTION-PROOF ENGINE — SHADOW
======================================================================================================================
Eligible forward episodes: 68

SYMBOL         PATH          DIR         CONF   LONG   SHORT       15M        1H
----------------------------------------------------------------------------------------------------------------------
LINKUSDT       CONTINUATION  LONG       87.5%   7.00    0.00   BULLISH   BULLISH
OUSDT          CONTINUATION  SHORT      56.2%   0.00    4.50   BEARISH   BEARISH
HYPEUSDT       REVERSAL      SHORT      62.5%   0.00    5.00   BEARISH     MIXED
ZECUSDT        REVERSAL      UNKNOWN     0.0%   0.00    3.00   BEARISH     MIXED
1000RATSUSDT   REVERSAL      SHORT      68.8%   0.00    5.50   BEARISH   BEARISH
ETHUSDT        CONTINUATION  UNKNOWN     0.0%   3.50    2.00     MIXED   BULLISH
BTCUSDT        CONTINUATION  UNKNOWN     0.0%   3.50    2.00     MIXED   BULLISH
AEONUSDT       REVERSAL      UNKNOWN     0.0%   3.50    1.00   BULLISH     MIXED
REDUSDT        REVERSAL      UNKNOWN     0.0%   1.50    1.50     MIXED     MIXED
SOLUSDT        CONTINUATION  LONG       56.2%   4.50    0.00     MIXED   BULLISH
TRXUSDT        REVERSAL      UNKNOWN     0.0%   0.00    1.00   BEARISH     MIXED
ONGUSDT        CONTINUATION  LONG      100.0%   8.00    0.00   BULLISH   BULLISH
CAPUSDT        REVERSAL      SHORT     100.0%   0.00    8.00   BEARISH   BEARISH
LAUSDT         REVERSAL      LONG       50.6%   4.50    1.50     MIXED   BULLISH
AEONUSDT       REVERSAL      UNKNOWN     0.0%   3.50    1.00   BULLISH     MIXED
VVVUSDT        REVERSAL      LONG       68.8%   5.50    0.00   BULLISH   BULLISH
XMRUSDT        REVERSAL      UNKNOWN     0.0%   0.00    3.00     MIXED   BEARISH
WLFIUSDT       REVERSAL      UNKNOWN     0.0%   2.50    0.00   BULLISH     MIXED
1000RATSUSDT   CONTINUATION  SHORT      68.8%   0.00    5.50   BEARISH   BEARISH
LAUSDT         CONTINUATION  LONG       50.6%   4.50    1.50     MIXED   BULLISH
XMRUSDT        REVERSAL      UNKNOWN     0.0%   0.00    3.00     MIXED   BEARISH
ONGUSDT        REVERSAL      LONG      100.0%   8.00    0.00   BULLISH   BULLISH
VVVUSDT        REVERSAL      LONG       68.8%   5.50    0.00   BULLISH   BULLISH
BRUSDT         CONTINUATION  SHORT      75.0%   0.00    6.00   BEARISH     MIXED
CAPUSDT        REVERSAL      SHORT     100.0%   0.00    8.00   BEARISH   BEARISH
WLDUSDT        CONTINUATION  UNKNOWN     0.0%   3.50    1.00     MIXED   BULLISH
ZROUSDT        CONTINUATION  UNKNOWN     0.0%   1.00    1.00   BEARISH     MIXED
TREEUSDT       REVERSAL      UNKNOWN     0.0%   1.50    3.50     MIXED     MIXED
MUBARAKUSDT    REVERSAL      UNKNOWN     0.0%   1.50    3.50     MIXED     MIXED
VVVUSDT        CONTINUATION  LONG       68.8%   5.50    0.00   BULLISH   BULLISH
LAUSDT         CONTINUATION  LONG       50.6%   4.50    1.50     MIXED   BULLISH
1000RATSUSDT   CONTINUATION  SHORT      68.8%   0.00    5.50   BEARISH   BEARISH
ACUUSDT        REVERSAL      LONG       75.0%   6.00    0.00   BULLISH     MIXED
UNIUSDT        CONTINUATION  UNKNOWN     0.0%   3.50    0.00     MIXED   BULLISH
LAUSDT         CONTINUATION  LONG       50.6%   4.50    1.50     MIXED   BULLISH
ZROUSDT        REVERSAL      UNKNOWN     0.0%   1.00    1.00   BEARISH     MIXED
NEARUSDT       CONTINUATION  LONG       56.2%   4.50    0.00     MIXED   BULLISH
ONDOUSDT       CONTINUATION  LONG       87.5%   7.00    0.00   BULLISH   BULLISH
LITUSDT        CONTINUATION  SHORT      87.5%   0.00    7.00   BEARISH   BEARISH
BTWUSDT        REVERSAL      LONG       75.6%   6.50    1.50   BULLISH   BULLISH
OPUSDT         CONTINUATION  UNKNOWN     0.0%   2.00    2.00     MIXED   BULLISH
LDOUSDT        CONTINUATION  UNKNOWN     0.0%   3.50    1.00     MIXED   BULLISH
WLFIUSDT       REVERSAL      UNKNOWN     0.0%   2.50    0.00   BULLISH     MIXED
WLDUSDT        CONTINUATION  UNKNOWN     0.0%   3.50    1.00     MIXED   BULLISH
TREEUSDT       REVERSAL      UNKNOWN     0.0%   1.50    3.50     MIXED     MIXED
NEARUSDT       REVERSAL      LONG       56.2%   4.50    0.00     MIXED   BULLISH
LITUSDT        REVERSAL      SHORT      87.5%   0.00    7.00   BEARISH   BEARISH
XMRUSDT        REVERSAL      UNKNOWN     0.0%   0.00    3.00     MIXED   BEARISH
UNIUSDT        CONTINUATION  UNKNOWN     0.0%   3.50    0.00     MIXED   BULLISH
TRUMPUSDT      CONTINUATION  UNKNOWN     0.0%   1.50    2.00     MIXED     MIXED
WLDUSDT        CONTINUATION  UNKNOWN     0.0%   3.50    1.00     MIXED   BULLISH
LINKUSDT       CONTINUATION  LONG       87.5%   7.00    0.00   BULLISH   BULLISH
TREEUSDT       REVERSAL      UNKNOWN     0.0%   1.50    3.50     MIXED     MIXED
VVVUSDT        REVERSAL      LONG       68.8%   5.50    0.00   BULLISH   BULLISH
NEARUSDT       CONTINUATION  LONG       68.8%   5.50    0.00   BULLISH   BULLISH
ZECUSDT        CONTINUATION  SHORT      56.2%   0.00    4.50   BEARISH     MIXED
LUMIAUSDT      CONTINUATION  SHORT      56.2%   0.00    4.50   BEARISH     MIXED
ONDOUSDT       REVERSAL      LONG       87.5%   7.00    0.00   BULLISH   BULLISH
AAVEUSDT       CONTINUATION  LONG       87.5%   7.00    0.00   BULLISH   BULLISH
RENDERUSDT     CONTINUATION  LONG       52.5%   4.50    1.00     MIXED   BULLISH
INJUSDT        CONTINUATION  UNKNOWN     0.0%   0.00    1.50     MIXED     MIXED
MAGMAUSDT      CONTINUATION  LONG       65.0%   5.50    1.00   BULLISH   BULLISH
BTWUSDT        REVERSAL      LONG       75.6%   6.50    1.50   BULLISH   BULLISH
HYPEUSDT       CONTINUATION  SHORT      62.5%   0.00    5.00   BEARISH     MIXED
USELESSUSDT    CONTINUATION  UNKNOWN     0.0%   1.00    3.50   BEARISH     MIXED
MONUSDT        CONTINUATION  SHORT      50.6%   1.50    4.50   BEARISH     MIXED
LDOUSDT        CONTINUATION  UNKNOWN     0.0%   3.50    1.00     MIXED   BULLISH
TRUMPUSDT      REVERSAL      UNKNOWN     0.0%   1.50    2.00     MIXED     MIXED

======================================================================================================================
V7.6 SHADOW SUMMARY
======================================================================================================================
Evaluated: 68
LONG: 24
SHORT: 14
UNKNOWN: 30
Failures: 0
Supabase shadow rows saved: 68
Direction state rows saved: 68
Immutable transition rows saved: 68
Transition run ID: cloud5d-20260821T030605Z
Direction emerging: 20
Direction confirmed: 17
Lost confirmation: 12

IMPORTANT: V7.6 IS SHADOW ONLY.
No trade permission was generated.

V7.6 DIRECTION SHADOW: PASS
