
======================================================================================================================
ALPHA HUNTER V7.6 POST-CONFIRMATION OUTCOME TRACKER — SHADOW
======================================================================================================================
Confirmed outcome rows: 184
Created this run: 2

CAPUSDT        SHORT  quality=FORWARD_COMPLETE now=   8.17% MFE=   8.88% MAE=  -1.44% lost=Y done=-
LAUSDT         LONG   quality=FORWARD_COMPLETE now=   0.16% MFE=   4.61% MAE=  -2.30% lost=Y done=-
LAUSDT         LONG   quality=FORWARD_COMPLETE now=   0.16% MFE=   4.61% MAE=  -2.30% lost=Y done=-
ACEUSDT        SHORT  quality=FORWARD_COMPLETE now= -23.88% MFE=   5.59% MAE= -52.45% lost=Y done=-
VVVUSDT        SHORT  quality=FORWARD_COMPLETE now=  -3.94% MFE=   0.60% MAE=  -6.49% lost=Y done=-
CAPUSDT        SHORT  quality=FORWARD_COMPLETE now=   8.17% MFE=   8.88% MAE=  -1.44% lost=- done=-
WLDUSDT        SHORT  quality=FORWARD_COMPLETE now=  -4.43% MFE=   0.36% MAE=  -6.14% lost=Y done=-
LAUSDT         LONG   quality=FORWARD_COMPLETE now=   0.16% MFE=   4.61% MAE=  -2.30% lost=- done=-
LAUSDT         LONG   quality=FORWARD_COMPLETE now=   0.16% MFE=   4.61% MAE=  -2.30% lost=- done=-
TREEUSDT       SHORT  quality=FORWARD_COMPLETE now=  -1.80% MFE=   0.42% MAE=  -4.58% lost=Y done=-
MUBARAKUSDT    SHORT  quality=FORWARD_COMPLETE now=  -0.52% MFE=   3.73% MAE=  -3.57% lost=Y done=-
PUMPUSDT       LONG   quality=FORWARD_COMPLETE now=  14.47% MFE=  16.54% MAE=  -0.83% lost=- done=-
TRXUSDT        LONG   quality=FORWARD_COMPLETE now=   0.20% MFE=   0.92% MAE=  -0.21% lost=Y done=-
AEONUSDT       SHORT  quality=FORWARD_COMPLETE now=  -1.37% MFE=   4.63% MAE=  -4.85% lost=Y done=-
ONGUSDT        SHORT  quality=FORWARD_COMPLETE now=-146.95% MFE=   0.18% MAE=-161.97% lost=Y done=-
AEONUSDT       SHORT  quality=FORWARD_COMPLETE now=  -1.37% MFE=   4.63% MAE=  -4.85% lost=Y done=-
ZROUSDT        LONG   quality=FORWARD_COMPLETE now=  -1.56% MFE=   0.05% MAE=  -2.89% lost=Y done=-
ONGUSDT        SHORT  quality=FORWARD_COMPLETE now=-147.09% MFE=   0.18% MAE=-161.97% lost=Y done=-
1000RATSUSDT   LONG   quality=FORWARD_COMPLETE now=  -7.52% MFE=   0.79% MAE=  -9.60% lost=Y done=-
VVVUSDT        LONG   quality=FORWARD_COMPLETE now=   0.04% MFE=   1.96% MAE=  -1.85% lost=Y done=-
LAUSDT         LONG   quality=FORWARD_COMPLETE now=  -0.87% MFE=   3.50% MAE=  -3.34% lost=Y done=-
OPUSDT         LONG   quality=FORWARD_COMPLETE now=  -1.33% MFE=   1.13% MAE=  -1.43% lost=Y done=-
LAUSDT         LONG   quality=FORWARD_COMPLETE now=   0.19% MFE=   4.61% MAE=  -2.30% lost=- done=-
XMRUSDT        LONG   quality=FORWARD_COMPLETE now=  -2.02% MFE=   0.47% MAE=  -3.77% lost=Y done=-
VVVUSDT        LONG   quality=FORWARD_COMPLETE now=   0.04% MFE=   1.96% MAE=  -1.85% lost=- done=-
LAUSDT         LONG   quality=FORWARD_COMPLETE now=   0.19% MFE=   4.61% MAE=  -2.30% lost=Y done=-
VVVUSDT        LONG   quality=FORWARD_COMPLETE now=   0.04% MFE=   1.96% MAE=  -1.85% lost=- done=-
WLFIUSDT       LONG   quality=FORWARD_COMPLETE now=  -0.80% MFE=   1.33% MAE=  -3.14% lost=- done=-
XMRUSDT        LONG   quality=FORWARD_COMPLETE now=  -2.02% MFE=   0.47% MAE=  -3.77% lost=Y done=-
1000RATSUSDT   SHORT  quality=FORWARD_COMPLETE now=   2.31% MFE=   4.51% MAE=  -2.06% lost=Y done=-
ACUUSDT        SHORT  quality=FORWARD_COMPLETE now=  -5.16% MFE=   1.81% MAE=  -6.54% lost=Y done=-
NEARUSDT       LONG   quality=FORWARD_COMPLETE now=   0.99% MFE=   2.13% MAE=  -2.78% lost=Y done=-
POLUSDT        LONG   quality=FORWARD_COMPLETE now=  -1.55% MFE=   0.00% MAE=  -4.41% lost=Y done=-
ONDOUSDT       LONG   quality=FORWARD_COMPLETE now=   1.48% MFE=   3.07% MAE=  -3.40% lost=Y done=-
WLDUSDT        LONG   quality=FORWARD_COMPLETE now=   0.13% MFE=   1.75% MAE=  -0.81% lost=Y done=-
NEARUSDT       LONG   quality=FORWARD_COMPLETE now=   0.10% MFE=   1.27% MAE=  -1.15% lost=- done=-
TREEUSDT       LONG   quality=FORWARD_COMPLETE now=  -1.87% MFE=   0.24% MAE=  -2.25% lost=Y done=-
LINKUSDT       LONG   quality=FORWARD_COMPLETE now=   1.37% MFE=   2.34% MAE=  -0.05% lost=- done=-
WLDUSDT        LONG   quality=FORWARD_COMPLETE now=  -0.11% MFE=   1.21% MAE=  -1.05% lost=Y done=-
UNIUSDT        LONG   quality=FORWARD_COMPLETE now=  -0.55% MFE=   0.79% MAE=  -0.79% lost=Y done=-
ONDOUSDT       LONG   quality=FORWARD_COMPLETE now=   1.20% MFE=   2.78% MAE=  -0.33% lost=- done=-
AAVEUSDT       LONG   quality=FORWARD_COMPLETE now=   1.53% MFE=   2.23% MAE=  -0.21% lost=- done=-
UNIUSDT        LONG   quality=FORWARD_COMPLETE now=  -0.55% MFE=   0.79% MAE=  -0.79% lost=Y done=-
LDOUSDT        LONG   quality=FORWARD_COMPLETE now=  -0.65% MFE=   0.85% MAE=  -0.76% lost=Y done=-
NEARUSDT       LONG   quality=FORWARD_COMPLETE now=   0.36% MFE=   1.54% MAE=  -0.89% lost=- done=-
TREEUSDT       LONG   quality=FORWARD_COMPLETE now=  -1.87% MFE=   0.24% MAE=  -2.25% lost=Y done=-
LITUSDT        SHORT  quality=FORWARD_COMPLETE now=  -0.19% MFE=   0.08% MAE=  -0.34% lost=- done=-
LITUSDT        SHORT  quality=FORWARD_COMPLETE now=  -0.08% MFE=   0.19% MAE=  -0.23% lost=- done=-

======================================================================================================================
POST-CONFIRMATION TRACKER SUMMARY
======================================================================================================================
Outcome rows: 184
Created this run: 2
Tracked this run: 48
Failed: 0
Supabase rows upserted: 184
Forward complete: 184
Completed 24H: 136

IMPORTANT: OUTCOME TRACKER IS MEASUREMENT ONLY.
No trade permission was generated.

V7.6 POST-CONFIRMATION OUTCOME TRACKER: PASS
