V7.5 state restored from Supabase: 180

ALPHA HUNTER V7.5 OPPORTUNITY LIFECYCLE
Run ID: 5d3f1a6dd883b23ceb26f29f65dcf8d8
Timestamp: 2026-08-20T05:35:01.254526+00:00
Lifecycle candidates: 2

NEW    ONGUSDT        CONTINUATION  state=PRE_MOVE_DETECTED    det=1   v74= 9.96 rank=2 shadow= 0.00 provisional=ACTIVE final=PENDING
NEW    TRXUSDT        REVERSAL      state=PRE_MOVE_DETECTED    det=1   v74=10.20 rank=1 shadow= 5.77 provisional=ACTIVE final=PENDING

Supabase lifecycle rows upserted: 182
Supabase lifecycle row count: 182

====================================================================================================
V7.5 LIFECYCLE SUMMARY
====================================================================================================
Episodes stored: 182
Created this run: 2
Updated this run: 0
Active episodes: 182

STATE COUNTS
DIRECTION_EMERGING       13
EXPANSION                1
FINALIZED                128
PRE_MOVE_DETECTED        40

State file: /home/runner/work/Alpha-Hunter/Alpha-Hunter/data/v75-lifecycle-episodes.json
History file: /home/runner/work/Alpha-Hunter/Alpha-Hunter/data/v75-lifecycle-history.jsonl

V7.5 LIFECYCLE JOB: PASS
