
==============================================================================================================
ALPHA HUNTER V7.5 INDEPENDENT EPISODE MARKET TRACKER
==============================================================================================================
Episodes stored: 182
Active episodes: 54

CYSUSDT        CONTINUATION  now=  -41.86% UP=   78.38% DOWN=  -50.85% 3=Y 5=Y 10=Y checks=56
BTWUSDT        CONTINUATION  now=   93.03% UP=  268.12% DOWN=    0.00% 3=Y 5=Y 10=Y checks=56
COOKIEUSDT     CONTINUATION  now=  -11.66% UP=    0.00% DOWN=  -19.43% 3=Y 5=Y 10=Y checks=56
SUIUSDT        CONTINUATION  now=   -0.33% UP=    3.26% DOWN=   -7.92% 3=Y 5=Y 10=- checks=56
SOLUSDT        CONTINUATION  now=   10.04% UP=   13.03% DOWN=   -4.13% 3=Y 5=Y 10=Y checks=56
SKYAIUSDT      REVERSAL      now=  -32.29% UP=    0.00% DOWN=  -53.06% 3=Y 5=Y 10=Y checks=56
DOGEUSDT       CONTINUATION  now=    5.55% UP=    8.04% DOWN=   -2.32% 3=Y 5=Y 10=- checks=56
ADAUSDT        REVERSAL      now=   -6.93% UP=    0.00% DOWN=  -12.70% 3=Y 5=Y 10=Y checks=56
GWEIUSDT       REVERSAL      now=    0.64% UP=   17.67% DOWN=   -7.43% 3=Y 5=Y 10=Y checks=56
BICOUSDT       REVERSAL      now=  -63.59% UP=    0.00% DOWN=  -66.13% 3=Y 5=Y 10=Y checks=56
IOTXUSDT       REVERSAL      now=   -6.59% UP=    0.00% DOWN=  -11.34% 3=Y 5=Y 10=Y checks=56
MMTUSDT        REVERSAL      now=  -10.12% UP=    0.00% DOWN=  -20.84% 3=Y 5=Y 10=Y checks=56
SUIUSDT        CONTINUATION  now=    0.86% UP=    4.50% DOWN=   -6.82% 3=Y 5=Y 10=- checks=56
MUBARAKUSDT    REVERSAL      now=   -1.75% UP=   25.90% DOWN=  -24.10% 3=Y 5=Y 10=Y checks=56
4USDT          REVERSAL      now=  -15.52% UP=    0.00% DOWN=  -22.21% 3=Y 5=Y 10=Y checks=56
JTOUSDT        REVERSAL      now=    2.61% UP=    8.18% DOWN=   -2.16% 3=Y 5=Y 10=- checks=56
FORMUSDT       REVERSAL      now=   -2.49% UP=    0.00% DOWN=   -7.88% 3=Y 5=Y 10=- checks=56
PUMPUSDT       REVERSAL      now=   12.74% UP=   16.87% DOWN=   -5.65% 3=Y 5=Y 10=Y checks=56
ACUUSDT        REVERSAL      now=   20.81% UP=   29.06% DOWN=   -4.40% 3=Y 5=Y 10=Y checks=56
HYPEUSDT       REVERSAL      now=   26.26% UP=   29.15% DOWN=   -0.62% 3=Y 5=Y 10=Y checks=56
AEONUSDT       CONTINUATION  now=   14.47% UP=   28.99% DOWN=   -6.91% 3=Y 5=Y 10=Y checks=56
BTWUSDT        CONTINUATION  now=   29.50% UP=  146.86% DOWN=  -10.16% 3=Y 5=Y 10=Y checks=56
ZECUSDT        REVERSAL      now=    9.53% UP=   15.05% DOWN=   -0.72% 3=Y 5=Y 10=Y checks=13
HYPEUSDT       REVERSAL      now=   21.00% UP=   23.77% DOWN=   -1.10% 3=Y 5=Y 10=Y checks=13
OUSDT          CONTINUATION  now=   -2.65% UP=    1.24% DOWN=   -6.18% 3=Y 5=Y 10=- checks=13
LINKUSDT       CONTINUATION  now=    9.89% UP=   14.63% DOWN=    0.00% 3=Y 5=Y 10=Y checks=13
HYPEUSDT       REVERSAL      now=   21.16% UP=   23.94% DOWN=   -0.97% 3=Y 5=Y 10=Y checks=12
ZECUSDT        REVERSAL      now=    9.83% UP=   15.34% DOWN=   -0.46% 3=Y 5=Y 10=Y checks=12
PIEVERSEUSDT   REVERSAL      now=    7.34% UP=    9.79% DOWN=   -1.00% 3=Y 5=Y 10=- checks=12
BTCUSDT        REVERSAL      now=    8.20% UP=    8.90% DOWN=   -0.27% 3=Y 5=Y 10=- checks=12
REDUSDT        REVERSAL      now=   24.04% UP=   29.48% DOWN=   -1.93% 3=Y 5=Y 10=Y checks=10
ACEUSDT        REVERSAL      now=  -14.79% UP=    6.05% DOWN=  -18.87% 3=Y 5=Y 10=Y checks=10
AEONUSDT       REVERSAL      now=   -1.11% UP=    2.22% DOWN=  -10.30% 3=Y 5=Y 10=Y checks=10
ACEUSDT        CONTINUATION  now=  -15.06% UP=    5.72% DOWN=  -19.12% 3=Y 5=Y 10=Y checks=9
SOLUSDT        CONTINUATION  now=    9.60% UP=   12.58% DOWN=   -0.19% 3=Y 5=Y 10=Y checks=8
REDUSDT        REVERSAL      now=   24.18% UP=   29.63% DOWN=   -1.25% 3=Y 5=Y 10=Y checks=8
AEONUSDT       REVERSAL      now=    1.99% UP=    5.43% DOWN=   -7.49% 3=Y 5=Y 10=- checks=8
BTCUSDT        CONTINUATION  now=    7.94% UP=    8.63% DOWN=   -0.08% 3=Y 5=Y 10=- checks=8
ETHUSDT        CONTINUATION  now=   17.25% UP=   21.67% DOWN=   -0.01% 3=Y 5=Y 10=Y checks=8
1000RATSUSDT   REVERSAL      now=    3.63% UP=    4.92% DOWN=   -4.96% 3=Y 5=- 10=- checks=8
ACEUSDT        REVERSAL      now=   -8.56% UP=    0.72% DOWN=  -12.94% 3=Y 5=Y 10=Y checks=7
ZECUSDT        CONTINUATION  now=    7.76% UP=   13.17% DOWN=   -0.73% 3=Y 5=Y 10=Y checks=7
ACUUSDT        CONTINUATION  now=    5.64% UP=   12.85% DOWN=    0.00% 3=Y 5=Y 10=Y checks=5
VVVUSDT        REVERSAL      now=    1.11% UP=    6.66% DOWN=    0.00% 3=Y 5=Y 10=- checks=4
LAUSDT         CONTINUATION  now=   -3.60% UP=    0.00% DOWN=   -5.57% 3=Y 5=Y 10=- checks=4
LAUSDT         CONTINUATION  now=   -0.30% UP=    1.97% DOWN=   -1.97% 3=- 5=- 10=- checks=3
CAPUSDT        REVERSAL      now=    0.26% UP=    2.43% DOWN=   -1.90% 3=- 5=- 10=- checks=3
ACEUSDT        REVERSAL      now=   -1.20% UP=    1.92% DOWN=   -5.93% 3=Y 5=Y 10=- checks=3
OPNUSDT        REVERSAL      now=   -0.05% UP=    1.95% DOWN=   -0.31% 3=- 5=- 10=- checks=2
POLUSDT        CONTINUATION  now=   -0.22% UP=    0.04% DOWN=   -0.88% 3=- 5=- 10=- checks=2
LAUSDT         REVERSAL      now=   -0.28% UP=    1.98% DOWN=   -1.95% 3=- 5=- 10=- checks=2
PUMPUSDT       CONTINUATION  now=    3.80% UP=    7.60% DOWN=   -0.32% 3=Y 5=Y 10=- checks=2
ONGUSDT        CONTINUATION  now=   -0.06% UP=    0.00% DOWN=   -0.06% 3=- 5=- 10=- checks=1
TRXUSDT        REVERSAL      now=    0.00% UP=    0.00% DOWN=    0.00% 3=- 5=- 10=- checks=1

==============================================================================================================
TRACKER SUMMARY
==============================================================================================================
Checked: 54
Failed: 0
Supabase rows upserted: 182
3% episodes: 148
5% episodes: 140
10% episodes: 99

V7.5 EPISODE MARKET TRACKER: PASS
