
======================================================================================================================
ALPHA HUNTER V7.9 FULL-UNIVERSE HOURLY LEDGER — SHADOW
======================================================================================================================
Observed: 2026-08-20T05:35:04.134077+00:00
Hour bucket: 2026-08-20T05:00:00+00:00
Contract tickers: 756
Rows attempted: 756
Deep-scan selected: 30
Selection snapshot: 2026-08-20T05:35:01.254526+00:00
Selection run ID: 5d3f1a6dd883b23ceb26f29f65dcf8d8
Prefilter eligible: 360
Eligible not selected: 330
Non-crypto: 291
Low liquidity: 98
Over-extended: 7
Invalid price skipped: 0
Rows purged >7d: 0

TOP ABSOLUTE 24H MOVERS
SYMBOL                  24H    ELIG    SCAN  STATUS
------------------------------------------------------------------------
MSTUUSDT            +35.05%       N       N  NON_CRYPTO
PRLUSDT             -33.90%       N       N  OVER_EXTENDED
SKYAIUSDT           +33.84%       N       N  OVER_EXTENDED
MAGMAUSDT           +33.59%       N       N  OVER_EXTENDED
REUSDT              +33.02%       N       N  OVER_EXTENDED
BEATUSDT            -30.95%       N       N  OVER_EXTENDED
MVLLUSDT            +27.45%       N       N  NON_CRYPTO
BTWUSDT             -26.69%       N       N  OVER_EXTENDED
REDUSDT             +25.66%       N       N  OVER_EXTENDED
CONLUSDT            +25.16%       N       N  NON_CRYPTO
LITUSDT             +24.76%       Y       N  ELIGIBLE_NOT_SELECTED
CSOPSK2LHKDUSDT     +24.00%       N       N  NON_CRYPTO
METUSDT             +22.09%       Y       N  ELIGIBLE_NOT_SELECTED
BOMEUSDT            +21.70%       Y       N  ELIGIBLE_NOT_SELECTED
HYPEUSDT            +21.23%       Y       N  ELIGIBLE_NOT_SELECTED

IMPORTANT: V7.9 IS MEASUREMENT/AUDIT ONLY.
Same-hour reruns do not overwrite the first stored universe snapshot.
Raw universe evidence is retained for 7 days.
No trade permission was generated.

V7.9 FULL-UNIVERSE LEDGER: PASS
