
ALPHA HUNTER V7.1 — 2026-08-18T18:43:12.571919+00:00

Universe: 26 deep-scanned of 759 contracts
Eligible after prefilter: 320
Non-crypto rejected: 290

SYMBOL                  PHASE    TIME   BEHAV                     STATE      RR   DISC  TRADE
---------------------------------------------------------------------------------------------
GPSUSDT             EXPANSION    LATE    8.12   DIRECTION_EMERGING_LONG    0.11     NO     NO
BTWUSDT              IGNITION    LATE    7.56   DIRECTION_EMERGING_LONG    0.14    YES     NO
VELVETUSDT          EXPANSION    LATE    5.98                WATCH_LONG       —     NO     NO
LAUSDT           ACCUMULATION    FAIR    5.09                   NEUTRAL       —    YES     NO
HUSDT            ACCUMULATION    FAIR    5.00               WATCH_SHORT       —    YES     NO
VVVUSDT          ACCUMULATION    FAIR    4.86                WATCH_LONG       —     NO     NO
PUMPUSDT          COMPRESSION   EARLY    4.81   DIRECTION_EMERGING_LONG    1.57     NO     NO
XPINUSDT         ACCUMULATION    FAIR    4.74               WATCH_SHORT       —     NO     NO
SKYAIUSDT           BREAKDOWN    FAIR    4.43  DIRECTION_EMERGING_SHORT    0.00     NO     NO
TUTUSDT          ACCUMULATION    LATE    4.43                   NEUTRAL       —     NO     NO
OPNUSDT          ACCUMULATION    FAIR    4.21                   NEUTRAL       —     NO     NO
BTCUSDT           COMPRESSION   EARLY    4.13   DIRECTION_EMERGING_LONG    0.21     NO     NO
ZECUSDT           COMPRESSION   EARLY    3.83                   NEUTRAL       —     NO     NO
JCTUSDT             BREAKDOWN    FAIR    3.75  DIRECTION_EMERGING_SHORT    0.05     NO     NO
ETHUSDT          ACCUMULATION   EARLY    3.09   DIRECTION_EMERGING_LONG    0.24     NO     NO
ADAUSDT          ACCUMULATION   EARLY    3.05                   NEUTRAL       —     NO     NO
LINKUSDT         ACCUMULATION   EARLY    2.88   DIRECTION_EMERGING_LONG    0.50     NO     NO
SOLUSDT          ACCUMULATION   EARLY    2.85   DIRECTION_EMERGING_LONG    0.08     NO     NO
IRYSUSDT            BREAKDOWN    FAIR    2.66  DIRECTION_EMERGING_SHORT    0.04     NO     NO
SUIUSDT          ACCUMULATION   EARLY    2.64                   NEUTRAL       —     NO     NO
GALAUSDT            BREAKDOWN    FAIR    2.62               WATCH_SHORT       —     NO     NO
DOGEUSDT         ACCUMULATION   EARLY    2.51   DIRECTION_EMERGING_LONG    0.14     NO     NO
HYPEUSDT         ACCUMULATION   EARLY    2.42               WATCH_SHORT       —     NO     NO
NEARUSDT         ACCUMULATION   EARLY    2.22               WATCH_SHORT       —     NO     NO
FIGHTUSDT        ACCUMULATION    FAIR    2.11               WATCH_SHORT       —     NO     NO
XRPUSDT              RECOVERY   EARLY    1.93                WATCH_LONG       —     NO     NO

V7.4 PRE-MOVE SURVEILLANCE
Eligible: 4 | Primary: 4 | Reserve: 0

PRIMARY
 1 GPSUSDT        CONTINUATION   11.95 state=DIRECTION_EMERGING_LONG
 2 ZECUSDT        REVERSAL       11.08 state=NEUTRAL
 3 BTWUSDT        CONTINUATION   10.81 state=DIRECTION_EMERGING_LONG
 4 BTCUSDT        CONTINUATION    8.73 state=DIRECTION_EMERGING_LONG

Run ID: 4c4ef0a511bebfd45305c4cb95d5fa5f
Snapshot saved: /home/runner/work/Alpha-Hunter/Alpha-Hunter/data/snapshots/snapshot-20260818T184312Z.json
State history: /home/runner/work/Alpha-Hunter/Alpha-Hunter/data/state-history.jsonl
Supabase: SAVED
Qualified discovery candidates: 3
EARLY candidates: 0
V7 Trade Ready: 0
Bitget private API: NOT_CONFIGURED
