V7.4 HOURLY PERFORMANCE TRACKER
Run ID: 4c4ef0a511bebfd45305c4cb95d5fa5f

V7.4.1 SHADOW REVERSAL
 SH SYMBOL           V74     OLD   SHADOW
--------------------------------------------------
  1 ZECUSDT            2   11.08     7.36
PERFORMANCE SIGNALS SAVED: 26
FEATURE ROWS SAVED: 26
V7.4 OUTCOMES 1H: saved=27 failed=0
V7.4 OUTCOMES 4H: saved=33 failed=0
V7.4 OUTCOMES 12H: saved=40 failed=0
V7.4 OUTCOMES 24H: saved=16 failed=0
OUTCOME EVALUATION COMPLETE: saved=116 failed=0

==========================================================================================
V7.4 CURRENT SURVEILLANCE COHORT
==========================================================================================
RANK SYMBOL         TIER      PATH            SCORE STATE
------------------------------------------------------------------------------------------
   1 GPSUSDT        PRIMARY   CONTINUATION    11.95 DIRECTION_EMERGING_LONG
   2 ZECUSDT        PRIMARY   REVERSAL        11.08 NEUTRAL
   3 BTWUSDT        PRIMARY   CONTINUATION    10.81 DIRECTION_EMERGING_LONG
   4 BTCUSDT        PRIMARY   CONTINUATION     8.73 DIRECTION_EMERGING_LONG

================================================================================================================================
V7.4 FORWARD PERFORMANCE — RAW PRICE EXPANSION
================================================================================================================================

PRIMARY / RESERVE + PATH
  H TIER      PATH              N    POS%   AVG RAW   AVG ABS    EXP3%    EXP5%   EXP10%    UP5%    DN5%
--------------------------------------------------------------------------------------------------------------------------------
  1 PRIMARY   CONTINUATION     79   50.6%    0.612%    1.626%    19.0%     8.9%     0.0%    8.9%    0.0%
  1 PRIMARY   REVERSAL         94   60.6%    0.164%    0.911%     5.3%     0.0%     0.0%    0.0%    0.0%
  1 RESERVE   CONTINUATION     31   61.3%    0.953%    1.446%     3.2%     3.2%     3.2%    3.2%    0.0%
  1 RESERVE   REVERSAL         19   63.2%   -0.044%    0.461%     0.0%     0.0%     0.0%    0.0%    0.0%
  4 PRIMARY   CONTINUATION     68   45.6%    0.979%    1.810%    22.1%     7.4%     1.5%    7.4%    0.0%
  4 PRIMARY   REVERSAL         87   67.8%    0.085%    1.297%    11.5%     5.7%     0.0%    1.1%    4.6%
  4 RESERVE   CONTINUATION     30   66.7%    1.382%    2.008%    13.3%    10.0%     3.3%   10.0%    0.0%
  4 RESERVE   REVERSAL         18   83.3%    0.289%    0.878%     5.6%     0.0%     0.0%    0.0%    0.0%
 12 PRIMARY   CONTINUATION     39   56.4%    1.290%    1.881%    17.9%    15.4%     0.0%   15.4%    0.0%
 12 PRIMARY   REVERSAL         47   68.1%    0.736%    3.326%    42.6%    19.1%     2.1%    6.4%   12.8%
 12 RESERVE   CONTINUATION     10   30.0%    0.734%    1.738%    10.0%    10.0%     0.0%   10.0%    0.0%
 12 RESERVE   REVERSAL          7  100.0%    5.299%    5.299%    28.6%    28.6%    28.6%   28.6%    0.0%

RANK QUALITY
  H RANK BUCKET         N    POS%   AVG RAW   AVG ABS    EXP3%    EXP5%   EXP10%    UP5%    DN5%
----------------------------------------------------------------------------------------------------------------
  1 TOP_1_3           111   56.8%    0.498%    1.491%    16.2%     4.5%     0.0%    4.5%    0.0%
  1 TOP_4_5            62   54.8%    0.137%    0.784%     3.2%     3.2%     0.0%    3.2%    0.0%
  1 RESERVE_6_10       50   62.0%    0.574%    1.072%     2.0%     2.0%     2.0%    2.0%    0.0%
  4 TOP_1_3            99   56.6%    0.468%    1.840%    22.2%     8.1%     1.0%    4.0%    4.0%
  4 TOP_4_5            56   60.7%    0.495%    0.960%     5.4%     3.6%     0.0%    3.6%    0.0%
  4 RESERVE_6_10       48   72.9%    0.972%    1.584%    10.4%     6.2%     2.1%    6.2%    0.0%
 12 TOP_1_3            57   56.1%    1.231%    3.148%    38.6%    24.6%     1.8%   14.0%   10.5%
 12 TOP_4_5            29   75.9%    0.508%    1.733%    17.2%     3.4%     0.0%    3.4%    0.0%
 12 RESERVE_6_10       17   58.8%    2.614%    3.204%    17.6%    17.6%    11.8%   17.6%    0.0%

Metric definitions:
AVG RAW = average raw market return from detection price.
AVG ABS = average absolute price movement regardless of direction.
EXP3/5/10 = percentage of candidates moving at least 3% / 5% / 10% in either direction.
UP5 = raw upside move >= +5%; DN5 = raw downside move <= -5%.
No V7.4 trade-direction assumption is used in these metrics.

V7.4 TRACKING JOB: PASS
