
==============================================================================================================
ALPHA HUNTER V7.5 INDEPENDENT EPISODE MARKET TRACKER
==============================================================================================================
Episodes stored: 140
Active episodes: 61

ADAUSDT        REVERSAL      now=  -11.94% UP=    0.00% DOWN=  -13.51% 3=Y 5=Y 10=Y checks=67
DOGEUSDT       CONTINUATION  now=   -0.34% UP=    0.00% DOWN=   -2.32% 3=- 5=- 10=- checks=67
SKYAIUSDT      REVERSAL      now=  -41.86% UP=    0.00% DOWN=  -42.50% 3=Y 5=Y 10=Y checks=67
SOLUSDT        CONTINUATION  now=   -0.11% UP=    0.10% DOWN=   -4.13% 3=Y 5=- 10=- checks=67
SUIUSDT        CONTINUATION  now=   -6.37% UP=    0.00% DOWN=   -9.59% 3=Y 5=Y 10=- checks=67
COOKIEUSDT     CONTINUATION  now=  -16.08% UP=    0.00% DOWN=  -18.88% 3=Y 5=Y 10=Y checks=67
BTWUSDT        CONTINUATION  now=   99.28% UP=  113.81% DOWN=    0.00% 3=Y 5=Y 10=Y checks=67
CYSUSDT        CONTINUATION  now=  -49.25% UP=   78.38% DOWN=  -57.84% 3=Y 5=Y 10=Y checks=67
GWEIUSDT       REVERSAL      now=   -0.23% UP=   17.67% DOWN=   -1.19% 3=Y 5=Y 10=Y checks=67
BICOUSDT       REVERSAL      now=  -59.34% UP=    0.00% DOWN=  -59.94% 3=Y 5=Y 10=Y checks=67
SUIUSDT        CONTINUATION  now=   -5.25% UP=    0.00% DOWN=   -8.51% 3=Y 5=Y 10=- checks=67
MMTUSDT        REVERSAL      now=  -17.74% UP=    0.00% DOWN=  -21.43% 3=Y 5=Y 10=Y checks=67
IOTXUSDT       REVERSAL      now=  -10.25% UP=    0.00% DOWN=  -11.73% 3=Y 5=Y 10=Y checks=67
FORMUSDT       REVERSAL      now=   -6.31% UP=    0.00% DOWN=   -7.88% 3=Y 5=Y 10=- checks=67
JTOUSDT        REVERSAL      now=   -0.27% UP=   11.45% DOWN=   -0.79% 3=Y 5=Y 10=Y checks=67
4USDT          REVERSAL      now=  -16.87% UP=    0.00% DOWN=  -22.21% 3=Y 5=Y 10=Y checks=67
MUBARAKUSDT    REVERSAL      now=  -14.88% UP=    0.00% DOWN=  -24.10% 3=Y 5=Y 10=Y checks=67
PUMPUSDT       REVERSAL      now=   -0.07% UP=    5.86% DOWN=   -6.03% 3=Y 5=Y 10=- checks=67
HYPEUSDT       REVERSAL      now=    4.25% UP=    7.50% DOWN=   -0.62% 3=Y 5=Y 10=- checks=67
ACUUSDT        REVERSAL      now=    8.05% UP=   16.62% DOWN=  -12.33% 3=Y 5=Y 10=Y checks=67
BTWUSDT        CONTINUATION  now=   33.84% UP=   43.38% DOWN=  -10.16% 3=Y 5=Y 10=Y checks=67
AEONUSDT       CONTINUATION  now=   26.32% UP=   32.48% DOWN=   -6.91% 3=Y 5=Y 10=Y checks=67
PRLUSDT        REVERSAL      now=   21.36% UP=   25.93% DOWN=   -0.05% 3=Y 5=Y 10=Y checks=16
LINKUSDT       REVERSAL      now=   -0.25% UP=    0.25% DOWN=   -1.96% 3=- 5=- 10=- checks=15
CHIPUSDT       REVERSAL      now=   -4.99% UP=    3.66% DOWN=   -7.42% 3=Y 5=Y 10=- checks=15
HUSDT          REVERSAL      now=  -10.58% UP=    6.35% DOWN=  -11.67% 3=Y 5=Y 10=Y checks=15
HYPEUSDT       REVERSAL      now=   -0.29% UP=    2.82% DOWN=   -0.94% 3=- 5=- 10=- checks=13
LINKUSDT       CONTINUATION  now=   -0.13% UP=    0.36% DOWN=   -1.85% 3=- 5=- 10=- checks=13
HYPEUSDT       CONTINUATION  now=   -0.70% UP=    2.40% DOWN=   -1.35% 3=- 5=- 10=- checks=12
CHIPUSDT       REVERSAL      now=   -2.17% UP=    6.73% DOWN=   -4.67% 3=Y 5=Y 10=- checks=12
ETHUSDT        CONTINUATION  now=    0.61% UP=    1.00% DOWN=   -0.96% 3=- 5=- 10=- checks=12
BTWUSDT        CONTINUATION  now=   13.73% UP=   14.65% DOWN=   -3.49% 3=Y 5=Y 10=Y checks=12
ZECUSDT        CONTINUATION  now=   -0.75% UP=    0.76% DOWN=   -1.92% 3=- 5=- 10=- checks=10
HYPEUSDT       CONTINUATION  now=   -0.93% UP=    2.16% DOWN=   -1.57% 3=- 5=- 10=- checks=10
PUMPUSDT       REVERSAL      now=    2.65% UP=    4.35% DOWN=   -0.22% 3=Y 5=- 10=- checks=10
LINKUSDT       REVERSAL      now=    1.39% UP=    1.88% DOWN=   -0.03% 3=- 5=- 10=- checks=10
BTWUSDT        REVERSAL      now=   15.65% UP=   16.61% DOWN=   -1.05% 3=Y 5=Y 10=Y checks=10
GPSUSDT        CONTINUATION  now=    7.43% UP=   11.21% DOWN=   -4.20% 3=Y 5=Y 10=Y checks=9
CHIPUSDT       REVERSAL      now=   -5.06% UP=    3.58% DOWN=   -7.48% 3=Y 5=Y 10=- checks=9
DIAUSDT        REVERSAL      now=    2.09% UP=    6.10% DOWN=   -2.57% 3=Y 5=Y 10=- checks=8
ETHUSDT        REVERSAL      now=    1.02% UP=    1.40% DOWN=   -0.21% 3=- 5=- 10=- checks=8
AEONUSDT       CONTINUATION  now=   -1.69% UP=    2.91% DOWN=   -7.90% 3=Y 5=Y 10=- checks=8
BTWUSDT        CONTINUATION  now=   15.83% UP=   16.76% DOWN=   -0.30% 3=Y 5=Y 10=Y checks=7
DIAUSDT        REVERSAL      now=    3.00% UP=    7.04% DOWN=   -0.49% 3=Y 5=Y 10=- checks=6
SOLUSDT        CONTINUATION  now=    1.39% UP=    1.62% DOWN=   -0.38% 3=- 5=- 10=- checks=6
AEONUSDT       CONTINUATION  now=   -1.48% UP=    2.13% DOWN=   -7.69% 3=Y 5=Y 10=- checks=4
ZECUSDT        REVERSAL      now=   -0.00% UP=    1.52% DOWN=   -1.19% 3=- 5=- 10=- checks=4
PUMPUSDT       REVERSAL      now=    0.89% UP=    2.57% DOWN=   -1.46% 3=- 5=- 10=- checks=4
DIAUSDT        REVERSAL      now=   -1.47% UP=    2.40% DOWN=   -2.71% 3=- 5=- 10=- checks=4
BTCUSDT        CONTINUATION  now=    0.60% UP=    1.07% DOWN=   -0.52% 3=- 5=- 10=- checks=4
CHIPUSDT       REVERSAL      now=    0.30% UP=    2.86% DOWN=   -2.26% 3=- 5=- 10=- checks=3
ZECUSDT        REVERSAL      now=   -0.14% UP=    1.38% DOWN=   -1.11% 3=- 5=- 10=- checks=3
GPSUSDT        CONTINUATION  now=    4.54% UP=    8.42% DOWN=   -1.12% 3=Y 5=Y 10=- checks=3
BTWUSDT        CONTINUATION  now=    5.77% UP=    6.47% DOWN=   -2.97% 3=Y 5=Y 10=- checks=3
PUMPUSDT       REVERSAL      now=   -0.07% UP=    0.46% DOWN=   -1.91% 3=- 5=- 10=- checks=3
HYPEUSDT       REVERSAL      now=   -1.45% UP=    0.14% DOWN=   -2.09% 3=- 5=- 10=- checks=3
LINKUSDT       REVERSAL      now=    0.21% UP=    0.68% DOWN=   -0.31% 3=- 5=- 10=- checks=3
GPSUSDT        CONTINUATION  now=    0.10% UP=    0.27% DOWN=    0.00% 3=- 5=- 10=- checks=1
BTWUSDT        CONTINUATION  now=    0.71% UP=    0.71% DOWN=    0.00% 3=- 5=- 10=- checks=1
BTCUSDT        CONTINUATION  now=    0.01% UP=    0.01% DOWN=    0.00% 3=- 5=- 10=- checks=1
ZECUSDT        REVERSAL      now=   -0.05% UP=    0.00% DOWN=   -0.05% 3=- 5=- 10=- checks=1

==============================================================================================================
TRACKER SUMMARY
==============================================================================================================
Checked: 61
Failed: 0
Supabase rows upserted: 140
3% episodes: 105
5% episodes: 97
10% episodes: 62

V7.5 EPISODE MARKET TRACKER: PASS
