
======================================================================================================================
ALPHA HUNTER V7.6 DIRECTION-PROOF ENGINE — SHADOW
======================================================================================================================
Eligible forward episodes: 38

SYMBOL         PATH          DIR         CONF   LONG   SHORT       15M        1H
----------------------------------------------------------------------------------------------------------------------
LINKUSDT       REVERSAL      LONG       56.2%   4.50    0.00   BULLISH   BULLISH
CHIPUSDT       REVERSAL      SHORT      63.1%   1.50    5.50   BEARISH   BEARISH
HUSDT          REVERSAL      SHORT      68.8%   0.00    5.50   BEARISH   BEARISH
HYPEUSDT       REVERSAL      SHORT      75.0%   0.00    6.00   BEARISH   BEARISH
LINKUSDT       CONTINUATION  LONG       56.2%   4.50    0.00   BULLISH   BULLISH
HYPEUSDT       CONTINUATION  SHORT      75.0%   0.00    6.00   BEARISH   BEARISH
CHIPUSDT       REVERSAL      SHORT      63.1%   1.50    5.50   BEARISH   BEARISH
ETHUSDT        CONTINUATION  LONG       52.5%   4.50    1.00   BULLISH   BULLISH
BTWUSDT        CONTINUATION  LONG      100.0%   8.00    0.00   BULLISH   BULLISH
ZECUSDT        CONTINUATION  SHORT      44.4%   1.50    4.00   BEARISH   BEARISH
HYPEUSDT       CONTINUATION  SHORT      75.0%   0.00    6.00   BEARISH   BEARISH
PUMPUSDT       REVERSAL      LONG      100.0%   8.00    0.00   BULLISH   BULLISH
LINKUSDT       REVERSAL      LONG       56.2%   4.50    0.00   BULLISH   BULLISH
BTWUSDT        REVERSAL      LONG      100.0%   8.00    0.00   BULLISH   BULLISH
GPSUSDT        CONTINUATION  LONG       68.8%   5.50    0.00   BULLISH   BULLISH
CHIPUSDT       REVERSAL      SHORT      63.1%   1.50    5.50   BEARISH   BEARISH
DIAUSDT        REVERSAL      UNKNOWN     0.0%   0.00    3.50   BEARISH     MIXED
ETHUSDT        REVERSAL      LONG       52.5%   4.50    1.00   BULLISH   BULLISH
AEONUSDT       CONTINUATION  UNKNOWN     0.0%   1.50    2.50     MIXED     MIXED
BTWUSDT        CONTINUATION  LONG      100.0%   8.00    0.00   BULLISH   BULLISH
DIAUSDT        REVERSAL      UNKNOWN     0.0%   0.00    3.50   BEARISH     MIXED
SOLUSDT        CONTINUATION  LONG       56.2%   4.50    0.00   BULLISH   BULLISH
AEONUSDT       CONTINUATION  UNKNOWN     0.0%   1.50    2.50     MIXED     MIXED
ZECUSDT        REVERSAL      SHORT      44.4%   1.50    4.00   BEARISH   BEARISH
PUMPUSDT       REVERSAL      LONG      100.0%   8.00    0.00   BULLISH   BULLISH
DIAUSDT        REVERSAL      UNKNOWN     0.0%   0.00    3.50   BEARISH     MIXED
BTCUSDT        CONTINUATION  LONG       52.5%   4.50    1.00   BULLISH   BULLISH
CHIPUSDT       REVERSAL      SHORT      63.1%   1.50    5.50   BEARISH   BEARISH
ZECUSDT        REVERSAL      SHORT      44.4%   1.50    4.00   BEARISH   BEARISH
GPSUSDT        CONTINUATION  LONG       68.8%   5.50    0.00   BULLISH   BULLISH
BTWUSDT        CONTINUATION  LONG      100.0%   8.00    0.00   BULLISH   BULLISH
PUMPUSDT       REVERSAL      LONG      100.0%   8.00    0.00   BULLISH   BULLISH
HYPEUSDT       REVERSAL      SHORT      75.0%   0.00    6.00   BEARISH   BEARISH
LINKUSDT       REVERSAL      LONG       56.2%   4.50    0.00   BULLISH   BULLISH
GPSUSDT        CONTINUATION  LONG       68.8%   5.50    0.00   BULLISH   BULLISH
BTWUSDT        CONTINUATION  LONG      100.0%   8.00    0.00   BULLISH   BULLISH
BTCUSDT        CONTINUATION  LONG       52.5%   4.50    1.00   BULLISH   BULLISH
ZECUSDT        REVERSAL      SHORT      44.4%   1.50    4.00   BEARISH   BEARISH

======================================================================================================================
V7.6 SHADOW SUMMARY
======================================================================================================================
Evaluated: 38
LONG: 20
SHORT: 13
UNKNOWN: 5
Failures: 0
Supabase shadow rows saved: 38
Direction state rows saved: 38
Immutable transition rows saved: 38
Transition run ID: cloud5d-20260818T184219Z
Direction emerging: 14
Direction confirmed: 19
Lost confirmation: 5

IMPORTANT: V7.6 IS SHADOW ONLY.
No trade permission was generated.

V7.6 DIRECTION SHADOW: PASS
