
======================================================================================================================
ALPHA HUNTER V7.6 POST-CONFIRMATION OUTCOME TRACKER — SHADOW
======================================================================================================================
Confirmed outcome rows: 97
Created this run: 8

CHIPUSDT       SHORT  quality=FORWARD_COMPLETE now=  -2.54% MFE=   0.00% MAE=  -5.16% lost=- done=-
PRLUSDT        LONG   quality=FORWARD_COMPLETE now=   2.75% MFE=   6.91% MAE=  -0.99% lost=Y done=-
CHIPUSDT       SHORT  quality=FORWARD_COMPLETE now=   4.72% MFE=   7.16% MAE=  -3.95% lost=Y done=-
BTWUSDT        LONG   quality=FORWARD_COMPLETE now=  14.47% MFE=  15.11% MAE=  -3.10% lost=Y done=-
WLDUSDT        SHORT  quality=FORWARD_COMPLETE now=   7.09% MFE=   9.65% MAE=  -0.77% lost=- done=-
WLDUSDT        SHORT  quality=FORWARD_COMPLETE now=   7.09% MFE=   9.65% MAE=  -0.77% lost=- done=-
CHIPUSDT       SHORT  quality=FORWARD_COMPLETE now=   1.57% MFE=   4.08% MAE=  -7.40% lost=Y done=-
DIAUSDT        LONG   quality=FORWARD_COMPLETE now=  -2.53% MFE=   1.30% MAE=  -2.68% lost=Y done=-
AIOUSDT        SHORT  quality=FORWARD_COMPLETE now=  26.51% MFE=  33.47% MAE=  -0.81% lost=Y done=Y
CHIPUSDT       SHORT  quality=FORWARD_COMPLETE now=   7.05% MFE=   9.43% MAE=  -1.41% lost=Y done=Y
BTWUSDT        LONG   quality=FORWARD_COMPLETE now=  14.45% MFE=  15.11% MAE=  -3.10% lost=Y done=-
DIAUSDT        LONG   quality=FORWARD_COMPLETE now=  -2.53% MFE=   1.30% MAE=  -2.68% lost=Y done=-
ETHUSDT        LONG   quality=FORWARD_COMPLETE now=  -0.08% MFE=   0.26% MAE=  -0.37% lost=- done=-
DOLOUSDT       LONG   quality=FORWARD_COMPLETE now=  -4.59% MFE=   8.59% MAE=  -6.66% lost=Y done=-
BTWUSDT        LONG   quality=FORWARD_COMPLETE now=  12.97% MFE=  13.67% MAE=  -0.86% lost=- done=-
AEONUSDT       LONG   quality=FORWARD_COMPLETE now=   2.39% MFE=   7.18% MAE=  -9.78% lost=Y done=Y
NILUSDT        SHORT  quality=FORWARD_COMPLETE now=   2.64% MFE=   2.81% MAE= -12.85% lost=Y done=-
NILUSDT        SHORT  quality=FORWARD_COMPLETE now=   2.64% MFE=   2.81% MAE= -12.85% lost=Y done=-
GPSUSDT        LONG   quality=FORWARD_COMPLETE now=   4.84% MFE=   8.81% MAE=  -6.27% lost=Y done=-
BTWUSDT        LONG   quality=FORWARD_COMPLETE now=  13.01% MFE=  13.67% MAE=  -0.86% lost=- done=-
HUSDT          SHORT  quality=FORWARD_COMPLETE now=   5.24% MFE=   6.52% MAE=  -0.20% lost=- done=-
SOLUSDT        LONG   quality=FORWARD_COMPLETE now=   1.18% MFE=   1.42% MAE=  -0.27% lost=- done=-
BTCUSDT        LONG   quality=FORWARD_COMPLETE now=  -0.04% MFE=   0.12% MAE=  -0.22% lost=- done=-
ETHUSDT        LONG   quality=FORWARD_COMPLETE now=  -0.09% MFE=   0.25% MAE=  -0.37% lost=- done=-
AEONUSDT       SHORT  quality=FORWARD_COMPLETE now=  -1.85% MFE=   0.00% MAE=  -5.58% lost=Y done=-
CHIPUSDT       SHORT  quality=FORWARD_COMPLETE now=  -2.54% MFE=   0.00% MAE=  -5.16% lost=- done=-
BTWUSDT        LONG   quality=FORWARD_COMPLETE now=   6.41% MFE=   7.04% MAE=  -0.15% lost=- done=-
LINKUSDT       LONG   quality=FORWARD_COMPLETE now=   0.00% MFE=   0.00% MAE=   0.00% lost=- done=-
LINKUSDT       LONG   quality=FORWARD_COMPLETE now=   0.00% MFE=   0.00% MAE=   0.00% lost=- done=-
PUMPUSDT       LONG   quality=FORWARD_COMPLETE now=   0.00% MFE=   0.00% MAE=   0.00% lost=- done=-
PUMPUSDT       LONG   quality=FORWARD_COMPLETE now=   0.04% MFE=   0.04% MAE=   0.00% lost=- done=-
LINKUSDT       LONG   quality=FORWARD_COMPLETE now=   0.00% MFE=   0.00% MAE=   0.00% lost=- done=-
GPSUSDT        LONG   quality=FORWARD_COMPLETE now=  -0.27% MFE=   0.00% MAE=  -0.27% lost=- done=-
PUMPUSDT       LONG   quality=FORWARD_COMPLETE now=  -0.11% MFE=   0.00% MAE=  -0.11% lost=- done=-
LINKUSDT       LONG   quality=FORWARD_COMPLETE now=   0.00% MFE=   0.00% MAE=   0.00% lost=- done=-

======================================================================================================================
POST-CONFIRMATION TRACKER SUMMARY
======================================================================================================================
Outcome rows: 97
Created this run: 8
Tracked this run: 35
Failed: 0
Supabase rows upserted: 97
Forward complete: 97
Completed 24H: 65

IMPORTANT: OUTCOME TRACKER IS MEASUREMENT ONLY.
No trade permission was generated.

V7.6 POST-CONFIRMATION OUTCOME TRACKER: PASS
