
======================================================================================================================
ALPHA HUNTER V7.9 FULL-UNIVERSE HOURLY LEDGER — SHADOW
======================================================================================================================
Observed: 2026-08-18T18:43:15.088441+00:00
Hour bucket: 2026-08-18T18:00:00+00:00
Contract tickers: 759
Rows attempted: 759
Deep-scan selected: 26
Selection snapshot: 2026-08-18T18:43:12.571919+00:00
Selection run ID: 4c4ef0a511bebfd45305c4cb95d5fa5f
Prefilter eligible: 320
Eligible not selected: 294
Non-crypto: 290
Low liquidity: 148
Over-extended: 1
Invalid price skipped: 0
Rows purged >7d: 0

TOP ABSOLUTE 24H MOVERS
SYMBOL                  24H    ELIG    SCAN  STATUS
------------------------------------------------------------------------
ACEUSDT             +29.30%       N       N  OVER_EXTENDED
KORUUSDT            -23.51%       N       N  NON_CRYPTO
SKDDUSDT            +20.46%       N       N  NON_CRYPTO
BEATUSDT            -20.31%       Y       N  ELIGIBLE_NOT_SELECTED
SNXXUSDT            -19.78%       N       N  NON_CRYPTO
SKUUUSDT            -19.57%       N       N  NON_CRYPTO
UNITASUSDT          -19.28%       Y       N  ELIGIBLE_NOT_SELECTED
MVLLUSDT            -19.23%       N       N  NON_CRYPTO
SOXSUSDT            +18.69%       N       N  NON_CRYPTO
AIOUSDT             -17.91%       Y       N  ELIGIBLE_NOT_SELECTED
SOXLUSDT            -17.84%       N       N  NON_CRYPTO
RAMUSDT             -17.72%       N       N  NON_CRYPTO
CYSUSDT             +16.61%       Y       N  ELIGIBLE_NOT_SELECTED
MUUUSDT             -16.38%       N       N  NON_CRYPTO
AXTIUSDT            -16.31%       N       N  NON_CRYPTO

IMPORTANT: V7.9 IS MEASUREMENT/AUDIT ONLY.
Same-hour reruns do not overwrite the first stored universe snapshot.
Raw universe evidence is retained for 7 days.
No trade permission was generated.

V7.9 FULL-UNIVERSE LEDGER: PASS
