V7.4 HOURLY PERFORMANCE TRACKER
Run ID: 1b0eb996eff69e410406bf12219ed5da

V7.4.1 SHADOW REVERSAL
 SH SYMBOL           V74     OLD   SHADOW
--------------------------------------------------
  1 DOLOUSDT           1   11.46    15.15
  2 ACUUSDT            4   10.75     6.33
  3 LINKUSDT           5    9.59     4.96
PERFORMANCE SIGNALS SAVED: 30
FEATURE ROWS SAVED: 30
V7.4 OUTCOMES 1H: saved=1 failed=0
V7.4 OUTCOMES 4H: saved=6 failed=0
V7.4 OUTCOMES 12H: saved=8 failed=0
V7.4 OUTCOMES 24H: saved=15 failed=0
OUTCOME EVALUATION COMPLETE: saved=30 failed=0

==========================================================================================
V7.4 CURRENT SURVEILLANCE COHORT
==========================================================================================
RANK SYMBOL         TIER      PATH            SCORE STATE
------------------------------------------------------------------------------------------
   1 DOLOUSDT       PRIMARY   REVERSAL        11.46 WATCH_SHORT
   2 AIOUSDT        PRIMARY   CONTINUATION    11.40 WATCH_LONG
   3 CHIPUSDT       PRIMARY   CONTINUATION    11.33 DIRECTION_EMERGING_LONG
   4 ACUUSDT        PRIMARY   REVERSAL        10.75 NEUTRAL
   5 LINKUSDT       PRIMARY   REVERSAL         9.59 NEUTRAL

================================================================================================================================
V7.4 FORWARD PERFORMANCE — RAW PRICE EXPANSION
================================================================================================================================

PRIMARY / RESERVE + PATH
  H TIER      PATH              N    POS%   AVG RAW   AVG ABS    EXP3%    EXP5%   EXP10%    UP5%    DN5%
--------------------------------------------------------------------------------------------------------------------------------
  1 PRIMARY   CONTINUATION     48   68.8%    0.939%    2.033%    31.2%     6.2%     0.0%    4.2%    2.1%
  1 PRIMARY   REVERSAL         86   62.8%    0.523%    2.011%    22.1%     4.7%     2.3%    3.5%    1.2%
  1 RESERVE   CONTINUATION      1  100.0%    0.849%    0.849%     0.0%     0.0%     0.0%    0.0%    0.0%
  1 RESERVE   REVERSAL          8   62.5%   -0.750%    2.304%    37.5%    25.0%     0.0%    0.0%   25.0%
  4 PRIMARY   CONTINUATION     45   64.4%    1.473%    3.489%    40.0%    24.4%    11.1%   17.8%    6.7%
  4 PRIMARY   REVERSAL         77   59.7%    0.199%    3.382%    36.4%    20.8%     3.9%   14.3%    6.5%
  4 RESERVE   CONTINUATION      1  100.0%    0.461%    0.461%     0.0%     0.0%     0.0%    0.0%    0.0%
  4 RESERVE   REVERSAL          8   75.0%    1.643%    3.250%    62.5%    12.5%     0.0%   12.5%    0.0%
 12 PRIMARY   CONTINUATION     26   84.6%    3.001%    3.409%    26.9%    11.5%     3.8%   11.5%    0.0%
 12 PRIMARY   REVERSAL         52   48.1%   -2.272%    6.762%    65.4%    59.6%    15.4%   19.2%   40.4%
 12 RESERVE   CONTINUATION      1  100.0%    2.731%    2.731%     0.0%     0.0%     0.0%    0.0%    0.0%
 12 RESERVE   REVERSAL          7  100.0%    3.855%    3.855%    42.9%    42.9%     0.0%   42.9%    0.0%

RANK QUALITY
  H RANK BUCKET         N    POS%   AVG RAW   AVG ABS    EXP3%    EXP5%   EXP10%    UP5%    DN5%
----------------------------------------------------------------------------------------------------------------
  1 TOP_1_3            97   62.9%    0.555%    2.192%    27.8%     5.2%     2.1%    3.1%    2.1%
  1 TOP_4_5            37   70.3%    0.979%    1.564%    18.9%     5.4%     0.0%    5.4%    0.0%
  1 RESERVE_6_10        9   66.7%   -0.572%    2.143%    33.3%    22.2%     0.0%    0.0%   22.2%
  4 TOP_1_3            88   51.1%    0.154%    3.866%    43.2%    25.0%     8.0%   15.9%    9.1%
  4 TOP_4_5            34   88.2%    2.002%    2.273%    23.5%    14.7%     2.9%   14.7%    0.0%
  4 RESERVE_6_10        9   77.8%    1.511%    2.940%    55.6%    11.1%     0.0%   11.1%    0.0%
 12 TOP_1_3            52   53.8%   -1.090%    6.991%    69.2%    59.6%    15.4%   21.2%   38.5%
 12 TOP_4_5            26   73.1%    0.637%    2.950%    19.2%    11.5%     3.8%    7.7%    3.8%
 12 RESERVE_6_10        8  100.0%    3.715%    3.715%    37.5%    37.5%     0.0%   37.5%    0.0%

Metric definitions:
AVG RAW = average raw market return from detection price.
AVG ABS = average absolute price movement regardless of direction.
EXP3/5/10 = percentage of candidates moving at least 3% / 5% / 10% in either direction.
UP5 = raw upside move >= +5%; DN5 = raw downside move <= -5%.
No V7.4 trade-direction assumption is used in these metrics.

V7.4 TRACKING JOB: PASS
