V7.5 state restored from Supabase: 92

ALPHA HUNTER V7.5 OPPORTUNITY LIFECYCLE
Run ID: 1b0eb996eff69e410406bf12219ed5da
Timestamp: 2026-08-17T09:46:30.022858+00:00
Lifecycle candidates: 5

UPDATE CHIPUSDT       CONTINUATION  state=EXPANSION            det=3   v74=11.81 rank=3 shadow= 0.00 provisional=NON_TRADEABLE_EXPANSION final=PENDING
UPDATE AIOUSDT        CONTINUATION  state=PRE_MOVE_DETECTED    det=2   v74=11.85 rank=1 shadow= 0.00 provisional=ACTIVE final=PENDING
NEW    DOLOUSDT       REVERSAL      state=PRE_MOVE_DETECTED    det=1   v74=11.46 rank=1 shadow=15.15 provisional=ACTIVE final=PENDING
UPDATE ACUUSDT        REVERSAL      state=PRE_MOVE_DETECTED    det=2   v74=10.85 rank=4 shadow= 7.08 provisional=ACTIVE final=PENDING
UPDATE LINKUSDT       REVERSAL      state=PRE_MOVE_DETECTED    det=3   v74= 9.65 rank=4 shadow= 5.96 provisional=ACTIVE final=PENDING

Supabase lifecycle rows upserted: 93
Supabase lifecycle row count: 93

====================================================================================================
V7.5 LIFECYCLE SUMMARY
====================================================================================================
Episodes stored: 93
Created this run: 1
Updated this run: 4
Active episodes: 93

STATE COUNTS
DIRECTION_EMERGING       8
EXPANSION                5
FINALIZED                33
PRE_MOVE_DETECTED        47

State file: /home/runner/work/Alpha-Hunter/Alpha-Hunter/data/v75-lifecycle-episodes.json
History file: /home/runner/work/Alpha-Hunter/Alpha-Hunter/data/v75-lifecycle-history.jsonl

V7.5 LIFECYCLE JOB: PASS
