
==============================================================================================================
ALPHA HUNTER V7.5 INDEPENDENT EPISODE MARKET TRACKER
==============================================================================================================
Episodes stored: 93
Active episodes: 60

ADAUSDT        REVERSAL      now=  -11.73% UP=    0.00% DOWN=  -11.79% 3=Y 5=Y 10=Y checks=47
DOGEUSDT       CONTINUATION  now=   -0.71% UP=    0.00% DOWN=   -2.32% 3=- 5=- 10=- checks=47
SKYAIUSDT      REVERSAL      now=  -30.11% UP=    0.00% DOWN=  -42.50% 3=Y 5=Y 10=Y checks=47
SOLUSDT        CONTINUATION  now=   -2.55% UP=    0.00% DOWN=   -4.13% 3=Y 5=- 10=- checks=47
SUIUSDT        CONTINUATION  now=   -3.80% UP=    0.00% DOWN=   -5.00% 3=Y 5=- 10=- checks=47
COOKIEUSDT     CONTINUATION  now=  -12.51% UP=    0.00% DOWN=  -15.46% 3=Y 5=Y 10=Y checks=47
BTWUSDT        CONTINUATION  now=   68.24% UP=  113.81% DOWN=    0.00% 3=Y 5=Y 10=Y checks=47
CYSUSDT        CONTINUATION  now=  -49.05% UP=   78.38% DOWN=  -50.38% 3=Y 5=Y 10=Y checks=47
GWEIUSDT       REVERSAL      now=    5.74% UP=   17.67% DOWN=    0.00% 3=Y 5=Y 10=Y checks=47
BICOUSDT       REVERSAL      now=  -53.90% UP=    0.00% DOWN=  -58.94% 3=Y 5=Y 10=Y checks=47
SUIUSDT        CONTINUATION  now=   -2.65% UP=    0.00% DOWN=   -3.86% 3=Y 5=- 10=- checks=47
MMTUSDT        REVERSAL      now=  -13.51% UP=    0.00% DOWN=  -14.74% 3=Y 5=Y 10=Y checks=47
IOTXUSDT       REVERSAL      now=   -9.37% UP=    0.00% DOWN=  -10.53% 3=Y 5=Y 10=Y checks=47
FORMUSDT       REVERSAL      now=   -5.44% UP=    0.00% DOWN=   -7.88% 3=Y 5=Y 10=- checks=47
JTOUSDT        REVERSAL      now=    8.50% UP=   11.45% DOWN=    0.00% 3=Y 5=Y 10=Y checks=47
4USDT          REVERSAL      now=  -13.85% UP=    0.00% DOWN=  -22.21% 3=Y 5=Y 10=Y checks=47
MUBARAKUSDT    REVERSAL      now=  -11.37% UP=    0.00% DOWN=  -24.10% 3=Y 5=Y 10=Y checks=47
PUMPUSDT       REVERSAL      now=    1.69% UP=    5.86% DOWN=   -6.03% 3=Y 5=Y 10=- checks=47
HYPEUSDT       REVERSAL      now=    5.37% UP=    6.14% DOWN=   -0.62% 3=Y 5=Y 10=- checks=47
ACUUSDT        REVERSAL      now=    0.31% UP=   16.62% DOWN=  -12.33% 3=Y 5=Y 10=Y checks=47
BTWUSDT        CONTINUATION  now=   13.11% UP=   43.38% DOWN=  -10.16% 3=Y 5=Y 10=Y checks=47
AEONUSDT       CONTINUATION  now=   15.80% UP=   28.62% DOWN=   -6.91% 3=Y 5=Y 10=Y checks=47
AEONUSDT       CONTINUATION  now=    1.31% UP=    3.88% DOWN=  -18.55% 3=Y 5=Y 10=Y checks=20
PRLUSDT        CONTINUATION  now=    4.69% UP=   13.09% DOWN=   -0.61% 3=Y 5=Y 10=Y checks=19
WLDUSDT        REVERSAL      now=    4.20% UP=    7.47% DOWN=   -0.98% 3=Y 5=Y 10=- checks=19
HYPEUSDT       CONTINUATION  now=    3.13% UP=    3.88% DOWN=   -0.74% 3=Y 5=- 10=- checks=18
AEONUSDT       REVERSAL      now=    4.42% UP=    7.17% DOWN=  -15.97% 3=Y 5=Y 10=Y checks=18
WLDUSDT        CONTINUATION  now=    3.75% UP=    7.00% DOWN=   -1.41% 3=Y 5=Y 10=- checks=18
DOLOUSDT       REVERSAL      now=   -4.37% UP=   18.74% DOWN=   -5.22% 3=Y 5=Y 10=Y checks=17
BOMEUSDT       CONTINUATION  now=   -8.37% UP=    0.50% DOWN=   -8.85% 3=Y 5=Y 10=- checks=17
VELVETUSDT     REVERSAL      now=  -18.58% UP=    5.57% DOWN=  -18.78% 3=Y 5=Y 10=Y checks=16
BTWUSDT        CONTINUATION  now=    7.19% UP=   35.61% DOWN=   -0.04% 3=Y 5=Y 10=Y checks=15
HUSDT          REVERSAL      now=  -15.04% UP=   16.49% DOWN=  -18.01% 3=Y 5=Y 10=Y checks=15
WLDUSDT        CONTINUATION  now=    3.18% UP=    6.42% DOWN=    0.00% 3=Y 5=Y 10=- checks=14
AEONUSDT       REVERSAL      now=   14.72% UP=   17.62% DOWN=   -7.78% 3=Y 5=Y 10=Y checks=13
ROBOUSDT       REVERSAL      now=   -6.10% UP=    4.11% DOWN=   -8.89% 3=Y 5=Y 10=- checks=11
LINKUSDT       CONTINUATION  now=   -0.38% UP=    1.28% DOWN=   -1.13% 3=- 5=- 10=- checks=9
ONGUSDT        CONTINUATION  now=    6.78% UP=   18.39% DOWN=   -2.88% 3=Y 5=Y 10=Y checks=9
LINKUSDT       REVERSAL      now=    0.35% UP=    2.03% DOWN=   -0.29% 3=- 5=- 10=- checks=8
REDUSDT        REVERSAL      now=   -4.72% UP=    0.00% DOWN=   -4.95% 3=Y 5=- 10=- checks=8
PRLUSDT        CONTINUATION  now=    0.13% UP=    5.86% DOWN=   -4.03% 3=Y 5=Y 10=- checks=8
REDUSDT        REVERSAL      now=   -4.72% UP=    0.00% DOWN=   -4.95% 3=Y 5=- 10=- checks=8
PRLUSDT        CONTINUATION  now=    0.13% UP=    5.86% DOWN=   -4.03% 3=Y 5=Y 10=- checks=8
LINKUSDT       REVERSAL      now=    0.35% UP=    2.03% DOWN=   -0.29% 3=- 5=- 10=- checks=8
NILUSDT        CONTINUATION  now=   -4.22% UP=    4.46% DOWN=   -5.09% 3=Y 5=Y 10=- checks=6
HUSDT          REVERSAL      now=  -24.36% UP=    3.58% DOWN=  -27.00% 3=Y 5=Y 10=Y checks=6
AIOUSDT        CONTINUATION  now=    1.01% UP=    5.03% DOWN=  -10.17% 3=Y 5=Y 10=Y checks=6
VELVETUSDT     CONTINUATION  now=  -16.22% UP=    3.94% DOWN=  -16.46% 3=Y 5=Y 10=Y checks=5
LINKUSDT       REVERSAL      now=   -0.30% UP=    0.59% DOWN=   -0.71% 3=- 5=- 10=- checks=4
AEONUSDT       REVERSAL      now=   10.69% UP=   13.59% DOWN=   -1.36% 3=Y 5=Y 10=Y checks=4
BASEDUSDT      REVERSAL      now=    2.45% UP=    3.02% DOWN=   -0.32% 3=Y 5=- 10=- checks=4
NILUSDT        REVERSAL      now=   -1.22% UP=    3.79% DOWN=   -2.11% 3=Y 5=- 10=- checks=4
CHIPUSDT       CONTINUATION  now=   -1.54% UP=    5.56% DOWN=   -5.46% 3=Y 5=Y 10=- checks=3
PIXELUSDT      REVERSAL      now=    0.00% UP=    1.03% DOWN=   -0.81% 3=- 5=- 10=- checks=3
AIOUSDT        REVERSAL      now=    6.00% UP=   10.18% DOWN=   -4.77% 3=Y 5=Y 10=Y checks=3
ACUUSDT        REVERSAL      now=    2.36% UP=    3.06% DOWN=   -0.93% 3=Y 5=- 10=- checks=2
PRLUSDT        CONTINUATION  now=    1.57% UP=    1.83% DOWN=   -0.33% 3=- 5=- 10=- checks=2
AIOUSDT        CONTINUATION  now=   -0.54% UP=    3.38% DOWN=   -1.42% 3=Y 5=- 10=- checks=2
NILUSDT        REVERSAL      now=   -2.82% UP=    0.86% DOWN=   -3.69% 3=Y 5=- 10=- checks=2
DOLOUSDT       REVERSAL      now=    0.00% UP=    0.00% DOWN=    0.00% 3=- 5=- 10=- checks=1

==============================================================================================================
TRACKER SUMMARY
==============================================================================================================
Checked: 60
Failed: 0
Supabase rows upserted: 93
3% episodes: 79
5% episodes: 64
10% episodes: 44

V7.5 EPISODE MARKET TRACKER: PASS
