
======================================================================================================================
ALPHA HUNTER V7.6 POST-CONFIRMATION OUTCOME TRACKER — SHADOW
======================================================================================================================
Confirmed outcome rows: 59
Created this run: 3

VELVETUSDT     SHORT  quality=FORWARD_COMPLETE now=  15.19% MFE=  15.58% MAE=  -5.03% lost=Y done=-
VELVETUSDT     LONG   quality=FORWARD_COMPLETE now= -20.18% MFE=   0.51% MAE= -20.54% lost=Y done=-
FOLKSUSDT      SHORT  quality=FORWARD_COMPLETE now=   3.10% MFE=   3.77% MAE=  -0.55% lost=Y done=-
AEONUSDT       SHORT  quality=FORWARD_COMPLETE now=  -4.24% MFE=  16.26% MAE=  -6.80% lost=Y done=-
COWUSDT        SHORT  quality=FORWARD_COMPLETE now=   7.83% MFE=   9.88% MAE=  -4.78% lost=Y done=-
NILUSDT        LONG   quality=FORWARD_COMPLETE now=   0.87% MFE=  10.13% MAE=  -4.77% lost=Y done=Y
AEONUSDT       SHORT  quality=FORWARD_COMPLETE now= -14.73% MFE=   7.83% MAE= -17.55% lost=Y done=-
DOLOUSDT       LONG   quality=FORWARD_COMPLETE now= -10.22% MFE=  11.33% MAE= -11.13% lost=Y done=-
VELVETUSDT     LONG   quality=FORWARD_COMPLETE now= -25.95% MFE=   3.52% MAE= -23.96% lost=Y done=Y
PUMPUSDT       SHORT  quality=FORWARD_COMPLETE now=  -4.91% MFE=   3.13% MAE=  -9.13% lost=Y done=-
BTWUSDT        LONG   quality=FORWARD_COMPLETE now=   3.40% MFE=  30.90% MAE=  -1.19% lost=Y done=-
WLDUSDT        LONG   quality=FORWARD_COMPLETE now=  -0.06% MFE=   3.14% MAE=  -2.31% lost=Y done=-
HYPEUSDT       LONG   quality=FORWARD_COMPLETE now=   2.50% MFE=   3.23% MAE=  -1.27% lost=Y done=-
AEONUSDT       SHORT  quality=FORWARD_COMPLETE now= -19.25% MFE=   4.19% MAE= -22.20% lost=Y done=-
ROBOUSDT       LONG   quality=FORWARD_COMPLETE now=  -8.99% MFE=   0.00% MAE= -11.81% lost=Y done=-
WLDUSDT        LONG   quality=FORWARD_COMPLETE now=   0.00% MFE=   3.20% MAE=  -2.25% lost=Y done=-
BOMEUSDT       SHORT  quality=FORWARD_COMPLETE now=   5.12% MFE=   5.63% MAE=  -2.54% lost=Y done=-
HUSDT          SHORT  quality=FORWARD_COMPLETE now=  21.22% MFE=  23.87% MAE=  -8.16% lost=Y done=-
PRLUSDT        LONG   quality=FORWARD_COMPLETE now=  -3.44% MFE=   4.15% MAE=  -7.66% lost=Y done=-
HUSDT          SHORT  quality=FORWARD_COMPLETE now=   3.30% MFE=   6.56% MAE=  -4.89% lost=- done=-
WLDUSDT        LONG   quality=FORWARD_COMPLETE now=   0.00% MFE=   3.20% MAE=  -2.25% lost=Y done=-
WLDUSDT        LONG   quality=FORWARD_COMPLETE now=  -0.06% MFE=   3.14% MAE=  -2.31% lost=Y done=-
ONGUSDT        LONG   quality=FORWARD_COMPLETE now=  -3.75% MFE=   1.77% MAE=  -5.93% lost=Y done=-
REDUSDT        SHORT  quality=FORWARD_COMPLETE now=   3.50% MFE=   3.73% MAE=  -0.12% lost=- done=-
REDUSDT        SHORT  quality=FORWARD_COMPLETE now=   3.50% MFE=   3.73% MAE=  -0.12% lost=- done=-
PRLUSDT        LONG   quality=FORWARD_COMPLETE now=  -4.63% MFE=   0.29% MAE=  -8.80% lost=- done=-
PRLUSDT        LONG   quality=FORWARD_COMPLETE now=  -4.63% MFE=   0.29% MAE=  -8.80% lost=- done=-
NILUSDT        LONG   quality=FORWARD_COMPLETE now=  -7.01% MFE=   0.72% MAE=  -7.76% lost=Y done=-
AIOUSDT        LONG   quality=FORWARD_COMPLETE now=  -2.87% MFE=   0.92% MAE= -13.65% lost=Y done=-
PIXELUSDT      SHORT  quality=FORWARD_COMPLETE now=  -0.26% MFE=   0.26% MAE=  -1.14% lost=- done=-
CHIPUSDT       LONG   quality=FORWARD_COMPLETE now=   1.94% MFE=   3.17% MAE=  -0.80% lost=- done=-
AEONUSDT       LONG   quality=FORWARD_COMPLETE now=   0.44% MFE=   3.05% MAE=  -1.60% lost=- done=-
AIOUSDT        LONG   quality=FORWARD_COMPLETE now=   0.04% MFE=   0.04% MAE=   0.00% lost=- done=-
AIOUSDT        LONG   quality=FORWARD_COMPLETE now=   0.04% MFE=   0.04% MAE=   0.00% lost=- done=-
ACUUSDT        LONG   quality=FORWARD_COMPLETE now=   0.00% MFE=   0.00% MAE=   0.00% lost=- done=-

======================================================================================================================
POST-CONFIRMATION TRACKER SUMMARY
======================================================================================================================
Outcome rows: 59
Created this run: 3
Tracked this run: 35
Failed: 0
Supabase rows upserted: 59
Forward complete: 59
Completed 24H: 26

IMPORTANT: OUTCOME TRACKER IS MEASUREMENT ONLY.
No trade permission was generated.

V7.6 POST-CONFIRMATION OUTCOME TRACKER: PASS
