
======================================================================================================================
ALPHA HUNTER V7.7 HUGE-RR EXECUTION FEASIBILITY — SHADOW
======================================================================================================================
Confirmed direction states: 59

SKIP   ACEUSDT        insufficient closed history at confirmation
SKIP   ALICEUSDT      insufficient closed history at confirmation
SKIP   ALICEUSDT      insufficient closed history at confirmation
SKIP   HYPEUSDT       insufficient closed history at confirmation
SKIP   VELVETUSDT     insufficient closed history at confirmation
SKIP   VELVETUSDT     insufficient closed history at confirmation
SKIP   WLDUSDT        insufficient closed history at confirmation
SKIP   WLDUSDT        insufficient closed history at confirmation
SKIP   BRUSDT         insufficient closed history at confirmation
SKIP   CYSUSDT        insufficient closed history at confirmation
SKIP   ACUUSDT        insufficient closed history at confirmation
SKIP   AVNTUSDT       insufficient closed history at confirmation
SKIP   AVAXUSDT       insufficient closed history at confirmation
SKIP   ROBOUSDT       insufficient closed history at confirmation
SKIP   CAPUSDT        insufficient closed history at confirmation
SKIP   CAPUSDT        insufficient closed history at confirmation
SKIP   CAPUSDT        insufficient closed history at confirmation
SKIP   CAPUSDT        insufficient closed history at confirmation
SKIP   PUMPUSDT       insufficient closed history at confirmation
SKIP   WLFIUSDT       insufficient closed history at confirmation
SKIP   ALICEUSDT      insufficient closed history at confirmation
SKIP   CAPUSDT        insufficient closed history at confirmation
BRUSDT         SHORT   entry=0.19607      stop=0.21348001   risk=  8.88% structRR=—      status=NO_STRUCTURAL_TARGET
HYPEUSDT       LONG    entry=57.488       stop=56.72122     risk=  1.33% structRR=0.06   status=STRUCTURE_RR_LT_3
NILUSDT        LONG    entry=0.04718      stop=0.043425588  risk=  7.96% structRR=0.02   status=STRUCTURE_RR_LT_3
VELVETUSDT     LONG    entry=1.12535      stop=0.85251365   risk= 24.24% structRR=—      status=NO_STRUCTURAL_TARGET
COWUSDT        SHORT   entry=0.1214       stop=0.13194411   risk=  8.69% structRR=0.10   status=STRUCTURE_RR_LT_3
PUMPUSDT       SHORT   entry=0.002749     stop=0.0027914799 risk=  1.55% structRR=0.24   status=STRUCTURE_RR_LT_3
AEONUSDT       SHORT   entry=0.07952      stop=0.085598471  risk=  7.64% structRR=0.50   status=STRUCTURE_RR_LT_3
FOLKSUSDT      SHORT   entry=1.8875       stop=1.928282     risk=  2.16% structRR=0.29   status=STRUCTURE_RR_LT_3
PRLUSDT        LONG    entry=0.4099       stop=0.37055008   risk=  9.60% structRR=—      status=NO_STRUCTURAL_TARGET
AEONUSDT       SHORT   entry=0.07225      stop=0.082432311  risk= 14.09% structRR=0.11   status=STRUCTURE_RR_LT_3
DOLOUSDT       LONG    entry=0.02515      stop=0.022745373  risk=  9.56% structRR=0.51   status=STRUCTURE_RR_LT_3
BTWUSDT        LONG    entry=0.33617      stop=0.30896171   risk=  8.09% structRR=0.72   status=STRUCTURE_RR_LT_3
HUSDT          SHORT   entry=0.13457      stop=0.16211427   risk= 20.47% structRR=1.23   status=STRUCTURE_RR_LT_3
HYPEUSDT       LONG    entry=57.817       stop=56.994416    risk=  1.42% structRR=—      status=NO_STRUCTURAL_TARGET
WLDUSDT        LONG    entry=0.3597       stop=0.34224285   risk=  4.85% structRR=0.01   status=STRUCTURE_RR_LT_3
WLDUSDT        LONG    entry=0.3597       stop=0.34224285   risk=  4.85% structRR=0.01   status=STRUCTURE_RR_LT_3
WLDUSDT        LONG    entry=0.3599       stop=0.34224285   risk=  4.91% structRR=—      status=NO_STRUCTURAL_TARGET
WLDUSDT        LONG    entry=0.3599       stop=0.34224285   risk=  4.91% structRR=—      status=NO_STRUCTURAL_TARGET
AEONUSDT       SHORT   entry=0.0695       stop=0.074117944  risk=  6.64% structRR=0.20   status=STRUCTURE_RR_LT_3
BOMEUSDT       SHORT   entry=0.0008301    stop=0.00084428912 risk=  1.71% structRR=1.01   status=STRUCTURE_RR_LT_3
ROBOUSDT       LONG    entry=0.01558      stop=0.014781859  risk=  5.12% structRR=0.48   status=STRUCTURE_RR_LT_3
VELVETUSDT     LONG    entry=1.04423      stop=1.0181872    risk=  2.49% structRR=1.32   status=STRUCTURE_RR_LT_3
ONGUSDT        LONG    entry=0.06004      stop=0.052641366  risk= 12.32% structRR=0.55   status=STRUCTURE_RR_LT_3
REDUSDT        SHORT   entry=0.0858       stop=0.086874285  risk=  1.25% structRR=0.19   status=STRUCTURE_RR_LT_3
REDUSDT        SHORT   entry=0.0858       stop=0.086874285  risk=  1.25% structRR=0.19   status=STRUCTURE_RR_LT_3
AIOUSDT        LONG    entry=0.07419      stop=0.068180559  risk=  8.10% structRR=0.04   status=STRUCTURE_RR_LT_3
NILUSDT        LONG    entry=0.05118      stop=0.048482046  risk=  5.27% structRR=0.29   status=STRUCTURE_RR_LT_3
PRLUSDT        LONG    entry=0.415        stop=0.37920567   risk=  8.63% structRR=0.07   status=STRUCTURE_RR_LT_3
PRLUSDT        LONG    entry=0.415        stop=0.37920567   risk=  8.63% structRR=0.07   status=STRUCTURE_RR_LT_3
VELVETUSDT     SHORT   entry=0.98289      stop=1.0371791    risk=  5.52% structRR=0.12   status=STRUCTURE_RR_LT_3
HUSDT          SHORT   entry=0.10964      stop=0.14290944   risk= 30.34% structRR=0.15   status=STRUCTURE_RR_LT_3
AEONUSDT       LONG    entry=0.08242      stop=0.073328529  risk= 11.03% structRR=0.12   status=STRUCTURE_RR_LT_3
CHIPUSDT       LONG    entry=0.02994      stop=0.028573705  risk=  4.56% structRR=1.99   status=STRUCTURE_RR_LT_3
PIXELUSDT      SHORT   entry=0.004666     stop=0.0047357474 risk=  1.49% structRR=0.36   status=STRUCTURE_RR_LT_3
ACUUSDT        LONG    entry=0.1147       stop=0.099668115  risk= 13.11% structRR=0.05   status=STRUCTURE_RR_LT_3
AIOUSDT        LONG    entry=0.07204      stop=0.0641126    risk= 11.00% structRR=0.36   status=STRUCTURE_RR_LT_3
AIOUSDT        LONG    entry=0.07204      stop=0.0641126    risk= 11.00% structRR=0.36   status=STRUCTURE_RR_LT_3

======================================================================================================================
V7.7 EXECUTION SHADOW SUMMARY
======================================================================================================================
Confirmed direction states: 59
Execution snapshots: 37
Skipped: 22
Failures: 0
Supabase rows upserted: 37
Structure >=1:3: 0
Structure >=1:5: 0
Structure >=1:10: 0

IMPORTANT: V7.7 IS EXECUTION FEASIBILITY SHADOW ONLY.
3% / 5% / 10% are scenarios, not predicted targets.
No trade permission was generated.

V7.7 EXECUTION FEASIBILITY: PASS
