
======================================================================================================================
ALPHA HUNTER V7.9 FULL-UNIVERSE HOURLY LEDGER — SHADOW
======================================================================================================================
Observed: 2026-08-17T09:46:33.362705+00:00
Hour bucket: 2026-08-17T09:00:00+00:00
Contract tickers: 756
Rows attempted: 756
Deep-scan selected: 30
Selection snapshot: 2026-08-17T09:46:30.022858+00:00
Selection run ID: 1b0eb996eff69e410406bf12219ed5da
Prefilter eligible: 304
Eligible not selected: 277
Non-crypto: 287
Low liquidity: 160
Over-extended: 5
Invalid price skipped: 0
Rows purged >7d: 0

TOP ABSOLUTE 24H MOVERS
SYMBOL                  24H    ELIG    SCAN  STATUS
------------------------------------------------------------------------
GPSUSDT             +37.81%       N       Y  OVER_EXTENDED
HUSDT               -35.38%       N       N  OVER_EXTENDED
BEATUSDT            -28.14%       N       Y  OVER_EXTENDED
VELVETUSDT          -26.79%       N       N  OVER_EXTENDED
CYSUSDT             -26.55%       N       Y  OVER_EXTENDED
QUSDT               -18.80%       Y       N  ELIGIBLE_NOT_SELECTED
TAGUSDT             +18.42%       Y       N  ELIGIBLE_NOT_SELECTED
XPINUSDT            -17.68%       Y       N  ELIGIBLE_NOT_SELECTED
ACEUSDT             +15.56%       Y       Y  DEEP_SCAN_SELECTED
ONGUSDT             +14.01%       Y       Y  DEEP_SCAN_SELECTED
TUTUSDT             +13.98%       Y       Y  DEEP_SCAN_SELECTED
KIOXIAUSDT          +13.43%       N       N  NON_CRYPTO
DIAUSDT             +13.09%       Y       Y  DEEP_SCAN_SELECTED
RAREUSDT            +11.93%       Y       Y  DEEP_SCAN_SELECTED
HOMEUSDT            -11.42%       Y       Y  DEEP_SCAN_SELECTED

IMPORTANT: V7.9 IS MEASUREMENT/AUDIT ONLY.
Same-hour reruns do not overwrite the first stored universe snapshot.
Raw universe evidence is retained for 7 days.
No trade permission was generated.

V7.9 FULL-UNIVERSE LEDGER: PASS
