
==============================================================================================================================
ALPHA HUNTER V7.9 MISSED-MOVER RECALL AUDITOR — SHADOW
==============================================================================================================================
Universe ledger rows loaded: 15087
Symbols with ledger history: 756
Audit rows: 95
Supabase rows upserted: 95

SYMBOL               MOVE    THR              QUAL         STAGE  REASON
------------------------------------------------------------------------------------------------------------------------------
GPSUSDT           +37.81%     5%FORWARD_24H_COMPLETE     DISCOVERY  SELECTED_WITHOUT_LIFECYCLE_EPISODE
GPSUSDT           +37.81%    10%FORWARD_24H_COMPLETE     SELECTION  ELIGIBLE_NOT_DEEP_SCANNED
GPSUSDT           +37.81%    20%FORWARD_24H_COMPLETE     DISCOVERY  SELECTED_WITHOUT_LIFECYCLE_EPISODE
HUSDT             -35.38%     5%FORWARD_24H_COMPLETE     DISCOVERY  SELECTED_WITHOUT_LIFECYCLE_EPISODE
HUSDT             -35.38%    10%FORWARD_24H_COMPLETE     DISCOVERY  SELECTED_WITHOUT_LIFECYCLE_EPISODE
HUSDT             -35.38%    20%FORWARD_24H_COMPLETE     DISCOVERY  SELECTED_WITHOUT_LIFECYCLE_EPISODE
BEATUSDT          -28.14%     5%FORWARD_24H_COMPLETE     DISCOVERY  SELECTED_WITHOUT_LIFECYCLE_EPISODE
BEATUSDT          -28.14%    10%FORWARD_24H_COMPLETE     DISCOVERY  SELECTED_WITHOUT_LIFECYCLE_EPISODE
BEATUSDT          -28.14%    20%FORWARD_24H_COMPLETE     DISCOVERY  SELECTED_WITHOUT_LIFECYCLE_EPISODE
VELVETUSDT        -26.79%     5%FORWARD_24H_COMPLETE     DIRECTION  WRONG_DIRECTION
VELVETUSDT        -26.79%    10%FORWARD_24H_COMPLETE     DIRECTION  WRONG_DIRECTION
VELVETUSDT        -26.79%    20%FORWARD_24H_COMPLETE     DIRECTION  WRONG_DIRECTION
CYSUSDT           -26.55%     5%FORWARD_24H_COMPLETE     EXECUTION  RR_BELOW_5_AT_CONFIRMATION
CYSUSDT           -26.55%    10%FORWARD_24H_COMPLETE     EXECUTION  RR_BELOW_5_AT_CONFIRMATION
CYSUSDT           -26.55%    20%FORWARD_24H_COMPLETE     EXECUTION  RR_BELOW_5_AT_CONFIRMATION
QUSDT             -18.80%     5%FORWARD_24H_COMPLETE     DISCOVERY  SELECTED_WITHOUT_LIFECYCLE_EPISODE
QUSDT             -18.80%    10%FORWARD_24H_COMPLETE     DISCOVERY  SELECTED_WITHOUT_LIFECYCLE_EPISODE
TAGUSDT           +18.42%     5%FORWARD_24H_COMPLETE     DISCOVERY  SELECTED_WITHOUT_LIFECYCLE_EPISODE
TAGUSDT           +18.42%    10%FORWARD_24H_COMPLETE     DISCOVERY  SELECTED_WITHOUT_LIFECYCLE_EPISODE
XPINUSDT          -17.68%     5%FORWARD_24H_COMPLETE     SELECTION  ELIGIBLE_NOT_DEEP_SCANNED
XPINUSDT          -17.68%    10%FORWARD_24H_COMPLETE     SELECTION  ELIGIBLE_NOT_DEEP_SCANNED
ACEUSDT           +15.56%     5%FORWARD_24H_COMPLETE     DIRECTION  WRONG_DIRECTION
ACEUSDT           +15.56%    10%FORWARD_24H_COMPLETE     DIRECTION  WRONG_DIRECTION
ONGUSDT           +14.01%     5%FORWARD_24H_COMPLETE     DISCOVERY  SELECTED_WITHOUT_LIFECYCLE_EPISODE
ONGUSDT           +14.01%    10%FORWARD_24H_COMPLETE     DISCOVERY  SELECTED_WITHOUT_LIFECYCLE_EPISODE
TUTUSDT           +13.98%     5%FORWARD_24H_COMPLETE     DISCOVERY  SELECTED_WITHOUT_LIFECYCLE_EPISODE
TUTUSDT           +13.98%    10%FORWARD_24H_COMPLETE     DISCOVERY  SELECTED_WITHOUT_LIFECYCLE_EPISODE
KIOXIAUSDT        +13.43%     5%FORWARD_24H_COMPLETE     PREFILTER  NOT_ELIGIBLE_BEFORE_EXPANSION
KIOXIAUSDT        +13.43%    10%FORWARD_24H_COMPLETE     PREFILTER  NOT_ELIGIBLE_BEFORE_EXPANSION
DIAUSDT           +13.09%     5%FORWARD_24H_COMPLETE     SELECTION  ELIGIBLE_NOT_DEEP_SCANNED
DIAUSDT           +13.09%    10%FORWARD_24H_COMPLETE     SELECTION  ELIGIBLE_NOT_DEEP_SCANNED
RAREUSDT          +11.93%     5%FORWARD_24H_COMPLETE     SELECTION  ELIGIBLE_NOT_DEEP_SCANNED
RAREUSDT          +11.93%    10%FORWARD_24H_COMPLETE     SELECTION  ELIGIBLE_NOT_DEEP_SCANNED
HOMEUSDT          -11.42%     5%FORWARD_24H_COMPLETE     DISCOVERY  SELECTED_WITHOUT_LIFECYCLE_EPISODE
HOMEUSDT          -11.42%    10%FORWARD_24H_COMPLETE     DISCOVERY  SELECTED_WITHOUT_LIFECYCLE_EPISODE
DOLOUSDT          -10.94%     5%FORWARD_24H_COMPLETE     DISCOVERY  SELECTED_WITHOUT_LIFECYCLE_EPISODE
DOLOUSDT          -10.94%    10%FORWARD_24H_COMPLETE     DISCOVERY  SELECTED_WITHOUT_LIFECYCLE_EPISODE
ACUUSDT           -10.92%     5%FORWARD_24H_COMPLETE     DIRECTION  WRONG_DIRECTION
ACUUSDT           -10.92%    10%FORWARD_24H_COMPLETE     DIRECTION  WRONG_DIRECTION
BOMEUSDT          -10.09%     5%FORWARD_24H_COMPLETE     DISCOVERY  SELECTED_WITHOUT_LIFECYCLE_EPISODE

Forward 24H complete audits: 95
Partial-history audits: 0

IMPORTANT: PARTIAL_HISTORY rows are evidence collection only.
Do not tune Alpha Hunter from partial-history failure labels.
No trade permission was generated.

V7.9 MISSED-MOVER RECALL AUDITOR: PASS
