
ALPHA HUNTER V7.1 — 2026-08-17T07:02:14.821459+00:00

Universe: 30 deep-scanned of 755 contracts
Eligible after prefilter: 300
Non-crypto rejected: 286

SYMBOL                  PHASE    TIME   BEHAV                     STATE      RR   DISC  TRADE
---------------------------------------------------------------------------------------------
GPSUSDT             EXPANSION    LATE    6.80   DIRECTION_EMERGING_LONG    0.14     NO     NO
CYSUSDT             EXPANSION    FAIR    5.56  DIRECTION_EMERGING_SHORT    0.01     NO     NO
ONGUSDT             EXPANSION    LATE    5.46                WATCH_LONG       —     NO     NO
CHIPUSDT         ACCUMULATION    LATE    5.45   DIRECTION_EMERGING_LONG    0.18    YES     NO
NXPCUSDT       DISTRIBUTION_RISK    FAIR    5.44   DIRECTION_EMERGING_LONG    0.08     NO     NO
BEATUSDT            EXPANSION    FAIR    5.38  DIRECTION_EMERGING_SHORT    0.02     NO     NO
NILUSDT          ACCUMULATION    FAIR    5.24   DIRECTION_EMERGING_LONG    0.38    YES     NO
SKYAIUSDT        ACCUMULATION    FAIR    4.37                   NEUTRAL       —     NO     NO
BASEDUSDT        ACCUMULATION    FAIR    4.11                   NEUTRAL       —     NO     NO
ACEUSDT          ACCUMULATION   EARLY    4.09                   NEUTRAL       —     NO     NO
ZECUSDT        DISTRIBUTION_RISK   EARLY    4.04   DIRECTION_EMERGING_LONG    0.14     NO     NO
APRUSDT             EXPANSION    LATE    3.89                   NEUTRAL       —     NO     NO
PIXELUSDT        ACCUMULATION    FAIR    3.77                   NEUTRAL       —     NO     NO
COWUSDT          ACCUMULATION    FAIR    3.75                   NEUTRAL       —     NO     NO
STBLUSDT         ACCUMULATION    FAIR    3.64   DIRECTION_EMERGING_LONG    0.03     NO     NO
LINKUSDT          COMPRESSION   EARLY    3.60                   NEUTRAL       —     NO     NO
DOSUSDT             BREAKDOWN    FAIR    3.53  DIRECTION_EMERGING_SHORT    0.06     NO     NO
DIAUSDT        DISTRIBUTION_RISK    FAIR    3.52   DIRECTION_EMERGING_LONG    0.01     NO     NO
ETHUSDT          ACCUMULATION   EARLY    3.03   DIRECTION_EMERGING_LONG    0.21     NO     NO
HYPEUSDT         ACCUMULATION   EARLY    2.93   DIRECTION_EMERGING_LONG    0.06     NO     NO
AIOUSDT             EXPANSION    LATE    2.93                   NEUTRAL       —     NO     NO
4USDT            ACCUMULATION   EARLY    2.92                   NEUTRAL       —     NO     NO
BNBUSDT          ACCUMULATION   EARLY    2.85                   NEUTRAL       —     NO     NO
PEPEUSDT         ACCUMULATION   EARLY    2.77                   NEUTRAL       —     NO     NO
SUIUSDT              RECOVERY   EARLY    2.65                WATCH_LONG       —     NO     NO
ADAUSDT              RECOVERY   EARLY    2.49                WATCH_LONG       —     NO     NO
DOGEUSDT             RECOVERY   EARLY    2.47                WATCH_LONG       —     NO     NO
BTCUSDT              RECOVERY   EARLY    2.33                WATCH_LONG       —     NO     NO
XRPUSDT              RECOVERY   EARLY    1.95                WATCH_LONG       —     NO     NO
SOLUSDT              RECOVERY   EARLY    1.77                WATCH_LONG       —     NO     NO

V7.4 PRE-MOVE SURVEILLANCE
Eligible: 5 | Primary: 5 | Reserve: 0

PRIMARY
 1 PIXELUSDT      REVERSAL       13.86 state=NEUTRAL
 2 BASEDUSDT      REVERSAL       12.60 state=NEUTRAL
 3 CHIPUSDT       CONTINUATION   11.81 state=DIRECTION_EMERGING_LONG
 4 AIOUSDT        REVERSAL        9.70 state=NEUTRAL
 5 LINKUSDT       REVERSAL        9.68 state=NEUTRAL

Run ID: 9294510a7ed406b593a925968d539de4
Snapshot saved: /home/runner/work/Alpha-Hunter/Alpha-Hunter/data/snapshots/snapshot-20260817T070214Z.json
State history: /home/runner/work/Alpha-Hunter/Alpha-Hunter/data/state-history.jsonl
Supabase: SAVED
Qualified discovery candidates: 2
EARLY candidates: 0
V7 Trade Ready: 0
Bitget private API: NOT_CONFIGURED
