V7.5 state restored from Supabase: 85

ALPHA HUNTER V7.5 OPPORTUNITY LIFECYCLE
Run ID: 9294510a7ed406b593a925968d539de4
Timestamp: 2026-08-17T07:02:14.821459+00:00
Lifecycle candidates: 5

NEW    CHIPUSDT       CONTINUATION  state=DIRECTION_EMERGING   det=1   v74=11.81 rank=3 shadow= 0.00 provisional=ACTIVE final=PENDING
UPDATE BASEDUSDT      REVERSAL      state=PRE_MOVE_DETECTED    det=2   v74=11.54 rank=2 shadow=11.90 provisional=ACTIVE final=PENDING
NEW    PIXELUSDT      REVERSAL      state=PRE_MOVE_DETECTED    det=1   v74=13.86 rank=1 shadow= 8.14 provisional=ACTIVE final=PENDING
UPDATE LINKUSDT       REVERSAL      state=PRE_MOVE_DETECTED    det=2   v74= 9.65 rank=4 shadow= 5.96 provisional=ACTIVE final=PENDING
NEW    AIOUSDT        REVERSAL      state=PRE_MOVE_DETECTED    det=1   v74= 9.70 rank=4 shadow= 8.47 provisional=ACTIVE final=PENDING

Supabase lifecycle rows upserted: 88
Supabase lifecycle row count: 88

====================================================================================================
V7.5 LIFECYCLE SUMMARY
====================================================================================================
Episodes stored: 88
Created this run: 3
Updated this run: 2
Active episodes: 88

STATE COUNTS
DIRECTION_EMERGING       9
EXPANSION                8
FINALIZED                21
PRE_MOVE_DETECTED        50

State file: /home/runner/work/Alpha-Hunter/Alpha-Hunter/data/v75-lifecycle-episodes.json
History file: /home/runner/work/Alpha-Hunter/Alpha-Hunter/data/v75-lifecycle-history.jsonl

V7.5 LIFECYCLE JOB: PASS
