
==============================================================================================================
ALPHA HUNTER V7.5 INDEPENDENT EPISODE MARKET TRACKER
==============================================================================================================
Episodes stored: 88
Active episodes: 67

ADAUSDT        REVERSAL      now=  -10.42% UP=    0.00% DOWN=  -11.79% 3=Y 5=Y 10=Y checks=45
DOGEUSDT       CONTINUATION  now=   -0.38% UP=    0.00% DOWN=   -2.32% 3=- 5=- 10=- checks=45
SKYAIUSDT      REVERSAL      now=  -29.98% UP=    0.00% DOWN=  -42.50% 3=Y 5=Y 10=Y checks=45
SOLUSDT        CONTINUATION  now=   -1.85% UP=    0.00% DOWN=   -4.13% 3=Y 5=- 10=- checks=45
SUIUSDT        CONTINUATION  now=   -3.26% UP=    0.00% DOWN=   -5.00% 3=Y 5=- 10=- checks=45
COOKIEUSDT     CONTINUATION  now=   -9.87% UP=    0.00% DOWN=  -15.46% 3=Y 5=Y 10=Y checks=45
BTWUSDT        CONTINUATION  now=   76.33% UP=  113.81% DOWN=    0.00% 3=Y 5=Y 10=Y checks=45
CYSUSDT        CONTINUATION  now=  -40.93% UP=   78.38% DOWN=  -41.04% 3=Y 5=Y 10=Y checks=45
GWEIUSDT       REVERSAL      now=    2.98% UP=   17.67% DOWN=    0.00% 3=Y 5=Y 10=Y checks=45
BICOUSDT       REVERSAL      now=  -52.71% UP=    0.00% DOWN=  -58.94% 3=Y 5=Y 10=Y checks=45
SUIUSDT        CONTINUATION  now=   -2.10% UP=    0.00% DOWN=   -3.86% 3=Y 5=- 10=- checks=45
MMTUSDT        REVERSAL      now=  -12.24% UP=    0.00% DOWN=  -14.74% 3=Y 5=Y 10=Y checks=45
IOTXUSDT       REVERSAL      now=   -8.42% UP=    0.00% DOWN=  -10.53% 3=Y 5=Y 10=Y checks=45
FORMUSDT       REVERSAL      now=   -4.93% UP=    0.00% DOWN=   -7.88% 3=Y 5=Y 10=- checks=45
JTOUSDT        REVERSAL      now=   10.26% UP=   11.45% DOWN=    0.00% 3=Y 5=Y 10=Y checks=45
4USDT          REVERSAL      now=  -15.28% UP=    0.00% DOWN=  -22.21% 3=Y 5=Y 10=Y checks=45
MUBARAKUSDT    REVERSAL      now=   -9.22% UP=    0.00% DOWN=  -24.10% 3=Y 5=Y 10=Y checks=45
PUMPUSDT       REVERSAL      now=    5.08% UP=    5.08% DOWN=   -6.03% 3=Y 5=Y 10=- checks=45
HYPEUSDT       REVERSAL      now=    5.34% UP=    5.62% DOWN=   -0.62% 3=Y 5=Y 10=- checks=45
ACUUSDT        REVERSAL      now=  -10.77% UP=   16.62% DOWN=  -11.06% 3=Y 5=Y 10=Y checks=45
BTWUSDT        CONTINUATION  now=   18.17% UP=   43.38% DOWN=  -10.16% 3=Y 5=Y 10=Y checks=45
AEONUSDT       CONTINUATION  now=    8.81% UP=   28.62% DOWN=   -6.91% 3=Y 5=Y 10=Y checks=45
PUMPUSDT       REVERSAL      now=    7.12% UP=    7.12% DOWN=   -4.21% 3=Y 5=Y 10=- checks=22
NILUSDT        REVERSAL      now=   13.69% UP=   18.52% DOWN=   -0.41% 3=Y 5=Y 10=Y checks=22
BRUSDT         REVERSAL      now=   -5.30% UP=    3.07% DOWN=  -12.44% 3=Y 5=Y 10=Y checks=22
ALICEUSDT      REVERSAL      now=    4.45% UP=   14.23% DOWN=   -0.79% 3=Y 5=Y 10=Y checks=22
LINKUSDT       CONTINUATION  now=    1.22% UP=    2.16% DOWN=   -0.72% 3=- 5=- 10=- checks=22
WLDUSDT        REVERSAL      now=    3.68% UP=    6.79% DOWN=   -1.61% 3=Y 5=Y 10=- checks=21
VELVETUSDT     REVERSAL      now=   15.34% UP=   31.02% DOWN=   -2.20% 3=Y 5=Y 10=Y checks=21
COWUSDT        REVERSAL      now=  -12.21% UP=    3.39% DOWN=  -13.79% 3=Y 5=Y 10=Y checks=21
CAPUSDT        CONTINUATION  now=    0.28% UP=    6.36% DOWN=   -6.11% 3=Y 5=Y 10=- checks=21
HYPEUSDT       REVERSAL      now=    4.07% UP=    4.34% DOWN=   -0.04% 3=Y 5=- 10=- checks=21
LINKUSDT       REVERSAL      now=    1.29% UP=    2.23% DOWN=   -0.64% 3=- 5=- 10=- checks=20
FOLKSUSDT      REVERSAL      now=   -3.25% UP=    0.93% DOWN=   -4.63% 3=Y 5=- 10=- checks=19
AEONUSDT       CONTINUATION  now=   -4.81% UP=    0.20% DOWN=  -18.55% 3=Y 5=Y 10=Y checks=18
PRLUSDT        CONTINUATION  now=    4.37% UP=   13.09% DOWN=   -0.61% 3=Y 5=Y 10=Y checks=17
WLDUSDT        REVERSAL      now=    4.34% UP=    7.47% DOWN=   -0.98% 3=Y 5=Y 10=- checks=17
HYPEUSDT       CONTINUATION  now=    3.11% UP=    3.37% DOWN=   -0.74% 3=Y 5=- 10=- checks=16
AEONUSDT       REVERSAL      now=   -1.74% UP=    3.37% DOWN=  -15.97% 3=Y 5=Y 10=Y checks=16
WLDUSDT        CONTINUATION  now=    3.89% UP=    7.00% DOWN=   -1.41% 3=Y 5=Y 10=- checks=16
DOLOUSDT       REVERSAL      now=   -4.88% UP=   18.74% DOWN=   -5.09% 3=Y 5=Y 10=Y checks=15
BOMEUSDT       CONTINUATION  now=   -4.46% UP=    0.50% DOWN=   -6.24% 3=Y 5=Y 10=- checks=15
VELVETUSDT     REVERSAL      now=   -0.83% UP=    5.57% DOWN=   -7.37% 3=Y 5=Y 10=- checks=14
BTWUSDT        CONTINUATION  now=   11.79% UP=   35.61% DOWN=   -0.04% 3=Y 5=Y 10=Y checks=13
HUSDT          REVERSAL      now=  -12.76% UP=   16.49% DOWN=  -16.26% 3=Y 5=Y 10=Y checks=13
WLDUSDT        CONTINUATION  now=    3.33% UP=    6.42% DOWN=    0.00% 3=Y 5=Y 10=- checks=12
AEONUSDT       REVERSAL      now=    7.84% UP=    9.32% DOWN=   -7.78% 3=Y 5=Y 10=- checks=11
ROBOUSDT       REVERSAL      now=   -6.30% UP=    4.11% DOWN=   -7.03% 3=Y 5=Y 10=- checks=9
LINKUSDT       CONTINUATION  now=    0.34% UP=    1.28% DOWN=   -1.13% 3=- 5=- 10=- checks=7
ONGUSDT        CONTINUATION  now=    6.89% UP=   18.39% DOWN=   -2.88% 3=Y 5=Y 10=Y checks=7
LINKUSDT       REVERSAL      now=    1.08% UP=    2.03% DOWN=   -0.29% 3=- 5=- 10=- checks=6
REDUSDT        REVERSAL      now=   -3.11% UP=    0.00% DOWN=   -3.34% 3=Y 5=- 10=- checks=6
PRLUSDT        CONTINUATION  now=    0.18% UP=    5.86% DOWN=   -3.30% 3=Y 5=Y 10=- checks=6
REDUSDT        REVERSAL      now=   -3.11% UP=    0.00% DOWN=   -3.34% 3=Y 5=- 10=- checks=6
PRLUSDT        CONTINUATION  now=    0.18% UP=    5.86% DOWN=   -3.30% 3=Y 5=Y 10=- checks=6
LINKUSDT       REVERSAL      now=    1.08% UP=    2.03% DOWN=   -0.29% 3=- 5=- 10=- checks=6
AIOUSDT        CONTINUATION  now=   -4.82% UP=    5.03% DOWN=  -10.17% 3=Y 5=Y 10=Y checks=4
NILUSDT        CONTINUATION  now=    0.54% UP=    4.46% DOWN=   -3.50% 3=Y 5=- 10=- checks=4
HUSDT          REVERSAL      now=  -22.44% UP=    3.58% DOWN=  -25.45% 3=Y 5=Y 10=Y checks=4
VELVETUSDT     CONTINUATION  now=    2.02% UP=    3.94% DOWN=   -4.73% 3=Y 5=- 10=- checks=3
LINKUSDT       REVERSAL      now=    0.42% UP=    0.53% DOWN=   -0.32% 3=- 5=- 10=- checks=2
AEONUSDT       REVERSAL      now=    4.23% UP=    4.33% DOWN=   -1.36% 3=Y 5=- 10=- checks=2
BASEDUSDT      REVERSAL      now=    0.70% UP=    0.84% DOWN=   -0.32% 3=- 5=- 10=- checks=2
NILUSDT        REVERSAL      now=    3.69% UP=    3.79% DOWN=   -0.48% 3=Y 5=- 10=- checks=2
CHIPUSDT       CONTINUATION  now=    1.19% UP=    1.19% DOWN=    0.00% 3=- 5=- 10=- checks=1
PIXELUSDT      REVERSAL      now=   -0.06% UP=    0.00% DOWN=   -0.06% 3=- 5=- 10=- checks=1
AIOUSDT        REVERSAL      now=   -0.03% UP=    0.00% DOWN=   -0.03% 3=- 5=- 10=- checks=1

==============================================================================================================
TRACKER SUMMARY
==============================================================================================================
Checked: 67
Failed: 0
Supabase rows upserted: 88
3% episodes: 73
5% episodes: 59
10% episodes: 39

V7.5 EPISODE MARKET TRACKER: PASS
