
======================================================================================================================
ALPHA HUNTER V7.6 POST-CONFIRMATION OUTCOME TRACKER — SHADOW
======================================================================================================================
Confirmed outcome rows: 53
Created this run: 1

ALICEUSDT      LONG   quality=FORWARD_COMPLETE now=   3.69% MFE=  12.97% MAE=  -1.49% lost=Y done=-
CAPUSDT        LONG   quality=FORWARD_COMPLETE now=   2.11% MFE=   8.29% MAE=  -4.41% lost=Y done=-
VELVETUSDT     SHORT  quality=FORWARD_COMPLETE now=  -2.93% MFE=   3.72% MAE=  -5.03% lost=Y done=-
VELVETUSDT     LONG   quality=FORWARD_COMPLETE now=  -3.12% MFE=   0.51% MAE=  -9.38% lost=Y done=-
FOLKSUSDT      SHORT  quality=FORWARD_COMPLETE now=   2.22% MFE=   3.62% MAE=  -0.55% lost=Y done=-
AEONUSDT       SHORT  quality=FORWARD_COMPLETE now=   2.33% MFE=  16.26% MAE=  -3.02% lost=Y done=-
COWUSDT        SHORT  quality=FORWARD_COMPLETE now=   8.40% MFE=   9.88% MAE=  -4.78% lost=Y done=-
NILUSDT        LONG   quality=FORWARD_COMPLETE now=   6.02% MFE=  10.13% MAE=  -4.77% lost=Y done=-
AEONUSDT       SHORT  quality=FORWARD_COMPLETE now=  -7.32% MFE=   7.83% MAE=  -9.26% lost=Y done=-
DOLOUSDT       LONG   quality=FORWARD_COMPLETE now= -11.05% MFE=  11.33% MAE= -11.05% lost=Y done=-
HYPEUSDT       LONG   quality=FORWARD_COMPLETE now=   2.98% MFE=   3.31% MAE=  -0.80% lost=Y done=-
VELVETUSDT     LONG   quality=FORWARD_COMPLETE now= -10.29% MFE=   3.52% MAE= -15.91% lost=Y done=-
PUMPUSDT       SHORT  quality=FORWARD_COMPLETE now=  -8.40% MFE=   3.13% MAE=  -8.69% lost=Y done=-
BTWUSDT        LONG   quality=FORWARD_COMPLETE now=   7.67% MFE=  30.90% MAE=  -1.19% lost=Y done=-
BRUSDT         SHORT  quality=FORWARD_COMPLETE now=  -0.36% MFE=   7.06% MAE=  -9.40% lost=Y done=-
WLDUSDT        LONG   quality=FORWARD_COMPLETE now=   0.00% MFE=   3.14% MAE=  -2.31% lost=Y done=-
HYPEUSDT       LONG   quality=FORWARD_COMPLETE now=   2.39% MFE=   2.72% MAE=  -1.27% lost=Y done=-
AEONUSDT       SHORT  quality=FORWARD_COMPLETE now= -11.57% MFE=   4.19% MAE= -13.58% lost=Y done=-
ROBOUSDT       LONG   quality=FORWARD_COMPLETE now=  -9.31% MFE=   0.00% MAE= -10.01% lost=Y done=-
WLDUSDT        LONG   quality=FORWARD_COMPLETE now=   0.06% MFE=   3.20% MAE=  -2.25% lost=Y done=-
BOMEUSDT       SHORT  quality=FORWARD_COMPLETE now=   1.07% MFE=   2.39% MAE=  -2.54% lost=Y done=-
HUSDT          SHORT  quality=FORWARD_COMPLETE now=  18.54% MFE=  22.25% MAE=  -8.16% lost=Y done=-
PRLUSDT        LONG   quality=FORWARD_COMPLETE now=  -3.83% MFE=   4.15% MAE=  -6.95% lost=Y done=-
WLDUSDT        LONG   quality=FORWARD_COMPLETE now=   0.06% MFE=   3.20% MAE=  -2.25% lost=Y done=-
WLDUSDT        LONG   quality=FORWARD_COMPLETE now=   0.00% MFE=   3.14% MAE=  -2.31% lost=Y done=-
ONGUSDT        LONG   quality=FORWARD_COMPLETE now=  -3.56% MFE=   1.77% MAE=  -5.93% lost=Y done=-
REDUSDT        SHORT  quality=FORWARD_COMPLETE now=   1.86% MFE=   2.10% MAE=  -0.12% lost=- done=-
REDUSDT        SHORT  quality=FORWARD_COMPLETE now=   1.86% MFE=   2.10% MAE=  -0.12% lost=- done=-
PRLUSDT        LONG   quality=FORWARD_COMPLETE now=  -5.01% MFE=   0.29% MAE=  -7.28% lost=- done=-
PRLUSDT        LONG   quality=FORWARD_COMPLETE now=  -5.01% MFE=   0.29% MAE=  -7.28% lost=- done=-
NILUSDT        LONG   quality=FORWARD_COMPLETE now=  -2.27% MFE=   0.72% MAE=  -6.21% lost=Y done=-
AIOUSDT        LONG   quality=FORWARD_COMPLETE now=  -9.08% MFE=   0.46% MAE= -13.65% lost=Y done=-
HUSDT          SHORT  quality=FORWARD_COMPLETE now=   0.10% MFE=   0.10% MAE=   0.00% lost=- done=-

======================================================================================================================
POST-CONFIRMATION TRACKER SUMMARY
======================================================================================================================
Outcome rows: 53
Created this run: 1
Tracked this run: 33
Failed: 0
Supabase rows upserted: 53
Forward complete: 53
Completed 24H: 20

IMPORTANT: OUTCOME TRACKER IS MEASUREMENT ONLY.
No trade permission was generated.

V7.6 POST-CONFIRMATION OUTCOME TRACKER: PASS
