
======================================================================================================================
ALPHA HUNTER V7.7 HUGE-RR EXECUTION FEASIBILITY — SHADOW
======================================================================================================================
Confirmed direction states: 53

SKIP   ACEUSDT        insufficient closed history at confirmation
SKIP   ALICEUSDT      insufficient closed history at confirmation
SKIP   ALICEUSDT      insufficient closed history at confirmation
SKIP   HYPEUSDT       insufficient closed history at confirmation
SKIP   VELVETUSDT     insufficient closed history at confirmation
SKIP   VELVETUSDT     insufficient closed history at confirmation
SKIP   WLDUSDT        insufficient closed history at confirmation
SKIP   WLDUSDT        insufficient closed history at confirmation
SKIP   BRUSDT         insufficient closed history at confirmation
SKIP   CYSUSDT        insufficient closed history at confirmation
SKIP   ACUUSDT        insufficient closed history at confirmation
SKIP   AVNTUSDT       insufficient closed history at confirmation
SKIP   AVAXUSDT       insufficient closed history at confirmation
SKIP   ROBOUSDT       insufficient closed history at confirmation
SKIP   CAPUSDT        insufficient closed history at confirmation
SKIP   CAPUSDT        insufficient closed history at confirmation
SKIP   CAPUSDT        insufficient closed history at confirmation
SKIP   CAPUSDT        insufficient closed history at confirmation
SKIP   PUMPUSDT       insufficient closed history at confirmation
SKIP   WLFIUSDT       insufficient closed history at confirmation
ALICEUSDT      LONG    entry=0.1272       stop=0.12160413   risk=  4.40% structRR=0.09   status=STRUCTURE_RR_LT_3
CAPUSDT        LONG    entry=0.06717      stop=0.065464789  risk=  2.54% structRR=1.61   status=STRUCTURE_RR_LT_3
BRUSDT         SHORT   entry=0.19607      stop=0.21351398   risk=  8.90% structRR=—      status=NO_STRUCTURAL_TARGET
HYPEUSDT       LONG    entry=57.488       stop=56.720632    risk=  1.33% structRR=0.06   status=STRUCTURE_RR_LT_3
NILUSDT        LONG    entry=0.04718      stop=0.043404567  risk=  8.00% structRR=0.02   status=STRUCTURE_RR_LT_3
VELVETUSDT     LONG    entry=1.12535      stop=0.85209953   risk= 24.28% structRR=—      status=NO_STRUCTURAL_TARGET
COWUSDT        SHORT   entry=0.1214       stop=0.13190085   risk=  8.65% structRR=0.10   status=STRUCTURE_RR_LT_3
PUMPUSDT       SHORT   entry=0.002749     stop=0.0027917269 risk=  1.55% structRR=0.23   status=STRUCTURE_RR_LT_3
AEONUSDT       SHORT   entry=0.07952      stop=0.085605667  risk=  7.65% structRR=0.50   status=STRUCTURE_RR_LT_3
FOLKSUSDT      SHORT   entry=1.8875       stop=1.9287192    risk=  2.18% structRR=0.28   status=STRUCTURE_RR_LT_3
PRLUSDT        LONG    entry=0.4099       stop=0.37050752   risk=  9.61% structRR=—      status=NO_STRUCTURAL_TARGET
AEONUSDT       SHORT   entry=0.07225      stop=0.082434861  risk= 14.10% structRR=0.11   status=STRUCTURE_RR_LT_3
DOLOUSDT       LONG    entry=0.02515      stop=0.022745819  risk=  9.56% structRR=0.51   status=STRUCTURE_RR_LT_3
BTWUSDT        LONG    entry=0.33617      stop=0.30900564   risk=  8.08% structRR=0.73   status=STRUCTURE_RR_LT_3
HUSDT          SHORT   entry=0.13457      stop=0.16210265   risk= 20.46% structRR=1.23   status=STRUCTURE_RR_LT_3
HYPEUSDT       LONG    entry=57.817       stop=56.994353    risk=  1.42% structRR=—      status=NO_STRUCTURAL_TARGET
WLDUSDT        LONG    entry=0.3597       stop=0.34223891   risk=  4.85% structRR=0.01   status=STRUCTURE_RR_LT_3
WLDUSDT        LONG    entry=0.3597       stop=0.34223891   risk=  4.85% structRR=0.01   status=STRUCTURE_RR_LT_3
WLDUSDT        LONG    entry=0.3599       stop=0.34223891   risk=  4.91% structRR=—      status=NO_STRUCTURAL_TARGET
WLDUSDT        LONG    entry=0.3599       stop=0.34223891   risk=  4.91% structRR=—      status=NO_STRUCTURAL_TARGET
AEONUSDT       SHORT   entry=0.0695       stop=0.074119159  risk=  6.65% structRR=0.20   status=STRUCTURE_RR_LT_3
BOMEUSDT       SHORT   entry=0.0008301    stop=0.00084428482 risk=  1.71% structRR=1.02   status=STRUCTURE_RR_LT_3
ROBOUSDT       LONG    entry=0.01558      stop=0.014781389  risk=  5.13% structRR=0.48   status=STRUCTURE_RR_LT_3
VELVETUSDT     LONG    entry=1.04423      stop=1.0181754    risk=  2.50% structRR=1.32   status=STRUCTURE_RR_LT_3
ONGUSDT        LONG    entry=0.06004      stop=0.052641087  risk= 12.32% structRR=0.55   status=STRUCTURE_RR_LT_3
REDUSDT        SHORT   entry=0.0858       stop=0.086874285  risk=  1.25% structRR=0.19   status=STRUCTURE_RR_LT_3
REDUSDT        SHORT   entry=0.0858       stop=0.086874285  risk=  1.25% structRR=0.19   status=STRUCTURE_RR_LT_3
AIOUSDT        LONG    entry=0.07419      stop=0.068180562  risk=  8.10% structRR=0.04   status=STRUCTURE_RR_LT_3
NILUSDT        LONG    entry=0.05118      stop=0.048481985  risk=  5.27% structRR=0.29   status=STRUCTURE_RR_LT_3
PRLUSDT        LONG    entry=0.415        stop=0.3792052    risk=  8.63% structRR=0.07   status=STRUCTURE_RR_LT_3
PRLUSDT        LONG    entry=0.415        stop=0.3792052    risk=  8.63% structRR=0.07   status=STRUCTURE_RR_LT_3
VELVETUSDT     SHORT   entry=0.98289      stop=1.03718      risk=  5.52% structRR=0.12   status=STRUCTURE_RR_LT_3
HUSDT          SHORT   entry=0.10964      stop=0.14290933   risk= 30.34% structRR=0.15   status=STRUCTURE_RR_LT_3

======================================================================================================================
V7.7 EXECUTION SHADOW SUMMARY
======================================================================================================================
Confirmed direction states: 53
Execution snapshots: 33
Skipped: 20
Failures: 0
Supabase rows upserted: 33
Structure >=1:3: 0
Structure >=1:5: 0
Structure >=1:10: 0

IMPORTANT: V7.7 IS EXECUTION FEASIBILITY SHADOW ONLY.
3% / 5% / 10% are scenarios, not predicted targets.
No trade permission was generated.

V7.7 EXECUTION FEASIBILITY: PASS
